[0.229s] Invoking command in '/workspace/jazzy_ws/build/rclpy': AMENT_PREFIX_PATH=/workspace/jazzy_ws/install CMAKE_PREFIX_PATH=/workspace/jazzy_ws/install LD_LIBRARY_PATH=/workspace/jazzy_ws/install/lib:/workspace/jazzy_ws/install/opt/libyaml_vendor/lib:/workspace/jazzy_ws/install/opt/spdlog_vendor/lib:/workspace/jazzy_ws/install/opt/mimick_vendor/lib PATH=/workspace/jazzy_ws/install/bin:/workspace/jazzy_ws/install/opt/uncrustify_vendor/bin:${PATH} PKG_CONFIG_PATH=/workspace/jazzy_ws/install/lib/x86_64-linux-gnu/pkgconfig:/workspace/jazzy_ws/install/lib/pkgconfig PYTHONPATH=/workspace/jazzy_ws/install/lib/python3.12/site-packages /usr/bin/cmake /workspace/jazzy_ws/src/rclpy -DCMAKE_INSTALL_PREFIX=/workspace/jazzy_ws/install
[0.259s] -- The C compiler identification is GNU 13.3.0
[0.291s] -- The CXX compiler identification is GNU 13.3.0
[0.299s] -- Detecting C compiler ABI info
[0.343s] -- Detecting C compiler ABI info - done
[0.349s] -- Check for working C compiler: /usr/bin/cc - skipped
[0.349s] -- Detecting C compile features
[0.349s] -- Detecting C compile features - done
[0.355s] -- Detecting CXX compiler ABI info
[0.406s] -- Detecting CXX compiler ABI info - done
[0.412s] -- Check for working CXX compiler: /usr/bin/c++ - skipped
[0.412s] -- Detecting CXX compile features
[0.412s] -- Detecting CXX compile features - done
[0.413s] -- Found ament_cmake: 2.5.5 (/workspace/jazzy_ws/install/share/ament_cmake/cmake)
[0.480s] -- Found Python3: /usr/bin/python3 (found version "3.12.3") found components: Interpreter 
[0.532s] -- Found lifecycle_msgs: 2.0.3 (/workspace/jazzy_ws/install/share/lifecycle_msgs/cmake)
[0.549s] -- Found rosidl_generator_c: 4.6.7 (/workspace/jazzy_ws/install/share/rosidl_generator_c/cmake)
[0.555s] -- Found rosidl_generator_cpp: 4.6.7 (/workspace/jazzy_ws/install/share/rosidl_generator_cpp/cmake)
[0.563s] -- Using all available rosidl_typesupport_c: rosidl_typesupport_fastrtps_c;rosidl_typesupport_introspection_c
[0.572s] -- Using all available rosidl_typesupport_cpp: rosidl_typesupport_fastrtps_cpp;rosidl_typesupport_introspection_cpp
[0.600s] -- Found rcl: 9.2.9 (/workspace/jazzy_ws/install/share/rcl/cmake)
[0.617s] -- Found rmw_implementation_cmake: 7.3.3 (/workspace/jazzy_ws/install/share/rmw_implementation_cmake/cmake)
[0.618s] -- Found rmw_fastrtps_cpp: 8.4.3 (/workspace/jazzy_ws/install/share/rmw_fastrtps_cpp/cmake)
[0.651s] -- Found OpenSSL: /usr/lib/x86_64-linux-gnu/libcrypto.so (found version "3.0.13")  
[0.659s] -- Found FastRTPS: /workspace/jazzy_ws/install/include (Required is at least version "2.13") 
[0.671s] -- Using RMW implementation 'rmw_fastrtps_cpp' as default
[0.682s] -- Found rcl_action: 9.2.9 (/workspace/jazzy_ws/install/share/rcl_action/cmake)
[0.702s] -- Found rcl_lifecycle: 9.2.9 (/workspace/jazzy_ws/install/share/rcl_lifecycle/cmake)
[0.833s] -- Found Python3: /usr/bin/python3 (found version "3.12.3") found components: Interpreter Development Development.Module Development.Embed 
[0.834s] -- Found pybind11_vendor: 3.1.3 (/workspace/jazzy_ws/install/share/pybind11_vendor/cmake)
[0.859s] -- Performing Test HAS_FLTO_AUTO
[0.938s] -- Performing Test HAS_FLTO_AUTO - Success
[0.938s] -- Found pybind11: /usr/local/include (found version "3.0.1")
[1.007s] -- Found ament_lint_auto: 0.17.4 (/workspace/jazzy_ws/install/share/ament_lint_auto/cmake)
[1.097s] -- Found gtest sources under '/workspace/jazzy_ws/install/src/gtest_vendor': C++ tests using 'Google Test' will be built
[1.099s] -- Performing Test CMAKE_HAVE_LIBC_PTHREAD
[1.146s] -- Performing Test CMAKE_HAVE_LIBC_PTHREAD - Success
[1.147s] -- Found Threads: TRUE  
[5.674s] -- Added test 'copyright' to check source files copyright and LICENSE
[5.679s] -- Added test 'cpplint' to check C / C++ code against the Google style
[5.679s] -- Configured cpplint exclude dirs and/or files: 
[5.680s] -- Added test 'flake8' to check Python code syntax and style conventions
[5.680s] -- Configured 'flake8' exclude dirs and/or files: 
[5.681s] -- Added test 'lint_cmake' to check CMake code style
[5.682s] -- Added test 'pep257' to check Python code against some of the docstring style conventions in PEP 257
[5.687s] -- Added test 'uncrustify' to check C / C++ code style
[5.687s] -- Configured uncrustify additional arguments: 
[5.688s] -- Added test 'xmllint' to check XML markup files
[5.688s] -- Configuring done (5.5s)
[5.698s] -- Generating done (0.0s)
[5.701s] -- Build files have been written to: /workspace/jazzy_ws/build/rclpy
[5.706s] Invoked command in '/workspace/jazzy_ws/build/rclpy' returned '0': AMENT_PREFIX_PATH=/workspace/jazzy_ws/install CMAKE_PREFIX_PATH=/workspace/jazzy_ws/install LD_LIBRARY_PATH=/workspace/jazzy_ws/install/lib:/workspace/jazzy_ws/install/opt/libyaml_vendor/lib:/workspace/jazzy_ws/install/opt/spdlog_vendor/lib:/workspace/jazzy_ws/install/opt/mimick_vendor/lib PATH=/workspace/jazzy_ws/install/bin:/workspace/jazzy_ws/install/opt/uncrustify_vendor/bin:${PATH} PKG_CONFIG_PATH=/workspace/jazzy_ws/install/lib/x86_64-linux-gnu/pkgconfig:/workspace/jazzy_ws/install/lib/pkgconfig PYTHONPATH=/workspace/jazzy_ws/install/lib/python3.12/site-packages /usr/bin/cmake /workspace/jazzy_ws/src/rclpy -DCMAKE_INSTALL_PREFIX=/workspace/jazzy_ws/install
[5.707s] Invoking command in '/workspace/jazzy_ws/build/rclpy': AMENT_PREFIX_PATH=/workspace/jazzy_ws/install CMAKE_PREFIX_PATH=/workspace/jazzy_ws/install LD_LIBRARY_PATH=/workspace/jazzy_ws/install/lib:/workspace/jazzy_ws/install/opt/libyaml_vendor/lib:/workspace/jazzy_ws/install/opt/spdlog_vendor/lib:/workspace/jazzy_ws/install/opt/mimick_vendor/lib PATH=/workspace/jazzy_ws/install/bin:/workspace/jazzy_ws/install/opt/uncrustify_vendor/bin:${PATH} PKG_CONFIG_PATH=/workspace/jazzy_ws/install/lib/x86_64-linux-gnu/pkgconfig:/workspace/jazzy_ws/install/lib/pkgconfig PYTHONPATH=/workspace/jazzy_ws/install/lib/python3.12/site-packages /usr/bin/cmake --build /workspace/jazzy_ws/build/rclpy -- -j24 -l24
[5.734s] [  2%] Building CXX object gtest/CMakeFiles/gtest_main.dir/src/gtest_main.cc.o
[5.734s] [  4%] Building CXX object gtest/CMakeFiles/gtest.dir/src/gtest-all.cc.o
[5.736s] [  6%] Building CXX object CMakeFiles/_rclpy_pybind11.dir/src/rclpy/_rclpy_logging.cpp.o
[5.736s] [  9%] Building CXX object CMakeFiles/_rclpy_pybind11.dir/src/rclpy/_rclpy_pybind11.cpp.o
[5.736s] [ 11%] Building CXX object CMakeFiles/_rclpy_pybind11.dir/src/rclpy/clock.cpp.o
[5.736s] [ 15%] Building CXX object CMakeFiles/_rclpy_pybind11.dir/src/rclpy/client.cpp.o
[5.736s] [ 15%] Building CXX object CMakeFiles/_rclpy_pybind11.dir/src/rclpy/action_server.cpp.o
[5.736s] [ 20%] Building CXX object CMakeFiles/_rclpy_pybind11.dir/src/rclpy/action_goal_handle.cpp.o
[5.736s] [ 20%] Building CXX object CMakeFiles/_rclpy_pybind11.dir/src/rclpy/action_client.cpp.o
[5.738s] [ 22%] Building CXX object CMakeFiles/_rclpy_pybind11.dir/src/rclpy/context.cpp.o
[5.738s] [ 25%] Building CXX object CMakeFiles/_rclpy_pybind11.dir/src/rclpy/destroyable.cpp.o
[5.738s] [ 29%] Building CXX object CMakeFiles/_rclpy_pybind11.dir/src/rclpy/clock_event.cpp.o
[5.738s] [ 29%] Building CXX object CMakeFiles/_rclpy_pybind11.dir/src/rclpy/events_executor/delayed_event_thread.cpp.o
[5.738s] [ 31%] Building CXX object CMakeFiles/_rclpy_pybind11.dir/src/rclpy/duration.cpp.o
[5.739s] [ 34%] Building CXX object CMakeFiles/_rclpy_pybind11.dir/src/rclpy/events_executor/events_executor.cpp.o
[5.740s] [ 38%] Building CXX object CMakeFiles/_rclpy_pybind11.dir/src/rclpy/events_executor/events_queue.cpp.o
[5.740s] [ 38%] Building CXX object CMakeFiles/_rclpy_pybind11.dir/src/rclpy/events_executor/rcl_support.cpp.o
[5.740s] [ 40%] Building CXX object CMakeFiles/_rclpy_pybind11.dir/src/rclpy/events_executor/timers_manager.cpp.o
[5.741s] [ 43%] Building CXX object CMakeFiles/_rclpy_pybind11.dir/src/rclpy/exceptions.cpp.o
[5.742s] [ 43%] Built target ament_cmake_python_copy_rclpy
[5.749s] [ 45%] Building CXX object CMakeFiles/_rclpy_pybind11.dir/src/rclpy/guard_condition.cpp.o
[5.753s] [ 47%] Building CXX object CMakeFiles/_rclpy_pybind11.dir/src/rclpy/graph.cpp.o
[5.879s] running egg_info
[5.895s] creating rclpy.egg-info
[5.895s] writing rclpy.egg-info/PKG-INFO
[5.895s] writing dependency_links to rclpy.egg-info/dependency_links.txt
[5.895s] writing top-level names to rclpy.egg-info/top_level.txt
[5.895s] writing manifest file 'rclpy.egg-info/SOURCES.txt'
[5.895s] [ 50%] Building CXX object CMakeFiles/_rclpy_pybind11.dir/src/rclpy/logging.cpp.o
[5.912s] reading manifest file 'rclpy.egg-info/SOURCES.txt'
[5.913s] writing manifest file 'rclpy.egg-info/SOURCES.txt'
[5.942s] [ 52%] Building CXX object CMakeFiles/_rclpy_pybind11.dir/src/rclpy/names.cpp.o
[5.942s] [ 52%] Built target ament_cmake_python_build_rclpy_egg
[6.009s] [ 54%] Building CXX object CMakeFiles/_rclpy_pybind11.dir/src/rclpy/publisher.cpp.o
[6.340s] [ 56%] Linking CXX static library libgtest_main.a
[6.356s] [ 56%] Built target gtest_main
[7.113s] [ 59%] Building CXX object CMakeFiles/_rclpy_pybind11.dir/src/rclpy/serialization.cpp.o
[7.113s] [ 63%] Building CXX object CMakeFiles/_rclpy_pybind11.dir/src/rclpy/event_handle.cpp.o
[7.113s] [ 63%] Building CXX object CMakeFiles/_rclpy_pybind11.dir/src/rclpy/node.cpp.o
[7.116s] [ 65%] Building CXX object CMakeFiles/_rclpy_pybind11.dir/src/rclpy/lifecycle.cpp.o
[7.116s] [ 68%] Building CXX object CMakeFiles/_rclpy_pybind11.dir/src/rclpy/qos.cpp.o
[7.175s] [ 70%] Building CXX object CMakeFiles/_rclpy_pybind11.dir/src/rclpy/service.cpp.o
[7.195s] [ 72%] Building CXX object CMakeFiles/_rclpy_pybind11.dir/src/rclpy/service_info.cpp.o
[7.220s] [ 75%] Building CXX object CMakeFiles/_rclpy_pybind11.dir/src/rclpy/service_introspection.cpp.o
[7.368s] [ 77%] Building CXX object CMakeFiles/_rclpy_pybind11.dir/src/rclpy/signal_handler.cpp.o
[7.550s] [ 79%] Building CXX object CMakeFiles/_rclpy_pybind11.dir/src/rclpy/subscription.cpp.o
[7.646s] [ 81%] Building CXX object CMakeFiles/_rclpy_pybind11.dir/src/rclpy/time_point.cpp.o
[7.652s] [ 84%] Building CXX object CMakeFiles/_rclpy_pybind11.dir/src/rclpy/timer.cpp.o
[7.845s] [ 86%] Building CXX object CMakeFiles/_rclpy_pybind11.dir/src/rclpy/type_description_service.cpp.o
[7.900s] [ 88%] Building CXX object CMakeFiles/_rclpy_pybind11.dir/src/rclpy/utils.cpp.o
[7.974s] [ 90%] Building CXX object CMakeFiles/_rclpy_pybind11.dir/src/rclpy/wait_set.cpp.o
[8.778s] [ 93%] Linking CXX static library libgtest.a
[8.818s] [ 93%] Built target gtest
[8.831s] [ 95%] Building CXX object CMakeFiles/test_python_allocator.dir/test/test_python_allocator.cpp.o
[10.087s] [ 97%] Linking CXX shared module test_rclpy/_rclpy_pybind11.cpython-312-x86_64-linux-gnu.so
[10.652s] [100%] Linking CXX executable test_python_allocator
[10.729s] [100%] Built target test_python_allocator
[17.080s] [100%] Built target _rclpy_pybind11
[17.085s] Invoked command in '/workspace/jazzy_ws/build/rclpy' returned '0': AMENT_PREFIX_PATH=/workspace/jazzy_ws/install CMAKE_PREFIX_PATH=/workspace/jazzy_ws/install LD_LIBRARY_PATH=/workspace/jazzy_ws/install/lib:/workspace/jazzy_ws/install/opt/libyaml_vendor/lib:/workspace/jazzy_ws/install/opt/spdlog_vendor/lib:/workspace/jazzy_ws/install/opt/mimick_vendor/lib PATH=/workspace/jazzy_ws/install/bin:/workspace/jazzy_ws/install/opt/uncrustify_vendor/bin:${PATH} PKG_CONFIG_PATH=/workspace/jazzy_ws/install/lib/x86_64-linux-gnu/pkgconfig:/workspace/jazzy_ws/install/lib/pkgconfig PYTHONPATH=/workspace/jazzy_ws/install/lib/python3.12/site-packages /usr/bin/cmake --build /workspace/jazzy_ws/build/rclpy -- -j24 -l24
[17.086s] Invoking command in '/workspace/jazzy_ws/build/rclpy': AMENT_PREFIX_PATH=/workspace/jazzy_ws/install CMAKE_PREFIX_PATH=/workspace/jazzy_ws/install LD_LIBRARY_PATH=/workspace/jazzy_ws/install/lib:/workspace/jazzy_ws/install/opt/libyaml_vendor/lib:/workspace/jazzy_ws/install/opt/spdlog_vendor/lib:/workspace/jazzy_ws/install/opt/mimick_vendor/lib PATH=/workspace/jazzy_ws/install/bin:/workspace/jazzy_ws/install/opt/uncrustify_vendor/bin:${PATH} PKG_CONFIG_PATH=/workspace/jazzy_ws/install/lib/x86_64-linux-gnu/pkgconfig:/workspace/jazzy_ws/install/lib/pkgconfig PYTHONPATH=/workspace/jazzy_ws/install/lib/python3.12/site-packages /usr/bin/cmake --install /workspace/jazzy_ws/build/rclpy
[17.090s] -- Install configuration: ""
[17.090s] -- Installing: /workspace/jazzy_ws/install/share/rclpy/environment/pythonpath.sh
[17.090s] -- Installing: /workspace/jazzy_ws/install/share/rclpy/environment/pythonpath.dsv
[17.090s] -- Installing: /workspace/jazzy_ws/install/lib/python3.12/site-packages/rclpy-7.1.10-py3.12.egg-info
[17.090s] -- Installing: /workspace/jazzy_ws/install/lib/python3.12/site-packages/rclpy-7.1.10-py3.12.egg-info/PKG-INFO
[17.090s] -- Installing: /workspace/jazzy_ws/install/lib/python3.12/site-packages/rclpy-7.1.10-py3.12.egg-info/SOURCES.txt
[17.090s] -- Installing: /workspace/jazzy_ws/install/lib/python3.12/site-packages/rclpy-7.1.10-py3.12.egg-info/top_level.txt
[17.091s] -- Installing: /workspace/jazzy_ws/install/lib/python3.12/site-packages/rclpy-7.1.10-py3.12.egg-info/dependency_links.txt
[17.091s] -- Installing: /workspace/jazzy_ws/install/lib/python3.12/site-packages/rclpy
[17.091s] -- Installing: /workspace/jazzy_ws/install/lib/python3.12/site-packages/rclpy/validate_topic_name.py
[17.091s] -- Installing: /workspace/jazzy_ws/install/lib/python3.12/site-packages/rclpy/experimental
[17.091s] -- Installing: /workspace/jazzy_ws/install/lib/python3.12/site-packages/rclpy/experimental/__init__.py
[17.091s] -- Installing: /workspace/jazzy_ws/install/lib/python3.12/site-packages/rclpy/experimental/events_executor.py
[17.091s] -- Installing: /workspace/jazzy_ws/install/lib/python3.12/site-packages/rclpy/parameter_client.py
[17.091s] -- Installing: /workspace/jazzy_ws/install/lib/python3.12/site-packages/rclpy/type_description_service.py
[17.091s] -- Installing: /workspace/jazzy_ws/install/lib/python3.12/site-packages/rclpy/time.py
[17.091s] -- Installing: /workspace/jazzy_ws/install/lib/python3.12/site-packages/rclpy/destroyable.py
[17.091s] -- Installing: /workspace/jazzy_ws/install/lib/python3.12/site-packages/rclpy/task.py
[17.091s] -- Installing: /workspace/jazzy_ws/install/lib/python3.12/site-packages/rclpy/utilities.py
[17.091s] -- Installing: /workspace/jazzy_ws/install/lib/python3.12/site-packages/rclpy/client.py
[17.091s] -- Installing: /workspace/jazzy_ws/install/lib/python3.12/site-packages/rclpy/time_source.py
[17.091s] -- Installing: /workspace/jazzy_ws/install/lib/python3.12/site-packages/rclpy/serialization.py
[17.091s] -- Installing: /workspace/jazzy_ws/install/lib/python3.12/site-packages/rclpy/node.py
[17.092s] -- Installing: /workspace/jazzy_ws/install/lib/python3.12/site-packages/rclpy/logging.py
[17.092s] -- Installing: /workspace/jazzy_ws/install/lib/python3.12/site-packages/rclpy/logging_service.py
[17.092s] -- Installing: /workspace/jazzy_ws/install/lib/python3.12/site-packages/rclpy/qos_event.py
[17.092s] -- Installing: /workspace/jazzy_ws/install/lib/python3.12/site-packages/rclpy/__init__.py
[17.092s] -- Installing: /workspace/jazzy_ws/install/lib/python3.12/site-packages/rclpy/validate_parameter_name.py
[17.092s] -- Installing: /workspace/jazzy_ws/install/lib/python3.12/site-packages/rclpy/impl
[17.092s] -- Installing: /workspace/jazzy_ws/install/lib/python3.12/site-packages/rclpy/impl/logging_severity.py
[17.092s] -- Installing: /workspace/jazzy_ws/install/lib/python3.12/site-packages/rclpy/impl/rcutils_logger.py
[17.092s] -- Installing: /workspace/jazzy_ws/install/lib/python3.12/site-packages/rclpy/impl/__init__.py
[17.092s] -- Installing: /workspace/jazzy_ws/install/lib/python3.12/site-packages/rclpy/impl/implementation_singleton.py
[17.092s] -- Installing: /workspace/jazzy_ws/install/lib/python3.12/site-packages/rclpy/lifecycle
[17.092s] -- Installing: /workspace/jazzy_ws/install/lib/python3.12/site-packages/rclpy/lifecycle/managed_entity.py
[17.092s] -- Installing: /workspace/jazzy_ws/install/lib/python3.12/site-packages/rclpy/lifecycle/node.py
[17.092s] -- Installing: /workspace/jazzy_ws/install/lib/python3.12/site-packages/rclpy/lifecycle/__init__.py
[17.092s] -- Installing: /workspace/jazzy_ws/install/lib/python3.12/site-packages/rclpy/lifecycle/publisher.py
[17.092s] -- Installing: /workspace/jazzy_ws/install/lib/python3.12/site-packages/rclpy/subscription_content_filter_options.py
[17.093s] -- Installing: /workspace/jazzy_ws/install/lib/python3.12/site-packages/rclpy/event_handler.py
[17.093s] -- Installing: /workspace/jazzy_ws/install/lib/python3.12/site-packages/rclpy/executors.py
[17.093s] -- Installing: /workspace/jazzy_ws/install/lib/python3.12/site-packages/rclpy/duration.py
[17.093s] -- Installing: /workspace/jazzy_ws/install/lib/python3.12/site-packages/rclpy/guard_condition.py
[17.093s] -- Installing: /workspace/jazzy_ws/install/lib/python3.12/site-packages/rclpy/clock.py
[17.093s] -- Installing: /workspace/jazzy_ws/install/lib/python3.12/site-packages/rclpy/topic_or_service_is_hidden.py
[17.093s] -- Installing: /workspace/jazzy_ws/install/lib/python3.12/site-packages/rclpy/parameter_service.py
[17.093s] -- Installing: /workspace/jazzy_ws/install/lib/python3.12/site-packages/rclpy/service.py
[17.093s] -- Installing: /workspace/jazzy_ws/install/lib/python3.12/site-packages/rclpy/subscription.py
[17.093s] -- Installing: /workspace/jazzy_ws/install/lib/python3.12/site-packages/rclpy/callback_groups.py
[17.093s] -- Installing: /workspace/jazzy_ws/install/lib/python3.12/site-packages/rclpy/parameter_event_handler.py
[17.093s] -- Installing: /workspace/jazzy_ws/install/lib/python3.12/site-packages/rclpy/waitable.py
[17.093s] -- Installing: /workspace/jazzy_ws/install/lib/python3.12/site-packages/rclpy/timer.py
[17.093s] -- Installing: /workspace/jazzy_ws/install/lib/python3.12/site-packages/rclpy/validate_full_topic_name.py
[17.093s] -- Installing: /workspace/jazzy_ws/install/lib/python3.12/site-packages/rclpy/validate_node_name.py
[17.093s] -- Installing: /workspace/jazzy_ws/install/lib/python3.12/site-packages/rclpy/qos_overriding_options.py
[17.094s] -- Installing: /workspace/jazzy_ws/install/lib/python3.12/site-packages/rclpy/action
[17.094s] -- Installing: /workspace/jazzy_ws/install/lib/python3.12/site-packages/rclpy/action/client.py
[17.094s] -- Installing: /workspace/jazzy_ws/install/lib/python3.12/site-packages/rclpy/action/__init__.py
[17.094s] -- Installing: /workspace/jazzy_ws/install/lib/python3.12/site-packages/rclpy/action/graph.py
[17.094s] -- Installing: /workspace/jazzy_ws/install/lib/python3.12/site-packages/rclpy/action/server.py
[17.094s] -- Installing: /workspace/jazzy_ws/install/lib/python3.12/site-packages/rclpy/exceptions.py
[17.094s] -- Installing: /workspace/jazzy_ws/install/lib/python3.12/site-packages/rclpy/type_hash.py
[17.094s] -- Installing: /workspace/jazzy_ws/install/lib/python3.12/site-packages/rclpy/topic_endpoint_info.py
[17.094s] -- Installing: /workspace/jazzy_ws/install/lib/python3.12/site-packages/rclpy/wait_for_message.py
[17.094s] -- Installing: /workspace/jazzy_ws/install/lib/python3.12/site-packages/rclpy/parameter.py
[17.094s] -- Installing: /workspace/jazzy_ws/install/lib/python3.12/site-packages/rclpy/signals.py
[17.094s] -- Installing: /workspace/jazzy_ws/install/lib/python3.12/site-packages/rclpy/py.typed
[17.094s] -- Installing: /workspace/jazzy_ws/install/lib/python3.12/site-packages/rclpy/publisher.py
[17.094s] -- Installing: /workspace/jazzy_ws/install/lib/python3.12/site-packages/rclpy/expand_topic_name.py
[17.094s] -- Installing: /workspace/jazzy_ws/install/lib/python3.12/site-packages/rclpy/constants.py
[17.094s] -- Installing: /workspace/jazzy_ws/install/lib/python3.12/site-packages/rclpy/validate_namespace.py
[17.095s] -- Installing: /workspace/jazzy_ws/install/lib/python3.12/site-packages/rclpy/service_introspection.py
[17.095s] -- Installing: /workspace/jazzy_ws/install/lib/python3.12/site-packages/rclpy/qos.py
[17.095s] -- Installing: /workspace/jazzy_ws/install/lib/python3.12/site-packages/rclpy/context.py
[17.095s] -- Installing: /workspace/jazzy_ws/install/lib/python3.12/site-packages/rclpy/clock_type.py
[17.095s] -- Installing: /workspace/jazzy_ws/install/lib/python3.12/site-packages/rclpy/type_support.py
[17.153s] Listing '/workspace/jazzy_ws/install/lib/python3.12/site-packages/rclpy'...
[17.153s] Compiling '/workspace/jazzy_ws/install/lib/python3.12/site-packages/rclpy/__init__.py'...
[17.153s] Listing '/workspace/jazzy_ws/install/lib/python3.12/site-packages/rclpy/action'...
[17.153s] Compiling '/workspace/jazzy_ws/install/lib/python3.12/site-packages/rclpy/action/__init__.py'...
[17.153s] Compiling '/workspace/jazzy_ws/install/lib/python3.12/site-packages/rclpy/action/client.py'...
[17.153s] Compiling '/workspace/jazzy_ws/install/lib/python3.12/site-packages/rclpy/action/graph.py'...
[17.153s] Compiling '/workspace/jazzy_ws/install/lib/python3.12/site-packages/rclpy/action/server.py'...
[17.153s] Compiling '/workspace/jazzy_ws/install/lib/python3.12/site-packages/rclpy/callback_groups.py'...
[17.153s] Compiling '/workspace/jazzy_ws/install/lib/python3.12/site-packages/rclpy/client.py'...
[17.153s] Compiling '/workspace/jazzy_ws/install/lib/python3.12/site-packages/rclpy/clock.py'...
[17.153s] Compiling '/workspace/jazzy_ws/install/lib/python3.12/site-packages/rclpy/clock_type.py'...
[17.153s] Compiling '/workspace/jazzy_ws/install/lib/python3.12/site-packages/rclpy/constants.py'...
[17.153s] Compiling '/workspace/jazzy_ws/install/lib/python3.12/site-packages/rclpy/context.py'...
[17.154s] Compiling '/workspace/jazzy_ws/install/lib/python3.12/site-packages/rclpy/destroyable.py'...
[17.154s] Compiling '/workspace/jazzy_ws/install/lib/python3.12/site-packages/rclpy/duration.py'...
[17.154s] Compiling '/workspace/jazzy_ws/install/lib/python3.12/site-packages/rclpy/event_handler.py'...
[17.154s] Compiling '/workspace/jazzy_ws/install/lib/python3.12/site-packages/rclpy/exceptions.py'...
[17.154s] Compiling '/workspace/jazzy_ws/install/lib/python3.12/site-packages/rclpy/executors.py'...
[17.154s] Compiling '/workspace/jazzy_ws/install/lib/python3.12/site-packages/rclpy/expand_topic_name.py'...
[17.154s] Listing '/workspace/jazzy_ws/install/lib/python3.12/site-packages/rclpy/experimental'...
[17.154s] Compiling '/workspace/jazzy_ws/install/lib/python3.12/site-packages/rclpy/experimental/__init__.py'...
[17.154s] Compiling '/workspace/jazzy_ws/install/lib/python3.12/site-packages/rclpy/experimental/events_executor.py'...
[17.154s] Compiling '/workspace/jazzy_ws/install/lib/python3.12/site-packages/rclpy/guard_condition.py'...
[17.154s] Listing '/workspace/jazzy_ws/install/lib/python3.12/site-packages/rclpy/impl'...
[17.154s] Compiling '/workspace/jazzy_ws/install/lib/python3.12/site-packages/rclpy/impl/__init__.py'...
[17.154s] Compiling '/workspace/jazzy_ws/install/lib/python3.12/site-packages/rclpy/impl/implementation_singleton.py'...
[17.154s] Compiling '/workspace/jazzy_ws/install/lib/python3.12/site-packages/rclpy/impl/logging_severity.py'...
[17.154s] Compiling '/workspace/jazzy_ws/install/lib/python3.12/site-packages/rclpy/impl/rcutils_logger.py'...
[17.154s] Listing '/workspace/jazzy_ws/install/lib/python3.12/site-packages/rclpy/lifecycle'...
[17.154s] Compiling '/workspace/jazzy_ws/install/lib/python3.12/site-packages/rclpy/lifecycle/__init__.py'...
[17.154s] Compiling '/workspace/jazzy_ws/install/lib/python3.12/site-packages/rclpy/lifecycle/managed_entity.py'...
[17.154s] Compiling '/workspace/jazzy_ws/install/lib/python3.12/site-packages/rclpy/lifecycle/node.py'...
[17.154s] Compiling '/workspace/jazzy_ws/install/lib/python3.12/site-packages/rclpy/lifecycle/publisher.py'...
[17.154s] Compiling '/workspace/jazzy_ws/install/lib/python3.12/site-packages/rclpy/logging.py'...
[17.154s] Compiling '/workspace/jazzy_ws/install/lib/python3.12/site-packages/rclpy/logging_service.py'...
[17.154s] Compiling '/workspace/jazzy_ws/install/lib/python3.12/site-packages/rclpy/node.py'...
[17.154s] Compiling '/workspace/jazzy_ws/install/lib/python3.12/site-packages/rclpy/parameter.py'...
[17.154s] Compiling '/workspace/jazzy_ws/install/lib/python3.12/site-packages/rclpy/parameter_client.py'...
[17.154s] Compiling '/workspace/jazzy_ws/install/lib/python3.12/site-packages/rclpy/parameter_event_handler.py'...
[17.154s] Compiling '/workspace/jazzy_ws/install/lib/python3.12/site-packages/rclpy/parameter_service.py'...
[17.154s] Compiling '/workspace/jazzy_ws/install/lib/python3.12/site-packages/rclpy/publisher.py'...
[17.154s] Compiling '/workspace/jazzy_ws/install/lib/python3.12/site-packages/rclpy/qos.py'...
[17.154s] Compiling '/workspace/jazzy_ws/install/lib/python3.12/site-packages/rclpy/qos_event.py'...
[17.154s] Compiling '/workspace/jazzy_ws/install/lib/python3.12/site-packages/rclpy/qos_overriding_options.py'...
[17.154s] Compiling '/workspace/jazzy_ws/install/lib/python3.12/site-packages/rclpy/serialization.py'...
[17.154s] Compiling '/workspace/jazzy_ws/install/lib/python3.12/site-packages/rclpy/service.py'...
[17.154s] Compiling '/workspace/jazzy_ws/install/lib/python3.12/site-packages/rclpy/service_introspection.py'...
[17.154s] Compiling '/workspace/jazzy_ws/install/lib/python3.12/site-packages/rclpy/signals.py'...
[17.155s] Compiling '/workspace/jazzy_ws/install/lib/python3.12/site-packages/rclpy/subscription.py'...
[17.155s] Compiling '/workspace/jazzy_ws/install/lib/python3.12/site-packages/rclpy/subscription_content_filter_options.py'...
[17.155s] Compiling '/workspace/jazzy_ws/install/lib/python3.12/site-packages/rclpy/task.py'...
[17.155s] Compiling '/workspace/jazzy_ws/install/lib/python3.12/site-packages/rclpy/time.py'...
[17.155s] Compiling '/workspace/jazzy_ws/install/lib/python3.12/site-packages/rclpy/time_source.py'...
[17.155s] Compiling '/workspace/jazzy_ws/install/lib/python3.12/site-packages/rclpy/timer.py'...
[17.155s] Compiling '/workspace/jazzy_ws/install/lib/python3.12/site-packages/rclpy/topic_endpoint_info.py'...
[17.155s] Compiling '/workspace/jazzy_ws/install/lib/python3.12/site-packages/rclpy/topic_or_service_is_hidden.py'...
[17.155s] Compiling '/workspace/jazzy_ws/install/lib/python3.12/site-packages/rclpy/type_description_service.py'...
[17.155s] Compiling '/workspace/jazzy_ws/install/lib/python3.12/site-packages/rclpy/type_hash.py'...
[17.155s] Compiling '/workspace/jazzy_ws/install/lib/python3.12/site-packages/rclpy/type_support.py'...
[17.155s] Compiling '/workspace/jazzy_ws/install/lib/python3.12/site-packages/rclpy/utilities.py'...
[17.155s] Compiling '/workspace/jazzy_ws/install/lib/python3.12/site-packages/rclpy/validate_full_topic_name.py'...
[17.155s] Compiling '/workspace/jazzy_ws/install/lib/python3.12/site-packages/rclpy/validate_namespace.py'...
[17.155s] Compiling '/workspace/jazzy_ws/install/lib/python3.12/site-packages/rclpy/validate_node_name.py'...
[17.155s] Compiling '/workspace/jazzy_ws/install/lib/python3.12/site-packages/rclpy/validate_parameter_name.py'...
[17.155s] Compiling '/workspace/jazzy_ws/install/lib/python3.12/site-packages/rclpy/validate_topic_name.py'...
[17.155s] Compiling '/workspace/jazzy_ws/install/lib/python3.12/site-packages/rclpy/wait_for_message.py'...
[17.155s] Compiling '/workspace/jazzy_ws/install/lib/python3.12/site-packages/rclpy/waitable.py'...
[17.156s] -- Installing: /workspace/jazzy_ws/install/lib/python3.12/site-packages/rclpy/_rclpy_pybind11.cpython-312-x86_64-linux-gnu.so
[17.157s] -- Set non-toolchain portion of runtime path of "/workspace/jazzy_ws/install/lib/python3.12/site-packages/rclpy/_rclpy_pybind11.cpython-312-x86_64-linux-gnu.so" to ""
[17.157s] -- Installing: /workspace/jazzy_ws/install/share/rclpy/environment/library_path.sh
[17.157s] -- Installing: /workspace/jazzy_ws/install/share/rclpy/environment/library_path.dsv
[17.157s] -- Installing: /workspace/jazzy_ws/install/share/ament_index/resource_index/package_run_dependencies/rclpy
[17.157s] -- Installing: /workspace/jazzy_ws/install/share/ament_index/resource_index/parent_prefix_path/rclpy
[17.158s] -- Installing: /workspace/jazzy_ws/install/share/rclpy/environment/ament_prefix_path.sh
[17.158s] -- Installing: /workspace/jazzy_ws/install/share/rclpy/environment/ament_prefix_path.dsv
[17.158s] -- Installing: /workspace/jazzy_ws/install/share/rclpy/environment/path.sh
[17.158s] -- Installing: /workspace/jazzy_ws/install/share/rclpy/environment/path.dsv
[17.158s] -- Installing: /workspace/jazzy_ws/install/share/rclpy/local_setup.bash
[17.158s] -- Installing: /workspace/jazzy_ws/install/share/rclpy/local_setup.sh
[17.158s] -- Installing: /workspace/jazzy_ws/install/share/rclpy/local_setup.zsh
[17.158s] -- Installing: /workspace/jazzy_ws/install/share/rclpy/local_setup.dsv
[17.158s] -- Installing: /workspace/jazzy_ws/install/share/rclpy/package.dsv
[17.158s] -- Installing: /workspace/jazzy_ws/install/share/ament_index/resource_index/packages/rclpy
[17.158s] -- Installing: /workspace/jazzy_ws/install/share/rclpy/cmake/rclpyConfig.cmake
[17.158s] -- Installing: /workspace/jazzy_ws/install/share/rclpy/cmake/rclpyConfig-version.cmake
[17.158s] -- Installing: /workspace/jazzy_ws/install/share/rclpy/package.xml
[17.159s] Invoked command in '/workspace/jazzy_ws/build/rclpy' returned '0': AMENT_PREFIX_PATH=/workspace/jazzy_ws/install CMAKE_PREFIX_PATH=/workspace/jazzy_ws/install LD_LIBRARY_PATH=/workspace/jazzy_ws/install/lib:/workspace/jazzy_ws/install/opt/libyaml_vendor/lib:/workspace/jazzy_ws/install/opt/spdlog_vendor/lib:/workspace/jazzy_ws/install/opt/mimick_vendor/lib PATH=/workspace/jazzy_ws/install/bin:/workspace/jazzy_ws/install/opt/uncrustify_vendor/bin:${PATH} PKG_CONFIG_PATH=/workspace/jazzy_ws/install/lib/x86_64-linux-gnu/pkgconfig:/workspace/jazzy_ws/install/lib/pkgconfig PYTHONPATH=/workspace/jazzy_ws/install/lib/python3.12/site-packages /usr/bin/cmake --install /workspace/jazzy_ws/build/rclpy
