[0.038s] Invoking command in '/workspace/jazzy_ws/build/ament_index_cpp': AMENT_PREFIX_PATH=/workspace/jazzy_ws/install CMAKE_PREFIX_PATH=/workspace/jazzy_ws/install LD_LIBRARY_PATH=/workspace/jazzy_ws/install/lib PATH=/workspace/jazzy_ws/install/bin:/workspace/jazzy_ws/install/opt/uncrustify_vendor/bin:${PATH} PKG_CONFIG_PATH=/workspace/jazzy_ws/install/lib/x86_64-linux-gnu/pkgconfig:/workspace/jazzy_ws/install/lib/pkgconfig PYTHONPATH=/workspace/jazzy_ws/install/lib/python3.12/site-packages /usr/bin/cmake /workspace/jazzy_ws/src/ament_index/ament_index_cpp -DCMAKE_INSTALL_PREFIX=/workspace/jazzy_ws/install
[0.066s] -- The C compiler identification is GNU 13.3.0
[0.097s] -- The CXX compiler identification is GNU 13.3.0
[0.107s] -- Detecting C compiler ABI info
[0.154s] -- Detecting C compiler ABI info - done
[0.160s] -- Check for working C compiler: /usr/bin/cc - skipped
[0.160s] -- Detecting C compile features
[0.160s] -- Detecting C compile features - done
[0.165s] -- Detecting CXX compiler ABI info
[0.221s] -- Detecting CXX compiler ABI info - done
[0.227s] -- Check for working CXX compiler: /usr/bin/c++ - skipped
[0.227s] -- Detecting CXX compile features
[0.227s] -- Detecting CXX compile features - done
[0.228s] -- Found ament_cmake: 2.5.5 (/workspace/jazzy_ws/install/share/ament_cmake/cmake)
[0.308s] -- Found Python3: /usr/bin/python3 (found version "3.12.3") found components: Interpreter 
[0.355s] -- Found ament_lint_auto: 0.17.4 (/workspace/jazzy_ws/install/share/ament_lint_auto/cmake)
[0.411s] -- Found gtest sources under '/workspace/jazzy_ws/install/src/gtest_vendor': C++ tests using 'Google Test' will be built
[0.412s] -- Performing Test CMAKE_HAVE_LIBC_PTHREAD
[0.473s] -- Performing Test CMAKE_HAVE_LIBC_PTHREAD - Success
[0.473s] -- Found Threads: TRUE  
[0.473s] -- Added test 'copyright' to check source files copyright and LICENSE
[0.473s] -- Added test 'cppcheck' to perform static code analysis on C / C++ code
[0.474s] -- Configured cppcheck include dirs: $<BUILD_INTERFACE:/workspace/jazzy_ws/src/ament_index/ament_index_cpp/include>;/workspace/jazzy_ws/src/ament_index/ament_index_cpp/include
[0.474s] -- Configured cppcheck exclude dirs and/or files: 
[0.474s] -- Added test 'cpplint' to check C / C++ code against the Google style
[0.474s] -- Configured cpplint exclude dirs and/or files: 
[0.491s] -- Added test 'lint_cmake' to check CMake code style
[0.491s] -- Added test 'uncrustify' to check C / C++ code style
[0.491s] -- Configured uncrustify additional arguments: 
[0.491s] -- Added test 'xmllint' to check XML markup files
[0.491s] -- Configuring done (0.4s)
[0.491s] -- Generating done (0.0s)
[0.491s] -- Build files have been written to: /workspace/jazzy_ws/build/ament_index_cpp
[0.492s] Invoked command in '/workspace/jazzy_ws/build/ament_index_cpp' returned '0': AMENT_PREFIX_PATH=/workspace/jazzy_ws/install CMAKE_PREFIX_PATH=/workspace/jazzy_ws/install LD_LIBRARY_PATH=/workspace/jazzy_ws/install/lib PATH=/workspace/jazzy_ws/install/bin:/workspace/jazzy_ws/install/opt/uncrustify_vendor/bin:${PATH} PKG_CONFIG_PATH=/workspace/jazzy_ws/install/lib/x86_64-linux-gnu/pkgconfig:/workspace/jazzy_ws/install/lib/pkgconfig PYTHONPATH=/workspace/jazzy_ws/install/lib/python3.12/site-packages /usr/bin/cmake /workspace/jazzy_ws/src/ament_index/ament_index_cpp -DCMAKE_INSTALL_PREFIX=/workspace/jazzy_ws/install
[0.492s] Invoking command in '/workspace/jazzy_ws/build/ament_index_cpp': AMENT_PREFIX_PATH=/workspace/jazzy_ws/install CMAKE_PREFIX_PATH=/workspace/jazzy_ws/install LD_LIBRARY_PATH=/workspace/jazzy_ws/install/lib PATH=/workspace/jazzy_ws/install/bin:/workspace/jazzy_ws/install/opt/uncrustify_vendor/bin:${PATH} PKG_CONFIG_PATH=/workspace/jazzy_ws/install/lib/x86_64-linux-gnu/pkgconfig:/workspace/jazzy_ws/install/lib/pkgconfig PYTHONPATH=/workspace/jazzy_ws/install/lib/python3.12/site-packages /usr/bin/cmake --build /workspace/jazzy_ws/build/ament_index_cpp -- -j24 -l24
[0.517s] [  5%] Generating ament_index_cpp/version.h
[0.518s] [ 11%] Building CXX object gtest/CMakeFiles/gtest_main.dir/src/gtest_main.cc.o
[0.518s] [ 17%] Building CXX object gtest/CMakeFiles/gtest.dir/src/gtest-all.cc.o
[0.527s] [ 17%] Built target ament_generate_version_header__ament_index_cpp
[0.537s] [ 23%] Building CXX object CMakeFiles/ament_index_cpp.dir/src/get_resources.cpp.o
[0.537s] [ 52%] Building CXX object CMakeFiles/ament_index_cpp.dir/src/get_search_paths.cpp.o
[0.537s] [ 52%] Building CXX object CMakeFiles/ament_index_cpp.dir/src/get_package_share_directory.cpp.o
[0.537s] [ 52%] Building CXX object CMakeFiles/ament_index_cpp.dir/src/get_packages_with_prefixes.cpp.o
[0.537s] [ 52%] Building CXX object CMakeFiles/ament_index_cpp.dir/src/get_package_prefix.cpp.o
[0.537s] [ 52%] Building CXX object CMakeFiles/ament_index_cpp.dir/src/get_resource.cpp.o
[0.539s] [ 58%] Building CXX object CMakeFiles/ament_index_cpp.dir/src/has_resource.cpp.o
[0.910s] [ 64%] Linking CXX shared library libament_index_cpp.so
[0.941s] [ 70%] Linking CXX static library libgtest_main.a
[0.958s] [ 70%] Built target ament_index_cpp
[0.959s] [ 70%] Built target gtest_main
[3.860s] [ 76%] Linking CXX static library libgtest.a
[3.924s] [ 76%] Built target gtest
[3.954s] [ 82%] Building CXX object CMakeFiles/ament_index_cpp_utest_filesystem.dir/test/utest_filesystem.cpp.o
[3.954s] [ 88%] Building CXX object CMakeFiles/ament_index_cpp_utest.dir/test/utest.cpp.o
[5.227s] [ 94%] Linking CXX executable ament_index_cpp_utest
[5.378s] [ 94%] Built target ament_index_cpp_utest
[5.447s] [100%] Linking CXX executable ament_index_cpp_utest_filesystem
[5.646s] [100%] Built target ament_index_cpp_utest_filesystem
[5.659s] Invoked command in '/workspace/jazzy_ws/build/ament_index_cpp' returned '0': AMENT_PREFIX_PATH=/workspace/jazzy_ws/install CMAKE_PREFIX_PATH=/workspace/jazzy_ws/install LD_LIBRARY_PATH=/workspace/jazzy_ws/install/lib PATH=/workspace/jazzy_ws/install/bin:/workspace/jazzy_ws/install/opt/uncrustify_vendor/bin:${PATH} PKG_CONFIG_PATH=/workspace/jazzy_ws/install/lib/x86_64-linux-gnu/pkgconfig:/workspace/jazzy_ws/install/lib/pkgconfig PYTHONPATH=/workspace/jazzy_ws/install/lib/python3.12/site-packages /usr/bin/cmake --build /workspace/jazzy_ws/build/ament_index_cpp -- -j24 -l24
[5.663s] Invoking command in '/workspace/jazzy_ws/build/ament_index_cpp': AMENT_PREFIX_PATH=/workspace/jazzy_ws/install CMAKE_PREFIX_PATH=/workspace/jazzy_ws/install LD_LIBRARY_PATH=/workspace/jazzy_ws/install/lib PATH=/workspace/jazzy_ws/install/bin:/workspace/jazzy_ws/install/opt/uncrustify_vendor/bin:${PATH} PKG_CONFIG_PATH=/workspace/jazzy_ws/install/lib/x86_64-linux-gnu/pkgconfig:/workspace/jazzy_ws/install/lib/pkgconfig PYTHONPATH=/workspace/jazzy_ws/install/lib/python3.12/site-packages /usr/bin/cmake --install /workspace/jazzy_ws/build/ament_index_cpp
[5.670s] -- Install configuration: ""
[5.674s] -- Installing: /workspace/jazzy_ws/install/share/ament_index_cpp/environment/library_path.sh
[5.674s] -- Installing: /workspace/jazzy_ws/install/share/ament_index_cpp/environment/library_path.dsv
[5.674s] -- Installing: /workspace/jazzy_ws/install/share/ament_index/resource_index/package_run_dependencies/ament_index_cpp
[5.674s] -- Installing: /workspace/jazzy_ws/install/share/ament_index/resource_index/parent_prefix_path/ament_index_cpp
[5.674s] -- Installing: /workspace/jazzy_ws/install/share/ament_index_cpp/environment/ament_prefix_path.sh
[5.674s] -- Installing: /workspace/jazzy_ws/install/share/ament_index_cpp/environment/ament_prefix_path.dsv
[5.674s] -- Installing: /workspace/jazzy_ws/install/share/ament_index_cpp/environment/path.sh
[5.674s] -- Installing: /workspace/jazzy_ws/install/share/ament_index_cpp/environment/path.dsv
[5.674s] -- Installing: /workspace/jazzy_ws/install/share/ament_index_cpp/local_setup.bash
[5.674s] -- Installing: /workspace/jazzy_ws/install/share/ament_index_cpp/local_setup.sh
[5.674s] -- Installing: /workspace/jazzy_ws/install/share/ament_index_cpp/local_setup.zsh
[5.674s] -- Installing: /workspace/jazzy_ws/install/share/ament_index_cpp/local_setup.dsv
[5.674s] -- Installing: /workspace/jazzy_ws/install/share/ament_index_cpp/package.dsv
[5.674s] -- Installing: /workspace/jazzy_ws/install/share/ament_index/resource_index/packages/ament_index_cpp
[5.674s] -- Installing: /workspace/jazzy_ws/install/share/ament_index_cpp/cmake/export_ament_index_cppExport.cmake
[5.674s] -- Installing: /workspace/jazzy_ws/install/share/ament_index_cpp/cmake/export_ament_index_cppExport-noconfig.cmake
[5.674s] -- Installing: /workspace/jazzy_ws/install/share/ament_index_cpp/cmake/ament_cmake_export_targets-extras.cmake
[5.674s] -- Installing: /workspace/jazzy_ws/install/share/ament_index_cpp/cmake/ament_index_cppConfig.cmake
[5.674s] -- Installing: /workspace/jazzy_ws/install/share/ament_index_cpp/cmake/ament_index_cppConfig-version.cmake
[5.674s] -- Installing: /workspace/jazzy_ws/install/share/ament_index_cpp/package.xml
[5.674s] -- Installing: /workspace/jazzy_ws/install/include/ament_index_cpp/ament_index_cpp/version.h
[5.674s] -- Up-to-date: /workspace/jazzy_ws/install/include/ament_index_cpp
[5.674s] -- Up-to-date: /workspace/jazzy_ws/install/include/ament_index_cpp/ament_index_cpp
[5.674s] -- Installing: /workspace/jazzy_ws/install/include/ament_index_cpp/ament_index_cpp/visibility_control.h
[5.674s] -- Installing: /workspace/jazzy_ws/install/include/ament_index_cpp/ament_index_cpp/get_search_paths.hpp
[5.674s] -- Installing: /workspace/jazzy_ws/install/include/ament_index_cpp/ament_index_cpp/get_packages_with_prefixes.hpp
[5.674s] -- Installing: /workspace/jazzy_ws/install/include/ament_index_cpp/ament_index_cpp/get_package_prefix.hpp
[5.675s] -- Installing: /workspace/jazzy_ws/install/include/ament_index_cpp/ament_index_cpp/get_resource.hpp
[5.675s] -- Installing: /workspace/jazzy_ws/install/include/ament_index_cpp/ament_index_cpp/get_resources.hpp
[5.675s] -- Installing: /workspace/jazzy_ws/install/include/ament_index_cpp/ament_index_cpp/get_package_share_directory.hpp
[5.675s] -- Installing: /workspace/jazzy_ws/install/include/ament_index_cpp/ament_index_cpp/has_resource.hpp
[5.675s] -- Installing: /workspace/jazzy_ws/install/lib/libament_index_cpp.so
[5.676s] Invoked command in '/workspace/jazzy_ws/build/ament_index_cpp' returned '0': AMENT_PREFIX_PATH=/workspace/jazzy_ws/install CMAKE_PREFIX_PATH=/workspace/jazzy_ws/install LD_LIBRARY_PATH=/workspace/jazzy_ws/install/lib PATH=/workspace/jazzy_ws/install/bin:/workspace/jazzy_ws/install/opt/uncrustify_vendor/bin:${PATH} PKG_CONFIG_PATH=/workspace/jazzy_ws/install/lib/x86_64-linux-gnu/pkgconfig:/workspace/jazzy_ws/install/lib/pkgconfig PYTHONPATH=/workspace/jazzy_ws/install/lib/python3.12/site-packages /usr/bin/cmake --install /workspace/jazzy_ws/build/ament_index_cpp
