[0.024s] Invoking command in '/workspace/jazzy_ws/build/ament_cmake_uncrustify': AMENT_PREFIX_PATH=/workspace/jazzy_ws/install CMAKE_PREFIX_PATH=/workspace/jazzy_ws/install LD_LIBRARY_PATH=/workspace/jazzy_ws/install/lib PATH=/workspace/jazzy_ws/install/bin:/workspace/jazzy_ws/install/opt/uncrustify_vendor/bin:${PATH} PKG_CONFIG_PATH=/workspace/jazzy_ws/install/lib/x86_64-linux-gnu/pkgconfig:/workspace/jazzy_ws/install/lib/pkgconfig PYTHONPATH=/workspace/jazzy_ws/install/lib/python3.12/site-packages /usr/bin/cmake /workspace/jazzy_ws/src/ament_lint/ament_cmake_uncrustify -DCMAKE_INSTALL_PREFIX=/workspace/jazzy_ws/install
[0.031s] -- Found ament_cmake_core: 2.5.5 (/workspace/jazzy_ws/install/share/ament_cmake_core/cmake)
[0.101s] -- Found Python3: /usr/bin/python3 (found version "3.12.3") found components: Interpreter 
[0.153s] -- Found ament_cmake_test: 2.5.5 (/workspace/jazzy_ws/install/share/ament_cmake_test/cmake)
[0.196s] -- Found ament_cmake_copyright: 0.17.4 (/workspace/jazzy_ws/install/share/ament_cmake_copyright/cmake)
[0.196s] -- Found ament_cmake_lint_cmake: 0.17.4 (/workspace/jazzy_ws/install/share/ament_cmake_lint_cmake/cmake)
[0.197s] -- Configuring done (0.2s)
[0.198s] -- Generating done (0.0s)
[0.199s] -- Build files have been written to: /workspace/jazzy_ws/build/ament_cmake_uncrustify
[0.200s] Invoked command in '/workspace/jazzy_ws/build/ament_cmake_uncrustify' returned '0': AMENT_PREFIX_PATH=/workspace/jazzy_ws/install CMAKE_PREFIX_PATH=/workspace/jazzy_ws/install LD_LIBRARY_PATH=/workspace/jazzy_ws/install/lib PATH=/workspace/jazzy_ws/install/bin:/workspace/jazzy_ws/install/opt/uncrustify_vendor/bin:${PATH} PKG_CONFIG_PATH=/workspace/jazzy_ws/install/lib/x86_64-linux-gnu/pkgconfig:/workspace/jazzy_ws/install/lib/pkgconfig PYTHONPATH=/workspace/jazzy_ws/install/lib/python3.12/site-packages /usr/bin/cmake /workspace/jazzy_ws/src/ament_lint/ament_cmake_uncrustify -DCMAKE_INSTALL_PREFIX=/workspace/jazzy_ws/install
[0.200s] Invoking command in '/workspace/jazzy_ws/build/ament_cmake_uncrustify': AMENT_PREFIX_PATH=/workspace/jazzy_ws/install CMAKE_PREFIX_PATH=/workspace/jazzy_ws/install LD_LIBRARY_PATH=/workspace/jazzy_ws/install/lib PATH=/workspace/jazzy_ws/install/bin:/workspace/jazzy_ws/install/opt/uncrustify_vendor/bin:${PATH} PKG_CONFIG_PATH=/workspace/jazzy_ws/install/lib/x86_64-linux-gnu/pkgconfig:/workspace/jazzy_ws/install/lib/pkgconfig PYTHONPATH=/workspace/jazzy_ws/install/lib/python3.12/site-packages /usr/bin/cmake --build /workspace/jazzy_ws/build/ament_cmake_uncrustify -- -j24 -l24
[0.218s] Invoked command in '/workspace/jazzy_ws/build/ament_cmake_uncrustify' returned '0': AMENT_PREFIX_PATH=/workspace/jazzy_ws/install CMAKE_PREFIX_PATH=/workspace/jazzy_ws/install LD_LIBRARY_PATH=/workspace/jazzy_ws/install/lib PATH=/workspace/jazzy_ws/install/bin:/workspace/jazzy_ws/install/opt/uncrustify_vendor/bin:${PATH} PKG_CONFIG_PATH=/workspace/jazzy_ws/install/lib/x86_64-linux-gnu/pkgconfig:/workspace/jazzy_ws/install/lib/pkgconfig PYTHONPATH=/workspace/jazzy_ws/install/lib/python3.12/site-packages /usr/bin/cmake --build /workspace/jazzy_ws/build/ament_cmake_uncrustify -- -j24 -l24
[0.218s] Invoking command in '/workspace/jazzy_ws/build/ament_cmake_uncrustify': AMENT_PREFIX_PATH=/workspace/jazzy_ws/install CMAKE_PREFIX_PATH=/workspace/jazzy_ws/install LD_LIBRARY_PATH=/workspace/jazzy_ws/install/lib PATH=/workspace/jazzy_ws/install/bin:/workspace/jazzy_ws/install/opt/uncrustify_vendor/bin:${PATH} PKG_CONFIG_PATH=/workspace/jazzy_ws/install/lib/x86_64-linux-gnu/pkgconfig:/workspace/jazzy_ws/install/lib/pkgconfig PYTHONPATH=/workspace/jazzy_ws/install/lib/python3.12/site-packages /usr/bin/cmake --install /workspace/jazzy_ws/build/ament_cmake_uncrustify
[0.222s] -- Install configuration: ""
[0.222s] -- Installing: /workspace/jazzy_ws/install/share/ament_index/resource_index/package_run_dependencies/ament_cmake_uncrustify
[0.222s] -- Installing: /workspace/jazzy_ws/install/share/ament_index/resource_index/parent_prefix_path/ament_cmake_uncrustify
[0.222s] -- Installing: /workspace/jazzy_ws/install/share/ament_cmake_uncrustify/environment/ament_prefix_path.sh
[0.222s] -- Installing: /workspace/jazzy_ws/install/share/ament_cmake_uncrustify/environment/ament_prefix_path.dsv
[0.222s] -- Installing: /workspace/jazzy_ws/install/share/ament_cmake_uncrustify/environment/path.sh
[0.222s] -- Installing: /workspace/jazzy_ws/install/share/ament_cmake_uncrustify/environment/path.dsv
[0.222s] -- Installing: /workspace/jazzy_ws/install/share/ament_cmake_uncrustify/local_setup.bash
[0.222s] -- Installing: /workspace/jazzy_ws/install/share/ament_cmake_uncrustify/local_setup.sh
[0.222s] -- Installing: /workspace/jazzy_ws/install/share/ament_cmake_uncrustify/local_setup.zsh
[0.223s] -- Installing: /workspace/jazzy_ws/install/share/ament_cmake_uncrustify/local_setup.dsv
[0.223s] -- Installing: /workspace/jazzy_ws/install/share/ament_cmake_uncrustify/package.dsv
[0.223s] -- Installing: /workspace/jazzy_ws/install/share/ament_index/resource_index/packages/ament_cmake_uncrustify
[0.223s] -- Installing: /workspace/jazzy_ws/install/share/ament_cmake_uncrustify/cmake/ament_cmake_uncrustify-extras.cmake
[0.223s] -- Installing: /workspace/jazzy_ws/install/share/ament_cmake_uncrustify/cmake/ament_cmake_uncrustifyConfig.cmake
[0.223s] -- Installing: /workspace/jazzy_ws/install/share/ament_cmake_uncrustify/cmake/ament_cmake_uncrustifyConfig-version.cmake
[0.223s] -- Installing: /workspace/jazzy_ws/install/share/ament_cmake_uncrustify/package.xml
[0.223s] -- Up-to-date: /workspace/jazzy_ws/install/share/ament_cmake_uncrustify/cmake
[0.223s] -- Installing: /workspace/jazzy_ws/install/share/ament_cmake_uncrustify/cmake/ament_uncrustify.cmake
[0.223s] -- Installing: /workspace/jazzy_ws/install/share/ament_cmake_uncrustify/cmake/ament_cmake_uncrustify_lint_hook.cmake
[0.224s] Invoked command in '/workspace/jazzy_ws/build/ament_cmake_uncrustify' returned '0': AMENT_PREFIX_PATH=/workspace/jazzy_ws/install CMAKE_PREFIX_PATH=/workspace/jazzy_ws/install LD_LIBRARY_PATH=/workspace/jazzy_ws/install/lib PATH=/workspace/jazzy_ws/install/bin:/workspace/jazzy_ws/install/opt/uncrustify_vendor/bin:${PATH} PKG_CONFIG_PATH=/workspace/jazzy_ws/install/lib/x86_64-linux-gnu/pkgconfig:/workspace/jazzy_ws/install/lib/pkgconfig PYTHONPATH=/workspace/jazzy_ws/install/lib/python3.12/site-packages /usr/bin/cmake --install /workspace/jazzy_ws/build/ament_cmake_uncrustify
