[0.304s] Invoking command in '/workspace/jazzy_ws/build/ament_cmake_lint_cmake': AMENT_PREFIX_PATH=/workspace/jazzy_ws/install CMAKE_PREFIX_PATH=/workspace/jazzy_ws/install LD_LIBRARY_PATH=/workspace/jazzy_ws/install/lib PATH=/workspace/jazzy_ws/install/bin:${PATH} PYTHONPATH=/workspace/jazzy_ws/install/lib/python3.12/site-packages /usr/bin/cmake /workspace/jazzy_ws/src/ament_lint/ament_cmake_lint_cmake -DCMAKE_INSTALL_PREFIX=/workspace/jazzy_ws/install
[0.311s] -- Found ament_cmake_core: 2.5.5 (/workspace/jazzy_ws/install/share/ament_cmake_core/cmake)
[0.431s] -- Found Python3: /usr/bin/python3 (found version "3.12.3") found components: Interpreter 
[0.538s] -- Found ament_cmake_test: 2.5.5 (/workspace/jazzy_ws/install/share/ament_cmake_test/cmake)
[0.662s] -- Configuring done (0.4s)
[0.670s] -- Generating done (0.0s)
[0.670s] -- Build files have been written to: /workspace/jazzy_ws/build/ament_cmake_lint_cmake
[0.670s] Invoked command in '/workspace/jazzy_ws/build/ament_cmake_lint_cmake' returned '0': AMENT_PREFIX_PATH=/workspace/jazzy_ws/install CMAKE_PREFIX_PATH=/workspace/jazzy_ws/install LD_LIBRARY_PATH=/workspace/jazzy_ws/install/lib PATH=/workspace/jazzy_ws/install/bin:${PATH} PYTHONPATH=/workspace/jazzy_ws/install/lib/python3.12/site-packages /usr/bin/cmake /workspace/jazzy_ws/src/ament_lint/ament_cmake_lint_cmake -DCMAKE_INSTALL_PREFIX=/workspace/jazzy_ws/install
[0.670s] Invoking command in '/workspace/jazzy_ws/build/ament_cmake_lint_cmake': AMENT_PREFIX_PATH=/workspace/jazzy_ws/install CMAKE_PREFIX_PATH=/workspace/jazzy_ws/install LD_LIBRARY_PATH=/workspace/jazzy_ws/install/lib PATH=/workspace/jazzy_ws/install/bin:${PATH} PYTHONPATH=/workspace/jazzy_ws/install/lib/python3.12/site-packages /usr/bin/cmake --build /workspace/jazzy_ws/build/ament_cmake_lint_cmake -- -j24 -l24
[0.765s] Invoked command in '/workspace/jazzy_ws/build/ament_cmake_lint_cmake' returned '0': AMENT_PREFIX_PATH=/workspace/jazzy_ws/install CMAKE_PREFIX_PATH=/workspace/jazzy_ws/install LD_LIBRARY_PATH=/workspace/jazzy_ws/install/lib PATH=/workspace/jazzy_ws/install/bin:${PATH} PYTHONPATH=/workspace/jazzy_ws/install/lib/python3.12/site-packages /usr/bin/cmake --build /workspace/jazzy_ws/build/ament_cmake_lint_cmake -- -j24 -l24
[0.765s] Invoking command in '/workspace/jazzy_ws/build/ament_cmake_lint_cmake': AMENT_PREFIX_PATH=/workspace/jazzy_ws/install CMAKE_PREFIX_PATH=/workspace/jazzy_ws/install LD_LIBRARY_PATH=/workspace/jazzy_ws/install/lib PATH=/workspace/jazzy_ws/install/bin:${PATH} PYTHONPATH=/workspace/jazzy_ws/install/lib/python3.12/site-packages /usr/bin/cmake --install /workspace/jazzy_ws/build/ament_cmake_lint_cmake
[0.772s] -- Install configuration: ""
[0.775s] -- Installing: /workspace/jazzy_ws/install/share/ament_index/resource_index/package_run_dependencies/ament_cmake_lint_cmake
[0.775s] -- Installing: /workspace/jazzy_ws/install/share/ament_index/resource_index/parent_prefix_path/ament_cmake_lint_cmake
[0.776s] -- Installing: /workspace/jazzy_ws/install/share/ament_cmake_lint_cmake/environment/ament_prefix_path.sh
[0.782s] -- Installing: /workspace/jazzy_ws/install/share/ament_cmake_lint_cmake/environment/ament_prefix_path.dsv
[0.782s] -- Installing: /workspace/jazzy_ws/install/share/ament_cmake_lint_cmake/environment/path.sh
[0.782s] -- Installing: /workspace/jazzy_ws/install/share/ament_cmake_lint_cmake/environment/path.dsv
[0.782s] -- Installing: /workspace/jazzy_ws/install/share/ament_cmake_lint_cmake/local_setup.bash
[0.782s] -- Installing: /workspace/jazzy_ws/install/share/ament_cmake_lint_cmake/local_setup.sh
[0.782s] -- Installing: /workspace/jazzy_ws/install/share/ament_cmake_lint_cmake/local_setup.zsh
[0.782s] -- Installing: /workspace/jazzy_ws/install/share/ament_cmake_lint_cmake/local_setup.dsv
[0.782s] -- Installing: /workspace/jazzy_ws/install/share/ament_cmake_lint_cmake/package.dsv
[0.782s] -- Installing: /workspace/jazzy_ws/install/share/ament_index/resource_index/packages/ament_cmake_lint_cmake
[0.782s] -- Installing: /workspace/jazzy_ws/install/share/ament_cmake_lint_cmake/cmake/ament_cmake_lint_cmake-extras.cmake
[0.782s] -- Installing: /workspace/jazzy_ws/install/share/ament_cmake_lint_cmake/cmake/ament_cmake_lint_cmakeConfig.cmake
[0.782s] -- Installing: /workspace/jazzy_ws/install/share/ament_cmake_lint_cmake/cmake/ament_cmake_lint_cmakeConfig-version.cmake
[0.783s] -- Installing: /workspace/jazzy_ws/install/share/ament_cmake_lint_cmake/package.xml
[0.783s] -- Up-to-date: /workspace/jazzy_ws/install/share/ament_cmake_lint_cmake/cmake
[0.783s] -- Installing: /workspace/jazzy_ws/install/share/ament_cmake_lint_cmake/cmake/ament_cmake_lint_cmake_lint_hook.cmake
[0.783s] -- Installing: /workspace/jazzy_ws/install/share/ament_cmake_lint_cmake/cmake/ament_lint_cmake.cmake
[0.783s] Invoked command in '/workspace/jazzy_ws/build/ament_cmake_lint_cmake' returned '0': AMENT_PREFIX_PATH=/workspace/jazzy_ws/install CMAKE_PREFIX_PATH=/workspace/jazzy_ws/install LD_LIBRARY_PATH=/workspace/jazzy_ws/install/lib PATH=/workspace/jazzy_ws/install/bin:${PATH} PYTHONPATH=/workspace/jazzy_ws/install/lib/python3.12/site-packages /usr/bin/cmake --install /workspace/jazzy_ws/build/ament_cmake_lint_cmake
