running egg_info
creating ../../../build/ros2node/ros2node.egg-info
writing ../../../build/ros2node/ros2node.egg-info/PKG-INFO
writing dependency_links to ../../../build/ros2node/ros2node.egg-info/dependency_links.txt
writing entry points to ../../../build/ros2node/ros2node.egg-info/entry_points.txt
writing requirements to ../../../build/ros2node/ros2node.egg-info/requires.txt
writing top-level names to ../../../build/ros2node/ros2node.egg-info/top_level.txt
writing manifest file '../../../build/ros2node/ros2node.egg-info/SOURCES.txt'
reading manifest file '../../../build/ros2node/ros2node.egg-info/SOURCES.txt'
writing manifest file '../../../build/ros2node/ros2node.egg-info/SOURCES.txt'
running build
running build_py
creating /workspace/jazzy_ws/build/ros2node/build/lib/ros2node
copying ros2node/__init__.py -> /workspace/jazzy_ws/build/ros2node/build/lib/ros2node
creating /workspace/jazzy_ws/build/ros2node/build/lib/ros2node/verb
copying ros2node/verb/__init__.py -> /workspace/jazzy_ws/build/ros2node/build/lib/ros2node/verb
copying ros2node/verb/info.py -> /workspace/jazzy_ws/build/ros2node/build/lib/ros2node/verb
copying ros2node/verb/list.py -> /workspace/jazzy_ws/build/ros2node/build/lib/ros2node/verb
creating /workspace/jazzy_ws/build/ros2node/build/lib/ros2node/command
copying ros2node/command/node.py -> /workspace/jazzy_ws/build/ros2node/build/lib/ros2node/command
copying ros2node/command/__init__.py -> /workspace/jazzy_ws/build/ros2node/build/lib/ros2node/command
creating /workspace/jazzy_ws/build/ros2node/build/lib/ros2node/api
copying ros2node/api/__init__.py -> /workspace/jazzy_ws/build/ros2node/build/lib/ros2node/api
running install
running install_lib
creating /workspace/jazzy_ws/install/lib/python3.12/site-packages/ros2node
creating /workspace/jazzy_ws/install/lib/python3.12/site-packages/ros2node/verb
copying /workspace/jazzy_ws/build/ros2node/build/lib/ros2node/verb/__init__.py -> /workspace/jazzy_ws/install/lib/python3.12/site-packages/ros2node/verb
copying /workspace/jazzy_ws/build/ros2node/build/lib/ros2node/verb/info.py -> /workspace/jazzy_ws/install/lib/python3.12/site-packages/ros2node/verb
copying /workspace/jazzy_ws/build/ros2node/build/lib/ros2node/verb/list.py -> /workspace/jazzy_ws/install/lib/python3.12/site-packages/ros2node/verb
copying /workspace/jazzy_ws/build/ros2node/build/lib/ros2node/__init__.py -> /workspace/jazzy_ws/install/lib/python3.12/site-packages/ros2node
creating /workspace/jazzy_ws/install/lib/python3.12/site-packages/ros2node/command
copying /workspace/jazzy_ws/build/ros2node/build/lib/ros2node/command/node.py -> /workspace/jazzy_ws/install/lib/python3.12/site-packages/ros2node/command
copying /workspace/jazzy_ws/build/ros2node/build/lib/ros2node/command/__init__.py -> /workspace/jazzy_ws/install/lib/python3.12/site-packages/ros2node/command
creating /workspace/jazzy_ws/install/lib/python3.12/site-packages/ros2node/api
copying /workspace/jazzy_ws/build/ros2node/build/lib/ros2node/api/__init__.py -> /workspace/jazzy_ws/install/lib/python3.12/site-packages/ros2node/api
byte-compiling /workspace/jazzy_ws/install/lib/python3.12/site-packages/ros2node/verb/__init__.py to __init__.cpython-312.pyc
byte-compiling /workspace/jazzy_ws/install/lib/python3.12/site-packages/ros2node/verb/info.py to info.cpython-312.pyc
byte-compiling /workspace/jazzy_ws/install/lib/python3.12/site-packages/ros2node/verb/list.py to list.cpython-312.pyc
byte-compiling /workspace/jazzy_ws/install/lib/python3.12/site-packages/ros2node/__init__.py to __init__.cpython-312.pyc
byte-compiling /workspace/jazzy_ws/install/lib/python3.12/site-packages/ros2node/command/node.py to node.cpython-312.pyc
byte-compiling /workspace/jazzy_ws/install/lib/python3.12/site-packages/ros2node/command/__init__.py to __init__.cpython-312.pyc
byte-compiling /workspace/jazzy_ws/install/lib/python3.12/site-packages/ros2node/api/__init__.py to __init__.cpython-312.pyc
running install_data
copying package.xml -> /workspace/jazzy_ws/install/share/ros2node
copying resource/ros2node -> /workspace/jazzy_ws/install/share/ament_index/resource_index/packages
running install_egg_info
Copying ../../../build/ros2node/ros2node.egg-info to /workspace/jazzy_ws/install/lib/python3.12/site-packages/ros2node-0.32.8-py3.12.egg-info
running install_scripts
writing list of installed files to '/workspace/jazzy_ws/build/ros2node/install.log'
