running egg_info
creating ../../../build/ros2cli/ros2cli.egg-info
writing ../../../build/ros2cli/ros2cli.egg-info/PKG-INFO
writing dependency_links to ../../../build/ros2cli/ros2cli.egg-info/dependency_links.txt
writing entry points to ../../../build/ros2cli/ros2cli.egg-info/entry_points.txt
writing requirements to ../../../build/ros2cli/ros2cli.egg-info/requires.txt
writing top-level names to ../../../build/ros2cli/ros2cli.egg-info/top_level.txt
writing manifest file '../../../build/ros2cli/ros2cli.egg-info/SOURCES.txt'
reading manifest file '../../../build/ros2cli/ros2cli.egg-info/SOURCES.txt'
writing manifest file '../../../build/ros2cli/ros2cli.egg-info/SOURCES.txt'
running build
running build_py
creating /workspace/jazzy_ws/build/ros2cli/build/lib/ros2cli
copying ros2cli/cli.py -> /workspace/jazzy_ws/build/ros2cli/build/lib/ros2cli
copying ros2cli/__init__.py -> /workspace/jazzy_ws/build/ros2cli/build/lib/ros2cli
copying ros2cli/entry_points.py -> /workspace/jazzy_ws/build/ros2cli/build/lib/ros2cli
copying ros2cli/helpers.py -> /workspace/jazzy_ws/build/ros2cli/build/lib/ros2cli
copying ros2cli/plugin_system.py -> /workspace/jazzy_ws/build/ros2cli/build/lib/ros2cli
creating /workspace/jazzy_ws/build/ros2cli/build/lib/ros2cli/daemon
copying ros2cli/daemon/__init__.py -> /workspace/jazzy_ws/build/ros2cli/build/lib/ros2cli/daemon
copying ros2cli/daemon/daemonize.py -> /workspace/jazzy_ws/build/ros2cli/build/lib/ros2cli/daemon
creating /workspace/jazzy_ws/build/ros2cli/build/lib/ros2cli/verb
copying ros2cli/verb/__init__.py -> /workspace/jazzy_ws/build/ros2cli/build/lib/ros2cli/verb
creating /workspace/jazzy_ws/build/ros2cli/build/lib/ros2cli/xmlrpc
copying ros2cli/xmlrpc/client.py -> /workspace/jazzy_ws/build/ros2cli/build/lib/ros2cli/xmlrpc
copying ros2cli/xmlrpc/__init__.py -> /workspace/jazzy_ws/build/ros2cli/build/lib/ros2cli/xmlrpc
copying ros2cli/xmlrpc/local_server.py -> /workspace/jazzy_ws/build/ros2cli/build/lib/ros2cli/xmlrpc
creating /workspace/jazzy_ws/build/ros2cli/build/lib/ros2cli/command
copying ros2cli/command/__init__.py -> /workspace/jazzy_ws/build/ros2cli/build/lib/ros2cli/command
copying ros2cli/command/extension_points.py -> /workspace/jazzy_ws/build/ros2cli/build/lib/ros2cli/command
copying ros2cli/command/extensions.py -> /workspace/jazzy_ws/build/ros2cli/build/lib/ros2cli/command
copying ros2cli/command/daemon.py -> /workspace/jazzy_ws/build/ros2cli/build/lib/ros2cli/command
creating /workspace/jazzy_ws/build/ros2cli/build/lib/ros2cli/node
copying ros2cli/node/direct.py -> /workspace/jazzy_ws/build/ros2cli/build/lib/ros2cli/node
copying ros2cli/node/__init__.py -> /workspace/jazzy_ws/build/ros2cli/build/lib/ros2cli/node
copying ros2cli/node/network_aware.py -> /workspace/jazzy_ws/build/ros2cli/build/lib/ros2cli/node
copying ros2cli/node/strategy.py -> /workspace/jazzy_ws/build/ros2cli/build/lib/ros2cli/node
copying ros2cli/node/daemon.py -> /workspace/jazzy_ws/build/ros2cli/build/lib/ros2cli/node
creating /workspace/jazzy_ws/build/ros2cli/build/lib/ros2cli/verb/daemon
copying ros2cli/verb/daemon/start.py -> /workspace/jazzy_ws/build/ros2cli/build/lib/ros2cli/verb/daemon
copying ros2cli/verb/daemon/status.py -> /workspace/jazzy_ws/build/ros2cli/build/lib/ros2cli/verb/daemon
copying ros2cli/verb/daemon/stop.py -> /workspace/jazzy_ws/build/ros2cli/build/lib/ros2cli/verb/daemon
copying ros2cli/verb/daemon/__init__.py -> /workspace/jazzy_ws/build/ros2cli/build/lib/ros2cli/verb/daemon
creating /workspace/jazzy_ws/build/ros2cli/build/lib/ros2cli/xmlrpc/marshal
copying ros2cli/xmlrpc/marshal/rclpy.py -> /workspace/jazzy_ws/build/ros2cli/build/lib/ros2cli/xmlrpc/marshal
copying ros2cli/xmlrpc/marshal/__init__.py -> /workspace/jazzy_ws/build/ros2cli/build/lib/ros2cli/xmlrpc/marshal
copying ros2cli/xmlrpc/marshal/generic.py -> /workspace/jazzy_ws/build/ros2cli/build/lib/ros2cli/xmlrpc/marshal
running install
running install_lib
creating /workspace/jazzy_ws/install/lib/python3.12/site-packages/ros2cli
creating /workspace/jazzy_ws/install/lib/python3.12/site-packages/ros2cli/daemon
copying /workspace/jazzy_ws/build/ros2cli/build/lib/ros2cli/daemon/__init__.py -> /workspace/jazzy_ws/install/lib/python3.12/site-packages/ros2cli/daemon
copying /workspace/jazzy_ws/build/ros2cli/build/lib/ros2cli/daemon/daemonize.py -> /workspace/jazzy_ws/install/lib/python3.12/site-packages/ros2cli/daemon
creating /workspace/jazzy_ws/install/lib/python3.12/site-packages/ros2cli/verb
creating /workspace/jazzy_ws/install/lib/python3.12/site-packages/ros2cli/verb/daemon
copying /workspace/jazzy_ws/build/ros2cli/build/lib/ros2cli/verb/daemon/start.py -> /workspace/jazzy_ws/install/lib/python3.12/site-packages/ros2cli/verb/daemon
copying /workspace/jazzy_ws/build/ros2cli/build/lib/ros2cli/verb/daemon/status.py -> /workspace/jazzy_ws/install/lib/python3.12/site-packages/ros2cli/verb/daemon
copying /workspace/jazzy_ws/build/ros2cli/build/lib/ros2cli/verb/daemon/stop.py -> /workspace/jazzy_ws/install/lib/python3.12/site-packages/ros2cli/verb/daemon
copying /workspace/jazzy_ws/build/ros2cli/build/lib/ros2cli/verb/daemon/__init__.py -> /workspace/jazzy_ws/install/lib/python3.12/site-packages/ros2cli/verb/daemon
copying /workspace/jazzy_ws/build/ros2cli/build/lib/ros2cli/verb/__init__.py -> /workspace/jazzy_ws/install/lib/python3.12/site-packages/ros2cli/verb
creating /workspace/jazzy_ws/install/lib/python3.12/site-packages/ros2cli/xmlrpc
creating /workspace/jazzy_ws/install/lib/python3.12/site-packages/ros2cli/xmlrpc/marshal
copying /workspace/jazzy_ws/build/ros2cli/build/lib/ros2cli/xmlrpc/marshal/rclpy.py -> /workspace/jazzy_ws/install/lib/python3.12/site-packages/ros2cli/xmlrpc/marshal
copying /workspace/jazzy_ws/build/ros2cli/build/lib/ros2cli/xmlrpc/marshal/__init__.py -> /workspace/jazzy_ws/install/lib/python3.12/site-packages/ros2cli/xmlrpc/marshal
copying /workspace/jazzy_ws/build/ros2cli/build/lib/ros2cli/xmlrpc/marshal/generic.py -> /workspace/jazzy_ws/install/lib/python3.12/site-packages/ros2cli/xmlrpc/marshal
copying /workspace/jazzy_ws/build/ros2cli/build/lib/ros2cli/xmlrpc/client.py -> /workspace/jazzy_ws/install/lib/python3.12/site-packages/ros2cli/xmlrpc
copying /workspace/jazzy_ws/build/ros2cli/build/lib/ros2cli/xmlrpc/__init__.py -> /workspace/jazzy_ws/install/lib/python3.12/site-packages/ros2cli/xmlrpc
copying /workspace/jazzy_ws/build/ros2cli/build/lib/ros2cli/xmlrpc/local_server.py -> /workspace/jazzy_ws/install/lib/python3.12/site-packages/ros2cli/xmlrpc
copying /workspace/jazzy_ws/build/ros2cli/build/lib/ros2cli/cli.py -> /workspace/jazzy_ws/install/lib/python3.12/site-packages/ros2cli
copying /workspace/jazzy_ws/build/ros2cli/build/lib/ros2cli/__init__.py -> /workspace/jazzy_ws/install/lib/python3.12/site-packages/ros2cli
creating /workspace/jazzy_ws/install/lib/python3.12/site-packages/ros2cli/command
copying /workspace/jazzy_ws/build/ros2cli/build/lib/ros2cli/command/__init__.py -> /workspace/jazzy_ws/install/lib/python3.12/site-packages/ros2cli/command
copying /workspace/jazzy_ws/build/ros2cli/build/lib/ros2cli/command/extension_points.py -> /workspace/jazzy_ws/install/lib/python3.12/site-packages/ros2cli/command
copying /workspace/jazzy_ws/build/ros2cli/build/lib/ros2cli/command/extensions.py -> /workspace/jazzy_ws/install/lib/python3.12/site-packages/ros2cli/command
copying /workspace/jazzy_ws/build/ros2cli/build/lib/ros2cli/command/daemon.py -> /workspace/jazzy_ws/install/lib/python3.12/site-packages/ros2cli/command
creating /workspace/jazzy_ws/install/lib/python3.12/site-packages/ros2cli/node
copying /workspace/jazzy_ws/build/ros2cli/build/lib/ros2cli/node/direct.py -> /workspace/jazzy_ws/install/lib/python3.12/site-packages/ros2cli/node
copying /workspace/jazzy_ws/build/ros2cli/build/lib/ros2cli/node/__init__.py -> /workspace/jazzy_ws/install/lib/python3.12/site-packages/ros2cli/node
copying /workspace/jazzy_ws/build/ros2cli/build/lib/ros2cli/node/network_aware.py -> /workspace/jazzy_ws/install/lib/python3.12/site-packages/ros2cli/node
copying /workspace/jazzy_ws/build/ros2cli/build/lib/ros2cli/node/strategy.py -> /workspace/jazzy_ws/install/lib/python3.12/site-packages/ros2cli/node
copying /workspace/jazzy_ws/build/ros2cli/build/lib/ros2cli/node/daemon.py -> /workspace/jazzy_ws/install/lib/python3.12/site-packages/ros2cli/node
copying /workspace/jazzy_ws/build/ros2cli/build/lib/ros2cli/entry_points.py -> /workspace/jazzy_ws/install/lib/python3.12/site-packages/ros2cli
copying /workspace/jazzy_ws/build/ros2cli/build/lib/ros2cli/helpers.py -> /workspace/jazzy_ws/install/lib/python3.12/site-packages/ros2cli
copying /workspace/jazzy_ws/build/ros2cli/build/lib/ros2cli/plugin_system.py -> /workspace/jazzy_ws/install/lib/python3.12/site-packages/ros2cli
byte-compiling /workspace/jazzy_ws/install/lib/python3.12/site-packages/ros2cli/daemon/__init__.py to __init__.cpython-312.pyc
byte-compiling /workspace/jazzy_ws/install/lib/python3.12/site-packages/ros2cli/daemon/daemonize.py to daemonize.cpython-312.pyc
byte-compiling /workspace/jazzy_ws/install/lib/python3.12/site-packages/ros2cli/verb/daemon/start.py to start.cpython-312.pyc
byte-compiling /workspace/jazzy_ws/install/lib/python3.12/site-packages/ros2cli/verb/daemon/status.py to status.cpython-312.pyc
byte-compiling /workspace/jazzy_ws/install/lib/python3.12/site-packages/ros2cli/verb/daemon/stop.py to stop.cpython-312.pyc
byte-compiling /workspace/jazzy_ws/install/lib/python3.12/site-packages/ros2cli/verb/daemon/__init__.py to __init__.cpython-312.pyc
byte-compiling /workspace/jazzy_ws/install/lib/python3.12/site-packages/ros2cli/verb/__init__.py to __init__.cpython-312.pyc
byte-compiling /workspace/jazzy_ws/install/lib/python3.12/site-packages/ros2cli/xmlrpc/marshal/rclpy.py to rclpy.cpython-312.pyc
byte-compiling /workspace/jazzy_ws/install/lib/python3.12/site-packages/ros2cli/xmlrpc/marshal/__init__.py to __init__.cpython-312.pyc
byte-compiling /workspace/jazzy_ws/install/lib/python3.12/site-packages/ros2cli/xmlrpc/marshal/generic.py to generic.cpython-312.pyc
byte-compiling /workspace/jazzy_ws/install/lib/python3.12/site-packages/ros2cli/xmlrpc/client.py to client.cpython-312.pyc
byte-compiling /workspace/jazzy_ws/install/lib/python3.12/site-packages/ros2cli/xmlrpc/__init__.py to __init__.cpython-312.pyc
byte-compiling /workspace/jazzy_ws/install/lib/python3.12/site-packages/ros2cli/xmlrpc/local_server.py to local_server.cpython-312.pyc
byte-compiling /workspace/jazzy_ws/install/lib/python3.12/site-packages/ros2cli/cli.py to cli.cpython-312.pyc
byte-compiling /workspace/jazzy_ws/install/lib/python3.12/site-packages/ros2cli/__init__.py to __init__.cpython-312.pyc
byte-compiling /workspace/jazzy_ws/install/lib/python3.12/site-packages/ros2cli/command/__init__.py to __init__.cpython-312.pyc
byte-compiling /workspace/jazzy_ws/install/lib/python3.12/site-packages/ros2cli/command/extension_points.py to extension_points.cpython-312.pyc
byte-compiling /workspace/jazzy_ws/install/lib/python3.12/site-packages/ros2cli/command/extensions.py to extensions.cpython-312.pyc
byte-compiling /workspace/jazzy_ws/install/lib/python3.12/site-packages/ros2cli/command/daemon.py to daemon.cpython-312.pyc
byte-compiling /workspace/jazzy_ws/install/lib/python3.12/site-packages/ros2cli/node/direct.py to direct.cpython-312.pyc
byte-compiling /workspace/jazzy_ws/install/lib/python3.12/site-packages/ros2cli/node/__init__.py to __init__.cpython-312.pyc
byte-compiling /workspace/jazzy_ws/install/lib/python3.12/site-packages/ros2cli/node/network_aware.py to network_aware.cpython-312.pyc
byte-compiling /workspace/jazzy_ws/install/lib/python3.12/site-packages/ros2cli/node/strategy.py to strategy.cpython-312.pyc
byte-compiling /workspace/jazzy_ws/install/lib/python3.12/site-packages/ros2cli/node/daemon.py to daemon.cpython-312.pyc
byte-compiling /workspace/jazzy_ws/install/lib/python3.12/site-packages/ros2cli/entry_points.py to entry_points.cpython-312.pyc
byte-compiling /workspace/jazzy_ws/install/lib/python3.12/site-packages/ros2cli/helpers.py to helpers.cpython-312.pyc
byte-compiling /workspace/jazzy_ws/install/lib/python3.12/site-packages/ros2cli/plugin_system.py to plugin_system.cpython-312.pyc
running install_data
copying resource/ros2cli -> /workspace/jazzy_ws/install/share/ament_index/resource_index/packages
copying package.xml -> /workspace/jazzy_ws/install/share/ros2cli
copying resource/package.dsv -> /workspace/jazzy_ws/install/share/ros2cli
creating /workspace/jazzy_ws/install/share/ros2cli/environment
copying completion/ros2-argcomplete.bash -> /workspace/jazzy_ws/install/share/ros2cli/environment
copying completion/ros2-argcomplete.zsh -> /workspace/jazzy_ws/install/share/ros2cli/environment
running install_egg_info
Copying ../../../build/ros2cli/ros2cli.egg-info to /workspace/jazzy_ws/install/lib/python3.12/site-packages/ros2cli-0.32.8-py3.12.egg-info
running install_scripts
Installing _ros2_daemon script to /workspace/jazzy_ws/install/bin
Installing ros2 script to /workspace/jazzy_ws/install/bin
writing list of installed files to '/workspace/jazzy_ws/build/ros2cli/install.log'
