[0.117s] Invoking command in '/workspace/jazzy_ws/build/common_interfaces': AMENT_PREFIX_PATH=/workspace/jazzy_ws/install CMAKE_PREFIX_PATH=/workspace/jazzy_ws/install LD_LIBRARY_PATH=/workspace/jazzy_ws/install/lib:/workspace/jazzy_ws/install/opt/mimick_vendor/lib PATH=/workspace/jazzy_ws/install/bin:/workspace/jazzy_ws/install/opt/uncrustify_vendor/bin:${PATH} PKG_CONFIG_PATH=/workspace/jazzy_ws/install/lib/x86_64-linux-gnu/pkgconfig:/workspace/jazzy_ws/install/lib/pkgconfig PYTHONPATH=/workspace/jazzy_ws/install/lib/python3.12/site-packages /usr/bin/cmake /workspace/jazzy_ws/src/common_interfaces/common_interfaces -DCMAKE_INSTALL_PREFIX=/workspace/jazzy_ws/install
[0.129s] -- Found ament_cmake: 2.5.5 (/workspace/jazzy_ws/install/share/ament_cmake/cmake)
[0.228s] -- Found Python3: /usr/bin/python3 (found version "3.12.3") found components: Interpreter 
[0.298s] -- Found ament_lint_auto: 0.17.4 (/workspace/jazzy_ws/install/share/ament_lint_auto/cmake)
[0.380s] -- Added test 'copyright' to check source files copyright and LICENSE
[0.386s] -- Added test 'lint_cmake' to check CMake code style
[0.389s] -- Added test 'xmllint' to check XML markup files
[0.390s] -- Configuring done (0.3s)
[0.392s] -- Generating done (0.0s)
[0.393s] -- Build files have been written to: /workspace/jazzy_ws/build/common_interfaces
[0.395s] Invoked command in '/workspace/jazzy_ws/build/common_interfaces' returned '0': AMENT_PREFIX_PATH=/workspace/jazzy_ws/install CMAKE_PREFIX_PATH=/workspace/jazzy_ws/install LD_LIBRARY_PATH=/workspace/jazzy_ws/install/lib:/workspace/jazzy_ws/install/opt/mimick_vendor/lib PATH=/workspace/jazzy_ws/install/bin:/workspace/jazzy_ws/install/opt/uncrustify_vendor/bin:${PATH} PKG_CONFIG_PATH=/workspace/jazzy_ws/install/lib/x86_64-linux-gnu/pkgconfig:/workspace/jazzy_ws/install/lib/pkgconfig PYTHONPATH=/workspace/jazzy_ws/install/lib/python3.12/site-packages /usr/bin/cmake /workspace/jazzy_ws/src/common_interfaces/common_interfaces -DCMAKE_INSTALL_PREFIX=/workspace/jazzy_ws/install
[0.396s] Invoking command in '/workspace/jazzy_ws/build/common_interfaces': AMENT_PREFIX_PATH=/workspace/jazzy_ws/install CMAKE_PREFIX_PATH=/workspace/jazzy_ws/install LD_LIBRARY_PATH=/workspace/jazzy_ws/install/lib:/workspace/jazzy_ws/install/opt/mimick_vendor/lib PATH=/workspace/jazzy_ws/install/bin:/workspace/jazzy_ws/install/opt/uncrustify_vendor/bin:${PATH} PKG_CONFIG_PATH=/workspace/jazzy_ws/install/lib/x86_64-linux-gnu/pkgconfig:/workspace/jazzy_ws/install/lib/pkgconfig PYTHONPATH=/workspace/jazzy_ws/install/lib/python3.12/site-packages /usr/bin/cmake --build /workspace/jazzy_ws/build/common_interfaces -- -j24 -l24
[0.422s] Invoked command in '/workspace/jazzy_ws/build/common_interfaces' returned '0': AMENT_PREFIX_PATH=/workspace/jazzy_ws/install CMAKE_PREFIX_PATH=/workspace/jazzy_ws/install LD_LIBRARY_PATH=/workspace/jazzy_ws/install/lib:/workspace/jazzy_ws/install/opt/mimick_vendor/lib PATH=/workspace/jazzy_ws/install/bin:/workspace/jazzy_ws/install/opt/uncrustify_vendor/bin:${PATH} PKG_CONFIG_PATH=/workspace/jazzy_ws/install/lib/x86_64-linux-gnu/pkgconfig:/workspace/jazzy_ws/install/lib/pkgconfig PYTHONPATH=/workspace/jazzy_ws/install/lib/python3.12/site-packages /usr/bin/cmake --build /workspace/jazzy_ws/build/common_interfaces -- -j24 -l24
[0.423s] Invoking command in '/workspace/jazzy_ws/build/common_interfaces': AMENT_PREFIX_PATH=/workspace/jazzy_ws/install CMAKE_PREFIX_PATH=/workspace/jazzy_ws/install LD_LIBRARY_PATH=/workspace/jazzy_ws/install/lib:/workspace/jazzy_ws/install/opt/mimick_vendor/lib PATH=/workspace/jazzy_ws/install/bin:/workspace/jazzy_ws/install/opt/uncrustify_vendor/bin:${PATH} PKG_CONFIG_PATH=/workspace/jazzy_ws/install/lib/x86_64-linux-gnu/pkgconfig:/workspace/jazzy_ws/install/lib/pkgconfig PYTHONPATH=/workspace/jazzy_ws/install/lib/python3.12/site-packages /usr/bin/cmake --install /workspace/jazzy_ws/build/common_interfaces
[0.429s] -- Install configuration: ""
[0.430s] -- Installing: /workspace/jazzy_ws/install/share/ament_index/resource_index/package_run_dependencies/common_interfaces
[0.430s] -- Installing: /workspace/jazzy_ws/install/share/ament_index/resource_index/parent_prefix_path/common_interfaces
[0.430s] -- Installing: /workspace/jazzy_ws/install/share/common_interfaces/environment/ament_prefix_path.sh
[0.430s] -- Installing: /workspace/jazzy_ws/install/share/common_interfaces/environment/ament_prefix_path.dsv
[0.430s] -- Installing: /workspace/jazzy_ws/install/share/common_interfaces/environment/path.sh
[0.430s] -- Installing: /workspace/jazzy_ws/install/share/common_interfaces/environment/path.dsv
[0.430s] -- Installing: /workspace/jazzy_ws/install/share/common_interfaces/local_setup.bash
[0.430s] -- Installing: /workspace/jazzy_ws/install/share/common_interfaces/local_setup.sh
[0.430s] -- Installing: /workspace/jazzy_ws/install/share/common_interfaces/local_setup.zsh
[0.430s] -- Installing: /workspace/jazzy_ws/install/share/common_interfaces/local_setup.dsv
[0.430s] -- Installing: /workspace/jazzy_ws/install/share/common_interfaces/package.dsv
[0.430s] -- Installing: /workspace/jazzy_ws/install/share/ament_index/resource_index/packages/common_interfaces
[0.430s] -- Installing: /workspace/jazzy_ws/install/share/common_interfaces/cmake/common_interfacesConfig.cmake
[0.430s] -- Installing: /workspace/jazzy_ws/install/share/common_interfaces/cmake/common_interfacesConfig-version.cmake
[0.430s] -- Installing: /workspace/jazzy_ws/install/share/common_interfaces/package.xml
[0.431s] Invoked command in '/workspace/jazzy_ws/build/common_interfaces' returned '0': AMENT_PREFIX_PATH=/workspace/jazzy_ws/install CMAKE_PREFIX_PATH=/workspace/jazzy_ws/install LD_LIBRARY_PATH=/workspace/jazzy_ws/install/lib:/workspace/jazzy_ws/install/opt/mimick_vendor/lib PATH=/workspace/jazzy_ws/install/bin:/workspace/jazzy_ws/install/opt/uncrustify_vendor/bin:${PATH} PKG_CONFIG_PATH=/workspace/jazzy_ws/install/lib/x86_64-linux-gnu/pkgconfig:/workspace/jazzy_ws/install/lib/pkgconfig PYTHONPATH=/workspace/jazzy_ws/install/lib/python3.12/site-packages /usr/bin/cmake --install /workspace/jazzy_ws/build/common_interfaces
