/usr/local/lib/python3.12/dist-packages/setuptools/_distutils/dist.py:287: UserWarning: Unknown distribution option: 'tests_require'
  warnings.warn(msg)
/usr/local/lib/python3.12/dist-packages/setuptools/dist.py:765: SetuptoolsDeprecationWarning: License classifiers are deprecated.
!!

        ********************************************************************************
        Please consider removing the following classifiers in favor of a SPDX license expression:

        License :: OSI Approved :: Apache Software License

        See https://packaging.python.org/en/latest/guides/writing-pyproject-toml/#license for details.
        ********************************************************************************

!!
  self._finalize_license_expression()
running egg_info
creating ../../../build/ament_lint/ament_lint.egg-info
writing ../../../build/ament_lint/ament_lint.egg-info/PKG-INFO
writing dependency_links to ../../../build/ament_lint/ament_lint.egg-info/dependency_links.txt
writing entry points to ../../../build/ament_lint/ament_lint.egg-info/entry_points.txt
writing requirements to ../../../build/ament_lint/ament_lint.egg-info/requires.txt
writing top-level names to ../../../build/ament_lint/ament_lint.egg-info/top_level.txt
writing manifest file '../../../build/ament_lint/ament_lint.egg-info/SOURCES.txt'
reading manifest file '../../../build/ament_lint/ament_lint.egg-info/SOURCES.txt'
writing manifest file '../../../build/ament_lint/ament_lint.egg-info/SOURCES.txt'
running build
running build_py
creating /workspace/jazzy_ws/build/ament_lint/build/lib/ament_lint
copying ament_lint/pytest_marker.py -> /workspace/jazzy_ws/build/ament_lint/build/lib/ament_lint
copying ament_lint/__init__.py -> /workspace/jazzy_ws/build/ament_lint/build/lib/ament_lint
running install
running install_lib
creating /workspace/jazzy_ws/install/lib/python3.12/site-packages/ament_lint
copying /workspace/jazzy_ws/build/ament_lint/build/lib/ament_lint/pytest_marker.py -> /workspace/jazzy_ws/install/lib/python3.12/site-packages/ament_lint
copying /workspace/jazzy_ws/build/ament_lint/build/lib/ament_lint/__init__.py -> /workspace/jazzy_ws/install/lib/python3.12/site-packages/ament_lint
byte-compiling /workspace/jazzy_ws/install/lib/python3.12/site-packages/ament_lint/pytest_marker.py to pytest_marker.cpython-312.pyc
byte-compiling /workspace/jazzy_ws/install/lib/python3.12/site-packages/ament_lint/__init__.py to __init__.cpython-312.pyc
running install_data
copying package.xml -> /workspace/jazzy_ws/install/share/ament_lint
creating /workspace/jazzy_ws/install/share/ament_index/resource_index/packages
copying resource/ament_lint -> /workspace/jazzy_ws/install/share/ament_index/resource_index/packages
running install_egg_info
Copying ../../../build/ament_lint/ament_lint.egg-info to /workspace/jazzy_ws/install/lib/python3.12/site-packages/ament_lint-0.17.4-py3.12.egg-info
running install_scripts
writing list of installed files to '/workspace/jazzy_ws/build/ament_lint/install.log'
