[0.522s] Invoking command in '/workspace/jazzy_ws/src/ament_lint/ament_lint': PYTHONPATH=/workspace/jazzy_ws/build/ament_lint/prefix_override:/usr/lib/python3/dist-packages/colcon_core/task/python/colcon_distutils_commands:/workspace/jazzy_ws/install/lib/python3.12/site-packages: /usr/bin/python3 -W ignore:setup.py install is deprecated -W ignore:easy_install command is deprecated setup.py egg_info --egg-base ../../../build/ament_lint build --build-base /workspace/jazzy_ws/build/ament_lint/build install --record /workspace/jazzy_ws/build/ament_lint/install.log --single-version-externally-managed install_data
[0.593s] /usr/local/lib/python3.12/dist-packages/setuptools/_distutils/dist.py:287: UserWarning: Unknown distribution option: 'tests_require'
[0.593s]   warnings.warn(msg)
[0.600s] /usr/local/lib/python3.12/dist-packages/setuptools/dist.py:765: SetuptoolsDeprecationWarning: License classifiers are deprecated.
[0.600s] !!
[0.600s] 
[0.600s]         ********************************************************************************
[0.600s]         Please consider removing the following classifiers in favor of a SPDX license expression:
[0.600s] 
[0.600s]         License :: OSI Approved :: Apache Software License
[0.600s] 
[0.601s]         See https://packaging.python.org/en/latest/guides/writing-pyproject-toml/#license for details.
[0.601s]         ********************************************************************************
[0.601s] 
[0.601s] !!
[0.601s]   self._finalize_license_expression()
[0.615s] running egg_info
[0.618s] creating ../../../build/ament_lint/ament_lint.egg-info
[0.618s] writing ../../../build/ament_lint/ament_lint.egg-info/PKG-INFO
[0.619s] writing dependency_links to ../../../build/ament_lint/ament_lint.egg-info/dependency_links.txt
[0.619s] writing entry points to ../../../build/ament_lint/ament_lint.egg-info/entry_points.txt
[0.619s] writing requirements to ../../../build/ament_lint/ament_lint.egg-info/requires.txt
[0.620s] writing top-level names to ../../../build/ament_lint/ament_lint.egg-info/top_level.txt
[0.620s] writing manifest file '../../../build/ament_lint/ament_lint.egg-info/SOURCES.txt'
[0.627s] reading manifest file '../../../build/ament_lint/ament_lint.egg-info/SOURCES.txt'
[0.628s] writing manifest file '../../../build/ament_lint/ament_lint.egg-info/SOURCES.txt'
[0.628s] running build
[0.628s] running build_py
[0.628s] creating /workspace/jazzy_ws/build/ament_lint/build/lib/ament_lint
[0.629s] copying ament_lint/pytest_marker.py -> /workspace/jazzy_ws/build/ament_lint/build/lib/ament_lint
[0.629s] copying ament_lint/__init__.py -> /workspace/jazzy_ws/build/ament_lint/build/lib/ament_lint
[0.629s] running install
[0.631s] running install_lib
[0.634s] creating /workspace/jazzy_ws/install/lib/python3.12/site-packages/ament_lint
[0.634s] copying /workspace/jazzy_ws/build/ament_lint/build/lib/ament_lint/pytest_marker.py -> /workspace/jazzy_ws/install/lib/python3.12/site-packages/ament_lint
[0.634s] copying /workspace/jazzy_ws/build/ament_lint/build/lib/ament_lint/__init__.py -> /workspace/jazzy_ws/install/lib/python3.12/site-packages/ament_lint
[0.634s] byte-compiling /workspace/jazzy_ws/install/lib/python3.12/site-packages/ament_lint/pytest_marker.py to pytest_marker.cpython-312.pyc
[0.634s] byte-compiling /workspace/jazzy_ws/install/lib/python3.12/site-packages/ament_lint/__init__.py to __init__.cpython-312.pyc
[0.634s] running install_data
[0.634s] copying package.xml -> /workspace/jazzy_ws/install/share/ament_lint
[0.635s] creating /workspace/jazzy_ws/install/share/ament_index/resource_index/packages
[0.635s] copying resource/ament_lint -> /workspace/jazzy_ws/install/share/ament_index/resource_index/packages
[0.635s] running install_egg_info
[0.639s] Copying ../../../build/ament_lint/ament_lint.egg-info to /workspace/jazzy_ws/install/lib/python3.12/site-packages/ament_lint-0.17.4-py3.12.egg-info
[0.639s] running install_scripts
[0.646s] writing list of installed files to '/workspace/jazzy_ws/build/ament_lint/install.log'
[0.670s] Invoked command in '/workspace/jazzy_ws/src/ament_lint/ament_lint' returned '0': PYTHONPATH=/workspace/jazzy_ws/build/ament_lint/prefix_override:/usr/lib/python3/dist-packages/colcon_core/task/python/colcon_distutils_commands:/workspace/jazzy_ws/install/lib/python3.12/site-packages: /usr/bin/python3 -W ignore:setup.py install is deprecated -W ignore:easy_install command is deprecated setup.py egg_info --egg-base ../../../build/ament_lint build --build-base /workspace/jazzy_ws/build/ament_lint/build install --record /workspace/jazzy_ws/build/ament_lint/install.log --single-version-externally-managed install_data
