-- The C compiler identification is GNU 13.3.0
-- The CXX compiler identification is GNU 13.3.0
-- Detecting C compiler ABI info
-- Detecting C compiler ABI info - done
-- Check for working C compiler: /usr/bin/cc - skipped
-- Detecting C compile features
-- Detecting C compile features - done
-- Detecting CXX compiler ABI info
-- Detecting CXX compiler ABI info - done
-- Check for working CXX compiler: /usr/bin/c++ - skipped
-- Detecting CXX compile features
-- Detecting CXX compile features - done
-- Found ament_cmake: 2.5.5 (/workspace/jazzy_ws/install/share/ament_cmake/cmake)
-- Found Python3: /usr/bin/python3 (found version "3.12.3") found components: Interpreter 
-- Found geometry_msgs: 5.3.6 (/workspace/jazzy_ws/install/share/geometry_msgs/cmake)
-- Found rosidl_generator_c: 4.6.7 (/workspace/jazzy_ws/install/share/rosidl_generator_c/cmake)
-- Found rosidl_generator_cpp: 4.6.7 (/workspace/jazzy_ws/install/share/rosidl_generator_cpp/cmake)
-- Using all available rosidl_typesupport_c: rosidl_typesupport_fastrtps_c;rosidl_typesupport_introspection_c
-- Using all available rosidl_typesupport_cpp: rosidl_typesupport_fastrtps_cpp;rosidl_typesupport_introspection_cpp
-- Found rosidl_default_generators: 1.6.0 (/workspace/jazzy_ws/install/share/rosidl_default_generators/cmake)
-- Found rosidl_adapter: 4.6.7 (/workspace/jazzy_ws/install/share/rosidl_adapter/cmake)
-- Found ament_cmake_cppcheck: 0.17.4 (/workspace/jazzy_ws/install/share/ament_cmake_cppcheck/cmake)
-- Found ament_cmake_cpplint: 0.17.4 (/workspace/jazzy_ws/install/share/ament_cmake_cpplint/cmake)
-- Found ament_cmake_uncrustify: 0.17.4 (/workspace/jazzy_ws/install/share/ament_cmake_uncrustify/cmake)
-- Found ament_cmake_ros: 0.12.0 (/workspace/jazzy_ws/install/share/ament_cmake_ros/cmake)
-- Using all available rosidl_typesupport_c: rosidl_typesupport_fastrtps_c;rosidl_typesupport_introspection_c
-- Using all available rosidl_typesupport_cpp: rosidl_typesupport_fastrtps_cpp;rosidl_typesupport_introspection_cpp
-- Found python_cmake_module: 0.11.1 (/workspace/jazzy_ws/install/share/python_cmake_module/cmake)
-- Found PythonExtra: /usr/bin/python3  
-- Found Python3: /usr/bin/python3 (found version "3.12.3") found components: Interpreter Development NumPy Development.Module Development.Embed 
-- Found ament_cmake_flake8: 0.17.4 (/workspace/jazzy_ws/install/share/ament_cmake_flake8/cmake)
-- Found ament_cmake_pep257: 0.17.4 (/workspace/jazzy_ws/install/share/ament_cmake_pep257/cmake)
-- Configuring done (2.1s)
-- Generating done (0.0s)
-- Build files have been written to: /workspace/jazzy_ws/build/shape_msgs
[  1%] Generating type hashes for ROS interfaces
[  1%] Built target ament_cmake_python_copy_shape_msgs
running egg_info
creating shape_msgs.egg-info
writing shape_msgs.egg-info/PKG-INFO
writing dependency_links to shape_msgs.egg-info/dependency_links.txt
writing top-level names to shape_msgs.egg-info/top_level.txt
writing manifest file 'shape_msgs.egg-info/SOURCES.txt'
reading manifest file 'shape_msgs.egg-info/SOURCES.txt'
writing manifest file 'shape_msgs.egg-info/SOURCES.txt'
[  1%] Built target ament_cmake_python_build_shape_msgs_egg
[  1%] Built target shape_msgs__rosidl_generator_type_description
[  3%] Generating C code for ROS interfaces
[  4%] Generating C++ code for ROS interfaces
[  4%] Built target shape_msgs__cpp
[  6%] Building C object CMakeFiles/shape_msgs__rosidl_generator_c.dir/rosidl_generator_c/shape_msgs/msg/detail/mesh__type_support.c.o
[  7%] Building C object CMakeFiles/shape_msgs__rosidl_generator_c.dir/rosidl_generator_c/shape_msgs/msg/detail/mesh__functions.c.o
[  9%] Building C object CMakeFiles/shape_msgs__rosidl_generator_c.dir/rosidl_generator_c/shape_msgs/msg/detail/mesh_triangle__type_support.c.o
[ 12%] Building C object CMakeFiles/shape_msgs__rosidl_generator_c.dir/rosidl_generator_c/shape_msgs/msg/detail/plane__description.c.o
[ 12%] Building C object CMakeFiles/shape_msgs__rosidl_generator_c.dir/rosidl_generator_c/shape_msgs/msg/detail/plane__functions.c.o
[ 14%] Building C object CMakeFiles/shape_msgs__rosidl_generator_c.dir/rosidl_generator_c/shape_msgs/msg/detail/plane__type_support.c.o
[ 15%] Building C object CMakeFiles/shape_msgs__rosidl_generator_c.dir/rosidl_generator_c/shape_msgs/msg/detail/mesh__description.c.o
[ 17%] Building C object CMakeFiles/shape_msgs__rosidl_generator_c.dir/rosidl_generator_c/shape_msgs/msg/detail/mesh_triangle__functions.c.o
[ 18%] Building C object CMakeFiles/shape_msgs__rosidl_generator_c.dir/rosidl_generator_c/shape_msgs/msg/detail/mesh_triangle__description.c.o
[ 20%] Building C object CMakeFiles/shape_msgs__rosidl_generator_c.dir/rosidl_generator_c/shape_msgs/msg/detail/solid_primitive__description.c.o
[ 21%] Building C object CMakeFiles/shape_msgs__rosidl_generator_c.dir/rosidl_generator_c/shape_msgs/msg/detail/solid_primitive__type_support.c.o
[ 23%] Building C object CMakeFiles/shape_msgs__rosidl_generator_c.dir/rosidl_generator_c/shape_msgs/msg/detail/solid_primitive__functions.c.o
[ 25%] Linking C shared library libshape_msgs__rosidl_generator_c.so
[ 25%] Built target shape_msgs__rosidl_generator_c
[ 26%] Generating C type support for eProsima Fast-RTPS
[ 28%] Generating C++ type support for eProsima Fast-RTPS
[ 31%] Generating C++ type support dispatch for ROS interfaces
[ 31%] Generating C introspection for ROS interfaces
[ 32%] Generating C++ introspection for ROS interfaces
[ 34%] Generating C type support dispatch for ROS interfaces
[ 35%] Building CXX object CMakeFiles/shape_msgs__rosidl_typesupport_introspection_cpp.dir/rosidl_typesupport_introspection_cpp/shape_msgs/msg/detail/mesh__type_support.cpp.o
[ 37%] Building CXX object CMakeFiles/shape_msgs__rosidl_typesupport_introspection_cpp.dir/rosidl_typesupport_introspection_cpp/shape_msgs/msg/detail/solid_primitive__type_support.cpp.o
[ 39%] Building CXX object CMakeFiles/shape_msgs__rosidl_typesupport_cpp.dir/rosidl_typesupport_cpp/shape_msgs/msg/mesh__type_support.cpp.o
[ 40%] Building CXX object CMakeFiles/shape_msgs__rosidl_typesupport_introspection_cpp.dir/rosidl_typesupport_introspection_cpp/shape_msgs/msg/detail/mesh_triangle__type_support.cpp.o
[ 42%] Building CXX object CMakeFiles/shape_msgs__rosidl_typesupport_cpp.dir/rosidl_typesupport_cpp/shape_msgs/msg/plane__type_support.cpp.o
[ 43%] Building CXX object CMakeFiles/shape_msgs__rosidl_typesupport_introspection_cpp.dir/rosidl_typesupport_introspection_cpp/shape_msgs/msg/detail/plane__type_support.cpp.o
[ 46%] Building CXX object CMakeFiles/shape_msgs__rosidl_typesupport_cpp.dir/rosidl_typesupport_cpp/shape_msgs/msg/solid_primitive__type_support.cpp.o
[ 45%] Building CXX object CMakeFiles/shape_msgs__rosidl_typesupport_cpp.dir/rosidl_typesupport_cpp/shape_msgs/msg/mesh_triangle__type_support.cpp.o
[ 48%] Building CXX object CMakeFiles/shape_msgs__rosidl_typesupport_c.dir/rosidl_typesupport_c/shape_msgs/msg/mesh__type_support.cpp.o
[ 50%] Building CXX object CMakeFiles/shape_msgs__rosidl_typesupport_c.dir/rosidl_typesupport_c/shape_msgs/msg/solid_primitive__type_support.cpp.o
[ 51%] Building CXX object CMakeFiles/shape_msgs__rosidl_typesupport_fastrtps_cpp.dir/rosidl_typesupport_fastrtps_cpp/shape_msgs/msg/detail/dds_fastrtps/mesh__type_support.cpp.o
[ 53%] Building CXX object CMakeFiles/shape_msgs__rosidl_typesupport_c.dir/rosidl_typesupport_c/shape_msgs/msg/mesh_triangle__type_support.cpp.o
[ 54%] Building CXX object CMakeFiles/shape_msgs__rosidl_typesupport_c.dir/rosidl_typesupport_c/shape_msgs/msg/plane__type_support.cpp.o
[ 56%] Building CXX object CMakeFiles/shape_msgs__rosidl_typesupport_fastrtps_c.dir/rosidl_typesupport_fastrtps_c/shape_msgs/msg/detail/mesh__type_support_c.cpp.o
[ 57%] Building CXX object CMakeFiles/shape_msgs__rosidl_typesupport_fastrtps_cpp.dir/rosidl_typesupport_fastrtps_cpp/shape_msgs/msg/detail/dds_fastrtps/mesh_triangle__type_support.cpp.o
[ 59%] Building CXX object CMakeFiles/shape_msgs__rosidl_typesupport_fastrtps_c.dir/rosidl_typesupport_fastrtps_c/shape_msgs/msg/detail/solid_primitive__type_support_c.cpp.o
[ 60%] Building CXX object CMakeFiles/shape_msgs__rosidl_typesupport_fastrtps_c.dir/rosidl_typesupport_fastrtps_c/shape_msgs/msg/detail/plane__type_support_c.cpp.o
[ 62%] Building CXX object CMakeFiles/shape_msgs__rosidl_typesupport_fastrtps_c.dir/rosidl_typesupport_fastrtps_c/shape_msgs/msg/detail/mesh_triangle__type_support_c.cpp.o
[ 64%] Building CXX object CMakeFiles/shape_msgs__rosidl_typesupport_fastrtps_cpp.dir/rosidl_typesupport_fastrtps_cpp/shape_msgs/msg/detail/dds_fastrtps/plane__type_support.cpp.o
[ 65%] Building CXX object CMakeFiles/shape_msgs__rosidl_typesupport_fastrtps_cpp.dir/rosidl_typesupport_fastrtps_cpp/shape_msgs/msg/detail/dds_fastrtps/solid_primitive__type_support.cpp.o
[ 67%] Building C object CMakeFiles/shape_msgs__rosidl_typesupport_introspection_c.dir/rosidl_typesupport_introspection_c/shape_msgs/msg/detail/mesh__type_support.c.o
[ 68%] Building C object CMakeFiles/shape_msgs__rosidl_typesupport_introspection_c.dir/rosidl_typesupport_introspection_c/shape_msgs/msg/detail/mesh_triangle__type_support.c.o
[ 70%] Building C object CMakeFiles/shape_msgs__rosidl_typesupport_introspection_c.dir/rosidl_typesupport_introspection_c/shape_msgs/msg/detail/solid_primitive__type_support.c.o
[ 71%] Building C object CMakeFiles/shape_msgs__rosidl_typesupport_introspection_c.dir/rosidl_typesupport_introspection_c/shape_msgs/msg/detail/plane__type_support.c.o
[ 73%] Linking CXX shared library libshape_msgs__rosidl_typesupport_c.so
[ 75%] Linking C shared library libshape_msgs__rosidl_typesupport_introspection_c.so
[ 75%] Built target shape_msgs__rosidl_typesupport_c
[ 75%] Built target shape_msgs__rosidl_typesupport_introspection_c
[ 76%] Linking CXX shared library libshape_msgs__rosidl_typesupport_cpp.so
[ 76%] Built target shape_msgs__rosidl_typesupport_cpp
[ 78%] Linking CXX shared library libshape_msgs__rosidl_typesupport_introspection_cpp.so
[ 79%] Linking CXX shared library libshape_msgs__rosidl_typesupport_fastrtps_c.so
[ 79%] Built target shape_msgs__rosidl_typesupport_introspection_cpp
[ 79%] Built target shape_msgs__rosidl_typesupport_fastrtps_c
[ 81%] Linking CXX shared library libshape_msgs__rosidl_typesupport_fastrtps_cpp.so
[ 81%] Built target shape_msgs__rosidl_typesupport_fastrtps_cpp
[ 81%] Built target shape_msgs
[ 82%] Generating Python code for ROS interfaces
[ 82%] Built target shape_msgs__py
[ 84%] Building C object CMakeFiles/shape_msgs__rosidl_generator_py.dir/rosidl_generator_py/shape_msgs/msg/_mesh_s.c.o
[ 87%] Building C object CMakeFiles/shape_msgs__rosidl_generator_py.dir/rosidl_generator_py/shape_msgs/msg/_mesh_triangle_s.c.o
[ 89%] Building C object CMakeFiles/shape_msgs__rosidl_generator_py.dir/rosidl_generator_py/shape_msgs/msg/_solid_primitive_s.c.o
[ 85%] Building C object CMakeFiles/shape_msgs__rosidl_generator_py.dir/rosidl_generator_py/shape_msgs/msg/_plane_s.c.o
[ 90%] Linking C shared library libshape_msgs__rosidl_generator_py.so
[ 90%] Built target shape_msgs__rosidl_generator_py
[ 92%] Building C object CMakeFiles/shape_msgs_s__rosidl_typesupport_introspection_c.dir/rosidl_generator_py/shape_msgs/_shape_msgs_s.ep.rosidl_typesupport_introspection_c.c.o
[ 93%] Building C object CMakeFiles/shape_msgs_s__rosidl_typesupport_c.dir/rosidl_generator_py/shape_msgs/_shape_msgs_s.ep.rosidl_typesupport_c.c.o
[ 95%] Building C object CMakeFiles/shape_msgs_s__rosidl_typesupport_fastrtps_c.dir/rosidl_generator_py/shape_msgs/_shape_msgs_s.ep.rosidl_typesupport_fastrtps_c.c.o
[ 96%] Linking C shared module rosidl_generator_py/shape_msgs/shape_msgs_s__rosidl_typesupport_fastrtps_c.so
[ 98%] Linking C shared module rosidl_generator_py/shape_msgs/shape_msgs_s__rosidl_typesupport_c.so
[ 98%] Built target shape_msgs_s__rosidl_typesupport_fastrtps_c
[100%] Linking C shared module rosidl_generator_py/shape_msgs/shape_msgs_s__rosidl_typesupport_introspection_c.so
[100%] Built target shape_msgs_s__rosidl_typesupport_c
[100%] Built target shape_msgs_s__rosidl_typesupport_introspection_c
-- Install configuration: ""
-- Installing: /workspace/jazzy_ws/install/share/ament_index/resource_index/rosidl_interfaces/shape_msgs
-- Installing: /workspace/jazzy_ws/install/share/shape_msgs/msg/Mesh.json
-- Installing: /workspace/jazzy_ws/install/share/shape_msgs/msg/MeshTriangle.json
-- Installing: /workspace/jazzy_ws/install/share/shape_msgs/msg/Plane.json
-- Installing: /workspace/jazzy_ws/install/share/shape_msgs/msg/SolidPrimitive.json
-- Installing: /workspace/jazzy_ws/install/include/shape_msgs/shape_msgs
-- Installing: /workspace/jazzy_ws/install/include/shape_msgs/shape_msgs/msg
-- Installing: /workspace/jazzy_ws/install/include/shape_msgs/shape_msgs/msg/detail
-- Installing: /workspace/jazzy_ws/install/include/shape_msgs/shape_msgs/msg/detail/plane__description.c
-- Installing: /workspace/jazzy_ws/install/include/shape_msgs/shape_msgs/msg/detail/solid_primitive__type_support.h
-- Installing: /workspace/jazzy_ws/install/include/shape_msgs/shape_msgs/msg/detail/plane__functions.h
-- Installing: /workspace/jazzy_ws/install/include/shape_msgs/shape_msgs/msg/detail/mesh__struct.h
-- Installing: /workspace/jazzy_ws/install/include/shape_msgs/shape_msgs/msg/detail/mesh_triangle__functions.c
-- Installing: /workspace/jazzy_ws/install/include/shape_msgs/shape_msgs/msg/detail/solid_primitive__type_support.c
-- Installing: /workspace/jazzy_ws/install/include/shape_msgs/shape_msgs/msg/detail/mesh__type_support.c
-- Installing: /workspace/jazzy_ws/install/include/shape_msgs/shape_msgs/msg/detail/plane__functions.c
-- Installing: /workspace/jazzy_ws/install/include/shape_msgs/shape_msgs/msg/detail/solid_primitive__struct.h
-- Installing: /workspace/jazzy_ws/install/include/shape_msgs/shape_msgs/msg/detail/solid_primitive__functions.c
-- Installing: /workspace/jazzy_ws/install/include/shape_msgs/shape_msgs/msg/detail/mesh__type_support.h
-- Installing: /workspace/jazzy_ws/install/include/shape_msgs/shape_msgs/msg/detail/solid_primitive__functions.h
-- Installing: /workspace/jazzy_ws/install/include/shape_msgs/shape_msgs/msg/detail/plane__type_support.c
-- Installing: /workspace/jazzy_ws/install/include/shape_msgs/shape_msgs/msg/detail/plane__struct.h
-- Installing: /workspace/jazzy_ws/install/include/shape_msgs/shape_msgs/msg/detail/mesh_triangle__description.c
-- Installing: /workspace/jazzy_ws/install/include/shape_msgs/shape_msgs/msg/detail/mesh_triangle__functions.h
-- Installing: /workspace/jazzy_ws/install/include/shape_msgs/shape_msgs/msg/detail/mesh_triangle__type_support.h
-- Installing: /workspace/jazzy_ws/install/include/shape_msgs/shape_msgs/msg/detail/mesh_triangle__struct.h
-- Installing: /workspace/jazzy_ws/install/include/shape_msgs/shape_msgs/msg/detail/mesh__description.c
-- Installing: /workspace/jazzy_ws/install/include/shape_msgs/shape_msgs/msg/detail/solid_primitive__description.c
-- Installing: /workspace/jazzy_ws/install/include/shape_msgs/shape_msgs/msg/detail/mesh__functions.c
-- Installing: /workspace/jazzy_ws/install/include/shape_msgs/shape_msgs/msg/detail/mesh_triangle__type_support.c
-- Installing: /workspace/jazzy_ws/install/include/shape_msgs/shape_msgs/msg/detail/mesh__functions.h
-- Installing: /workspace/jazzy_ws/install/include/shape_msgs/shape_msgs/msg/detail/plane__type_support.h
-- Installing: /workspace/jazzy_ws/install/include/shape_msgs/shape_msgs/msg/mesh.h
-- Installing: /workspace/jazzy_ws/install/include/shape_msgs/shape_msgs/msg/solid_primitive.h
-- Installing: /workspace/jazzy_ws/install/include/shape_msgs/shape_msgs/msg/mesh_triangle.h
-- Installing: /workspace/jazzy_ws/install/include/shape_msgs/shape_msgs/msg/plane.h
-- Installing: /workspace/jazzy_ws/install/include/shape_msgs/shape_msgs/msg/rosidl_generator_c__visibility_control.h
-- Installing: /workspace/jazzy_ws/install/share/shape_msgs/environment/library_path.sh
-- Installing: /workspace/jazzy_ws/install/share/shape_msgs/environment/library_path.dsv
-- Installing: /workspace/jazzy_ws/install/lib/libshape_msgs__rosidl_generator_c.so
-- Set non-toolchain portion of runtime path of "/workspace/jazzy_ws/install/lib/libshape_msgs__rosidl_generator_c.so" to ""
-- Up-to-date: /workspace/jazzy_ws/install/include/shape_msgs/shape_msgs
-- Up-to-date: /workspace/jazzy_ws/install/include/shape_msgs/shape_msgs/msg
-- Up-to-date: /workspace/jazzy_ws/install/include/shape_msgs/shape_msgs/msg/detail
-- Installing: /workspace/jazzy_ws/install/include/shape_msgs/shape_msgs/msg/detail/solid_primitive__rosidl_typesupport_fastrtps_c.h
-- Installing: /workspace/jazzy_ws/install/include/shape_msgs/shape_msgs/msg/detail/mesh_triangle__rosidl_typesupport_fastrtps_c.h
-- Installing: /workspace/jazzy_ws/install/include/shape_msgs/shape_msgs/msg/detail/mesh__rosidl_typesupport_fastrtps_c.h
-- Installing: /workspace/jazzy_ws/install/include/shape_msgs/shape_msgs/msg/detail/plane__rosidl_typesupport_fastrtps_c.h
-- Installing: /workspace/jazzy_ws/install/include/shape_msgs/shape_msgs/msg/rosidl_typesupport_fastrtps_c__visibility_control.h
-- Installing: /workspace/jazzy_ws/install/lib/libshape_msgs__rosidl_typesupport_fastrtps_c.so
-- Set non-toolchain portion of runtime path of "/workspace/jazzy_ws/install/lib/libshape_msgs__rosidl_typesupport_fastrtps_c.so" to ""
-- Up-to-date: /workspace/jazzy_ws/install/include/shape_msgs/shape_msgs
-- Up-to-date: /workspace/jazzy_ws/install/include/shape_msgs/shape_msgs/msg
-- Up-to-date: /workspace/jazzy_ws/install/include/shape_msgs/shape_msgs/msg/detail
-- Installing: /workspace/jazzy_ws/install/include/shape_msgs/shape_msgs/msg/detail/solid_primitive__type_support.hpp
-- Installing: /workspace/jazzy_ws/install/include/shape_msgs/shape_msgs/msg/detail/solid_primitive__traits.hpp
-- Installing: /workspace/jazzy_ws/install/include/shape_msgs/shape_msgs/msg/detail/mesh__traits.hpp
-- Installing: /workspace/jazzy_ws/install/include/shape_msgs/shape_msgs/msg/detail/plane__struct.hpp
-- Installing: /workspace/jazzy_ws/install/include/shape_msgs/shape_msgs/msg/detail/mesh_triangle__type_support.hpp
-- Installing: /workspace/jazzy_ws/install/include/shape_msgs/shape_msgs/msg/detail/mesh_triangle__struct.hpp
-- Installing: /workspace/jazzy_ws/install/include/shape_msgs/shape_msgs/msg/detail/mesh__builder.hpp
-- Installing: /workspace/jazzy_ws/install/include/shape_msgs/shape_msgs/msg/detail/mesh_triangle__traits.hpp
-- Installing: /workspace/jazzy_ws/install/include/shape_msgs/shape_msgs/msg/detail/solid_primitive__builder.hpp
-- Installing: /workspace/jazzy_ws/install/include/shape_msgs/shape_msgs/msg/detail/mesh__struct.hpp
-- Installing: /workspace/jazzy_ws/install/include/shape_msgs/shape_msgs/msg/detail/plane__builder.hpp
-- Installing: /workspace/jazzy_ws/install/include/shape_msgs/shape_msgs/msg/detail/solid_primitive__struct.hpp
-- Installing: /workspace/jazzy_ws/install/include/shape_msgs/shape_msgs/msg/detail/mesh_triangle__builder.hpp
-- Installing: /workspace/jazzy_ws/install/include/shape_msgs/shape_msgs/msg/detail/mesh__type_support.hpp
-- Installing: /workspace/jazzy_ws/install/include/shape_msgs/shape_msgs/msg/detail/plane__type_support.hpp
-- Installing: /workspace/jazzy_ws/install/include/shape_msgs/shape_msgs/msg/detail/plane__traits.hpp
-- Installing: /workspace/jazzy_ws/install/include/shape_msgs/shape_msgs/msg/rosidl_generator_cpp__visibility_control.hpp
-- Installing: /workspace/jazzy_ws/install/include/shape_msgs/shape_msgs/msg/mesh_triangle.hpp
-- Installing: /workspace/jazzy_ws/install/include/shape_msgs/shape_msgs/msg/plane.hpp
-- Installing: /workspace/jazzy_ws/install/include/shape_msgs/shape_msgs/msg/mesh.hpp
-- Installing: /workspace/jazzy_ws/install/include/shape_msgs/shape_msgs/msg/solid_primitive.hpp
-- Up-to-date: /workspace/jazzy_ws/install/include/shape_msgs/shape_msgs
-- Up-to-date: /workspace/jazzy_ws/install/include/shape_msgs/shape_msgs/msg
-- Up-to-date: /workspace/jazzy_ws/install/include/shape_msgs/shape_msgs/msg/detail
-- Installing: /workspace/jazzy_ws/install/include/shape_msgs/shape_msgs/msg/detail/solid_primitive__rosidl_typesupport_fastrtps_cpp.hpp
-- Installing: /workspace/jazzy_ws/install/include/shape_msgs/shape_msgs/msg/detail/mesh_triangle__rosidl_typesupport_fastrtps_cpp.hpp
-- Installing: /workspace/jazzy_ws/install/include/shape_msgs/shape_msgs/msg/detail/plane__rosidl_typesupport_fastrtps_cpp.hpp
-- Installing: /workspace/jazzy_ws/install/include/shape_msgs/shape_msgs/msg/detail/dds_fastrtps
-- Installing: /workspace/jazzy_ws/install/include/shape_msgs/shape_msgs/msg/detail/mesh__rosidl_typesupport_fastrtps_cpp.hpp
-- Installing: /workspace/jazzy_ws/install/include/shape_msgs/shape_msgs/msg/rosidl_typesupport_fastrtps_cpp__visibility_control.h
-- Installing: /workspace/jazzy_ws/install/lib/libshape_msgs__rosidl_typesupport_fastrtps_cpp.so
-- Set non-toolchain portion of runtime path of "/workspace/jazzy_ws/install/lib/libshape_msgs__rosidl_typesupport_fastrtps_cpp.so" to ""
-- Up-to-date: /workspace/jazzy_ws/install/include/shape_msgs/shape_msgs
-- Up-to-date: /workspace/jazzy_ws/install/include/shape_msgs/shape_msgs/msg
-- Up-to-date: /workspace/jazzy_ws/install/include/shape_msgs/shape_msgs/msg/detail
-- Installing: /workspace/jazzy_ws/install/include/shape_msgs/shape_msgs/msg/detail/solid_primitive__type_support.c
-- Installing: /workspace/jazzy_ws/install/include/shape_msgs/shape_msgs/msg/detail/mesh__type_support.c
-- Installing: /workspace/jazzy_ws/install/include/shape_msgs/shape_msgs/msg/detail/solid_primitive__rosidl_typesupport_introspection_c.h
-- Installing: /workspace/jazzy_ws/install/include/shape_msgs/shape_msgs/msg/detail/mesh__rosidl_typesupport_introspection_c.h
-- Installing: /workspace/jazzy_ws/install/include/shape_msgs/shape_msgs/msg/detail/plane__type_support.c
-- Installing: /workspace/jazzy_ws/install/include/shape_msgs/shape_msgs/msg/detail/plane__rosidl_typesupport_introspection_c.h
-- Installing: /workspace/jazzy_ws/install/include/shape_msgs/shape_msgs/msg/detail/mesh_triangle__rosidl_typesupport_introspection_c.h
-- Installing: /workspace/jazzy_ws/install/include/shape_msgs/shape_msgs/msg/detail/mesh_triangle__type_support.c
-- Installing: /workspace/jazzy_ws/install/include/shape_msgs/shape_msgs/msg/rosidl_typesupport_introspection_c__visibility_control.h
-- Installing: /workspace/jazzy_ws/install/lib/libshape_msgs__rosidl_typesupport_introspection_c.so
-- Set non-toolchain portion of runtime path of "/workspace/jazzy_ws/install/lib/libshape_msgs__rosidl_typesupport_introspection_c.so" to ""
-- Installing: /workspace/jazzy_ws/install/lib/libshape_msgs__rosidl_typesupport_c.so
-- Set non-toolchain portion of runtime path of "/workspace/jazzy_ws/install/lib/libshape_msgs__rosidl_typesupport_c.so" to ""
-- Up-to-date: /workspace/jazzy_ws/install/include/shape_msgs/shape_msgs
-- Up-to-date: /workspace/jazzy_ws/install/include/shape_msgs/shape_msgs/msg
-- Up-to-date: /workspace/jazzy_ws/install/include/shape_msgs/shape_msgs/msg/detail
-- Installing: /workspace/jazzy_ws/install/include/shape_msgs/shape_msgs/msg/detail/plane__type_support.cpp
-- Installing: /workspace/jazzy_ws/install/include/shape_msgs/shape_msgs/msg/detail/mesh_triangle__rosidl_typesupport_introspection_cpp.hpp
-- Installing: /workspace/jazzy_ws/install/include/shape_msgs/shape_msgs/msg/detail/solid_primitive__type_support.cpp
-- Installing: /workspace/jazzy_ws/install/include/shape_msgs/shape_msgs/msg/detail/mesh_triangle__type_support.cpp
-- Installing: /workspace/jazzy_ws/install/include/shape_msgs/shape_msgs/msg/detail/mesh__rosidl_typesupport_introspection_cpp.hpp
-- Installing: /workspace/jazzy_ws/install/include/shape_msgs/shape_msgs/msg/detail/plane__rosidl_typesupport_introspection_cpp.hpp
-- Installing: /workspace/jazzy_ws/install/include/shape_msgs/shape_msgs/msg/detail/solid_primitive__rosidl_typesupport_introspection_cpp.hpp
-- Installing: /workspace/jazzy_ws/install/include/shape_msgs/shape_msgs/msg/detail/mesh__type_support.cpp
-- Installing: /workspace/jazzy_ws/install/lib/libshape_msgs__rosidl_typesupport_introspection_cpp.so
-- Set non-toolchain portion of runtime path of "/workspace/jazzy_ws/install/lib/libshape_msgs__rosidl_typesupport_introspection_cpp.so" to ""
-- Installing: /workspace/jazzy_ws/install/lib/libshape_msgs__rosidl_typesupport_cpp.so
-- Set non-toolchain portion of runtime path of "/workspace/jazzy_ws/install/lib/libshape_msgs__rosidl_typesupport_cpp.so" to ""
-- Installing: /workspace/jazzy_ws/install/share/shape_msgs/environment/pythonpath.sh
-- Installing: /workspace/jazzy_ws/install/share/shape_msgs/environment/pythonpath.dsv
-- Installing: /workspace/jazzy_ws/install/lib/python3.12/site-packages/shape_msgs-5.3.6-py3.12.egg-info
-- Installing: /workspace/jazzy_ws/install/lib/python3.12/site-packages/shape_msgs-5.3.6-py3.12.egg-info/PKG-INFO
-- Installing: /workspace/jazzy_ws/install/lib/python3.12/site-packages/shape_msgs-5.3.6-py3.12.egg-info/SOURCES.txt
-- Installing: /workspace/jazzy_ws/install/lib/python3.12/site-packages/shape_msgs-5.3.6-py3.12.egg-info/top_level.txt
-- Installing: /workspace/jazzy_ws/install/lib/python3.12/site-packages/shape_msgs-5.3.6-py3.12.egg-info/dependency_links.txt
-- Installing: /workspace/jazzy_ws/install/lib/python3.12/site-packages/shape_msgs
-- Installing: /workspace/jazzy_ws/install/lib/python3.12/site-packages/shape_msgs/_shape_msgs_s.ep.rosidl_typesupport_introspection_c.c
-- Installing: /workspace/jazzy_ws/install/lib/python3.12/site-packages/shape_msgs/msg
-- Installing: /workspace/jazzy_ws/install/lib/python3.12/site-packages/shape_msgs/msg/_solid_primitive.py
-- Installing: /workspace/jazzy_ws/install/lib/python3.12/site-packages/shape_msgs/msg/_plane.py
-- Installing: /workspace/jazzy_ws/install/lib/python3.12/site-packages/shape_msgs/msg/_mesh_s.c
-- Installing: /workspace/jazzy_ws/install/lib/python3.12/site-packages/shape_msgs/msg/_mesh_triangle.py
-- Installing: /workspace/jazzy_ws/install/lib/python3.12/site-packages/shape_msgs/msg/__init__.py
-- Installing: /workspace/jazzy_ws/install/lib/python3.12/site-packages/shape_msgs/msg/_mesh_triangle_s.c
-- Installing: /workspace/jazzy_ws/install/lib/python3.12/site-packages/shape_msgs/msg/_solid_primitive_s.c
-- Installing: /workspace/jazzy_ws/install/lib/python3.12/site-packages/shape_msgs/msg/_plane_s.c
-- Installing: /workspace/jazzy_ws/install/lib/python3.12/site-packages/shape_msgs/msg/_mesh.py
-- Installing: /workspace/jazzy_ws/install/lib/python3.12/site-packages/shape_msgs/__init__.py
-- Installing: /workspace/jazzy_ws/install/lib/python3.12/site-packages/shape_msgs/shape_msgs_s__rosidl_typesupport_c.so
-- Installing: /workspace/jazzy_ws/install/lib/python3.12/site-packages/shape_msgs/shape_msgs_s__rosidl_typesupport_introspection_c.so
-- Installing: /workspace/jazzy_ws/install/lib/python3.12/site-packages/shape_msgs/_shape_msgs_s.ep.rosidl_typesupport_c.c
-- Installing: /workspace/jazzy_ws/install/lib/python3.12/site-packages/shape_msgs/_shape_msgs_s.ep.rosidl_typesupport_fastrtps_c.c
-- Installing: /workspace/jazzy_ws/install/lib/python3.12/site-packages/shape_msgs/shape_msgs_s__rosidl_typesupport_fastrtps_c.so
Listing '/workspace/jazzy_ws/install/lib/python3.12/site-packages/shape_msgs'...
Compiling '/workspace/jazzy_ws/install/lib/python3.12/site-packages/shape_msgs/__init__.py'...
Listing '/workspace/jazzy_ws/install/lib/python3.12/site-packages/shape_msgs/msg'...
Compiling '/workspace/jazzy_ws/install/lib/python3.12/site-packages/shape_msgs/msg/__init__.py'...
Compiling '/workspace/jazzy_ws/install/lib/python3.12/site-packages/shape_msgs/msg/_mesh.py'...
Compiling '/workspace/jazzy_ws/install/lib/python3.12/site-packages/shape_msgs/msg/_mesh_triangle.py'...
Compiling '/workspace/jazzy_ws/install/lib/python3.12/site-packages/shape_msgs/msg/_plane.py'...
Compiling '/workspace/jazzy_ws/install/lib/python3.12/site-packages/shape_msgs/msg/_solid_primitive.py'...
-- Installing: /workspace/jazzy_ws/install/lib/python3.12/site-packages/shape_msgs/shape_msgs_s__rosidl_typesupport_fastrtps_c.so
-- Set non-toolchain portion of runtime path of "/workspace/jazzy_ws/install/lib/python3.12/site-packages/shape_msgs/shape_msgs_s__rosidl_typesupport_fastrtps_c.so" to ""
-- Installing: /workspace/jazzy_ws/install/lib/python3.12/site-packages/shape_msgs/shape_msgs_s__rosidl_typesupport_introspection_c.so
-- Set non-toolchain portion of runtime path of "/workspace/jazzy_ws/install/lib/python3.12/site-packages/shape_msgs/shape_msgs_s__rosidl_typesupport_introspection_c.so" to ""
-- Installing: /workspace/jazzy_ws/install/lib/python3.12/site-packages/shape_msgs/shape_msgs_s__rosidl_typesupport_c.so
-- Set non-toolchain portion of runtime path of "/workspace/jazzy_ws/install/lib/python3.12/site-packages/shape_msgs/shape_msgs_s__rosidl_typesupport_c.so" to ""
-- Installing: /workspace/jazzy_ws/install/lib/libshape_msgs__rosidl_generator_py.so
-- Set non-toolchain portion of runtime path of "/workspace/jazzy_ws/install/lib/libshape_msgs__rosidl_generator_py.so" to ""
-- Installing: /workspace/jazzy_ws/install/share/shape_msgs/msg/Mesh.idl
-- Installing: /workspace/jazzy_ws/install/share/shape_msgs/msg/MeshTriangle.idl
-- Installing: /workspace/jazzy_ws/install/share/shape_msgs/msg/Plane.idl
-- Installing: /workspace/jazzy_ws/install/share/shape_msgs/msg/SolidPrimitive.idl
-- Installing: /workspace/jazzy_ws/install/share/shape_msgs/msg/Mesh.msg
-- Installing: /workspace/jazzy_ws/install/share/shape_msgs/msg/MeshTriangle.msg
-- Installing: /workspace/jazzy_ws/install/share/shape_msgs/msg/Plane.msg
-- Installing: /workspace/jazzy_ws/install/share/shape_msgs/msg/SolidPrimitive.msg
-- Installing: /workspace/jazzy_ws/install/share/ament_index/resource_index/package_run_dependencies/shape_msgs
-- Installing: /workspace/jazzy_ws/install/share/ament_index/resource_index/parent_prefix_path/shape_msgs
-- Installing: /workspace/jazzy_ws/install/share/shape_msgs/environment/ament_prefix_path.sh
-- Installing: /workspace/jazzy_ws/install/share/shape_msgs/environment/ament_prefix_path.dsv
-- Installing: /workspace/jazzy_ws/install/share/shape_msgs/environment/path.sh
-- Installing: /workspace/jazzy_ws/install/share/shape_msgs/environment/path.dsv
-- Installing: /workspace/jazzy_ws/install/share/shape_msgs/local_setup.bash
-- Installing: /workspace/jazzy_ws/install/share/shape_msgs/local_setup.sh
-- Installing: /workspace/jazzy_ws/install/share/shape_msgs/local_setup.zsh
-- Installing: /workspace/jazzy_ws/install/share/shape_msgs/local_setup.dsv
-- Installing: /workspace/jazzy_ws/install/share/shape_msgs/package.dsv
-- Installing: /workspace/jazzy_ws/install/share/ament_index/resource_index/packages/shape_msgs
-- Installing: /workspace/jazzy_ws/install/share/shape_msgs/cmake/export_shape_msgs__rosidl_generator_cExport.cmake
-- Installing: /workspace/jazzy_ws/install/share/shape_msgs/cmake/export_shape_msgs__rosidl_generator_cExport-noconfig.cmake
-- Installing: /workspace/jazzy_ws/install/share/shape_msgs/cmake/export_shape_msgs__rosidl_typesupport_fastrtps_cExport.cmake
-- Installing: /workspace/jazzy_ws/install/share/shape_msgs/cmake/export_shape_msgs__rosidl_typesupport_fastrtps_cExport-noconfig.cmake
-- Installing: /workspace/jazzy_ws/install/share/shape_msgs/cmake/export_shape_msgs__rosidl_generator_cppExport.cmake
-- Installing: /workspace/jazzy_ws/install/share/shape_msgs/cmake/export_shape_msgs__rosidl_typesupport_fastrtps_cppExport.cmake
-- Installing: /workspace/jazzy_ws/install/share/shape_msgs/cmake/export_shape_msgs__rosidl_typesupport_fastrtps_cppExport-noconfig.cmake
-- Installing: /workspace/jazzy_ws/install/share/shape_msgs/cmake/shape_msgs__rosidl_typesupport_introspection_cExport.cmake
-- Installing: /workspace/jazzy_ws/install/share/shape_msgs/cmake/shape_msgs__rosidl_typesupport_introspection_cExport-noconfig.cmake
-- Installing: /workspace/jazzy_ws/install/share/shape_msgs/cmake/shape_msgs__rosidl_typesupport_cExport.cmake
-- Installing: /workspace/jazzy_ws/install/share/shape_msgs/cmake/shape_msgs__rosidl_typesupport_cExport-noconfig.cmake
-- Installing: /workspace/jazzy_ws/install/share/shape_msgs/cmake/shape_msgs__rosidl_typesupport_introspection_cppExport.cmake
-- Installing: /workspace/jazzy_ws/install/share/shape_msgs/cmake/shape_msgs__rosidl_typesupport_introspection_cppExport-noconfig.cmake
-- Installing: /workspace/jazzy_ws/install/share/shape_msgs/cmake/shape_msgs__rosidl_typesupport_cppExport.cmake
-- Installing: /workspace/jazzy_ws/install/share/shape_msgs/cmake/shape_msgs__rosidl_typesupport_cppExport-noconfig.cmake
-- Installing: /workspace/jazzy_ws/install/share/shape_msgs/cmake/export_shape_msgs__rosidl_generator_pyExport.cmake
-- Installing: /workspace/jazzy_ws/install/share/shape_msgs/cmake/export_shape_msgs__rosidl_generator_pyExport-noconfig.cmake
-- Installing: /workspace/jazzy_ws/install/share/shape_msgs/cmake/rosidl_cmake-extras.cmake
-- Installing: /workspace/jazzy_ws/install/share/shape_msgs/cmake/ament_cmake_export_dependencies-extras.cmake
-- Installing: /workspace/jazzy_ws/install/share/shape_msgs/cmake/ament_cmake_export_include_directories-extras.cmake
-- Installing: /workspace/jazzy_ws/install/share/shape_msgs/cmake/ament_cmake_export_libraries-extras.cmake
-- Installing: /workspace/jazzy_ws/install/share/shape_msgs/cmake/ament_cmake_export_targets-extras.cmake
-- Installing: /workspace/jazzy_ws/install/share/shape_msgs/cmake/rosidl_cmake_export_typesupport_targets-extras.cmake
-- Installing: /workspace/jazzy_ws/install/share/shape_msgs/cmake/rosidl_cmake_export_typesupport_libraries-extras.cmake
-- Installing: /workspace/jazzy_ws/install/share/shape_msgs/cmake/shape_msgsConfig.cmake
-- Installing: /workspace/jazzy_ws/install/share/shape_msgs/cmake/shape_msgsConfig-version.cmake
-- Installing: /workspace/jazzy_ws/install/share/shape_msgs/package.xml
