-- The C compiler identification is GNU 13.3.0
-- The CXX compiler identification is GNU 13.3.0
-- Detecting C compiler ABI info
-- Detecting C compiler ABI info - done
-- Check for working C compiler: /usr/bin/cc - skipped
-- Detecting C compile features
-- Detecting C compile features - done
-- Detecting CXX compiler ABI info
-- Detecting CXX compiler ABI info - done
-- Check for working CXX compiler: /usr/bin/c++ - skipped
-- Detecting CXX compile features
-- Detecting CXX compile features - done
-- Found ament_cmake_ros: 0.12.0 (/workspace/jazzy_ws/install/share/ament_cmake_ros/cmake)
-- Found Python3: /usr/bin/python3 (found version "3.12.3") found components: Interpreter 
-- Found rcutils: 6.7.5 (/workspace/jazzy_ws/install/share/rcutils/cmake)
-- Found rcpputils: 2.11.3 (/workspace/jazzy_ws/install/share/rcpputils/cmake)
-- Found tracetools: 8.2.5 (/workspace/jazzy_ws/install/share/tracetools/cmake)
-- Found rmw: 7.3.3 (/workspace/jazzy_ws/install/share/rmw/cmake)
-- Found rmw_dds_common: 3.1.1 (/workspace/jazzy_ws/install/share/rmw_dds_common/cmake)
-- Found rosidl_generator_c: 4.6.7 (/workspace/jazzy_ws/install/share/rosidl_generator_c/cmake)
-- Found rosidl_generator_cpp: 4.6.7 (/workspace/jazzy_ws/install/share/rosidl_generator_cpp/cmake)
-- Using all available rosidl_typesupport_c: rosidl_typesupport_fastrtps_c;rosidl_typesupport_introspection_c
-- Using all available rosidl_typesupport_cpp: rosidl_typesupport_fastrtps_cpp;rosidl_typesupport_introspection_cpp
-- Found ament_lint_auto: 0.17.4 (/workspace/jazzy_ws/install/share/ament_lint_auto/cmake)
-- Added test 'copyright' to check source files copyright and LICENSE
-- Added test 'cppcheck' to perform static code analysis on C / C++ code
-- Configured cppcheck include dirs: 
-- Configured cppcheck exclude dirs and/or files: 
-- Added test 'cpplint' to check C / C++ code against the Google style
-- Configured cpplint exclude dirs and/or files: 
-- Added test 'lint_cmake' to check CMake code style
-- Added test 'uncrustify' to check C / C++ code style
-- Configured uncrustify additional arguments: 
-- Added test 'xmllint' to check XML markup files
-- Configuring done (1.7s)
-- Generating done (0.0s)
-- Build files have been written to: /workspace/jazzy_ws/build/rmw_cyclonedds_cpp
[  8%] Building CXX object CMakeFiles/rmw_cyclonedds_cpp.dir/src/rmw_get_network_flow_endpoints.cpp.o
[ 16%] Building CXX object CMakeFiles/rmw_cyclonedds_cpp.dir/src/rmw_node.cpp.o
[ 25%] Building CXX object CMakeFiles/rmw_cyclonedds_cpp.dir/src/serdes.cpp.o
[ 33%] Building CXX object CMakeFiles/rmw_cyclonedds_cpp.dir/src/serdata.cpp.o
[ 41%] Building CXX object CMakeFiles/rmw_cyclonedds_cpp.dir/src/exception.cpp.o
[ 50%] Building CXX object CMakeFiles/rmw_cyclonedds_cpp.dir/src/u16string.cpp.o
[ 58%] Building CXX object CMakeFiles/rmw_cyclonedds_cpp.dir/src/demangle.cpp.o
[ 66%] Building CXX object CMakeFiles/rmw_cyclonedds_cpp.dir/src/deserialization_exception.cpp.o
[ 75%] Building CXX object CMakeFiles/rmw_cyclonedds_cpp.dir/src/Serialization.cpp.o
[ 83%] Building CXX object CMakeFiles/rmw_cyclonedds_cpp.dir/src/TypeSupport2.cpp.o
[ 91%] Building CXX object CMakeFiles/rmw_cyclonedds_cpp.dir/src/TypeSupport.cpp.o
[100%] Linking CXX shared library librmw_cyclonedds_cpp.so
[100%] Built target rmw_cyclonedds_cpp
-- Install configuration: ""
-- Installing: /workspace/jazzy_ws/install/share/ament_index/resource_index/rmw_typesupport_c/rmw_cyclonedds_cpp
-- Installing: /workspace/jazzy_ws/install/share/ament_index/resource_index/rmw_typesupport_cpp/rmw_cyclonedds_cpp
-- Installing: /workspace/jazzy_ws/install/share/ament_index/resource_index/rmw_typesupport/rmw_cyclonedds_cpp
-- Installing: /workspace/jazzy_ws/install/share/ament_index/resource_index/package_run_dependencies/rmw_cyclonedds_cpp
-- Installing: /workspace/jazzy_ws/install/share/ament_index/resource_index/parent_prefix_path/rmw_cyclonedds_cpp
-- Installing: /workspace/jazzy_ws/install/share/rmw_cyclonedds_cpp/environment/ament_prefix_path.sh
-- Installing: /workspace/jazzy_ws/install/share/rmw_cyclonedds_cpp/environment/ament_prefix_path.dsv
-- Installing: /workspace/jazzy_ws/install/share/rmw_cyclonedds_cpp/environment/path.sh
-- Installing: /workspace/jazzy_ws/install/share/rmw_cyclonedds_cpp/environment/path.dsv
-- Installing: /workspace/jazzy_ws/install/share/rmw_cyclonedds_cpp/local_setup.bash
-- Installing: /workspace/jazzy_ws/install/share/rmw_cyclonedds_cpp/local_setup.sh
-- Installing: /workspace/jazzy_ws/install/share/rmw_cyclonedds_cpp/local_setup.zsh
-- Installing: /workspace/jazzy_ws/install/share/rmw_cyclonedds_cpp/local_setup.dsv
-- Installing: /workspace/jazzy_ws/install/share/rmw_cyclonedds_cpp/package.dsv
-- Installing: /workspace/jazzy_ws/install/share/ament_index/resource_index/packages/rmw_cyclonedds_cpp
-- Installing: /workspace/jazzy_ws/install/share/rmw_cyclonedds_cpp/cmake/export_rmw_cyclonedds_cppExport.cmake
-- Installing: /workspace/jazzy_ws/install/share/rmw_cyclonedds_cpp/cmake/export_rmw_cyclonedds_cppExport-noconfig.cmake
-- Installing: /workspace/jazzy_ws/install/share/rmw_cyclonedds_cpp/cmake/ament_cmake_export_dependencies-extras.cmake
-- Installing: /workspace/jazzy_ws/install/share/rmw_cyclonedds_cpp/cmake/ament_cmake_export_targets-extras.cmake
-- Installing: /workspace/jazzy_ws/install/share/rmw_cyclonedds_cpp/cmake/rmw_cyclonedds_cppConfig.cmake
-- Installing: /workspace/jazzy_ws/install/share/rmw_cyclonedds_cpp/cmake/rmw_cyclonedds_cppConfig-version.cmake
-- Installing: /workspace/jazzy_ws/install/share/rmw_cyclonedds_cpp/package.xml
-- Installing: /workspace/jazzy_ws/install/lib/librmw_cyclonedds_cpp.so
-- Set non-toolchain portion of runtime path of "/workspace/jazzy_ws/install/lib/librmw_cyclonedds_cpp.so" to ""
-- Installing: /workspace/jazzy_ws/install/share/ament_index/resource_index/rmw_output_patterns/rmw_cyclonedds_cpp
