[0.931s] Invoking command in '/workspace/jazzy_ws/build/rmw_cyclonedds_cpp': AMENT_PREFIX_PATH=/workspace/jazzy_ws/install CMAKE_PREFIX_PATH=/workspace/jazzy_ws/install LD_LIBRARY_PATH=/workspace/jazzy_ws/install/lib:/workspace/jazzy_ws/install/opt/mimick_vendor/lib PATH=/workspace/jazzy_ws/install/bin:/workspace/jazzy_ws/install/opt/uncrustify_vendor/bin:${PATH} PKG_CONFIG_PATH=/workspace/jazzy_ws/install/lib/x86_64-linux-gnu/pkgconfig:/workspace/jazzy_ws/install/lib/pkgconfig PYTHONPATH=/workspace/jazzy_ws/install/lib/python3.12/site-packages /usr/bin/cmake /workspace/jazzy_ws/src/rmw_cyclonedds_cpp -DCMAKE_INSTALL_PREFIX=/workspace/jazzy_ws/install
[1.036s] -- The C compiler identification is GNU 13.3.0
[1.139s] -- The CXX compiler identification is GNU 13.3.0
[1.184s] -- Detecting C compiler ABI info
[1.408s] -- Detecting C compiler ABI info - done
[1.425s] -- Check for working C compiler: /usr/bin/cc - skipped
[1.425s] -- Detecting C compile features
[1.425s] -- Detecting C compile features - done
[1.440s] -- Detecting CXX compiler ABI info
[1.716s] -- Detecting CXX compiler ABI info - done
[1.735s] -- Check for working CXX compiler: /usr/bin/c++ - skipped
[1.735s] -- Detecting CXX compile features
[1.736s] -- Detecting CXX compile features - done
[1.743s] -- Found ament_cmake_ros: 0.12.0 (/workspace/jazzy_ws/install/share/ament_cmake_ros/cmake)
[2.054s] -- Found Python3: /usr/bin/python3 (found version "3.12.3") found components: Interpreter 
[2.168s] -- Found rcutils: 6.7.5 (/workspace/jazzy_ws/install/share/rcutils/cmake)
[2.190s] -- Found rcpputils: 2.11.3 (/workspace/jazzy_ws/install/share/rcpputils/cmake)
[2.205s] -- Found tracetools: 8.2.5 (/workspace/jazzy_ws/install/share/tracetools/cmake)
[2.229s] -- Found rmw: 7.3.3 (/workspace/jazzy_ws/install/share/rmw/cmake)
[2.263s] -- Found rmw_dds_common: 3.1.1 (/workspace/jazzy_ws/install/share/rmw_dds_common/cmake)
[2.288s] -- Found rosidl_generator_c: 4.6.7 (/workspace/jazzy_ws/install/share/rosidl_generator_c/cmake)
[2.320s] -- Found rosidl_generator_cpp: 4.6.7 (/workspace/jazzy_ws/install/share/rosidl_generator_cpp/cmake)
[2.339s] -- Using all available rosidl_typesupport_c: rosidl_typesupport_fastrtps_c;rosidl_typesupport_introspection_c
[2.369s] -- Using all available rosidl_typesupport_cpp: rosidl_typesupport_fastrtps_cpp;rosidl_typesupport_introspection_cpp
[2.415s] -- Found ament_lint_auto: 0.17.4 (/workspace/jazzy_ws/install/share/ament_lint_auto/cmake)
[2.639s] -- Added test 'copyright' to check source files copyright and LICENSE
[2.648s] -- Added test 'cppcheck' to perform static code analysis on C / C++ code
[2.653s] -- Configured cppcheck include dirs: 
[2.653s] -- Configured cppcheck exclude dirs and/or files: 
[2.659s] -- Added test 'cpplint' to check C / C++ code against the Google style
[2.659s] -- Configured cpplint exclude dirs and/or files: 
[2.662s] -- Added test 'lint_cmake' to check CMake code style
[2.668s] -- Added test 'uncrustify' to check C / C++ code style
[2.668s] -- Configured uncrustify additional arguments: 
[2.672s] -- Added test 'xmllint' to check XML markup files
[2.674s] -- Configuring done (1.7s)
[2.687s] -- Generating done (0.0s)
[2.693s] -- Build files have been written to: /workspace/jazzy_ws/build/rmw_cyclonedds_cpp
[2.704s] Invoked command in '/workspace/jazzy_ws/build/rmw_cyclonedds_cpp' returned '0': AMENT_PREFIX_PATH=/workspace/jazzy_ws/install CMAKE_PREFIX_PATH=/workspace/jazzy_ws/install LD_LIBRARY_PATH=/workspace/jazzy_ws/install/lib:/workspace/jazzy_ws/install/opt/mimick_vendor/lib PATH=/workspace/jazzy_ws/install/bin:/workspace/jazzy_ws/install/opt/uncrustify_vendor/bin:${PATH} PKG_CONFIG_PATH=/workspace/jazzy_ws/install/lib/x86_64-linux-gnu/pkgconfig:/workspace/jazzy_ws/install/lib/pkgconfig PYTHONPATH=/workspace/jazzy_ws/install/lib/python3.12/site-packages /usr/bin/cmake /workspace/jazzy_ws/src/rmw_cyclonedds_cpp -DCMAKE_INSTALL_PREFIX=/workspace/jazzy_ws/install
[2.704s] Invoking command in '/workspace/jazzy_ws/build/rmw_cyclonedds_cpp': AMENT_PREFIX_PATH=/workspace/jazzy_ws/install CMAKE_PREFIX_PATH=/workspace/jazzy_ws/install LD_LIBRARY_PATH=/workspace/jazzy_ws/install/lib:/workspace/jazzy_ws/install/opt/mimick_vendor/lib PATH=/workspace/jazzy_ws/install/bin:/workspace/jazzy_ws/install/opt/uncrustify_vendor/bin:${PATH} PKG_CONFIG_PATH=/workspace/jazzy_ws/install/lib/x86_64-linux-gnu/pkgconfig:/workspace/jazzy_ws/install/lib/pkgconfig PYTHONPATH=/workspace/jazzy_ws/install/lib/python3.12/site-packages /usr/bin/cmake --build /workspace/jazzy_ws/build/rmw_cyclonedds_cpp -- -j24 -l24
[2.792s] [  8%] Building CXX object CMakeFiles/rmw_cyclonedds_cpp.dir/src/rmw_get_network_flow_endpoints.cpp.o
[2.793s] [ 16%] Building CXX object CMakeFiles/rmw_cyclonedds_cpp.dir/src/rmw_node.cpp.o
[2.793s] [ 25%] Building CXX object CMakeFiles/rmw_cyclonedds_cpp.dir/src/serdes.cpp.o
[2.793s] [ 33%] Building CXX object CMakeFiles/rmw_cyclonedds_cpp.dir/src/serdata.cpp.o
[2.793s] [ 41%] Building CXX object CMakeFiles/rmw_cyclonedds_cpp.dir/src/exception.cpp.o
[2.793s] [ 50%] Building CXX object CMakeFiles/rmw_cyclonedds_cpp.dir/src/u16string.cpp.o
[2.793s] [ 58%] Building CXX object CMakeFiles/rmw_cyclonedds_cpp.dir/src/demangle.cpp.o
[2.793s] [ 66%] Building CXX object CMakeFiles/rmw_cyclonedds_cpp.dir/src/deserialization_exception.cpp.o
[2.793s] [ 75%] Building CXX object CMakeFiles/rmw_cyclonedds_cpp.dir/src/Serialization.cpp.o
[2.793s] [ 83%] Building CXX object CMakeFiles/rmw_cyclonedds_cpp.dir/src/TypeSupport2.cpp.o
[2.793s] [ 91%] Building CXX object CMakeFiles/rmw_cyclonedds_cpp.dir/src/TypeSupport.cpp.o
[9.132s] [100%] Linking CXX shared library librmw_cyclonedds_cpp.so
[9.271s] [100%] Built target rmw_cyclonedds_cpp
[9.278s] Invoked command in '/workspace/jazzy_ws/build/rmw_cyclonedds_cpp' returned '0': AMENT_PREFIX_PATH=/workspace/jazzy_ws/install CMAKE_PREFIX_PATH=/workspace/jazzy_ws/install LD_LIBRARY_PATH=/workspace/jazzy_ws/install/lib:/workspace/jazzy_ws/install/opt/mimick_vendor/lib PATH=/workspace/jazzy_ws/install/bin:/workspace/jazzy_ws/install/opt/uncrustify_vendor/bin:${PATH} PKG_CONFIG_PATH=/workspace/jazzy_ws/install/lib/x86_64-linux-gnu/pkgconfig:/workspace/jazzy_ws/install/lib/pkgconfig PYTHONPATH=/workspace/jazzy_ws/install/lib/python3.12/site-packages /usr/bin/cmake --build /workspace/jazzy_ws/build/rmw_cyclonedds_cpp -- -j24 -l24
[9.278s] Invoking command in '/workspace/jazzy_ws/build/rmw_cyclonedds_cpp': AMENT_PREFIX_PATH=/workspace/jazzy_ws/install CMAKE_PREFIX_PATH=/workspace/jazzy_ws/install LD_LIBRARY_PATH=/workspace/jazzy_ws/install/lib:/workspace/jazzy_ws/install/opt/mimick_vendor/lib PATH=/workspace/jazzy_ws/install/bin:/workspace/jazzy_ws/install/opt/uncrustify_vendor/bin:${PATH} PKG_CONFIG_PATH=/workspace/jazzy_ws/install/lib/x86_64-linux-gnu/pkgconfig:/workspace/jazzy_ws/install/lib/pkgconfig PYTHONPATH=/workspace/jazzy_ws/install/lib/python3.12/site-packages /usr/bin/cmake --install /workspace/jazzy_ws/build/rmw_cyclonedds_cpp
[9.284s] -- Install configuration: ""
[9.284s] -- Installing: /workspace/jazzy_ws/install/share/ament_index/resource_index/rmw_typesupport_c/rmw_cyclonedds_cpp
[9.284s] -- Installing: /workspace/jazzy_ws/install/share/ament_index/resource_index/rmw_typesupport_cpp/rmw_cyclonedds_cpp
[9.284s] -- Installing: /workspace/jazzy_ws/install/share/ament_index/resource_index/rmw_typesupport/rmw_cyclonedds_cpp
[9.284s] -- Installing: /workspace/jazzy_ws/install/share/ament_index/resource_index/package_run_dependencies/rmw_cyclonedds_cpp
[9.284s] -- Installing: /workspace/jazzy_ws/install/share/ament_index/resource_index/parent_prefix_path/rmw_cyclonedds_cpp
[9.284s] -- Installing: /workspace/jazzy_ws/install/share/rmw_cyclonedds_cpp/environment/ament_prefix_path.sh
[9.285s] -- Installing: /workspace/jazzy_ws/install/share/rmw_cyclonedds_cpp/environment/ament_prefix_path.dsv
[9.285s] -- Installing: /workspace/jazzy_ws/install/share/rmw_cyclonedds_cpp/environment/path.sh
[9.285s] -- Installing: /workspace/jazzy_ws/install/share/rmw_cyclonedds_cpp/environment/path.dsv
[9.285s] -- Installing: /workspace/jazzy_ws/install/share/rmw_cyclonedds_cpp/local_setup.bash
[9.285s] -- Installing: /workspace/jazzy_ws/install/share/rmw_cyclonedds_cpp/local_setup.sh
[9.285s] -- Installing: /workspace/jazzy_ws/install/share/rmw_cyclonedds_cpp/local_setup.zsh
[9.285s] -- Installing: /workspace/jazzy_ws/install/share/rmw_cyclonedds_cpp/local_setup.dsv
[9.285s] -- Installing: /workspace/jazzy_ws/install/share/rmw_cyclonedds_cpp/package.dsv
[9.285s] -- Installing: /workspace/jazzy_ws/install/share/ament_index/resource_index/packages/rmw_cyclonedds_cpp
[9.285s] -- Installing: /workspace/jazzy_ws/install/share/rmw_cyclonedds_cpp/cmake/export_rmw_cyclonedds_cppExport.cmake
[9.285s] -- Installing: /workspace/jazzy_ws/install/share/rmw_cyclonedds_cpp/cmake/export_rmw_cyclonedds_cppExport-noconfig.cmake
[9.286s] -- Installing: /workspace/jazzy_ws/install/share/rmw_cyclonedds_cpp/cmake/ament_cmake_export_dependencies-extras.cmake
[9.286s] -- Installing: /workspace/jazzy_ws/install/share/rmw_cyclonedds_cpp/cmake/ament_cmake_export_targets-extras.cmake
[9.286s] -- Installing: /workspace/jazzy_ws/install/share/rmw_cyclonedds_cpp/cmake/rmw_cyclonedds_cppConfig.cmake
[9.286s] -- Installing: /workspace/jazzy_ws/install/share/rmw_cyclonedds_cpp/cmake/rmw_cyclonedds_cppConfig-version.cmake
[9.286s] -- Installing: /workspace/jazzy_ws/install/share/rmw_cyclonedds_cpp/package.xml
[9.286s] -- Installing: /workspace/jazzy_ws/install/lib/librmw_cyclonedds_cpp.so
[9.287s] -- Set non-toolchain portion of runtime path of "/workspace/jazzy_ws/install/lib/librmw_cyclonedds_cpp.so" to ""
[9.287s] -- Installing: /workspace/jazzy_ws/install/share/ament_index/resource_index/rmw_output_patterns/rmw_cyclonedds_cpp
[9.289s] Invoked command in '/workspace/jazzy_ws/build/rmw_cyclonedds_cpp' returned '0': AMENT_PREFIX_PATH=/workspace/jazzy_ws/install CMAKE_PREFIX_PATH=/workspace/jazzy_ws/install LD_LIBRARY_PATH=/workspace/jazzy_ws/install/lib:/workspace/jazzy_ws/install/opt/mimick_vendor/lib PATH=/workspace/jazzy_ws/install/bin:/workspace/jazzy_ws/install/opt/uncrustify_vendor/bin:${PATH} PKG_CONFIG_PATH=/workspace/jazzy_ws/install/lib/x86_64-linux-gnu/pkgconfig:/workspace/jazzy_ws/install/lib/pkgconfig PYTHONPATH=/workspace/jazzy_ws/install/lib/python3.12/site-packages /usr/bin/cmake --install /workspace/jazzy_ws/build/rmw_cyclonedds_cpp
