-- The CXX compiler identification is GNU 13.3.0
-- Detecting CXX compiler ABI info
-- Detecting CXX compiler ABI info - done
-- Check for working CXX compiler: /usr/bin/c++ - skipped
-- Detecting CXX compile features
-- Detecting CXX compile features - done
-- Found ament_cmake: 2.5.5 (/workspace/jazzy_ws/install/share/ament_cmake/cmake)
-- Found Python3: /usr/bin/python3 (found version "3.12.3") found components: Interpreter 
-- Found ament_cmake_vendor_package: 2.5.5 (/workspace/jazzy_ws/install/share/ament_cmake_vendor_package/cmake)
-- Found ament_lint_auto: 0.17.4 (/workspace/jazzy_ws/install/share/ament_lint_auto/cmake)
-- Added test 'copyright' to check source files copyright and LICENSE
-- Added test 'lint_cmake' to check CMake code style
-- Added test 'xmllint' to check XML markup files
-- Configuring done (0.3s)
-- Generating done (0.0s)
-- Build files have been written to: /workspace/jazzy_ws/build/spdlog_vendor
[ 12%] Creating directories for 'spdlog_vendor'
[ 25%] Performing download step for 'spdlog_vendor'
/usr/bin/vcs:6: DeprecationWarning: pkg_resources is deprecated as an API. See https://setuptools.pypa.io/en/latest/pkg_resources.html
  from pkg_resources import load_entry_point
=== ./spdlog_vendor (git) ===
hint: Using 'master' as the name for the initial branch. This default branch name
hint: is subject to change. To configure the initial branch name to use in all
hint: of your new repositories, which will suppress this warning, call:
hint: 
hint: 	git config --global init.defaultBranch <name>
hint: 
hint: Names commonly chosen instead of 'master' are 'main', 'trunk' and
hint: 'development'. The just-created branch can be renamed via this command:
hint: 
hint: 	git branch -m <name>
Initialized empty Git repository in /workspace/jazzy_ws/build/spdlog_vendor/spdlog_vendor-prefix/src/spdlog_vendor/.git/

From https://github.com/gabime/spdlog
 * [new tag]         v1.12.0    -> v1.12.0
Note: switching to 'v1.12.0'.

You are in 'detached HEAD' state. You can look around, make experimental
changes and commit them, and you can discard any commits you make in this
state without impacting any branches by switching back to a branch.

If you want to create a new branch to retain commits you create, you may
do so (now or later) by using -c with the switch command. Example:

  git switch -c <new-branch-name>

Or undo this operation with:

  git switch -

Turn off this advice by setting config variable advice.detachedHead to false

HEAD is now at 7e635fc Fixed #2724 by excluding bin_to_hex sink if using std::format

[ 37%] No update_disconnected step for 'spdlog_vendor'
[ 50%] No patch_disconnected step for 'spdlog_vendor'
[ 62%] Performing configure step for 'spdlog_vendor'
loading initial cache file /workspace/jazzy_ws/build/spdlog_vendor/spdlog_vendor-config.cmake
-- The CXX compiler identification is GNU 13.3.0
-- Detecting CXX compiler ABI info
-- Detecting CXX compiler ABI info - done
-- Check for working CXX compiler: /usr/bin/c++ - skipped
-- Detecting CXX compile features
-- Detecting CXX compile features - done
-- Build spdlog: 1.12.0
-- Performing Test CMAKE_HAVE_LIBC_PTHREAD
-- Performing Test CMAKE_HAVE_LIBC_PTHREAD - Success
-- Found Threads: TRUE  
-- Build type: Release
-- Generating install
-- Configuring done (0.4s)
-- Generating done (0.0s)
-- Build files have been written to: /workspace/jazzy_ws/build/spdlog_vendor/spdlog_vendor-prefix/src/spdlog_vendor-build
[ 75%] Performing build step for 'spdlog_vendor'
[ 12%] Building CXX object CMakeFiles/spdlog.dir/src/spdlog.cpp.o
[ 25%] Building CXX object CMakeFiles/spdlog.dir/src/stdout_sinks.cpp.o
[ 37%] Building CXX object CMakeFiles/spdlog.dir/src/color_sinks.cpp.o
[ 50%] Building CXX object CMakeFiles/spdlog.dir/src/file_sinks.cpp.o
[ 62%] Building CXX object CMakeFiles/spdlog.dir/src/cfg.cpp.o
[ 75%] Building CXX object CMakeFiles/spdlog.dir/src/bundled_fmtlib_format.cpp.o
[ 87%] Building CXX object CMakeFiles/spdlog.dir/src/async.cpp.o
[100%] Linking CXX shared library libspdlog.so
[100%] Built target spdlog
[ 87%] Performing install step for 'spdlog_vendor'
[100%] Built target spdlog
Install the project...
-- Install configuration: "Release"
-- Installing: /workspace/jazzy_ws/build/spdlog_vendor/spdlog_vendor-prefix/install/include
-- Installing: /workspace/jazzy_ws/build/spdlog_vendor/spdlog_vendor-prefix/install/include/spdlog
-- Installing: /workspace/jazzy_ws/build/spdlog_vendor/spdlog_vendor-prefix/install/include/spdlog/fwd.h
-- Installing: /workspace/jazzy_ws/build/spdlog_vendor/spdlog_vendor-prefix/install/include/spdlog/tweakme.h
-- Installing: /workspace/jazzy_ws/build/spdlog_vendor/spdlog_vendor-prefix/install/include/spdlog/stopwatch.h
-- Installing: /workspace/jazzy_ws/build/spdlog_vendor/spdlog_vendor-prefix/install/include/spdlog/version.h
-- Installing: /workspace/jazzy_ws/build/spdlog_vendor/spdlog_vendor-prefix/install/include/spdlog/async_logger-inl.h
-- Installing: /workspace/jazzy_ws/build/spdlog_vendor/spdlog_vendor-prefix/install/include/spdlog/pattern_formatter.h
-- Installing: /workspace/jazzy_ws/build/spdlog_vendor/spdlog_vendor-prefix/install/include/spdlog/fmt
-- Installing: /workspace/jazzy_ws/build/spdlog_vendor/spdlog_vendor-prefix/install/include/spdlog/fmt/std.h
-- Installing: /workspace/jazzy_ws/build/spdlog_vendor/spdlog_vendor-prefix/install/include/spdlog/fmt/fmt.h
-- Installing: /workspace/jazzy_ws/build/spdlog_vendor/spdlog_vendor-prefix/install/include/spdlog/fmt/ostr.h
-- Installing: /workspace/jazzy_ws/build/spdlog_vendor/spdlog_vendor-prefix/install/include/spdlog/fmt/xchar.h
-- Installing: /workspace/jazzy_ws/build/spdlog_vendor/spdlog_vendor-prefix/install/include/spdlog/fmt/ranges.h
-- Installing: /workspace/jazzy_ws/build/spdlog_vendor/spdlog_vendor-prefix/install/include/spdlog/fmt/bin_to_hex.h
-- Installing: /workspace/jazzy_ws/build/spdlog_vendor/spdlog_vendor-prefix/install/include/spdlog/fmt/compile.h
-- Installing: /workspace/jazzy_ws/build/spdlog_vendor/spdlog_vendor-prefix/install/include/spdlog/fmt/chrono.h
-- Installing: /workspace/jazzy_ws/build/spdlog_vendor/spdlog_vendor-prefix/install/include/spdlog/async.h
-- Installing: /workspace/jazzy_ws/build/spdlog_vendor/spdlog_vendor-prefix/install/include/spdlog/sinks
-- Installing: /workspace/jazzy_ws/build/spdlog_vendor/spdlog_vendor-prefix/install/include/spdlog/sinks/qt_sinks.h
-- Installing: /workspace/jazzy_ws/build/spdlog_vendor/spdlog_vendor-prefix/install/include/spdlog/sinks/stdout_color_sinks-inl.h
-- Installing: /workspace/jazzy_ws/build/spdlog_vendor/spdlog_vendor-prefix/install/include/spdlog/sinks/basic_file_sink-inl.h
-- Installing: /workspace/jazzy_ws/build/spdlog_vendor/spdlog_vendor-prefix/install/include/spdlog/sinks/wincolor_sink-inl.h
-- Installing: /workspace/jazzy_ws/build/spdlog_vendor/spdlog_vendor-prefix/install/include/spdlog/sinks/mongo_sink.h
-- Installing: /workspace/jazzy_ws/build/spdlog_vendor/spdlog_vendor-prefix/install/include/spdlog/sinks/hourly_file_sink.h
-- Installing: /workspace/jazzy_ws/build/spdlog_vendor/spdlog_vendor-prefix/install/include/spdlog/sinks/ansicolor_sink.h
-- Installing: /workspace/jazzy_ws/build/spdlog_vendor/spdlog_vendor-prefix/install/include/spdlog/sinks/dup_filter_sink.h
-- Installing: /workspace/jazzy_ws/build/spdlog_vendor/spdlog_vendor-prefix/install/include/spdlog/sinks/base_sink-inl.h
-- Installing: /workspace/jazzy_ws/build/spdlog_vendor/spdlog_vendor-prefix/install/include/spdlog/sinks/kafka_sink.h
-- Installing: /workspace/jazzy_ws/build/spdlog_vendor/spdlog_vendor-prefix/install/include/spdlog/sinks/sink-inl.h
-- Installing: /workspace/jazzy_ws/build/spdlog_vendor/spdlog_vendor-prefix/install/include/spdlog/sinks/stdout_color_sinks.h
-- Installing: /workspace/jazzy_ws/build/spdlog_vendor/spdlog_vendor-prefix/install/include/spdlog/sinks/daily_file_sink.h
-- Installing: /workspace/jazzy_ws/build/spdlog_vendor/spdlog_vendor-prefix/install/include/spdlog/sinks/ostream_sink.h
-- Installing: /workspace/jazzy_ws/build/spdlog_vendor/spdlog_vendor-prefix/install/include/spdlog/sinks/ringbuffer_sink.h
-- Installing: /workspace/jazzy_ws/build/spdlog_vendor/spdlog_vendor-prefix/install/include/spdlog/sinks/msvc_sink.h
-- Installing: /workspace/jazzy_ws/build/spdlog_vendor/spdlog_vendor-prefix/install/include/spdlog/sinks/callback_sink.h
-- Installing: /workspace/jazzy_ws/build/spdlog_vendor/spdlog_vendor-prefix/install/include/spdlog/sinks/win_eventlog_sink.h
-- Installing: /workspace/jazzy_ws/build/spdlog_vendor/spdlog_vendor-prefix/install/include/spdlog/sinks/base_sink.h
-- Installing: /workspace/jazzy_ws/build/spdlog_vendor/spdlog_vendor-prefix/install/include/spdlog/sinks/syslog_sink.h
-- Installing: /workspace/jazzy_ws/build/spdlog_vendor/spdlog_vendor-prefix/install/include/spdlog/sinks/wincolor_sink.h
-- Installing: /workspace/jazzy_ws/build/spdlog_vendor/spdlog_vendor-prefix/install/include/spdlog/sinks/rotating_file_sink-inl.h
-- Installing: /workspace/jazzy_ws/build/spdlog_vendor/spdlog_vendor-prefix/install/include/spdlog/sinks/basic_file_sink.h
-- Installing: /workspace/jazzy_ws/build/spdlog_vendor/spdlog_vendor-prefix/install/include/spdlog/sinks/rotating_file_sink.h
-- Installing: /workspace/jazzy_ws/build/spdlog_vendor/spdlog_vendor-prefix/install/include/spdlog/sinks/udp_sink.h
-- Installing: /workspace/jazzy_ws/build/spdlog_vendor/spdlog_vendor-prefix/install/include/spdlog/sinks/dist_sink.h
-- Installing: /workspace/jazzy_ws/build/spdlog_vendor/spdlog_vendor-prefix/install/include/spdlog/sinks/systemd_sink.h
-- Installing: /workspace/jazzy_ws/build/spdlog_vendor/spdlog_vendor-prefix/install/include/spdlog/sinks/null_sink.h
-- Installing: /workspace/jazzy_ws/build/spdlog_vendor/spdlog_vendor-prefix/install/include/spdlog/sinks/stdout_sinks.h
-- Installing: /workspace/jazzy_ws/build/spdlog_vendor/spdlog_vendor-prefix/install/include/spdlog/sinks/android_sink.h
-- Installing: /workspace/jazzy_ws/build/spdlog_vendor/spdlog_vendor-prefix/install/include/spdlog/sinks/sink.h
-- Installing: /workspace/jazzy_ws/build/spdlog_vendor/spdlog_vendor-prefix/install/include/spdlog/sinks/tcp_sink.h
-- Installing: /workspace/jazzy_ws/build/spdlog_vendor/spdlog_vendor-prefix/install/include/spdlog/sinks/stdout_sinks-inl.h
-- Installing: /workspace/jazzy_ws/build/spdlog_vendor/spdlog_vendor-prefix/install/include/spdlog/sinks/ansicolor_sink-inl.h
-- Installing: /workspace/jazzy_ws/build/spdlog_vendor/spdlog_vendor-prefix/install/include/spdlog/pattern_formatter-inl.h
-- Installing: /workspace/jazzy_ws/build/spdlog_vendor/spdlog_vendor-prefix/install/include/spdlog/logger-inl.h
-- Installing: /workspace/jazzy_ws/build/spdlog_vendor/spdlog_vendor-prefix/install/include/spdlog/spdlog.h
-- Installing: /workspace/jazzy_ws/build/spdlog_vendor/spdlog_vendor-prefix/install/include/spdlog/common.h
-- Installing: /workspace/jazzy_ws/build/spdlog_vendor/spdlog_vendor-prefix/install/include/spdlog/details
-- Installing: /workspace/jazzy_ws/build/spdlog_vendor/spdlog_vendor-prefix/install/include/spdlog/details/file_helper.h
-- Installing: /workspace/jazzy_ws/build/spdlog_vendor/spdlog_vendor-prefix/install/include/spdlog/details/registry.h
-- Installing: /workspace/jazzy_ws/build/spdlog_vendor/spdlog_vendor-prefix/install/include/spdlog/details/log_msg_buffer-inl.h
-- Installing: /workspace/jazzy_ws/build/spdlog_vendor/spdlog_vendor-prefix/install/include/spdlog/details/log_msg.h
-- Installing: /workspace/jazzy_ws/build/spdlog_vendor/spdlog_vendor-prefix/install/include/spdlog/details/console_globals.h
-- Installing: /workspace/jazzy_ws/build/spdlog_vendor/spdlog_vendor-prefix/install/include/spdlog/details/windows_include.h
-- Installing: /workspace/jazzy_ws/build/spdlog_vendor/spdlog_vendor-prefix/install/include/spdlog/details/circular_q.h
-- Installing: /workspace/jazzy_ws/build/spdlog_vendor/spdlog_vendor-prefix/install/include/spdlog/details/file_helper-inl.h
-- Installing: /workspace/jazzy_ws/build/spdlog_vendor/spdlog_vendor-prefix/install/include/spdlog/details/log_msg-inl.h
-- Installing: /workspace/jazzy_ws/build/spdlog_vendor/spdlog_vendor-prefix/install/include/spdlog/details/null_mutex.h
-- Installing: /workspace/jazzy_ws/build/spdlog_vendor/spdlog_vendor-prefix/install/include/spdlog/details/mpmc_blocking_q.h
-- Installing: /workspace/jazzy_ws/build/spdlog_vendor/spdlog_vendor-prefix/install/include/spdlog/details/synchronous_factory.h
-- Installing: /workspace/jazzy_ws/build/spdlog_vendor/spdlog_vendor-prefix/install/include/spdlog/details/fmt_helper.h
-- Installing: /workspace/jazzy_ws/build/spdlog_vendor/spdlog_vendor-prefix/install/include/spdlog/details/os.h
-- Installing: /workspace/jazzy_ws/build/spdlog_vendor/spdlog_vendor-prefix/install/include/spdlog/details/tcp_client-windows.h
-- Installing: /workspace/jazzy_ws/build/spdlog_vendor/spdlog_vendor-prefix/install/include/spdlog/details/udp_client-windows.h
-- Installing: /workspace/jazzy_ws/build/spdlog_vendor/spdlog_vendor-prefix/install/include/spdlog/details/backtracer-inl.h
-- Installing: /workspace/jazzy_ws/build/spdlog_vendor/spdlog_vendor-prefix/install/include/spdlog/details/registry-inl.h
-- Installing: /workspace/jazzy_ws/build/spdlog_vendor/spdlog_vendor-prefix/install/include/spdlog/details/backtracer.h
-- Installing: /workspace/jazzy_ws/build/spdlog_vendor/spdlog_vendor-prefix/install/include/spdlog/details/periodic_worker-inl.h
-- Installing: /workspace/jazzy_ws/build/spdlog_vendor/spdlog_vendor-prefix/install/include/spdlog/details/thread_pool.h
-- Installing: /workspace/jazzy_ws/build/spdlog_vendor/spdlog_vendor-prefix/install/include/spdlog/details/thread_pool-inl.h
-- Installing: /workspace/jazzy_ws/build/spdlog_vendor/spdlog_vendor-prefix/install/include/spdlog/details/periodic_worker.h
-- Installing: /workspace/jazzy_ws/build/spdlog_vendor/spdlog_vendor-prefix/install/include/spdlog/details/log_msg_buffer.h
-- Installing: /workspace/jazzy_ws/build/spdlog_vendor/spdlog_vendor-prefix/install/include/spdlog/details/os-inl.h
-- Installing: /workspace/jazzy_ws/build/spdlog_vendor/spdlog_vendor-prefix/install/include/spdlog/details/tcp_client.h
-- Installing: /workspace/jazzy_ws/build/spdlog_vendor/spdlog_vendor-prefix/install/include/spdlog/details/udp_client.h
-- Installing: /workspace/jazzy_ws/build/spdlog_vendor/spdlog_vendor-prefix/install/include/spdlog/formatter.h
-- Installing: /workspace/jazzy_ws/build/spdlog_vendor/spdlog_vendor-prefix/install/include/spdlog/spdlog-inl.h
-- Installing: /workspace/jazzy_ws/build/spdlog_vendor/spdlog_vendor-prefix/install/include/spdlog/common-inl.h
-- Installing: /workspace/jazzy_ws/build/spdlog_vendor/spdlog_vendor-prefix/install/include/spdlog/async_logger.h
-- Installing: /workspace/jazzy_ws/build/spdlog_vendor/spdlog_vendor-prefix/install/include/spdlog/cfg
-- Installing: /workspace/jazzy_ws/build/spdlog_vendor/spdlog_vendor-prefix/install/include/spdlog/cfg/env.h
-- Installing: /workspace/jazzy_ws/build/spdlog_vendor/spdlog_vendor-prefix/install/include/spdlog/cfg/helpers.h
-- Installing: /workspace/jazzy_ws/build/spdlog_vendor/spdlog_vendor-prefix/install/include/spdlog/cfg/helpers-inl.h
-- Installing: /workspace/jazzy_ws/build/spdlog_vendor/spdlog_vendor-prefix/install/include/spdlog/cfg/argv.h
-- Installing: /workspace/jazzy_ws/build/spdlog_vendor/spdlog_vendor-prefix/install/include/spdlog/logger.h
-- Installing: /workspace/jazzy_ws/build/spdlog_vendor/spdlog_vendor-prefix/install/lib/libspdlog.so.1.12.0
-- Installing: /workspace/jazzy_ws/build/spdlog_vendor/spdlog_vendor-prefix/install/lib/libspdlog.so.1.12
-- Installing: /workspace/jazzy_ws/build/spdlog_vendor/spdlog_vendor-prefix/install/lib/libspdlog.so
-- Installing: /workspace/jazzy_ws/build/spdlog_vendor/spdlog_vendor-prefix/install/include/spdlog/fmt/bundled/
-- Installing: /workspace/jazzy_ws/build/spdlog_vendor/spdlog_vendor-prefix/install/include/spdlog/fmt/bundled//std.h
-- Installing: /workspace/jazzy_ws/build/spdlog_vendor/spdlog_vendor-prefix/install/include/spdlog/fmt/bundled//fmt.license.rst
-- Installing: /workspace/jazzy_ws/build/spdlog_vendor/spdlog_vendor-prefix/install/include/spdlog/fmt/bundled//args.h
-- Installing: /workspace/jazzy_ws/build/spdlog_vendor/spdlog_vendor-prefix/install/include/spdlog/fmt/bundled//format.h
-- Installing: /workspace/jazzy_ws/build/spdlog_vendor/spdlog_vendor-prefix/install/include/spdlog/fmt/bundled//core.h
-- Installing: /workspace/jazzy_ws/build/spdlog_vendor/spdlog_vendor-prefix/install/include/spdlog/fmt/bundled//locale.h
-- Installing: /workspace/jazzy_ws/build/spdlog_vendor/spdlog_vendor-prefix/install/include/spdlog/fmt/bundled//xchar.h
-- Installing: /workspace/jazzy_ws/build/spdlog_vendor/spdlog_vendor-prefix/install/include/spdlog/fmt/bundled//ostream.h
-- Installing: /workspace/jazzy_ws/build/spdlog_vendor/spdlog_vendor-prefix/install/include/spdlog/fmt/bundled//os.h
-- Installing: /workspace/jazzy_ws/build/spdlog_vendor/spdlog_vendor-prefix/install/include/spdlog/fmt/bundled//ranges.h
-- Installing: /workspace/jazzy_ws/build/spdlog_vendor/spdlog_vendor-prefix/install/include/spdlog/fmt/bundled//printf.h
-- Installing: /workspace/jazzy_ws/build/spdlog_vendor/spdlog_vendor-prefix/install/include/spdlog/fmt/bundled//color.h
-- Installing: /workspace/jazzy_ws/build/spdlog_vendor/spdlog_vendor-prefix/install/include/spdlog/fmt/bundled//format-inl.h
-- Installing: /workspace/jazzy_ws/build/spdlog_vendor/spdlog_vendor-prefix/install/include/spdlog/fmt/bundled//compile.h
-- Installing: /workspace/jazzy_ws/build/spdlog_vendor/spdlog_vendor-prefix/install/include/spdlog/fmt/bundled//chrono.h
-- Installing: /workspace/jazzy_ws/build/spdlog_vendor/spdlog_vendor-prefix/install/lib/pkgconfig/spdlog.pc
-- Installing: /workspace/jazzy_ws/build/spdlog_vendor/spdlog_vendor-prefix/install/lib/cmake/spdlog/spdlogConfigTargets.cmake
-- Installing: /workspace/jazzy_ws/build/spdlog_vendor/spdlog_vendor-prefix/install/lib/cmake/spdlog/spdlogConfigTargets-release.cmake
-- Installing: /workspace/jazzy_ws/build/spdlog_vendor/spdlog_vendor-prefix/install/lib/cmake/spdlog/spdlogConfig.cmake
-- Installing: /workspace/jazzy_ws/build/spdlog_vendor/spdlog_vendor-prefix/install/lib/cmake/spdlog/spdlogConfigVersion.cmake
[100%] Completed 'spdlog_vendor'
[100%] Built target spdlog_vendor
-- Install configuration: ""
-- Installing: /workspace/jazzy_ws/install/opt/spdlog_vendor
-- Installing: /workspace/jazzy_ws/install/opt/spdlog_vendor/lib
-- Installing: /workspace/jazzy_ws/install/opt/spdlog_vendor/lib/libspdlog.so.1.12.0
-- Installing: /workspace/jazzy_ws/install/opt/spdlog_vendor/lib/libspdlog.so
-- Installing: /workspace/jazzy_ws/install/opt/spdlog_vendor/lib/cmake
-- Installing: /workspace/jazzy_ws/install/opt/spdlog_vendor/lib/cmake/spdlog
-- Installing: /workspace/jazzy_ws/install/opt/spdlog_vendor/lib/cmake/spdlog/spdlogConfig.cmake
-- Installing: /workspace/jazzy_ws/install/opt/spdlog_vendor/lib/cmake/spdlog/spdlogConfigTargets-release.cmake
-- Installing: /workspace/jazzy_ws/install/opt/spdlog_vendor/lib/cmake/spdlog/spdlogConfigTargets.cmake
-- Installing: /workspace/jazzy_ws/install/opt/spdlog_vendor/lib/cmake/spdlog/spdlogConfigVersion.cmake
-- Installing: /workspace/jazzy_ws/install/opt/spdlog_vendor/lib/libspdlog.so.1.12
-- Installing: /workspace/jazzy_ws/install/opt/spdlog_vendor/lib/pkgconfig
-- Installing: /workspace/jazzy_ws/install/opt/spdlog_vendor/lib/pkgconfig/spdlog.pc
-- Installing: /workspace/jazzy_ws/install/opt/spdlog_vendor/include
-- Installing: /workspace/jazzy_ws/install/opt/spdlog_vendor/include/spdlog
-- Installing: /workspace/jazzy_ws/install/opt/spdlog_vendor/include/spdlog/fwd.h
-- Installing: /workspace/jazzy_ws/install/opt/spdlog_vendor/include/spdlog/tweakme.h
-- Installing: /workspace/jazzy_ws/install/opt/spdlog_vendor/include/spdlog/stopwatch.h
-- Installing: /workspace/jazzy_ws/install/opt/spdlog_vendor/include/spdlog/version.h
-- Installing: /workspace/jazzy_ws/install/opt/spdlog_vendor/include/spdlog/async_logger-inl.h
-- Installing: /workspace/jazzy_ws/install/opt/spdlog_vendor/include/spdlog/pattern_formatter.h
-- Installing: /workspace/jazzy_ws/install/opt/spdlog_vendor/include/spdlog/fmt
-- Installing: /workspace/jazzy_ws/install/opt/spdlog_vendor/include/spdlog/fmt/std.h
-- Installing: /workspace/jazzy_ws/install/opt/spdlog_vendor/include/spdlog/fmt/fmt.h
-- Installing: /workspace/jazzy_ws/install/opt/spdlog_vendor/include/spdlog/fmt/ostr.h
-- Installing: /workspace/jazzy_ws/install/opt/spdlog_vendor/include/spdlog/fmt/xchar.h
-- Installing: /workspace/jazzy_ws/install/opt/spdlog_vendor/include/spdlog/fmt/ranges.h
-- Installing: /workspace/jazzy_ws/install/opt/spdlog_vendor/include/spdlog/fmt/bundled
-- Installing: /workspace/jazzy_ws/install/opt/spdlog_vendor/include/spdlog/fmt/bundled/std.h
-- Installing: /workspace/jazzy_ws/install/opt/spdlog_vendor/include/spdlog/fmt/bundled/fmt.license.rst
-- Installing: /workspace/jazzy_ws/install/opt/spdlog_vendor/include/spdlog/fmt/bundled/args.h
-- Installing: /workspace/jazzy_ws/install/opt/spdlog_vendor/include/spdlog/fmt/bundled/format.h
-- Installing: /workspace/jazzy_ws/install/opt/spdlog_vendor/include/spdlog/fmt/bundled/core.h
-- Installing: /workspace/jazzy_ws/install/opt/spdlog_vendor/include/spdlog/fmt/bundled/locale.h
-- Installing: /workspace/jazzy_ws/install/opt/spdlog_vendor/include/spdlog/fmt/bundled/xchar.h
-- Installing: /workspace/jazzy_ws/install/opt/spdlog_vendor/include/spdlog/fmt/bundled/ostream.h
-- Installing: /workspace/jazzy_ws/install/opt/spdlog_vendor/include/spdlog/fmt/bundled/os.h
-- Installing: /workspace/jazzy_ws/install/opt/spdlog_vendor/include/spdlog/fmt/bundled/ranges.h
-- Installing: /workspace/jazzy_ws/install/opt/spdlog_vendor/include/spdlog/fmt/bundled/printf.h
-- Installing: /workspace/jazzy_ws/install/opt/spdlog_vendor/include/spdlog/fmt/bundled/color.h
-- Installing: /workspace/jazzy_ws/install/opt/spdlog_vendor/include/spdlog/fmt/bundled/format-inl.h
-- Installing: /workspace/jazzy_ws/install/opt/spdlog_vendor/include/spdlog/fmt/bundled/compile.h
-- Installing: /workspace/jazzy_ws/install/opt/spdlog_vendor/include/spdlog/fmt/bundled/chrono.h
-- Installing: /workspace/jazzy_ws/install/opt/spdlog_vendor/include/spdlog/fmt/bin_to_hex.h
-- Installing: /workspace/jazzy_ws/install/opt/spdlog_vendor/include/spdlog/fmt/compile.h
-- Installing: /workspace/jazzy_ws/install/opt/spdlog_vendor/include/spdlog/fmt/chrono.h
-- Installing: /workspace/jazzy_ws/install/opt/spdlog_vendor/include/spdlog/async.h
-- Installing: /workspace/jazzy_ws/install/opt/spdlog_vendor/include/spdlog/sinks
-- Installing: /workspace/jazzy_ws/install/opt/spdlog_vendor/include/spdlog/sinks/qt_sinks.h
-- Installing: /workspace/jazzy_ws/install/opt/spdlog_vendor/include/spdlog/sinks/stdout_color_sinks-inl.h
-- Installing: /workspace/jazzy_ws/install/opt/spdlog_vendor/include/spdlog/sinks/basic_file_sink-inl.h
-- Installing: /workspace/jazzy_ws/install/opt/spdlog_vendor/include/spdlog/sinks/wincolor_sink-inl.h
-- Installing: /workspace/jazzy_ws/install/opt/spdlog_vendor/include/spdlog/sinks/mongo_sink.h
-- Installing: /workspace/jazzy_ws/install/opt/spdlog_vendor/include/spdlog/sinks/hourly_file_sink.h
-- Installing: /workspace/jazzy_ws/install/opt/spdlog_vendor/include/spdlog/sinks/ansicolor_sink.h
-- Installing: /workspace/jazzy_ws/install/opt/spdlog_vendor/include/spdlog/sinks/dup_filter_sink.h
-- Installing: /workspace/jazzy_ws/install/opt/spdlog_vendor/include/spdlog/sinks/base_sink-inl.h
-- Installing: /workspace/jazzy_ws/install/opt/spdlog_vendor/include/spdlog/sinks/kafka_sink.h
-- Installing: /workspace/jazzy_ws/install/opt/spdlog_vendor/include/spdlog/sinks/sink-inl.h
-- Installing: /workspace/jazzy_ws/install/opt/spdlog_vendor/include/spdlog/sinks/stdout_color_sinks.h
-- Installing: /workspace/jazzy_ws/install/opt/spdlog_vendor/include/spdlog/sinks/daily_file_sink.h
-- Installing: /workspace/jazzy_ws/install/opt/spdlog_vendor/include/spdlog/sinks/ostream_sink.h
-- Installing: /workspace/jazzy_ws/install/opt/spdlog_vendor/include/spdlog/sinks/ringbuffer_sink.h
-- Installing: /workspace/jazzy_ws/install/opt/spdlog_vendor/include/spdlog/sinks/msvc_sink.h
-- Installing: /workspace/jazzy_ws/install/opt/spdlog_vendor/include/spdlog/sinks/callback_sink.h
-- Installing: /workspace/jazzy_ws/install/opt/spdlog_vendor/include/spdlog/sinks/win_eventlog_sink.h
-- Installing: /workspace/jazzy_ws/install/opt/spdlog_vendor/include/spdlog/sinks/base_sink.h
-- Installing: /workspace/jazzy_ws/install/opt/spdlog_vendor/include/spdlog/sinks/syslog_sink.h
-- Installing: /workspace/jazzy_ws/install/opt/spdlog_vendor/include/spdlog/sinks/wincolor_sink.h
-- Installing: /workspace/jazzy_ws/install/opt/spdlog_vendor/include/spdlog/sinks/rotating_file_sink-inl.h
-- Installing: /workspace/jazzy_ws/install/opt/spdlog_vendor/include/spdlog/sinks/basic_file_sink.h
-- Installing: /workspace/jazzy_ws/install/opt/spdlog_vendor/include/spdlog/sinks/rotating_file_sink.h
-- Installing: /workspace/jazzy_ws/install/opt/spdlog_vendor/include/spdlog/sinks/udp_sink.h
-- Installing: /workspace/jazzy_ws/install/opt/spdlog_vendor/include/spdlog/sinks/dist_sink.h
-- Installing: /workspace/jazzy_ws/install/opt/spdlog_vendor/include/spdlog/sinks/systemd_sink.h
-- Installing: /workspace/jazzy_ws/install/opt/spdlog_vendor/include/spdlog/sinks/null_sink.h
-- Installing: /workspace/jazzy_ws/install/opt/spdlog_vendor/include/spdlog/sinks/stdout_sinks.h
-- Installing: /workspace/jazzy_ws/install/opt/spdlog_vendor/include/spdlog/sinks/android_sink.h
-- Installing: /workspace/jazzy_ws/install/opt/spdlog_vendor/include/spdlog/sinks/sink.h
-- Installing: /workspace/jazzy_ws/install/opt/spdlog_vendor/include/spdlog/sinks/tcp_sink.h
-- Installing: /workspace/jazzy_ws/install/opt/spdlog_vendor/include/spdlog/sinks/stdout_sinks-inl.h
-- Installing: /workspace/jazzy_ws/install/opt/spdlog_vendor/include/spdlog/sinks/ansicolor_sink-inl.h
-- Installing: /workspace/jazzy_ws/install/opt/spdlog_vendor/include/spdlog/pattern_formatter-inl.h
-- Installing: /workspace/jazzy_ws/install/opt/spdlog_vendor/include/spdlog/logger-inl.h
-- Installing: /workspace/jazzy_ws/install/opt/spdlog_vendor/include/spdlog/spdlog.h
-- Installing: /workspace/jazzy_ws/install/opt/spdlog_vendor/include/spdlog/common.h
-- Installing: /workspace/jazzy_ws/install/opt/spdlog_vendor/include/spdlog/details
-- Installing: /workspace/jazzy_ws/install/opt/spdlog_vendor/include/spdlog/details/file_helper.h
-- Installing: /workspace/jazzy_ws/install/opt/spdlog_vendor/include/spdlog/details/registry.h
-- Installing: /workspace/jazzy_ws/install/opt/spdlog_vendor/include/spdlog/details/log_msg_buffer-inl.h
-- Installing: /workspace/jazzy_ws/install/opt/spdlog_vendor/include/spdlog/details/log_msg.h
-- Installing: /workspace/jazzy_ws/install/opt/spdlog_vendor/include/spdlog/details/console_globals.h
-- Installing: /workspace/jazzy_ws/install/opt/spdlog_vendor/include/spdlog/details/windows_include.h
-- Installing: /workspace/jazzy_ws/install/opt/spdlog_vendor/include/spdlog/details/circular_q.h
-- Installing: /workspace/jazzy_ws/install/opt/spdlog_vendor/include/spdlog/details/file_helper-inl.h
-- Installing: /workspace/jazzy_ws/install/opt/spdlog_vendor/include/spdlog/details/log_msg-inl.h
-- Installing: /workspace/jazzy_ws/install/opt/spdlog_vendor/include/spdlog/details/null_mutex.h
-- Installing: /workspace/jazzy_ws/install/opt/spdlog_vendor/include/spdlog/details/mpmc_blocking_q.h
-- Installing: /workspace/jazzy_ws/install/opt/spdlog_vendor/include/spdlog/details/synchronous_factory.h
-- Installing: /workspace/jazzy_ws/install/opt/spdlog_vendor/include/spdlog/details/fmt_helper.h
-- Installing: /workspace/jazzy_ws/install/opt/spdlog_vendor/include/spdlog/details/os.h
-- Installing: /workspace/jazzy_ws/install/opt/spdlog_vendor/include/spdlog/details/tcp_client-windows.h
-- Installing: /workspace/jazzy_ws/install/opt/spdlog_vendor/include/spdlog/details/udp_client-windows.h
-- Installing: /workspace/jazzy_ws/install/opt/spdlog_vendor/include/spdlog/details/backtracer-inl.h
-- Installing: /workspace/jazzy_ws/install/opt/spdlog_vendor/include/spdlog/details/registry-inl.h
-- Installing: /workspace/jazzy_ws/install/opt/spdlog_vendor/include/spdlog/details/backtracer.h
-- Installing: /workspace/jazzy_ws/install/opt/spdlog_vendor/include/spdlog/details/periodic_worker-inl.h
-- Installing: /workspace/jazzy_ws/install/opt/spdlog_vendor/include/spdlog/details/thread_pool.h
-- Installing: /workspace/jazzy_ws/install/opt/spdlog_vendor/include/spdlog/details/thread_pool-inl.h
-- Installing: /workspace/jazzy_ws/install/opt/spdlog_vendor/include/spdlog/details/periodic_worker.h
-- Installing: /workspace/jazzy_ws/install/opt/spdlog_vendor/include/spdlog/details/log_msg_buffer.h
-- Installing: /workspace/jazzy_ws/install/opt/spdlog_vendor/include/spdlog/details/os-inl.h
-- Installing: /workspace/jazzy_ws/install/opt/spdlog_vendor/include/spdlog/details/tcp_client.h
-- Installing: /workspace/jazzy_ws/install/opt/spdlog_vendor/include/spdlog/details/udp_client.h
-- Installing: /workspace/jazzy_ws/install/opt/spdlog_vendor/include/spdlog/formatter.h
-- Installing: /workspace/jazzy_ws/install/opt/spdlog_vendor/include/spdlog/spdlog-inl.h
-- Installing: /workspace/jazzy_ws/install/opt/spdlog_vendor/include/spdlog/common-inl.h
-- Installing: /workspace/jazzy_ws/install/opt/spdlog_vendor/include/spdlog/async_logger.h
-- Installing: /workspace/jazzy_ws/install/opt/spdlog_vendor/include/spdlog/cfg
-- Installing: /workspace/jazzy_ws/install/opt/spdlog_vendor/include/spdlog/cfg/env.h
-- Installing: /workspace/jazzy_ws/install/opt/spdlog_vendor/include/spdlog/cfg/helpers.h
-- Installing: /workspace/jazzy_ws/install/opt/spdlog_vendor/include/spdlog/cfg/helpers-inl.h
-- Installing: /workspace/jazzy_ws/install/opt/spdlog_vendor/include/spdlog/cfg/argv.h
-- Installing: /workspace/jazzy_ws/install/opt/spdlog_vendor/include/spdlog/logger.h
-- Installing: /workspace/jazzy_ws/install/share/spdlog_vendor/environment/vendor_package.bat
-- Installing: /workspace/jazzy_ws/install/share/spdlog_vendor/environment/vendor_package.dsv
-- Installing: /workspace/jazzy_ws/install/share/spdlog_vendor/environment/vendor_package.sh
-- Installing: /workspace/jazzy_ws/install/share/ament_index/resource_index/vendor_packages/spdlog_vendor
-- Installing: /workspace/jazzy_ws/install/share/ament_index/resource_index/package_run_dependencies/spdlog_vendor
-- Installing: /workspace/jazzy_ws/install/share/ament_index/resource_index/parent_prefix_path/spdlog_vendor
-- Installing: /workspace/jazzy_ws/install/share/spdlog_vendor/environment/ament_prefix_path.sh
-- Installing: /workspace/jazzy_ws/install/share/spdlog_vendor/environment/ament_prefix_path.dsv
-- Installing: /workspace/jazzy_ws/install/share/spdlog_vendor/environment/path.sh
-- Installing: /workspace/jazzy_ws/install/share/spdlog_vendor/environment/path.dsv
-- Installing: /workspace/jazzy_ws/install/share/spdlog_vendor/local_setup.bash
-- Installing: /workspace/jazzy_ws/install/share/spdlog_vendor/local_setup.sh
-- Installing: /workspace/jazzy_ws/install/share/spdlog_vendor/local_setup.zsh
-- Installing: /workspace/jazzy_ws/install/share/spdlog_vendor/local_setup.dsv
-- Installing: /workspace/jazzy_ws/install/share/spdlog_vendor/package.dsv
-- Installing: /workspace/jazzy_ws/install/share/ament_index/resource_index/packages/spdlog_vendor
-- Installing: /workspace/jazzy_ws/install/share/spdlog_vendor/cmake/vendor_package_cmake_prefix.cmake
-- Installing: /workspace/jazzy_ws/install/share/spdlog_vendor/cmake/spdlog_vendorConfig.cmake
-- Installing: /workspace/jazzy_ws/install/share/spdlog_vendor/cmake/spdlog_vendorConfig-version.cmake
-- Installing: /workspace/jazzy_ws/install/share/spdlog_vendor/package.xml
