-- The C compiler identification is GNU 13.3.0
-- The CXX compiler identification is GNU 13.3.0
-- Detecting C compiler ABI info
-- Detecting C compiler ABI info - done
-- Check for working C compiler: /usr/bin/cc - skipped
-- Detecting C compile features
-- Detecting C compile features - done
-- Detecting CXX compiler ABI info
-- Detecting CXX compiler ABI info - done
-- Check for working CXX compiler: /usr/bin/c++ - skipped
-- Detecting CXX compile features
-- Detecting CXX compile features - done
-- Found ament_cmake_ros: 0.12.0 (/workspace/jazzy_ws/install/share/ament_cmake_ros/cmake)
-- Found Python3: /usr/bin/python3 (found version "3.12.3") found components: Interpreter 
-- Found rcutils: 6.7.5 (/workspace/jazzy_ws/install/share/rcutils/cmake)
-- Found rosidl_runtime_c: 4.6.7 (/workspace/jazzy_ws/install/share/rosidl_runtime_c/cmake)
-- Configuring done (0.7s)
-- Generating done (0.0s)
-- Build files have been written to: /workspace/jazzy_ws/build/rosidl_dynamic_typesupport
/usr/bin/cmake -S/workspace/jazzy_ws/src/rosidl_dynamic_typesupport -B/workspace/jazzy_ws/build/rosidl_dynamic_typesupport --check-build-system CMakeFiles/Makefile.cmake 0
/usr/bin/cmake -E cmake_progress_start /workspace/jazzy_ws/build/rosidl_dynamic_typesupport/CMakeFiles /workspace/jazzy_ws/build/rosidl_dynamic_typesupport//CMakeFiles/progress.marks
/usr/bin/gmake  -f CMakeFiles/Makefile2 all
gmake[1]: Entering directory '/workspace/jazzy_ws/build/rosidl_dynamic_typesupport'
/usr/bin/gmake  -f CMakeFiles/rosidl_dynamic_typesupport.dir/build.make CMakeFiles/rosidl_dynamic_typesupport.dir/depend
gmake[2]: Entering directory '/workspace/jazzy_ws/build/rosidl_dynamic_typesupport'
cd /workspace/jazzy_ws/build/rosidl_dynamic_typesupport && /usr/bin/cmake -E cmake_depends "Unix Makefiles" /workspace/jazzy_ws/src/rosidl_dynamic_typesupport /workspace/jazzy_ws/src/rosidl_dynamic_typesupport /workspace/jazzy_ws/build/rosidl_dynamic_typesupport /workspace/jazzy_ws/build/rosidl_dynamic_typesupport /workspace/jazzy_ws/build/rosidl_dynamic_typesupport/CMakeFiles/rosidl_dynamic_typesupport.dir/DependInfo.cmake "--color="
gmake[2]: Leaving directory '/workspace/jazzy_ws/build/rosidl_dynamic_typesupport'
/usr/bin/gmake  -f CMakeFiles/rosidl_dynamic_typesupport.dir/build.make CMakeFiles/rosidl_dynamic_typesupport.dir/build
gmake[2]: Entering directory '/workspace/jazzy_ws/build/rosidl_dynamic_typesupport'
[ 16%] Building C object CMakeFiles/rosidl_dynamic_typesupport.dir/src/api/dynamic_data.c.o
[ 33%] Building C object CMakeFiles/rosidl_dynamic_typesupport.dir/src/identifier.c.o
/usr/bin/cc -DRCUTILS_ENABLE_FAULT_INJECTION -DROS_PACKAGE_NAME=\"rosidl_dynamic_typesupport\" -Drosidl_dynamic_typesupport_EXPORTS -I/workspace/jazzy_ws/src/rosidl_dynamic_typesupport/src -I/workspace/jazzy_ws/src/rosidl_dynamic_typesupport/include -isystem /workspace/jazzy_ws/install/include/rcutils -isystem /workspace/jazzy_ws/install/include/rosidl_runtime_c -isystem /workspace/jazzy_ws/install/include/rosidl_typesupport_interface -std=gnu11 -fPIC -Wall -Wextra -Wpedantic -MD -MT CMakeFiles/rosidl_dynamic_typesupport.dir/src/identifier.c.o -MF CMakeFiles/rosidl_dynamic_typesupport.dir/src/identifier.c.o.d -o CMakeFiles/rosidl_dynamic_typesupport.dir/src/identifier.c.o -c /workspace/jazzy_ws/src/rosidl_dynamic_typesupport/src/identifier.c
/usr/bin/cc -DRCUTILS_ENABLE_FAULT_INJECTION -DROS_PACKAGE_NAME=\"rosidl_dynamic_typesupport\" -Drosidl_dynamic_typesupport_EXPORTS -I/workspace/jazzy_ws/src/rosidl_dynamic_typesupport/src -I/workspace/jazzy_ws/src/rosidl_dynamic_typesupport/include -isystem /workspace/jazzy_ws/install/include/rcutils -isystem /workspace/jazzy_ws/install/include/rosidl_runtime_c -isystem /workspace/jazzy_ws/install/include/rosidl_typesupport_interface -std=gnu11 -fPIC -Wall -Wextra -Wpedantic -MD -MT CMakeFiles/rosidl_dynamic_typesupport.dir/src/api/dynamic_data.c.o -MF CMakeFiles/rosidl_dynamic_typesupport.dir/src/api/dynamic_data.c.o.d -o CMakeFiles/rosidl_dynamic_typesupport.dir/src/api/dynamic_data.c.o -c /workspace/jazzy_ws/src/rosidl_dynamic_typesupport/src/api/dynamic_data.c
[ 50%] Building C object CMakeFiles/rosidl_dynamic_typesupport.dir/src/api/serialization_support.c.o
[ 66%] Building C object CMakeFiles/rosidl_dynamic_typesupport.dir/src/api/dynamic_type.c.o
/usr/bin/cc -DRCUTILS_ENABLE_FAULT_INJECTION -DROS_PACKAGE_NAME=\"rosidl_dynamic_typesupport\" -Drosidl_dynamic_typesupport_EXPORTS -I/workspace/jazzy_ws/src/rosidl_dynamic_typesupport/src -I/workspace/jazzy_ws/src/rosidl_dynamic_typesupport/include -isystem /workspace/jazzy_ws/install/include/rcutils -isystem /workspace/jazzy_ws/install/include/rosidl_runtime_c -isystem /workspace/jazzy_ws/install/include/rosidl_typesupport_interface -std=gnu11 -fPIC -Wall -Wextra -Wpedantic -MD -MT CMakeFiles/rosidl_dynamic_typesupport.dir/src/api/dynamic_type.c.o -MF CMakeFiles/rosidl_dynamic_typesupport.dir/src/api/dynamic_type.c.o.d -o CMakeFiles/rosidl_dynamic_typesupport.dir/src/api/dynamic_type.c.o -c /workspace/jazzy_ws/src/rosidl_dynamic_typesupport/src/api/dynamic_type.c
[ 83%] Building C object CMakeFiles/rosidl_dynamic_typesupport.dir/src/dynamic_message_type_support_struct.c.o
/usr/bin/cc -DRCUTILS_ENABLE_FAULT_INJECTION -DROS_PACKAGE_NAME=\"rosidl_dynamic_typesupport\" -Drosidl_dynamic_typesupport_EXPORTS -I/workspace/jazzy_ws/src/rosidl_dynamic_typesupport/src -I/workspace/jazzy_ws/src/rosidl_dynamic_typesupport/include -isystem /workspace/jazzy_ws/install/include/rcutils -isystem /workspace/jazzy_ws/install/include/rosidl_runtime_c -isystem /workspace/jazzy_ws/install/include/rosidl_typesupport_interface -std=gnu11 -fPIC -Wall -Wextra -Wpedantic -MD -MT CMakeFiles/rosidl_dynamic_typesupport.dir/src/dynamic_message_type_support_struct.c.o -MF CMakeFiles/rosidl_dynamic_typesupport.dir/src/dynamic_message_type_support_struct.c.o.d -o CMakeFiles/rosidl_dynamic_typesupport.dir/src/dynamic_message_type_support_struct.c.o -c /workspace/jazzy_ws/src/rosidl_dynamic_typesupport/src/dynamic_message_type_support_struct.c
/usr/bin/cc -DRCUTILS_ENABLE_FAULT_INJECTION -DROS_PACKAGE_NAME=\"rosidl_dynamic_typesupport\" -Drosidl_dynamic_typesupport_EXPORTS -I/workspace/jazzy_ws/src/rosidl_dynamic_typesupport/src -I/workspace/jazzy_ws/src/rosidl_dynamic_typesupport/include -isystem /workspace/jazzy_ws/install/include/rcutils -isystem /workspace/jazzy_ws/install/include/rosidl_runtime_c -isystem /workspace/jazzy_ws/install/include/rosidl_typesupport_interface -std=gnu11 -fPIC -Wall -Wextra -Wpedantic -MD -MT CMakeFiles/rosidl_dynamic_typesupport.dir/src/api/serialization_support.c.o -MF CMakeFiles/rosidl_dynamic_typesupport.dir/src/api/serialization_support.c.o.d -o CMakeFiles/rosidl_dynamic_typesupport.dir/src/api/serialization_support.c.o -c /workspace/jazzy_ws/src/rosidl_dynamic_typesupport/src/api/serialization_support.c
[100%] Linking C shared library librosidl_dynamic_typesupport.so
/usr/bin/cmake -E cmake_link_script CMakeFiles/rosidl_dynamic_typesupport.dir/link.txt --verbose=1
/usr/bin/cc -fPIC -shared -Wl,-soname,librosidl_dynamic_typesupport.so -o librosidl_dynamic_typesupport.so CMakeFiles/rosidl_dynamic_typesupport.dir/src/api/serialization_support.c.o CMakeFiles/rosidl_dynamic_typesupport.dir/src/api/dynamic_data.c.o CMakeFiles/rosidl_dynamic_typesupport.dir/src/api/dynamic_type.c.o CMakeFiles/rosidl_dynamic_typesupport.dir/src/dynamic_message_type_support_struct.c.o CMakeFiles/rosidl_dynamic_typesupport.dir/src/identifier.c.o  -Wl,-rpath,/workspace/jazzy_ws/install/lib: /workspace/jazzy_ws/install/lib/librosidl_runtime_c.so /workspace/jazzy_ws/install/lib/librcutils.so -ldl -latomic 
gmake[2]: Leaving directory '/workspace/jazzy_ws/build/rosidl_dynamic_typesupport'
[100%] Built target rosidl_dynamic_typesupport
gmake[1]: Leaving directory '/workspace/jazzy_ws/build/rosidl_dynamic_typesupport'
/usr/bin/cmake -E cmake_progress_start /workspace/jazzy_ws/build/rosidl_dynamic_typesupport/CMakeFiles 0
-- Install configuration: ""
-- Installing: /workspace/jazzy_ws/install/lib/librosidl_dynamic_typesupport.so
-- Set non-toolchain portion of runtime path of "/workspace/jazzy_ws/install/lib/librosidl_dynamic_typesupport.so" to ""
-- Installing: /workspace/jazzy_ws/install/include/rosidl_dynamic_typesupport
-- Installing: /workspace/jazzy_ws/install/include/rosidl_dynamic_typesupport/rosidl_dynamic_typesupport
-- Installing: /workspace/jazzy_ws/install/include/rosidl_dynamic_typesupport/rosidl_dynamic_typesupport/macros.h
-- Installing: /workspace/jazzy_ws/install/include/rosidl_dynamic_typesupport/rosidl_dynamic_typesupport/uchar.h
-- Installing: /workspace/jazzy_ws/install/include/rosidl_dynamic_typesupport/rosidl_dynamic_typesupport/types.h
-- Installing: /workspace/jazzy_ws/install/include/rosidl_dynamic_typesupport/rosidl_dynamic_typesupport/visibility_control.h
-- Installing: /workspace/jazzy_ws/install/include/rosidl_dynamic_typesupport/rosidl_dynamic_typesupport/dynamic_message_type_support_struct.h
-- Installing: /workspace/jazzy_ws/install/include/rosidl_dynamic_typesupport/rosidl_dynamic_typesupport/identifier.h
-- Installing: /workspace/jazzy_ws/install/include/rosidl_dynamic_typesupport/rosidl_dynamic_typesupport/api
-- Installing: /workspace/jazzy_ws/install/include/rosidl_dynamic_typesupport/rosidl_dynamic_typesupport/api/dynamic_type.h
-- Installing: /workspace/jazzy_ws/install/include/rosidl_dynamic_typesupport/rosidl_dynamic_typesupport/api/serialization_support_interface.h
-- Installing: /workspace/jazzy_ws/install/include/rosidl_dynamic_typesupport/rosidl_dynamic_typesupport/api/serialization_support.h
-- Installing: /workspace/jazzy_ws/install/include/rosidl_dynamic_typesupport/rosidl_dynamic_typesupport/api/dynamic_data.h
-- Installing: /workspace/jazzy_ws/install/share/rosidl_dynamic_typesupport/environment/library_path.sh
-- Installing: /workspace/jazzy_ws/install/share/rosidl_dynamic_typesupport/environment/library_path.dsv
-- Installing: /workspace/jazzy_ws/install/share/ament_index/resource_index/package_run_dependencies/rosidl_dynamic_typesupport
-- Installing: /workspace/jazzy_ws/install/share/ament_index/resource_index/parent_prefix_path/rosidl_dynamic_typesupport
-- Installing: /workspace/jazzy_ws/install/share/rosidl_dynamic_typesupport/environment/ament_prefix_path.sh
-- Installing: /workspace/jazzy_ws/install/share/rosidl_dynamic_typesupport/environment/ament_prefix_path.dsv
-- Installing: /workspace/jazzy_ws/install/share/rosidl_dynamic_typesupport/environment/path.sh
-- Installing: /workspace/jazzy_ws/install/share/rosidl_dynamic_typesupport/environment/path.dsv
-- Installing: /workspace/jazzy_ws/install/share/rosidl_dynamic_typesupport/local_setup.bash
-- Installing: /workspace/jazzy_ws/install/share/rosidl_dynamic_typesupport/local_setup.sh
-- Installing: /workspace/jazzy_ws/install/share/rosidl_dynamic_typesupport/local_setup.zsh
-- Installing: /workspace/jazzy_ws/install/share/rosidl_dynamic_typesupport/local_setup.dsv
-- Installing: /workspace/jazzy_ws/install/share/rosidl_dynamic_typesupport/package.dsv
-- Installing: /workspace/jazzy_ws/install/share/ament_index/resource_index/packages/rosidl_dynamic_typesupport
-- Installing: /workspace/jazzy_ws/install/share/rosidl_dynamic_typesupport/cmake/rosidl_dynamic_typesupport-exportExport.cmake
-- Installing: /workspace/jazzy_ws/install/share/rosidl_dynamic_typesupport/cmake/rosidl_dynamic_typesupport-exportExport-noconfig.cmake
-- Installing: /workspace/jazzy_ws/install/share/rosidl_dynamic_typesupport/cmake/ament_cmake_export_targets-extras.cmake
-- Installing: /workspace/jazzy_ws/install/share/rosidl_dynamic_typesupport/cmake/ament_cmake_export_dependencies-extras.cmake
-- Installing: /workspace/jazzy_ws/install/share/rosidl_dynamic_typesupport/cmake/rosidl_dynamic_typesupportConfig.cmake
-- Installing: /workspace/jazzy_ws/install/share/rosidl_dynamic_typesupport/cmake/rosidl_dynamic_typesupportConfig-version.cmake
-- Installing: /workspace/jazzy_ws/install/share/rosidl_dynamic_typesupport/package.xml
