[0.318s] Invoking command in '/workspace/jazzy_ws/build/rosidl_dynamic_typesupport': AMENT_PREFIX_PATH=/workspace/jazzy_ws/install CMAKE_PREFIX_PATH=/workspace/jazzy_ws/install LD_LIBRARY_PATH=/workspace/jazzy_ws/install/lib:/workspace/jazzy_ws/install/opt/mimick_vendor/lib PATH=/workspace/jazzy_ws/install/bin:/workspace/jazzy_ws/install/opt/uncrustify_vendor/bin:${PATH} PKG_CONFIG_PATH=/workspace/jazzy_ws/install/lib/x86_64-linux-gnu/pkgconfig:/workspace/jazzy_ws/install/lib/pkgconfig PYTHONPATH=/workspace/jazzy_ws/install/lib/python3.12/site-packages /usr/bin/cmake /workspace/jazzy_ws/src/rosidl_dynamic_typesupport -DCMAKE_INSTALL_PREFIX=/workspace/jazzy_ws/install
[0.385s] -- The C compiler identification is GNU 13.3.0
[0.435s] -- The CXX compiler identification is GNU 13.3.0
[0.452s] -- Detecting C compiler ABI info
[0.581s] -- Detecting C compiler ABI info - done
[0.601s] -- Check for working C compiler: /usr/bin/cc - skipped
[0.601s] -- Detecting C compile features
[0.601s] -- Detecting C compile features - done
[0.604s] -- Detecting CXX compiler ABI info
[0.729s] -- Detecting CXX compiler ABI info - done
[0.736s] -- Check for working CXX compiler: /usr/bin/c++ - skipped
[0.736s] -- Detecting CXX compile features
[0.737s] -- Detecting CXX compile features - done
[0.738s] -- Found ament_cmake_ros: 0.12.0 (/workspace/jazzy_ws/install/share/ament_cmake_ros/cmake)
[0.848s] -- Found Python3: /usr/bin/python3 (found version "3.12.3") found components: Interpreter 
[0.938s] -- Found rcutils: 6.7.5 (/workspace/jazzy_ws/install/share/rcutils/cmake)
[0.949s] -- Found rosidl_runtime_c: 4.6.7 (/workspace/jazzy_ws/install/share/rosidl_runtime_c/cmake)
[1.030s] -- Configuring done (0.7s)
[1.031s] -- Generating done (0.0s)
[1.033s] -- Build files have been written to: /workspace/jazzy_ws/build/rosidl_dynamic_typesupport
[1.037s] Invoked command in '/workspace/jazzy_ws/build/rosidl_dynamic_typesupport' returned '0': AMENT_PREFIX_PATH=/workspace/jazzy_ws/install CMAKE_PREFIX_PATH=/workspace/jazzy_ws/install LD_LIBRARY_PATH=/workspace/jazzy_ws/install/lib:/workspace/jazzy_ws/install/opt/mimick_vendor/lib PATH=/workspace/jazzy_ws/install/bin:/workspace/jazzy_ws/install/opt/uncrustify_vendor/bin:${PATH} PKG_CONFIG_PATH=/workspace/jazzy_ws/install/lib/x86_64-linux-gnu/pkgconfig:/workspace/jazzy_ws/install/lib/pkgconfig PYTHONPATH=/workspace/jazzy_ws/install/lib/python3.12/site-packages /usr/bin/cmake /workspace/jazzy_ws/src/rosidl_dynamic_typesupport -DCMAKE_INSTALL_PREFIX=/workspace/jazzy_ws/install
[1.038s] Invoking command in '/workspace/jazzy_ws/build/rosidl_dynamic_typesupport': AMENT_PREFIX_PATH=/workspace/jazzy_ws/install CMAKE_PREFIX_PATH=/workspace/jazzy_ws/install LD_LIBRARY_PATH=/workspace/jazzy_ws/install/lib:/workspace/jazzy_ws/install/opt/mimick_vendor/lib PATH=/workspace/jazzy_ws/install/bin:/workspace/jazzy_ws/install/opt/uncrustify_vendor/bin:${PATH} PKG_CONFIG_PATH=/workspace/jazzy_ws/install/lib/x86_64-linux-gnu/pkgconfig:/workspace/jazzy_ws/install/lib/pkgconfig PYTHONPATH=/workspace/jazzy_ws/install/lib/python3.12/site-packages /usr/bin/cmake --build /workspace/jazzy_ws/build/rosidl_dynamic_typesupport -- -j24 -l24
[1.046s] /usr/bin/cmake -S/workspace/jazzy_ws/src/rosidl_dynamic_typesupport -B/workspace/jazzy_ws/build/rosidl_dynamic_typesupport --check-build-system CMakeFiles/Makefile.cmake 0
[1.051s] /usr/bin/cmake -E cmake_progress_start /workspace/jazzy_ws/build/rosidl_dynamic_typesupport/CMakeFiles /workspace/jazzy_ws/build/rosidl_dynamic_typesupport//CMakeFiles/progress.marks
[1.058s] /usr/bin/gmake  -f CMakeFiles/Makefile2 all
[1.059s] gmake[1]: Entering directory '/workspace/jazzy_ws/build/rosidl_dynamic_typesupport'
[1.059s] /usr/bin/gmake  -f CMakeFiles/rosidl_dynamic_typesupport.dir/build.make CMakeFiles/rosidl_dynamic_typesupport.dir/depend
[1.059s] gmake[2]: Entering directory '/workspace/jazzy_ws/build/rosidl_dynamic_typesupport'
[1.059s] cd /workspace/jazzy_ws/build/rosidl_dynamic_typesupport && /usr/bin/cmake -E cmake_depends "Unix Makefiles" /workspace/jazzy_ws/src/rosidl_dynamic_typesupport /workspace/jazzy_ws/src/rosidl_dynamic_typesupport /workspace/jazzy_ws/build/rosidl_dynamic_typesupport /workspace/jazzy_ws/build/rosidl_dynamic_typesupport /workspace/jazzy_ws/build/rosidl_dynamic_typesupport/CMakeFiles/rosidl_dynamic_typesupport.dir/DependInfo.cmake "--color="
[1.067s] gmake[2]: Leaving directory '/workspace/jazzy_ws/build/rosidl_dynamic_typesupport'
[1.068s] /usr/bin/gmake  -f CMakeFiles/rosidl_dynamic_typesupport.dir/build.make CMakeFiles/rosidl_dynamic_typesupport.dir/build
[1.069s] gmake[2]: Entering directory '/workspace/jazzy_ws/build/rosidl_dynamic_typesupport'
[1.082s] [ 16%] Building C object CMakeFiles/rosidl_dynamic_typesupport.dir/src/api/dynamic_data.c.o
[1.082s] [ 33%] Building C object CMakeFiles/rosidl_dynamic_typesupport.dir/src/identifier.c.o
[1.082s] /usr/bin/cc -DRCUTILS_ENABLE_FAULT_INJECTION -DROS_PACKAGE_NAME=\"rosidl_dynamic_typesupport\" -Drosidl_dynamic_typesupport_EXPORTS -I/workspace/jazzy_ws/src/rosidl_dynamic_typesupport/src -I/workspace/jazzy_ws/src/rosidl_dynamic_typesupport/include -isystem /workspace/jazzy_ws/install/include/rcutils -isystem /workspace/jazzy_ws/install/include/rosidl_runtime_c -isystem /workspace/jazzy_ws/install/include/rosidl_typesupport_interface -std=gnu11 -fPIC -Wall -Wextra -Wpedantic -MD -MT CMakeFiles/rosidl_dynamic_typesupport.dir/src/identifier.c.o -MF CMakeFiles/rosidl_dynamic_typesupport.dir/src/identifier.c.o.d -o CMakeFiles/rosidl_dynamic_typesupport.dir/src/identifier.c.o -c /workspace/jazzy_ws/src/rosidl_dynamic_typesupport/src/identifier.c
[1.084s] /usr/bin/cc -DRCUTILS_ENABLE_FAULT_INJECTION -DROS_PACKAGE_NAME=\"rosidl_dynamic_typesupport\" -Drosidl_dynamic_typesupport_EXPORTS -I/workspace/jazzy_ws/src/rosidl_dynamic_typesupport/src -I/workspace/jazzy_ws/src/rosidl_dynamic_typesupport/include -isystem /workspace/jazzy_ws/install/include/rcutils -isystem /workspace/jazzy_ws/install/include/rosidl_runtime_c -isystem /workspace/jazzy_ws/install/include/rosidl_typesupport_interface -std=gnu11 -fPIC -Wall -Wextra -Wpedantic -MD -MT CMakeFiles/rosidl_dynamic_typesupport.dir/src/api/dynamic_data.c.o -MF CMakeFiles/rosidl_dynamic_typesupport.dir/src/api/dynamic_data.c.o.d -o CMakeFiles/rosidl_dynamic_typesupport.dir/src/api/dynamic_data.c.o -c /workspace/jazzy_ws/src/rosidl_dynamic_typesupport/src/api/dynamic_data.c
[1.085s] [ 50%] Building C object CMakeFiles/rosidl_dynamic_typesupport.dir/src/api/serialization_support.c.o
[1.090s] [ 66%] Building C object CMakeFiles/rosidl_dynamic_typesupport.dir/src/api/dynamic_type.c.o
[1.090s] /usr/bin/cc -DRCUTILS_ENABLE_FAULT_INJECTION -DROS_PACKAGE_NAME=\"rosidl_dynamic_typesupport\" -Drosidl_dynamic_typesupport_EXPORTS -I/workspace/jazzy_ws/src/rosidl_dynamic_typesupport/src -I/workspace/jazzy_ws/src/rosidl_dynamic_typesupport/include -isystem /workspace/jazzy_ws/install/include/rcutils -isystem /workspace/jazzy_ws/install/include/rosidl_runtime_c -isystem /workspace/jazzy_ws/install/include/rosidl_typesupport_interface -std=gnu11 -fPIC -Wall -Wextra -Wpedantic -MD -MT CMakeFiles/rosidl_dynamic_typesupport.dir/src/api/dynamic_type.c.o -MF CMakeFiles/rosidl_dynamic_typesupport.dir/src/api/dynamic_type.c.o.d -o CMakeFiles/rosidl_dynamic_typesupport.dir/src/api/dynamic_type.c.o -c /workspace/jazzy_ws/src/rosidl_dynamic_typesupport/src/api/dynamic_type.c
[1.090s] [ 83%] Building C object CMakeFiles/rosidl_dynamic_typesupport.dir/src/dynamic_message_type_support_struct.c.o
[1.090s] /usr/bin/cc -DRCUTILS_ENABLE_FAULT_INJECTION -DROS_PACKAGE_NAME=\"rosidl_dynamic_typesupport\" -Drosidl_dynamic_typesupport_EXPORTS -I/workspace/jazzy_ws/src/rosidl_dynamic_typesupport/src -I/workspace/jazzy_ws/src/rosidl_dynamic_typesupport/include -isystem /workspace/jazzy_ws/install/include/rcutils -isystem /workspace/jazzy_ws/install/include/rosidl_runtime_c -isystem /workspace/jazzy_ws/install/include/rosidl_typesupport_interface -std=gnu11 -fPIC -Wall -Wextra -Wpedantic -MD -MT CMakeFiles/rosidl_dynamic_typesupport.dir/src/dynamic_message_type_support_struct.c.o -MF CMakeFiles/rosidl_dynamic_typesupport.dir/src/dynamic_message_type_support_struct.c.o.d -o CMakeFiles/rosidl_dynamic_typesupport.dir/src/dynamic_message_type_support_struct.c.o -c /workspace/jazzy_ws/src/rosidl_dynamic_typesupport/src/dynamic_message_type_support_struct.c
[1.090s] /usr/bin/cc -DRCUTILS_ENABLE_FAULT_INJECTION -DROS_PACKAGE_NAME=\"rosidl_dynamic_typesupport\" -Drosidl_dynamic_typesupport_EXPORTS -I/workspace/jazzy_ws/src/rosidl_dynamic_typesupport/src -I/workspace/jazzy_ws/src/rosidl_dynamic_typesupport/include -isystem /workspace/jazzy_ws/install/include/rcutils -isystem /workspace/jazzy_ws/install/include/rosidl_runtime_c -isystem /workspace/jazzy_ws/install/include/rosidl_typesupport_interface -std=gnu11 -fPIC -Wall -Wextra -Wpedantic -MD -MT CMakeFiles/rosidl_dynamic_typesupport.dir/src/api/serialization_support.c.o -MF CMakeFiles/rosidl_dynamic_typesupport.dir/src/api/serialization_support.c.o.d -o CMakeFiles/rosidl_dynamic_typesupport.dir/src/api/serialization_support.c.o -c /workspace/jazzy_ws/src/rosidl_dynamic_typesupport/src/api/serialization_support.c
[1.317s] [100%] Linking C shared library librosidl_dynamic_typesupport.so
[1.318s] /usr/bin/cmake -E cmake_link_script CMakeFiles/rosidl_dynamic_typesupport.dir/link.txt --verbose=1
[1.324s] /usr/bin/cc -fPIC -shared -Wl,-soname,librosidl_dynamic_typesupport.so -o librosidl_dynamic_typesupport.so CMakeFiles/rosidl_dynamic_typesupport.dir/src/api/serialization_support.c.o CMakeFiles/rosidl_dynamic_typesupport.dir/src/api/dynamic_data.c.o CMakeFiles/rosidl_dynamic_typesupport.dir/src/api/dynamic_type.c.o CMakeFiles/rosidl_dynamic_typesupport.dir/src/dynamic_message_type_support_struct.c.o CMakeFiles/rosidl_dynamic_typesupport.dir/src/identifier.c.o  -Wl,-rpath,/workspace/jazzy_ws/install/lib: /workspace/jazzy_ws/install/lib/librosidl_runtime_c.so /workspace/jazzy_ws/install/lib/librcutils.so -ldl -latomic 
[1.345s] gmake[2]: Leaving directory '/workspace/jazzy_ws/build/rosidl_dynamic_typesupport'
[1.357s] [100%] Built target rosidl_dynamic_typesupport
[1.359s] gmake[1]: Leaving directory '/workspace/jazzy_ws/build/rosidl_dynamic_typesupport'
[1.360s] /usr/bin/cmake -E cmake_progress_start /workspace/jazzy_ws/build/rosidl_dynamic_typesupport/CMakeFiles 0
[1.365s] Invoked command in '/workspace/jazzy_ws/build/rosidl_dynamic_typesupport' returned '0': AMENT_PREFIX_PATH=/workspace/jazzy_ws/install CMAKE_PREFIX_PATH=/workspace/jazzy_ws/install LD_LIBRARY_PATH=/workspace/jazzy_ws/install/lib:/workspace/jazzy_ws/install/opt/mimick_vendor/lib PATH=/workspace/jazzy_ws/install/bin:/workspace/jazzy_ws/install/opt/uncrustify_vendor/bin:${PATH} PKG_CONFIG_PATH=/workspace/jazzy_ws/install/lib/x86_64-linux-gnu/pkgconfig:/workspace/jazzy_ws/install/lib/pkgconfig PYTHONPATH=/workspace/jazzy_ws/install/lib/python3.12/site-packages /usr/bin/cmake --build /workspace/jazzy_ws/build/rosidl_dynamic_typesupport -- -j24 -l24
[1.365s] Invoking command in '/workspace/jazzy_ws/build/rosidl_dynamic_typesupport': AMENT_PREFIX_PATH=/workspace/jazzy_ws/install CMAKE_PREFIX_PATH=/workspace/jazzy_ws/install LD_LIBRARY_PATH=/workspace/jazzy_ws/install/lib:/workspace/jazzy_ws/install/opt/mimick_vendor/lib PATH=/workspace/jazzy_ws/install/bin:/workspace/jazzy_ws/install/opt/uncrustify_vendor/bin:${PATH} PKG_CONFIG_PATH=/workspace/jazzy_ws/install/lib/x86_64-linux-gnu/pkgconfig:/workspace/jazzy_ws/install/lib/pkgconfig PYTHONPATH=/workspace/jazzy_ws/install/lib/python3.12/site-packages /usr/bin/cmake --install /workspace/jazzy_ws/build/rosidl_dynamic_typesupport
[1.377s] -- Install configuration: ""
[1.377s] -- Installing: /workspace/jazzy_ws/install/lib/librosidl_dynamic_typesupport.so
[1.377s] -- Set non-toolchain portion of runtime path of "/workspace/jazzy_ws/install/lib/librosidl_dynamic_typesupport.so" to ""
[1.377s] -- Installing: /workspace/jazzy_ws/install/include/rosidl_dynamic_typesupport
[1.377s] -- Installing: /workspace/jazzy_ws/install/include/rosidl_dynamic_typesupport/rosidl_dynamic_typesupport
[1.377s] -- Installing: /workspace/jazzy_ws/install/include/rosidl_dynamic_typesupport/rosidl_dynamic_typesupport/macros.h
[1.377s] -- Installing: /workspace/jazzy_ws/install/include/rosidl_dynamic_typesupport/rosidl_dynamic_typesupport/uchar.h
[1.377s] -- Installing: /workspace/jazzy_ws/install/include/rosidl_dynamic_typesupport/rosidl_dynamic_typesupport/types.h
[1.377s] -- Installing: /workspace/jazzy_ws/install/include/rosidl_dynamic_typesupport/rosidl_dynamic_typesupport/visibility_control.h
[1.377s] -- Installing: /workspace/jazzy_ws/install/include/rosidl_dynamic_typesupport/rosidl_dynamic_typesupport/dynamic_message_type_support_struct.h
[1.377s] -- Installing: /workspace/jazzy_ws/install/include/rosidl_dynamic_typesupport/rosidl_dynamic_typesupport/identifier.h
[1.377s] -- Installing: /workspace/jazzy_ws/install/include/rosidl_dynamic_typesupport/rosidl_dynamic_typesupport/api
[1.378s] -- Installing: /workspace/jazzy_ws/install/include/rosidl_dynamic_typesupport/rosidl_dynamic_typesupport/api/dynamic_type.h
[1.378s] -- Installing: /workspace/jazzy_ws/install/include/rosidl_dynamic_typesupport/rosidl_dynamic_typesupport/api/serialization_support_interface.h
[1.378s] -- Installing: /workspace/jazzy_ws/install/include/rosidl_dynamic_typesupport/rosidl_dynamic_typesupport/api/serialization_support.h
[1.378s] -- Installing: /workspace/jazzy_ws/install/include/rosidl_dynamic_typesupport/rosidl_dynamic_typesupport/api/dynamic_data.h
[1.378s] -- Installing: /workspace/jazzy_ws/install/share/rosidl_dynamic_typesupport/environment/library_path.sh
[1.378s] -- Installing: /workspace/jazzy_ws/install/share/rosidl_dynamic_typesupport/environment/library_path.dsv
[1.378s] -- Installing: /workspace/jazzy_ws/install/share/ament_index/resource_index/package_run_dependencies/rosidl_dynamic_typesupport
[1.378s] -- Installing: /workspace/jazzy_ws/install/share/ament_index/resource_index/parent_prefix_path/rosidl_dynamic_typesupport
[1.378s] -- Installing: /workspace/jazzy_ws/install/share/rosidl_dynamic_typesupport/environment/ament_prefix_path.sh
[1.378s] -- Installing: /workspace/jazzy_ws/install/share/rosidl_dynamic_typesupport/environment/ament_prefix_path.dsv
[1.378s] -- Installing: /workspace/jazzy_ws/install/share/rosidl_dynamic_typesupport/environment/path.sh
[1.378s] -- Installing: /workspace/jazzy_ws/install/share/rosidl_dynamic_typesupport/environment/path.dsv
[1.378s] -- Installing: /workspace/jazzy_ws/install/share/rosidl_dynamic_typesupport/local_setup.bash
[1.378s] -- Installing: /workspace/jazzy_ws/install/share/rosidl_dynamic_typesupport/local_setup.sh
[1.378s] -- Installing: /workspace/jazzy_ws/install/share/rosidl_dynamic_typesupport/local_setup.zsh
[1.378s] -- Installing: /workspace/jazzy_ws/install/share/rosidl_dynamic_typesupport/local_setup.dsv
[1.378s] -- Installing: /workspace/jazzy_ws/install/share/rosidl_dynamic_typesupport/package.dsv
[1.378s] -- Installing: /workspace/jazzy_ws/install/share/ament_index/resource_index/packages/rosidl_dynamic_typesupport
[1.378s] -- Installing: /workspace/jazzy_ws/install/share/rosidl_dynamic_typesupport/cmake/rosidl_dynamic_typesupport-exportExport.cmake
[1.378s] -- Installing: /workspace/jazzy_ws/install/share/rosidl_dynamic_typesupport/cmake/rosidl_dynamic_typesupport-exportExport-noconfig.cmake
[1.382s] -- Installing: /workspace/jazzy_ws/install/share/rosidl_dynamic_typesupport/cmake/ament_cmake_export_targets-extras.cmake
[1.382s] -- Installing: /workspace/jazzy_ws/install/share/rosidl_dynamic_typesupport/cmake/ament_cmake_export_dependencies-extras.cmake
[1.382s] -- Installing: /workspace/jazzy_ws/install/share/rosidl_dynamic_typesupport/cmake/rosidl_dynamic_typesupportConfig.cmake
[1.382s] -- Installing: /workspace/jazzy_ws/install/share/rosidl_dynamic_typesupport/cmake/rosidl_dynamic_typesupportConfig-version.cmake
[1.385s] -- Installing: /workspace/jazzy_ws/install/share/rosidl_dynamic_typesupport/package.xml
[1.385s] Invoked command in '/workspace/jazzy_ws/build/rosidl_dynamic_typesupport' returned '0': AMENT_PREFIX_PATH=/workspace/jazzy_ws/install CMAKE_PREFIX_PATH=/workspace/jazzy_ws/install LD_LIBRARY_PATH=/workspace/jazzy_ws/install/lib:/workspace/jazzy_ws/install/opt/mimick_vendor/lib PATH=/workspace/jazzy_ws/install/bin:/workspace/jazzy_ws/install/opt/uncrustify_vendor/bin:${PATH} PKG_CONFIG_PATH=/workspace/jazzy_ws/install/lib/x86_64-linux-gnu/pkgconfig:/workspace/jazzy_ws/install/lib/pkgconfig PYTHONPATH=/workspace/jazzy_ws/install/lib/python3.12/site-packages /usr/bin/cmake --install /workspace/jazzy_ws/build/rosidl_dynamic_typesupport
