/workspace/build_ws/install/es165_moveit/lib/python3.12/site-packages/es165_moveit/torque_pub_test.py
/workspace/build_ws/install/es165_moveit/lib/python3.12/site-packages/es165_moveit/publish_torque_profile.py
/workspace/build_ws/install/es165_moveit/lib/python3.12/site-packages/es165_moveit/__init__.py
/workspace/build_ws/install/es165_moveit/lib/python3.12/site-packages/es165_moveit/angle_intercepter.py
/workspace/build_ws/install/es165_moveit/lib/python3.12/site-packages/es165_moveit/control_rw.py
/workspace/build_ws/install/es165_moveit/lib/python3.12/site-packages/es165_moveit/publish_scene_mesh.py
/workspace/build_ws/install/es165_moveit/lib/python3.12/site-packages/es165_moveit/zero_g_servo.py
/workspace/build_ws/install/es165_moveit/lib/python3.12/site-packages/es165_moveit/visualize_pcd.py
/workspace/build_ws/install/es165_moveit/lib/python3.12/site-packages/es165_moveit/gui.py
/workspace/build_ws/install/es165_moveit/lib/python3.12/site-packages/es165_moveit/rw_model.py
/workspace/build_ws/install/es165_moveit/lib/python3.12/site-packages/es165_moveit/calculate_free_space.py
/workspace/build_ws/install/es165_moveit/lib/python3.12/site-packages/es165_moveit/deprecated_trajectory_reference.py
/workspace/build_ws/install/es165_moveit/lib/python3.12/site-packages/es165_moveit/pub_angular_acc.py
/workspace/build_ws/install/es165_moveit/lib/python3.12/site-packages/es165_moveit/__pycache__/torque_pub_test.cpython-312.pyc
/workspace/build_ws/install/es165_moveit/lib/python3.12/site-packages/es165_moveit/__pycache__/publish_torque_profile.cpython-312.pyc
/workspace/build_ws/install/es165_moveit/lib/python3.12/site-packages/es165_moveit/__pycache__/__init__.cpython-312.pyc
/workspace/build_ws/install/es165_moveit/lib/python3.12/site-packages/es165_moveit/__pycache__/angle_intercepter.cpython-312.pyc
/workspace/build_ws/install/es165_moveit/lib/python3.12/site-packages/es165_moveit/__pycache__/control_rw.cpython-312.pyc
/workspace/build_ws/install/es165_moveit/lib/python3.12/site-packages/es165_moveit/__pycache__/publish_scene_mesh.cpython-312.pyc
/workspace/build_ws/install/es165_moveit/lib/python3.12/site-packages/es165_moveit/__pycache__/zero_g_servo.cpython-312.pyc
/workspace/build_ws/install/es165_moveit/lib/python3.12/site-packages/es165_moveit/__pycache__/visualize_pcd.cpython-312.pyc
/workspace/build_ws/install/es165_moveit/lib/python3.12/site-packages/es165_moveit/__pycache__/gui.cpython-312.pyc
/workspace/build_ws/install/es165_moveit/lib/python3.12/site-packages/es165_moveit/__pycache__/rw_model.cpython-312.pyc
/workspace/build_ws/install/es165_moveit/lib/python3.12/site-packages/es165_moveit/__pycache__/calculate_free_space.cpython-312.pyc
/workspace/build_ws/install/es165_moveit/lib/python3.12/site-packages/es165_moveit/__pycache__/deprecated_trajectory_reference.cpython-312.pyc
/workspace/build_ws/install/es165_moveit/lib/python3.12/site-packages/es165_moveit/__pycache__/pub_angular_acc.cpython-312.pyc
/workspace/build_ws/install/es165_moveit/share/ament_index/resource_index/packages/es165_moveit
/workspace/build_ws/install/es165_moveit/share/es165_moveit/package.xml
/workspace/build_ws/install/es165_moveit/share/es165_moveit/launch/control_with_rw.launch.py
/workspace/build_ws/install/es165_moveit/share/es165_moveit/launch/manual_control_rviz.launch.py
/workspace/build_ws/install/es165_moveit/share/es165_moveit/launch/robot_servo.launch.py
/workspace/build_ws/install/es165_moveit/share/es165_moveit/launch/main.launch.py
/workspace/build_ws/install/es165_moveit/share/es165_moveit/launch/rw_with_visualization.launch.py
/workspace/build_ws/install/es165_moveit/share/es165_moveit/launch/pcd_visualization_rviz.launch.py
/workspace/build_ws/install/es165_moveit/share/es165_moveit/launch/get_occupancy.launch.py
/workspace/build_ws/install/es165_moveit/share/es165_moveit/rviz/default.rviz
/workspace/build_ws/install/es165_moveit/share/es165_moveit/config/profile_sumtozero.profile
/workspace/build_ws/install/es165_moveit/share/es165_moveit/config/example_torque_profile.profile
/workspace/build_ws/install/es165_moveit/share/es165_moveit/config/full_profile_detumble.profile
/workspace/build_ws/install/es165_moveit/share/es165_moveit/config/tumble.profile
/workspace/build_ws/install/es165_moveit/share/es165_moveit/config/joint_velocities_dx100.yaml
/workspace/build_ws/install/es165_moveit/share/es165_moveit/config/genAI_mock_mission.profile
/workspace/build_ws/install/es165_moveit/share/es165_moveit/urdf/es_165.ros2_control.xacro
/workspace/build_ws/install/es165_moveit/share/es165_moveit/urdf/es165_macro.xacro
/workspace/build_ws/install/es165_moveit/share/es165_moveit/visual_meshes/rw3.stl
/workspace/build_ws/install/es165_moveit/share/es165_moveit/visual_meshes/link_t.stl
/workspace/build_ws/install/es165_moveit/share/es165_moveit/visual_meshes/link_l.stl
/workspace/build_ws/install/es165_moveit/share/es165_moveit/visual_meshes/rw1.stl
/workspace/build_ws/install/es165_moveit/share/es165_moveit/visual_meshes/balancer_rod.stl
/workspace/build_ws/install/es165_moveit/share/es165_moveit/visual_meshes/rw1_base.stl
/workspace/build_ws/install/es165_moveit/share/es165_moveit/visual_meshes/link_r.stl
/workspace/build_ws/install/es165_moveit/share/es165_moveit/visual_meshes/balancer_piston.stl
/workspace/build_ws/install/es165_moveit/share/es165_moveit/visual_meshes/rw2_base.stl
/workspace/build_ws/install/es165_moveit/share/es165_moveit/visual_meshes/rw3_base.stl
/workspace/build_ws/install/es165_moveit/share/es165_moveit/visual_meshes/link_s.stl
/workspace/build_ws/install/es165_moveit/share/es165_moveit/visual_meshes/base_link.stl
/workspace/build_ws/install/es165_moveit/share/es165_moveit/visual_meshes/rw2.stl
/workspace/build_ws/install/es165_moveit/share/es165_moveit/visual_meshes/ee_base_link.usd
/workspace/build_ws/install/es165_moveit/share/es165_moveit/visual_meshes/rw4.stl
/workspace/build_ws/install/es165_moveit/share/es165_moveit/visual_meshes/ee_base_link.stl
/workspace/build_ws/install/es165_moveit/share/es165_moveit/visual_meshes/link_u.stl
/workspace/build_ws/install/es165_moveit/share/es165_moveit/visual_meshes/rw4_base.stl
/workspace/build_ws/install/es165_moveit/share/es165_moveit/visual_meshes/link_b.stl
/workspace/build_ws/install/es165_moveit/share/es165_moveit/collision_meshes/rw3.stl
/workspace/build_ws/install/es165_moveit/share/es165_moveit/collision_meshes/link_t.stl
/workspace/build_ws/install/es165_moveit/share/es165_moveit/collision_meshes/link_l.stl
/workspace/build_ws/install/es165_moveit/share/es165_moveit/collision_meshes/rw1.stl
/workspace/build_ws/install/es165_moveit/share/es165_moveit/collision_meshes/balancer_rod.stl
/workspace/build_ws/install/es165_moveit/share/es165_moveit/collision_meshes/rw1_base.stl
/workspace/build_ws/install/es165_moveit/share/es165_moveit/collision_meshes/link_r.stl
/workspace/build_ws/install/es165_moveit/share/es165_moveit/collision_meshes/balancer_piston.stl
/workspace/build_ws/install/es165_moveit/share/es165_moveit/collision_meshes/rw2_base.stl
/workspace/build_ws/install/es165_moveit/share/es165_moveit/collision_meshes/rw3_base.stl
/workspace/build_ws/install/es165_moveit/share/es165_moveit/collision_meshes/link_s.stl
/workspace/build_ws/install/es165_moveit/share/es165_moveit/collision_meshes/base_link.stl
/workspace/build_ws/install/es165_moveit/share/es165_moveit/collision_meshes/rw2.stl
/workspace/build_ws/install/es165_moveit/share/es165_moveit/collision_meshes/rw4.stl
/workspace/build_ws/install/es165_moveit/share/es165_moveit/collision_meshes/ee_base_link.stl
/workspace/build_ws/install/es165_moveit/share/es165_moveit/collision_meshes/link_u.stl
/workspace/build_ws/install/es165_moveit/share/es165_moveit/collision_meshes/rw4_base.stl
/workspace/build_ws/install/es165_moveit/share/es165_moveit/collision_meshes/link_b.stl
/workspace/build_ws/install/es165_moveit/share/es165_moveit/usd
/workspace/build_ws/install/es165_moveit/lib/python3.12/site-packages/es165_moveit-0.0.0-py3.12.egg-info/PKG-INFO
/workspace/build_ws/install/es165_moveit/lib/python3.12/site-packages/es165_moveit-0.0.0-py3.12.egg-info/SOURCES.txt
/workspace/build_ws/install/es165_moveit/lib/python3.12/site-packages/es165_moveit-0.0.0-py3.12.egg-info/zip-safe
/workspace/build_ws/install/es165_moveit/lib/python3.12/site-packages/es165_moveit-0.0.0-py3.12.egg-info/requires.txt
/workspace/build_ws/install/es165_moveit/lib/python3.12/site-packages/es165_moveit-0.0.0-py3.12.egg-info/top_level.txt
/workspace/build_ws/install/es165_moveit/lib/python3.12/site-packages/es165_moveit-0.0.0-py3.12.egg-info/entry_points.txt
/workspace/build_ws/install/es165_moveit/lib/python3.12/site-packages/es165_moveit-0.0.0-py3.12.egg-info/dependency_links.txt
/workspace/build_ws/install/es165_moveit/lib/es165_moveit/angle_intercepter
/workspace/build_ws/install/es165_moveit/lib/es165_moveit/control_rw
/workspace/build_ws/install/es165_moveit/lib/es165_moveit/gui
/workspace/build_ws/install/es165_moveit/lib/es165_moveit/point_move
/workspace/build_ws/install/es165_moveit/lib/es165_moveit/pub_angular_acc
/workspace/build_ws/install/es165_moveit/lib/es165_moveit/publish_scene_mesh
/workspace/build_ws/install/es165_moveit/lib/es165_moveit/publish_torque_profile
/workspace/build_ws/install/es165_moveit/lib/es165_moveit/torque_from_rw
/workspace/build_ws/install/es165_moveit/lib/es165_moveit/torque_publisher
/workspace/build_ws/install/es165_moveit/lib/es165_moveit/visualize_pcd
/workspace/build_ws/install/es165_moveit/lib/es165_moveit/zero_g_servo
