[0.328s] Invoking command in '/workspace/build_ws/build/iw_hub_navigation': /usr/bin/cmake /workspace/build_ws/src/navigation/iw_hub_navigation -DCMAKE_INSTALL_PREFIX=/workspace/build_ws/install/iw_hub_navigation
[0.354s] -- The C compiler identification is GNU 13.3.0
[0.385s] -- The CXX compiler identification is GNU 13.3.0
[0.396s] -- Detecting C compiler ABI info
[0.444s] -- Detecting C compiler ABI info - done
[0.448s] -- Check for working C compiler: /usr/bin/cc - skipped
[0.449s] -- Detecting C compile features
[0.450s] -- Detecting C compile features - done
[0.454s] -- Detecting CXX compiler ABI info
[0.509s] -- Detecting CXX compiler ABI info - done
[0.513s] -- Check for working CXX compiler: /usr/bin/c++ - skipped
[0.513s] -- Detecting CXX compile features
[0.514s] -- Detecting CXX compile features - done
[0.515s] -- Found ament_cmake: 2.5.5 (/workspace/jazzy_ws/install/share/ament_cmake/cmake)
[0.584s] -- Found Python3: /usr/bin/python3 (found version "3.12.3") found components: Interpreter 
[0.695s] -- Configuring done (0.4s)
[0.697s] -- Generating done (0.0s)
[0.698s] -- Build files have been written to: /workspace/build_ws/build/iw_hub_navigation
[0.701s] Invoked command in '/workspace/build_ws/build/iw_hub_navigation' returned '0': /usr/bin/cmake /workspace/build_ws/src/navigation/iw_hub_navigation -DCMAKE_INSTALL_PREFIX=/workspace/build_ws/install/iw_hub_navigation
[0.701s] Invoking command in '/workspace/build_ws/build/iw_hub_navigation': /usr/bin/cmake --build /workspace/build_ws/build/iw_hub_navigation -- -j24 -l24
[0.719s] Invoked command in '/workspace/build_ws/build/iw_hub_navigation' returned '0': /usr/bin/cmake --build /workspace/build_ws/build/iw_hub_navigation -- -j24 -l24
[0.719s] Invoking command in '/workspace/build_ws/build/iw_hub_navigation': /usr/bin/cmake --install /workspace/build_ws/build/iw_hub_navigation
[0.723s] -- Install configuration: ""
[0.723s] -- Installing: /workspace/build_ws/install/iw_hub_navigation/share/iw_hub_navigation/launch
[0.723s] -- Installing: /workspace/build_ws/install/iw_hub_navigation/share/iw_hub_navigation/launch/iw_hub_navigation_isaacsim.launch.py
[0.723s] -- Installing: /workspace/build_ws/install/iw_hub_navigation/share/iw_hub_navigation/launch/iw_hub_navigation.launch.py
[0.723s] -- Installing: /workspace/build_ws/install/iw_hub_navigation/share/iw_hub_navigation/params
[0.723s] -- Installing: /workspace/build_ws/install/iw_hub_navigation/share/iw_hub_navigation/params/iw_hub_navigation_params.yaml
[0.723s] -- Installing: /workspace/build_ws/install/iw_hub_navigation/share/iw_hub_navigation/maps
[0.723s] -- Installing: /workspace/build_ws/install/iw_hub_navigation/share/iw_hub_navigation/maps/iw_hub_warehouse_navigation.yaml
[0.723s] -- Installing: /workspace/build_ws/install/iw_hub_navigation/share/iw_hub_navigation/maps/iw_hub_warehouse_navigation.png
[0.724s] -- Installing: /workspace/build_ws/install/iw_hub_navigation/share/iw_hub_navigation/rviz2
[0.724s] -- Installing: /workspace/build_ws/install/iw_hub_navigation/share/iw_hub_navigation/rviz2/iw_hub_navigation.rviz
[0.724s] -- Installing: /workspace/build_ws/install/iw_hub_navigation/share/ament_index/resource_index/package_run_dependencies/iw_hub_navigation
[0.724s] -- Installing: /workspace/build_ws/install/iw_hub_navigation/share/ament_index/resource_index/parent_prefix_path/iw_hub_navigation
[0.724s] -- Installing: /workspace/build_ws/install/iw_hub_navigation/share/iw_hub_navigation/environment/ament_prefix_path.sh
[0.725s] -- Installing: /workspace/build_ws/install/iw_hub_navigation/share/iw_hub_navigation/environment/ament_prefix_path.dsv
[0.725s] -- Installing: /workspace/build_ws/install/iw_hub_navigation/share/iw_hub_navigation/environment/path.sh
[0.725s] -- Installing: /workspace/build_ws/install/iw_hub_navigation/share/iw_hub_navigation/environment/path.dsv
[0.725s] -- Installing: /workspace/build_ws/install/iw_hub_navigation/share/iw_hub_navigation/local_setup.bash
[0.725s] -- Installing: /workspace/build_ws/install/iw_hub_navigation/share/iw_hub_navigation/local_setup.sh
[0.725s] -- Installing: /workspace/build_ws/install/iw_hub_navigation/share/iw_hub_navigation/local_setup.zsh
[0.725s] -- Installing: /workspace/build_ws/install/iw_hub_navigation/share/iw_hub_navigation/local_setup.dsv
[0.725s] -- Installing: /workspace/build_ws/install/iw_hub_navigation/share/iw_hub_navigation/package.dsv
[0.725s] -- Installing: /workspace/build_ws/install/iw_hub_navigation/share/ament_index/resource_index/packages/iw_hub_navigation
[0.732s] -- Installing: /workspace/build_ws/install/iw_hub_navigation/share/iw_hub_navigation/cmake/iw_hub_navigationConfig.cmake
[0.732s] -- Installing: /workspace/build_ws/install/iw_hub_navigation/share/iw_hub_navigation/cmake/iw_hub_navigationConfig-version.cmake
[0.732s] -- Installing: /workspace/build_ws/install/iw_hub_navigation/share/iw_hub_navigation/package.xml
[0.738s] Invoked command in '/workspace/build_ws/build/iw_hub_navigation' returned '0': /usr/bin/cmake --install /workspace/build_ws/build/iw_hub_navigation
