[0.083s] Invoking command in '/workspace/jazzy_ws/build/unique_identifier_msgs': AMENT_PREFIX_PATH=/workspace/jazzy_ws/install CMAKE_PREFIX_PATH=/workspace/jazzy_ws/install LD_LIBRARY_PATH=/workspace/jazzy_ws/install/lib:/workspace/jazzy_ws/install/opt/mimick_vendor/lib PATH=/workspace/jazzy_ws/install/bin:/workspace/jazzy_ws/install/opt/uncrustify_vendor/bin:${PATH} PKG_CONFIG_PATH=/workspace/jazzy_ws/install/lib/x86_64-linux-gnu/pkgconfig:/workspace/jazzy_ws/install/lib/pkgconfig PYTHONPATH=/workspace/jazzy_ws/install/lib/python3.12/site-packages /usr/bin/cmake /workspace/jazzy_ws/src/unique_identifier_msgs -DCMAKE_INSTALL_PREFIX=/workspace/jazzy_ws/install
[0.111s] -- The C compiler identification is GNU 13.3.0
[0.141s] -- The CXX compiler identification is GNU 13.3.0
[0.149s] -- Detecting C compiler ABI info
[0.190s] -- Detecting C compiler ABI info - done
[0.196s] -- Check for working C compiler: /usr/bin/cc - skipped
[0.196s] -- Detecting C compile features
[0.196s] -- Detecting C compile features - done
[0.201s] -- Detecting CXX compiler ABI info
[0.248s] -- Detecting CXX compiler ABI info - done
[0.254s] -- Check for working CXX compiler: /usr/bin/c++ - skipped
[0.254s] -- Detecting CXX compile features
[0.255s] -- Detecting CXX compile features - done
[0.256s] -- Found ament_cmake: 2.5.5 (/workspace/jazzy_ws/install/share/ament_cmake/cmake)
[0.318s] -- Found Python3: /usr/bin/python3 (found version "3.12.3") found components: Interpreter 
[0.370s] -- Found rosidl_core_generators: 0.2.0 (/workspace/jazzy_ws/install/share/rosidl_core_generators/cmake)
[0.371s] -- Using all available rosidl_typesupport_c: rosidl_typesupport_fastrtps_c;rosidl_typesupport_introspection_c
[0.387s] -- Using all available rosidl_typesupport_cpp: rosidl_typesupport_fastrtps_cpp;rosidl_typesupport_introspection_cpp
[0.401s] -- Found rosidl_adapter: 4.6.7 (/workspace/jazzy_ws/install/share/rosidl_adapter/cmake)
[0.672s] -- Found ament_cmake_ros: 0.12.0 (/workspace/jazzy_ws/install/share/ament_cmake_ros/cmake)
[0.860s] -- Using all available rosidl_typesupport_c: rosidl_typesupport_fastrtps_c;rosidl_typesupport_introspection_c
[1.108s] -- Using all available rosidl_typesupport_cpp: rosidl_typesupport_fastrtps_cpp;rosidl_typesupport_introspection_cpp
[1.109s] -- Found python_cmake_module: 0.11.1 (/workspace/jazzy_ws/install/share/python_cmake_module/cmake)
[1.169s] -- Found PythonExtra: /usr/bin/python3  
[1.494s] -- Found Python3: /usr/bin/python3 (found version "3.12.3") found components: Interpreter Development NumPy Development.Module Development.Embed 
[1.513s] -- Found ament_lint_auto: 0.17.4 (/workspace/jazzy_ws/install/share/ament_lint_auto/cmake)
[1.520s] -- Added test 'copyright' to check source files copyright and LICENSE
[1.525s] -- Added test 'lint_cmake' to check CMake code style
[1.528s] -- Added test 'xmllint' to check XML markup files
[1.529s] -- Configuring done (1.4s)
[1.546s] -- Generating done (0.0s)
[1.552s] -- Build files have been written to: /workspace/jazzy_ws/build/unique_identifier_msgs
[1.556s] Invoked command in '/workspace/jazzy_ws/build/unique_identifier_msgs' returned '0': AMENT_PREFIX_PATH=/workspace/jazzy_ws/install CMAKE_PREFIX_PATH=/workspace/jazzy_ws/install LD_LIBRARY_PATH=/workspace/jazzy_ws/install/lib:/workspace/jazzy_ws/install/opt/mimick_vendor/lib PATH=/workspace/jazzy_ws/install/bin:/workspace/jazzy_ws/install/opt/uncrustify_vendor/bin:${PATH} PKG_CONFIG_PATH=/workspace/jazzy_ws/install/lib/x86_64-linux-gnu/pkgconfig:/workspace/jazzy_ws/install/lib/pkgconfig PYTHONPATH=/workspace/jazzy_ws/install/lib/python3.12/site-packages /usr/bin/cmake /workspace/jazzy_ws/src/unique_identifier_msgs -DCMAKE_INSTALL_PREFIX=/workspace/jazzy_ws/install
[1.556s] Invoking command in '/workspace/jazzy_ws/build/unique_identifier_msgs': AMENT_PREFIX_PATH=/workspace/jazzy_ws/install CMAKE_PREFIX_PATH=/workspace/jazzy_ws/install LD_LIBRARY_PATH=/workspace/jazzy_ws/install/lib:/workspace/jazzy_ws/install/opt/mimick_vendor/lib PATH=/workspace/jazzy_ws/install/bin:/workspace/jazzy_ws/install/opt/uncrustify_vendor/bin:${PATH} PKG_CONFIG_PATH=/workspace/jazzy_ws/install/lib/x86_64-linux-gnu/pkgconfig:/workspace/jazzy_ws/install/lib/pkgconfig PYTHONPATH=/workspace/jazzy_ws/install/lib/python3.12/site-packages /usr/bin/cmake --build /workspace/jazzy_ws/build/unique_identifier_msgs -- -j24 -l24
[1.581s] [  2%] Generating type hashes for ROS interfaces
[1.585s] [  2%] Built target ament_cmake_python_copy_unique_identifier_msgs
[1.678s] [  2%] Built target unique_identifier_msgs__rosidl_generator_type_description
[1.683s] [  5%] Generating C code for ROS interfaces
[1.686s] running egg_info
[1.688s] [  8%] Generating C++ code for ROS interfaces
[1.692s] creating unique_identifier_msgs.egg-info
[1.692s] writing unique_identifier_msgs.egg-info/PKG-INFO
[1.692s] writing dependency_links to unique_identifier_msgs.egg-info/dependency_links.txt
[1.692s] writing top-level names to unique_identifier_msgs.egg-info/top_level.txt
[1.692s] writing manifest file 'unique_identifier_msgs.egg-info/SOURCES.txt'
[1.707s] reading manifest file 'unique_identifier_msgs.egg-info/SOURCES.txt'
[1.707s] writing manifest file 'unique_identifier_msgs.egg-info/SOURCES.txt'
[1.723s] [  8%] Built target ament_cmake_python_build_unique_identifier_msgs_egg
[1.801s] [  8%] Built target unique_identifier_msgs__cpp
[1.807s] [ 11%] Building C object CMakeFiles/unique_identifier_msgs__rosidl_generator_c.dir/rosidl_generator_c/unique_identifier_msgs/msg/detail/uuid__description.c.o
[1.807s] [ 14%] Building C object CMakeFiles/unique_identifier_msgs__rosidl_generator_c.dir/rosidl_generator_c/unique_identifier_msgs/msg/detail/uuid__functions.c.o
[1.807s] [ 17%] Building C object CMakeFiles/unique_identifier_msgs__rosidl_generator_c.dir/rosidl_generator_c/unique_identifier_msgs/msg/detail/uuid__type_support.c.o
[1.834s] [ 20%] Linking C shared library libunique_identifier_msgs__rosidl_generator_c.so
[1.854s] [ 20%] Built target unique_identifier_msgs__rosidl_generator_c
[1.859s] [ 23%] Generating C type support for eProsima Fast-RTPS
[1.859s] [ 29%] Generating C++ introspection for ROS interfaces
[1.859s] [ 29%] Generating C++ type support dispatch for ROS interfaces
[1.859s] [ 38%] Generating C introspection for ROS interfaces
[1.859s] [ 38%] Generating C++ type support for eProsima Fast-RTPS
[1.859s] [ 38%] Generating C type support dispatch for ROS interfaces
[1.966s] [ 41%] Building CXX object CMakeFiles/unique_identifier_msgs__rosidl_typesupport_c.dir/rosidl_typesupport_c/unique_identifier_msgs/msg/uuid__type_support.cpp.o
[1.972s] [ 44%] Building C object CMakeFiles/unique_identifier_msgs__rosidl_typesupport_introspection_c.dir/rosidl_typesupport_introspection_c/unique_identifier_msgs/msg/detail/uuid__type_support.c.o
[1.976s] [ 47%] Building CXX object CMakeFiles/unique_identifier_msgs__rosidl_typesupport_introspection_cpp.dir/rosidl_typesupport_introspection_cpp/unique_identifier_msgs/msg/detail/uuid__type_support.cpp.o
[1.977s] [ 50%] Building CXX object CMakeFiles/unique_identifier_msgs__rosidl_typesupport_cpp.dir/rosidl_typesupport_cpp/unique_identifier_msgs/msg/uuid__type_support.cpp.o
[1.980s] [ 52%] Building CXX object CMakeFiles/unique_identifier_msgs__rosidl_typesupport_fastrtps_c.dir/rosidl_typesupport_fastrtps_c/unique_identifier_msgs/msg/detail/uuid__type_support_c.cpp.o
[1.980s] [ 55%] Building CXX object CMakeFiles/unique_identifier_msgs__rosidl_typesupport_fastrtps_cpp.dir/rosidl_typesupport_fastrtps_cpp/unique_identifier_msgs/msg/detail/dds_fastrtps/uuid__type_support.cpp.o
[1.990s] [ 58%] Linking CXX shared library libunique_identifier_msgs__rosidl_typesupport_c.so
[1.994s] [ 61%] Linking C shared library libunique_identifier_msgs__rosidl_typesupport_introspection_c.so
[2.013s] [ 61%] Built target unique_identifier_msgs__rosidl_typesupport_introspection_c
[2.018s] [ 61%] Built target unique_identifier_msgs__rosidl_typesupport_c
[2.112s] [ 64%] Linking CXX shared library libunique_identifier_msgs__rosidl_typesupport_cpp.so
[2.131s] [ 67%] Linking CXX shared library libunique_identifier_msgs__rosidl_typesupport_introspection_cpp.so
[2.138s] [ 67%] Built target unique_identifier_msgs__rosidl_typesupport_cpp
[2.179s] [ 67%] Built target unique_identifier_msgs__rosidl_typesupport_introspection_cpp
[2.194s] [ 70%] Linking CXX shared library libunique_identifier_msgs__rosidl_typesupport_fastrtps_c.so
[2.196s] [ 73%] Linking CXX shared library libunique_identifier_msgs__rosidl_typesupport_fastrtps_cpp.so
[2.223s] [ 73%] Built target unique_identifier_msgs__rosidl_typesupport_fastrtps_c
[2.239s] [ 73%] Built target unique_identifier_msgs__rosidl_typesupport_fastrtps_cpp
[2.249s] [ 73%] Built target unique_identifier_msgs
[2.259s] [ 76%] Generating Python code for ROS interfaces
[2.384s] [ 76%] Built target unique_identifier_msgs__py
[2.393s] [ 79%] Building C object CMakeFiles/unique_identifier_msgs__rosidl_generator_py.dir/rosidl_generator_py/unique_identifier_msgs/msg/_uuid_s.c.o
[2.455s] [ 82%] Linking C shared library libunique_identifier_msgs__rosidl_generator_py.so
[2.475s] [ 82%] Built target unique_identifier_msgs__rosidl_generator_py
[2.486s] [ 88%] Building C object CMakeFiles/unique_identifier_msgs_s__rosidl_typesupport_fastrtps_c.dir/rosidl_generator_py/unique_identifier_msgs/_unique_identifier_msgs_s.ep.rosidl_typesupport_fastrtps_c.c.o
[2.486s] [ 91%] Building C object CMakeFiles/unique_identifier_msgs_s__rosidl_typesupport_c.dir/rosidl_generator_py/unique_identifier_msgs/_unique_identifier_msgs_s.ep.rosidl_typesupport_c.c.o
[2.486s] [ 91%] Building C object CMakeFiles/unique_identifier_msgs_s__rosidl_typesupport_introspection_c.dir/rosidl_generator_py/unique_identifier_msgs/_unique_identifier_msgs_s.ep.rosidl_typesupport_introspection_c.c.o
[2.538s] [ 94%] Linking C shared module rosidl_generator_py/unique_identifier_msgs/unique_identifier_msgs_s__rosidl_typesupport_introspection_c.so
[2.538s] [ 97%] Linking C shared module rosidl_generator_py/unique_identifier_msgs/unique_identifier_msgs_s__rosidl_typesupport_c.so
[2.539s] [100%] Linking C shared module rosidl_generator_py/unique_identifier_msgs/unique_identifier_msgs_s__rosidl_typesupport_fastrtps_c.so
[2.554s] [100%] Built target unique_identifier_msgs_s__rosidl_typesupport_c
[2.554s] [100%] Built target unique_identifier_msgs_s__rosidl_typesupport_introspection_c
[2.555s] [100%] Built target unique_identifier_msgs_s__rosidl_typesupport_fastrtps_c
[2.560s] Invoked command in '/workspace/jazzy_ws/build/unique_identifier_msgs' returned '0': AMENT_PREFIX_PATH=/workspace/jazzy_ws/install CMAKE_PREFIX_PATH=/workspace/jazzy_ws/install LD_LIBRARY_PATH=/workspace/jazzy_ws/install/lib:/workspace/jazzy_ws/install/opt/mimick_vendor/lib PATH=/workspace/jazzy_ws/install/bin:/workspace/jazzy_ws/install/opt/uncrustify_vendor/bin:${PATH} PKG_CONFIG_PATH=/workspace/jazzy_ws/install/lib/x86_64-linux-gnu/pkgconfig:/workspace/jazzy_ws/install/lib/pkgconfig PYTHONPATH=/workspace/jazzy_ws/install/lib/python3.12/site-packages /usr/bin/cmake --build /workspace/jazzy_ws/build/unique_identifier_msgs -- -j24 -l24
[2.561s] Invoking command in '/workspace/jazzy_ws/build/unique_identifier_msgs': AMENT_PREFIX_PATH=/workspace/jazzy_ws/install CMAKE_PREFIX_PATH=/workspace/jazzy_ws/install LD_LIBRARY_PATH=/workspace/jazzy_ws/install/lib:/workspace/jazzy_ws/install/opt/mimick_vendor/lib PATH=/workspace/jazzy_ws/install/bin:/workspace/jazzy_ws/install/opt/uncrustify_vendor/bin:${PATH} PKG_CONFIG_PATH=/workspace/jazzy_ws/install/lib/x86_64-linux-gnu/pkgconfig:/workspace/jazzy_ws/install/lib/pkgconfig PYTHONPATH=/workspace/jazzy_ws/install/lib/python3.12/site-packages /usr/bin/cmake --install /workspace/jazzy_ws/build/unique_identifier_msgs
[2.565s] -- Install configuration: ""
[2.565s] -- Installing: /workspace/jazzy_ws/install/share/ament_index/resource_index/rosidl_interfaces/unique_identifier_msgs
[2.565s] -- Installing: /workspace/jazzy_ws/install/share/unique_identifier_msgs/msg/UUID.json
[2.565s] -- Installing: /workspace/jazzy_ws/install/include/unique_identifier_msgs/unique_identifier_msgs
[2.565s] -- Installing: /workspace/jazzy_ws/install/include/unique_identifier_msgs/unique_identifier_msgs/msg
[2.565s] -- Installing: /workspace/jazzy_ws/install/include/unique_identifier_msgs/unique_identifier_msgs/msg/detail
[2.565s] -- Installing: /workspace/jazzy_ws/install/include/unique_identifier_msgs/unique_identifier_msgs/msg/detail/uuid__type_support.h
[2.565s] -- Installing: /workspace/jazzy_ws/install/include/unique_identifier_msgs/unique_identifier_msgs/msg/detail/uuid__struct.h
[2.565s] -- Installing: /workspace/jazzy_ws/install/include/unique_identifier_msgs/unique_identifier_msgs/msg/detail/uuid__functions.c
[2.565s] -- Installing: /workspace/jazzy_ws/install/include/unique_identifier_msgs/unique_identifier_msgs/msg/detail/uuid__description.c
[2.565s] -- Installing: /workspace/jazzy_ws/install/include/unique_identifier_msgs/unique_identifier_msgs/msg/detail/uuid__type_support.c
[2.565s] -- Installing: /workspace/jazzy_ws/install/include/unique_identifier_msgs/unique_identifier_msgs/msg/detail/uuid__functions.h
[2.565s] -- Installing: /workspace/jazzy_ws/install/include/unique_identifier_msgs/unique_identifier_msgs/msg/uuid.h
[2.566s] -- Installing: /workspace/jazzy_ws/install/include/unique_identifier_msgs/unique_identifier_msgs/msg/rosidl_generator_c__visibility_control.h
[2.566s] -- Installing: /workspace/jazzy_ws/install/share/unique_identifier_msgs/environment/library_path.sh
[2.566s] -- Installing: /workspace/jazzy_ws/install/share/unique_identifier_msgs/environment/library_path.dsv
[2.566s] -- Installing: /workspace/jazzy_ws/install/lib/libunique_identifier_msgs__rosidl_generator_c.so
[2.566s] -- Set non-toolchain portion of runtime path of "/workspace/jazzy_ws/install/lib/libunique_identifier_msgs__rosidl_generator_c.so" to ""
[2.566s] -- Up-to-date: /workspace/jazzy_ws/install/include/unique_identifier_msgs/unique_identifier_msgs
[2.566s] -- Up-to-date: /workspace/jazzy_ws/install/include/unique_identifier_msgs/unique_identifier_msgs/msg
[2.566s] -- Up-to-date: /workspace/jazzy_ws/install/include/unique_identifier_msgs/unique_identifier_msgs/msg/detail
[2.566s] -- Installing: /workspace/jazzy_ws/install/include/unique_identifier_msgs/unique_identifier_msgs/msg/detail/uuid__rosidl_typesupport_fastrtps_c.h
[2.566s] -- Installing: /workspace/jazzy_ws/install/include/unique_identifier_msgs/unique_identifier_msgs/msg/rosidl_typesupport_fastrtps_c__visibility_control.h
[2.566s] -- Installing: /workspace/jazzy_ws/install/lib/libunique_identifier_msgs__rosidl_typesupport_fastrtps_c.so
[2.566s] -- Set non-toolchain portion of runtime path of "/workspace/jazzy_ws/install/lib/libunique_identifier_msgs__rosidl_typesupport_fastrtps_c.so" to ""
[2.566s] -- Up-to-date: /workspace/jazzy_ws/install/include/unique_identifier_msgs/unique_identifier_msgs
[2.566s] -- Up-to-date: /workspace/jazzy_ws/install/include/unique_identifier_msgs/unique_identifier_msgs/msg
[2.567s] -- Up-to-date: /workspace/jazzy_ws/install/include/unique_identifier_msgs/unique_identifier_msgs/msg/detail
[2.567s] -- Up-to-date: /workspace/jazzy_ws/install/include/unique_identifier_msgs/unique_identifier_msgs/msg/detail/uuid__type_support.c
[2.567s] -- Installing: /workspace/jazzy_ws/install/include/unique_identifier_msgs/unique_identifier_msgs/msg/detail/uuid__rosidl_typesupport_introspection_c.h
[2.567s] -- Installing: /workspace/jazzy_ws/install/include/unique_identifier_msgs/unique_identifier_msgs/msg/rosidl_typesupport_introspection_c__visibility_control.h
[2.567s] -- Installing: /workspace/jazzy_ws/install/lib/libunique_identifier_msgs__rosidl_typesupport_introspection_c.so
[2.567s] -- Set non-toolchain portion of runtime path of "/workspace/jazzy_ws/install/lib/libunique_identifier_msgs__rosidl_typesupport_introspection_c.so" to ""
[2.567s] -- Installing: /workspace/jazzy_ws/install/lib/libunique_identifier_msgs__rosidl_typesupport_c.so
[2.567s] -- Set non-toolchain portion of runtime path of "/workspace/jazzy_ws/install/lib/libunique_identifier_msgs__rosidl_typesupport_c.so" to ""
[2.567s] -- Up-to-date: /workspace/jazzy_ws/install/include/unique_identifier_msgs/unique_identifier_msgs
[2.567s] -- Up-to-date: /workspace/jazzy_ws/install/include/unique_identifier_msgs/unique_identifier_msgs/msg
[2.567s] -- Up-to-date: /workspace/jazzy_ws/install/include/unique_identifier_msgs/unique_identifier_msgs/msg/detail
[2.567s] -- Installing: /workspace/jazzy_ws/install/include/unique_identifier_msgs/unique_identifier_msgs/msg/detail/uuid__traits.hpp
[2.567s] -- Installing: /workspace/jazzy_ws/install/include/unique_identifier_msgs/unique_identifier_msgs/msg/detail/uuid__builder.hpp
[2.567s] -- Installing: /workspace/jazzy_ws/install/include/unique_identifier_msgs/unique_identifier_msgs/msg/detail/uuid__struct.hpp
[2.567s] -- Installing: /workspace/jazzy_ws/install/include/unique_identifier_msgs/unique_identifier_msgs/msg/detail/uuid__type_support.hpp
[2.567s] -- Installing: /workspace/jazzy_ws/install/include/unique_identifier_msgs/unique_identifier_msgs/msg/rosidl_generator_cpp__visibility_control.hpp
[2.567s] -- Installing: /workspace/jazzy_ws/install/include/unique_identifier_msgs/unique_identifier_msgs/msg/uuid.hpp
[2.568s] -- Up-to-date: /workspace/jazzy_ws/install/include/unique_identifier_msgs/unique_identifier_msgs
[2.568s] -- Up-to-date: /workspace/jazzy_ws/install/include/unique_identifier_msgs/unique_identifier_msgs/msg
[2.568s] -- Up-to-date: /workspace/jazzy_ws/install/include/unique_identifier_msgs/unique_identifier_msgs/msg/detail
[2.568s] -- Installing: /workspace/jazzy_ws/install/include/unique_identifier_msgs/unique_identifier_msgs/msg/detail/dds_fastrtps
[2.568s] -- Installing: /workspace/jazzy_ws/install/include/unique_identifier_msgs/unique_identifier_msgs/msg/detail/uuid__rosidl_typesupport_fastrtps_cpp.hpp
[2.568s] -- Installing: /workspace/jazzy_ws/install/include/unique_identifier_msgs/unique_identifier_msgs/msg/rosidl_typesupport_fastrtps_cpp__visibility_control.h
[2.568s] -- Installing: /workspace/jazzy_ws/install/lib/libunique_identifier_msgs__rosidl_typesupport_fastrtps_cpp.so
[2.568s] -- Set non-toolchain portion of runtime path of "/workspace/jazzy_ws/install/lib/libunique_identifier_msgs__rosidl_typesupport_fastrtps_cpp.so" to ""
[2.568s] -- Up-to-date: /workspace/jazzy_ws/install/include/unique_identifier_msgs/unique_identifier_msgs
[2.568s] -- Up-to-date: /workspace/jazzy_ws/install/include/unique_identifier_msgs/unique_identifier_msgs/msg
[2.568s] -- Up-to-date: /workspace/jazzy_ws/install/include/unique_identifier_msgs/unique_identifier_msgs/msg/detail
[2.568s] -- Installing: /workspace/jazzy_ws/install/include/unique_identifier_msgs/unique_identifier_msgs/msg/detail/uuid__rosidl_typesupport_introspection_cpp.hpp
[2.568s] -- Installing: /workspace/jazzy_ws/install/include/unique_identifier_msgs/unique_identifier_msgs/msg/detail/uuid__type_support.cpp
[2.568s] -- Installing: /workspace/jazzy_ws/install/lib/libunique_identifier_msgs__rosidl_typesupport_introspection_cpp.so
[2.568s] -- Set non-toolchain portion of runtime path of "/workspace/jazzy_ws/install/lib/libunique_identifier_msgs__rosidl_typesupport_introspection_cpp.so" to ""
[2.568s] -- Installing: /workspace/jazzy_ws/install/lib/libunique_identifier_msgs__rosidl_typesupport_cpp.so
[2.569s] -- Set non-toolchain portion of runtime path of "/workspace/jazzy_ws/install/lib/libunique_identifier_msgs__rosidl_typesupport_cpp.so" to ""
[2.569s] -- Installing: /workspace/jazzy_ws/install/share/unique_identifier_msgs/environment/pythonpath.sh
[2.569s] -- Installing: /workspace/jazzy_ws/install/share/unique_identifier_msgs/environment/pythonpath.dsv
[2.569s] -- Installing: /workspace/jazzy_ws/install/lib/python3.12/site-packages/unique_identifier_msgs-2.5.0-py3.12.egg-info
[2.569s] -- Installing: /workspace/jazzy_ws/install/lib/python3.12/site-packages/unique_identifier_msgs-2.5.0-py3.12.egg-info/PKG-INFO
[2.569s] -- Installing: /workspace/jazzy_ws/install/lib/python3.12/site-packages/unique_identifier_msgs-2.5.0-py3.12.egg-info/SOURCES.txt
[2.569s] -- Installing: /workspace/jazzy_ws/install/lib/python3.12/site-packages/unique_identifier_msgs-2.5.0-py3.12.egg-info/top_level.txt
[2.569s] -- Installing: /workspace/jazzy_ws/install/lib/python3.12/site-packages/unique_identifier_msgs-2.5.0-py3.12.egg-info/dependency_links.txt
[2.569s] -- Installing: /workspace/jazzy_ws/install/lib/python3.12/site-packages/unique_identifier_msgs
[2.569s] -- Installing: /workspace/jazzy_ws/install/lib/python3.12/site-packages/unique_identifier_msgs/_unique_identifier_msgs_s.ep.rosidl_typesupport_fastrtps_c.c
[2.569s] -- Installing: /workspace/jazzy_ws/install/lib/python3.12/site-packages/unique_identifier_msgs/msg
[2.569s] -- Installing: /workspace/jazzy_ws/install/lib/python3.12/site-packages/unique_identifier_msgs/msg/_uuid.py
[2.569s] -- Installing: /workspace/jazzy_ws/install/lib/python3.12/site-packages/unique_identifier_msgs/msg/__init__.py
[2.569s] -- Installing: /workspace/jazzy_ws/install/lib/python3.12/site-packages/unique_identifier_msgs/msg/_uuid_s.c
[2.569s] -- Installing: /workspace/jazzy_ws/install/lib/python3.12/site-packages/unique_identifier_msgs/__init__.py
[2.569s] -- Installing: /workspace/jazzy_ws/install/lib/python3.12/site-packages/unique_identifier_msgs/unique_identifier_msgs_s__rosidl_typesupport_introspection_c.so
[2.570s] -- Installing: /workspace/jazzy_ws/install/lib/python3.12/site-packages/unique_identifier_msgs/_unique_identifier_msgs_s.ep.rosidl_typesupport_introspection_c.c
[2.570s] -- Installing: /workspace/jazzy_ws/install/lib/python3.12/site-packages/unique_identifier_msgs/unique_identifier_msgs_s__rosidl_typesupport_c.so
[2.570s] -- Installing: /workspace/jazzy_ws/install/lib/python3.12/site-packages/unique_identifier_msgs/_unique_identifier_msgs_s.ep.rosidl_typesupport_c.c
[2.570s] -- Installing: /workspace/jazzy_ws/install/lib/python3.12/site-packages/unique_identifier_msgs/unique_identifier_msgs_s__rosidl_typesupport_fastrtps_c.so
[2.591s] Listing '/workspace/jazzy_ws/install/lib/python3.12/site-packages/unique_identifier_msgs'...
[2.591s] Compiling '/workspace/jazzy_ws/install/lib/python3.12/site-packages/unique_identifier_msgs/__init__.py'...
[2.591s] Listing '/workspace/jazzy_ws/install/lib/python3.12/site-packages/unique_identifier_msgs/msg'...
[2.592s] Compiling '/workspace/jazzy_ws/install/lib/python3.12/site-packages/unique_identifier_msgs/msg/__init__.py'...
[2.592s] Compiling '/workspace/jazzy_ws/install/lib/python3.12/site-packages/unique_identifier_msgs/msg/_uuid.py'...
[2.595s] -- Installing: /workspace/jazzy_ws/install/lib/python3.12/site-packages/unique_identifier_msgs/unique_identifier_msgs_s__rosidl_typesupport_fastrtps_c.so
[2.595s] -- Set non-toolchain portion of runtime path of "/workspace/jazzy_ws/install/lib/python3.12/site-packages/unique_identifier_msgs/unique_identifier_msgs_s__rosidl_typesupport_fastrtps_c.so" to ""
[2.595s] -- Installing: /workspace/jazzy_ws/install/lib/python3.12/site-packages/unique_identifier_msgs/unique_identifier_msgs_s__rosidl_typesupport_introspection_c.so
[2.595s] -- Set non-toolchain portion of runtime path of "/workspace/jazzy_ws/install/lib/python3.12/site-packages/unique_identifier_msgs/unique_identifier_msgs_s__rosidl_typesupport_introspection_c.so" to ""
[2.595s] -- Installing: /workspace/jazzy_ws/install/lib/python3.12/site-packages/unique_identifier_msgs/unique_identifier_msgs_s__rosidl_typesupport_c.so
[2.595s] -- Set non-toolchain portion of runtime path of "/workspace/jazzy_ws/install/lib/python3.12/site-packages/unique_identifier_msgs/unique_identifier_msgs_s__rosidl_typesupport_c.so" to ""
[2.595s] -- Installing: /workspace/jazzy_ws/install/lib/libunique_identifier_msgs__rosidl_generator_py.so
[2.596s] -- Set non-toolchain portion of runtime path of "/workspace/jazzy_ws/install/lib/libunique_identifier_msgs__rosidl_generator_py.so" to ""
[2.596s] -- Installing: /workspace/jazzy_ws/install/share/unique_identifier_msgs/msg/UUID.idl
[2.596s] -- Installing: /workspace/jazzy_ws/install/share/unique_identifier_msgs/msg/UUID.msg
[2.596s] -- Installing: /workspace/jazzy_ws/install/share/ament_index/resource_index/package_run_dependencies/unique_identifier_msgs
[2.596s] -- Installing: /workspace/jazzy_ws/install/share/ament_index/resource_index/parent_prefix_path/unique_identifier_msgs
[2.596s] -- Installing: /workspace/jazzy_ws/install/share/unique_identifier_msgs/environment/ament_prefix_path.sh
[2.596s] -- Installing: /workspace/jazzy_ws/install/share/unique_identifier_msgs/environment/ament_prefix_path.dsv
[2.596s] -- Installing: /workspace/jazzy_ws/install/share/unique_identifier_msgs/environment/path.sh
[2.596s] -- Installing: /workspace/jazzy_ws/install/share/unique_identifier_msgs/environment/path.dsv
[2.596s] -- Installing: /workspace/jazzy_ws/install/share/unique_identifier_msgs/local_setup.bash
[2.596s] -- Installing: /workspace/jazzy_ws/install/share/unique_identifier_msgs/local_setup.sh
[2.596s] -- Installing: /workspace/jazzy_ws/install/share/unique_identifier_msgs/local_setup.zsh
[2.596s] -- Installing: /workspace/jazzy_ws/install/share/unique_identifier_msgs/local_setup.dsv
[2.596s] -- Installing: /workspace/jazzy_ws/install/share/unique_identifier_msgs/package.dsv
[2.597s] -- Installing: /workspace/jazzy_ws/install/share/ament_index/resource_index/packages/unique_identifier_msgs
[2.597s] -- Installing: /workspace/jazzy_ws/install/share/unique_identifier_msgs/cmake/export_unique_identifier_msgs__rosidl_generator_cExport.cmake
[2.597s] -- Installing: /workspace/jazzy_ws/install/share/unique_identifier_msgs/cmake/export_unique_identifier_msgs__rosidl_generator_cExport-noconfig.cmake
[2.597s] -- Installing: /workspace/jazzy_ws/install/share/unique_identifier_msgs/cmake/export_unique_identifier_msgs__rosidl_typesupport_fastrtps_cExport.cmake
[2.597s] -- Installing: /workspace/jazzy_ws/install/share/unique_identifier_msgs/cmake/export_unique_identifier_msgs__rosidl_typesupport_fastrtps_cExport-noconfig.cmake
[2.597s] -- Installing: /workspace/jazzy_ws/install/share/unique_identifier_msgs/cmake/unique_identifier_msgs__rosidl_typesupport_introspection_cExport.cmake
[2.597s] -- Installing: /workspace/jazzy_ws/install/share/unique_identifier_msgs/cmake/unique_identifier_msgs__rosidl_typesupport_introspection_cExport-noconfig.cmake
[2.597s] -- Installing: /workspace/jazzy_ws/install/share/unique_identifier_msgs/cmake/unique_identifier_msgs__rosidl_typesupport_cExport.cmake
[2.597s] -- Installing: /workspace/jazzy_ws/install/share/unique_identifier_msgs/cmake/unique_identifier_msgs__rosidl_typesupport_cExport-noconfig.cmake
[2.597s] -- Installing: /workspace/jazzy_ws/install/share/unique_identifier_msgs/cmake/export_unique_identifier_msgs__rosidl_generator_cppExport.cmake
[2.597s] -- Installing: /workspace/jazzy_ws/install/share/unique_identifier_msgs/cmake/export_unique_identifier_msgs__rosidl_typesupport_fastrtps_cppExport.cmake
[2.598s] -- Installing: /workspace/jazzy_ws/install/share/unique_identifier_msgs/cmake/export_unique_identifier_msgs__rosidl_typesupport_fastrtps_cppExport-noconfig.cmake
[2.598s] -- Installing: /workspace/jazzy_ws/install/share/unique_identifier_msgs/cmake/unique_identifier_msgs__rosidl_typesupport_introspection_cppExport.cmake
[2.598s] -- Installing: /workspace/jazzy_ws/install/share/unique_identifier_msgs/cmake/unique_identifier_msgs__rosidl_typesupport_introspection_cppExport-noconfig.cmake
[2.598s] -- Installing: /workspace/jazzy_ws/install/share/unique_identifier_msgs/cmake/unique_identifier_msgs__rosidl_typesupport_cppExport.cmake
[2.598s] -- Installing: /workspace/jazzy_ws/install/share/unique_identifier_msgs/cmake/unique_identifier_msgs__rosidl_typesupport_cppExport-noconfig.cmake
[2.598s] -- Installing: /workspace/jazzy_ws/install/share/unique_identifier_msgs/cmake/export_unique_identifier_msgs__rosidl_generator_pyExport.cmake
[2.598s] -- Installing: /workspace/jazzy_ws/install/share/unique_identifier_msgs/cmake/export_unique_identifier_msgs__rosidl_generator_pyExport-noconfig.cmake
[2.598s] -- Installing: /workspace/jazzy_ws/install/share/unique_identifier_msgs/cmake/rosidl_cmake-extras.cmake
[2.598s] -- Installing: /workspace/jazzy_ws/install/share/unique_identifier_msgs/cmake/ament_cmake_export_include_directories-extras.cmake
[2.598s] -- Installing: /workspace/jazzy_ws/install/share/unique_identifier_msgs/cmake/ament_cmake_export_libraries-extras.cmake
[2.598s] -- Installing: /workspace/jazzy_ws/install/share/unique_identifier_msgs/cmake/ament_cmake_export_targets-extras.cmake
[2.598s] -- Installing: /workspace/jazzy_ws/install/share/unique_identifier_msgs/cmake/rosidl_cmake_export_typesupport_targets-extras.cmake
[2.598s] -- Installing: /workspace/jazzy_ws/install/share/unique_identifier_msgs/cmake/ament_cmake_export_dependencies-extras.cmake
[2.599s] -- Installing: /workspace/jazzy_ws/install/share/unique_identifier_msgs/cmake/rosidl_cmake_export_typesupport_libraries-extras.cmake
[2.599s] -- Installing: /workspace/jazzy_ws/install/share/unique_identifier_msgs/cmake/unique_identifier_msgsConfig.cmake
[2.599s] -- Installing: /workspace/jazzy_ws/install/share/unique_identifier_msgs/cmake/unique_identifier_msgsConfig-version.cmake
[2.599s] -- Installing: /workspace/jazzy_ws/install/share/unique_identifier_msgs/package.xml
[2.599s] -- Installing: /workspace/jazzy_ws/install/share/unique_identifier_msgs/mapping_rules.yaml
[2.600s] Invoked command in '/workspace/jazzy_ws/build/unique_identifier_msgs' returned '0': AMENT_PREFIX_PATH=/workspace/jazzy_ws/install CMAKE_PREFIX_PATH=/workspace/jazzy_ws/install LD_LIBRARY_PATH=/workspace/jazzy_ws/install/lib:/workspace/jazzy_ws/install/opt/mimick_vendor/lib PATH=/workspace/jazzy_ws/install/bin:/workspace/jazzy_ws/install/opt/uncrustify_vendor/bin:${PATH} PKG_CONFIG_PATH=/workspace/jazzy_ws/install/lib/x86_64-linux-gnu/pkgconfig:/workspace/jazzy_ws/install/lib/pkgconfig PYTHONPATH=/workspace/jazzy_ws/install/lib/python3.12/site-packages /usr/bin/cmake --install /workspace/jazzy_ws/build/unique_identifier_msgs
