-- The C compiler identification is GNU 13.3.0
-- The CXX compiler identification is GNU 13.3.0
-- Detecting C compiler ABI info
-- Detecting C compiler ABI info - done
-- Check for working C compiler: /usr/bin/cc - skipped
-- Detecting C compile features
-- Detecting C compile features - done
-- Detecting CXX compiler ABI info
-- Detecting CXX compiler ABI info - done
-- Check for working CXX compiler: /usr/bin/c++ - skipped
-- Detecting CXX compile features
-- Detecting CXX compile features - done
-- Found ament_cmake: 2.5.5 (/workspace/jazzy_ws/install/share/ament_cmake/cmake)
-- Found Python3: /usr/bin/python3 (found version "3.12.3") found components: Interpreter 
-- Found rosidl_default_generators: 1.6.0 (/workspace/jazzy_ws/install/share/rosidl_default_generators/cmake)
-- Using all available rosidl_typesupport_c: rosidl_typesupport_fastrtps_c;rosidl_typesupport_introspection_c
-- Using all available rosidl_typesupport_cpp: rosidl_typesupport_fastrtps_cpp;rosidl_typesupport_introspection_cpp
-- Found rosidl_adapter: 4.6.7 (/workspace/jazzy_ws/install/share/rosidl_adapter/cmake)
-- Found ament_cmake_cppcheck: 0.17.4 (/workspace/jazzy_ws/install/share/ament_cmake_cppcheck/cmake)
-- Found ament_cmake_cpplint: 0.17.4 (/workspace/jazzy_ws/install/share/ament_cmake_cpplint/cmake)
-- Found ament_cmake_uncrustify: 0.17.4 (/workspace/jazzy_ws/install/share/ament_cmake_uncrustify/cmake)
-- Found ament_cmake_ros: 0.12.0 (/workspace/jazzy_ws/install/share/ament_cmake_ros/cmake)
-- Using all available rosidl_typesupport_c: rosidl_typesupport_fastrtps_c;rosidl_typesupport_introspection_c
-- Using all available rosidl_typesupport_cpp: rosidl_typesupport_fastrtps_cpp;rosidl_typesupport_introspection_cpp
-- Found python_cmake_module: 0.11.1 (/workspace/jazzy_ws/install/share/python_cmake_module/cmake)
-- Found PythonExtra: /usr/bin/python3  
-- Found Python3: /usr/bin/python3 (found version "3.12.3") found components: Interpreter Development NumPy Development.Module Development.Embed 
-- Found ament_cmake_flake8: 0.17.4 (/workspace/jazzy_ws/install/share/ament_cmake_flake8/cmake)
-- Found ament_cmake_pep257: 0.17.4 (/workspace/jazzy_ws/install/share/ament_cmake_pep257/cmake)
-- Found ament_lint_auto: 0.17.4 (/workspace/jazzy_ws/install/share/ament_lint_auto/cmake)
-- Added test 'copyright' to check source files copyright and LICENSE
-- Added test 'lint_cmake' to check CMake code style
-- Added test 'xmllint' to check XML markup files
-- Configuring done (1.8s)
-- Generating done (0.0s)
-- Build files have been written to: /workspace/jazzy_ws/build/lifecycle_msgs
[  1%] Generating type hashes for ROS interfaces
[  1%] Built target ament_cmake_python_copy_lifecycle_msgs
running egg_info
creating lifecycle_msgs.egg-info
writing lifecycle_msgs.egg-info/PKG-INFO
writing dependency_links to lifecycle_msgs.egg-info/dependency_links.txt
writing top-level names to lifecycle_msgs.egg-info/top_level.txt
writing manifest file 'lifecycle_msgs.egg-info/SOURCES.txt'
reading manifest file 'lifecycle_msgs.egg-info/SOURCES.txt'
writing manifest file 'lifecycle_msgs.egg-info/SOURCES.txt'
[  1%] Built target ament_cmake_python_build_lifecycle_msgs_egg
[  1%] Built target lifecycle_msgs__rosidl_generator_type_description
[  2%] Generating C code for ROS interfaces
[  2%] Generating C++ code for ROS interfaces
[  2%] Built target lifecycle_msgs__cpp
[  3%] Building C object CMakeFiles/lifecycle_msgs__rosidl_generator_c.dir/rosidl_generator_c/lifecycle_msgs/msg/detail/transition__description.c.o
[  4%] Building C object CMakeFiles/lifecycle_msgs__rosidl_generator_c.dir/rosidl_generator_c/lifecycle_msgs/msg/detail/transition__functions.c.o
[  5%] Building C object CMakeFiles/lifecycle_msgs__rosidl_generator_c.dir/rosidl_generator_c/lifecycle_msgs/msg/detail/state__functions.c.o
[  6%] Building C object CMakeFiles/lifecycle_msgs__rosidl_generator_c.dir/rosidl_generator_c/lifecycle_msgs/msg/detail/state__type_support.c.o
[  7%] Building C object CMakeFiles/lifecycle_msgs__rosidl_generator_c.dir/rosidl_generator_c/lifecycle_msgs/msg/detail/state__description.c.o
[  8%] Building C object CMakeFiles/lifecycle_msgs__rosidl_generator_c.dir/rosidl_generator_c/lifecycle_msgs/msg/detail/transition__type_support.c.o
[  9%] Building C object CMakeFiles/lifecycle_msgs__rosidl_generator_c.dir/rosidl_generator_c/lifecycle_msgs/msg/detail/transition_description__description.c.o
[ 10%] Building C object CMakeFiles/lifecycle_msgs__rosidl_generator_c.dir/rosidl_generator_c/lifecycle_msgs/msg/detail/transition_event__description.c.o
[ 11%] Building C object CMakeFiles/lifecycle_msgs__rosidl_generator_c.dir/rosidl_generator_c/lifecycle_msgs/msg/detail/transition_description__type_support.c.o
[ 12%] Building C object CMakeFiles/lifecycle_msgs__rosidl_generator_c.dir/rosidl_generator_c/lifecycle_msgs/msg/detail/transition_description__functions.c.o
[ 13%] Building C object CMakeFiles/lifecycle_msgs__rosidl_generator_c.dir/rosidl_generator_c/lifecycle_msgs/msg/detail/transition_event__type_support.c.o
[ 14%] Building C object CMakeFiles/lifecycle_msgs__rosidl_generator_c.dir/rosidl_generator_c/lifecycle_msgs/msg/detail/transition_event__functions.c.o
[ 16%] Building C object CMakeFiles/lifecycle_msgs__rosidl_generator_c.dir/rosidl_generator_c/lifecycle_msgs/srv/detail/get_available_states__functions.c.o
[ 17%] Building C object CMakeFiles/lifecycle_msgs__rosidl_generator_c.dir/rosidl_generator_c/lifecycle_msgs/srv/detail/get_available_states__type_support.c.o
[ 18%] Building C object CMakeFiles/lifecycle_msgs__rosidl_generator_c.dir/rosidl_generator_c/lifecycle_msgs/srv/detail/change_state__description.c.o
[ 19%] Building C object CMakeFiles/lifecycle_msgs__rosidl_generator_c.dir/rosidl_generator_c/lifecycle_msgs/srv/detail/get_state__functions.c.o
[ 19%] Building C object CMakeFiles/lifecycle_msgs__rosidl_generator_c.dir/rosidl_generator_c/lifecycle_msgs/srv/detail/get_state__type_support.c.o
[ 20%] Building C object CMakeFiles/lifecycle_msgs__rosidl_generator_c.dir/rosidl_generator_c/lifecycle_msgs/srv/detail/get_available_states__description.c.o
[ 21%] Building C object CMakeFiles/lifecycle_msgs__rosidl_generator_c.dir/rosidl_generator_c/lifecycle_msgs/srv/detail/get_state__description.c.o
[ 22%] Building C object CMakeFiles/lifecycle_msgs__rosidl_generator_c.dir/rosidl_generator_c/lifecycle_msgs/srv/detail/get_available_transitions__type_support.c.o
[ 23%] Building C object CMakeFiles/lifecycle_msgs__rosidl_generator_c.dir/rosidl_generator_c/lifecycle_msgs/srv/detail/get_available_transitions__description.c.o
[ 23%] Building C object CMakeFiles/lifecycle_msgs__rosidl_generator_c.dir/rosidl_generator_c/lifecycle_msgs/srv/detail/change_state__type_support.c.o
[ 24%] Building C object CMakeFiles/lifecycle_msgs__rosidl_generator_c.dir/rosidl_generator_c/lifecycle_msgs/srv/detail/get_available_transitions__functions.c.o
[ 25%] Building C object CMakeFiles/lifecycle_msgs__rosidl_generator_c.dir/rosidl_generator_c/lifecycle_msgs/srv/detail/change_state__functions.c.o
[ 26%] Linking C shared library liblifecycle_msgs__rosidl_generator_c.so
[ 26%] Built target lifecycle_msgs__rosidl_generator_c
[ 28%] Generating C type support for eProsima Fast-RTPS
[ 28%] Generating C++ type support dispatch for ROS interfaces
[ 29%] Generating C type support dispatch for ROS interfaces
[ 30%] Generating C++ type support for eProsima Fast-RTPS
[ 30%] Generating C introspection for ROS interfaces
[ 31%] Generating C++ introspection for ROS interfaces
[ 32%] Building CXX object CMakeFiles/lifecycle_msgs__rosidl_typesupport_c.dir/rosidl_typesupport_c/lifecycle_msgs/msg/state__type_support.cpp.o
[ 33%] Building CXX object CMakeFiles/lifecycle_msgs__rosidl_typesupport_cpp.dir/rosidl_typesupport_cpp/lifecycle_msgs/msg/state__type_support.cpp.o
[ 34%] Building CXX object CMakeFiles/lifecycle_msgs__rosidl_typesupport_cpp.dir/rosidl_typesupport_cpp/lifecycle_msgs/msg/transition__type_support.cpp.o
[ 36%] Building CXX object CMakeFiles/lifecycle_msgs__rosidl_typesupport_c.dir/rosidl_typesupport_c/lifecycle_msgs/msg/transition_description__type_support.cpp.o
[ 35%] Building CXX object CMakeFiles/lifecycle_msgs__rosidl_typesupport_c.dir/rosidl_typesupport_c/lifecycle_msgs/msg/transition__type_support.cpp.o
[ 37%] Building CXX object CMakeFiles/lifecycle_msgs__rosidl_typesupport_c.dir/rosidl_typesupport_c/lifecycle_msgs/msg/transition_event__type_support.cpp.o
[ 38%] Building CXX object CMakeFiles/lifecycle_msgs__rosidl_typesupport_cpp.dir/rosidl_typesupport_cpp/lifecycle_msgs/srv/change_state__type_support.cpp.o
[ 39%] Building CXX object CMakeFiles/lifecycle_msgs__rosidl_typesupport_cpp.dir/rosidl_typesupport_cpp/lifecycle_msgs/msg/transition_description__type_support.cpp.o
[ 40%] Building CXX object CMakeFiles/lifecycle_msgs__rosidl_typesupport_c.dir/rosidl_typesupport_c/lifecycle_msgs/srv/change_state__type_support.cpp.o
[ 40%] Building CXX object CMakeFiles/lifecycle_msgs__rosidl_typesupport_cpp.dir/rosidl_typesupport_cpp/lifecycle_msgs/msg/transition_event__type_support.cpp.o
[ 41%] Building CXX object CMakeFiles/lifecycle_msgs__rosidl_typesupport_cpp.dir/rosidl_typesupport_cpp/lifecycle_msgs/srv/get_available_states__type_support.cpp.o
[ 43%] Building CXX object CMakeFiles/lifecycle_msgs__rosidl_typesupport_c.dir/rosidl_typesupport_c/lifecycle_msgs/srv/get_available_states__type_support.cpp.o
[ 44%] Building CXX object CMakeFiles/lifecycle_msgs__rosidl_typesupport_cpp.dir/rosidl_typesupport_cpp/lifecycle_msgs/srv/get_available_transitions__type_support.cpp.o
[ 45%] Building CXX object CMakeFiles/lifecycle_msgs__rosidl_typesupport_c.dir/rosidl_typesupport_c/lifecycle_msgs/srv/get_state__type_support.cpp.o
[ 46%] Building CXX object CMakeFiles/lifecycle_msgs__rosidl_typesupport_c.dir/rosidl_typesupport_c/lifecycle_msgs/srv/get_available_transitions__type_support.cpp.o
[ 46%] Building CXX object CMakeFiles/lifecycle_msgs__rosidl_typesupport_cpp.dir/rosidl_typesupport_cpp/lifecycle_msgs/srv/get_state__type_support.cpp.o
[ 47%] Linking CXX shared library liblifecycle_msgs__rosidl_typesupport_c.so
[ 48%] Building CXX object CMakeFiles/lifecycle_msgs__rosidl_typesupport_introspection_cpp.dir/rosidl_typesupport_introspection_cpp/lifecycle_msgs/msg/detail/state__type_support.cpp.o
[ 49%] Building CXX object CMakeFiles/lifecycle_msgs__rosidl_typesupport_introspection_cpp.dir/rosidl_typesupport_introspection_cpp/lifecycle_msgs/msg/detail/transition_description__type_support.cpp.o
[ 50%] Building CXX object CMakeFiles/lifecycle_msgs__rosidl_typesupport_introspection_cpp.dir/rosidl_typesupport_introspection_cpp/lifecycle_msgs/srv/detail/get_available_states__type_support.cpp.o
[ 52%] Building CXX object CMakeFiles/lifecycle_msgs__rosidl_typesupport_introspection_cpp.dir/rosidl_typesupport_introspection_cpp/lifecycle_msgs/srv/detail/get_state__type_support.cpp.o
[ 53%] Building CXX object CMakeFiles/lifecycle_msgs__rosidl_typesupport_introspection_cpp.dir/rosidl_typesupport_introspection_cpp/lifecycle_msgs/msg/detail/transition_event__type_support.cpp.o
[ 53%] Building CXX object CMakeFiles/lifecycle_msgs__rosidl_typesupport_introspection_cpp.dir/rosidl_typesupport_introspection_cpp/lifecycle_msgs/msg/detail/transition__type_support.cpp.o
[ 54%] Building CXX object CMakeFiles/lifecycle_msgs__rosidl_typesupport_introspection_cpp.dir/rosidl_typesupport_introspection_cpp/lifecycle_msgs/srv/detail/change_state__type_support.cpp.o
[ 55%] Building C object CMakeFiles/lifecycle_msgs__rosidl_typesupport_introspection_c.dir/rosidl_typesupport_introspection_c/lifecycle_msgs/msg/detail/transition_description__type_support.c.o
[ 56%] Building C object CMakeFiles/lifecycle_msgs__rosidl_typesupport_introspection_c.dir/rosidl_typesupport_introspection_c/lifecycle_msgs/msg/detail/state__type_support.c.o
[ 58%] Building C object CMakeFiles/lifecycle_msgs__rosidl_typesupport_introspection_c.dir/rosidl_typesupport_introspection_c/lifecycle_msgs/srv/detail/change_state__type_support.c.o
[ 59%] Building C object CMakeFiles/lifecycle_msgs__rosidl_typesupport_introspection_c.dir/rosidl_typesupport_introspection_c/lifecycle_msgs/msg/detail/transition_event__type_support.c.o
[ 59%] Building C object CMakeFiles/lifecycle_msgs__rosidl_typesupport_introspection_c.dir/rosidl_typesupport_introspection_c/lifecycle_msgs/msg/detail/transition__type_support.c.o
[ 60%] Building CXX object CMakeFiles/lifecycle_msgs__rosidl_typesupport_introspection_cpp.dir/rosidl_typesupport_introspection_cpp/lifecycle_msgs/srv/detail/get_available_transitions__type_support.cpp.o
[ 61%] Building C object CMakeFiles/lifecycle_msgs__rosidl_typesupport_introspection_c.dir/rosidl_typesupport_introspection_c/lifecycle_msgs/srv/detail/get_available_states__type_support.c.o
[ 61%] Built target lifecycle_msgs__rosidl_typesupport_c
[ 62%] Building C object CMakeFiles/lifecycle_msgs__rosidl_typesupport_introspection_c.dir/rosidl_typesupport_introspection_c/lifecycle_msgs/srv/detail/get_available_transitions__type_support.c.o
[ 63%] Building C object CMakeFiles/lifecycle_msgs__rosidl_typesupport_introspection_c.dir/rosidl_typesupport_introspection_c/lifecycle_msgs/srv/detail/get_state__type_support.c.o
[ 64%] Building CXX object CMakeFiles/lifecycle_msgs__rosidl_typesupport_fastrtps_c.dir/rosidl_typesupport_fastrtps_c/lifecycle_msgs/msg/detail/transition__type_support_c.cpp.o
[ 66%] Building CXX object CMakeFiles/lifecycle_msgs__rosidl_typesupport_fastrtps_c.dir/rosidl_typesupport_fastrtps_c/lifecycle_msgs/msg/detail/transition_description__type_support_c.cpp.o
[ 65%] Building CXX object CMakeFiles/lifecycle_msgs__rosidl_typesupport_fastrtps_c.dir/rosidl_typesupport_fastrtps_c/lifecycle_msgs/msg/detail/state__type_support_c.cpp.o
[ 68%] Building CXX object CMakeFiles/lifecycle_msgs__rosidl_typesupport_fastrtps_c.dir/rosidl_typesupport_fastrtps_c/lifecycle_msgs/srv/detail/get_available_states__type_support_c.cpp.o
[ 69%] Building CXX object CMakeFiles/lifecycle_msgs__rosidl_typesupport_fastrtps_c.dir/rosidl_typesupport_fastrtps_c/lifecycle_msgs/srv/detail/get_available_transitions__type_support_c.cpp.o
[ 70%] Building CXX object CMakeFiles/lifecycle_msgs__rosidl_typesupport_fastrtps_c.dir/rosidl_typesupport_fastrtps_c/lifecycle_msgs/srv/detail/change_state__type_support_c.cpp.o
[ 67%] Building CXX object CMakeFiles/lifecycle_msgs__rosidl_typesupport_fastrtps_cpp.dir/rosidl_typesupport_fastrtps_cpp/lifecycle_msgs/msg/detail/dds_fastrtps/state__type_support.cpp.o
[ 71%] Building CXX object CMakeFiles/lifecycle_msgs__rosidl_typesupport_fastrtps_c.dir/rosidl_typesupport_fastrtps_c/lifecycle_msgs/msg/detail/transition_event__type_support_c.cpp.o
[ 72%] Building CXX object CMakeFiles/lifecycle_msgs__rosidl_typesupport_fastrtps_c.dir/rosidl_typesupport_fastrtps_c/lifecycle_msgs/srv/detail/get_state__type_support_c.cpp.o
[ 73%] Linking C shared library liblifecycle_msgs__rosidl_typesupport_introspection_c.so
[ 74%] Building CXX object CMakeFiles/lifecycle_msgs__rosidl_typesupport_fastrtps_cpp.dir/rosidl_typesupport_fastrtps_cpp/lifecycle_msgs/msg/detail/dds_fastrtps/transition__type_support.cpp.o
[ 75%] Building CXX object CMakeFiles/lifecycle_msgs__rosidl_typesupport_fastrtps_cpp.dir/rosidl_typesupport_fastrtps_cpp/lifecycle_msgs/msg/detail/dds_fastrtps/transition_event__type_support.cpp.o
[ 77%] Building CXX object CMakeFiles/lifecycle_msgs__rosidl_typesupport_fastrtps_cpp.dir/rosidl_typesupport_fastrtps_cpp/lifecycle_msgs/srv/detail/dds_fastrtps/change_state__type_support.cpp.o
[ 76%] Building CXX object CMakeFiles/lifecycle_msgs__rosidl_typesupport_fastrtps_cpp.dir/rosidl_typesupport_fastrtps_cpp/lifecycle_msgs/msg/detail/dds_fastrtps/transition_description__type_support.cpp.o
[ 78%] Building CXX object CMakeFiles/lifecycle_msgs__rosidl_typesupport_fastrtps_cpp.dir/rosidl_typesupport_fastrtps_cpp/lifecycle_msgs/srv/detail/dds_fastrtps/get_available_states__type_support.cpp.o
[ 79%] Building CXX object CMakeFiles/lifecycle_msgs__rosidl_typesupport_fastrtps_cpp.dir/rosidl_typesupport_fastrtps_cpp/lifecycle_msgs/srv/detail/dds_fastrtps/get_available_transitions__type_support.cpp.o
[ 79%] Built target lifecycle_msgs__rosidl_typesupport_introspection_c
[ 80%] Building CXX object CMakeFiles/lifecycle_msgs__rosidl_typesupport_fastrtps_cpp.dir/rosidl_typesupport_fastrtps_cpp/lifecycle_msgs/srv/detail/dds_fastrtps/get_state__type_support.cpp.o
[ 81%] Linking CXX shared library liblifecycle_msgs__rosidl_typesupport_cpp.so
[ 81%] Built target lifecycle_msgs__rosidl_typesupport_cpp
[ 82%] Linking CXX shared library liblifecycle_msgs__rosidl_typesupport_introspection_cpp.so
[ 82%] Built target lifecycle_msgs__rosidl_typesupport_introspection_cpp
[ 83%] Linking CXX shared library liblifecycle_msgs__rosidl_typesupport_fastrtps_c.so
[ 84%] Linking CXX shared library liblifecycle_msgs__rosidl_typesupport_fastrtps_cpp.so
[ 84%] Built target lifecycle_msgs__rosidl_typesupport_fastrtps_c
[ 84%] Built target lifecycle_msgs__rosidl_typesupport_fastrtps_cpp
[ 84%] Built target lifecycle_msgs
[ 85%] Generating Python code for ROS interfaces
[ 85%] Built target lifecycle_msgs__py
[ 86%] Building C object CMakeFiles/lifecycle_msgs__rosidl_generator_py.dir/rosidl_generator_py/lifecycle_msgs/msg/_transition_s.c.o
[ 87%] Building C object CMakeFiles/lifecycle_msgs__rosidl_generator_py.dir/rosidl_generator_py/lifecycle_msgs/msg/_state_s.c.o
[ 88%] Building C object CMakeFiles/lifecycle_msgs__rosidl_generator_py.dir/rosidl_generator_py/lifecycle_msgs/msg/_transition_event_s.c.o
[ 89%] Building C object CMakeFiles/lifecycle_msgs__rosidl_generator_py.dir/rosidl_generator_py/lifecycle_msgs/srv/_change_state_s.c.o
[ 90%] Building C object CMakeFiles/lifecycle_msgs__rosidl_generator_py.dir/rosidl_generator_py/lifecycle_msgs/msg/_transition_description_s.c.o
[ 91%] Building C object CMakeFiles/lifecycle_msgs__rosidl_generator_py.dir/rosidl_generator_py/lifecycle_msgs/srv/_get_state_s.c.o
[ 92%] Building C object CMakeFiles/lifecycle_msgs__rosidl_generator_py.dir/rosidl_generator_py/lifecycle_msgs/srv/_get_available_states_s.c.o
[ 93%] Building C object CMakeFiles/lifecycle_msgs__rosidl_generator_py.dir/rosidl_generator_py/lifecycle_msgs/srv/_get_available_transitions_s.c.o
[ 94%] Linking C shared library liblifecycle_msgs__rosidl_generator_py.so
[ 94%] Built target lifecycle_msgs__rosidl_generator_py
[ 95%] Building C object CMakeFiles/lifecycle_msgs_s__rosidl_typesupport_fastrtps_c.dir/rosidl_generator_py/lifecycle_msgs/_lifecycle_msgs_s.ep.rosidl_typesupport_fastrtps_c.c.o
[ 96%] Building C object CMakeFiles/lifecycle_msgs_s__rosidl_typesupport_introspection_c.dir/rosidl_generator_py/lifecycle_msgs/_lifecycle_msgs_s.ep.rosidl_typesupport_introspection_c.c.o
[ 97%] Building C object CMakeFiles/lifecycle_msgs_s__rosidl_typesupport_c.dir/rosidl_generator_py/lifecycle_msgs/_lifecycle_msgs_s.ep.rosidl_typesupport_c.c.o
[ 98%] Linking C shared module rosidl_generator_py/lifecycle_msgs/lifecycle_msgs_s__rosidl_typesupport_introspection_c.so
[ 99%] Linking C shared module rosidl_generator_py/lifecycle_msgs/lifecycle_msgs_s__rosidl_typesupport_c.so
[ 99%] Built target lifecycle_msgs_s__rosidl_typesupport_introspection_c
[100%] Linking C shared module rosidl_generator_py/lifecycle_msgs/lifecycle_msgs_s__rosidl_typesupport_fastrtps_c.so
[100%] Built target lifecycle_msgs_s__rosidl_typesupport_c
[100%] Built target lifecycle_msgs_s__rosidl_typesupport_fastrtps_c
-- Install configuration: ""
-- Installing: /workspace/jazzy_ws/install/share/ament_index/resource_index/rosidl_interfaces/lifecycle_msgs
-- Installing: /workspace/jazzy_ws/install/share/lifecycle_msgs/msg/State.json
-- Installing: /workspace/jazzy_ws/install/share/lifecycle_msgs/msg/Transition.json
-- Installing: /workspace/jazzy_ws/install/share/lifecycle_msgs/msg/TransitionDescription.json
-- Installing: /workspace/jazzy_ws/install/share/lifecycle_msgs/msg/TransitionEvent.json
-- Installing: /workspace/jazzy_ws/install/share/lifecycle_msgs/srv/ChangeState.json
-- Installing: /workspace/jazzy_ws/install/share/lifecycle_msgs/srv/GetAvailableStates.json
-- Installing: /workspace/jazzy_ws/install/share/lifecycle_msgs/srv/GetAvailableTransitions.json
-- Installing: /workspace/jazzy_ws/install/share/lifecycle_msgs/srv/GetState.json
-- Installing: /workspace/jazzy_ws/install/include/lifecycle_msgs/lifecycle_msgs
-- Installing: /workspace/jazzy_ws/install/include/lifecycle_msgs/lifecycle_msgs/msg
-- Installing: /workspace/jazzy_ws/install/include/lifecycle_msgs/lifecycle_msgs/msg/detail
-- Installing: /workspace/jazzy_ws/install/include/lifecycle_msgs/lifecycle_msgs/msg/detail/state__functions.c
-- Installing: /workspace/jazzy_ws/install/include/lifecycle_msgs/lifecycle_msgs/msg/detail/transition__description.c
-- Installing: /workspace/jazzy_ws/install/include/lifecycle_msgs/lifecycle_msgs/msg/detail/transition_event__functions.h
-- Installing: /workspace/jazzy_ws/install/include/lifecycle_msgs/lifecycle_msgs/msg/detail/transition_description__type_support.c
-- Installing: /workspace/jazzy_ws/install/include/lifecycle_msgs/lifecycle_msgs/msg/detail/transition_description__type_support.h
-- Installing: /workspace/jazzy_ws/install/include/lifecycle_msgs/lifecycle_msgs/msg/detail/transition__functions.h
-- Installing: /workspace/jazzy_ws/install/include/lifecycle_msgs/lifecycle_msgs/msg/detail/transition__type_support.h
-- Installing: /workspace/jazzy_ws/install/include/lifecycle_msgs/lifecycle_msgs/msg/detail/transition_event__description.c
-- Installing: /workspace/jazzy_ws/install/include/lifecycle_msgs/lifecycle_msgs/msg/detail/transition_description__functions.h
-- Installing: /workspace/jazzy_ws/install/include/lifecycle_msgs/lifecycle_msgs/msg/detail/transition__type_support.c
-- Installing: /workspace/jazzy_ws/install/include/lifecycle_msgs/lifecycle_msgs/msg/detail/transition_description__functions.c
-- Installing: /workspace/jazzy_ws/install/include/lifecycle_msgs/lifecycle_msgs/msg/detail/transition__functions.c
-- Installing: /workspace/jazzy_ws/install/include/lifecycle_msgs/lifecycle_msgs/msg/detail/state__description.c
-- Installing: /workspace/jazzy_ws/install/include/lifecycle_msgs/lifecycle_msgs/msg/detail/state__type_support.c
-- Installing: /workspace/jazzy_ws/install/include/lifecycle_msgs/lifecycle_msgs/msg/detail/transition_event__struct.h
-- Installing: /workspace/jazzy_ws/install/include/lifecycle_msgs/lifecycle_msgs/msg/detail/transition_description__struct.h
-- Installing: /workspace/jazzy_ws/install/include/lifecycle_msgs/lifecycle_msgs/msg/detail/transition_event__type_support.c
-- Installing: /workspace/jazzy_ws/install/include/lifecycle_msgs/lifecycle_msgs/msg/detail/transition__struct.h
-- Installing: /workspace/jazzy_ws/install/include/lifecycle_msgs/lifecycle_msgs/msg/detail/state__type_support.h
-- Installing: /workspace/jazzy_ws/install/include/lifecycle_msgs/lifecycle_msgs/msg/detail/state__functions.h
-- Installing: /workspace/jazzy_ws/install/include/lifecycle_msgs/lifecycle_msgs/msg/detail/transition_event__functions.c
-- Installing: /workspace/jazzy_ws/install/include/lifecycle_msgs/lifecycle_msgs/msg/detail/state__struct.h
-- Installing: /workspace/jazzy_ws/install/include/lifecycle_msgs/lifecycle_msgs/msg/detail/transition_event__type_support.h
-- Installing: /workspace/jazzy_ws/install/include/lifecycle_msgs/lifecycle_msgs/msg/detail/transition_description__description.c
-- Installing: /workspace/jazzy_ws/install/include/lifecycle_msgs/lifecycle_msgs/msg/state.h
-- Installing: /workspace/jazzy_ws/install/include/lifecycle_msgs/lifecycle_msgs/msg/transition_description.h
-- Installing: /workspace/jazzy_ws/install/include/lifecycle_msgs/lifecycle_msgs/msg/transition_event.h
-- Installing: /workspace/jazzy_ws/install/include/lifecycle_msgs/lifecycle_msgs/msg/transition.h
-- Installing: /workspace/jazzy_ws/install/include/lifecycle_msgs/lifecycle_msgs/msg/rosidl_generator_c__visibility_control.h
-- Installing: /workspace/jazzy_ws/install/include/lifecycle_msgs/lifecycle_msgs/srv
-- Installing: /workspace/jazzy_ws/install/include/lifecycle_msgs/lifecycle_msgs/srv/detail
-- Installing: /workspace/jazzy_ws/install/include/lifecycle_msgs/lifecycle_msgs/srv/detail/get_available_states__functions.c
-- Installing: /workspace/jazzy_ws/install/include/lifecycle_msgs/lifecycle_msgs/srv/detail/change_state__functions.c
-- Installing: /workspace/jazzy_ws/install/include/lifecycle_msgs/lifecycle_msgs/srv/detail/get_available_states__description.c
-- Installing: /workspace/jazzy_ws/install/include/lifecycle_msgs/lifecycle_msgs/srv/detail/get_available_transitions__type_support.h
-- Installing: /workspace/jazzy_ws/install/include/lifecycle_msgs/lifecycle_msgs/srv/detail/change_state__struct.h
-- Installing: /workspace/jazzy_ws/install/include/lifecycle_msgs/lifecycle_msgs/srv/detail/change_state__description.c
-- Installing: /workspace/jazzy_ws/install/include/lifecycle_msgs/lifecycle_msgs/srv/detail/get_available_states__functions.h
-- Installing: /workspace/jazzy_ws/install/include/lifecycle_msgs/lifecycle_msgs/srv/detail/change_state__type_support.h
-- Installing: /workspace/jazzy_ws/install/include/lifecycle_msgs/lifecycle_msgs/srv/detail/change_state__type_support.c
-- Installing: /workspace/jazzy_ws/install/include/lifecycle_msgs/lifecycle_msgs/srv/detail/get_available_transitions__description.c
-- Installing: /workspace/jazzy_ws/install/include/lifecycle_msgs/lifecycle_msgs/srv/detail/get_available_transitions__struct.h
-- Installing: /workspace/jazzy_ws/install/include/lifecycle_msgs/lifecycle_msgs/srv/detail/get_available_states__struct.h
-- Installing: /workspace/jazzy_ws/install/include/lifecycle_msgs/lifecycle_msgs/srv/detail/get_available_transitions__type_support.c
-- Installing: /workspace/jazzy_ws/install/include/lifecycle_msgs/lifecycle_msgs/srv/detail/get_state__functions.c
-- Installing: /workspace/jazzy_ws/install/include/lifecycle_msgs/lifecycle_msgs/srv/detail/change_state__functions.h
-- Installing: /workspace/jazzy_ws/install/include/lifecycle_msgs/lifecycle_msgs/srv/detail/get_state__type_support.c
-- Installing: /workspace/jazzy_ws/install/include/lifecycle_msgs/lifecycle_msgs/srv/detail/get_available_states__type_support.c
-- Installing: /workspace/jazzy_ws/install/include/lifecycle_msgs/lifecycle_msgs/srv/detail/get_state__functions.h
-- Installing: /workspace/jazzy_ws/install/include/lifecycle_msgs/lifecycle_msgs/srv/detail/get_available_states__type_support.h
-- Installing: /workspace/jazzy_ws/install/include/lifecycle_msgs/lifecycle_msgs/srv/detail/get_state__struct.h
-- Installing: /workspace/jazzy_ws/install/include/lifecycle_msgs/lifecycle_msgs/srv/detail/get_available_transitions__functions.c
-- Installing: /workspace/jazzy_ws/install/include/lifecycle_msgs/lifecycle_msgs/srv/detail/get_state__type_support.h
-- Installing: /workspace/jazzy_ws/install/include/lifecycle_msgs/lifecycle_msgs/srv/detail/get_available_transitions__functions.h
-- Installing: /workspace/jazzy_ws/install/include/lifecycle_msgs/lifecycle_msgs/srv/detail/get_state__description.c
-- Installing: /workspace/jazzy_ws/install/include/lifecycle_msgs/lifecycle_msgs/srv/change_state.h
-- Installing: /workspace/jazzy_ws/install/include/lifecycle_msgs/lifecycle_msgs/srv/get_available_states.h
-- Installing: /workspace/jazzy_ws/install/include/lifecycle_msgs/lifecycle_msgs/srv/get_available_transitions.h
-- Installing: /workspace/jazzy_ws/install/include/lifecycle_msgs/lifecycle_msgs/srv/get_state.h
-- Installing: /workspace/jazzy_ws/install/share/lifecycle_msgs/environment/library_path.sh
-- Installing: /workspace/jazzy_ws/install/share/lifecycle_msgs/environment/library_path.dsv
-- Installing: /workspace/jazzy_ws/install/lib/liblifecycle_msgs__rosidl_generator_c.so
-- Set non-toolchain portion of runtime path of "/workspace/jazzy_ws/install/lib/liblifecycle_msgs__rosidl_generator_c.so" to ""
-- Up-to-date: /workspace/jazzy_ws/install/include/lifecycle_msgs/lifecycle_msgs
-- Up-to-date: /workspace/jazzy_ws/install/include/lifecycle_msgs/lifecycle_msgs/msg
-- Up-to-date: /workspace/jazzy_ws/install/include/lifecycle_msgs/lifecycle_msgs/msg/detail
-- Installing: /workspace/jazzy_ws/install/include/lifecycle_msgs/lifecycle_msgs/msg/detail/transition_event__rosidl_typesupport_fastrtps_c.h
-- Installing: /workspace/jazzy_ws/install/include/lifecycle_msgs/lifecycle_msgs/msg/detail/transition__rosidl_typesupport_fastrtps_c.h
-- Installing: /workspace/jazzy_ws/install/include/lifecycle_msgs/lifecycle_msgs/msg/detail/state__rosidl_typesupport_fastrtps_c.h
-- Installing: /workspace/jazzy_ws/install/include/lifecycle_msgs/lifecycle_msgs/msg/detail/transition_description__rosidl_typesupport_fastrtps_c.h
-- Installing: /workspace/jazzy_ws/install/include/lifecycle_msgs/lifecycle_msgs/msg/rosidl_typesupport_fastrtps_c__visibility_control.h
-- Up-to-date: /workspace/jazzy_ws/install/include/lifecycle_msgs/lifecycle_msgs/srv
-- Up-to-date: /workspace/jazzy_ws/install/include/lifecycle_msgs/lifecycle_msgs/srv/detail
-- Installing: /workspace/jazzy_ws/install/include/lifecycle_msgs/lifecycle_msgs/srv/detail/change_state__rosidl_typesupport_fastrtps_c.h
-- Installing: /workspace/jazzy_ws/install/include/lifecycle_msgs/lifecycle_msgs/srv/detail/get_state__rosidl_typesupport_fastrtps_c.h
-- Installing: /workspace/jazzy_ws/install/include/lifecycle_msgs/lifecycle_msgs/srv/detail/get_available_transitions__rosidl_typesupport_fastrtps_c.h
-- Installing: /workspace/jazzy_ws/install/include/lifecycle_msgs/lifecycle_msgs/srv/detail/get_available_states__rosidl_typesupport_fastrtps_c.h
-- Installing: /workspace/jazzy_ws/install/lib/liblifecycle_msgs__rosidl_typesupport_fastrtps_c.so
-- Set non-toolchain portion of runtime path of "/workspace/jazzy_ws/install/lib/liblifecycle_msgs__rosidl_typesupport_fastrtps_c.so" to ""
-- Up-to-date: /workspace/jazzy_ws/install/include/lifecycle_msgs/lifecycle_msgs
-- Up-to-date: /workspace/jazzy_ws/install/include/lifecycle_msgs/lifecycle_msgs/msg
-- Up-to-date: /workspace/jazzy_ws/install/include/lifecycle_msgs/lifecycle_msgs/msg/detail
-- Installing: /workspace/jazzy_ws/install/include/lifecycle_msgs/lifecycle_msgs/msg/detail/state__rosidl_typesupport_introspection_c.h
-- Installing: /workspace/jazzy_ws/install/include/lifecycle_msgs/lifecycle_msgs/msg/detail/transition_description__type_support.c
-- Installing: /workspace/jazzy_ws/install/include/lifecycle_msgs/lifecycle_msgs/msg/detail/transition_description__rosidl_typesupport_introspection_c.h
-- Installing: /workspace/jazzy_ws/install/include/lifecycle_msgs/lifecycle_msgs/msg/detail/transition_event__rosidl_typesupport_introspection_c.h
-- Installing: /workspace/jazzy_ws/install/include/lifecycle_msgs/lifecycle_msgs/msg/detail/transition__type_support.c
-- Installing: /workspace/jazzy_ws/install/include/lifecycle_msgs/lifecycle_msgs/msg/detail/transition__rosidl_typesupport_introspection_c.h
-- Installing: /workspace/jazzy_ws/install/include/lifecycle_msgs/lifecycle_msgs/msg/detail/state__type_support.c
-- Installing: /workspace/jazzy_ws/install/include/lifecycle_msgs/lifecycle_msgs/msg/detail/transition_event__type_support.c
-- Installing: /workspace/jazzy_ws/install/include/lifecycle_msgs/lifecycle_msgs/msg/rosidl_typesupport_introspection_c__visibility_control.h
-- Up-to-date: /workspace/jazzy_ws/install/include/lifecycle_msgs/lifecycle_msgs/srv
-- Up-to-date: /workspace/jazzy_ws/install/include/lifecycle_msgs/lifecycle_msgs/srv/detail
-- Installing: /workspace/jazzy_ws/install/include/lifecycle_msgs/lifecycle_msgs/srv/detail/change_state__rosidl_typesupport_introspection_c.h
-- Installing: /workspace/jazzy_ws/install/include/lifecycle_msgs/lifecycle_msgs/srv/detail/get_available_transitions__rosidl_typesupport_introspection_c.h
-- Installing: /workspace/jazzy_ws/install/include/lifecycle_msgs/lifecycle_msgs/srv/detail/change_state__type_support.c
-- Installing: /workspace/jazzy_ws/install/include/lifecycle_msgs/lifecycle_msgs/srv/detail/get_available_transitions__type_support.c
-- Installing: /workspace/jazzy_ws/install/include/lifecycle_msgs/lifecycle_msgs/srv/detail/get_available_states__rosidl_typesupport_introspection_c.h
-- Installing: /workspace/jazzy_ws/install/include/lifecycle_msgs/lifecycle_msgs/srv/detail/get_state__type_support.c
-- Installing: /workspace/jazzy_ws/install/include/lifecycle_msgs/lifecycle_msgs/srv/detail/get_available_states__type_support.c
-- Installing: /workspace/jazzy_ws/install/include/lifecycle_msgs/lifecycle_msgs/srv/detail/get_state__rosidl_typesupport_introspection_c.h
-- Installing: /workspace/jazzy_ws/install/lib/liblifecycle_msgs__rosidl_typesupport_introspection_c.so
-- Set non-toolchain portion of runtime path of "/workspace/jazzy_ws/install/lib/liblifecycle_msgs__rosidl_typesupport_introspection_c.so" to ""
-- Installing: /workspace/jazzy_ws/install/lib/liblifecycle_msgs__rosidl_typesupport_c.so
-- Set non-toolchain portion of runtime path of "/workspace/jazzy_ws/install/lib/liblifecycle_msgs__rosidl_typesupport_c.so" to ""
-- Up-to-date: /workspace/jazzy_ws/install/include/lifecycle_msgs/lifecycle_msgs
-- Up-to-date: /workspace/jazzy_ws/install/include/lifecycle_msgs/lifecycle_msgs/msg
-- Up-to-date: /workspace/jazzy_ws/install/include/lifecycle_msgs/lifecycle_msgs/msg/detail
-- Installing: /workspace/jazzy_ws/install/include/lifecycle_msgs/lifecycle_msgs/msg/detail/transition__builder.hpp
-- Installing: /workspace/jazzy_ws/install/include/lifecycle_msgs/lifecycle_msgs/msg/detail/state__builder.hpp
-- Installing: /workspace/jazzy_ws/install/include/lifecycle_msgs/lifecycle_msgs/msg/detail/transition_description__traits.hpp
-- Installing: /workspace/jazzy_ws/install/include/lifecycle_msgs/lifecycle_msgs/msg/detail/transition_description__struct.hpp
-- Installing: /workspace/jazzy_ws/install/include/lifecycle_msgs/lifecycle_msgs/msg/detail/transition_description__builder.hpp
-- Installing: /workspace/jazzy_ws/install/include/lifecycle_msgs/lifecycle_msgs/msg/detail/transition_event__struct.hpp
-- Installing: /workspace/jazzy_ws/install/include/lifecycle_msgs/lifecycle_msgs/msg/detail/state__type_support.hpp
-- Installing: /workspace/jazzy_ws/install/include/lifecycle_msgs/lifecycle_msgs/msg/detail/transition_event__traits.hpp
-- Installing: /workspace/jazzy_ws/install/include/lifecycle_msgs/lifecycle_msgs/msg/detail/transition__struct.hpp
-- Installing: /workspace/jazzy_ws/install/include/lifecycle_msgs/lifecycle_msgs/msg/detail/transition_event__builder.hpp
-- Installing: /workspace/jazzy_ws/install/include/lifecycle_msgs/lifecycle_msgs/msg/detail/transition__type_support.hpp
-- Installing: /workspace/jazzy_ws/install/include/lifecycle_msgs/lifecycle_msgs/msg/detail/state__struct.hpp
-- Installing: /workspace/jazzy_ws/install/include/lifecycle_msgs/lifecycle_msgs/msg/detail/state__traits.hpp
-- Installing: /workspace/jazzy_ws/install/include/lifecycle_msgs/lifecycle_msgs/msg/detail/transition_description__type_support.hpp
-- Installing: /workspace/jazzy_ws/install/include/lifecycle_msgs/lifecycle_msgs/msg/detail/transition__traits.hpp
-- Installing: /workspace/jazzy_ws/install/include/lifecycle_msgs/lifecycle_msgs/msg/detail/transition_event__type_support.hpp
-- Installing: /workspace/jazzy_ws/install/include/lifecycle_msgs/lifecycle_msgs/msg/rosidl_generator_cpp__visibility_control.hpp
-- Installing: /workspace/jazzy_ws/install/include/lifecycle_msgs/lifecycle_msgs/msg/state.hpp
-- Installing: /workspace/jazzy_ws/install/include/lifecycle_msgs/lifecycle_msgs/msg/transition_description.hpp
-- Installing: /workspace/jazzy_ws/install/include/lifecycle_msgs/lifecycle_msgs/msg/transition_event.hpp
-- Installing: /workspace/jazzy_ws/install/include/lifecycle_msgs/lifecycle_msgs/msg/transition.hpp
-- Up-to-date: /workspace/jazzy_ws/install/include/lifecycle_msgs/lifecycle_msgs/srv
-- Up-to-date: /workspace/jazzy_ws/install/include/lifecycle_msgs/lifecycle_msgs/srv/detail
-- Installing: /workspace/jazzy_ws/install/include/lifecycle_msgs/lifecycle_msgs/srv/detail/get_available_states__traits.hpp
-- Installing: /workspace/jazzy_ws/install/include/lifecycle_msgs/lifecycle_msgs/srv/detail/get_available_transitions__traits.hpp
-- Installing: /workspace/jazzy_ws/install/include/lifecycle_msgs/lifecycle_msgs/srv/detail/change_state__builder.hpp
-- Installing: /workspace/jazzy_ws/install/include/lifecycle_msgs/lifecycle_msgs/srv/detail/get_available_transitions__type_support.hpp
-- Installing: /workspace/jazzy_ws/install/include/lifecycle_msgs/lifecycle_msgs/srv/detail/change_state__traits.hpp
-- Installing: /workspace/jazzy_ws/install/include/lifecycle_msgs/lifecycle_msgs/srv/detail/get_state__type_support.hpp
-- Installing: /workspace/jazzy_ws/install/include/lifecycle_msgs/lifecycle_msgs/srv/detail/get_available_transitions__builder.hpp
-- Installing: /workspace/jazzy_ws/install/include/lifecycle_msgs/lifecycle_msgs/srv/detail/get_state__builder.hpp
-- Installing: /workspace/jazzy_ws/install/include/lifecycle_msgs/lifecycle_msgs/srv/detail/change_state__struct.hpp
-- Installing: /workspace/jazzy_ws/install/include/lifecycle_msgs/lifecycle_msgs/srv/detail/change_state__type_support.hpp
-- Installing: /workspace/jazzy_ws/install/include/lifecycle_msgs/lifecycle_msgs/srv/detail/get_available_transitions__struct.hpp
-- Installing: /workspace/jazzy_ws/install/include/lifecycle_msgs/lifecycle_msgs/srv/detail/get_available_states__struct.hpp
-- Installing: /workspace/jazzy_ws/install/include/lifecycle_msgs/lifecycle_msgs/srv/detail/get_available_states__builder.hpp
-- Installing: /workspace/jazzy_ws/install/include/lifecycle_msgs/lifecycle_msgs/srv/detail/get_state__struct.hpp
-- Installing: /workspace/jazzy_ws/install/include/lifecycle_msgs/lifecycle_msgs/srv/detail/get_state__traits.hpp
-- Installing: /workspace/jazzy_ws/install/include/lifecycle_msgs/lifecycle_msgs/srv/detail/get_available_states__type_support.hpp
-- Installing: /workspace/jazzy_ws/install/include/lifecycle_msgs/lifecycle_msgs/srv/get_state.hpp
-- Installing: /workspace/jazzy_ws/install/include/lifecycle_msgs/lifecycle_msgs/srv/get_available_transitions.hpp
-- Installing: /workspace/jazzy_ws/install/include/lifecycle_msgs/lifecycle_msgs/srv/change_state.hpp
-- Installing: /workspace/jazzy_ws/install/include/lifecycle_msgs/lifecycle_msgs/srv/get_available_states.hpp
-- Up-to-date: /workspace/jazzy_ws/install/include/lifecycle_msgs/lifecycle_msgs
-- Up-to-date: /workspace/jazzy_ws/install/include/lifecycle_msgs/lifecycle_msgs/msg
-- Up-to-date: /workspace/jazzy_ws/install/include/lifecycle_msgs/lifecycle_msgs/msg/detail
-- Installing: /workspace/jazzy_ws/install/include/lifecycle_msgs/lifecycle_msgs/msg/detail/transition_description__rosidl_typesupport_fastrtps_cpp.hpp
-- Installing: /workspace/jazzy_ws/install/include/lifecycle_msgs/lifecycle_msgs/msg/detail/state__rosidl_typesupport_fastrtps_cpp.hpp
-- Installing: /workspace/jazzy_ws/install/include/lifecycle_msgs/lifecycle_msgs/msg/detail/transition_event__rosidl_typesupport_fastrtps_cpp.hpp
-- Installing: /workspace/jazzy_ws/install/include/lifecycle_msgs/lifecycle_msgs/msg/detail/dds_fastrtps
-- Installing: /workspace/jazzy_ws/install/include/lifecycle_msgs/lifecycle_msgs/msg/detail/transition__rosidl_typesupport_fastrtps_cpp.hpp
-- Installing: /workspace/jazzy_ws/install/include/lifecycle_msgs/lifecycle_msgs/msg/rosidl_typesupport_fastrtps_cpp__visibility_control.h
-- Up-to-date: /workspace/jazzy_ws/install/include/lifecycle_msgs/lifecycle_msgs/srv
-- Up-to-date: /workspace/jazzy_ws/install/include/lifecycle_msgs/lifecycle_msgs/srv/detail
-- Installing: /workspace/jazzy_ws/install/include/lifecycle_msgs/lifecycle_msgs/srv/detail/get_state__rosidl_typesupport_fastrtps_cpp.hpp
-- Installing: /workspace/jazzy_ws/install/include/lifecycle_msgs/lifecycle_msgs/srv/detail/get_available_transitions__rosidl_typesupport_fastrtps_cpp.hpp
-- Installing: /workspace/jazzy_ws/install/include/lifecycle_msgs/lifecycle_msgs/srv/detail/get_available_states__rosidl_typesupport_fastrtps_cpp.hpp
-- Installing: /workspace/jazzy_ws/install/include/lifecycle_msgs/lifecycle_msgs/srv/detail/dds_fastrtps
-- Installing: /workspace/jazzy_ws/install/include/lifecycle_msgs/lifecycle_msgs/srv/detail/change_state__rosidl_typesupport_fastrtps_cpp.hpp
-- Installing: /workspace/jazzy_ws/install/lib/liblifecycle_msgs__rosidl_typesupport_fastrtps_cpp.so
-- Set non-toolchain portion of runtime path of "/workspace/jazzy_ws/install/lib/liblifecycle_msgs__rosidl_typesupport_fastrtps_cpp.so" to ""
-- Up-to-date: /workspace/jazzy_ws/install/include/lifecycle_msgs/lifecycle_msgs
-- Up-to-date: /workspace/jazzy_ws/install/include/lifecycle_msgs/lifecycle_msgs/msg
-- Up-to-date: /workspace/jazzy_ws/install/include/lifecycle_msgs/lifecycle_msgs/msg/detail
-- Installing: /workspace/jazzy_ws/install/include/lifecycle_msgs/lifecycle_msgs/msg/detail/transition__rosidl_typesupport_introspection_cpp.hpp
-- Installing: /workspace/jazzy_ws/install/include/lifecycle_msgs/lifecycle_msgs/msg/detail/transition_description__rosidl_typesupport_introspection_cpp.hpp
-- Installing: /workspace/jazzy_ws/install/include/lifecycle_msgs/lifecycle_msgs/msg/detail/transition__type_support.cpp
-- Installing: /workspace/jazzy_ws/install/include/lifecycle_msgs/lifecycle_msgs/msg/detail/transition_event__type_support.cpp
-- Installing: /workspace/jazzy_ws/install/include/lifecycle_msgs/lifecycle_msgs/msg/detail/transition_event__rosidl_typesupport_introspection_cpp.hpp
-- Installing: /workspace/jazzy_ws/install/include/lifecycle_msgs/lifecycle_msgs/msg/detail/transition_description__type_support.cpp
-- Installing: /workspace/jazzy_ws/install/include/lifecycle_msgs/lifecycle_msgs/msg/detail/state__type_support.cpp
-- Installing: /workspace/jazzy_ws/install/include/lifecycle_msgs/lifecycle_msgs/msg/detail/state__rosidl_typesupport_introspection_cpp.hpp
-- Up-to-date: /workspace/jazzy_ws/install/include/lifecycle_msgs/lifecycle_msgs/srv
-- Up-to-date: /workspace/jazzy_ws/install/include/lifecycle_msgs/lifecycle_msgs/srv/detail
-- Installing: /workspace/jazzy_ws/install/include/lifecycle_msgs/lifecycle_msgs/srv/detail/get_available_states__rosidl_typesupport_introspection_cpp.hpp
-- Installing: /workspace/jazzy_ws/install/include/lifecycle_msgs/lifecycle_msgs/srv/detail/change_state__rosidl_typesupport_introspection_cpp.hpp
-- Installing: /workspace/jazzy_ws/install/include/lifecycle_msgs/lifecycle_msgs/srv/detail/get_state__type_support.cpp
-- Installing: /workspace/jazzy_ws/install/include/lifecycle_msgs/lifecycle_msgs/srv/detail/get_state__rosidl_typesupport_introspection_cpp.hpp
-- Installing: /workspace/jazzy_ws/install/include/lifecycle_msgs/lifecycle_msgs/srv/detail/get_available_transitions__type_support.cpp
-- Installing: /workspace/jazzy_ws/install/include/lifecycle_msgs/lifecycle_msgs/srv/detail/get_available_transitions__rosidl_typesupport_introspection_cpp.hpp
-- Installing: /workspace/jazzy_ws/install/include/lifecycle_msgs/lifecycle_msgs/srv/detail/get_available_states__type_support.cpp
-- Installing: /workspace/jazzy_ws/install/include/lifecycle_msgs/lifecycle_msgs/srv/detail/change_state__type_support.cpp
-- Installing: /workspace/jazzy_ws/install/lib/liblifecycle_msgs__rosidl_typesupport_introspection_cpp.so
-- Set non-toolchain portion of runtime path of "/workspace/jazzy_ws/install/lib/liblifecycle_msgs__rosidl_typesupport_introspection_cpp.so" to ""
-- Installing: /workspace/jazzy_ws/install/lib/liblifecycle_msgs__rosidl_typesupport_cpp.so
-- Set non-toolchain portion of runtime path of "/workspace/jazzy_ws/install/lib/liblifecycle_msgs__rosidl_typesupport_cpp.so" to ""
-- Installing: /workspace/jazzy_ws/install/share/lifecycle_msgs/environment/pythonpath.sh
-- Installing: /workspace/jazzy_ws/install/share/lifecycle_msgs/environment/pythonpath.dsv
-- Installing: /workspace/jazzy_ws/install/lib/python3.12/site-packages/lifecycle_msgs-2.0.3-py3.12.egg-info
-- Installing: /workspace/jazzy_ws/install/lib/python3.12/site-packages/lifecycle_msgs-2.0.3-py3.12.egg-info/PKG-INFO
-- Installing: /workspace/jazzy_ws/install/lib/python3.12/site-packages/lifecycle_msgs-2.0.3-py3.12.egg-info/SOURCES.txt
-- Installing: /workspace/jazzy_ws/install/lib/python3.12/site-packages/lifecycle_msgs-2.0.3-py3.12.egg-info/top_level.txt
-- Installing: /workspace/jazzy_ws/install/lib/python3.12/site-packages/lifecycle_msgs-2.0.3-py3.12.egg-info/dependency_links.txt
-- Installing: /workspace/jazzy_ws/install/lib/python3.12/site-packages/lifecycle_msgs
-- Installing: /workspace/jazzy_ws/install/lib/python3.12/site-packages/lifecycle_msgs/_lifecycle_msgs_s.ep.rosidl_typesupport_introspection_c.c
-- Installing: /workspace/jazzy_ws/install/lib/python3.12/site-packages/lifecycle_msgs/msg
-- Installing: /workspace/jazzy_ws/install/lib/python3.12/site-packages/lifecycle_msgs/msg/_transition_event_s.c
-- Installing: /workspace/jazzy_ws/install/lib/python3.12/site-packages/lifecycle_msgs/msg/_state_s.c
-- Installing: /workspace/jazzy_ws/install/lib/python3.12/site-packages/lifecycle_msgs/msg/__init__.py
-- Installing: /workspace/jazzy_ws/install/lib/python3.12/site-packages/lifecycle_msgs/msg/_transition_event.py
-- Installing: /workspace/jazzy_ws/install/lib/python3.12/site-packages/lifecycle_msgs/msg/_transition_s.c
-- Installing: /workspace/jazzy_ws/install/lib/python3.12/site-packages/lifecycle_msgs/msg/_transition_description_s.c
-- Installing: /workspace/jazzy_ws/install/lib/python3.12/site-packages/lifecycle_msgs/msg/_transition_description.py
-- Installing: /workspace/jazzy_ws/install/lib/python3.12/site-packages/lifecycle_msgs/msg/_state.py
-- Installing: /workspace/jazzy_ws/install/lib/python3.12/site-packages/lifecycle_msgs/msg/_transition.py
-- Installing: /workspace/jazzy_ws/install/lib/python3.12/site-packages/lifecycle_msgs/lifecycle_msgs_s__rosidl_typesupport_introspection_c.so
-- Installing: /workspace/jazzy_ws/install/lib/python3.12/site-packages/lifecycle_msgs/__init__.py
-- Installing: /workspace/jazzy_ws/install/lib/python3.12/site-packages/lifecycle_msgs/_lifecycle_msgs_s.ep.rosidl_typesupport_c.c
-- Installing: /workspace/jazzy_ws/install/lib/python3.12/site-packages/lifecycle_msgs/srv
-- Installing: /workspace/jazzy_ws/install/lib/python3.12/site-packages/lifecycle_msgs/srv/_get_available_states.py
-- Installing: /workspace/jazzy_ws/install/lib/python3.12/site-packages/lifecycle_msgs/srv/_get_available_states_s.c
-- Installing: /workspace/jazzy_ws/install/lib/python3.12/site-packages/lifecycle_msgs/srv/_get_available_transitions_s.c
-- Installing: /workspace/jazzy_ws/install/lib/python3.12/site-packages/lifecycle_msgs/srv/_get_state_s.c
-- Installing: /workspace/jazzy_ws/install/lib/python3.12/site-packages/lifecycle_msgs/srv/__init__.py
-- Installing: /workspace/jazzy_ws/install/lib/python3.12/site-packages/lifecycle_msgs/srv/_get_state.py
-- Installing: /workspace/jazzy_ws/install/lib/python3.12/site-packages/lifecycle_msgs/srv/_get_available_transitions.py
-- Installing: /workspace/jazzy_ws/install/lib/python3.12/site-packages/lifecycle_msgs/srv/_change_state.py
-- Installing: /workspace/jazzy_ws/install/lib/python3.12/site-packages/lifecycle_msgs/srv/_change_state_s.c
-- Installing: /workspace/jazzy_ws/install/lib/python3.12/site-packages/lifecycle_msgs/lifecycle_msgs_s__rosidl_typesupport_fastrtps_c.so
-- Installing: /workspace/jazzy_ws/install/lib/python3.12/site-packages/lifecycle_msgs/lifecycle_msgs_s__rosidl_typesupport_c.so
-- Installing: /workspace/jazzy_ws/install/lib/python3.12/site-packages/lifecycle_msgs/_lifecycle_msgs_s.ep.rosidl_typesupport_fastrtps_c.c
Listing '/workspace/jazzy_ws/install/lib/python3.12/site-packages/lifecycle_msgs'...
Compiling '/workspace/jazzy_ws/install/lib/python3.12/site-packages/lifecycle_msgs/__init__.py'...
Listing '/workspace/jazzy_ws/install/lib/python3.12/site-packages/lifecycle_msgs/msg'...
Compiling '/workspace/jazzy_ws/install/lib/python3.12/site-packages/lifecycle_msgs/msg/__init__.py'...
Compiling '/workspace/jazzy_ws/install/lib/python3.12/site-packages/lifecycle_msgs/msg/_state.py'...
Compiling '/workspace/jazzy_ws/install/lib/python3.12/site-packages/lifecycle_msgs/msg/_transition.py'...
Compiling '/workspace/jazzy_ws/install/lib/python3.12/site-packages/lifecycle_msgs/msg/_transition_description.py'...
Compiling '/workspace/jazzy_ws/install/lib/python3.12/site-packages/lifecycle_msgs/msg/_transition_event.py'...
Listing '/workspace/jazzy_ws/install/lib/python3.12/site-packages/lifecycle_msgs/srv'...
Compiling '/workspace/jazzy_ws/install/lib/python3.12/site-packages/lifecycle_msgs/srv/__init__.py'...
Compiling '/workspace/jazzy_ws/install/lib/python3.12/site-packages/lifecycle_msgs/srv/_change_state.py'...
Compiling '/workspace/jazzy_ws/install/lib/python3.12/site-packages/lifecycle_msgs/srv/_get_available_states.py'...
Compiling '/workspace/jazzy_ws/install/lib/python3.12/site-packages/lifecycle_msgs/srv/_get_available_transitions.py'...
Compiling '/workspace/jazzy_ws/install/lib/python3.12/site-packages/lifecycle_msgs/srv/_get_state.py'...
-- Installing: /workspace/jazzy_ws/install/lib/python3.12/site-packages/lifecycle_msgs/lifecycle_msgs_s__rosidl_typesupport_fastrtps_c.so
-- Set non-toolchain portion of runtime path of "/workspace/jazzy_ws/install/lib/python3.12/site-packages/lifecycle_msgs/lifecycle_msgs_s__rosidl_typesupport_fastrtps_c.so" to ""
-- Installing: /workspace/jazzy_ws/install/lib/python3.12/site-packages/lifecycle_msgs/lifecycle_msgs_s__rosidl_typesupport_introspection_c.so
-- Set non-toolchain portion of runtime path of "/workspace/jazzy_ws/install/lib/python3.12/site-packages/lifecycle_msgs/lifecycle_msgs_s__rosidl_typesupport_introspection_c.so" to ""
-- Installing: /workspace/jazzy_ws/install/lib/python3.12/site-packages/lifecycle_msgs/lifecycle_msgs_s__rosidl_typesupport_c.so
-- Set non-toolchain portion of runtime path of "/workspace/jazzy_ws/install/lib/python3.12/site-packages/lifecycle_msgs/lifecycle_msgs_s__rosidl_typesupport_c.so" to ""
-- Installing: /workspace/jazzy_ws/install/lib/liblifecycle_msgs__rosidl_generator_py.so
-- Set non-toolchain portion of runtime path of "/workspace/jazzy_ws/install/lib/liblifecycle_msgs__rosidl_generator_py.so" to ""
-- Installing: /workspace/jazzy_ws/install/share/lifecycle_msgs/msg/State.idl
-- Installing: /workspace/jazzy_ws/install/share/lifecycle_msgs/msg/Transition.idl
-- Installing: /workspace/jazzy_ws/install/share/lifecycle_msgs/msg/TransitionDescription.idl
-- Installing: /workspace/jazzy_ws/install/share/lifecycle_msgs/msg/TransitionEvent.idl
-- Installing: /workspace/jazzy_ws/install/share/lifecycle_msgs/srv/ChangeState.idl
-- Installing: /workspace/jazzy_ws/install/share/lifecycle_msgs/srv/GetAvailableStates.idl
-- Installing: /workspace/jazzy_ws/install/share/lifecycle_msgs/srv/GetAvailableTransitions.idl
-- Installing: /workspace/jazzy_ws/install/share/lifecycle_msgs/srv/GetState.idl
-- Installing: /workspace/jazzy_ws/install/share/lifecycle_msgs/msg/State.msg
-- Installing: /workspace/jazzy_ws/install/share/lifecycle_msgs/msg/Transition.msg
-- Installing: /workspace/jazzy_ws/install/share/lifecycle_msgs/msg/TransitionDescription.msg
-- Installing: /workspace/jazzy_ws/install/share/lifecycle_msgs/msg/TransitionEvent.msg
-- Installing: /workspace/jazzy_ws/install/share/lifecycle_msgs/srv/ChangeState.srv
-- Installing: /workspace/jazzy_ws/install/share/lifecycle_msgs/srv/GetAvailableStates.srv
-- Installing: /workspace/jazzy_ws/install/share/lifecycle_msgs/srv/GetAvailableTransitions.srv
-- Installing: /workspace/jazzy_ws/install/share/lifecycle_msgs/srv/GetState.srv
-- Installing: /workspace/jazzy_ws/install/share/ament_index/resource_index/package_run_dependencies/lifecycle_msgs
-- Installing: /workspace/jazzy_ws/install/share/ament_index/resource_index/parent_prefix_path/lifecycle_msgs
-- Installing: /workspace/jazzy_ws/install/share/lifecycle_msgs/environment/ament_prefix_path.sh
-- Installing: /workspace/jazzy_ws/install/share/lifecycle_msgs/environment/ament_prefix_path.dsv
-- Installing: /workspace/jazzy_ws/install/share/lifecycle_msgs/environment/path.sh
-- Installing: /workspace/jazzy_ws/install/share/lifecycle_msgs/environment/path.dsv
-- Installing: /workspace/jazzy_ws/install/share/lifecycle_msgs/local_setup.bash
-- Installing: /workspace/jazzy_ws/install/share/lifecycle_msgs/local_setup.sh
-- Installing: /workspace/jazzy_ws/install/share/lifecycle_msgs/local_setup.zsh
-- Installing: /workspace/jazzy_ws/install/share/lifecycle_msgs/local_setup.dsv
-- Installing: /workspace/jazzy_ws/install/share/lifecycle_msgs/package.dsv
-- Installing: /workspace/jazzy_ws/install/share/ament_index/resource_index/packages/lifecycle_msgs
-- Installing: /workspace/jazzy_ws/install/share/lifecycle_msgs/cmake/export_lifecycle_msgs__rosidl_generator_cExport.cmake
-- Installing: /workspace/jazzy_ws/install/share/lifecycle_msgs/cmake/export_lifecycle_msgs__rosidl_generator_cExport-noconfig.cmake
-- Installing: /workspace/jazzy_ws/install/share/lifecycle_msgs/cmake/export_lifecycle_msgs__rosidl_typesupport_fastrtps_cExport.cmake
-- Installing: /workspace/jazzy_ws/install/share/lifecycle_msgs/cmake/export_lifecycle_msgs__rosidl_typesupport_fastrtps_cExport-noconfig.cmake
-- Installing: /workspace/jazzy_ws/install/share/lifecycle_msgs/cmake/lifecycle_msgs__rosidl_typesupport_introspection_cExport.cmake
-- Installing: /workspace/jazzy_ws/install/share/lifecycle_msgs/cmake/lifecycle_msgs__rosidl_typesupport_introspection_cExport-noconfig.cmake
-- Installing: /workspace/jazzy_ws/install/share/lifecycle_msgs/cmake/lifecycle_msgs__rosidl_typesupport_cExport.cmake
-- Installing: /workspace/jazzy_ws/install/share/lifecycle_msgs/cmake/lifecycle_msgs__rosidl_typesupport_cExport-noconfig.cmake
-- Installing: /workspace/jazzy_ws/install/share/lifecycle_msgs/cmake/export_lifecycle_msgs__rosidl_generator_cppExport.cmake
-- Installing: /workspace/jazzy_ws/install/share/lifecycle_msgs/cmake/export_lifecycle_msgs__rosidl_typesupport_fastrtps_cppExport.cmake
-- Installing: /workspace/jazzy_ws/install/share/lifecycle_msgs/cmake/export_lifecycle_msgs__rosidl_typesupport_fastrtps_cppExport-noconfig.cmake
-- Installing: /workspace/jazzy_ws/install/share/lifecycle_msgs/cmake/lifecycle_msgs__rosidl_typesupport_introspection_cppExport.cmake
-- Installing: /workspace/jazzy_ws/install/share/lifecycle_msgs/cmake/lifecycle_msgs__rosidl_typesupport_introspection_cppExport-noconfig.cmake
-- Installing: /workspace/jazzy_ws/install/share/lifecycle_msgs/cmake/lifecycle_msgs__rosidl_typesupport_cppExport.cmake
-- Installing: /workspace/jazzy_ws/install/share/lifecycle_msgs/cmake/lifecycle_msgs__rosidl_typesupport_cppExport-noconfig.cmake
-- Installing: /workspace/jazzy_ws/install/share/lifecycle_msgs/cmake/export_lifecycle_msgs__rosidl_generator_pyExport.cmake
-- Installing: /workspace/jazzy_ws/install/share/lifecycle_msgs/cmake/export_lifecycle_msgs__rosidl_generator_pyExport-noconfig.cmake
-- Installing: /workspace/jazzy_ws/install/share/lifecycle_msgs/cmake/rosidl_cmake-extras.cmake
-- Installing: /workspace/jazzy_ws/install/share/lifecycle_msgs/cmake/ament_cmake_export_dependencies-extras.cmake
-- Installing: /workspace/jazzy_ws/install/share/lifecycle_msgs/cmake/ament_cmake_export_include_directories-extras.cmake
-- Installing: /workspace/jazzy_ws/install/share/lifecycle_msgs/cmake/ament_cmake_export_libraries-extras.cmake
-- Installing: /workspace/jazzy_ws/install/share/lifecycle_msgs/cmake/ament_cmake_export_targets-extras.cmake
-- Installing: /workspace/jazzy_ws/install/share/lifecycle_msgs/cmake/rosidl_cmake_export_typesupport_targets-extras.cmake
-- Installing: /workspace/jazzy_ws/install/share/lifecycle_msgs/cmake/rosidl_cmake_export_typesupport_libraries-extras.cmake
-- Installing: /workspace/jazzy_ws/install/share/lifecycle_msgs/cmake/lifecycle_msgsConfig.cmake
-- Installing: /workspace/jazzy_ws/install/share/lifecycle_msgs/cmake/lifecycle_msgsConfig-version.cmake
-- Installing: /workspace/jazzy_ws/install/share/lifecycle_msgs/package.xml
