[0.105s] Invoking command in '/workspace/jazzy_ws/build/lifecycle_msgs': AMENT_PREFIX_PATH=/workspace/jazzy_ws/install CMAKE_PREFIX_PATH=/workspace/jazzy_ws/install LD_LIBRARY_PATH=/workspace/jazzy_ws/install/lib:/workspace/jazzy_ws/install/opt/mimick_vendor/lib PATH=/workspace/jazzy_ws/install/bin:/workspace/jazzy_ws/install/opt/uncrustify_vendor/bin:${PATH} PKG_CONFIG_PATH=/workspace/jazzy_ws/install/lib/x86_64-linux-gnu/pkgconfig:/workspace/jazzy_ws/install/lib/pkgconfig PYTHONPATH=/workspace/jazzy_ws/install/lib/python3.12/site-packages /usr/bin/cmake /workspace/jazzy_ws/src/rcl_interfaces/lifecycle_msgs -DCMAKE_INSTALL_PREFIX=/workspace/jazzy_ws/install
[0.135s] -- The C compiler identification is GNU 13.3.0
[0.167s] -- The CXX compiler identification is GNU 13.3.0
[0.175s] -- Detecting C compiler ABI info
[0.220s] -- Detecting C compiler ABI info - done
[0.224s] -- Check for working C compiler: /usr/bin/cc - skipped
[0.224s] -- Detecting C compile features
[0.224s] -- Detecting C compile features - done
[0.229s] -- Detecting CXX compiler ABI info
[0.280s] -- Detecting CXX compiler ABI info - done
[0.284s] -- Check for working CXX compiler: /usr/bin/c++ - skipped
[0.284s] -- Detecting CXX compile features
[0.284s] -- Detecting CXX compile features - done
[0.285s] -- Found ament_cmake: 2.5.5 (/workspace/jazzy_ws/install/share/ament_cmake/cmake)
[0.351s] -- Found Python3: /usr/bin/python3 (found version "3.12.3") found components: Interpreter 
[0.404s] -- Found rosidl_default_generators: 1.6.0 (/workspace/jazzy_ws/install/share/rosidl_default_generators/cmake)
[0.406s] -- Using all available rosidl_typesupport_c: rosidl_typesupport_fastrtps_c;rosidl_typesupport_introspection_c
[0.427s] -- Using all available rosidl_typesupport_cpp: rosidl_typesupport_fastrtps_cpp;rosidl_typesupport_introspection_cpp
[0.446s] -- Found rosidl_adapter: 4.6.7 (/workspace/jazzy_ws/install/share/rosidl_adapter/cmake)
[0.772s] -- Found ament_cmake_cppcheck: 0.17.4 (/workspace/jazzy_ws/install/share/ament_cmake_cppcheck/cmake)
[0.773s] -- Found ament_cmake_cpplint: 0.17.4 (/workspace/jazzy_ws/install/share/ament_cmake_cpplint/cmake)
[0.774s] -- Found ament_cmake_uncrustify: 0.17.4 (/workspace/jazzy_ws/install/share/ament_cmake_uncrustify/cmake)
[0.775s] -- Found ament_cmake_ros: 0.12.0 (/workspace/jazzy_ws/install/share/ament_cmake_ros/cmake)
[0.984s] -- Using all available rosidl_typesupport_c: rosidl_typesupport_fastrtps_c;rosidl_typesupport_introspection_c
[1.274s] -- Using all available rosidl_typesupport_cpp: rosidl_typesupport_fastrtps_cpp;rosidl_typesupport_introspection_cpp
[1.276s] -- Found python_cmake_module: 0.11.1 (/workspace/jazzy_ws/install/share/python_cmake_module/cmake)
[1.342s] -- Found PythonExtra: /usr/bin/python3  
[1.823s] -- Found Python3: /usr/bin/python3 (found version "3.12.3") found components: Interpreter Development NumPy Development.Module Development.Embed 
[1.865s] -- Found ament_cmake_flake8: 0.17.4 (/workspace/jazzy_ws/install/share/ament_cmake_flake8/cmake)
[1.875s] -- Found ament_cmake_pep257: 0.17.4 (/workspace/jazzy_ws/install/share/ament_cmake_pep257/cmake)
[1.875s] -- Found ament_lint_auto: 0.17.4 (/workspace/jazzy_ws/install/share/ament_lint_auto/cmake)
[1.896s] -- Added test 'copyright' to check source files copyright and LICENSE
[1.896s] -- Added test 'lint_cmake' to check CMake code style
[1.897s] -- Added test 'xmllint' to check XML markup files
[1.899s] -- Configuring done (1.8s)
[1.930s] -- Generating done (0.0s)
[1.945s] -- Build files have been written to: /workspace/jazzy_ws/build/lifecycle_msgs
[1.950s] Invoked command in '/workspace/jazzy_ws/build/lifecycle_msgs' returned '0': AMENT_PREFIX_PATH=/workspace/jazzy_ws/install CMAKE_PREFIX_PATH=/workspace/jazzy_ws/install LD_LIBRARY_PATH=/workspace/jazzy_ws/install/lib:/workspace/jazzy_ws/install/opt/mimick_vendor/lib PATH=/workspace/jazzy_ws/install/bin:/workspace/jazzy_ws/install/opt/uncrustify_vendor/bin:${PATH} PKG_CONFIG_PATH=/workspace/jazzy_ws/install/lib/x86_64-linux-gnu/pkgconfig:/workspace/jazzy_ws/install/lib/pkgconfig PYTHONPATH=/workspace/jazzy_ws/install/lib/python3.12/site-packages /usr/bin/cmake /workspace/jazzy_ws/src/rcl_interfaces/lifecycle_msgs -DCMAKE_INSTALL_PREFIX=/workspace/jazzy_ws/install
[1.951s] Invoking command in '/workspace/jazzy_ws/build/lifecycle_msgs': AMENT_PREFIX_PATH=/workspace/jazzy_ws/install CMAKE_PREFIX_PATH=/workspace/jazzy_ws/install LD_LIBRARY_PATH=/workspace/jazzy_ws/install/lib:/workspace/jazzy_ws/install/opt/mimick_vendor/lib PATH=/workspace/jazzy_ws/install/bin:/workspace/jazzy_ws/install/opt/uncrustify_vendor/bin:${PATH} PKG_CONFIG_PATH=/workspace/jazzy_ws/install/lib/x86_64-linux-gnu/pkgconfig:/workspace/jazzy_ws/install/lib/pkgconfig PYTHONPATH=/workspace/jazzy_ws/install/lib/python3.12/site-packages /usr/bin/cmake --build /workspace/jazzy_ws/build/lifecycle_msgs -- -j24 -l24
[1.997s] [  1%] Generating type hashes for ROS interfaces
[2.002s] [  1%] Built target ament_cmake_python_copy_lifecycle_msgs
[2.122s] running egg_info
[2.129s] creating lifecycle_msgs.egg-info
[2.129s] writing lifecycle_msgs.egg-info/PKG-INFO
[2.129s] writing dependency_links to lifecycle_msgs.egg-info/dependency_links.txt
[2.129s] writing top-level names to lifecycle_msgs.egg-info/top_level.txt
[2.129s] writing manifest file 'lifecycle_msgs.egg-info/SOURCES.txt'
[2.151s] reading manifest file 'lifecycle_msgs.egg-info/SOURCES.txt'
[2.151s] writing manifest file 'lifecycle_msgs.egg-info/SOURCES.txt'
[2.184s] [  1%] Built target ament_cmake_python_build_lifecycle_msgs_egg
[2.442s] [  1%] Built target lifecycle_msgs__rosidl_generator_type_description
[2.455s] [  2%] Generating C code for ROS interfaces
[2.462s] [  2%] Generating C++ code for ROS interfaces
[3.309s] [  2%] Built target lifecycle_msgs__cpp
[3.414s] [  3%] Building C object CMakeFiles/lifecycle_msgs__rosidl_generator_c.dir/rosidl_generator_c/lifecycle_msgs/msg/detail/transition__description.c.o
[3.414s] [  4%] Building C object CMakeFiles/lifecycle_msgs__rosidl_generator_c.dir/rosidl_generator_c/lifecycle_msgs/msg/detail/transition__functions.c.o
[3.415s] [  5%] Building C object CMakeFiles/lifecycle_msgs__rosidl_generator_c.dir/rosidl_generator_c/lifecycle_msgs/msg/detail/state__functions.c.o
[3.415s] [  6%] Building C object CMakeFiles/lifecycle_msgs__rosidl_generator_c.dir/rosidl_generator_c/lifecycle_msgs/msg/detail/state__type_support.c.o
[3.417s] [  7%] Building C object CMakeFiles/lifecycle_msgs__rosidl_generator_c.dir/rosidl_generator_c/lifecycle_msgs/msg/detail/state__description.c.o
[3.417s] [  8%] Building C object CMakeFiles/lifecycle_msgs__rosidl_generator_c.dir/rosidl_generator_c/lifecycle_msgs/msg/detail/transition__type_support.c.o
[3.421s] [  9%] Building C object CMakeFiles/lifecycle_msgs__rosidl_generator_c.dir/rosidl_generator_c/lifecycle_msgs/msg/detail/transition_description__description.c.o
[3.421s] [ 10%] Building C object CMakeFiles/lifecycle_msgs__rosidl_generator_c.dir/rosidl_generator_c/lifecycle_msgs/msg/detail/transition_event__description.c.o
[3.421s] [ 11%] Building C object CMakeFiles/lifecycle_msgs__rosidl_generator_c.dir/rosidl_generator_c/lifecycle_msgs/msg/detail/transition_description__type_support.c.o
[3.425s] [ 12%] Building C object CMakeFiles/lifecycle_msgs__rosidl_generator_c.dir/rosidl_generator_c/lifecycle_msgs/msg/detail/transition_description__functions.c.o
[3.438s] [ 13%] Building C object CMakeFiles/lifecycle_msgs__rosidl_generator_c.dir/rosidl_generator_c/lifecycle_msgs/msg/detail/transition_event__type_support.c.o
[3.442s] [ 14%] Building C object CMakeFiles/lifecycle_msgs__rosidl_generator_c.dir/rosidl_generator_c/lifecycle_msgs/msg/detail/transition_event__functions.c.o
[3.450s] [ 16%] Building C object CMakeFiles/lifecycle_msgs__rosidl_generator_c.dir/rosidl_generator_c/lifecycle_msgs/srv/detail/get_available_states__functions.c.o
[3.450s] [ 17%] Building C object CMakeFiles/lifecycle_msgs__rosidl_generator_c.dir/rosidl_generator_c/lifecycle_msgs/srv/detail/get_available_states__type_support.c.o
[3.451s] [ 18%] Building C object CMakeFiles/lifecycle_msgs__rosidl_generator_c.dir/rosidl_generator_c/lifecycle_msgs/srv/detail/change_state__description.c.o
[3.451s] [ 19%] Building C object CMakeFiles/lifecycle_msgs__rosidl_generator_c.dir/rosidl_generator_c/lifecycle_msgs/srv/detail/get_state__functions.c.o
[3.453s] [ 19%] Building C object CMakeFiles/lifecycle_msgs__rosidl_generator_c.dir/rosidl_generator_c/lifecycle_msgs/srv/detail/get_state__type_support.c.o
[3.453s] [ 20%] Building C object CMakeFiles/lifecycle_msgs__rosidl_generator_c.dir/rosidl_generator_c/lifecycle_msgs/srv/detail/get_available_states__description.c.o
[3.453s] [ 21%] Building C object CMakeFiles/lifecycle_msgs__rosidl_generator_c.dir/rosidl_generator_c/lifecycle_msgs/srv/detail/get_state__description.c.o
[3.453s] [ 22%] Building C object CMakeFiles/lifecycle_msgs__rosidl_generator_c.dir/rosidl_generator_c/lifecycle_msgs/srv/detail/get_available_transitions__type_support.c.o
[3.454s] [ 23%] Building C object CMakeFiles/lifecycle_msgs__rosidl_generator_c.dir/rosidl_generator_c/lifecycle_msgs/srv/detail/get_available_transitions__description.c.o
[3.457s] [ 23%] Building C object CMakeFiles/lifecycle_msgs__rosidl_generator_c.dir/rosidl_generator_c/lifecycle_msgs/srv/detail/change_state__type_support.c.o
[3.457s] [ 24%] Building C object CMakeFiles/lifecycle_msgs__rosidl_generator_c.dir/rosidl_generator_c/lifecycle_msgs/srv/detail/get_available_transitions__functions.c.o
[3.457s] [ 25%] Building C object CMakeFiles/lifecycle_msgs__rosidl_generator_c.dir/rosidl_generator_c/lifecycle_msgs/srv/detail/change_state__functions.c.o
[3.534s] [ 26%] Linking C shared library liblifecycle_msgs__rosidl_generator_c.so
[3.561s] [ 26%] Built target lifecycle_msgs__rosidl_generator_c
[3.569s] [ 28%] Generating C type support for eProsima Fast-RTPS
[3.569s] [ 28%] Generating C++ type support dispatch for ROS interfaces
[3.569s] [ 29%] Generating C type support dispatch for ROS interfaces
[3.569s] [ 30%] Generating C++ type support for eProsima Fast-RTPS
[3.569s] [ 30%] Generating C introspection for ROS interfaces
[3.571s] [ 31%] Generating C++ introspection for ROS interfaces
[4.296s] [ 32%] Building CXX object CMakeFiles/lifecycle_msgs__rosidl_typesupport_c.dir/rosidl_typesupport_c/lifecycle_msgs/msg/state__type_support.cpp.o
[4.296s] [ 33%] Building CXX object CMakeFiles/lifecycle_msgs__rosidl_typesupport_cpp.dir/rosidl_typesupport_cpp/lifecycle_msgs/msg/state__type_support.cpp.o
[4.297s] [ 34%] Building CXX object CMakeFiles/lifecycle_msgs__rosidl_typesupport_cpp.dir/rosidl_typesupport_cpp/lifecycle_msgs/msg/transition__type_support.cpp.o
[4.314s] [ 36%] Building CXX object CMakeFiles/lifecycle_msgs__rosidl_typesupport_c.dir/rosidl_typesupport_c/lifecycle_msgs/msg/transition_description__type_support.cpp.o
[4.315s] [ 35%] Building CXX object CMakeFiles/lifecycle_msgs__rosidl_typesupport_c.dir/rosidl_typesupport_c/lifecycle_msgs/msg/transition__type_support.cpp.o
[4.315s] [ 37%] Building CXX object CMakeFiles/lifecycle_msgs__rosidl_typesupport_c.dir/rosidl_typesupport_c/lifecycle_msgs/msg/transition_event__type_support.cpp.o
[4.317s] [ 38%] Building CXX object CMakeFiles/lifecycle_msgs__rosidl_typesupport_cpp.dir/rosidl_typesupport_cpp/lifecycle_msgs/srv/change_state__type_support.cpp.o
[4.320s] [ 39%] Building CXX object CMakeFiles/lifecycle_msgs__rosidl_typesupport_cpp.dir/rosidl_typesupport_cpp/lifecycle_msgs/msg/transition_description__type_support.cpp.o
[4.320s] [ 40%] Building CXX object CMakeFiles/lifecycle_msgs__rosidl_typesupport_c.dir/rosidl_typesupport_c/lifecycle_msgs/srv/change_state__type_support.cpp.o
[4.320s] [ 40%] Building CXX object CMakeFiles/lifecycle_msgs__rosidl_typesupport_cpp.dir/rosidl_typesupport_cpp/lifecycle_msgs/msg/transition_event__type_support.cpp.o
[4.320s] [ 41%] Building CXX object CMakeFiles/lifecycle_msgs__rosidl_typesupport_cpp.dir/rosidl_typesupport_cpp/lifecycle_msgs/srv/get_available_states__type_support.cpp.o
[4.322s] [ 43%] Building CXX object CMakeFiles/lifecycle_msgs__rosidl_typesupport_c.dir/rosidl_typesupport_c/lifecycle_msgs/srv/get_available_states__type_support.cpp.o
[4.338s] [ 44%] Building CXX object CMakeFiles/lifecycle_msgs__rosidl_typesupport_cpp.dir/rosidl_typesupport_cpp/lifecycle_msgs/srv/get_available_transitions__type_support.cpp.o
[4.340s] [ 45%] Building CXX object CMakeFiles/lifecycle_msgs__rosidl_typesupport_c.dir/rosidl_typesupport_c/lifecycle_msgs/srv/get_state__type_support.cpp.o
[4.340s] [ 46%] Building CXX object CMakeFiles/lifecycle_msgs__rosidl_typesupport_c.dir/rosidl_typesupport_c/lifecycle_msgs/srv/get_available_transitions__type_support.cpp.o
[4.340s] [ 46%] Building CXX object CMakeFiles/lifecycle_msgs__rosidl_typesupport_cpp.dir/rosidl_typesupport_cpp/lifecycle_msgs/srv/get_state__type_support.cpp.o
[4.434s] [ 47%] Linking CXX shared library liblifecycle_msgs__rosidl_typesupport_c.so
[4.469s] [ 48%] Building CXX object CMakeFiles/lifecycle_msgs__rosidl_typesupport_introspection_cpp.dir/rosidl_typesupport_introspection_cpp/lifecycle_msgs/msg/detail/state__type_support.cpp.o
[4.475s] [ 49%] Building CXX object CMakeFiles/lifecycle_msgs__rosidl_typesupport_introspection_cpp.dir/rosidl_typesupport_introspection_cpp/lifecycle_msgs/msg/detail/transition_description__type_support.cpp.o
[4.476s] [ 50%] Building CXX object CMakeFiles/lifecycle_msgs__rosidl_typesupport_introspection_cpp.dir/rosidl_typesupport_introspection_cpp/lifecycle_msgs/srv/detail/get_available_states__type_support.cpp.o
[4.478s] [ 52%] Building CXX object CMakeFiles/lifecycle_msgs__rosidl_typesupport_introspection_cpp.dir/rosidl_typesupport_introspection_cpp/lifecycle_msgs/srv/detail/get_state__type_support.cpp.o
[4.480s] [ 53%] Building CXX object CMakeFiles/lifecycle_msgs__rosidl_typesupport_introspection_cpp.dir/rosidl_typesupport_introspection_cpp/lifecycle_msgs/msg/detail/transition_event__type_support.cpp.o
[4.482s] [ 53%] Building CXX object CMakeFiles/lifecycle_msgs__rosidl_typesupport_introspection_cpp.dir/rosidl_typesupport_introspection_cpp/lifecycle_msgs/msg/detail/transition__type_support.cpp.o
[4.482s] [ 54%] Building CXX object CMakeFiles/lifecycle_msgs__rosidl_typesupport_introspection_cpp.dir/rosidl_typesupport_introspection_cpp/lifecycle_msgs/srv/detail/change_state__type_support.cpp.o
[4.498s] [ 55%] Building C object CMakeFiles/lifecycle_msgs__rosidl_typesupport_introspection_c.dir/rosidl_typesupport_introspection_c/lifecycle_msgs/msg/detail/transition_description__type_support.c.o
[4.498s] [ 56%] Building C object CMakeFiles/lifecycle_msgs__rosidl_typesupport_introspection_c.dir/rosidl_typesupport_introspection_c/lifecycle_msgs/msg/detail/state__type_support.c.o
[4.504s] [ 58%] Building C object CMakeFiles/lifecycle_msgs__rosidl_typesupport_introspection_c.dir/rosidl_typesupport_introspection_c/lifecycle_msgs/srv/detail/change_state__type_support.c.o
[4.504s] [ 59%] Building C object CMakeFiles/lifecycle_msgs__rosidl_typesupport_introspection_c.dir/rosidl_typesupport_introspection_c/lifecycle_msgs/msg/detail/transition_event__type_support.c.o
[4.509s] [ 59%] Building C object CMakeFiles/lifecycle_msgs__rosidl_typesupport_introspection_c.dir/rosidl_typesupport_introspection_c/lifecycle_msgs/msg/detail/transition__type_support.c.o
[4.515s] [ 60%] Building CXX object CMakeFiles/lifecycle_msgs__rosidl_typesupport_introspection_cpp.dir/rosidl_typesupport_introspection_cpp/lifecycle_msgs/srv/detail/get_available_transitions__type_support.cpp.o
[4.563s] [ 61%] Building C object CMakeFiles/lifecycle_msgs__rosidl_typesupport_introspection_c.dir/rosidl_typesupport_introspection_c/lifecycle_msgs/srv/detail/get_available_states__type_support.c.o
[4.565s] [ 61%] Built target lifecycle_msgs__rosidl_typesupport_c
[4.578s] [ 62%] Building C object CMakeFiles/lifecycle_msgs__rosidl_typesupport_introspection_c.dir/rosidl_typesupport_introspection_c/lifecycle_msgs/srv/detail/get_available_transitions__type_support.c.o
[4.656s] [ 63%] Building C object CMakeFiles/lifecycle_msgs__rosidl_typesupport_introspection_c.dir/rosidl_typesupport_introspection_c/lifecycle_msgs/srv/detail/get_state__type_support.c.o
[4.690s] [ 64%] Building CXX object CMakeFiles/lifecycle_msgs__rosidl_typesupport_fastrtps_c.dir/rosidl_typesupport_fastrtps_c/lifecycle_msgs/msg/detail/transition__type_support_c.cpp.o
[4.690s] [ 66%] Building CXX object CMakeFiles/lifecycle_msgs__rosidl_typesupport_fastrtps_c.dir/rosidl_typesupport_fastrtps_c/lifecycle_msgs/msg/detail/transition_description__type_support_c.cpp.o
[4.690s] [ 65%] Building CXX object CMakeFiles/lifecycle_msgs__rosidl_typesupport_fastrtps_c.dir/rosidl_typesupport_fastrtps_c/lifecycle_msgs/msg/detail/state__type_support_c.cpp.o
[4.726s] [ 68%] Building CXX object CMakeFiles/lifecycle_msgs__rosidl_typesupport_fastrtps_c.dir/rosidl_typesupport_fastrtps_c/lifecycle_msgs/srv/detail/get_available_states__type_support_c.cpp.o
[4.726s] [ 69%] Building CXX object CMakeFiles/lifecycle_msgs__rosidl_typesupport_fastrtps_c.dir/rosidl_typesupport_fastrtps_c/lifecycle_msgs/srv/detail/get_available_transitions__type_support_c.cpp.o
[4.726s] [ 70%] Building CXX object CMakeFiles/lifecycle_msgs__rosidl_typesupport_fastrtps_c.dir/rosidl_typesupport_fastrtps_c/lifecycle_msgs/srv/detail/change_state__type_support_c.cpp.o
[4.726s] [ 67%] Building CXX object CMakeFiles/lifecycle_msgs__rosidl_typesupport_fastrtps_cpp.dir/rosidl_typesupport_fastrtps_cpp/lifecycle_msgs/msg/detail/dds_fastrtps/state__type_support.cpp.o
[4.726s] [ 71%] Building CXX object CMakeFiles/lifecycle_msgs__rosidl_typesupport_fastrtps_c.dir/rosidl_typesupport_fastrtps_c/lifecycle_msgs/msg/detail/transition_event__type_support_c.cpp.o
[4.726s] [ 72%] Building CXX object CMakeFiles/lifecycle_msgs__rosidl_typesupport_fastrtps_c.dir/rosidl_typesupport_fastrtps_c/lifecycle_msgs/srv/detail/get_state__type_support_c.cpp.o
[4.783s] [ 73%] Linking C shared library liblifecycle_msgs__rosidl_typesupport_introspection_c.so
[4.788s] [ 74%] Building CXX object CMakeFiles/lifecycle_msgs__rosidl_typesupport_fastrtps_cpp.dir/rosidl_typesupport_fastrtps_cpp/lifecycle_msgs/msg/detail/dds_fastrtps/transition__type_support.cpp.o
[4.809s] [ 75%] Building CXX object CMakeFiles/lifecycle_msgs__rosidl_typesupport_fastrtps_cpp.dir/rosidl_typesupport_fastrtps_cpp/lifecycle_msgs/msg/detail/dds_fastrtps/transition_event__type_support.cpp.o
[4.816s] [ 77%] Building CXX object CMakeFiles/lifecycle_msgs__rosidl_typesupport_fastrtps_cpp.dir/rosidl_typesupport_fastrtps_cpp/lifecycle_msgs/srv/detail/dds_fastrtps/change_state__type_support.cpp.o
[4.816s] [ 76%] Building CXX object CMakeFiles/lifecycle_msgs__rosidl_typesupport_fastrtps_cpp.dir/rosidl_typesupport_fastrtps_cpp/lifecycle_msgs/msg/detail/dds_fastrtps/transition_description__type_support.cpp.o
[4.842s] [ 78%] Building CXX object CMakeFiles/lifecycle_msgs__rosidl_typesupport_fastrtps_cpp.dir/rosidl_typesupport_fastrtps_cpp/lifecycle_msgs/srv/detail/dds_fastrtps/get_available_states__type_support.cpp.o
[4.862s] [ 79%] Building CXX object CMakeFiles/lifecycle_msgs__rosidl_typesupport_fastrtps_cpp.dir/rosidl_typesupport_fastrtps_cpp/lifecycle_msgs/srv/detail/dds_fastrtps/get_available_transitions__type_support.cpp.o
[4.886s] [ 79%] Built target lifecycle_msgs__rosidl_typesupport_introspection_c
[4.918s] [ 80%] Building CXX object CMakeFiles/lifecycle_msgs__rosidl_typesupport_fastrtps_cpp.dir/rosidl_typesupport_fastrtps_cpp/lifecycle_msgs/srv/detail/dds_fastrtps/get_state__type_support.cpp.o
[5.124s] [ 81%] Linking CXX shared library liblifecycle_msgs__rosidl_typesupport_cpp.so
[5.187s] [ 81%] Built target lifecycle_msgs__rosidl_typesupport_cpp
[5.561s] [ 82%] Linking CXX shared library liblifecycle_msgs__rosidl_typesupport_introspection_cpp.so
[5.646s] [ 82%] Built target lifecycle_msgs__rosidl_typesupport_introspection_cpp
[5.748s] [ 83%] Linking CXX shared library liblifecycle_msgs__rosidl_typesupport_fastrtps_c.so
[5.796s] [ 84%] Linking CXX shared library liblifecycle_msgs__rosidl_typesupport_fastrtps_cpp.so
[5.819s] [ 84%] Built target lifecycle_msgs__rosidl_typesupport_fastrtps_c
[5.897s] [ 84%] Built target lifecycle_msgs__rosidl_typesupport_fastrtps_cpp
[5.911s] [ 84%] Built target lifecycle_msgs
[5.927s] [ 85%] Generating Python code for ROS interfaces
[8.060s] [ 85%] Built target lifecycle_msgs__py
[8.112s] [ 86%] Building C object CMakeFiles/lifecycle_msgs__rosidl_generator_py.dir/rosidl_generator_py/lifecycle_msgs/msg/_transition_s.c.o
[8.114s] [ 87%] Building C object CMakeFiles/lifecycle_msgs__rosidl_generator_py.dir/rosidl_generator_py/lifecycle_msgs/msg/_state_s.c.o
[8.123s] [ 88%] Building C object CMakeFiles/lifecycle_msgs__rosidl_generator_py.dir/rosidl_generator_py/lifecycle_msgs/msg/_transition_event_s.c.o
[8.123s] [ 89%] Building C object CMakeFiles/lifecycle_msgs__rosidl_generator_py.dir/rosidl_generator_py/lifecycle_msgs/srv/_change_state_s.c.o
[8.123s] [ 90%] Building C object CMakeFiles/lifecycle_msgs__rosidl_generator_py.dir/rosidl_generator_py/lifecycle_msgs/msg/_transition_description_s.c.o
[8.141s] [ 91%] Building C object CMakeFiles/lifecycle_msgs__rosidl_generator_py.dir/rosidl_generator_py/lifecycle_msgs/srv/_get_state_s.c.o
[8.143s] [ 92%] Building C object CMakeFiles/lifecycle_msgs__rosidl_generator_py.dir/rosidl_generator_py/lifecycle_msgs/srv/_get_available_states_s.c.o
[8.147s] [ 93%] Building C object CMakeFiles/lifecycle_msgs__rosidl_generator_py.dir/rosidl_generator_py/lifecycle_msgs/srv/_get_available_transitions_s.c.o
[8.578s] [ 94%] Linking C shared library liblifecycle_msgs__rosidl_generator_py.so
[8.697s] [ 94%] Built target lifecycle_msgs__rosidl_generator_py
[8.735s] [ 95%] Building C object CMakeFiles/lifecycle_msgs_s__rosidl_typesupport_fastrtps_c.dir/rosidl_generator_py/lifecycle_msgs/_lifecycle_msgs_s.ep.rosidl_typesupport_fastrtps_c.c.o
[8.735s] [ 96%] Building C object CMakeFiles/lifecycle_msgs_s__rosidl_typesupport_introspection_c.dir/rosidl_generator_py/lifecycle_msgs/_lifecycle_msgs_s.ep.rosidl_typesupport_introspection_c.c.o
[8.754s] [ 97%] Building C object CMakeFiles/lifecycle_msgs_s__rosidl_typesupport_c.dir/rosidl_generator_py/lifecycle_msgs/_lifecycle_msgs_s.ep.rosidl_typesupport_c.c.o
[8.993s] [ 98%] Linking C shared module rosidl_generator_py/lifecycle_msgs/lifecycle_msgs_s__rosidl_typesupport_introspection_c.so
[9.016s] [ 99%] Linking C shared module rosidl_generator_py/lifecycle_msgs/lifecycle_msgs_s__rosidl_typesupport_c.so
[9.057s] [ 99%] Built target lifecycle_msgs_s__rosidl_typesupport_introspection_c
[9.216s] [100%] Linking C shared module rosidl_generator_py/lifecycle_msgs/lifecycle_msgs_s__rosidl_typesupport_fastrtps_c.so
[9.216s] [100%] Built target lifecycle_msgs_s__rosidl_typesupport_c
[9.216s] [100%] Built target lifecycle_msgs_s__rosidl_typesupport_fastrtps_c
[9.221s] Invoked command in '/workspace/jazzy_ws/build/lifecycle_msgs' returned '0': AMENT_PREFIX_PATH=/workspace/jazzy_ws/install CMAKE_PREFIX_PATH=/workspace/jazzy_ws/install LD_LIBRARY_PATH=/workspace/jazzy_ws/install/lib:/workspace/jazzy_ws/install/opt/mimick_vendor/lib PATH=/workspace/jazzy_ws/install/bin:/workspace/jazzy_ws/install/opt/uncrustify_vendor/bin:${PATH} PKG_CONFIG_PATH=/workspace/jazzy_ws/install/lib/x86_64-linux-gnu/pkgconfig:/workspace/jazzy_ws/install/lib/pkgconfig PYTHONPATH=/workspace/jazzy_ws/install/lib/python3.12/site-packages /usr/bin/cmake --build /workspace/jazzy_ws/build/lifecycle_msgs -- -j24 -l24
[9.221s] Invoking command in '/workspace/jazzy_ws/build/lifecycle_msgs': AMENT_PREFIX_PATH=/workspace/jazzy_ws/install CMAKE_PREFIX_PATH=/workspace/jazzy_ws/install LD_LIBRARY_PATH=/workspace/jazzy_ws/install/lib:/workspace/jazzy_ws/install/opt/mimick_vendor/lib PATH=/workspace/jazzy_ws/install/bin:/workspace/jazzy_ws/install/opt/uncrustify_vendor/bin:${PATH} PKG_CONFIG_PATH=/workspace/jazzy_ws/install/lib/x86_64-linux-gnu/pkgconfig:/workspace/jazzy_ws/install/lib/pkgconfig PYTHONPATH=/workspace/jazzy_ws/install/lib/python3.12/site-packages /usr/bin/cmake --install /workspace/jazzy_ws/build/lifecycle_msgs
[9.251s] -- Install configuration: ""
[9.251s] -- Installing: /workspace/jazzy_ws/install/share/ament_index/resource_index/rosidl_interfaces/lifecycle_msgs
[9.251s] -- Installing: /workspace/jazzy_ws/install/share/lifecycle_msgs/msg/State.json
[9.251s] -- Installing: /workspace/jazzy_ws/install/share/lifecycle_msgs/msg/Transition.json
[9.251s] -- Installing: /workspace/jazzy_ws/install/share/lifecycle_msgs/msg/TransitionDescription.json
[9.251s] -- Installing: /workspace/jazzy_ws/install/share/lifecycle_msgs/msg/TransitionEvent.json
[9.251s] -- Installing: /workspace/jazzy_ws/install/share/lifecycle_msgs/srv/ChangeState.json
[9.251s] -- Installing: /workspace/jazzy_ws/install/share/lifecycle_msgs/srv/GetAvailableStates.json
[9.251s] -- Installing: /workspace/jazzy_ws/install/share/lifecycle_msgs/srv/GetAvailableTransitions.json
[9.251s] -- Installing: /workspace/jazzy_ws/install/share/lifecycle_msgs/srv/GetState.json
[9.251s] -- Installing: /workspace/jazzy_ws/install/include/lifecycle_msgs/lifecycle_msgs
[9.251s] -- Installing: /workspace/jazzy_ws/install/include/lifecycle_msgs/lifecycle_msgs/msg
[9.251s] -- Installing: /workspace/jazzy_ws/install/include/lifecycle_msgs/lifecycle_msgs/msg/detail
[9.252s] -- Installing: /workspace/jazzy_ws/install/include/lifecycle_msgs/lifecycle_msgs/msg/detail/state__functions.c
[9.252s] -- Installing: /workspace/jazzy_ws/install/include/lifecycle_msgs/lifecycle_msgs/msg/detail/transition__description.c
[9.252s] -- Installing: /workspace/jazzy_ws/install/include/lifecycle_msgs/lifecycle_msgs/msg/detail/transition_event__functions.h
[9.252s] -- Installing: /workspace/jazzy_ws/install/include/lifecycle_msgs/lifecycle_msgs/msg/detail/transition_description__type_support.c
[9.252s] -- Installing: /workspace/jazzy_ws/install/include/lifecycle_msgs/lifecycle_msgs/msg/detail/transition_description__type_support.h
[9.252s] -- Installing: /workspace/jazzy_ws/install/include/lifecycle_msgs/lifecycle_msgs/msg/detail/transition__functions.h
[9.252s] -- Installing: /workspace/jazzy_ws/install/include/lifecycle_msgs/lifecycle_msgs/msg/detail/transition__type_support.h
[9.252s] -- Installing: /workspace/jazzy_ws/install/include/lifecycle_msgs/lifecycle_msgs/msg/detail/transition_event__description.c
[9.252s] -- Installing: /workspace/jazzy_ws/install/include/lifecycle_msgs/lifecycle_msgs/msg/detail/transition_description__functions.h
[9.252s] -- Installing: /workspace/jazzy_ws/install/include/lifecycle_msgs/lifecycle_msgs/msg/detail/transition__type_support.c
[9.252s] -- Installing: /workspace/jazzy_ws/install/include/lifecycle_msgs/lifecycle_msgs/msg/detail/transition_description__functions.c
[9.252s] -- Installing: /workspace/jazzy_ws/install/include/lifecycle_msgs/lifecycle_msgs/msg/detail/transition__functions.c
[9.252s] -- Installing: /workspace/jazzy_ws/install/include/lifecycle_msgs/lifecycle_msgs/msg/detail/state__description.c
[9.252s] -- Installing: /workspace/jazzy_ws/install/include/lifecycle_msgs/lifecycle_msgs/msg/detail/state__type_support.c
[9.252s] -- Installing: /workspace/jazzy_ws/install/include/lifecycle_msgs/lifecycle_msgs/msg/detail/transition_event__struct.h
[9.262s] -- Installing: /workspace/jazzy_ws/install/include/lifecycle_msgs/lifecycle_msgs/msg/detail/transition_description__struct.h
[9.262s] -- Installing: /workspace/jazzy_ws/install/include/lifecycle_msgs/lifecycle_msgs/msg/detail/transition_event__type_support.c
[9.262s] -- Installing: /workspace/jazzy_ws/install/include/lifecycle_msgs/lifecycle_msgs/msg/detail/transition__struct.h
[9.262s] -- Installing: /workspace/jazzy_ws/install/include/lifecycle_msgs/lifecycle_msgs/msg/detail/state__type_support.h
[9.262s] -- Installing: /workspace/jazzy_ws/install/include/lifecycle_msgs/lifecycle_msgs/msg/detail/state__functions.h
[9.262s] -- Installing: /workspace/jazzy_ws/install/include/lifecycle_msgs/lifecycle_msgs/msg/detail/transition_event__functions.c
[9.262s] -- Installing: /workspace/jazzy_ws/install/include/lifecycle_msgs/lifecycle_msgs/msg/detail/state__struct.h
[9.262s] -- Installing: /workspace/jazzy_ws/install/include/lifecycle_msgs/lifecycle_msgs/msg/detail/transition_event__type_support.h
[9.262s] -- Installing: /workspace/jazzy_ws/install/include/lifecycle_msgs/lifecycle_msgs/msg/detail/transition_description__description.c
[9.262s] -- Installing: /workspace/jazzy_ws/install/include/lifecycle_msgs/lifecycle_msgs/msg/state.h
[9.262s] -- Installing: /workspace/jazzy_ws/install/include/lifecycle_msgs/lifecycle_msgs/msg/transition_description.h
[9.262s] -- Installing: /workspace/jazzy_ws/install/include/lifecycle_msgs/lifecycle_msgs/msg/transition_event.h
[9.262s] -- Installing: /workspace/jazzy_ws/install/include/lifecycle_msgs/lifecycle_msgs/msg/transition.h
[9.262s] -- Installing: /workspace/jazzy_ws/install/include/lifecycle_msgs/lifecycle_msgs/msg/rosidl_generator_c__visibility_control.h
[9.263s] -- Installing: /workspace/jazzy_ws/install/include/lifecycle_msgs/lifecycle_msgs/srv
[9.263s] -- Installing: /workspace/jazzy_ws/install/include/lifecycle_msgs/lifecycle_msgs/srv/detail
[9.263s] -- Installing: /workspace/jazzy_ws/install/include/lifecycle_msgs/lifecycle_msgs/srv/detail/get_available_states__functions.c
[9.263s] -- Installing: /workspace/jazzy_ws/install/include/lifecycle_msgs/lifecycle_msgs/srv/detail/change_state__functions.c
[9.263s] -- Installing: /workspace/jazzy_ws/install/include/lifecycle_msgs/lifecycle_msgs/srv/detail/get_available_states__description.c
[9.263s] -- Installing: /workspace/jazzy_ws/install/include/lifecycle_msgs/lifecycle_msgs/srv/detail/get_available_transitions__type_support.h
[9.263s] -- Installing: /workspace/jazzy_ws/install/include/lifecycle_msgs/lifecycle_msgs/srv/detail/change_state__struct.h
[9.263s] -- Installing: /workspace/jazzy_ws/install/include/lifecycle_msgs/lifecycle_msgs/srv/detail/change_state__description.c
[9.263s] -- Installing: /workspace/jazzy_ws/install/include/lifecycle_msgs/lifecycle_msgs/srv/detail/get_available_states__functions.h
[9.263s] -- Installing: /workspace/jazzy_ws/install/include/lifecycle_msgs/lifecycle_msgs/srv/detail/change_state__type_support.h
[9.263s] -- Installing: /workspace/jazzy_ws/install/include/lifecycle_msgs/lifecycle_msgs/srv/detail/change_state__type_support.c
[9.263s] -- Installing: /workspace/jazzy_ws/install/include/lifecycle_msgs/lifecycle_msgs/srv/detail/get_available_transitions__description.c
[9.263s] -- Installing: /workspace/jazzy_ws/install/include/lifecycle_msgs/lifecycle_msgs/srv/detail/get_available_transitions__struct.h
[9.263s] -- Installing: /workspace/jazzy_ws/install/include/lifecycle_msgs/lifecycle_msgs/srv/detail/get_available_states__struct.h
[9.263s] -- Installing: /workspace/jazzy_ws/install/include/lifecycle_msgs/lifecycle_msgs/srv/detail/get_available_transitions__type_support.c
[9.263s] -- Installing: /workspace/jazzy_ws/install/include/lifecycle_msgs/lifecycle_msgs/srv/detail/get_state__functions.c
[9.263s] -- Installing: /workspace/jazzy_ws/install/include/lifecycle_msgs/lifecycle_msgs/srv/detail/change_state__functions.h
[9.263s] -- Installing: /workspace/jazzy_ws/install/include/lifecycle_msgs/lifecycle_msgs/srv/detail/get_state__type_support.c
[9.263s] -- Installing: /workspace/jazzy_ws/install/include/lifecycle_msgs/lifecycle_msgs/srv/detail/get_available_states__type_support.c
[9.263s] -- Installing: /workspace/jazzy_ws/install/include/lifecycle_msgs/lifecycle_msgs/srv/detail/get_state__functions.h
[9.263s] -- Installing: /workspace/jazzy_ws/install/include/lifecycle_msgs/lifecycle_msgs/srv/detail/get_available_states__type_support.h
[9.263s] -- Installing: /workspace/jazzy_ws/install/include/lifecycle_msgs/lifecycle_msgs/srv/detail/get_state__struct.h
[9.263s] -- Installing: /workspace/jazzy_ws/install/include/lifecycle_msgs/lifecycle_msgs/srv/detail/get_available_transitions__functions.c
[9.263s] -- Installing: /workspace/jazzy_ws/install/include/lifecycle_msgs/lifecycle_msgs/srv/detail/get_state__type_support.h
[9.264s] -- Installing: /workspace/jazzy_ws/install/include/lifecycle_msgs/lifecycle_msgs/srv/detail/get_available_transitions__functions.h
[9.264s] -- Installing: /workspace/jazzy_ws/install/include/lifecycle_msgs/lifecycle_msgs/srv/detail/get_state__description.c
[9.264s] -- Installing: /workspace/jazzy_ws/install/include/lifecycle_msgs/lifecycle_msgs/srv/change_state.h
[9.264s] -- Installing: /workspace/jazzy_ws/install/include/lifecycle_msgs/lifecycle_msgs/srv/get_available_states.h
[9.271s] -- Installing: /workspace/jazzy_ws/install/include/lifecycle_msgs/lifecycle_msgs/srv/get_available_transitions.h
[9.271s] -- Installing: /workspace/jazzy_ws/install/include/lifecycle_msgs/lifecycle_msgs/srv/get_state.h
[9.271s] -- Installing: /workspace/jazzy_ws/install/share/lifecycle_msgs/environment/library_path.sh
[9.271s] -- Installing: /workspace/jazzy_ws/install/share/lifecycle_msgs/environment/library_path.dsv
[9.272s] -- Installing: /workspace/jazzy_ws/install/lib/liblifecycle_msgs__rosidl_generator_c.so
[9.272s] -- Set non-toolchain portion of runtime path of "/workspace/jazzy_ws/install/lib/liblifecycle_msgs__rosidl_generator_c.so" to ""
[9.272s] -- Up-to-date: /workspace/jazzy_ws/install/include/lifecycle_msgs/lifecycle_msgs
[9.272s] -- Up-to-date: /workspace/jazzy_ws/install/include/lifecycle_msgs/lifecycle_msgs/msg
[9.272s] -- Up-to-date: /workspace/jazzy_ws/install/include/lifecycle_msgs/lifecycle_msgs/msg/detail
[9.272s] -- Installing: /workspace/jazzy_ws/install/include/lifecycle_msgs/lifecycle_msgs/msg/detail/transition_event__rosidl_typesupport_fastrtps_c.h
[9.272s] -- Installing: /workspace/jazzy_ws/install/include/lifecycle_msgs/lifecycle_msgs/msg/detail/transition__rosidl_typesupport_fastrtps_c.h
[9.272s] -- Installing: /workspace/jazzy_ws/install/include/lifecycle_msgs/lifecycle_msgs/msg/detail/state__rosidl_typesupport_fastrtps_c.h
[9.273s] -- Installing: /workspace/jazzy_ws/install/include/lifecycle_msgs/lifecycle_msgs/msg/detail/transition_description__rosidl_typesupport_fastrtps_c.h
[9.273s] -- Installing: /workspace/jazzy_ws/install/include/lifecycle_msgs/lifecycle_msgs/msg/rosidl_typesupport_fastrtps_c__visibility_control.h
[9.273s] -- Up-to-date: /workspace/jazzy_ws/install/include/lifecycle_msgs/lifecycle_msgs/srv
[9.273s] -- Up-to-date: /workspace/jazzy_ws/install/include/lifecycle_msgs/lifecycle_msgs/srv/detail
[9.273s] -- Installing: /workspace/jazzy_ws/install/include/lifecycle_msgs/lifecycle_msgs/srv/detail/change_state__rosidl_typesupport_fastrtps_c.h
[9.273s] -- Installing: /workspace/jazzy_ws/install/include/lifecycle_msgs/lifecycle_msgs/srv/detail/get_state__rosidl_typesupport_fastrtps_c.h
[9.273s] -- Installing: /workspace/jazzy_ws/install/include/lifecycle_msgs/lifecycle_msgs/srv/detail/get_available_transitions__rosidl_typesupport_fastrtps_c.h
[9.273s] -- Installing: /workspace/jazzy_ws/install/include/lifecycle_msgs/lifecycle_msgs/srv/detail/get_available_states__rosidl_typesupport_fastrtps_c.h
[9.273s] -- Installing: /workspace/jazzy_ws/install/lib/liblifecycle_msgs__rosidl_typesupport_fastrtps_c.so
[9.273s] -- Set non-toolchain portion of runtime path of "/workspace/jazzy_ws/install/lib/liblifecycle_msgs__rosidl_typesupport_fastrtps_c.so" to ""
[9.273s] -- Up-to-date: /workspace/jazzy_ws/install/include/lifecycle_msgs/lifecycle_msgs
[9.273s] -- Up-to-date: /workspace/jazzy_ws/install/include/lifecycle_msgs/lifecycle_msgs/msg
[9.273s] -- Up-to-date: /workspace/jazzy_ws/install/include/lifecycle_msgs/lifecycle_msgs/msg/detail
[9.274s] -- Installing: /workspace/jazzy_ws/install/include/lifecycle_msgs/lifecycle_msgs/msg/detail/state__rosidl_typesupport_introspection_c.h
[9.274s] -- Installing: /workspace/jazzy_ws/install/include/lifecycle_msgs/lifecycle_msgs/msg/detail/transition_description__type_support.c
[9.274s] -- Installing: /workspace/jazzy_ws/install/include/lifecycle_msgs/lifecycle_msgs/msg/detail/transition_description__rosidl_typesupport_introspection_c.h
[9.274s] -- Installing: /workspace/jazzy_ws/install/include/lifecycle_msgs/lifecycle_msgs/msg/detail/transition_event__rosidl_typesupport_introspection_c.h
[9.274s] -- Installing: /workspace/jazzy_ws/install/include/lifecycle_msgs/lifecycle_msgs/msg/detail/transition__type_support.c
[9.274s] -- Installing: /workspace/jazzy_ws/install/include/lifecycle_msgs/lifecycle_msgs/msg/detail/transition__rosidl_typesupport_introspection_c.h
[9.274s] -- Installing: /workspace/jazzy_ws/install/include/lifecycle_msgs/lifecycle_msgs/msg/detail/state__type_support.c
[9.274s] -- Installing: /workspace/jazzy_ws/install/include/lifecycle_msgs/lifecycle_msgs/msg/detail/transition_event__type_support.c
[9.274s] -- Installing: /workspace/jazzy_ws/install/include/lifecycle_msgs/lifecycle_msgs/msg/rosidl_typesupport_introspection_c__visibility_control.h
[9.274s] -- Up-to-date: /workspace/jazzy_ws/install/include/lifecycle_msgs/lifecycle_msgs/srv
[9.274s] -- Up-to-date: /workspace/jazzy_ws/install/include/lifecycle_msgs/lifecycle_msgs/srv/detail
[9.274s] -- Installing: /workspace/jazzy_ws/install/include/lifecycle_msgs/lifecycle_msgs/srv/detail/change_state__rosidl_typesupport_introspection_c.h
[9.287s] -- Installing: /workspace/jazzy_ws/install/include/lifecycle_msgs/lifecycle_msgs/srv/detail/get_available_transitions__rosidl_typesupport_introspection_c.h
[9.287s] -- Installing: /workspace/jazzy_ws/install/include/lifecycle_msgs/lifecycle_msgs/srv/detail/change_state__type_support.c
[9.287s] -- Installing: /workspace/jazzy_ws/install/include/lifecycle_msgs/lifecycle_msgs/srv/detail/get_available_transitions__type_support.c
[9.287s] -- Installing: /workspace/jazzy_ws/install/include/lifecycle_msgs/lifecycle_msgs/srv/detail/get_available_states__rosidl_typesupport_introspection_c.h
[9.287s] -- Installing: /workspace/jazzy_ws/install/include/lifecycle_msgs/lifecycle_msgs/srv/detail/get_state__type_support.c
[9.287s] -- Installing: /workspace/jazzy_ws/install/include/lifecycle_msgs/lifecycle_msgs/srv/detail/get_available_states__type_support.c
[9.287s] -- Installing: /workspace/jazzy_ws/install/include/lifecycle_msgs/lifecycle_msgs/srv/detail/get_state__rosidl_typesupport_introspection_c.h
[9.287s] -- Installing: /workspace/jazzy_ws/install/lib/liblifecycle_msgs__rosidl_typesupport_introspection_c.so
[9.287s] -- Set non-toolchain portion of runtime path of "/workspace/jazzy_ws/install/lib/liblifecycle_msgs__rosidl_typesupport_introspection_c.so" to ""
[9.287s] -- Installing: /workspace/jazzy_ws/install/lib/liblifecycle_msgs__rosidl_typesupport_c.so
[9.287s] -- Set non-toolchain portion of runtime path of "/workspace/jazzy_ws/install/lib/liblifecycle_msgs__rosidl_typesupport_c.so" to ""
[9.287s] -- Up-to-date: /workspace/jazzy_ws/install/include/lifecycle_msgs/lifecycle_msgs
[9.287s] -- Up-to-date: /workspace/jazzy_ws/install/include/lifecycle_msgs/lifecycle_msgs/msg
[9.287s] -- Up-to-date: /workspace/jazzy_ws/install/include/lifecycle_msgs/lifecycle_msgs/msg/detail
[9.287s] -- Installing: /workspace/jazzy_ws/install/include/lifecycle_msgs/lifecycle_msgs/msg/detail/transition__builder.hpp
[9.287s] -- Installing: /workspace/jazzy_ws/install/include/lifecycle_msgs/lifecycle_msgs/msg/detail/state__builder.hpp
[9.288s] -- Installing: /workspace/jazzy_ws/install/include/lifecycle_msgs/lifecycle_msgs/msg/detail/transition_description__traits.hpp
[9.288s] -- Installing: /workspace/jazzy_ws/install/include/lifecycle_msgs/lifecycle_msgs/msg/detail/transition_description__struct.hpp
[9.288s] -- Installing: /workspace/jazzy_ws/install/include/lifecycle_msgs/lifecycle_msgs/msg/detail/transition_description__builder.hpp
[9.288s] -- Installing: /workspace/jazzy_ws/install/include/lifecycle_msgs/lifecycle_msgs/msg/detail/transition_event__struct.hpp
[9.288s] -- Installing: /workspace/jazzy_ws/install/include/lifecycle_msgs/lifecycle_msgs/msg/detail/state__type_support.hpp
[9.288s] -- Installing: /workspace/jazzy_ws/install/include/lifecycle_msgs/lifecycle_msgs/msg/detail/transition_event__traits.hpp
[9.288s] -- Installing: /workspace/jazzy_ws/install/include/lifecycle_msgs/lifecycle_msgs/msg/detail/transition__struct.hpp
[9.288s] -- Installing: /workspace/jazzy_ws/install/include/lifecycle_msgs/lifecycle_msgs/msg/detail/transition_event__builder.hpp
[9.288s] -- Installing: /workspace/jazzy_ws/install/include/lifecycle_msgs/lifecycle_msgs/msg/detail/transition__type_support.hpp
[9.288s] -- Installing: /workspace/jazzy_ws/install/include/lifecycle_msgs/lifecycle_msgs/msg/detail/state__struct.hpp
[9.288s] -- Installing: /workspace/jazzy_ws/install/include/lifecycle_msgs/lifecycle_msgs/msg/detail/state__traits.hpp
[9.288s] -- Installing: /workspace/jazzy_ws/install/include/lifecycle_msgs/lifecycle_msgs/msg/detail/transition_description__type_support.hpp
[9.288s] -- Installing: /workspace/jazzy_ws/install/include/lifecycle_msgs/lifecycle_msgs/msg/detail/transition__traits.hpp
[9.288s] -- Installing: /workspace/jazzy_ws/install/include/lifecycle_msgs/lifecycle_msgs/msg/detail/transition_event__type_support.hpp
[9.288s] -- Installing: /workspace/jazzy_ws/install/include/lifecycle_msgs/lifecycle_msgs/msg/rosidl_generator_cpp__visibility_control.hpp
[9.288s] -- Installing: /workspace/jazzy_ws/install/include/lifecycle_msgs/lifecycle_msgs/msg/state.hpp
[9.288s] -- Installing: /workspace/jazzy_ws/install/include/lifecycle_msgs/lifecycle_msgs/msg/transition_description.hpp
[9.288s] -- Installing: /workspace/jazzy_ws/install/include/lifecycle_msgs/lifecycle_msgs/msg/transition_event.hpp
[9.288s] -- Installing: /workspace/jazzy_ws/install/include/lifecycle_msgs/lifecycle_msgs/msg/transition.hpp
[9.288s] -- Up-to-date: /workspace/jazzy_ws/install/include/lifecycle_msgs/lifecycle_msgs/srv
[9.303s] -- Up-to-date: /workspace/jazzy_ws/install/include/lifecycle_msgs/lifecycle_msgs/srv/detail
[9.303s] -- Installing: /workspace/jazzy_ws/install/include/lifecycle_msgs/lifecycle_msgs/srv/detail/get_available_states__traits.hpp
[9.303s] -- Installing: /workspace/jazzy_ws/install/include/lifecycle_msgs/lifecycle_msgs/srv/detail/get_available_transitions__traits.hpp
[9.303s] -- Installing: /workspace/jazzy_ws/install/include/lifecycle_msgs/lifecycle_msgs/srv/detail/change_state__builder.hpp
[9.303s] -- Installing: /workspace/jazzy_ws/install/include/lifecycle_msgs/lifecycle_msgs/srv/detail/get_available_transitions__type_support.hpp
[9.303s] -- Installing: /workspace/jazzy_ws/install/include/lifecycle_msgs/lifecycle_msgs/srv/detail/change_state__traits.hpp
[9.303s] -- Installing: /workspace/jazzy_ws/install/include/lifecycle_msgs/lifecycle_msgs/srv/detail/get_state__type_support.hpp
[9.303s] -- Installing: /workspace/jazzy_ws/install/include/lifecycle_msgs/lifecycle_msgs/srv/detail/get_available_transitions__builder.hpp
[9.303s] -- Installing: /workspace/jazzy_ws/install/include/lifecycle_msgs/lifecycle_msgs/srv/detail/get_state__builder.hpp
[9.303s] -- Installing: /workspace/jazzy_ws/install/include/lifecycle_msgs/lifecycle_msgs/srv/detail/change_state__struct.hpp
[9.304s] -- Installing: /workspace/jazzy_ws/install/include/lifecycle_msgs/lifecycle_msgs/srv/detail/change_state__type_support.hpp
[9.304s] -- Installing: /workspace/jazzy_ws/install/include/lifecycle_msgs/lifecycle_msgs/srv/detail/get_available_transitions__struct.hpp
[9.304s] -- Installing: /workspace/jazzy_ws/install/include/lifecycle_msgs/lifecycle_msgs/srv/detail/get_available_states__struct.hpp
[9.304s] -- Installing: /workspace/jazzy_ws/install/include/lifecycle_msgs/lifecycle_msgs/srv/detail/get_available_states__builder.hpp
[9.304s] -- Installing: /workspace/jazzy_ws/install/include/lifecycle_msgs/lifecycle_msgs/srv/detail/get_state__struct.hpp
[9.304s] -- Installing: /workspace/jazzy_ws/install/include/lifecycle_msgs/lifecycle_msgs/srv/detail/get_state__traits.hpp
[9.304s] -- Installing: /workspace/jazzy_ws/install/include/lifecycle_msgs/lifecycle_msgs/srv/detail/get_available_states__type_support.hpp
[9.304s] -- Installing: /workspace/jazzy_ws/install/include/lifecycle_msgs/lifecycle_msgs/srv/get_state.hpp
[9.304s] -- Installing: /workspace/jazzy_ws/install/include/lifecycle_msgs/lifecycle_msgs/srv/get_available_transitions.hpp
[9.304s] -- Installing: /workspace/jazzy_ws/install/include/lifecycle_msgs/lifecycle_msgs/srv/change_state.hpp
[9.304s] -- Installing: /workspace/jazzy_ws/install/include/lifecycle_msgs/lifecycle_msgs/srv/get_available_states.hpp
[9.304s] -- Up-to-date: /workspace/jazzy_ws/install/include/lifecycle_msgs/lifecycle_msgs
[9.304s] -- Up-to-date: /workspace/jazzy_ws/install/include/lifecycle_msgs/lifecycle_msgs/msg
[9.304s] -- Up-to-date: /workspace/jazzy_ws/install/include/lifecycle_msgs/lifecycle_msgs/msg/detail
[9.304s] -- Installing: /workspace/jazzy_ws/install/include/lifecycle_msgs/lifecycle_msgs/msg/detail/transition_description__rosidl_typesupport_fastrtps_cpp.hpp
[9.304s] -- Installing: /workspace/jazzy_ws/install/include/lifecycle_msgs/lifecycle_msgs/msg/detail/state__rosidl_typesupport_fastrtps_cpp.hpp
[9.304s] -- Installing: /workspace/jazzy_ws/install/include/lifecycle_msgs/lifecycle_msgs/msg/detail/transition_event__rosidl_typesupport_fastrtps_cpp.hpp
[9.304s] -- Installing: /workspace/jazzy_ws/install/include/lifecycle_msgs/lifecycle_msgs/msg/detail/dds_fastrtps
[9.304s] -- Installing: /workspace/jazzy_ws/install/include/lifecycle_msgs/lifecycle_msgs/msg/detail/transition__rosidl_typesupport_fastrtps_cpp.hpp
[9.304s] -- Installing: /workspace/jazzy_ws/install/include/lifecycle_msgs/lifecycle_msgs/msg/rosidl_typesupport_fastrtps_cpp__visibility_control.h
[9.304s] -- Up-to-date: /workspace/jazzy_ws/install/include/lifecycle_msgs/lifecycle_msgs/srv
[9.304s] -- Up-to-date: /workspace/jazzy_ws/install/include/lifecycle_msgs/lifecycle_msgs/srv/detail
[9.304s] -- Installing: /workspace/jazzy_ws/install/include/lifecycle_msgs/lifecycle_msgs/srv/detail/get_state__rosidl_typesupport_fastrtps_cpp.hpp
[9.305s] -- Installing: /workspace/jazzy_ws/install/include/lifecycle_msgs/lifecycle_msgs/srv/detail/get_available_transitions__rosidl_typesupport_fastrtps_cpp.hpp
[9.305s] -- Installing: /workspace/jazzy_ws/install/include/lifecycle_msgs/lifecycle_msgs/srv/detail/get_available_states__rosidl_typesupport_fastrtps_cpp.hpp
[9.305s] -- Installing: /workspace/jazzy_ws/install/include/lifecycle_msgs/lifecycle_msgs/srv/detail/dds_fastrtps
[9.305s] -- Installing: /workspace/jazzy_ws/install/include/lifecycle_msgs/lifecycle_msgs/srv/detail/change_state__rosidl_typesupport_fastrtps_cpp.hpp
[9.305s] -- Installing: /workspace/jazzy_ws/install/lib/liblifecycle_msgs__rosidl_typesupport_fastrtps_cpp.so
[9.312s] -- Set non-toolchain portion of runtime path of "/workspace/jazzy_ws/install/lib/liblifecycle_msgs__rosidl_typesupport_fastrtps_cpp.so" to ""
[9.312s] -- Up-to-date: /workspace/jazzy_ws/install/include/lifecycle_msgs/lifecycle_msgs
[9.312s] -- Up-to-date: /workspace/jazzy_ws/install/include/lifecycle_msgs/lifecycle_msgs/msg
[9.312s] -- Up-to-date: /workspace/jazzy_ws/install/include/lifecycle_msgs/lifecycle_msgs/msg/detail
[9.312s] -- Installing: /workspace/jazzy_ws/install/include/lifecycle_msgs/lifecycle_msgs/msg/detail/transition__rosidl_typesupport_introspection_cpp.hpp
[9.312s] -- Installing: /workspace/jazzy_ws/install/include/lifecycle_msgs/lifecycle_msgs/msg/detail/transition_description__rosidl_typesupport_introspection_cpp.hpp
[9.312s] -- Installing: /workspace/jazzy_ws/install/include/lifecycle_msgs/lifecycle_msgs/msg/detail/transition__type_support.cpp
[9.312s] -- Installing: /workspace/jazzy_ws/install/include/lifecycle_msgs/lifecycle_msgs/msg/detail/transition_event__type_support.cpp
[9.312s] -- Installing: /workspace/jazzy_ws/install/include/lifecycle_msgs/lifecycle_msgs/msg/detail/transition_event__rosidl_typesupport_introspection_cpp.hpp
[9.312s] -- Installing: /workspace/jazzy_ws/install/include/lifecycle_msgs/lifecycle_msgs/msg/detail/transition_description__type_support.cpp
[9.312s] -- Installing: /workspace/jazzy_ws/install/include/lifecycle_msgs/lifecycle_msgs/msg/detail/state__type_support.cpp
[9.312s] -- Installing: /workspace/jazzy_ws/install/include/lifecycle_msgs/lifecycle_msgs/msg/detail/state__rosidl_typesupport_introspection_cpp.hpp
[9.312s] -- Up-to-date: /workspace/jazzy_ws/install/include/lifecycle_msgs/lifecycle_msgs/srv
[9.312s] -- Up-to-date: /workspace/jazzy_ws/install/include/lifecycle_msgs/lifecycle_msgs/srv/detail
[9.312s] -- Installing: /workspace/jazzy_ws/install/include/lifecycle_msgs/lifecycle_msgs/srv/detail/get_available_states__rosidl_typesupport_introspection_cpp.hpp
[9.312s] -- Installing: /workspace/jazzy_ws/install/include/lifecycle_msgs/lifecycle_msgs/srv/detail/change_state__rosidl_typesupport_introspection_cpp.hpp
[9.313s] -- Installing: /workspace/jazzy_ws/install/include/lifecycle_msgs/lifecycle_msgs/srv/detail/get_state__type_support.cpp
[9.313s] -- Installing: /workspace/jazzy_ws/install/include/lifecycle_msgs/lifecycle_msgs/srv/detail/get_state__rosidl_typesupport_introspection_cpp.hpp
[9.313s] -- Installing: /workspace/jazzy_ws/install/include/lifecycle_msgs/lifecycle_msgs/srv/detail/get_available_transitions__type_support.cpp
[9.313s] -- Installing: /workspace/jazzy_ws/install/include/lifecycle_msgs/lifecycle_msgs/srv/detail/get_available_transitions__rosidl_typesupport_introspection_cpp.hpp
[9.313s] -- Installing: /workspace/jazzy_ws/install/include/lifecycle_msgs/lifecycle_msgs/srv/detail/get_available_states__type_support.cpp
[9.315s] -- Installing: /workspace/jazzy_ws/install/include/lifecycle_msgs/lifecycle_msgs/srv/detail/change_state__type_support.cpp
[9.315s] -- Installing: /workspace/jazzy_ws/install/lib/liblifecycle_msgs__rosidl_typesupport_introspection_cpp.so
[9.315s] -- Set non-toolchain portion of runtime path of "/workspace/jazzy_ws/install/lib/liblifecycle_msgs__rosidl_typesupport_introspection_cpp.so" to ""
[9.315s] -- Installing: /workspace/jazzy_ws/install/lib/liblifecycle_msgs__rosidl_typesupport_cpp.so
[9.315s] -- Set non-toolchain portion of runtime path of "/workspace/jazzy_ws/install/lib/liblifecycle_msgs__rosidl_typesupport_cpp.so" to ""
[9.315s] -- Installing: /workspace/jazzy_ws/install/share/lifecycle_msgs/environment/pythonpath.sh
[9.315s] -- Installing: /workspace/jazzy_ws/install/share/lifecycle_msgs/environment/pythonpath.dsv
[9.321s] -- Installing: /workspace/jazzy_ws/install/lib/python3.12/site-packages/lifecycle_msgs-2.0.3-py3.12.egg-info
[9.321s] -- Installing: /workspace/jazzy_ws/install/lib/python3.12/site-packages/lifecycle_msgs-2.0.3-py3.12.egg-info/PKG-INFO
[9.321s] -- Installing: /workspace/jazzy_ws/install/lib/python3.12/site-packages/lifecycle_msgs-2.0.3-py3.12.egg-info/SOURCES.txt
[9.324s] -- Installing: /workspace/jazzy_ws/install/lib/python3.12/site-packages/lifecycle_msgs-2.0.3-py3.12.egg-info/top_level.txt
[9.324s] -- Installing: /workspace/jazzy_ws/install/lib/python3.12/site-packages/lifecycle_msgs-2.0.3-py3.12.egg-info/dependency_links.txt
[9.324s] -- Installing: /workspace/jazzy_ws/install/lib/python3.12/site-packages/lifecycle_msgs
[9.324s] -- Installing: /workspace/jazzy_ws/install/lib/python3.12/site-packages/lifecycle_msgs/_lifecycle_msgs_s.ep.rosidl_typesupport_introspection_c.c
[9.324s] -- Installing: /workspace/jazzy_ws/install/lib/python3.12/site-packages/lifecycle_msgs/msg
[9.325s] -- Installing: /workspace/jazzy_ws/install/lib/python3.12/site-packages/lifecycle_msgs/msg/_transition_event_s.c
[9.325s] -- Installing: /workspace/jazzy_ws/install/lib/python3.12/site-packages/lifecycle_msgs/msg/_state_s.c
[9.325s] -- Installing: /workspace/jazzy_ws/install/lib/python3.12/site-packages/lifecycle_msgs/msg/__init__.py
[9.325s] -- Installing: /workspace/jazzy_ws/install/lib/python3.12/site-packages/lifecycle_msgs/msg/_transition_event.py
[9.325s] -- Installing: /workspace/jazzy_ws/install/lib/python3.12/site-packages/lifecycle_msgs/msg/_transition_s.c
[9.325s] -- Installing: /workspace/jazzy_ws/install/lib/python3.12/site-packages/lifecycle_msgs/msg/_transition_description_s.c
[9.325s] -- Installing: /workspace/jazzy_ws/install/lib/python3.12/site-packages/lifecycle_msgs/msg/_transition_description.py
[9.325s] -- Installing: /workspace/jazzy_ws/install/lib/python3.12/site-packages/lifecycle_msgs/msg/_state.py
[9.325s] -- Installing: /workspace/jazzy_ws/install/lib/python3.12/site-packages/lifecycle_msgs/msg/_transition.py
[9.325s] -- Installing: /workspace/jazzy_ws/install/lib/python3.12/site-packages/lifecycle_msgs/lifecycle_msgs_s__rosidl_typesupport_introspection_c.so
[9.325s] -- Installing: /workspace/jazzy_ws/install/lib/python3.12/site-packages/lifecycle_msgs/__init__.py
[9.325s] -- Installing: /workspace/jazzy_ws/install/lib/python3.12/site-packages/lifecycle_msgs/_lifecycle_msgs_s.ep.rosidl_typesupport_c.c
[9.325s] -- Installing: /workspace/jazzy_ws/install/lib/python3.12/site-packages/lifecycle_msgs/srv
[9.325s] -- Installing: /workspace/jazzy_ws/install/lib/python3.12/site-packages/lifecycle_msgs/srv/_get_available_states.py
[9.325s] -- Installing: /workspace/jazzy_ws/install/lib/python3.12/site-packages/lifecycle_msgs/srv/_get_available_states_s.c
[9.325s] -- Installing: /workspace/jazzy_ws/install/lib/python3.12/site-packages/lifecycle_msgs/srv/_get_available_transitions_s.c
[9.325s] -- Installing: /workspace/jazzy_ws/install/lib/python3.12/site-packages/lifecycle_msgs/srv/_get_state_s.c
[9.325s] -- Installing: /workspace/jazzy_ws/install/lib/python3.12/site-packages/lifecycle_msgs/srv/__init__.py
[9.325s] -- Installing: /workspace/jazzy_ws/install/lib/python3.12/site-packages/lifecycle_msgs/srv/_get_state.py
[9.325s] -- Installing: /workspace/jazzy_ws/install/lib/python3.12/site-packages/lifecycle_msgs/srv/_get_available_transitions.py
[9.325s] -- Installing: /workspace/jazzy_ws/install/lib/python3.12/site-packages/lifecycle_msgs/srv/_change_state.py
[9.325s] -- Installing: /workspace/jazzy_ws/install/lib/python3.12/site-packages/lifecycle_msgs/srv/_change_state_s.c
[9.325s] -- Installing: /workspace/jazzy_ws/install/lib/python3.12/site-packages/lifecycle_msgs/lifecycle_msgs_s__rosidl_typesupport_fastrtps_c.so
[9.326s] -- Installing: /workspace/jazzy_ws/install/lib/python3.12/site-packages/lifecycle_msgs/lifecycle_msgs_s__rosidl_typesupport_c.so
[9.326s] -- Installing: /workspace/jazzy_ws/install/lib/python3.12/site-packages/lifecycle_msgs/_lifecycle_msgs_s.ep.rosidl_typesupport_fastrtps_c.c
[9.503s] Listing '/workspace/jazzy_ws/install/lib/python3.12/site-packages/lifecycle_msgs'...
[9.503s] Compiling '/workspace/jazzy_ws/install/lib/python3.12/site-packages/lifecycle_msgs/__init__.py'...
[9.503s] Listing '/workspace/jazzy_ws/install/lib/python3.12/site-packages/lifecycle_msgs/msg'...
[9.503s] Compiling '/workspace/jazzy_ws/install/lib/python3.12/site-packages/lifecycle_msgs/msg/__init__.py'...
[9.503s] Compiling '/workspace/jazzy_ws/install/lib/python3.12/site-packages/lifecycle_msgs/msg/_state.py'...
[9.503s] Compiling '/workspace/jazzy_ws/install/lib/python3.12/site-packages/lifecycle_msgs/msg/_transition.py'...
[9.503s] Compiling '/workspace/jazzy_ws/install/lib/python3.12/site-packages/lifecycle_msgs/msg/_transition_description.py'...
[9.503s] Compiling '/workspace/jazzy_ws/install/lib/python3.12/site-packages/lifecycle_msgs/msg/_transition_event.py'...
[9.503s] Listing '/workspace/jazzy_ws/install/lib/python3.12/site-packages/lifecycle_msgs/srv'...
[9.504s] Compiling '/workspace/jazzy_ws/install/lib/python3.12/site-packages/lifecycle_msgs/srv/__init__.py'...
[9.504s] Compiling '/workspace/jazzy_ws/install/lib/python3.12/site-packages/lifecycle_msgs/srv/_change_state.py'...
[9.504s] Compiling '/workspace/jazzy_ws/install/lib/python3.12/site-packages/lifecycle_msgs/srv/_get_available_states.py'...
[9.504s] Compiling '/workspace/jazzy_ws/install/lib/python3.12/site-packages/lifecycle_msgs/srv/_get_available_transitions.py'...
[9.504s] Compiling '/workspace/jazzy_ws/install/lib/python3.12/site-packages/lifecycle_msgs/srv/_get_state.py'...
[9.540s] -- Installing: /workspace/jazzy_ws/install/lib/python3.12/site-packages/lifecycle_msgs/lifecycle_msgs_s__rosidl_typesupport_fastrtps_c.so
[9.540s] -- Set non-toolchain portion of runtime path of "/workspace/jazzy_ws/install/lib/python3.12/site-packages/lifecycle_msgs/lifecycle_msgs_s__rosidl_typesupport_fastrtps_c.so" to ""
[9.540s] -- Installing: /workspace/jazzy_ws/install/lib/python3.12/site-packages/lifecycle_msgs/lifecycle_msgs_s__rosidl_typesupport_introspection_c.so
[9.540s] -- Set non-toolchain portion of runtime path of "/workspace/jazzy_ws/install/lib/python3.12/site-packages/lifecycle_msgs/lifecycle_msgs_s__rosidl_typesupport_introspection_c.so" to ""
[9.540s] -- Installing: /workspace/jazzy_ws/install/lib/python3.12/site-packages/lifecycle_msgs/lifecycle_msgs_s__rosidl_typesupport_c.so
[9.540s] -- Set non-toolchain portion of runtime path of "/workspace/jazzy_ws/install/lib/python3.12/site-packages/lifecycle_msgs/lifecycle_msgs_s__rosidl_typesupport_c.so" to ""
[9.540s] -- Installing: /workspace/jazzy_ws/install/lib/liblifecycle_msgs__rosidl_generator_py.so
[9.540s] -- Set non-toolchain portion of runtime path of "/workspace/jazzy_ws/install/lib/liblifecycle_msgs__rosidl_generator_py.so" to ""
[9.540s] -- Installing: /workspace/jazzy_ws/install/share/lifecycle_msgs/msg/State.idl
[9.540s] -- Installing: /workspace/jazzy_ws/install/share/lifecycle_msgs/msg/Transition.idl
[9.540s] -- Installing: /workspace/jazzy_ws/install/share/lifecycle_msgs/msg/TransitionDescription.idl
[9.540s] -- Installing: /workspace/jazzy_ws/install/share/lifecycle_msgs/msg/TransitionEvent.idl
[9.540s] -- Installing: /workspace/jazzy_ws/install/share/lifecycle_msgs/srv/ChangeState.idl
[9.540s] -- Installing: /workspace/jazzy_ws/install/share/lifecycle_msgs/srv/GetAvailableStates.idl
[9.540s] -- Installing: /workspace/jazzy_ws/install/share/lifecycle_msgs/srv/GetAvailableTransitions.idl
[9.540s] -- Installing: /workspace/jazzy_ws/install/share/lifecycle_msgs/srv/GetState.idl
[9.540s] -- Installing: /workspace/jazzy_ws/install/share/lifecycle_msgs/msg/State.msg
[9.540s] -- Installing: /workspace/jazzy_ws/install/share/lifecycle_msgs/msg/Transition.msg
[9.541s] -- Installing: /workspace/jazzy_ws/install/share/lifecycle_msgs/msg/TransitionDescription.msg
[9.541s] -- Installing: /workspace/jazzy_ws/install/share/lifecycle_msgs/msg/TransitionEvent.msg
[9.541s] -- Installing: /workspace/jazzy_ws/install/share/lifecycle_msgs/srv/ChangeState.srv
[9.541s] -- Installing: /workspace/jazzy_ws/install/share/lifecycle_msgs/srv/GetAvailableStates.srv
[9.541s] -- Installing: /workspace/jazzy_ws/install/share/lifecycle_msgs/srv/GetAvailableTransitions.srv
[9.541s] -- Installing: /workspace/jazzy_ws/install/share/lifecycle_msgs/srv/GetState.srv
[9.541s] -- Installing: /workspace/jazzy_ws/install/share/ament_index/resource_index/package_run_dependencies/lifecycle_msgs
[9.541s] -- Installing: /workspace/jazzy_ws/install/share/ament_index/resource_index/parent_prefix_path/lifecycle_msgs
[9.541s] -- Installing: /workspace/jazzy_ws/install/share/lifecycle_msgs/environment/ament_prefix_path.sh
[9.548s] -- Installing: /workspace/jazzy_ws/install/share/lifecycle_msgs/environment/ament_prefix_path.dsv
[9.548s] -- Installing: /workspace/jazzy_ws/install/share/lifecycle_msgs/environment/path.sh
[9.548s] -- Installing: /workspace/jazzy_ws/install/share/lifecycle_msgs/environment/path.dsv
[9.548s] -- Installing: /workspace/jazzy_ws/install/share/lifecycle_msgs/local_setup.bash
[9.548s] -- Installing: /workspace/jazzy_ws/install/share/lifecycle_msgs/local_setup.sh
[9.548s] -- Installing: /workspace/jazzy_ws/install/share/lifecycle_msgs/local_setup.zsh
[9.548s] -- Installing: /workspace/jazzy_ws/install/share/lifecycle_msgs/local_setup.dsv
[9.548s] -- Installing: /workspace/jazzy_ws/install/share/lifecycle_msgs/package.dsv
[9.548s] -- Installing: /workspace/jazzy_ws/install/share/ament_index/resource_index/packages/lifecycle_msgs
[9.548s] -- Installing: /workspace/jazzy_ws/install/share/lifecycle_msgs/cmake/export_lifecycle_msgs__rosidl_generator_cExport.cmake
[9.548s] -- Installing: /workspace/jazzy_ws/install/share/lifecycle_msgs/cmake/export_lifecycle_msgs__rosidl_generator_cExport-noconfig.cmake
[9.548s] -- Installing: /workspace/jazzy_ws/install/share/lifecycle_msgs/cmake/export_lifecycle_msgs__rosidl_typesupport_fastrtps_cExport.cmake
[9.548s] -- Installing: /workspace/jazzy_ws/install/share/lifecycle_msgs/cmake/export_lifecycle_msgs__rosidl_typesupport_fastrtps_cExport-noconfig.cmake
[9.548s] -- Installing: /workspace/jazzy_ws/install/share/lifecycle_msgs/cmake/lifecycle_msgs__rosidl_typesupport_introspection_cExport.cmake
[9.548s] -- Installing: /workspace/jazzy_ws/install/share/lifecycle_msgs/cmake/lifecycle_msgs__rosidl_typesupport_introspection_cExport-noconfig.cmake
[9.548s] -- Installing: /workspace/jazzy_ws/install/share/lifecycle_msgs/cmake/lifecycle_msgs__rosidl_typesupport_cExport.cmake
[9.548s] -- Installing: /workspace/jazzy_ws/install/share/lifecycle_msgs/cmake/lifecycle_msgs__rosidl_typesupport_cExport-noconfig.cmake
[9.548s] -- Installing: /workspace/jazzy_ws/install/share/lifecycle_msgs/cmake/export_lifecycle_msgs__rosidl_generator_cppExport.cmake
[9.548s] -- Installing: /workspace/jazzy_ws/install/share/lifecycle_msgs/cmake/export_lifecycle_msgs__rosidl_typesupport_fastrtps_cppExport.cmake
[9.548s] -- Installing: /workspace/jazzy_ws/install/share/lifecycle_msgs/cmake/export_lifecycle_msgs__rosidl_typesupport_fastrtps_cppExport-noconfig.cmake
[9.548s] -- Installing: /workspace/jazzy_ws/install/share/lifecycle_msgs/cmake/lifecycle_msgs__rosidl_typesupport_introspection_cppExport.cmake
[9.548s] -- Installing: /workspace/jazzy_ws/install/share/lifecycle_msgs/cmake/lifecycle_msgs__rosidl_typesupport_introspection_cppExport-noconfig.cmake
[9.549s] -- Installing: /workspace/jazzy_ws/install/share/lifecycle_msgs/cmake/lifecycle_msgs__rosidl_typesupport_cppExport.cmake
[9.549s] -- Installing: /workspace/jazzy_ws/install/share/lifecycle_msgs/cmake/lifecycle_msgs__rosidl_typesupport_cppExport-noconfig.cmake
[9.549s] -- Installing: /workspace/jazzy_ws/install/share/lifecycle_msgs/cmake/export_lifecycle_msgs__rosidl_generator_pyExport.cmake
[9.549s] -- Installing: /workspace/jazzy_ws/install/share/lifecycle_msgs/cmake/export_lifecycle_msgs__rosidl_generator_pyExport-noconfig.cmake
[9.549s] -- Installing: /workspace/jazzy_ws/install/share/lifecycle_msgs/cmake/rosidl_cmake-extras.cmake
[9.549s] -- Installing: /workspace/jazzy_ws/install/share/lifecycle_msgs/cmake/ament_cmake_export_dependencies-extras.cmake
[9.549s] -- Installing: /workspace/jazzy_ws/install/share/lifecycle_msgs/cmake/ament_cmake_export_include_directories-extras.cmake
[9.549s] -- Installing: /workspace/jazzy_ws/install/share/lifecycle_msgs/cmake/ament_cmake_export_libraries-extras.cmake
[9.549s] -- Installing: /workspace/jazzy_ws/install/share/lifecycle_msgs/cmake/ament_cmake_export_targets-extras.cmake
[9.557s] -- Installing: /workspace/jazzy_ws/install/share/lifecycle_msgs/cmake/rosidl_cmake_export_typesupport_targets-extras.cmake
[9.557s] -- Installing: /workspace/jazzy_ws/install/share/lifecycle_msgs/cmake/rosidl_cmake_export_typesupport_libraries-extras.cmake
[9.557s] -- Installing: /workspace/jazzy_ws/install/share/lifecycle_msgs/cmake/lifecycle_msgsConfig.cmake
[9.558s] -- Installing: /workspace/jazzy_ws/install/share/lifecycle_msgs/cmake/lifecycle_msgsConfig-version.cmake
[9.558s] -- Installing: /workspace/jazzy_ws/install/share/lifecycle_msgs/package.xml
[9.582s] Invoked command in '/workspace/jazzy_ws/build/lifecycle_msgs' returned '0': AMENT_PREFIX_PATH=/workspace/jazzy_ws/install CMAKE_PREFIX_PATH=/workspace/jazzy_ws/install LD_LIBRARY_PATH=/workspace/jazzy_ws/install/lib:/workspace/jazzy_ws/install/opt/mimick_vendor/lib PATH=/workspace/jazzy_ws/install/bin:/workspace/jazzy_ws/install/opt/uncrustify_vendor/bin:${PATH} PKG_CONFIG_PATH=/workspace/jazzy_ws/install/lib/x86_64-linux-gnu/pkgconfig:/workspace/jazzy_ws/install/lib/pkgconfig PYTHONPATH=/workspace/jazzy_ws/install/lib/python3.12/site-packages /usr/bin/cmake --install /workspace/jazzy_ws/build/lifecycle_msgs
