-- The C compiler identification is GNU 13.3.0
-- The CXX compiler identification is GNU 13.3.0
-- Detecting C compiler ABI info
-- Detecting C compiler ABI info - done
-- Check for working C compiler: /usr/bin/cc - skipped
-- Detecting C compile features
-- Detecting C compile features - done
-- Detecting CXX compiler ABI info
-- Detecting CXX compiler ABI info - done
-- Check for working CXX compiler: /usr/bin/c++ - skipped
-- Detecting CXX compile features
-- Detecting CXX compile features - done
-- Found ament_cmake: 2.5.5 (/workspace/jazzy_ws/install/share/ament_cmake/cmake)
-- Found Python3: /usr/bin/python3 (found version "3.12.3") found components: Interpreter 
-- Found builtin_interfaces: 2.0.3 (/workspace/jazzy_ws/install/share/builtin_interfaces/cmake)
-- Found rosidl_generator_c: 4.6.7 (/workspace/jazzy_ws/install/share/rosidl_generator_c/cmake)
-- Found rosidl_generator_cpp: 4.6.7 (/workspace/jazzy_ws/install/share/rosidl_generator_cpp/cmake)
-- Using all available rosidl_typesupport_c: rosidl_typesupport_fastrtps_c;rosidl_typesupport_introspection_c
-- Using all available rosidl_typesupport_cpp: rosidl_typesupport_fastrtps_cpp;rosidl_typesupport_introspection_cpp
-- Found geometry_msgs: 5.3.6 (/workspace/jazzy_ws/install/share/geometry_msgs/cmake)
-- Found rosidl_default_generators: 1.6.0 (/workspace/jazzy_ws/install/share/rosidl_default_generators/cmake)
-- Found rosidl_adapter: 4.6.7 (/workspace/jazzy_ws/install/share/rosidl_adapter/cmake)
-- Found ament_cmake_cppcheck: 0.17.4 (/workspace/jazzy_ws/install/share/ament_cmake_cppcheck/cmake)
-- Found ament_cmake_cpplint: 0.17.4 (/workspace/jazzy_ws/install/share/ament_cmake_cpplint/cmake)
-- Found ament_cmake_uncrustify: 0.17.4 (/workspace/jazzy_ws/install/share/ament_cmake_uncrustify/cmake)
-- Found ament_cmake_ros: 0.12.0 (/workspace/jazzy_ws/install/share/ament_cmake_ros/cmake)
-- Using all available rosidl_typesupport_c: rosidl_typesupport_fastrtps_c;rosidl_typesupport_introspection_c
-- Using all available rosidl_typesupport_cpp: rosidl_typesupport_fastrtps_cpp;rosidl_typesupport_introspection_cpp
-- Found python_cmake_module: 0.11.1 (/workspace/jazzy_ws/install/share/python_cmake_module/cmake)
-- Found PythonExtra: /usr/bin/python3  
-- Found Python3: /usr/bin/python3 (found version "3.12.3") found components: Interpreter Development NumPy Development.Module Development.Embed 
-- Found ament_cmake_flake8: 0.17.4 (/workspace/jazzy_ws/install/share/ament_cmake_flake8/cmake)
-- Found ament_cmake_pep257: 0.17.4 (/workspace/jazzy_ws/install/share/ament_cmake_pep257/cmake)
-- Configuring done (2.1s)
-- Generating done (0.0s)
-- Build files have been written to: /workspace/jazzy_ws/build/trajectory_msgs
[  1%] Generating type hashes for ROS interfaces
[  1%] Built target ament_cmake_python_copy_trajectory_msgs
running egg_info
creating trajectory_msgs.egg-info
writing trajectory_msgs.egg-info/PKG-INFO
writing dependency_links to trajectory_msgs.egg-info/dependency_links.txt
writing top-level names to trajectory_msgs.egg-info/top_level.txt
writing manifest file 'trajectory_msgs.egg-info/SOURCES.txt'
reading manifest file 'trajectory_msgs.egg-info/SOURCES.txt'
writing manifest file 'trajectory_msgs.egg-info/SOURCES.txt'
[  1%] Built target ament_cmake_python_build_trajectory_msgs_egg
[  1%] Built target trajectory_msgs__rosidl_generator_type_description
[  3%] Generating C code for ROS interfaces
[  4%] Generating C++ code for ROS interfaces
[  4%] Built target trajectory_msgs__cpp
[  6%] Building C object CMakeFiles/trajectory_msgs__rosidl_generator_c.dir/rosidl_generator_c/trajectory_msgs/msg/detail/joint_trajectory__type_support.c.o
[  7%] Building C object CMakeFiles/trajectory_msgs__rosidl_generator_c.dir/rosidl_generator_c/trajectory_msgs/msg/detail/joint_trajectory__functions.c.o
[ 10%] Building C object CMakeFiles/trajectory_msgs__rosidl_generator_c.dir/rosidl_generator_c/trajectory_msgs/msg/detail/joint_trajectory_point__description.c.o
[ 10%] Building C object CMakeFiles/trajectory_msgs__rosidl_generator_c.dir/rosidl_generator_c/trajectory_msgs/msg/detail/multi_dof_joint_trajectory__description.c.o
[ 12%] Building C object CMakeFiles/trajectory_msgs__rosidl_generator_c.dir/rosidl_generator_c/trajectory_msgs/msg/detail/multi_dof_joint_trajectory__functions.c.o
[ 14%] Building C object CMakeFiles/trajectory_msgs__rosidl_generator_c.dir/rosidl_generator_c/trajectory_msgs/msg/detail/multi_dof_joint_trajectory__type_support.c.o
[ 15%] Building C object CMakeFiles/trajectory_msgs__rosidl_generator_c.dir/rosidl_generator_c/trajectory_msgs/msg/detail/joint_trajectory_point__functions.c.o
[ 17%] Building C object CMakeFiles/trajectory_msgs__rosidl_generator_c.dir/rosidl_generator_c/trajectory_msgs/msg/detail/multi_dof_joint_trajectory_point__type_support.c.o
[ 20%] Building C object CMakeFiles/trajectory_msgs__rosidl_generator_c.dir/rosidl_generator_c/trajectory_msgs/msg/detail/multi_dof_joint_trajectory_point__description.c.o
[ 20%] Building C object CMakeFiles/trajectory_msgs__rosidl_generator_c.dir/rosidl_generator_c/trajectory_msgs/msg/detail/joint_trajectory_point__type_support.c.o
[ 21%] Building C object CMakeFiles/trajectory_msgs__rosidl_generator_c.dir/rosidl_generator_c/trajectory_msgs/msg/detail/joint_trajectory__description.c.o
[ 23%] Building C object CMakeFiles/trajectory_msgs__rosidl_generator_c.dir/rosidl_generator_c/trajectory_msgs/msg/detail/multi_dof_joint_trajectory_point__functions.c.o
[ 25%] Linking C shared library libtrajectory_msgs__rosidl_generator_c.so
[ 25%] Built target trajectory_msgs__rosidl_generator_c
[ 28%] Generating C type support dispatch for ROS interfaces
[ 28%] Generating C introspection for ROS interfaces
[ 29%] Generating C++ introspection for ROS interfaces
[ 31%] Generating C++ type support dispatch for ROS interfaces
[ 32%] Generating C++ type support for eProsima Fast-RTPS
[ 34%] Generating C type support for eProsima Fast-RTPS
[ 35%] Building C object CMakeFiles/trajectory_msgs__rosidl_typesupport_introspection_c.dir/rosidl_typesupport_introspection_c/trajectory_msgs/msg/detail/multi_dof_joint_trajectory__type_support.c.o
[ 39%] Building C object CMakeFiles/trajectory_msgs__rosidl_typesupport_introspection_c.dir/rosidl_typesupport_introspection_c/trajectory_msgs/msg/detail/joint_trajectory__type_support.c.o
[ 37%] Building C object CMakeFiles/trajectory_msgs__rosidl_typesupport_introspection_c.dir/rosidl_typesupport_introspection_c/trajectory_msgs/msg/detail/multi_dof_joint_trajectory_point__type_support.c.o
[ 40%] Building C object CMakeFiles/trajectory_msgs__rosidl_typesupport_introspection_c.dir/rosidl_typesupport_introspection_c/trajectory_msgs/msg/detail/joint_trajectory_point__type_support.c.o
[ 42%] Building CXX object CMakeFiles/trajectory_msgs__rosidl_typesupport_fastrtps_cpp.dir/rosidl_typesupport_fastrtps_cpp/trajectory_msgs/msg/detail/dds_fastrtps/joint_trajectory__type_support.cpp.o
[ 43%] Building CXX object CMakeFiles/trajectory_msgs__rosidl_typesupport_fastrtps_cpp.dir/rosidl_typesupport_fastrtps_cpp/trajectory_msgs/msg/detail/dds_fastrtps/joint_trajectory_point__type_support.cpp.o
[ 45%] Building CXX object CMakeFiles/trajectory_msgs__rosidl_typesupport_fastrtps_cpp.dir/rosidl_typesupport_fastrtps_cpp/trajectory_msgs/msg/detail/dds_fastrtps/multi_dof_joint_trajectory__type_support.cpp.o
[ 46%] Building CXX object CMakeFiles/trajectory_msgs__rosidl_typesupport_fastrtps_cpp.dir/rosidl_typesupport_fastrtps_cpp/trajectory_msgs/msg/detail/dds_fastrtps/multi_dof_joint_trajectory_point__type_support.cpp.o
[ 48%] Building CXX object CMakeFiles/trajectory_msgs__rosidl_typesupport_c.dir/rosidl_typesupport_c/trajectory_msgs/msg/joint_trajectory__type_support.cpp.o
[ 51%] Building CXX object CMakeFiles/trajectory_msgs__rosidl_typesupport_fastrtps_c.dir/rosidl_typesupport_fastrtps_c/trajectory_msgs/msg/detail/joint_trajectory__type_support_c.cpp.o
[ 53%] Building CXX object CMakeFiles/trajectory_msgs__rosidl_typesupport_fastrtps_c.dir/rosidl_typesupport_fastrtps_c/trajectory_msgs/msg/detail/joint_trajectory_point__type_support_c.cpp.o
[ 54%] Building CXX object CMakeFiles/trajectory_msgs__rosidl_typesupport_c.dir/rosidl_typesupport_c/trajectory_msgs/msg/joint_trajectory_point__type_support.cpp.o
[ 56%] Building CXX object CMakeFiles/trajectory_msgs__rosidl_typesupport_c.dir/rosidl_typesupport_c/trajectory_msgs/msg/multi_dof_joint_trajectory__type_support.cpp.o
[ 50%] Building CXX object CMakeFiles/trajectory_msgs__rosidl_typesupport_c.dir/rosidl_typesupport_c/trajectory_msgs/msg/multi_dof_joint_trajectory_point__type_support.cpp.o
[ 59%] Building CXX object CMakeFiles/trajectory_msgs__rosidl_typesupport_fastrtps_c.dir/rosidl_typesupport_fastrtps_c/trajectory_msgs/msg/detail/multi_dof_joint_trajectory_point__type_support_c.cpp.o
[ 57%] Building CXX object CMakeFiles/trajectory_msgs__rosidl_typesupport_fastrtps_c.dir/rosidl_typesupport_fastrtps_c/trajectory_msgs/msg/detail/multi_dof_joint_trajectory__type_support_c.cpp.o
[ 60%] Linking C shared library libtrajectory_msgs__rosidl_typesupport_introspection_c.so
[ 62%] Building CXX object CMakeFiles/trajectory_msgs__rosidl_typesupport_cpp.dir/rosidl_typesupport_cpp/trajectory_msgs/msg/joint_trajectory__type_support.cpp.o
[ 64%] Building CXX object CMakeFiles/trajectory_msgs__rosidl_typesupport_cpp.dir/rosidl_typesupport_cpp/trajectory_msgs/msg/joint_trajectory_point__type_support.cpp.o
[ 65%] Building CXX object CMakeFiles/trajectory_msgs__rosidl_typesupport_cpp.dir/rosidl_typesupport_cpp/trajectory_msgs/msg/multi_dof_joint_trajectory__type_support.cpp.o
[ 67%] Building CXX object CMakeFiles/trajectory_msgs__rosidl_typesupport_cpp.dir/rosidl_typesupport_cpp/trajectory_msgs/msg/multi_dof_joint_trajectory_point__type_support.cpp.o
[ 70%] Building CXX object CMakeFiles/trajectory_msgs__rosidl_typesupport_introspection_cpp.dir/rosidl_typesupport_introspection_cpp/trajectory_msgs/msg/detail/multi_dof_joint_trajectory__type_support.cpp.o
[ 71%] Building CXX object CMakeFiles/trajectory_msgs__rosidl_typesupport_introspection_cpp.dir/rosidl_typesupport_introspection_cpp/trajectory_msgs/msg/detail/multi_dof_joint_trajectory_point__type_support.cpp.o
[ 71%] Building CXX object CMakeFiles/trajectory_msgs__rosidl_typesupport_introspection_cpp.dir/rosidl_typesupport_introspection_cpp/trajectory_msgs/msg/detail/joint_trajectory__type_support.cpp.o
[ 73%] Building CXX object CMakeFiles/trajectory_msgs__rosidl_typesupport_introspection_cpp.dir/rosidl_typesupport_introspection_cpp/trajectory_msgs/msg/detail/joint_trajectory_point__type_support.cpp.o
[ 75%] Linking CXX shared library libtrajectory_msgs__rosidl_typesupport_c.so
[ 75%] Built target trajectory_msgs__rosidl_typesupport_introspection_c
[ 75%] Built target trajectory_msgs__rosidl_typesupport_c
[ 76%] Linking CXX shared library libtrajectory_msgs__rosidl_typesupport_cpp.so
[ 76%] Built target trajectory_msgs__rosidl_typesupport_cpp
[ 78%] Linking CXX shared library libtrajectory_msgs__rosidl_typesupport_introspection_cpp.so
[ 79%] Linking CXX shared library libtrajectory_msgs__rosidl_typesupport_fastrtps_c.so
[ 79%] Built target trajectory_msgs__rosidl_typesupport_introspection_cpp
[ 79%] Built target trajectory_msgs__rosidl_typesupport_fastrtps_c
[ 81%] Linking CXX shared library libtrajectory_msgs__rosidl_typesupport_fastrtps_cpp.so
[ 81%] Built target trajectory_msgs__rosidl_typesupport_fastrtps_cpp
[ 81%] Built target trajectory_msgs
[ 82%] Generating Python code for ROS interfaces
[ 82%] Built target trajectory_msgs__py
[ 84%] Building C object CMakeFiles/trajectory_msgs__rosidl_generator_py.dir/rosidl_generator_py/trajectory_msgs/msg/_joint_trajectory_s.c.o
[ 85%] Building C object CMakeFiles/trajectory_msgs__rosidl_generator_py.dir/rosidl_generator_py/trajectory_msgs/msg/_joint_trajectory_point_s.c.o
[ 87%] Building C object CMakeFiles/trajectory_msgs__rosidl_generator_py.dir/rosidl_generator_py/trajectory_msgs/msg/_multi_dof_joint_trajectory_s.c.o
[ 89%] Building C object CMakeFiles/trajectory_msgs__rosidl_generator_py.dir/rosidl_generator_py/trajectory_msgs/msg/_multi_dof_joint_trajectory_point_s.c.o
[ 90%] Linking C shared library libtrajectory_msgs__rosidl_generator_py.so
[ 90%] Built target trajectory_msgs__rosidl_generator_py
[ 92%] Building C object CMakeFiles/trajectory_msgs_s__rosidl_typesupport_fastrtps_c.dir/rosidl_generator_py/trajectory_msgs/_trajectory_msgs_s.ep.rosidl_typesupport_fastrtps_c.c.o
[ 93%] Building C object CMakeFiles/trajectory_msgs_s__rosidl_typesupport_introspection_c.dir/rosidl_generator_py/trajectory_msgs/_trajectory_msgs_s.ep.rosidl_typesupport_introspection_c.c.o
[ 95%] Building C object CMakeFiles/trajectory_msgs_s__rosidl_typesupport_c.dir/rosidl_generator_py/trajectory_msgs/_trajectory_msgs_s.ep.rosidl_typesupport_c.c.o
[ 96%] Linking C shared module rosidl_generator_py/trajectory_msgs/trajectory_msgs_s__rosidl_typesupport_introspection_c.so
[ 98%] Linking C shared module rosidl_generator_py/trajectory_msgs/trajectory_msgs_s__rosidl_typesupport_fastrtps_c.so
[100%] Linking C shared module rosidl_generator_py/trajectory_msgs/trajectory_msgs_s__rosidl_typesupport_c.so
[100%] Built target trajectory_msgs_s__rosidl_typesupport_introspection_c
[100%] Built target trajectory_msgs_s__rosidl_typesupport_fastrtps_c
[100%] Built target trajectory_msgs_s__rosidl_typesupport_c
-- Install configuration: ""
-- Installing: /workspace/jazzy_ws/install/share/ament_index/resource_index/rosidl_interfaces/trajectory_msgs
-- Installing: /workspace/jazzy_ws/install/share/trajectory_msgs/msg/JointTrajectory.json
-- Installing: /workspace/jazzy_ws/install/share/trajectory_msgs/msg/JointTrajectoryPoint.json
-- Installing: /workspace/jazzy_ws/install/share/trajectory_msgs/msg/MultiDOFJointTrajectory.json
-- Installing: /workspace/jazzy_ws/install/share/trajectory_msgs/msg/MultiDOFJointTrajectoryPoint.json
-- Installing: /workspace/jazzy_ws/install/include/trajectory_msgs/trajectory_msgs
-- Installing: /workspace/jazzy_ws/install/include/trajectory_msgs/trajectory_msgs/msg
-- Installing: /workspace/jazzy_ws/install/include/trajectory_msgs/trajectory_msgs/msg/detail
-- Installing: /workspace/jazzy_ws/install/include/trajectory_msgs/trajectory_msgs/msg/detail/multi_dof_joint_trajectory__functions.h
-- Installing: /workspace/jazzy_ws/install/include/trajectory_msgs/trajectory_msgs/msg/detail/joint_trajectory_point__type_support.c
-- Installing: /workspace/jazzy_ws/install/include/trajectory_msgs/trajectory_msgs/msg/detail/multi_dof_joint_trajectory__functions.c
-- Installing: /workspace/jazzy_ws/install/include/trajectory_msgs/trajectory_msgs/msg/detail/joint_trajectory_point__functions.h
-- Installing: /workspace/jazzy_ws/install/include/trajectory_msgs/trajectory_msgs/msg/detail/multi_dof_joint_trajectory__struct.h
-- Installing: /workspace/jazzy_ws/install/include/trajectory_msgs/trajectory_msgs/msg/detail/multi_dof_joint_trajectory_point__struct.h
-- Installing: /workspace/jazzy_ws/install/include/trajectory_msgs/trajectory_msgs/msg/detail/joint_trajectory__description.c
-- Installing: /workspace/jazzy_ws/install/include/trajectory_msgs/trajectory_msgs/msg/detail/joint_trajectory_point__functions.c
-- Installing: /workspace/jazzy_ws/install/include/trajectory_msgs/trajectory_msgs/msg/detail/joint_trajectory__type_support.h
-- Installing: /workspace/jazzy_ws/install/include/trajectory_msgs/trajectory_msgs/msg/detail/multi_dof_joint_trajectory_point__description.c
-- Installing: /workspace/jazzy_ws/install/include/trajectory_msgs/trajectory_msgs/msg/detail/multi_dof_joint_trajectory_point__type_support.h
-- Installing: /workspace/jazzy_ws/install/include/trajectory_msgs/trajectory_msgs/msg/detail/joint_trajectory__functions.h
-- Installing: /workspace/jazzy_ws/install/include/trajectory_msgs/trajectory_msgs/msg/detail/joint_trajectory_point__type_support.h
-- Installing: /workspace/jazzy_ws/install/include/trajectory_msgs/trajectory_msgs/msg/detail/joint_trajectory_point__description.c
-- Installing: /workspace/jazzy_ws/install/include/trajectory_msgs/trajectory_msgs/msg/detail/joint_trajectory_point__struct.h
-- Installing: /workspace/jazzy_ws/install/include/trajectory_msgs/trajectory_msgs/msg/detail/multi_dof_joint_trajectory__type_support.c
-- Installing: /workspace/jazzy_ws/install/include/trajectory_msgs/trajectory_msgs/msg/detail/joint_trajectory__struct.h
-- Installing: /workspace/jazzy_ws/install/include/trajectory_msgs/trajectory_msgs/msg/detail/multi_dof_joint_trajectory__type_support.h
-- Installing: /workspace/jazzy_ws/install/include/trajectory_msgs/trajectory_msgs/msg/detail/multi_dof_joint_trajectory_point__type_support.c
-- Installing: /workspace/jazzy_ws/install/include/trajectory_msgs/trajectory_msgs/msg/detail/joint_trajectory__functions.c
-- Installing: /workspace/jazzy_ws/install/include/trajectory_msgs/trajectory_msgs/msg/detail/multi_dof_joint_trajectory_point__functions.h
-- Installing: /workspace/jazzy_ws/install/include/trajectory_msgs/trajectory_msgs/msg/detail/multi_dof_joint_trajectory__description.c
-- Installing: /workspace/jazzy_ws/install/include/trajectory_msgs/trajectory_msgs/msg/detail/multi_dof_joint_trajectory_point__functions.c
-- Installing: /workspace/jazzy_ws/install/include/trajectory_msgs/trajectory_msgs/msg/detail/joint_trajectory__type_support.c
-- Installing: /workspace/jazzy_ws/install/include/trajectory_msgs/trajectory_msgs/msg/joint_trajectory.h
-- Installing: /workspace/jazzy_ws/install/include/trajectory_msgs/trajectory_msgs/msg/multi_dof_joint_trajectory_point.h
-- Installing: /workspace/jazzy_ws/install/include/trajectory_msgs/trajectory_msgs/msg/joint_trajectory_point.h
-- Installing: /workspace/jazzy_ws/install/include/trajectory_msgs/trajectory_msgs/msg/rosidl_generator_c__visibility_control.h
-- Installing: /workspace/jazzy_ws/install/include/trajectory_msgs/trajectory_msgs/msg/multi_dof_joint_trajectory.h
-- Installing: /workspace/jazzy_ws/install/share/trajectory_msgs/environment/library_path.sh
-- Installing: /workspace/jazzy_ws/install/share/trajectory_msgs/environment/library_path.dsv
-- Installing: /workspace/jazzy_ws/install/lib/libtrajectory_msgs__rosidl_generator_c.so
-- Set non-toolchain portion of runtime path of "/workspace/jazzy_ws/install/lib/libtrajectory_msgs__rosidl_generator_c.so" to ""
-- Up-to-date: /workspace/jazzy_ws/install/include/trajectory_msgs/trajectory_msgs
-- Up-to-date: /workspace/jazzy_ws/install/include/trajectory_msgs/trajectory_msgs/msg
-- Up-to-date: /workspace/jazzy_ws/install/include/trajectory_msgs/trajectory_msgs/msg/detail
-- Installing: /workspace/jazzy_ws/install/include/trajectory_msgs/trajectory_msgs/msg/detail/joint_trajectory_point__rosidl_typesupport_fastrtps_c.h
-- Installing: /workspace/jazzy_ws/install/include/trajectory_msgs/trajectory_msgs/msg/detail/multi_dof_joint_trajectory_point__rosidl_typesupport_fastrtps_c.h
-- Installing: /workspace/jazzy_ws/install/include/trajectory_msgs/trajectory_msgs/msg/detail/multi_dof_joint_trajectory__rosidl_typesupport_fastrtps_c.h
-- Installing: /workspace/jazzy_ws/install/include/trajectory_msgs/trajectory_msgs/msg/detail/joint_trajectory__rosidl_typesupport_fastrtps_c.h
-- Installing: /workspace/jazzy_ws/install/include/trajectory_msgs/trajectory_msgs/msg/rosidl_typesupport_fastrtps_c__visibility_control.h
-- Installing: /workspace/jazzy_ws/install/lib/libtrajectory_msgs__rosidl_typesupport_fastrtps_c.so
-- Set non-toolchain portion of runtime path of "/workspace/jazzy_ws/install/lib/libtrajectory_msgs__rosidl_typesupport_fastrtps_c.so" to ""
-- Up-to-date: /workspace/jazzy_ws/install/include/trajectory_msgs/trajectory_msgs
-- Up-to-date: /workspace/jazzy_ws/install/include/trajectory_msgs/trajectory_msgs/msg
-- Up-to-date: /workspace/jazzy_ws/install/include/trajectory_msgs/trajectory_msgs/msg/detail
-- Installing: /workspace/jazzy_ws/install/include/trajectory_msgs/trajectory_msgs/msg/detail/joint_trajectory_point__struct.hpp
-- Installing: /workspace/jazzy_ws/install/include/trajectory_msgs/trajectory_msgs/msg/detail/multi_dof_joint_trajectory_point__struct.hpp
-- Installing: /workspace/jazzy_ws/install/include/trajectory_msgs/trajectory_msgs/msg/detail/joint_trajectory__struct.hpp
-- Installing: /workspace/jazzy_ws/install/include/trajectory_msgs/trajectory_msgs/msg/detail/multi_dof_joint_trajectory_point__type_support.hpp
-- Installing: /workspace/jazzy_ws/install/include/trajectory_msgs/trajectory_msgs/msg/detail/multi_dof_joint_trajectory_point__traits.hpp
-- Installing: /workspace/jazzy_ws/install/include/trajectory_msgs/trajectory_msgs/msg/detail/joint_trajectory__type_support.hpp
-- Installing: /workspace/jazzy_ws/install/include/trajectory_msgs/trajectory_msgs/msg/detail/joint_trajectory_point__type_support.hpp
-- Installing: /workspace/jazzy_ws/install/include/trajectory_msgs/trajectory_msgs/msg/detail/multi_dof_joint_trajectory__builder.hpp
-- Installing: /workspace/jazzy_ws/install/include/trajectory_msgs/trajectory_msgs/msg/detail/multi_dof_joint_trajectory__struct.hpp
-- Installing: /workspace/jazzy_ws/install/include/trajectory_msgs/trajectory_msgs/msg/detail/joint_trajectory_point__traits.hpp
-- Installing: /workspace/jazzy_ws/install/include/trajectory_msgs/trajectory_msgs/msg/detail/joint_trajectory__traits.hpp
-- Installing: /workspace/jazzy_ws/install/include/trajectory_msgs/trajectory_msgs/msg/detail/multi_dof_joint_trajectory__type_support.hpp
-- Installing: /workspace/jazzy_ws/install/include/trajectory_msgs/trajectory_msgs/msg/detail/multi_dof_joint_trajectory_point__builder.hpp
-- Installing: /workspace/jazzy_ws/install/include/trajectory_msgs/trajectory_msgs/msg/detail/joint_trajectory__builder.hpp
-- Installing: /workspace/jazzy_ws/install/include/trajectory_msgs/trajectory_msgs/msg/detail/joint_trajectory_point__builder.hpp
-- Installing: /workspace/jazzy_ws/install/include/trajectory_msgs/trajectory_msgs/msg/detail/multi_dof_joint_trajectory__traits.hpp
-- Installing: /workspace/jazzy_ws/install/include/trajectory_msgs/trajectory_msgs/msg/rosidl_generator_cpp__visibility_control.hpp
-- Installing: /workspace/jazzy_ws/install/include/trajectory_msgs/trajectory_msgs/msg/joint_trajectory.hpp
-- Installing: /workspace/jazzy_ws/install/include/trajectory_msgs/trajectory_msgs/msg/joint_trajectory_point.hpp
-- Installing: /workspace/jazzy_ws/install/include/trajectory_msgs/trajectory_msgs/msg/multi_dof_joint_trajectory_point.hpp
-- Installing: /workspace/jazzy_ws/install/include/trajectory_msgs/trajectory_msgs/msg/multi_dof_joint_trajectory.hpp
-- Up-to-date: /workspace/jazzy_ws/install/include/trajectory_msgs/trajectory_msgs
-- Up-to-date: /workspace/jazzy_ws/install/include/trajectory_msgs/trajectory_msgs/msg
-- Up-to-date: /workspace/jazzy_ws/install/include/trajectory_msgs/trajectory_msgs/msg/detail
-- Installing: /workspace/jazzy_ws/install/include/trajectory_msgs/trajectory_msgs/msg/detail/multi_dof_joint_trajectory_point__rosidl_typesupport_fastrtps_cpp.hpp
-- Installing: /workspace/jazzy_ws/install/include/trajectory_msgs/trajectory_msgs/msg/detail/joint_trajectory_point__rosidl_typesupport_fastrtps_cpp.hpp
-- Installing: /workspace/jazzy_ws/install/include/trajectory_msgs/trajectory_msgs/msg/detail/dds_fastrtps
-- Installing: /workspace/jazzy_ws/install/include/trajectory_msgs/trajectory_msgs/msg/detail/multi_dof_joint_trajectory__rosidl_typesupport_fastrtps_cpp.hpp
-- Installing: /workspace/jazzy_ws/install/include/trajectory_msgs/trajectory_msgs/msg/detail/joint_trajectory__rosidl_typesupport_fastrtps_cpp.hpp
-- Installing: /workspace/jazzy_ws/install/include/trajectory_msgs/trajectory_msgs/msg/rosidl_typesupport_fastrtps_cpp__visibility_control.h
-- Installing: /workspace/jazzy_ws/install/lib/libtrajectory_msgs__rosidl_typesupport_fastrtps_cpp.so
-- Set non-toolchain portion of runtime path of "/workspace/jazzy_ws/install/lib/libtrajectory_msgs__rosidl_typesupport_fastrtps_cpp.so" to ""
-- Up-to-date: /workspace/jazzy_ws/install/include/trajectory_msgs/trajectory_msgs
-- Up-to-date: /workspace/jazzy_ws/install/include/trajectory_msgs/trajectory_msgs/msg
-- Up-to-date: /workspace/jazzy_ws/install/include/trajectory_msgs/trajectory_msgs/msg/detail
-- Installing: /workspace/jazzy_ws/install/include/trajectory_msgs/trajectory_msgs/msg/detail/joint_trajectory_point__type_support.c
-- Installing: /workspace/jazzy_ws/install/include/trajectory_msgs/trajectory_msgs/msg/detail/joint_trajectory__rosidl_typesupport_introspection_c.h
-- Installing: /workspace/jazzy_ws/install/include/trajectory_msgs/trajectory_msgs/msg/detail/joint_trajectory_point__rosidl_typesupport_introspection_c.h
-- Installing: /workspace/jazzy_ws/install/include/trajectory_msgs/trajectory_msgs/msg/detail/multi_dof_joint_trajectory__type_support.c
-- Installing: /workspace/jazzy_ws/install/include/trajectory_msgs/trajectory_msgs/msg/detail/multi_dof_joint_trajectory_point__type_support.c
-- Installing: /workspace/jazzy_ws/install/include/trajectory_msgs/trajectory_msgs/msg/detail/multi_dof_joint_trajectory__rosidl_typesupport_introspection_c.h
-- Installing: /workspace/jazzy_ws/install/include/trajectory_msgs/trajectory_msgs/msg/detail/multi_dof_joint_trajectory_point__rosidl_typesupport_introspection_c.h
-- Installing: /workspace/jazzy_ws/install/include/trajectory_msgs/trajectory_msgs/msg/detail/joint_trajectory__type_support.c
-- Installing: /workspace/jazzy_ws/install/include/trajectory_msgs/trajectory_msgs/msg/rosidl_typesupport_introspection_c__visibility_control.h
-- Installing: /workspace/jazzy_ws/install/lib/libtrajectory_msgs__rosidl_typesupport_introspection_c.so
-- Set non-toolchain portion of runtime path of "/workspace/jazzy_ws/install/lib/libtrajectory_msgs__rosidl_typesupport_introspection_c.so" to ""
-- Installing: /workspace/jazzy_ws/install/lib/libtrajectory_msgs__rosidl_typesupport_c.so
-- Set non-toolchain portion of runtime path of "/workspace/jazzy_ws/install/lib/libtrajectory_msgs__rosidl_typesupport_c.so" to ""
-- Up-to-date: /workspace/jazzy_ws/install/include/trajectory_msgs/trajectory_msgs
-- Up-to-date: /workspace/jazzy_ws/install/include/trajectory_msgs/trajectory_msgs/msg
-- Up-to-date: /workspace/jazzy_ws/install/include/trajectory_msgs/trajectory_msgs/msg/detail
-- Installing: /workspace/jazzy_ws/install/include/trajectory_msgs/trajectory_msgs/msg/detail/joint_trajectory__type_support.cpp
-- Installing: /workspace/jazzy_ws/install/include/trajectory_msgs/trajectory_msgs/msg/detail/multi_dof_joint_trajectory__rosidl_typesupport_introspection_cpp.hpp
-- Installing: /workspace/jazzy_ws/install/include/trajectory_msgs/trajectory_msgs/msg/detail/multi_dof_joint_trajectory_point__type_support.cpp
-- Installing: /workspace/jazzy_ws/install/include/trajectory_msgs/trajectory_msgs/msg/detail/multi_dof_joint_trajectory__type_support.cpp
-- Installing: /workspace/jazzy_ws/install/include/trajectory_msgs/trajectory_msgs/msg/detail/joint_trajectory_point__type_support.cpp
-- Installing: /workspace/jazzy_ws/install/include/trajectory_msgs/trajectory_msgs/msg/detail/multi_dof_joint_trajectory_point__rosidl_typesupport_introspection_cpp.hpp
-- Installing: /workspace/jazzy_ws/install/include/trajectory_msgs/trajectory_msgs/msg/detail/joint_trajectory__rosidl_typesupport_introspection_cpp.hpp
-- Installing: /workspace/jazzy_ws/install/include/trajectory_msgs/trajectory_msgs/msg/detail/joint_trajectory_point__rosidl_typesupport_introspection_cpp.hpp
-- Installing: /workspace/jazzy_ws/install/lib/libtrajectory_msgs__rosidl_typesupport_introspection_cpp.so
-- Set non-toolchain portion of runtime path of "/workspace/jazzy_ws/install/lib/libtrajectory_msgs__rosidl_typesupport_introspection_cpp.so" to ""
-- Installing: /workspace/jazzy_ws/install/lib/libtrajectory_msgs__rosidl_typesupport_cpp.so
-- Set non-toolchain portion of runtime path of "/workspace/jazzy_ws/install/lib/libtrajectory_msgs__rosidl_typesupport_cpp.so" to ""
-- Installing: /workspace/jazzy_ws/install/share/trajectory_msgs/environment/pythonpath.sh
-- Installing: /workspace/jazzy_ws/install/share/trajectory_msgs/environment/pythonpath.dsv
-- Installing: /workspace/jazzy_ws/install/lib/python3.12/site-packages/trajectory_msgs-5.3.6-py3.12.egg-info
-- Installing: /workspace/jazzy_ws/install/lib/python3.12/site-packages/trajectory_msgs-5.3.6-py3.12.egg-info/PKG-INFO
-- Installing: /workspace/jazzy_ws/install/lib/python3.12/site-packages/trajectory_msgs-5.3.6-py3.12.egg-info/SOURCES.txt
-- Installing: /workspace/jazzy_ws/install/lib/python3.12/site-packages/trajectory_msgs-5.3.6-py3.12.egg-info/top_level.txt
-- Installing: /workspace/jazzy_ws/install/lib/python3.12/site-packages/trajectory_msgs-5.3.6-py3.12.egg-info/dependency_links.txt
-- Installing: /workspace/jazzy_ws/install/lib/python3.12/site-packages/trajectory_msgs
-- Installing: /workspace/jazzy_ws/install/lib/python3.12/site-packages/trajectory_msgs/_trajectory_msgs_s.ep.rosidl_typesupport_c.c
-- Installing: /workspace/jazzy_ws/install/lib/python3.12/site-packages/trajectory_msgs/msg
-- Installing: /workspace/jazzy_ws/install/lib/python3.12/site-packages/trajectory_msgs/msg/_joint_trajectory_point.py
-- Installing: /workspace/jazzy_ws/install/lib/python3.12/site-packages/trajectory_msgs/msg/_multi_dof_joint_trajectory_s.c
-- Installing: /workspace/jazzy_ws/install/lib/python3.12/site-packages/trajectory_msgs/msg/_multi_dof_joint_trajectory_point.py
-- Installing: /workspace/jazzy_ws/install/lib/python3.12/site-packages/trajectory_msgs/msg/__init__.py
-- Installing: /workspace/jazzy_ws/install/lib/python3.12/site-packages/trajectory_msgs/msg/_joint_trajectory.py
-- Installing: /workspace/jazzy_ws/install/lib/python3.12/site-packages/trajectory_msgs/msg/_multi_dof_joint_trajectory.py
-- Installing: /workspace/jazzy_ws/install/lib/python3.12/site-packages/trajectory_msgs/msg/_multi_dof_joint_trajectory_point_s.c
-- Installing: /workspace/jazzy_ws/install/lib/python3.12/site-packages/trajectory_msgs/msg/_joint_trajectory_s.c
-- Installing: /workspace/jazzy_ws/install/lib/python3.12/site-packages/trajectory_msgs/msg/_joint_trajectory_point_s.c
-- Installing: /workspace/jazzy_ws/install/lib/python3.12/site-packages/trajectory_msgs/__init__.py
-- Installing: /workspace/jazzy_ws/install/lib/python3.12/site-packages/trajectory_msgs/trajectory_msgs_s__rosidl_typesupport_introspection_c.so
-- Installing: /workspace/jazzy_ws/install/lib/python3.12/site-packages/trajectory_msgs/trajectory_msgs_s__rosidl_typesupport_fastrtps_c.so
-- Installing: /workspace/jazzy_ws/install/lib/python3.12/site-packages/trajectory_msgs/_trajectory_msgs_s.ep.rosidl_typesupport_introspection_c.c
-- Installing: /workspace/jazzy_ws/install/lib/python3.12/site-packages/trajectory_msgs/trajectory_msgs_s__rosidl_typesupport_c.so
-- Installing: /workspace/jazzy_ws/install/lib/python3.12/site-packages/trajectory_msgs/_trajectory_msgs_s.ep.rosidl_typesupport_fastrtps_c.c
Listing '/workspace/jazzy_ws/install/lib/python3.12/site-packages/trajectory_msgs'...
Compiling '/workspace/jazzy_ws/install/lib/python3.12/site-packages/trajectory_msgs/__init__.py'...
Listing '/workspace/jazzy_ws/install/lib/python3.12/site-packages/trajectory_msgs/msg'...
Compiling '/workspace/jazzy_ws/install/lib/python3.12/site-packages/trajectory_msgs/msg/__init__.py'...
Compiling '/workspace/jazzy_ws/install/lib/python3.12/site-packages/trajectory_msgs/msg/_joint_trajectory.py'...
Compiling '/workspace/jazzy_ws/install/lib/python3.12/site-packages/trajectory_msgs/msg/_joint_trajectory_point.py'...
Compiling '/workspace/jazzy_ws/install/lib/python3.12/site-packages/trajectory_msgs/msg/_multi_dof_joint_trajectory.py'...
Compiling '/workspace/jazzy_ws/install/lib/python3.12/site-packages/trajectory_msgs/msg/_multi_dof_joint_trajectory_point.py'...
-- Installing: /workspace/jazzy_ws/install/lib/python3.12/site-packages/trajectory_msgs/trajectory_msgs_s__rosidl_typesupport_fastrtps_c.so
-- Set non-toolchain portion of runtime path of "/workspace/jazzy_ws/install/lib/python3.12/site-packages/trajectory_msgs/trajectory_msgs_s__rosidl_typesupport_fastrtps_c.so" to ""
-- Installing: /workspace/jazzy_ws/install/lib/python3.12/site-packages/trajectory_msgs/trajectory_msgs_s__rosidl_typesupport_introspection_c.so
-- Set non-toolchain portion of runtime path of "/workspace/jazzy_ws/install/lib/python3.12/site-packages/trajectory_msgs/trajectory_msgs_s__rosidl_typesupport_introspection_c.so" to ""
-- Installing: /workspace/jazzy_ws/install/lib/python3.12/site-packages/trajectory_msgs/trajectory_msgs_s__rosidl_typesupport_c.so
-- Set non-toolchain portion of runtime path of "/workspace/jazzy_ws/install/lib/python3.12/site-packages/trajectory_msgs/trajectory_msgs_s__rosidl_typesupport_c.so" to ""
-- Installing: /workspace/jazzy_ws/install/lib/libtrajectory_msgs__rosidl_generator_py.so
-- Set non-toolchain portion of runtime path of "/workspace/jazzy_ws/install/lib/libtrajectory_msgs__rosidl_generator_py.so" to ""
-- Installing: /workspace/jazzy_ws/install/share/trajectory_msgs/msg/JointTrajectory.idl
-- Installing: /workspace/jazzy_ws/install/share/trajectory_msgs/msg/JointTrajectoryPoint.idl
-- Installing: /workspace/jazzy_ws/install/share/trajectory_msgs/msg/MultiDOFJointTrajectory.idl
-- Installing: /workspace/jazzy_ws/install/share/trajectory_msgs/msg/MultiDOFJointTrajectoryPoint.idl
-- Installing: /workspace/jazzy_ws/install/share/trajectory_msgs/msg/JointTrajectory.msg
-- Installing: /workspace/jazzy_ws/install/share/trajectory_msgs/msg/JointTrajectoryPoint.msg
-- Installing: /workspace/jazzy_ws/install/share/trajectory_msgs/msg/MultiDOFJointTrajectory.msg
-- Installing: /workspace/jazzy_ws/install/share/trajectory_msgs/msg/MultiDOFJointTrajectoryPoint.msg
-- Installing: /workspace/jazzy_ws/install/share/ament_index/resource_index/package_run_dependencies/trajectory_msgs
-- Installing: /workspace/jazzy_ws/install/share/ament_index/resource_index/parent_prefix_path/trajectory_msgs
-- Installing: /workspace/jazzy_ws/install/share/trajectory_msgs/environment/ament_prefix_path.sh
-- Installing: /workspace/jazzy_ws/install/share/trajectory_msgs/environment/ament_prefix_path.dsv
-- Installing: /workspace/jazzy_ws/install/share/trajectory_msgs/environment/path.sh
-- Installing: /workspace/jazzy_ws/install/share/trajectory_msgs/environment/path.dsv
-- Installing: /workspace/jazzy_ws/install/share/trajectory_msgs/local_setup.bash
-- Installing: /workspace/jazzy_ws/install/share/trajectory_msgs/local_setup.sh
-- Installing: /workspace/jazzy_ws/install/share/trajectory_msgs/local_setup.zsh
-- Installing: /workspace/jazzy_ws/install/share/trajectory_msgs/local_setup.dsv
-- Installing: /workspace/jazzy_ws/install/share/trajectory_msgs/package.dsv
-- Installing: /workspace/jazzy_ws/install/share/ament_index/resource_index/packages/trajectory_msgs
-- Installing: /workspace/jazzy_ws/install/share/trajectory_msgs/cmake/export_trajectory_msgs__rosidl_generator_cExport.cmake
-- Installing: /workspace/jazzy_ws/install/share/trajectory_msgs/cmake/export_trajectory_msgs__rosidl_generator_cExport-noconfig.cmake
-- Installing: /workspace/jazzy_ws/install/share/trajectory_msgs/cmake/export_trajectory_msgs__rosidl_typesupport_fastrtps_cExport.cmake
-- Installing: /workspace/jazzy_ws/install/share/trajectory_msgs/cmake/export_trajectory_msgs__rosidl_typesupport_fastrtps_cExport-noconfig.cmake
-- Installing: /workspace/jazzy_ws/install/share/trajectory_msgs/cmake/export_trajectory_msgs__rosidl_generator_cppExport.cmake
-- Installing: /workspace/jazzy_ws/install/share/trajectory_msgs/cmake/export_trajectory_msgs__rosidl_typesupport_fastrtps_cppExport.cmake
-- Installing: /workspace/jazzy_ws/install/share/trajectory_msgs/cmake/export_trajectory_msgs__rosidl_typesupport_fastrtps_cppExport-noconfig.cmake
-- Installing: /workspace/jazzy_ws/install/share/trajectory_msgs/cmake/trajectory_msgs__rosidl_typesupport_introspection_cExport.cmake
-- Installing: /workspace/jazzy_ws/install/share/trajectory_msgs/cmake/trajectory_msgs__rosidl_typesupport_introspection_cExport-noconfig.cmake
-- Installing: /workspace/jazzy_ws/install/share/trajectory_msgs/cmake/trajectory_msgs__rosidl_typesupport_cExport.cmake
-- Installing: /workspace/jazzy_ws/install/share/trajectory_msgs/cmake/trajectory_msgs__rosidl_typesupport_cExport-noconfig.cmake
-- Installing: /workspace/jazzy_ws/install/share/trajectory_msgs/cmake/trajectory_msgs__rosidl_typesupport_introspection_cppExport.cmake
-- Installing: /workspace/jazzy_ws/install/share/trajectory_msgs/cmake/trajectory_msgs__rosidl_typesupport_introspection_cppExport-noconfig.cmake
-- Installing: /workspace/jazzy_ws/install/share/trajectory_msgs/cmake/trajectory_msgs__rosidl_typesupport_cppExport.cmake
-- Installing: /workspace/jazzy_ws/install/share/trajectory_msgs/cmake/trajectory_msgs__rosidl_typesupport_cppExport-noconfig.cmake
-- Installing: /workspace/jazzy_ws/install/share/trajectory_msgs/cmake/export_trajectory_msgs__rosidl_generator_pyExport.cmake
-- Installing: /workspace/jazzy_ws/install/share/trajectory_msgs/cmake/export_trajectory_msgs__rosidl_generator_pyExport-noconfig.cmake
-- Installing: /workspace/jazzy_ws/install/share/trajectory_msgs/cmake/rosidl_cmake-extras.cmake
-- Installing: /workspace/jazzy_ws/install/share/trajectory_msgs/cmake/ament_cmake_export_dependencies-extras.cmake
-- Installing: /workspace/jazzy_ws/install/share/trajectory_msgs/cmake/ament_cmake_export_include_directories-extras.cmake
-- Installing: /workspace/jazzy_ws/install/share/trajectory_msgs/cmake/ament_cmake_export_libraries-extras.cmake
-- Installing: /workspace/jazzy_ws/install/share/trajectory_msgs/cmake/ament_cmake_export_targets-extras.cmake
-- Installing: /workspace/jazzy_ws/install/share/trajectory_msgs/cmake/rosidl_cmake_export_typesupport_targets-extras.cmake
-- Installing: /workspace/jazzy_ws/install/share/trajectory_msgs/cmake/rosidl_cmake_export_typesupport_libraries-extras.cmake
-- Installing: /workspace/jazzy_ws/install/share/trajectory_msgs/cmake/trajectory_msgsConfig.cmake
-- Installing: /workspace/jazzy_ws/install/share/trajectory_msgs/cmake/trajectory_msgsConfig-version.cmake
-- Installing: /workspace/jazzy_ws/install/share/trajectory_msgs/package.xml
