-- The C compiler identification is GNU 13.3.0
-- The CXX compiler identification is GNU 13.3.0
-- Detecting C compiler ABI info
-- Detecting C compiler ABI info - done
-- Check for working C compiler: /usr/bin/cc - skipped
-- Detecting C compile features
-- Detecting C compile features - done
-- Detecting CXX compiler ABI info
-- Detecting CXX compiler ABI info - done
-- Check for working CXX compiler: /usr/bin/c++ - skipped
-- Detecting CXX compile features
-- Detecting CXX compile features - done
-- Found ament_cmake: 2.5.5 (/workspace/jazzy_ws/install/share/ament_cmake/cmake)
-- Found Python3: /usr/bin/python3 (found version "3.12.3") found components: Interpreter 
-- Found builtin_interfaces: 2.0.3 (/workspace/jazzy_ws/install/share/builtin_interfaces/cmake)
-- Found rosidl_generator_c: 4.6.7 (/workspace/jazzy_ws/install/share/rosidl_generator_c/cmake)
-- Found rosidl_generator_cpp: 4.6.7 (/workspace/jazzy_ws/install/share/rosidl_generator_cpp/cmake)
-- Using all available rosidl_typesupport_c: rosidl_typesupport_fastrtps_c;rosidl_typesupport_introspection_c
-- Using all available rosidl_typesupport_cpp: rosidl_typesupport_fastrtps_cpp;rosidl_typesupport_introspection_cpp
-- Found rosidl_core_generators: 0.2.0 (/workspace/jazzy_ws/install/share/rosidl_core_generators/cmake)
-- Found rosidl_adapter: 4.6.7 (/workspace/jazzy_ws/install/share/rosidl_adapter/cmake)
-- Found unique_identifier_msgs: 2.5.0 (/workspace/jazzy_ws/install/share/unique_identifier_msgs/cmake)
-- Found ament_cmake_cppcheck: 0.17.4 (/workspace/jazzy_ws/install/share/ament_cmake_cppcheck/cmake)
-- Found ament_cmake_cpplint: 0.17.4 (/workspace/jazzy_ws/install/share/ament_cmake_cpplint/cmake)
-- Found ament_cmake_uncrustify: 0.17.4 (/workspace/jazzy_ws/install/share/ament_cmake_uncrustify/cmake)
-- Found ament_cmake_ros: 0.12.0 (/workspace/jazzy_ws/install/share/ament_cmake_ros/cmake)
-- Using all available rosidl_typesupport_c: rosidl_typesupport_fastrtps_c;rosidl_typesupport_introspection_c
-- Using all available rosidl_typesupport_cpp: rosidl_typesupport_fastrtps_cpp;rosidl_typesupport_introspection_cpp
-- Found python_cmake_module: 0.11.1 (/workspace/jazzy_ws/install/share/python_cmake_module/cmake)
-- Found PythonExtra: /usr/bin/python3  
-- Found Python3: /usr/bin/python3 (found version "3.12.3") found components: Interpreter Development NumPy Development.Module Development.Embed 
-- Found ament_cmake_flake8: 0.17.4 (/workspace/jazzy_ws/install/share/ament_cmake_flake8/cmake)
-- Found ament_cmake_pep257: 0.17.4 (/workspace/jazzy_ws/install/share/ament_cmake_pep257/cmake)
-- Found ament_lint_auto: 0.17.4 (/workspace/jazzy_ws/install/share/ament_lint_auto/cmake)
-- Added test 'copyright' to check source files copyright and LICENSE
-- Added test 'lint_cmake' to check CMake code style
-- Added test 'xmllint' to check XML markup files
-- Configuring done (1.4s)
-- Generating done (0.0s)
-- Build files have been written to: /workspace/jazzy_ws/build/action_msgs
[  1%] Generating type hashes for ROS interfaces
[  1%] Built target ament_cmake_python_copy_action_msgs
running egg_info
creating action_msgs.egg-info
writing action_msgs.egg-info/PKG-INFO
writing dependency_links to action_msgs.egg-info/dependency_links.txt
writing top-level names to action_msgs.egg-info/top_level.txt
writing manifest file 'action_msgs.egg-info/SOURCES.txt'
reading manifest file 'action_msgs.egg-info/SOURCES.txt'
writing manifest file 'action_msgs.egg-info/SOURCES.txt'
[  1%] Built target ament_cmake_python_build_action_msgs_egg
[  1%] Built target action_msgs__rosidl_generator_type_description
[  3%] Generating C code for ROS interfaces
[  4%] Generating C++ code for ROS interfaces
[  4%] Built target action_msgs__cpp
[ 14%] Building C object CMakeFiles/action_msgs__rosidl_generator_c.dir/rosidl_generator_c/action_msgs/msg/detail/goal_status_array__type_support.c.o
[ 14%] Building C object CMakeFiles/action_msgs__rosidl_generator_c.dir/rosidl_generator_c/action_msgs/msg/detail/goal_status__functions.c.o
[ 14%] Building C object CMakeFiles/action_msgs__rosidl_generator_c.dir/rosidl_generator_c/action_msgs/msg/detail/goal_info__description.c.o
[ 14%] Building C object CMakeFiles/action_msgs__rosidl_generator_c.dir/rosidl_generator_c/action_msgs/msg/detail/goal_info__functions.c.o
[ 14%] Building C object CMakeFiles/action_msgs__rosidl_generator_c.dir/rosidl_generator_c/action_msgs/msg/detail/goal_info__type_support.c.o
[ 14%] Building C object CMakeFiles/action_msgs__rosidl_generator_c.dir/rosidl_generator_c/action_msgs/msg/detail/goal_status__description.c.o
[ 15%] Building C object CMakeFiles/action_msgs__rosidl_generator_c.dir/rosidl_generator_c/action_msgs/msg/detail/goal_status__type_support.c.o
[ 17%] Building C object CMakeFiles/action_msgs__rosidl_generator_c.dir/rosidl_generator_c/action_msgs/srv/detail/cancel_goal__functions.c.o
[ 18%] Building C object CMakeFiles/action_msgs__rosidl_generator_c.dir/rosidl_generator_c/action_msgs/msg/detail/goal_status_array__description.c.o
[ 21%] Building C object CMakeFiles/action_msgs__rosidl_generator_c.dir/rosidl_generator_c/action_msgs/srv/detail/cancel_goal__description.c.o
[ 21%] Building C object CMakeFiles/action_msgs__rosidl_generator_c.dir/rosidl_generator_c/action_msgs/msg/detail/goal_status_array__functions.c.o
[ 23%] Building C object CMakeFiles/action_msgs__rosidl_generator_c.dir/rosidl_generator_c/action_msgs/srv/detail/cancel_goal__type_support.c.o
[ 25%] Linking C shared library libaction_msgs__rosidl_generator_c.so
[ 25%] Built target action_msgs__rosidl_generator_c
[ 34%] Generating C type support dispatch for ROS interfaces
[ 34%] Generating C++ introspection for ROS interfaces
[ 34%] Generating C++ type support for eProsima Fast-RTPS
[ 34%] Generating C introspection for ROS interfaces
[ 32%] Generating C type support for eProsima Fast-RTPS
[ 34%] Generating C++ type support dispatch for ROS interfaces
[ 39%] Building CXX object CMakeFiles/action_msgs__rosidl_typesupport_cpp.dir/rosidl_typesupport_cpp/action_msgs/msg/goal_info__type_support.cpp.o
[ 39%] Building CXX object CMakeFiles/action_msgs__rosidl_typesupport_cpp.dir/rosidl_typesupport_cpp/action_msgs/msg/goal_status__type_support.cpp.o
[ 39%] Building CXX object CMakeFiles/action_msgs__rosidl_typesupport_cpp.dir/rosidl_typesupport_cpp/action_msgs/msg/goal_status_array__type_support.cpp.o
[ 40%] Building CXX object CMakeFiles/action_msgs__rosidl_typesupport_cpp.dir/rosidl_typesupport_cpp/action_msgs/srv/cancel_goal__type_support.cpp.o
[ 42%] Building CXX object CMakeFiles/action_msgs__rosidl_typesupport_c.dir/rosidl_typesupport_c/action_msgs/msg/goal_info__type_support.cpp.o
[ 43%] Building CXX object CMakeFiles/action_msgs__rosidl_typesupport_introspection_cpp.dir/rosidl_typesupport_introspection_cpp/action_msgs/msg/detail/goal_status__type_support.cpp.o
[ 45%] Building CXX object CMakeFiles/action_msgs__rosidl_typesupport_c.dir/rosidl_typesupport_c/action_msgs/msg/goal_status__type_support.cpp.o
[ 50%] Building CXX object CMakeFiles/action_msgs__rosidl_typesupport_c.dir/rosidl_typesupport_c/action_msgs/msg/goal_status_array__type_support.cpp.o
[ 50%] Building CXX object CMakeFiles/action_msgs__rosidl_typesupport_introspection_cpp.dir/rosidl_typesupport_introspection_cpp/action_msgs/srv/detail/cancel_goal__type_support.cpp.o
[ 48%] Building CXX object CMakeFiles/action_msgs__rosidl_typesupport_introspection_cpp.dir/rosidl_typesupport_introspection_cpp/action_msgs/msg/detail/goal_info__type_support.cpp.o
[ 51%] Building CXX object CMakeFiles/action_msgs__rosidl_typesupport_introspection_cpp.dir/rosidl_typesupport_introspection_cpp/action_msgs/msg/detail/goal_status_array__type_support.cpp.o
[ 53%] Building CXX object CMakeFiles/action_msgs__rosidl_typesupport_c.dir/rosidl_typesupport_c/action_msgs/srv/cancel_goal__type_support.cpp.o
[ 56%] Building C object CMakeFiles/action_msgs__rosidl_typesupport_introspection_c.dir/rosidl_typesupport_introspection_c/action_msgs/srv/detail/cancel_goal__type_support.c.o
[ 56%] Building C object CMakeFiles/action_msgs__rosidl_typesupport_introspection_c.dir/rosidl_typesupport_introspection_c/action_msgs/msg/detail/goal_status__type_support.c.o
[ 57%] Building C object CMakeFiles/action_msgs__rosidl_typesupport_introspection_c.dir/rosidl_typesupport_introspection_c/action_msgs/msg/detail/goal_info__type_support.c.o
[ 59%] Building C object CMakeFiles/action_msgs__rosidl_typesupport_introspection_c.dir/rosidl_typesupport_introspection_c/action_msgs/msg/detail/goal_status_array__type_support.c.o
[ 60%] Linking CXX shared library libaction_msgs__rosidl_typesupport_c.so
[ 62%] Linking C shared library libaction_msgs__rosidl_typesupport_introspection_c.so
[ 65%] Building CXX object CMakeFiles/action_msgs__rosidl_typesupport_fastrtps_cpp.dir/rosidl_typesupport_fastrtps_cpp/action_msgs/srv/detail/dds_fastrtps/cancel_goal__type_support.cpp.o
[ 65%] Building CXX object CMakeFiles/action_msgs__rosidl_typesupport_fastrtps_cpp.dir/rosidl_typesupport_fastrtps_cpp/action_msgs/msg/detail/dds_fastrtps/goal_status_array__type_support.cpp.o
[ 67%] Building CXX object CMakeFiles/action_msgs__rosidl_typesupport_fastrtps_cpp.dir/rosidl_typesupport_fastrtps_cpp/action_msgs/msg/detail/dds_fastrtps/goal_status__type_support.cpp.o
[ 68%] Building CXX object CMakeFiles/action_msgs__rosidl_typesupport_fastrtps_cpp.dir/rosidl_typesupport_fastrtps_cpp/action_msgs/msg/detail/dds_fastrtps/goal_info__type_support.cpp.o
[ 68%] Built target action_msgs__rosidl_typesupport_c
[ 68%] Built target action_msgs__rosidl_typesupport_introspection_c
[ 70%] Building CXX object CMakeFiles/action_msgs__rosidl_typesupport_fastrtps_c.dir/rosidl_typesupport_fastrtps_c/action_msgs/msg/detail/goal_info__type_support_c.cpp.o
[ 71%] Building CXX object CMakeFiles/action_msgs__rosidl_typesupport_fastrtps_c.dir/rosidl_typesupport_fastrtps_c/action_msgs/msg/detail/goal_status__type_support_c.cpp.o
[ 73%] Building CXX object CMakeFiles/action_msgs__rosidl_typesupport_fastrtps_c.dir/rosidl_typesupport_fastrtps_c/action_msgs/srv/detail/cancel_goal__type_support_c.cpp.o
[ 75%] Building CXX object CMakeFiles/action_msgs__rosidl_typesupport_fastrtps_c.dir/rosidl_typesupport_fastrtps_c/action_msgs/msg/detail/goal_status_array__type_support_c.cpp.o
[ 76%] Linking CXX shared library libaction_msgs__rosidl_typesupport_cpp.so
[ 78%] Linking CXX shared library libaction_msgs__rosidl_typesupport_introspection_cpp.so
[ 78%] Built target action_msgs__rosidl_typesupport_cpp
[ 78%] Built target action_msgs__rosidl_typesupport_introspection_cpp
[ 79%] Linking CXX shared library libaction_msgs__rosidl_typesupport_fastrtps_c.so
[ 79%] Built target action_msgs__rosidl_typesupport_fastrtps_c
[ 81%] Linking CXX shared library libaction_msgs__rosidl_typesupport_fastrtps_cpp.so
[ 81%] Built target action_msgs__rosidl_typesupport_fastrtps_cpp
[ 81%] Built target action_msgs
[ 82%] Generating Python code for ROS interfaces
[ 82%] Built target action_msgs__py
[ 84%] Building C object CMakeFiles/action_msgs__rosidl_generator_py.dir/rosidl_generator_py/action_msgs/msg/_goal_info_s.c.o
[ 85%] Building C object CMakeFiles/action_msgs__rosidl_generator_py.dir/rosidl_generator_py/action_msgs/msg/_goal_status_s.c.o
[ 87%] Building C object CMakeFiles/action_msgs__rosidl_generator_py.dir/rosidl_generator_py/action_msgs/msg/_goal_status_array_s.c.o
[ 89%] Building C object CMakeFiles/action_msgs__rosidl_generator_py.dir/rosidl_generator_py/action_msgs/srv/_cancel_goal_s.c.o
[ 90%] Linking C shared library libaction_msgs__rosidl_generator_py.so
[ 90%] Built target action_msgs__rosidl_generator_py
[ 92%] Building C object CMakeFiles/action_msgs_s__rosidl_typesupport_fastrtps_c.dir/rosidl_generator_py/action_msgs/_action_msgs_s.ep.rosidl_typesupport_fastrtps_c.c.o
[ 95%] Building C object CMakeFiles/action_msgs_s__rosidl_typesupport_introspection_c.dir/rosidl_generator_py/action_msgs/_action_msgs_s.ep.rosidl_typesupport_introspection_c.c.o
[ 95%] Building C object CMakeFiles/action_msgs_s__rosidl_typesupport_c.dir/rosidl_generator_py/action_msgs/_action_msgs_s.ep.rosidl_typesupport_c.c.o
[ 96%] Linking C shared module rosidl_generator_py/action_msgs/action_msgs_s__rosidl_typesupport_c.so
[ 98%] Linking C shared module rosidl_generator_py/action_msgs/action_msgs_s__rosidl_typesupport_fastrtps_c.so
[100%] Linking C shared module rosidl_generator_py/action_msgs/action_msgs_s__rosidl_typesupport_introspection_c.so
[100%] Built target action_msgs_s__rosidl_typesupport_c
[100%] Built target action_msgs_s__rosidl_typesupport_fastrtps_c
[100%] Built target action_msgs_s__rosidl_typesupport_introspection_c
-- Install configuration: ""
-- Installing: /workspace/jazzy_ws/install/share/ament_index/resource_index/rosidl_interfaces/action_msgs
-- Installing: /workspace/jazzy_ws/install/share/action_msgs/msg/GoalInfo.json
-- Installing: /workspace/jazzy_ws/install/share/action_msgs/msg/GoalStatus.json
-- Installing: /workspace/jazzy_ws/install/share/action_msgs/msg/GoalStatusArray.json
-- Installing: /workspace/jazzy_ws/install/share/action_msgs/srv/CancelGoal.json
-- Installing: /workspace/jazzy_ws/install/include/action_msgs/action_msgs
-- Installing: /workspace/jazzy_ws/install/include/action_msgs/action_msgs/msg
-- Installing: /workspace/jazzy_ws/install/include/action_msgs/action_msgs/msg/detail
-- Installing: /workspace/jazzy_ws/install/include/action_msgs/action_msgs/msg/detail/goal_status__struct.h
-- Installing: /workspace/jazzy_ws/install/include/action_msgs/action_msgs/msg/detail/goal_status__type_support.h
-- Installing: /workspace/jazzy_ws/install/include/action_msgs/action_msgs/msg/detail/goal_info__functions.h
-- Installing: /workspace/jazzy_ws/install/include/action_msgs/action_msgs/msg/detail/goal_status__functions.c
-- Installing: /workspace/jazzy_ws/install/include/action_msgs/action_msgs/msg/detail/goal_status_array__type_support.c
-- Installing: /workspace/jazzy_ws/install/include/action_msgs/action_msgs/msg/detail/goal_status_array__struct.h
-- Installing: /workspace/jazzy_ws/install/include/action_msgs/action_msgs/msg/detail/goal_status__type_support.c
-- Installing: /workspace/jazzy_ws/install/include/action_msgs/action_msgs/msg/detail/goal_status_array__functions.c
-- Installing: /workspace/jazzy_ws/install/include/action_msgs/action_msgs/msg/detail/goal_status_array__description.c
-- Installing: /workspace/jazzy_ws/install/include/action_msgs/action_msgs/msg/detail/goal_status_array__type_support.h
-- Installing: /workspace/jazzy_ws/install/include/action_msgs/action_msgs/msg/detail/goal_info__description.c
-- Installing: /workspace/jazzy_ws/install/include/action_msgs/action_msgs/msg/detail/goal_info__functions.c
-- Installing: /workspace/jazzy_ws/install/include/action_msgs/action_msgs/msg/detail/goal_info__type_support.c
-- Installing: /workspace/jazzy_ws/install/include/action_msgs/action_msgs/msg/detail/goal_status__description.c
-- Installing: /workspace/jazzy_ws/install/include/action_msgs/action_msgs/msg/detail/goal_info__type_support.h
-- Installing: /workspace/jazzy_ws/install/include/action_msgs/action_msgs/msg/detail/goal_info__struct.h
-- Installing: /workspace/jazzy_ws/install/include/action_msgs/action_msgs/msg/detail/goal_status__functions.h
-- Installing: /workspace/jazzy_ws/install/include/action_msgs/action_msgs/msg/detail/goal_status_array__functions.h
-- Installing: /workspace/jazzy_ws/install/include/action_msgs/action_msgs/msg/goal_info.h
-- Installing: /workspace/jazzy_ws/install/include/action_msgs/action_msgs/msg/goal_status_array.h
-- Installing: /workspace/jazzy_ws/install/include/action_msgs/action_msgs/msg/goal_status.h
-- Installing: /workspace/jazzy_ws/install/include/action_msgs/action_msgs/msg/rosidl_generator_c__visibility_control.h
-- Installing: /workspace/jazzy_ws/install/include/action_msgs/action_msgs/srv
-- Installing: /workspace/jazzy_ws/install/include/action_msgs/action_msgs/srv/detail
-- Installing: /workspace/jazzy_ws/install/include/action_msgs/action_msgs/srv/detail/cancel_goal__type_support.h
-- Installing: /workspace/jazzy_ws/install/include/action_msgs/action_msgs/srv/detail/cancel_goal__functions.h
-- Installing: /workspace/jazzy_ws/install/include/action_msgs/action_msgs/srv/detail/cancel_goal__functions.c
-- Installing: /workspace/jazzy_ws/install/include/action_msgs/action_msgs/srv/detail/cancel_goal__description.c
-- Installing: /workspace/jazzy_ws/install/include/action_msgs/action_msgs/srv/detail/cancel_goal__struct.h
-- Installing: /workspace/jazzy_ws/install/include/action_msgs/action_msgs/srv/detail/cancel_goal__type_support.c
-- Installing: /workspace/jazzy_ws/install/include/action_msgs/action_msgs/srv/cancel_goal.h
-- Installing: /workspace/jazzy_ws/install/share/action_msgs/environment/library_path.sh
-- Installing: /workspace/jazzy_ws/install/share/action_msgs/environment/library_path.dsv
-- Installing: /workspace/jazzy_ws/install/lib/libaction_msgs__rosidl_generator_c.so
-- Set non-toolchain portion of runtime path of "/workspace/jazzy_ws/install/lib/libaction_msgs__rosidl_generator_c.so" to ""
-- Up-to-date: /workspace/jazzy_ws/install/include/action_msgs/action_msgs
-- Up-to-date: /workspace/jazzy_ws/install/include/action_msgs/action_msgs/msg
-- Up-to-date: /workspace/jazzy_ws/install/include/action_msgs/action_msgs/msg/detail
-- Installing: /workspace/jazzy_ws/install/include/action_msgs/action_msgs/msg/detail/goal_info__rosidl_typesupport_fastrtps_c.h
-- Installing: /workspace/jazzy_ws/install/include/action_msgs/action_msgs/msg/detail/goal_status__rosidl_typesupport_fastrtps_c.h
-- Installing: /workspace/jazzy_ws/install/include/action_msgs/action_msgs/msg/detail/goal_status_array__rosidl_typesupport_fastrtps_c.h
-- Installing: /workspace/jazzy_ws/install/include/action_msgs/action_msgs/msg/rosidl_typesupport_fastrtps_c__visibility_control.h
-- Up-to-date: /workspace/jazzy_ws/install/include/action_msgs/action_msgs/srv
-- Up-to-date: /workspace/jazzy_ws/install/include/action_msgs/action_msgs/srv/detail
-- Installing: /workspace/jazzy_ws/install/include/action_msgs/action_msgs/srv/detail/cancel_goal__rosidl_typesupport_fastrtps_c.h
-- Installing: /workspace/jazzy_ws/install/lib/libaction_msgs__rosidl_typesupport_fastrtps_c.so
-- Set non-toolchain portion of runtime path of "/workspace/jazzy_ws/install/lib/libaction_msgs__rosidl_typesupport_fastrtps_c.so" to ""
-- Up-to-date: /workspace/jazzy_ws/install/include/action_msgs/action_msgs
-- Up-to-date: /workspace/jazzy_ws/install/include/action_msgs/action_msgs/msg
-- Up-to-date: /workspace/jazzy_ws/install/include/action_msgs/action_msgs/msg/detail
-- Installing: /workspace/jazzy_ws/install/include/action_msgs/action_msgs/msg/detail/goal_status__struct.hpp
-- Installing: /workspace/jazzy_ws/install/include/action_msgs/action_msgs/msg/detail/goal_status__type_support.hpp
-- Installing: /workspace/jazzy_ws/install/include/action_msgs/action_msgs/msg/detail/goal_status_array__type_support.hpp
-- Installing: /workspace/jazzy_ws/install/include/action_msgs/action_msgs/msg/detail/goal_status_array__traits.hpp
-- Installing: /workspace/jazzy_ws/install/include/action_msgs/action_msgs/msg/detail/goal_status_array__builder.hpp
-- Installing: /workspace/jazzy_ws/install/include/action_msgs/action_msgs/msg/detail/goal_info__struct.hpp
-- Installing: /workspace/jazzy_ws/install/include/action_msgs/action_msgs/msg/detail/goal_status__builder.hpp
-- Installing: /workspace/jazzy_ws/install/include/action_msgs/action_msgs/msg/detail/goal_status__traits.hpp
-- Installing: /workspace/jazzy_ws/install/include/action_msgs/action_msgs/msg/detail/goal_status_array__struct.hpp
-- Installing: /workspace/jazzy_ws/install/include/action_msgs/action_msgs/msg/detail/goal_info__traits.hpp
-- Installing: /workspace/jazzy_ws/install/include/action_msgs/action_msgs/msg/detail/goal_info__builder.hpp
-- Installing: /workspace/jazzy_ws/install/include/action_msgs/action_msgs/msg/detail/goal_info__type_support.hpp
-- Installing: /workspace/jazzy_ws/install/include/action_msgs/action_msgs/msg/goal_info.hpp
-- Installing: /workspace/jazzy_ws/install/include/action_msgs/action_msgs/msg/rosidl_generator_cpp__visibility_control.hpp
-- Installing: /workspace/jazzy_ws/install/include/action_msgs/action_msgs/msg/goal_status.hpp
-- Installing: /workspace/jazzy_ws/install/include/action_msgs/action_msgs/msg/goal_status_array.hpp
-- Up-to-date: /workspace/jazzy_ws/install/include/action_msgs/action_msgs/srv
-- Up-to-date: /workspace/jazzy_ws/install/include/action_msgs/action_msgs/srv/detail
-- Installing: /workspace/jazzy_ws/install/include/action_msgs/action_msgs/srv/detail/cancel_goal__struct.hpp
-- Installing: /workspace/jazzy_ws/install/include/action_msgs/action_msgs/srv/detail/cancel_goal__type_support.hpp
-- Installing: /workspace/jazzy_ws/install/include/action_msgs/action_msgs/srv/detail/cancel_goal__traits.hpp
-- Installing: /workspace/jazzy_ws/install/include/action_msgs/action_msgs/srv/detail/cancel_goal__builder.hpp
-- Installing: /workspace/jazzy_ws/install/include/action_msgs/action_msgs/srv/cancel_goal.hpp
-- Up-to-date: /workspace/jazzy_ws/install/include/action_msgs/action_msgs
-- Up-to-date: /workspace/jazzy_ws/install/include/action_msgs/action_msgs/msg
-- Up-to-date: /workspace/jazzy_ws/install/include/action_msgs/action_msgs/msg/detail
-- Installing: /workspace/jazzy_ws/install/include/action_msgs/action_msgs/msg/detail/goal_status__rosidl_typesupport_fastrtps_cpp.hpp
-- Installing: /workspace/jazzy_ws/install/include/action_msgs/action_msgs/msg/detail/dds_fastrtps
-- Installing: /workspace/jazzy_ws/install/include/action_msgs/action_msgs/msg/detail/goal_status_array__rosidl_typesupport_fastrtps_cpp.hpp
-- Installing: /workspace/jazzy_ws/install/include/action_msgs/action_msgs/msg/detail/goal_info__rosidl_typesupport_fastrtps_cpp.hpp
-- Installing: /workspace/jazzy_ws/install/include/action_msgs/action_msgs/msg/rosidl_typesupport_fastrtps_cpp__visibility_control.h
-- Up-to-date: /workspace/jazzy_ws/install/include/action_msgs/action_msgs/srv
-- Up-to-date: /workspace/jazzy_ws/install/include/action_msgs/action_msgs/srv/detail
-- Installing: /workspace/jazzy_ws/install/include/action_msgs/action_msgs/srv/detail/cancel_goal__rosidl_typesupport_fastrtps_cpp.hpp
-- Installing: /workspace/jazzy_ws/install/include/action_msgs/action_msgs/srv/detail/dds_fastrtps
-- Installing: /workspace/jazzy_ws/install/lib/libaction_msgs__rosidl_typesupport_fastrtps_cpp.so
-- Set non-toolchain portion of runtime path of "/workspace/jazzy_ws/install/lib/libaction_msgs__rosidl_typesupport_fastrtps_cpp.so" to ""
-- Up-to-date: /workspace/jazzy_ws/install/include/action_msgs/action_msgs
-- Up-to-date: /workspace/jazzy_ws/install/include/action_msgs/action_msgs/msg
-- Up-to-date: /workspace/jazzy_ws/install/include/action_msgs/action_msgs/msg/detail
-- Installing: /workspace/jazzy_ws/install/include/action_msgs/action_msgs/msg/detail/goal_info__rosidl_typesupport_introspection_c.h
-- Up-to-date: /workspace/jazzy_ws/install/include/action_msgs/action_msgs/msg/detail/goal_status_array__type_support.c
-- Up-to-date: /workspace/jazzy_ws/install/include/action_msgs/action_msgs/msg/detail/goal_status__type_support.c
-- Installing: /workspace/jazzy_ws/install/include/action_msgs/action_msgs/msg/detail/goal_status__rosidl_typesupport_introspection_c.h
-- Up-to-date: /workspace/jazzy_ws/install/include/action_msgs/action_msgs/msg/detail/goal_info__type_support.c
-- Installing: /workspace/jazzy_ws/install/include/action_msgs/action_msgs/msg/detail/goal_status_array__rosidl_typesupport_introspection_c.h
-- Installing: /workspace/jazzy_ws/install/include/action_msgs/action_msgs/msg/rosidl_typesupport_introspection_c__visibility_control.h
-- Up-to-date: /workspace/jazzy_ws/install/include/action_msgs/action_msgs/srv
-- Up-to-date: /workspace/jazzy_ws/install/include/action_msgs/action_msgs/srv/detail
-- Up-to-date: /workspace/jazzy_ws/install/include/action_msgs/action_msgs/srv/detail/cancel_goal__type_support.c
-- Installing: /workspace/jazzy_ws/install/include/action_msgs/action_msgs/srv/detail/cancel_goal__rosidl_typesupport_introspection_c.h
-- Installing: /workspace/jazzy_ws/install/lib/libaction_msgs__rosidl_typesupport_introspection_c.so
-- Set non-toolchain portion of runtime path of "/workspace/jazzy_ws/install/lib/libaction_msgs__rosidl_typesupport_introspection_c.so" to ""
-- Installing: /workspace/jazzy_ws/install/lib/libaction_msgs__rosidl_typesupport_c.so
-- Set non-toolchain portion of runtime path of "/workspace/jazzy_ws/install/lib/libaction_msgs__rosidl_typesupport_c.so" to ""
-- Up-to-date: /workspace/jazzy_ws/install/include/action_msgs/action_msgs
-- Up-to-date: /workspace/jazzy_ws/install/include/action_msgs/action_msgs/msg
-- Up-to-date: /workspace/jazzy_ws/install/include/action_msgs/action_msgs/msg/detail
-- Installing: /workspace/jazzy_ws/install/include/action_msgs/action_msgs/msg/detail/goal_status_array__type_support.cpp
-- Installing: /workspace/jazzy_ws/install/include/action_msgs/action_msgs/msg/detail/goal_status__rosidl_typesupport_introspection_cpp.hpp
-- Installing: /workspace/jazzy_ws/install/include/action_msgs/action_msgs/msg/detail/goal_status__type_support.cpp
-- Installing: /workspace/jazzy_ws/install/include/action_msgs/action_msgs/msg/detail/goal_info__type_support.cpp
-- Installing: /workspace/jazzy_ws/install/include/action_msgs/action_msgs/msg/detail/goal_status_array__rosidl_typesupport_introspection_cpp.hpp
-- Installing: /workspace/jazzy_ws/install/include/action_msgs/action_msgs/msg/detail/goal_info__rosidl_typesupport_introspection_cpp.hpp
-- Up-to-date: /workspace/jazzy_ws/install/include/action_msgs/action_msgs/srv
-- Up-to-date: /workspace/jazzy_ws/install/include/action_msgs/action_msgs/srv/detail
-- Installing: /workspace/jazzy_ws/install/include/action_msgs/action_msgs/srv/detail/cancel_goal__rosidl_typesupport_introspection_cpp.hpp
-- Installing: /workspace/jazzy_ws/install/include/action_msgs/action_msgs/srv/detail/cancel_goal__type_support.cpp
-- Installing: /workspace/jazzy_ws/install/lib/libaction_msgs__rosidl_typesupport_introspection_cpp.so
-- Set non-toolchain portion of runtime path of "/workspace/jazzy_ws/install/lib/libaction_msgs__rosidl_typesupport_introspection_cpp.so" to ""
-- Installing: /workspace/jazzy_ws/install/lib/libaction_msgs__rosidl_typesupport_cpp.so
-- Set non-toolchain portion of runtime path of "/workspace/jazzy_ws/install/lib/libaction_msgs__rosidl_typesupport_cpp.so" to ""
-- Installing: /workspace/jazzy_ws/install/share/action_msgs/environment/pythonpath.sh
-- Installing: /workspace/jazzy_ws/install/share/action_msgs/environment/pythonpath.dsv
-- Installing: /workspace/jazzy_ws/install/lib/python3.12/site-packages/action_msgs-2.0.3-py3.12.egg-info
-- Installing: /workspace/jazzy_ws/install/lib/python3.12/site-packages/action_msgs-2.0.3-py3.12.egg-info/PKG-INFO
-- Installing: /workspace/jazzy_ws/install/lib/python3.12/site-packages/action_msgs-2.0.3-py3.12.egg-info/SOURCES.txt
-- Installing: /workspace/jazzy_ws/install/lib/python3.12/site-packages/action_msgs-2.0.3-py3.12.egg-info/top_level.txt
-- Installing: /workspace/jazzy_ws/install/lib/python3.12/site-packages/action_msgs-2.0.3-py3.12.egg-info/dependency_links.txt
-- Installing: /workspace/jazzy_ws/install/lib/python3.12/site-packages/action_msgs
-- Installing: /workspace/jazzy_ws/install/lib/python3.12/site-packages/action_msgs/_action_msgs_s.ep.rosidl_typesupport_introspection_c.c
-- Installing: /workspace/jazzy_ws/install/lib/python3.12/site-packages/action_msgs/msg
-- Installing: /workspace/jazzy_ws/install/lib/python3.12/site-packages/action_msgs/msg/_goal_status_array_s.c
-- Installing: /workspace/jazzy_ws/install/lib/python3.12/site-packages/action_msgs/msg/_goal_status.py
-- Installing: /workspace/jazzy_ws/install/lib/python3.12/site-packages/action_msgs/msg/__init__.py
-- Installing: /workspace/jazzy_ws/install/lib/python3.12/site-packages/action_msgs/msg/_goal_status_array.py
-- Installing: /workspace/jazzy_ws/install/lib/python3.12/site-packages/action_msgs/msg/_goal_status_s.c
-- Installing: /workspace/jazzy_ws/install/lib/python3.12/site-packages/action_msgs/msg/_goal_info_s.c
-- Installing: /workspace/jazzy_ws/install/lib/python3.12/site-packages/action_msgs/msg/_goal_info.py
-- Installing: /workspace/jazzy_ws/install/lib/python3.12/site-packages/action_msgs/action_msgs_s__rosidl_typesupport_fastrtps_c.so
-- Installing: /workspace/jazzy_ws/install/lib/python3.12/site-packages/action_msgs/__init__.py
-- Installing: /workspace/jazzy_ws/install/lib/python3.12/site-packages/action_msgs/_action_msgs_s.ep.rosidl_typesupport_c.c
-- Installing: /workspace/jazzy_ws/install/lib/python3.12/site-packages/action_msgs/action_msgs_s__rosidl_typesupport_introspection_c.so
-- Installing: /workspace/jazzy_ws/install/lib/python3.12/site-packages/action_msgs/srv
-- Installing: /workspace/jazzy_ws/install/lib/python3.12/site-packages/action_msgs/srv/__init__.py
-- Installing: /workspace/jazzy_ws/install/lib/python3.12/site-packages/action_msgs/srv/_cancel_goal_s.c
-- Installing: /workspace/jazzy_ws/install/lib/python3.12/site-packages/action_msgs/srv/_cancel_goal.py
-- Installing: /workspace/jazzy_ws/install/lib/python3.12/site-packages/action_msgs/action_msgs_s__rosidl_typesupport_c.so
-- Installing: /workspace/jazzy_ws/install/lib/python3.12/site-packages/action_msgs/_action_msgs_s.ep.rosidl_typesupport_fastrtps_c.c
Listing '/workspace/jazzy_ws/install/lib/python3.12/site-packages/action_msgs'...
Compiling '/workspace/jazzy_ws/install/lib/python3.12/site-packages/action_msgs/__init__.py'...
Listing '/workspace/jazzy_ws/install/lib/python3.12/site-packages/action_msgs/msg'...
Compiling '/workspace/jazzy_ws/install/lib/python3.12/site-packages/action_msgs/msg/__init__.py'...
Compiling '/workspace/jazzy_ws/install/lib/python3.12/site-packages/action_msgs/msg/_goal_info.py'...
Compiling '/workspace/jazzy_ws/install/lib/python3.12/site-packages/action_msgs/msg/_goal_status.py'...
Compiling '/workspace/jazzy_ws/install/lib/python3.12/site-packages/action_msgs/msg/_goal_status_array.py'...
Listing '/workspace/jazzy_ws/install/lib/python3.12/site-packages/action_msgs/srv'...
Compiling '/workspace/jazzy_ws/install/lib/python3.12/site-packages/action_msgs/srv/__init__.py'...
Compiling '/workspace/jazzy_ws/install/lib/python3.12/site-packages/action_msgs/srv/_cancel_goal.py'...
-- Installing: /workspace/jazzy_ws/install/lib/python3.12/site-packages/action_msgs/action_msgs_s__rosidl_typesupport_fastrtps_c.so
-- Set non-toolchain portion of runtime path of "/workspace/jazzy_ws/install/lib/python3.12/site-packages/action_msgs/action_msgs_s__rosidl_typesupport_fastrtps_c.so" to ""
-- Installing: /workspace/jazzy_ws/install/lib/python3.12/site-packages/action_msgs/action_msgs_s__rosidl_typesupport_introspection_c.so
-- Set non-toolchain portion of runtime path of "/workspace/jazzy_ws/install/lib/python3.12/site-packages/action_msgs/action_msgs_s__rosidl_typesupport_introspection_c.so" to ""
-- Installing: /workspace/jazzy_ws/install/lib/python3.12/site-packages/action_msgs/action_msgs_s__rosidl_typesupport_c.so
-- Set non-toolchain portion of runtime path of "/workspace/jazzy_ws/install/lib/python3.12/site-packages/action_msgs/action_msgs_s__rosidl_typesupport_c.so" to ""
-- Installing: /workspace/jazzy_ws/install/lib/libaction_msgs__rosidl_generator_py.so
-- Set non-toolchain portion of runtime path of "/workspace/jazzy_ws/install/lib/libaction_msgs__rosidl_generator_py.so" to ""
-- Installing: /workspace/jazzy_ws/install/share/action_msgs/msg/GoalInfo.idl
-- Installing: /workspace/jazzy_ws/install/share/action_msgs/msg/GoalStatus.idl
-- Installing: /workspace/jazzy_ws/install/share/action_msgs/msg/GoalStatusArray.idl
-- Installing: /workspace/jazzy_ws/install/share/action_msgs/srv/CancelGoal.idl
-- Installing: /workspace/jazzy_ws/install/share/action_msgs/msg/GoalInfo.msg
-- Installing: /workspace/jazzy_ws/install/share/action_msgs/msg/GoalStatus.msg
-- Installing: /workspace/jazzy_ws/install/share/action_msgs/msg/GoalStatusArray.msg
-- Installing: /workspace/jazzy_ws/install/share/action_msgs/srv/CancelGoal.srv
-- Installing: /workspace/jazzy_ws/install/share/ament_index/resource_index/package_run_dependencies/action_msgs
-- Installing: /workspace/jazzy_ws/install/share/ament_index/resource_index/parent_prefix_path/action_msgs
-- Installing: /workspace/jazzy_ws/install/share/action_msgs/environment/ament_prefix_path.sh
-- Installing: /workspace/jazzy_ws/install/share/action_msgs/environment/ament_prefix_path.dsv
-- Installing: /workspace/jazzy_ws/install/share/action_msgs/environment/path.sh
-- Installing: /workspace/jazzy_ws/install/share/action_msgs/environment/path.dsv
-- Installing: /workspace/jazzy_ws/install/share/action_msgs/local_setup.bash
-- Installing: /workspace/jazzy_ws/install/share/action_msgs/local_setup.sh
-- Installing: /workspace/jazzy_ws/install/share/action_msgs/local_setup.zsh
-- Installing: /workspace/jazzy_ws/install/share/action_msgs/local_setup.dsv
-- Installing: /workspace/jazzy_ws/install/share/action_msgs/package.dsv
-- Installing: /workspace/jazzy_ws/install/share/ament_index/resource_index/packages/action_msgs
-- Installing: /workspace/jazzy_ws/install/share/action_msgs/cmake/export_action_msgs__rosidl_generator_cExport.cmake
-- Installing: /workspace/jazzy_ws/install/share/action_msgs/cmake/export_action_msgs__rosidl_generator_cExport-noconfig.cmake
-- Installing: /workspace/jazzy_ws/install/share/action_msgs/cmake/export_action_msgs__rosidl_typesupport_fastrtps_cExport.cmake
-- Installing: /workspace/jazzy_ws/install/share/action_msgs/cmake/export_action_msgs__rosidl_typesupport_fastrtps_cExport-noconfig.cmake
-- Installing: /workspace/jazzy_ws/install/share/action_msgs/cmake/export_action_msgs__rosidl_generator_cppExport.cmake
-- Installing: /workspace/jazzy_ws/install/share/action_msgs/cmake/export_action_msgs__rosidl_typesupport_fastrtps_cppExport.cmake
-- Installing: /workspace/jazzy_ws/install/share/action_msgs/cmake/export_action_msgs__rosidl_typesupport_fastrtps_cppExport-noconfig.cmake
-- Installing: /workspace/jazzy_ws/install/share/action_msgs/cmake/action_msgs__rosidl_typesupport_introspection_cExport.cmake
-- Installing: /workspace/jazzy_ws/install/share/action_msgs/cmake/action_msgs__rosidl_typesupport_introspection_cExport-noconfig.cmake
-- Installing: /workspace/jazzy_ws/install/share/action_msgs/cmake/action_msgs__rosidl_typesupport_cExport.cmake
-- Installing: /workspace/jazzy_ws/install/share/action_msgs/cmake/action_msgs__rosidl_typesupport_cExport-noconfig.cmake
-- Installing: /workspace/jazzy_ws/install/share/action_msgs/cmake/action_msgs__rosidl_typesupport_introspection_cppExport.cmake
-- Installing: /workspace/jazzy_ws/install/share/action_msgs/cmake/action_msgs__rosidl_typesupport_introspection_cppExport-noconfig.cmake
-- Installing: /workspace/jazzy_ws/install/share/action_msgs/cmake/action_msgs__rosidl_typesupport_cppExport.cmake
-- Installing: /workspace/jazzy_ws/install/share/action_msgs/cmake/action_msgs__rosidl_typesupport_cppExport-noconfig.cmake
-- Installing: /workspace/jazzy_ws/install/share/action_msgs/cmake/export_action_msgs__rosidl_generator_pyExport.cmake
-- Installing: /workspace/jazzy_ws/install/share/action_msgs/cmake/export_action_msgs__rosidl_generator_pyExport-noconfig.cmake
-- Installing: /workspace/jazzy_ws/install/share/action_msgs/cmake/rosidl_cmake-extras.cmake
-- Installing: /workspace/jazzy_ws/install/share/action_msgs/cmake/ament_cmake_export_dependencies-extras.cmake
-- Installing: /workspace/jazzy_ws/install/share/action_msgs/cmake/ament_cmake_export_include_directories-extras.cmake
-- Installing: /workspace/jazzy_ws/install/share/action_msgs/cmake/ament_cmake_export_libraries-extras.cmake
-- Installing: /workspace/jazzy_ws/install/share/action_msgs/cmake/ament_cmake_export_targets-extras.cmake
-- Installing: /workspace/jazzy_ws/install/share/action_msgs/cmake/rosidl_cmake_export_typesupport_targets-extras.cmake
-- Installing: /workspace/jazzy_ws/install/share/action_msgs/cmake/rosidl_cmake_export_typesupport_libraries-extras.cmake
-- Installing: /workspace/jazzy_ws/install/share/action_msgs/cmake/action_msgsConfig.cmake
-- Installing: /workspace/jazzy_ws/install/share/action_msgs/cmake/action_msgsConfig-version.cmake
-- Installing: /workspace/jazzy_ws/install/share/action_msgs/package.xml
