[0.085s] Invoking command in '/workspace/jazzy_ws/build/action_msgs': AMENT_PREFIX_PATH=/workspace/jazzy_ws/install CMAKE_PREFIX_PATH=/workspace/jazzy_ws/install LD_LIBRARY_PATH=/workspace/jazzy_ws/install/lib:/workspace/jazzy_ws/install/opt/mimick_vendor/lib PATH=/workspace/jazzy_ws/install/bin:/workspace/jazzy_ws/install/opt/uncrustify_vendor/bin:${PATH} PKG_CONFIG_PATH=/workspace/jazzy_ws/install/lib/x86_64-linux-gnu/pkgconfig:/workspace/jazzy_ws/install/lib/pkgconfig PYTHONPATH=/workspace/jazzy_ws/install/lib/python3.12/site-packages /usr/bin/cmake /workspace/jazzy_ws/src/rcl_interfaces/action_msgs -DCMAKE_INSTALL_PREFIX=/workspace/jazzy_ws/install
[0.113s] -- The C compiler identification is GNU 13.3.0
[0.142s] -- The CXX compiler identification is GNU 13.3.0
[0.150s] -- Detecting C compiler ABI info
[0.193s] -- Detecting C compiler ABI info - done
[0.199s] -- Check for working C compiler: /usr/bin/cc - skipped
[0.199s] -- Detecting C compile features
[0.199s] -- Detecting C compile features - done
[0.205s] -- Detecting CXX compiler ABI info
[0.253s] -- Detecting CXX compiler ABI info - done
[0.259s] -- Check for working CXX compiler: /usr/bin/c++ - skipped
[0.259s] -- Detecting CXX compile features
[0.259s] -- Detecting CXX compile features - done
[0.261s] -- Found ament_cmake: 2.5.5 (/workspace/jazzy_ws/install/share/ament_cmake/cmake)
[0.324s] -- Found Python3: /usr/bin/python3 (found version "3.12.3") found components: Interpreter 
[0.376s] -- Found builtin_interfaces: 2.0.3 (/workspace/jazzy_ws/install/share/builtin_interfaces/cmake)
[0.387s] -- Found rosidl_generator_c: 4.6.7 (/workspace/jazzy_ws/install/share/rosidl_generator_c/cmake)
[0.392s] -- Found rosidl_generator_cpp: 4.6.7 (/workspace/jazzy_ws/install/share/rosidl_generator_cpp/cmake)
[0.397s] -- Using all available rosidl_typesupport_c: rosidl_typesupport_fastrtps_c;rosidl_typesupport_introspection_c
[0.404s] -- Using all available rosidl_typesupport_cpp: rosidl_typesupport_fastrtps_cpp;rosidl_typesupport_introspection_cpp
[0.410s] -- Found rosidl_core_generators: 0.2.0 (/workspace/jazzy_ws/install/share/rosidl_core_generators/cmake)
[0.413s] -- Found rosidl_adapter: 4.6.7 (/workspace/jazzy_ws/install/share/rosidl_adapter/cmake)
[0.414s] -- Found unique_identifier_msgs: 2.5.0 (/workspace/jazzy_ws/install/share/unique_identifier_msgs/cmake)
[0.703s] -- Found ament_cmake_cppcheck: 0.17.4 (/workspace/jazzy_ws/install/share/ament_cmake_cppcheck/cmake)
[0.704s] -- Found ament_cmake_cpplint: 0.17.4 (/workspace/jazzy_ws/install/share/ament_cmake_cpplint/cmake)
[0.705s] -- Found ament_cmake_uncrustify: 0.17.4 (/workspace/jazzy_ws/install/share/ament_cmake_uncrustify/cmake)
[0.706s] -- Found ament_cmake_ros: 0.12.0 (/workspace/jazzy_ws/install/share/ament_cmake_ros/cmake)
[1.027s] -- Using all available rosidl_typesupport_c: rosidl_typesupport_fastrtps_c;rosidl_typesupport_introspection_c
[1.156s] -- Using all available rosidl_typesupport_cpp: rosidl_typesupport_fastrtps_cpp;rosidl_typesupport_introspection_cpp
[1.158s] -- Found python_cmake_module: 0.11.1 (/workspace/jazzy_ws/install/share/python_cmake_module/cmake)
[1.220s] -- Found PythonExtra: /usr/bin/python3  
[1.486s] -- Found Python3: /usr/bin/python3 (found version "3.12.3") found components: Interpreter Development NumPy Development.Module Development.Embed 
[1.506s] -- Found ament_cmake_flake8: 0.17.4 (/workspace/jazzy_ws/install/share/ament_cmake_flake8/cmake)
[1.508s] -- Found ament_cmake_pep257: 0.17.4 (/workspace/jazzy_ws/install/share/ament_cmake_pep257/cmake)
[1.509s] -- Found ament_lint_auto: 0.17.4 (/workspace/jazzy_ws/install/share/ament_lint_auto/cmake)
[1.520s] -- Added test 'copyright' to check source files copyright and LICENSE
[1.521s] -- Added test 'lint_cmake' to check CMake code style
[1.521s] -- Added test 'xmllint' to check XML markup files
[1.523s] -- Configuring done (1.4s)
[1.547s] -- Generating done (0.0s)
[1.553s] -- Build files have been written to: /workspace/jazzy_ws/build/action_msgs
[1.558s] Invoked command in '/workspace/jazzy_ws/build/action_msgs' returned '0': AMENT_PREFIX_PATH=/workspace/jazzy_ws/install CMAKE_PREFIX_PATH=/workspace/jazzy_ws/install LD_LIBRARY_PATH=/workspace/jazzy_ws/install/lib:/workspace/jazzy_ws/install/opt/mimick_vendor/lib PATH=/workspace/jazzy_ws/install/bin:/workspace/jazzy_ws/install/opt/uncrustify_vendor/bin:${PATH} PKG_CONFIG_PATH=/workspace/jazzy_ws/install/lib/x86_64-linux-gnu/pkgconfig:/workspace/jazzy_ws/install/lib/pkgconfig PYTHONPATH=/workspace/jazzy_ws/install/lib/python3.12/site-packages /usr/bin/cmake /workspace/jazzy_ws/src/rcl_interfaces/action_msgs -DCMAKE_INSTALL_PREFIX=/workspace/jazzy_ws/install
[1.559s] Invoking command in '/workspace/jazzy_ws/build/action_msgs': AMENT_PREFIX_PATH=/workspace/jazzy_ws/install CMAKE_PREFIX_PATH=/workspace/jazzy_ws/install LD_LIBRARY_PATH=/workspace/jazzy_ws/install/lib:/workspace/jazzy_ws/install/opt/mimick_vendor/lib PATH=/workspace/jazzy_ws/install/bin:/workspace/jazzy_ws/install/opt/uncrustify_vendor/bin:${PATH} PKG_CONFIG_PATH=/workspace/jazzy_ws/install/lib/x86_64-linux-gnu/pkgconfig:/workspace/jazzy_ws/install/lib/pkgconfig PYTHONPATH=/workspace/jazzy_ws/install/lib/python3.12/site-packages /usr/bin/cmake --build /workspace/jazzy_ws/build/action_msgs -- -j24 -l24
[1.585s] [  1%] Generating type hashes for ROS interfaces
[1.589s] [  1%] Built target ament_cmake_python_copy_action_msgs
[1.681s] running egg_info
[1.685s] creating action_msgs.egg-info
[1.685s] writing action_msgs.egg-info/PKG-INFO
[1.686s] writing dependency_links to action_msgs.egg-info/dependency_links.txt
[1.686s] writing top-level names to action_msgs.egg-info/top_level.txt
[1.686s] writing manifest file 'action_msgs.egg-info/SOURCES.txt'
[1.699s] reading manifest file 'action_msgs.egg-info/SOURCES.txt'
[1.700s] writing manifest file 'action_msgs.egg-info/SOURCES.txt'
[1.717s] [  1%] Built target ament_cmake_python_build_action_msgs_egg
[1.798s] [  1%] Built target action_msgs__rosidl_generator_type_description
[1.803s] [  3%] Generating C code for ROS interfaces
[1.808s] [  4%] Generating C++ code for ROS interfaces
[2.084s] [  4%] Built target action_msgs__cpp
[2.129s] [ 14%] Building C object CMakeFiles/action_msgs__rosidl_generator_c.dir/rosidl_generator_c/action_msgs/msg/detail/goal_status_array__type_support.c.o
[2.130s] [ 14%] Building C object CMakeFiles/action_msgs__rosidl_generator_c.dir/rosidl_generator_c/action_msgs/msg/detail/goal_status__functions.c.o
[2.130s] [ 14%] Building C object CMakeFiles/action_msgs__rosidl_generator_c.dir/rosidl_generator_c/action_msgs/msg/detail/goal_info__description.c.o
[2.130s] [ 14%] Building C object CMakeFiles/action_msgs__rosidl_generator_c.dir/rosidl_generator_c/action_msgs/msg/detail/goal_info__functions.c.o
[2.130s] [ 14%] Building C object CMakeFiles/action_msgs__rosidl_generator_c.dir/rosidl_generator_c/action_msgs/msg/detail/goal_info__type_support.c.o
[2.130s] [ 14%] Building C object CMakeFiles/action_msgs__rosidl_generator_c.dir/rosidl_generator_c/action_msgs/msg/detail/goal_status__description.c.o
[2.130s] [ 15%] Building C object CMakeFiles/action_msgs__rosidl_generator_c.dir/rosidl_generator_c/action_msgs/msg/detail/goal_status__type_support.c.o
[2.130s] [ 17%] Building C object CMakeFiles/action_msgs__rosidl_generator_c.dir/rosidl_generator_c/action_msgs/srv/detail/cancel_goal__functions.c.o
[2.131s] [ 18%] Building C object CMakeFiles/action_msgs__rosidl_generator_c.dir/rosidl_generator_c/action_msgs/msg/detail/goal_status_array__description.c.o
[2.131s] [ 21%] Building C object CMakeFiles/action_msgs__rosidl_generator_c.dir/rosidl_generator_c/action_msgs/srv/detail/cancel_goal__description.c.o
[2.131s] [ 21%] Building C object CMakeFiles/action_msgs__rosidl_generator_c.dir/rosidl_generator_c/action_msgs/msg/detail/goal_status_array__functions.c.o
[2.131s] [ 23%] Building C object CMakeFiles/action_msgs__rosidl_generator_c.dir/rosidl_generator_c/action_msgs/srv/detail/cancel_goal__type_support.c.o
[2.166s] [ 25%] Linking C shared library libaction_msgs__rosidl_generator_c.so
[2.186s] [ 25%] Built target action_msgs__rosidl_generator_c
[2.191s] [ 34%] Generating C type support dispatch for ROS interfaces
[2.191s] [ 34%] Generating C++ introspection for ROS interfaces
[2.191s] [ 34%] Generating C++ type support for eProsima Fast-RTPS
[2.192s] [ 34%] Generating C introspection for ROS interfaces
[2.192s] [ 32%] Generating C type support for eProsima Fast-RTPS
[2.192s] [ 34%] Generating C++ type support dispatch for ROS interfaces
[2.436s] [ 39%] Building CXX object CMakeFiles/action_msgs__rosidl_typesupport_cpp.dir/rosidl_typesupport_cpp/action_msgs/msg/goal_info__type_support.cpp.o
[2.436s] [ 39%] Building CXX object CMakeFiles/action_msgs__rosidl_typesupport_cpp.dir/rosidl_typesupport_cpp/action_msgs/msg/goal_status__type_support.cpp.o
[2.436s] [ 39%] Building CXX object CMakeFiles/action_msgs__rosidl_typesupport_cpp.dir/rosidl_typesupport_cpp/action_msgs/msg/goal_status_array__type_support.cpp.o
[2.438s] [ 40%] Building CXX object CMakeFiles/action_msgs__rosidl_typesupport_cpp.dir/rosidl_typesupport_cpp/action_msgs/srv/cancel_goal__type_support.cpp.o
[2.443s] [ 42%] Building CXX object CMakeFiles/action_msgs__rosidl_typesupport_c.dir/rosidl_typesupport_c/action_msgs/msg/goal_info__type_support.cpp.o
[2.443s] [ 43%] Building CXX object CMakeFiles/action_msgs__rosidl_typesupport_introspection_cpp.dir/rosidl_typesupport_introspection_cpp/action_msgs/msg/detail/goal_status__type_support.cpp.o
[2.444s] [ 45%] Building CXX object CMakeFiles/action_msgs__rosidl_typesupport_c.dir/rosidl_typesupport_c/action_msgs/msg/goal_status__type_support.cpp.o
[2.444s] [ 50%] Building CXX object CMakeFiles/action_msgs__rosidl_typesupport_c.dir/rosidl_typesupport_c/action_msgs/msg/goal_status_array__type_support.cpp.o
[2.444s] [ 50%] Building CXX object CMakeFiles/action_msgs__rosidl_typesupport_introspection_cpp.dir/rosidl_typesupport_introspection_cpp/action_msgs/srv/detail/cancel_goal__type_support.cpp.o
[2.445s] [ 48%] Building CXX object CMakeFiles/action_msgs__rosidl_typesupport_introspection_cpp.dir/rosidl_typesupport_introspection_cpp/action_msgs/msg/detail/goal_info__type_support.cpp.o
[2.445s] [ 51%] Building CXX object CMakeFiles/action_msgs__rosidl_typesupport_introspection_cpp.dir/rosidl_typesupport_introspection_cpp/action_msgs/msg/detail/goal_status_array__type_support.cpp.o
[2.447s] [ 53%] Building CXX object CMakeFiles/action_msgs__rosidl_typesupport_c.dir/rosidl_typesupport_c/action_msgs/srv/cancel_goal__type_support.cpp.o
[2.460s] [ 56%] Building C object CMakeFiles/action_msgs__rosidl_typesupport_introspection_c.dir/rosidl_typesupport_introspection_c/action_msgs/srv/detail/cancel_goal__type_support.c.o
[2.461s] [ 56%] Building C object CMakeFiles/action_msgs__rosidl_typesupport_introspection_c.dir/rosidl_typesupport_introspection_c/action_msgs/msg/detail/goal_status__type_support.c.o
[2.461s] [ 57%] Building C object CMakeFiles/action_msgs__rosidl_typesupport_introspection_c.dir/rosidl_typesupport_introspection_c/action_msgs/msg/detail/goal_info__type_support.c.o
[2.462s] [ 59%] Building C object CMakeFiles/action_msgs__rosidl_typesupport_introspection_c.dir/rosidl_typesupport_introspection_c/action_msgs/msg/detail/goal_status_array__type_support.c.o
[2.478s] [ 60%] Linking CXX shared library libaction_msgs__rosidl_typesupport_c.so
[2.488s] [ 62%] Linking C shared library libaction_msgs__rosidl_typesupport_introspection_c.so
[2.489s] [ 65%] Building CXX object CMakeFiles/action_msgs__rosidl_typesupport_fastrtps_cpp.dir/rosidl_typesupport_fastrtps_cpp/action_msgs/srv/detail/dds_fastrtps/cancel_goal__type_support.cpp.o
[2.489s] [ 65%] Building CXX object CMakeFiles/action_msgs__rosidl_typesupport_fastrtps_cpp.dir/rosidl_typesupport_fastrtps_cpp/action_msgs/msg/detail/dds_fastrtps/goal_status_array__type_support.cpp.o
[2.490s] [ 67%] Building CXX object CMakeFiles/action_msgs__rosidl_typesupport_fastrtps_cpp.dir/rosidl_typesupport_fastrtps_cpp/action_msgs/msg/detail/dds_fastrtps/goal_status__type_support.cpp.o
[2.490s] [ 68%] Building CXX object CMakeFiles/action_msgs__rosidl_typesupport_fastrtps_cpp.dir/rosidl_typesupport_fastrtps_cpp/action_msgs/msg/detail/dds_fastrtps/goal_info__type_support.cpp.o
[2.505s] [ 68%] Built target action_msgs__rosidl_typesupport_c
[2.508s] [ 68%] Built target action_msgs__rosidl_typesupport_introspection_c
[2.525s] [ 70%] Building CXX object CMakeFiles/action_msgs__rosidl_typesupport_fastrtps_c.dir/rosidl_typesupport_fastrtps_c/action_msgs/msg/detail/goal_info__type_support_c.cpp.o
[2.526s] [ 71%] Building CXX object CMakeFiles/action_msgs__rosidl_typesupport_fastrtps_c.dir/rosidl_typesupport_fastrtps_c/action_msgs/msg/detail/goal_status__type_support_c.cpp.o
[2.526s] [ 73%] Building CXX object CMakeFiles/action_msgs__rosidl_typesupport_fastrtps_c.dir/rosidl_typesupport_fastrtps_c/action_msgs/srv/detail/cancel_goal__type_support_c.cpp.o
[2.526s] [ 75%] Building CXX object CMakeFiles/action_msgs__rosidl_typesupport_fastrtps_c.dir/rosidl_typesupport_fastrtps_c/action_msgs/msg/detail/goal_status_array__type_support_c.cpp.o
[2.649s] [ 76%] Linking CXX shared library libaction_msgs__rosidl_typesupport_cpp.so
[2.691s] [ 78%] Linking CXX shared library libaction_msgs__rosidl_typesupport_introspection_cpp.so
[2.694s] [ 78%] Built target action_msgs__rosidl_typesupport_cpp
[2.740s] [ 78%] Built target action_msgs__rosidl_typesupport_introspection_cpp
[2.775s] [ 79%] Linking CXX shared library libaction_msgs__rosidl_typesupport_fastrtps_c.so
[2.806s] [ 79%] Built target action_msgs__rosidl_typesupport_fastrtps_c
[2.834s] [ 81%] Linking CXX shared library libaction_msgs__rosidl_typesupport_fastrtps_cpp.so
[2.875s] [ 81%] Built target action_msgs__rosidl_typesupport_fastrtps_cpp
[2.885s] [ 81%] Built target action_msgs
[2.896s] [ 82%] Generating Python code for ROS interfaces
[3.362s] [ 82%] Built target action_msgs__py
[3.373s] [ 84%] Building C object CMakeFiles/action_msgs__rosidl_generator_py.dir/rosidl_generator_py/action_msgs/msg/_goal_info_s.c.o
[3.373s] [ 85%] Building C object CMakeFiles/action_msgs__rosidl_generator_py.dir/rosidl_generator_py/action_msgs/msg/_goal_status_s.c.o
[3.373s] [ 87%] Building C object CMakeFiles/action_msgs__rosidl_generator_py.dir/rosidl_generator_py/action_msgs/msg/_goal_status_array_s.c.o
[3.374s] [ 89%] Building C object CMakeFiles/action_msgs__rosidl_generator_py.dir/rosidl_generator_py/action_msgs/srv/_cancel_goal_s.c.o
[3.468s] [ 90%] Linking C shared library libaction_msgs__rosidl_generator_py.so
[3.500s] [ 90%] Built target action_msgs__rosidl_generator_py
[3.513s] [ 92%] Building C object CMakeFiles/action_msgs_s__rosidl_typesupport_fastrtps_c.dir/rosidl_generator_py/action_msgs/_action_msgs_s.ep.rosidl_typesupport_fastrtps_c.c.o
[3.515s] [ 95%] Building C object CMakeFiles/action_msgs_s__rosidl_typesupport_introspection_c.dir/rosidl_generator_py/action_msgs/_action_msgs_s.ep.rosidl_typesupport_introspection_c.c.o
[3.516s] [ 95%] Building C object CMakeFiles/action_msgs_s__rosidl_typesupport_c.dir/rosidl_generator_py/action_msgs/_action_msgs_s.ep.rosidl_typesupport_c.c.o
[3.591s] [ 96%] Linking C shared module rosidl_generator_py/action_msgs/action_msgs_s__rosidl_typesupport_c.so
[3.593s] [ 98%] Linking C shared module rosidl_generator_py/action_msgs/action_msgs_s__rosidl_typesupport_fastrtps_c.so
[3.595s] [100%] Linking C shared module rosidl_generator_py/action_msgs/action_msgs_s__rosidl_typesupport_introspection_c.so
[3.614s] [100%] Built target action_msgs_s__rosidl_typesupport_c
[3.616s] [100%] Built target action_msgs_s__rosidl_typesupport_fastrtps_c
[3.623s] [100%] Built target action_msgs_s__rosidl_typesupport_introspection_c
[3.632s] Invoked command in '/workspace/jazzy_ws/build/action_msgs' returned '0': AMENT_PREFIX_PATH=/workspace/jazzy_ws/install CMAKE_PREFIX_PATH=/workspace/jazzy_ws/install LD_LIBRARY_PATH=/workspace/jazzy_ws/install/lib:/workspace/jazzy_ws/install/opt/mimick_vendor/lib PATH=/workspace/jazzy_ws/install/bin:/workspace/jazzy_ws/install/opt/uncrustify_vendor/bin:${PATH} PKG_CONFIG_PATH=/workspace/jazzy_ws/install/lib/x86_64-linux-gnu/pkgconfig:/workspace/jazzy_ws/install/lib/pkgconfig PYTHONPATH=/workspace/jazzy_ws/install/lib/python3.12/site-packages /usr/bin/cmake --build /workspace/jazzy_ws/build/action_msgs -- -j24 -l24
[3.633s] Invoking command in '/workspace/jazzy_ws/build/action_msgs': AMENT_PREFIX_PATH=/workspace/jazzy_ws/install CMAKE_PREFIX_PATH=/workspace/jazzy_ws/install LD_LIBRARY_PATH=/workspace/jazzy_ws/install/lib:/workspace/jazzy_ws/install/opt/mimick_vendor/lib PATH=/workspace/jazzy_ws/install/bin:/workspace/jazzy_ws/install/opt/uncrustify_vendor/bin:${PATH} PKG_CONFIG_PATH=/workspace/jazzy_ws/install/lib/x86_64-linux-gnu/pkgconfig:/workspace/jazzy_ws/install/lib/pkgconfig PYTHONPATH=/workspace/jazzy_ws/install/lib/python3.12/site-packages /usr/bin/cmake --install /workspace/jazzy_ws/build/action_msgs
[3.639s] -- Install configuration: ""
[3.639s] -- Installing: /workspace/jazzy_ws/install/share/ament_index/resource_index/rosidl_interfaces/action_msgs
[3.639s] -- Installing: /workspace/jazzy_ws/install/share/action_msgs/msg/GoalInfo.json
[3.639s] -- Installing: /workspace/jazzy_ws/install/share/action_msgs/msg/GoalStatus.json
[3.639s] -- Installing: /workspace/jazzy_ws/install/share/action_msgs/msg/GoalStatusArray.json
[3.639s] -- Installing: /workspace/jazzy_ws/install/share/action_msgs/srv/CancelGoal.json
[3.639s] -- Installing: /workspace/jazzy_ws/install/include/action_msgs/action_msgs
[3.639s] -- Installing: /workspace/jazzy_ws/install/include/action_msgs/action_msgs/msg
[3.639s] -- Installing: /workspace/jazzy_ws/install/include/action_msgs/action_msgs/msg/detail
[3.639s] -- Installing: /workspace/jazzy_ws/install/include/action_msgs/action_msgs/msg/detail/goal_status__struct.h
[3.639s] -- Installing: /workspace/jazzy_ws/install/include/action_msgs/action_msgs/msg/detail/goal_status__type_support.h
[3.639s] -- Installing: /workspace/jazzy_ws/install/include/action_msgs/action_msgs/msg/detail/goal_info__functions.h
[3.639s] -- Installing: /workspace/jazzy_ws/install/include/action_msgs/action_msgs/msg/detail/goal_status__functions.c
[3.639s] -- Installing: /workspace/jazzy_ws/install/include/action_msgs/action_msgs/msg/detail/goal_status_array__type_support.c
[3.639s] -- Installing: /workspace/jazzy_ws/install/include/action_msgs/action_msgs/msg/detail/goal_status_array__struct.h
[3.640s] -- Installing: /workspace/jazzy_ws/install/include/action_msgs/action_msgs/msg/detail/goal_status__type_support.c
[3.640s] -- Installing: /workspace/jazzy_ws/install/include/action_msgs/action_msgs/msg/detail/goal_status_array__functions.c
[3.640s] -- Installing: /workspace/jazzy_ws/install/include/action_msgs/action_msgs/msg/detail/goal_status_array__description.c
[3.640s] -- Installing: /workspace/jazzy_ws/install/include/action_msgs/action_msgs/msg/detail/goal_status_array__type_support.h
[3.640s] -- Installing: /workspace/jazzy_ws/install/include/action_msgs/action_msgs/msg/detail/goal_info__description.c
[3.640s] -- Installing: /workspace/jazzy_ws/install/include/action_msgs/action_msgs/msg/detail/goal_info__functions.c
[3.640s] -- Installing: /workspace/jazzy_ws/install/include/action_msgs/action_msgs/msg/detail/goal_info__type_support.c
[3.640s] -- Installing: /workspace/jazzy_ws/install/include/action_msgs/action_msgs/msg/detail/goal_status__description.c
[3.640s] -- Installing: /workspace/jazzy_ws/install/include/action_msgs/action_msgs/msg/detail/goal_info__type_support.h
[3.640s] -- Installing: /workspace/jazzy_ws/install/include/action_msgs/action_msgs/msg/detail/goal_info__struct.h
[3.640s] -- Installing: /workspace/jazzy_ws/install/include/action_msgs/action_msgs/msg/detail/goal_status__functions.h
[3.640s] -- Installing: /workspace/jazzy_ws/install/include/action_msgs/action_msgs/msg/detail/goal_status_array__functions.h
[3.640s] -- Installing: /workspace/jazzy_ws/install/include/action_msgs/action_msgs/msg/goal_info.h
[3.640s] -- Installing: /workspace/jazzy_ws/install/include/action_msgs/action_msgs/msg/goal_status_array.h
[3.640s] -- Installing: /workspace/jazzy_ws/install/include/action_msgs/action_msgs/msg/goal_status.h
[3.641s] -- Installing: /workspace/jazzy_ws/install/include/action_msgs/action_msgs/msg/rosidl_generator_c__visibility_control.h
[3.641s] -- Installing: /workspace/jazzy_ws/install/include/action_msgs/action_msgs/srv
[3.641s] -- Installing: /workspace/jazzy_ws/install/include/action_msgs/action_msgs/srv/detail
[3.641s] -- Installing: /workspace/jazzy_ws/install/include/action_msgs/action_msgs/srv/detail/cancel_goal__type_support.h
[3.641s] -- Installing: /workspace/jazzy_ws/install/include/action_msgs/action_msgs/srv/detail/cancel_goal__functions.h
[3.641s] -- Installing: /workspace/jazzy_ws/install/include/action_msgs/action_msgs/srv/detail/cancel_goal__functions.c
[3.641s] -- Installing: /workspace/jazzy_ws/install/include/action_msgs/action_msgs/srv/detail/cancel_goal__description.c
[3.641s] -- Installing: /workspace/jazzy_ws/install/include/action_msgs/action_msgs/srv/detail/cancel_goal__struct.h
[3.641s] -- Installing: /workspace/jazzy_ws/install/include/action_msgs/action_msgs/srv/detail/cancel_goal__type_support.c
[3.641s] -- Installing: /workspace/jazzy_ws/install/include/action_msgs/action_msgs/srv/cancel_goal.h
[3.641s] -- Installing: /workspace/jazzy_ws/install/share/action_msgs/environment/library_path.sh
[3.641s] -- Installing: /workspace/jazzy_ws/install/share/action_msgs/environment/library_path.dsv
[3.642s] -- Installing: /workspace/jazzy_ws/install/lib/libaction_msgs__rosidl_generator_c.so
[3.642s] -- Set non-toolchain portion of runtime path of "/workspace/jazzy_ws/install/lib/libaction_msgs__rosidl_generator_c.so" to ""
[3.642s] -- Up-to-date: /workspace/jazzy_ws/install/include/action_msgs/action_msgs
[3.642s] -- Up-to-date: /workspace/jazzy_ws/install/include/action_msgs/action_msgs/msg
[3.642s] -- Up-to-date: /workspace/jazzy_ws/install/include/action_msgs/action_msgs/msg/detail
[3.642s] -- Installing: /workspace/jazzy_ws/install/include/action_msgs/action_msgs/msg/detail/goal_info__rosidl_typesupport_fastrtps_c.h
[3.642s] -- Installing: /workspace/jazzy_ws/install/include/action_msgs/action_msgs/msg/detail/goal_status__rosidl_typesupport_fastrtps_c.h
[3.642s] -- Installing: /workspace/jazzy_ws/install/include/action_msgs/action_msgs/msg/detail/goal_status_array__rosidl_typesupport_fastrtps_c.h
[3.642s] -- Installing: /workspace/jazzy_ws/install/include/action_msgs/action_msgs/msg/rosidl_typesupport_fastrtps_c__visibility_control.h
[3.642s] -- Up-to-date: /workspace/jazzy_ws/install/include/action_msgs/action_msgs/srv
[3.642s] -- Up-to-date: /workspace/jazzy_ws/install/include/action_msgs/action_msgs/srv/detail
[3.642s] -- Installing: /workspace/jazzy_ws/install/include/action_msgs/action_msgs/srv/detail/cancel_goal__rosidl_typesupport_fastrtps_c.h
[3.642s] -- Installing: /workspace/jazzy_ws/install/lib/libaction_msgs__rosidl_typesupport_fastrtps_c.so
[3.643s] -- Set non-toolchain portion of runtime path of "/workspace/jazzy_ws/install/lib/libaction_msgs__rosidl_typesupport_fastrtps_c.so" to ""
[3.643s] -- Up-to-date: /workspace/jazzy_ws/install/include/action_msgs/action_msgs
[3.643s] -- Up-to-date: /workspace/jazzy_ws/install/include/action_msgs/action_msgs/msg
[3.643s] -- Up-to-date: /workspace/jazzy_ws/install/include/action_msgs/action_msgs/msg/detail
[3.643s] -- Installing: /workspace/jazzy_ws/install/include/action_msgs/action_msgs/msg/detail/goal_status__struct.hpp
[3.643s] -- Installing: /workspace/jazzy_ws/install/include/action_msgs/action_msgs/msg/detail/goal_status__type_support.hpp
[3.643s] -- Installing: /workspace/jazzy_ws/install/include/action_msgs/action_msgs/msg/detail/goal_status_array__type_support.hpp
[3.643s] -- Installing: /workspace/jazzy_ws/install/include/action_msgs/action_msgs/msg/detail/goal_status_array__traits.hpp
[3.643s] -- Installing: /workspace/jazzy_ws/install/include/action_msgs/action_msgs/msg/detail/goal_status_array__builder.hpp
[3.643s] -- Installing: /workspace/jazzy_ws/install/include/action_msgs/action_msgs/msg/detail/goal_info__struct.hpp
[3.643s] -- Installing: /workspace/jazzy_ws/install/include/action_msgs/action_msgs/msg/detail/goal_status__builder.hpp
[3.643s] -- Installing: /workspace/jazzy_ws/install/include/action_msgs/action_msgs/msg/detail/goal_status__traits.hpp
[3.643s] -- Installing: /workspace/jazzy_ws/install/include/action_msgs/action_msgs/msg/detail/goal_status_array__struct.hpp
[3.644s] -- Installing: /workspace/jazzy_ws/install/include/action_msgs/action_msgs/msg/detail/goal_info__traits.hpp
[3.644s] -- Installing: /workspace/jazzy_ws/install/include/action_msgs/action_msgs/msg/detail/goal_info__builder.hpp
[3.644s] -- Installing: /workspace/jazzy_ws/install/include/action_msgs/action_msgs/msg/detail/goal_info__type_support.hpp
[3.644s] -- Installing: /workspace/jazzy_ws/install/include/action_msgs/action_msgs/msg/goal_info.hpp
[3.644s] -- Installing: /workspace/jazzy_ws/install/include/action_msgs/action_msgs/msg/rosidl_generator_cpp__visibility_control.hpp
[3.644s] -- Installing: /workspace/jazzy_ws/install/include/action_msgs/action_msgs/msg/goal_status.hpp
[3.644s] -- Installing: /workspace/jazzy_ws/install/include/action_msgs/action_msgs/msg/goal_status_array.hpp
[3.644s] -- Up-to-date: /workspace/jazzy_ws/install/include/action_msgs/action_msgs/srv
[3.644s] -- Up-to-date: /workspace/jazzy_ws/install/include/action_msgs/action_msgs/srv/detail
[3.645s] -- Installing: /workspace/jazzy_ws/install/include/action_msgs/action_msgs/srv/detail/cancel_goal__struct.hpp
[3.645s] -- Installing: /workspace/jazzy_ws/install/include/action_msgs/action_msgs/srv/detail/cancel_goal__type_support.hpp
[3.645s] -- Installing: /workspace/jazzy_ws/install/include/action_msgs/action_msgs/srv/detail/cancel_goal__traits.hpp
[3.645s] -- Installing: /workspace/jazzy_ws/install/include/action_msgs/action_msgs/srv/detail/cancel_goal__builder.hpp
[3.645s] -- Installing: /workspace/jazzy_ws/install/include/action_msgs/action_msgs/srv/cancel_goal.hpp
[3.645s] -- Up-to-date: /workspace/jazzy_ws/install/include/action_msgs/action_msgs
[3.645s] -- Up-to-date: /workspace/jazzy_ws/install/include/action_msgs/action_msgs/msg
[3.645s] -- Up-to-date: /workspace/jazzy_ws/install/include/action_msgs/action_msgs/msg/detail
[3.645s] -- Installing: /workspace/jazzy_ws/install/include/action_msgs/action_msgs/msg/detail/goal_status__rosidl_typesupport_fastrtps_cpp.hpp
[3.645s] -- Installing: /workspace/jazzy_ws/install/include/action_msgs/action_msgs/msg/detail/dds_fastrtps
[3.645s] -- Installing: /workspace/jazzy_ws/install/include/action_msgs/action_msgs/msg/detail/goal_status_array__rosidl_typesupport_fastrtps_cpp.hpp
[3.645s] -- Installing: /workspace/jazzy_ws/install/include/action_msgs/action_msgs/msg/detail/goal_info__rosidl_typesupport_fastrtps_cpp.hpp
[3.645s] -- Installing: /workspace/jazzy_ws/install/include/action_msgs/action_msgs/msg/rosidl_typesupport_fastrtps_cpp__visibility_control.h
[3.645s] -- Up-to-date: /workspace/jazzy_ws/install/include/action_msgs/action_msgs/srv
[3.645s] -- Up-to-date: /workspace/jazzy_ws/install/include/action_msgs/action_msgs/srv/detail
[3.645s] -- Installing: /workspace/jazzy_ws/install/include/action_msgs/action_msgs/srv/detail/cancel_goal__rosidl_typesupport_fastrtps_cpp.hpp
[3.645s] -- Installing: /workspace/jazzy_ws/install/include/action_msgs/action_msgs/srv/detail/dds_fastrtps
[3.645s] -- Installing: /workspace/jazzy_ws/install/lib/libaction_msgs__rosidl_typesupport_fastrtps_cpp.so
[3.645s] -- Set non-toolchain portion of runtime path of "/workspace/jazzy_ws/install/lib/libaction_msgs__rosidl_typesupport_fastrtps_cpp.so" to ""
[3.645s] -- Up-to-date: /workspace/jazzy_ws/install/include/action_msgs/action_msgs
[3.645s] -- Up-to-date: /workspace/jazzy_ws/install/include/action_msgs/action_msgs/msg
[3.645s] -- Up-to-date: /workspace/jazzy_ws/install/include/action_msgs/action_msgs/msg/detail
[3.645s] -- Installing: /workspace/jazzy_ws/install/include/action_msgs/action_msgs/msg/detail/goal_info__rosidl_typesupport_introspection_c.h
[3.646s] -- Up-to-date: /workspace/jazzy_ws/install/include/action_msgs/action_msgs/msg/detail/goal_status_array__type_support.c
[3.646s] -- Up-to-date: /workspace/jazzy_ws/install/include/action_msgs/action_msgs/msg/detail/goal_status__type_support.c
[3.646s] -- Installing: /workspace/jazzy_ws/install/include/action_msgs/action_msgs/msg/detail/goal_status__rosidl_typesupport_introspection_c.h
[3.646s] -- Up-to-date: /workspace/jazzy_ws/install/include/action_msgs/action_msgs/msg/detail/goal_info__type_support.c
[3.646s] -- Installing: /workspace/jazzy_ws/install/include/action_msgs/action_msgs/msg/detail/goal_status_array__rosidl_typesupport_introspection_c.h
[3.646s] -- Installing: /workspace/jazzy_ws/install/include/action_msgs/action_msgs/msg/rosidl_typesupport_introspection_c__visibility_control.h
[3.646s] -- Up-to-date: /workspace/jazzy_ws/install/include/action_msgs/action_msgs/srv
[3.646s] -- Up-to-date: /workspace/jazzy_ws/install/include/action_msgs/action_msgs/srv/detail
[3.646s] -- Up-to-date: /workspace/jazzy_ws/install/include/action_msgs/action_msgs/srv/detail/cancel_goal__type_support.c
[3.646s] -- Installing: /workspace/jazzy_ws/install/include/action_msgs/action_msgs/srv/detail/cancel_goal__rosidl_typesupport_introspection_c.h
[3.646s] -- Installing: /workspace/jazzy_ws/install/lib/libaction_msgs__rosidl_typesupport_introspection_c.so
[3.646s] -- Set non-toolchain portion of runtime path of "/workspace/jazzy_ws/install/lib/libaction_msgs__rosidl_typesupport_introspection_c.so" to ""
[3.646s] -- Installing: /workspace/jazzy_ws/install/lib/libaction_msgs__rosidl_typesupport_c.so
[3.646s] -- Set non-toolchain portion of runtime path of "/workspace/jazzy_ws/install/lib/libaction_msgs__rosidl_typesupport_c.so" to ""
[3.647s] -- Up-to-date: /workspace/jazzy_ws/install/include/action_msgs/action_msgs
[3.647s] -- Up-to-date: /workspace/jazzy_ws/install/include/action_msgs/action_msgs/msg
[3.647s] -- Up-to-date: /workspace/jazzy_ws/install/include/action_msgs/action_msgs/msg/detail
[3.647s] -- Installing: /workspace/jazzy_ws/install/include/action_msgs/action_msgs/msg/detail/goal_status_array__type_support.cpp
[3.647s] -- Installing: /workspace/jazzy_ws/install/include/action_msgs/action_msgs/msg/detail/goal_status__rosidl_typesupport_introspection_cpp.hpp
[3.647s] -- Installing: /workspace/jazzy_ws/install/include/action_msgs/action_msgs/msg/detail/goal_status__type_support.cpp
[3.647s] -- Installing: /workspace/jazzy_ws/install/include/action_msgs/action_msgs/msg/detail/goal_info__type_support.cpp
[3.647s] -- Installing: /workspace/jazzy_ws/install/include/action_msgs/action_msgs/msg/detail/goal_status_array__rosidl_typesupport_introspection_cpp.hpp
[3.647s] -- Installing: /workspace/jazzy_ws/install/include/action_msgs/action_msgs/msg/detail/goal_info__rosidl_typesupport_introspection_cpp.hpp
[3.647s] -- Up-to-date: /workspace/jazzy_ws/install/include/action_msgs/action_msgs/srv
[3.647s] -- Up-to-date: /workspace/jazzy_ws/install/include/action_msgs/action_msgs/srv/detail
[3.647s] -- Installing: /workspace/jazzy_ws/install/include/action_msgs/action_msgs/srv/detail/cancel_goal__rosidl_typesupport_introspection_cpp.hpp
[3.647s] -- Installing: /workspace/jazzy_ws/install/include/action_msgs/action_msgs/srv/detail/cancel_goal__type_support.cpp
[3.647s] -- Installing: /workspace/jazzy_ws/install/lib/libaction_msgs__rosidl_typesupport_introspection_cpp.so
[3.647s] -- Set non-toolchain portion of runtime path of "/workspace/jazzy_ws/install/lib/libaction_msgs__rosidl_typesupport_introspection_cpp.so" to ""
[3.647s] -- Installing: /workspace/jazzy_ws/install/lib/libaction_msgs__rosidl_typesupport_cpp.so
[3.648s] -- Set non-toolchain portion of runtime path of "/workspace/jazzy_ws/install/lib/libaction_msgs__rosidl_typesupport_cpp.so" to ""
[3.648s] -- Installing: /workspace/jazzy_ws/install/share/action_msgs/environment/pythonpath.sh
[3.648s] -- Installing: /workspace/jazzy_ws/install/share/action_msgs/environment/pythonpath.dsv
[3.648s] -- Installing: /workspace/jazzy_ws/install/lib/python3.12/site-packages/action_msgs-2.0.3-py3.12.egg-info
[3.648s] -- Installing: /workspace/jazzy_ws/install/lib/python3.12/site-packages/action_msgs-2.0.3-py3.12.egg-info/PKG-INFO
[3.648s] -- Installing: /workspace/jazzy_ws/install/lib/python3.12/site-packages/action_msgs-2.0.3-py3.12.egg-info/SOURCES.txt
[3.648s] -- Installing: /workspace/jazzy_ws/install/lib/python3.12/site-packages/action_msgs-2.0.3-py3.12.egg-info/top_level.txt
[3.649s] -- Installing: /workspace/jazzy_ws/install/lib/python3.12/site-packages/action_msgs-2.0.3-py3.12.egg-info/dependency_links.txt
[3.649s] -- Installing: /workspace/jazzy_ws/install/lib/python3.12/site-packages/action_msgs
[3.649s] -- Installing: /workspace/jazzy_ws/install/lib/python3.12/site-packages/action_msgs/_action_msgs_s.ep.rosidl_typesupport_introspection_c.c
[3.649s] -- Installing: /workspace/jazzy_ws/install/lib/python3.12/site-packages/action_msgs/msg
[3.649s] -- Installing: /workspace/jazzy_ws/install/lib/python3.12/site-packages/action_msgs/msg/_goal_status_array_s.c
[3.649s] -- Installing: /workspace/jazzy_ws/install/lib/python3.12/site-packages/action_msgs/msg/_goal_status.py
[3.649s] -- Installing: /workspace/jazzy_ws/install/lib/python3.12/site-packages/action_msgs/msg/__init__.py
[3.649s] -- Installing: /workspace/jazzy_ws/install/lib/python3.12/site-packages/action_msgs/msg/_goal_status_array.py
[3.649s] -- Installing: /workspace/jazzy_ws/install/lib/python3.12/site-packages/action_msgs/msg/_goal_status_s.c
[3.649s] -- Installing: /workspace/jazzy_ws/install/lib/python3.12/site-packages/action_msgs/msg/_goal_info_s.c
[3.649s] -- Installing: /workspace/jazzy_ws/install/lib/python3.12/site-packages/action_msgs/msg/_goal_info.py
[3.649s] -- Installing: /workspace/jazzy_ws/install/lib/python3.12/site-packages/action_msgs/action_msgs_s__rosidl_typesupport_fastrtps_c.so
[3.649s] -- Installing: /workspace/jazzy_ws/install/lib/python3.12/site-packages/action_msgs/__init__.py
[3.649s] -- Installing: /workspace/jazzy_ws/install/lib/python3.12/site-packages/action_msgs/_action_msgs_s.ep.rosidl_typesupport_c.c
[3.649s] -- Installing: /workspace/jazzy_ws/install/lib/python3.12/site-packages/action_msgs/action_msgs_s__rosidl_typesupport_introspection_c.so
[3.649s] -- Installing: /workspace/jazzy_ws/install/lib/python3.12/site-packages/action_msgs/srv
[3.649s] -- Installing: /workspace/jazzy_ws/install/lib/python3.12/site-packages/action_msgs/srv/__init__.py
[3.649s] -- Installing: /workspace/jazzy_ws/install/lib/python3.12/site-packages/action_msgs/srv/_cancel_goal_s.c
[3.649s] -- Installing: /workspace/jazzy_ws/install/lib/python3.12/site-packages/action_msgs/srv/_cancel_goal.py
[3.650s] -- Installing: /workspace/jazzy_ws/install/lib/python3.12/site-packages/action_msgs/action_msgs_s__rosidl_typesupport_c.so
[3.650s] -- Installing: /workspace/jazzy_ws/install/lib/python3.12/site-packages/action_msgs/_action_msgs_s.ep.rosidl_typesupport_fastrtps_c.c
[3.681s] Listing '/workspace/jazzy_ws/install/lib/python3.12/site-packages/action_msgs'...
[3.681s] Compiling '/workspace/jazzy_ws/install/lib/python3.12/site-packages/action_msgs/__init__.py'...
[3.681s] Listing '/workspace/jazzy_ws/install/lib/python3.12/site-packages/action_msgs/msg'...
[3.681s] Compiling '/workspace/jazzy_ws/install/lib/python3.12/site-packages/action_msgs/msg/__init__.py'...
[3.681s] Compiling '/workspace/jazzy_ws/install/lib/python3.12/site-packages/action_msgs/msg/_goal_info.py'...
[3.681s] Compiling '/workspace/jazzy_ws/install/lib/python3.12/site-packages/action_msgs/msg/_goal_status.py'...
[3.681s] Compiling '/workspace/jazzy_ws/install/lib/python3.12/site-packages/action_msgs/msg/_goal_status_array.py'...
[3.681s] Listing '/workspace/jazzy_ws/install/lib/python3.12/site-packages/action_msgs/srv'...
[3.681s] Compiling '/workspace/jazzy_ws/install/lib/python3.12/site-packages/action_msgs/srv/__init__.py'...
[3.681s] Compiling '/workspace/jazzy_ws/install/lib/python3.12/site-packages/action_msgs/srv/_cancel_goal.py'...
[3.686s] -- Installing: /workspace/jazzy_ws/install/lib/python3.12/site-packages/action_msgs/action_msgs_s__rosidl_typesupport_fastrtps_c.so
[3.686s] -- Set non-toolchain portion of runtime path of "/workspace/jazzy_ws/install/lib/python3.12/site-packages/action_msgs/action_msgs_s__rosidl_typesupport_fastrtps_c.so" to ""
[3.686s] -- Installing: /workspace/jazzy_ws/install/lib/python3.12/site-packages/action_msgs/action_msgs_s__rosidl_typesupport_introspection_c.so
[3.686s] -- Set non-toolchain portion of runtime path of "/workspace/jazzy_ws/install/lib/python3.12/site-packages/action_msgs/action_msgs_s__rosidl_typesupport_introspection_c.so" to ""
[3.686s] -- Installing: /workspace/jazzy_ws/install/lib/python3.12/site-packages/action_msgs/action_msgs_s__rosidl_typesupport_c.so
[3.686s] -- Set non-toolchain portion of runtime path of "/workspace/jazzy_ws/install/lib/python3.12/site-packages/action_msgs/action_msgs_s__rosidl_typesupport_c.so" to ""
[3.686s] -- Installing: /workspace/jazzy_ws/install/lib/libaction_msgs__rosidl_generator_py.so
[3.688s] -- Set non-toolchain portion of runtime path of "/workspace/jazzy_ws/install/lib/libaction_msgs__rosidl_generator_py.so" to ""
[3.689s] -- Installing: /workspace/jazzy_ws/install/share/action_msgs/msg/GoalInfo.idl
[3.689s] -- Installing: /workspace/jazzy_ws/install/share/action_msgs/msg/GoalStatus.idl
[3.689s] -- Installing: /workspace/jazzy_ws/install/share/action_msgs/msg/GoalStatusArray.idl
[3.689s] -- Installing: /workspace/jazzy_ws/install/share/action_msgs/srv/CancelGoal.idl
[3.689s] -- Installing: /workspace/jazzy_ws/install/share/action_msgs/msg/GoalInfo.msg
[3.689s] -- Installing: /workspace/jazzy_ws/install/share/action_msgs/msg/GoalStatus.msg
[3.689s] -- Installing: /workspace/jazzy_ws/install/share/action_msgs/msg/GoalStatusArray.msg
[3.689s] -- Installing: /workspace/jazzy_ws/install/share/action_msgs/srv/CancelGoal.srv
[3.689s] -- Installing: /workspace/jazzy_ws/install/share/ament_index/resource_index/package_run_dependencies/action_msgs
[3.689s] -- Installing: /workspace/jazzy_ws/install/share/ament_index/resource_index/parent_prefix_path/action_msgs
[3.689s] -- Installing: /workspace/jazzy_ws/install/share/action_msgs/environment/ament_prefix_path.sh
[3.689s] -- Installing: /workspace/jazzy_ws/install/share/action_msgs/environment/ament_prefix_path.dsv
[3.689s] -- Installing: /workspace/jazzy_ws/install/share/action_msgs/environment/path.sh
[3.689s] -- Installing: /workspace/jazzy_ws/install/share/action_msgs/environment/path.dsv
[3.689s] -- Installing: /workspace/jazzy_ws/install/share/action_msgs/local_setup.bash
[3.690s] -- Installing: /workspace/jazzy_ws/install/share/action_msgs/local_setup.sh
[3.690s] -- Installing: /workspace/jazzy_ws/install/share/action_msgs/local_setup.zsh
[3.690s] -- Installing: /workspace/jazzy_ws/install/share/action_msgs/local_setup.dsv
[3.690s] -- Installing: /workspace/jazzy_ws/install/share/action_msgs/package.dsv
[3.690s] -- Installing: /workspace/jazzy_ws/install/share/ament_index/resource_index/packages/action_msgs
[3.690s] -- Installing: /workspace/jazzy_ws/install/share/action_msgs/cmake/export_action_msgs__rosidl_generator_cExport.cmake
[3.690s] -- Installing: /workspace/jazzy_ws/install/share/action_msgs/cmake/export_action_msgs__rosidl_generator_cExport-noconfig.cmake
[3.690s] -- Installing: /workspace/jazzy_ws/install/share/action_msgs/cmake/export_action_msgs__rosidl_typesupport_fastrtps_cExport.cmake
[3.690s] -- Installing: /workspace/jazzy_ws/install/share/action_msgs/cmake/export_action_msgs__rosidl_typesupport_fastrtps_cExport-noconfig.cmake
[3.690s] -- Installing: /workspace/jazzy_ws/install/share/action_msgs/cmake/export_action_msgs__rosidl_generator_cppExport.cmake
[3.690s] -- Installing: /workspace/jazzy_ws/install/share/action_msgs/cmake/export_action_msgs__rosidl_typesupport_fastrtps_cppExport.cmake
[3.690s] -- Installing: /workspace/jazzy_ws/install/share/action_msgs/cmake/export_action_msgs__rosidl_typesupport_fastrtps_cppExport-noconfig.cmake
[3.690s] -- Installing: /workspace/jazzy_ws/install/share/action_msgs/cmake/action_msgs__rosidl_typesupport_introspection_cExport.cmake
[3.690s] -- Installing: /workspace/jazzy_ws/install/share/action_msgs/cmake/action_msgs__rosidl_typesupport_introspection_cExport-noconfig.cmake
[3.690s] -- Installing: /workspace/jazzy_ws/install/share/action_msgs/cmake/action_msgs__rosidl_typesupport_cExport.cmake
[3.690s] -- Installing: /workspace/jazzy_ws/install/share/action_msgs/cmake/action_msgs__rosidl_typesupport_cExport-noconfig.cmake
[3.690s] -- Installing: /workspace/jazzy_ws/install/share/action_msgs/cmake/action_msgs__rosidl_typesupport_introspection_cppExport.cmake
[3.690s] -- Installing: /workspace/jazzy_ws/install/share/action_msgs/cmake/action_msgs__rosidl_typesupport_introspection_cppExport-noconfig.cmake
[3.690s] -- Installing: /workspace/jazzy_ws/install/share/action_msgs/cmake/action_msgs__rosidl_typesupport_cppExport.cmake
[3.690s] -- Installing: /workspace/jazzy_ws/install/share/action_msgs/cmake/action_msgs__rosidl_typesupport_cppExport-noconfig.cmake
[3.690s] -- Installing: /workspace/jazzy_ws/install/share/action_msgs/cmake/export_action_msgs__rosidl_generator_pyExport.cmake
[3.691s] -- Installing: /workspace/jazzy_ws/install/share/action_msgs/cmake/export_action_msgs__rosidl_generator_pyExport-noconfig.cmake
[3.691s] -- Installing: /workspace/jazzy_ws/install/share/action_msgs/cmake/rosidl_cmake-extras.cmake
[3.691s] -- Installing: /workspace/jazzy_ws/install/share/action_msgs/cmake/ament_cmake_export_dependencies-extras.cmake
[3.691s] -- Installing: /workspace/jazzy_ws/install/share/action_msgs/cmake/ament_cmake_export_include_directories-extras.cmake
[3.691s] -- Installing: /workspace/jazzy_ws/install/share/action_msgs/cmake/ament_cmake_export_libraries-extras.cmake
[3.691s] -- Installing: /workspace/jazzy_ws/install/share/action_msgs/cmake/ament_cmake_export_targets-extras.cmake
[3.691s] -- Installing: /workspace/jazzy_ws/install/share/action_msgs/cmake/rosidl_cmake_export_typesupport_targets-extras.cmake
[3.691s] -- Installing: /workspace/jazzy_ws/install/share/action_msgs/cmake/rosidl_cmake_export_typesupport_libraries-extras.cmake
[3.691s] -- Installing: /workspace/jazzy_ws/install/share/action_msgs/cmake/action_msgsConfig.cmake
[3.691s] -- Installing: /workspace/jazzy_ws/install/share/action_msgs/cmake/action_msgsConfig-version.cmake
[3.691s] -- Installing: /workspace/jazzy_ws/install/share/action_msgs/package.xml
[3.692s] Invoked command in '/workspace/jazzy_ws/build/action_msgs' returned '0': AMENT_PREFIX_PATH=/workspace/jazzy_ws/install CMAKE_PREFIX_PATH=/workspace/jazzy_ws/install LD_LIBRARY_PATH=/workspace/jazzy_ws/install/lib:/workspace/jazzy_ws/install/opt/mimick_vendor/lib PATH=/workspace/jazzy_ws/install/bin:/workspace/jazzy_ws/install/opt/uncrustify_vendor/bin:${PATH} PKG_CONFIG_PATH=/workspace/jazzy_ws/install/lib/x86_64-linux-gnu/pkgconfig:/workspace/jazzy_ws/install/lib/pkgconfig PYTHONPATH=/workspace/jazzy_ws/install/lib/python3.12/site-packages /usr/bin/cmake --install /workspace/jazzy_ws/build/action_msgs
