/workspace/jazzy_ws/install/lib/python3.12/site-packages/launch/launch_service.py
/workspace/jazzy_ws/install/lib/python3.12/site-packages/launch/launch_introspector.py
/workspace/jazzy_ws/install/lib/python3.12/site-packages/launch/some_entities_type.py
/workspace/jazzy_ws/install/lib/python3.12/site-packages/launch/__init__.py
/workspace/jazzy_ws/install/lib/python3.12/site-packages/launch/launch_description_source.py
/workspace/jazzy_ws/install/lib/python3.12/site-packages/launch/event.py
/workspace/jazzy_ws/install/lib/python3.12/site-packages/launch/event_handler.py
/workspace/jazzy_ws/install/lib/python3.12/site-packages/launch/invalid_launch_file_error.py
/workspace/jazzy_ws/install/lib/python3.12/site-packages/launch/launch_description_entity.py
/workspace/jazzy_ws/install/lib/python3.12/site-packages/launch/action.py
/workspace/jazzy_ws/install/lib/python3.12/site-packages/launch/launch_context.py
/workspace/jazzy_ws/install/lib/python3.12/site-packages/launch/some_substitutions_type.py
/workspace/jazzy_ws/install/lib/python3.12/site-packages/launch/substitution.py
/workspace/jazzy_ws/install/lib/python3.12/site-packages/launch/launch_description.py
/workspace/jazzy_ws/install/lib/python3.12/site-packages/launch/condition.py
/workspace/jazzy_ws/install/lib/python3.12/site-packages/launch/actions/unset_environment_variable.py
/workspace/jazzy_ws/install/lib/python3.12/site-packages/launch/actions/opaque_coroutine.py
/workspace/jazzy_ws/install/lib/python3.12/site-packages/launch/actions/push_launch_configurations.py
/workspace/jazzy_ws/install/lib/python3.12/site-packages/launch/actions/reset_environment.py
/workspace/jazzy_ws/install/lib/python3.12/site-packages/launch/actions/declare_launch_argument.py
/workspace/jazzy_ws/install/lib/python3.12/site-packages/launch/actions/set_launch_configuration.py
/workspace/jazzy_ws/install/lib/python3.12/site-packages/launch/actions/opaque_function.py
/workspace/jazzy_ws/install/lib/python3.12/site-packages/launch/actions/reset_launch_configurations.py
/workspace/jazzy_ws/install/lib/python3.12/site-packages/launch/actions/group_action.py
/workspace/jazzy_ws/install/lib/python3.12/site-packages/launch/actions/__init__.py
/workspace/jazzy_ws/install/lib/python3.12/site-packages/launch/actions/conftest.py
/workspace/jazzy_ws/install/lib/python3.12/site-packages/launch/actions/emit_event.py
/workspace/jazzy_ws/install/lib/python3.12/site-packages/launch/actions/set_environment_variable.py
/workspace/jazzy_ws/install/lib/python3.12/site-packages/launch/actions/unset_launch_configuration.py
/workspace/jazzy_ws/install/lib/python3.12/site-packages/launch/actions/pop_launch_configurations.py
/workspace/jazzy_ws/install/lib/python3.12/site-packages/launch/actions/register_event_handler.py
/workspace/jazzy_ws/install/lib/python3.12/site-packages/launch/actions/unregister_event_handler.py
/workspace/jazzy_ws/install/lib/python3.12/site-packages/launch/actions/append_environment_variable.py
/workspace/jazzy_ws/install/lib/python3.12/site-packages/launch/actions/log_info.py
/workspace/jazzy_ws/install/lib/python3.12/site-packages/launch/actions/pop_environment.py
/workspace/jazzy_ws/install/lib/python3.12/site-packages/launch/actions/execute_local.py
/workspace/jazzy_ws/install/lib/python3.12/site-packages/launch/actions/include_launch_description.py
/workspace/jazzy_ws/install/lib/python3.12/site-packages/launch/actions/shutdown_action.py
/workspace/jazzy_ws/install/lib/python3.12/site-packages/launch/actions/timer_action.py
/workspace/jazzy_ws/install/lib/python3.12/site-packages/launch/actions/push_environment.py
/workspace/jazzy_ws/install/lib/python3.12/site-packages/launch/actions/execute_process.py
/workspace/jazzy_ws/install/lib/python3.12/site-packages/launch/conditions/evaluate_condition_expression_impl.py
/workspace/jazzy_ws/install/lib/python3.12/site-packages/launch/conditions/__init__.py
/workspace/jazzy_ws/install/lib/python3.12/site-packages/launch/conditions/if_condition.py
/workspace/jazzy_ws/install/lib/python3.12/site-packages/launch/conditions/launch_configuration_equals.py
/workspace/jazzy_ws/install/lib/python3.12/site-packages/launch/conditions/invalid_condition_expression_error.py
/workspace/jazzy_ws/install/lib/python3.12/site-packages/launch/conditions/unless_condition.py
/workspace/jazzy_ws/install/lib/python3.12/site-packages/launch/conditions/launch_configuration_not_equals.py
/workspace/jazzy_ws/install/lib/python3.12/site-packages/launch/events/timer_event.py
/workspace/jazzy_ws/install/lib/python3.12/site-packages/launch/events/execution_complete.py
/workspace/jazzy_ws/install/lib/python3.12/site-packages/launch/events/__init__.py
/workspace/jazzy_ws/install/lib/python3.12/site-packages/launch/events/shutdown.py
/workspace/jazzy_ws/install/lib/python3.12/site-packages/launch/events/matchers.py
/workspace/jazzy_ws/install/lib/python3.12/site-packages/launch/events/include_launch_description.py
/workspace/jazzy_ws/install/lib/python3.12/site-packages/launch/frontend/parse_substitution.py
/workspace/jazzy_ws/install/lib/python3.12/site-packages/launch/frontend/__init__.py
/workspace/jazzy_ws/install/lib/python3.12/site-packages/launch/frontend/expose.py
/workspace/jazzy_ws/install/lib/python3.12/site-packages/launch/frontend/entity.py
/workspace/jazzy_ws/install/lib/python3.12/site-packages/launch/frontend/type_utils.py
/workspace/jazzy_ws/install/lib/python3.12/site-packages/launch/frontend/parser.py
/workspace/jazzy_ws/install/lib/python3.12/site-packages/launch/descriptions/__init__.py
/workspace/jazzy_ws/install/lib/python3.12/site-packages/launch/descriptions/executable.py
/workspace/jazzy_ws/install/lib/python3.12/site-packages/launch/utilities/normalize_to_list_of_entities_impl.py
/workspace/jazzy_ws/install/lib/python3.12/site-packages/launch/utilities/normalize_to_list_of_substitutions_impl.py
/workspace/jazzy_ws/install/lib/python3.12/site-packages/launch/utilities/class_tools_impl.py
/workspace/jazzy_ws/install/lib/python3.12/site-packages/launch/utilities/signal_management.py
/workspace/jazzy_ws/install/lib/python3.12/site-packages/launch/utilities/typing_file_path.py
/workspace/jazzy_ws/install/lib/python3.12/site-packages/launch/utilities/__init__.py
/workspace/jazzy_ws/install/lib/python3.12/site-packages/launch/utilities/perform_substitutions_impl.py
/workspace/jazzy_ws/install/lib/python3.12/site-packages/launch/utilities/ensure_argument_type_impl.py
/workspace/jazzy_ws/install/lib/python3.12/site-packages/launch/utilities/type_utils.py
/workspace/jazzy_ws/install/lib/python3.12/site-packages/launch/utilities/visit_all_entities_and_collect_futures_impl.py
/workspace/jazzy_ws/install/lib/python3.12/site-packages/launch/logging/__init__.py
/workspace/jazzy_ws/install/lib/python3.12/site-packages/launch/logging/handlers.py
/workspace/jazzy_ws/install/lib/python3.12/site-packages/launch/substitutions/launch_log_dir.py
/workspace/jazzy_ws/install/lib/python3.12/site-packages/launch/substitutions/equals_substitution.py
/workspace/jazzy_ws/install/lib/python3.12/site-packages/launch/substitutions/boolean_substitution.py
/workspace/jazzy_ws/install/lib/python3.12/site-packages/launch/substitutions/python_expression.py
/workspace/jazzy_ws/install/lib/python3.12/site-packages/launch/substitutions/if_else_substitution.py
/workspace/jazzy_ws/install/lib/python3.12/site-packages/launch/substitutions/local_substitution.py
/workspace/jazzy_ws/install/lib/python3.12/site-packages/launch/substitutions/__init__.py
/workspace/jazzy_ws/install/lib/python3.12/site-packages/launch/substitutions/substitution_failure.py
/workspace/jazzy_ws/install/lib/python3.12/site-packages/launch/substitutions/file_content.py
/workspace/jazzy_ws/install/lib/python3.12/site-packages/launch/substitutions/not_equals_substitution.py
/workspace/jazzy_ws/install/lib/python3.12/site-packages/launch/substitutions/anon_name.py
/workspace/jazzy_ws/install/lib/python3.12/site-packages/launch/substitutions/this_launch_file.py
/workspace/jazzy_ws/install/lib/python3.12/site-packages/launch/substitutions/text_substitution.py
/workspace/jazzy_ws/install/lib/python3.12/site-packages/launch/substitutions/this_launch_file_dir.py
/workspace/jazzy_ws/install/lib/python3.12/site-packages/launch/substitutions/find_executable.py
/workspace/jazzy_ws/install/lib/python3.12/site-packages/launch/substitutions/launch_configuration.py
/workspace/jazzy_ws/install/lib/python3.12/site-packages/launch/substitutions/command.py
/workspace/jazzy_ws/install/lib/python3.12/site-packages/launch/substitutions/path_join_substitution.py
/workspace/jazzy_ws/install/lib/python3.12/site-packages/launch/substitutions/environment_variable.py
/workspace/jazzy_ws/install/lib/python3.12/site-packages/launch/launch_description_sources/any_launch_description_source.py
/workspace/jazzy_ws/install/lib/python3.12/site-packages/launch/launch_description_sources/__init__.py
/workspace/jazzy_ws/install/lib/python3.12/site-packages/launch/launch_description_sources/any_launch_file_utilities.py
/workspace/jazzy_ws/install/lib/python3.12/site-packages/launch/launch_description_sources/frontend_launch_description_source.py
/workspace/jazzy_ws/install/lib/python3.12/site-packages/launch/launch_description_sources/python_launch_file_utilities.py
/workspace/jazzy_ws/install/lib/python3.12/site-packages/launch/launch_description_sources/python_launch_description_source.py
/workspace/jazzy_ws/install/lib/python3.12/site-packages/launch/launch_description_sources/frontend_launch_file_utilities.py
/workspace/jazzy_ws/install/lib/python3.12/site-packages/launch/event_handlers/on_execution_complete.py
/workspace/jazzy_ws/install/lib/python3.12/site-packages/launch/event_handlers/on_process_exit.py
/workspace/jazzy_ws/install/lib/python3.12/site-packages/launch/event_handlers/on_include_launch_description.py
/workspace/jazzy_ws/install/lib/python3.12/site-packages/launch/event_handlers/__init__.py
/workspace/jazzy_ws/install/lib/python3.12/site-packages/launch/event_handlers/on_action_event_base.py
/workspace/jazzy_ws/install/lib/python3.12/site-packages/launch/event_handlers/on_process_start.py
/workspace/jazzy_ws/install/lib/python3.12/site-packages/launch/event_handlers/event_named.py
/workspace/jazzy_ws/install/lib/python3.12/site-packages/launch/event_handlers/on_process_io.py
/workspace/jazzy_ws/install/lib/python3.12/site-packages/launch/event_handlers/on_shutdown.py
/workspace/jazzy_ws/install/lib/python3.12/site-packages/launch/events/process/process_io.py
/workspace/jazzy_ws/install/lib/python3.12/site-packages/launch/events/process/process_started.py
/workspace/jazzy_ws/install/lib/python3.12/site-packages/launch/events/process/__init__.py
/workspace/jazzy_ws/install/lib/python3.12/site-packages/launch/events/process/process_stderr.py
/workspace/jazzy_ws/install/lib/python3.12/site-packages/launch/events/process/process_targeted_event.py
/workspace/jazzy_ws/install/lib/python3.12/site-packages/launch/events/process/process_stdin.py
/workspace/jazzy_ws/install/lib/python3.12/site-packages/launch/events/process/running_process_event.py
/workspace/jazzy_ws/install/lib/python3.12/site-packages/launch/events/process/process_matchers.py
/workspace/jazzy_ws/install/lib/python3.12/site-packages/launch/events/process/signal_process.py
/workspace/jazzy_ws/install/lib/python3.12/site-packages/launch/events/process/shutdown_process.py
/workspace/jazzy_ws/install/lib/python3.12/site-packages/launch/events/process/process_stdout.py
/workspace/jazzy_ws/install/lib/python3.12/site-packages/launch/events/process/process_exited.py
/workspace/jazzy_ws/install/lib/python3.12/site-packages/launch/__pycache__/launch_service.cpython-312.pyc
/workspace/jazzy_ws/install/lib/python3.12/site-packages/launch/__pycache__/launch_introspector.cpython-312.pyc
/workspace/jazzy_ws/install/lib/python3.12/site-packages/launch/__pycache__/some_entities_type.cpython-312.pyc
/workspace/jazzy_ws/install/lib/python3.12/site-packages/launch/__pycache__/__init__.cpython-312.pyc
/workspace/jazzy_ws/install/lib/python3.12/site-packages/launch/__pycache__/launch_description_source.cpython-312.pyc
/workspace/jazzy_ws/install/lib/python3.12/site-packages/launch/__pycache__/event.cpython-312.pyc
/workspace/jazzy_ws/install/lib/python3.12/site-packages/launch/__pycache__/event_handler.cpython-312.pyc
/workspace/jazzy_ws/install/lib/python3.12/site-packages/launch/__pycache__/invalid_launch_file_error.cpython-312.pyc
/workspace/jazzy_ws/install/lib/python3.12/site-packages/launch/__pycache__/launch_description_entity.cpython-312.pyc
/workspace/jazzy_ws/install/lib/python3.12/site-packages/launch/__pycache__/action.cpython-312.pyc
/workspace/jazzy_ws/install/lib/python3.12/site-packages/launch/__pycache__/launch_context.cpython-312.pyc
/workspace/jazzy_ws/install/lib/python3.12/site-packages/launch/__pycache__/some_substitutions_type.cpython-312.pyc
/workspace/jazzy_ws/install/lib/python3.12/site-packages/launch/__pycache__/substitution.cpython-312.pyc
/workspace/jazzy_ws/install/lib/python3.12/site-packages/launch/__pycache__/launch_description.cpython-312.pyc
/workspace/jazzy_ws/install/lib/python3.12/site-packages/launch/__pycache__/condition.cpython-312.pyc
/workspace/jazzy_ws/install/lib/python3.12/site-packages/launch/actions/__pycache__/unset_environment_variable.cpython-312.pyc
/workspace/jazzy_ws/install/lib/python3.12/site-packages/launch/actions/__pycache__/opaque_coroutine.cpython-312.pyc
/workspace/jazzy_ws/install/lib/python3.12/site-packages/launch/actions/__pycache__/push_launch_configurations.cpython-312.pyc
/workspace/jazzy_ws/install/lib/python3.12/site-packages/launch/actions/__pycache__/reset_environment.cpython-312.pyc
/workspace/jazzy_ws/install/lib/python3.12/site-packages/launch/actions/__pycache__/declare_launch_argument.cpython-312.pyc
/workspace/jazzy_ws/install/lib/python3.12/site-packages/launch/actions/__pycache__/set_launch_configuration.cpython-312.pyc
/workspace/jazzy_ws/install/lib/python3.12/site-packages/launch/actions/__pycache__/opaque_function.cpython-312.pyc
/workspace/jazzy_ws/install/lib/python3.12/site-packages/launch/actions/__pycache__/reset_launch_configurations.cpython-312.pyc
/workspace/jazzy_ws/install/lib/python3.12/site-packages/launch/actions/__pycache__/group_action.cpython-312.pyc
/workspace/jazzy_ws/install/lib/python3.12/site-packages/launch/actions/__pycache__/__init__.cpython-312.pyc
/workspace/jazzy_ws/install/lib/python3.12/site-packages/launch/actions/__pycache__/conftest.cpython-312.pyc
/workspace/jazzy_ws/install/lib/python3.12/site-packages/launch/actions/__pycache__/emit_event.cpython-312.pyc
/workspace/jazzy_ws/install/lib/python3.12/site-packages/launch/actions/__pycache__/set_environment_variable.cpython-312.pyc
/workspace/jazzy_ws/install/lib/python3.12/site-packages/launch/actions/__pycache__/unset_launch_configuration.cpython-312.pyc
/workspace/jazzy_ws/install/lib/python3.12/site-packages/launch/actions/__pycache__/pop_launch_configurations.cpython-312.pyc
/workspace/jazzy_ws/install/lib/python3.12/site-packages/launch/actions/__pycache__/register_event_handler.cpython-312.pyc
/workspace/jazzy_ws/install/lib/python3.12/site-packages/launch/actions/__pycache__/unregister_event_handler.cpython-312.pyc
/workspace/jazzy_ws/install/lib/python3.12/site-packages/launch/actions/__pycache__/append_environment_variable.cpython-312.pyc
/workspace/jazzy_ws/install/lib/python3.12/site-packages/launch/actions/__pycache__/log_info.cpython-312.pyc
/workspace/jazzy_ws/install/lib/python3.12/site-packages/launch/actions/__pycache__/pop_environment.cpython-312.pyc
/workspace/jazzy_ws/install/lib/python3.12/site-packages/launch/actions/__pycache__/execute_local.cpython-312.pyc
/workspace/jazzy_ws/install/lib/python3.12/site-packages/launch/actions/__pycache__/include_launch_description.cpython-312.pyc
/workspace/jazzy_ws/install/lib/python3.12/site-packages/launch/actions/__pycache__/shutdown_action.cpython-312.pyc
/workspace/jazzy_ws/install/lib/python3.12/site-packages/launch/actions/__pycache__/timer_action.cpython-312.pyc
/workspace/jazzy_ws/install/lib/python3.12/site-packages/launch/actions/__pycache__/push_environment.cpython-312.pyc
/workspace/jazzy_ws/install/lib/python3.12/site-packages/launch/actions/__pycache__/execute_process.cpython-312.pyc
/workspace/jazzy_ws/install/lib/python3.12/site-packages/launch/conditions/__pycache__/evaluate_condition_expression_impl.cpython-312.pyc
/workspace/jazzy_ws/install/lib/python3.12/site-packages/launch/conditions/__pycache__/__init__.cpython-312.pyc
/workspace/jazzy_ws/install/lib/python3.12/site-packages/launch/conditions/__pycache__/if_condition.cpython-312.pyc
/workspace/jazzy_ws/install/lib/python3.12/site-packages/launch/conditions/__pycache__/launch_configuration_equals.cpython-312.pyc
/workspace/jazzy_ws/install/lib/python3.12/site-packages/launch/conditions/__pycache__/invalid_condition_expression_error.cpython-312.pyc
/workspace/jazzy_ws/install/lib/python3.12/site-packages/launch/conditions/__pycache__/unless_condition.cpython-312.pyc
/workspace/jazzy_ws/install/lib/python3.12/site-packages/launch/conditions/__pycache__/launch_configuration_not_equals.cpython-312.pyc
/workspace/jazzy_ws/install/lib/python3.12/site-packages/launch/events/__pycache__/timer_event.cpython-312.pyc
/workspace/jazzy_ws/install/lib/python3.12/site-packages/launch/events/__pycache__/execution_complete.cpython-312.pyc
/workspace/jazzy_ws/install/lib/python3.12/site-packages/launch/events/__pycache__/__init__.cpython-312.pyc
/workspace/jazzy_ws/install/lib/python3.12/site-packages/launch/events/__pycache__/shutdown.cpython-312.pyc
/workspace/jazzy_ws/install/lib/python3.12/site-packages/launch/events/__pycache__/matchers.cpython-312.pyc
/workspace/jazzy_ws/install/lib/python3.12/site-packages/launch/events/__pycache__/include_launch_description.cpython-312.pyc
/workspace/jazzy_ws/install/lib/python3.12/site-packages/launch/frontend/__pycache__/parse_substitution.cpython-312.pyc
/workspace/jazzy_ws/install/lib/python3.12/site-packages/launch/frontend/__pycache__/__init__.cpython-312.pyc
/workspace/jazzy_ws/install/lib/python3.12/site-packages/launch/frontend/__pycache__/expose.cpython-312.pyc
/workspace/jazzy_ws/install/lib/python3.12/site-packages/launch/frontend/__pycache__/entity.cpython-312.pyc
/workspace/jazzy_ws/install/lib/python3.12/site-packages/launch/frontend/__pycache__/type_utils.cpython-312.pyc
/workspace/jazzy_ws/install/lib/python3.12/site-packages/launch/frontend/__pycache__/parser.cpython-312.pyc
/workspace/jazzy_ws/install/lib/python3.12/site-packages/launch/descriptions/__pycache__/__init__.cpython-312.pyc
/workspace/jazzy_ws/install/lib/python3.12/site-packages/launch/descriptions/__pycache__/executable.cpython-312.pyc
/workspace/jazzy_ws/install/lib/python3.12/site-packages/launch/utilities/__pycache__/normalize_to_list_of_entities_impl.cpython-312.pyc
/workspace/jazzy_ws/install/lib/python3.12/site-packages/launch/utilities/__pycache__/normalize_to_list_of_substitutions_impl.cpython-312.pyc
/workspace/jazzy_ws/install/lib/python3.12/site-packages/launch/utilities/__pycache__/class_tools_impl.cpython-312.pyc
/workspace/jazzy_ws/install/lib/python3.12/site-packages/launch/utilities/__pycache__/signal_management.cpython-312.pyc
/workspace/jazzy_ws/install/lib/python3.12/site-packages/launch/utilities/__pycache__/typing_file_path.cpython-312.pyc
/workspace/jazzy_ws/install/lib/python3.12/site-packages/launch/utilities/__pycache__/__init__.cpython-312.pyc
/workspace/jazzy_ws/install/lib/python3.12/site-packages/launch/utilities/__pycache__/perform_substitutions_impl.cpython-312.pyc
/workspace/jazzy_ws/install/lib/python3.12/site-packages/launch/utilities/__pycache__/ensure_argument_type_impl.cpython-312.pyc
/workspace/jazzy_ws/install/lib/python3.12/site-packages/launch/utilities/__pycache__/type_utils.cpython-312.pyc
/workspace/jazzy_ws/install/lib/python3.12/site-packages/launch/utilities/__pycache__/visit_all_entities_and_collect_futures_impl.cpython-312.pyc
/workspace/jazzy_ws/install/lib/python3.12/site-packages/launch/logging/__pycache__/__init__.cpython-312.pyc
/workspace/jazzy_ws/install/lib/python3.12/site-packages/launch/logging/__pycache__/handlers.cpython-312.pyc
/workspace/jazzy_ws/install/lib/python3.12/site-packages/launch/substitutions/__pycache__/launch_log_dir.cpython-312.pyc
/workspace/jazzy_ws/install/lib/python3.12/site-packages/launch/substitutions/__pycache__/equals_substitution.cpython-312.pyc
/workspace/jazzy_ws/install/lib/python3.12/site-packages/launch/substitutions/__pycache__/boolean_substitution.cpython-312.pyc
/workspace/jazzy_ws/install/lib/python3.12/site-packages/launch/substitutions/__pycache__/python_expression.cpython-312.pyc
/workspace/jazzy_ws/install/lib/python3.12/site-packages/launch/substitutions/__pycache__/if_else_substitution.cpython-312.pyc
/workspace/jazzy_ws/install/lib/python3.12/site-packages/launch/substitutions/__pycache__/local_substitution.cpython-312.pyc
/workspace/jazzy_ws/install/lib/python3.12/site-packages/launch/substitutions/__pycache__/__init__.cpython-312.pyc
/workspace/jazzy_ws/install/lib/python3.12/site-packages/launch/substitutions/__pycache__/substitution_failure.cpython-312.pyc
/workspace/jazzy_ws/install/lib/python3.12/site-packages/launch/substitutions/__pycache__/file_content.cpython-312.pyc
/workspace/jazzy_ws/install/lib/python3.12/site-packages/launch/substitutions/__pycache__/not_equals_substitution.cpython-312.pyc
/workspace/jazzy_ws/install/lib/python3.12/site-packages/launch/substitutions/__pycache__/anon_name.cpython-312.pyc
/workspace/jazzy_ws/install/lib/python3.12/site-packages/launch/substitutions/__pycache__/this_launch_file.cpython-312.pyc
/workspace/jazzy_ws/install/lib/python3.12/site-packages/launch/substitutions/__pycache__/text_substitution.cpython-312.pyc
/workspace/jazzy_ws/install/lib/python3.12/site-packages/launch/substitutions/__pycache__/this_launch_file_dir.cpython-312.pyc
/workspace/jazzy_ws/install/lib/python3.12/site-packages/launch/substitutions/__pycache__/find_executable.cpython-312.pyc
/workspace/jazzy_ws/install/lib/python3.12/site-packages/launch/substitutions/__pycache__/launch_configuration.cpython-312.pyc
/workspace/jazzy_ws/install/lib/python3.12/site-packages/launch/substitutions/__pycache__/command.cpython-312.pyc
/workspace/jazzy_ws/install/lib/python3.12/site-packages/launch/substitutions/__pycache__/path_join_substitution.cpython-312.pyc
/workspace/jazzy_ws/install/lib/python3.12/site-packages/launch/substitutions/__pycache__/environment_variable.cpython-312.pyc
/workspace/jazzy_ws/install/lib/python3.12/site-packages/launch/launch_description_sources/__pycache__/any_launch_description_source.cpython-312.pyc
/workspace/jazzy_ws/install/lib/python3.12/site-packages/launch/launch_description_sources/__pycache__/__init__.cpython-312.pyc
/workspace/jazzy_ws/install/lib/python3.12/site-packages/launch/launch_description_sources/__pycache__/any_launch_file_utilities.cpython-312.pyc
/workspace/jazzy_ws/install/lib/python3.12/site-packages/launch/launch_description_sources/__pycache__/frontend_launch_description_source.cpython-312.pyc
/workspace/jazzy_ws/install/lib/python3.12/site-packages/launch/launch_description_sources/__pycache__/python_launch_file_utilities.cpython-312.pyc
/workspace/jazzy_ws/install/lib/python3.12/site-packages/launch/launch_description_sources/__pycache__/python_launch_description_source.cpython-312.pyc
/workspace/jazzy_ws/install/lib/python3.12/site-packages/launch/launch_description_sources/__pycache__/frontend_launch_file_utilities.cpython-312.pyc
/workspace/jazzy_ws/install/lib/python3.12/site-packages/launch/event_handlers/__pycache__/on_execution_complete.cpython-312.pyc
/workspace/jazzy_ws/install/lib/python3.12/site-packages/launch/event_handlers/__pycache__/on_process_exit.cpython-312.pyc
/workspace/jazzy_ws/install/lib/python3.12/site-packages/launch/event_handlers/__pycache__/on_include_launch_description.cpython-312.pyc
/workspace/jazzy_ws/install/lib/python3.12/site-packages/launch/event_handlers/__pycache__/__init__.cpython-312.pyc
/workspace/jazzy_ws/install/lib/python3.12/site-packages/launch/event_handlers/__pycache__/on_action_event_base.cpython-312.pyc
/workspace/jazzy_ws/install/lib/python3.12/site-packages/launch/event_handlers/__pycache__/on_process_start.cpython-312.pyc
/workspace/jazzy_ws/install/lib/python3.12/site-packages/launch/event_handlers/__pycache__/event_named.cpython-312.pyc
/workspace/jazzy_ws/install/lib/python3.12/site-packages/launch/event_handlers/__pycache__/on_process_io.cpython-312.pyc
/workspace/jazzy_ws/install/lib/python3.12/site-packages/launch/event_handlers/__pycache__/on_shutdown.cpython-312.pyc
/workspace/jazzy_ws/install/lib/python3.12/site-packages/launch/events/process/__pycache__/process_io.cpython-312.pyc
/workspace/jazzy_ws/install/lib/python3.12/site-packages/launch/events/process/__pycache__/process_started.cpython-312.pyc
/workspace/jazzy_ws/install/lib/python3.12/site-packages/launch/events/process/__pycache__/__init__.cpython-312.pyc
/workspace/jazzy_ws/install/lib/python3.12/site-packages/launch/events/process/__pycache__/process_stderr.cpython-312.pyc
/workspace/jazzy_ws/install/lib/python3.12/site-packages/launch/events/process/__pycache__/process_targeted_event.cpython-312.pyc
/workspace/jazzy_ws/install/lib/python3.12/site-packages/launch/events/process/__pycache__/process_stdin.cpython-312.pyc
/workspace/jazzy_ws/install/lib/python3.12/site-packages/launch/events/process/__pycache__/running_process_event.cpython-312.pyc
/workspace/jazzy_ws/install/lib/python3.12/site-packages/launch/events/process/__pycache__/process_matchers.cpython-312.pyc
/workspace/jazzy_ws/install/lib/python3.12/site-packages/launch/events/process/__pycache__/signal_process.cpython-312.pyc
/workspace/jazzy_ws/install/lib/python3.12/site-packages/launch/events/process/__pycache__/shutdown_process.cpython-312.pyc
/workspace/jazzy_ws/install/lib/python3.12/site-packages/launch/events/process/__pycache__/process_stdout.cpython-312.pyc
/workspace/jazzy_ws/install/lib/python3.12/site-packages/launch/events/process/__pycache__/process_exited.cpython-312.pyc
/workspace/jazzy_ws/install/share/launch/package.xml
/workspace/jazzy_ws/install/share/ament_index/resource_index/packages/launch
/workspace/jazzy_ws/install/share/launch/frontend/grammar.lark
/workspace/jazzy_ws/install/lib/python3.12/site-packages/launch-3.4.10-py3.12.egg-info/PKG-INFO
/workspace/jazzy_ws/install/lib/python3.12/site-packages/launch-3.4.10-py3.12.egg-info/SOURCES.txt
/workspace/jazzy_ws/install/lib/python3.12/site-packages/launch-3.4.10-py3.12.egg-info/zip-safe
/workspace/jazzy_ws/install/lib/python3.12/site-packages/launch-3.4.10-py3.12.egg-info/requires.txt
/workspace/jazzy_ws/install/lib/python3.12/site-packages/launch-3.4.10-py3.12.egg-info/top_level.txt
/workspace/jazzy_ws/install/lib/python3.12/site-packages/launch-3.4.10-py3.12.egg-info/dependency_links.txt
