-- The C compiler identification is GNU 13.3.0
-- The CXX compiler identification is GNU 13.3.0
-- Detecting C compiler ABI info
-- Detecting C compiler ABI info - done
-- Check for working C compiler: /usr/bin/cc - skipped
-- Detecting C compile features
-- Detecting C compile features - done
-- Detecting CXX compiler ABI info
-- Detecting CXX compiler ABI info - done
-- Check for working CXX compiler: /usr/bin/c++ - skipped
-- Detecting CXX compile features
-- Detecting CXX compile features - done
-- Found ament_cmake: 2.5.5 (/workspace/jazzy_ws/install/share/ament_cmake/cmake)
-- Found Python3: /usr/bin/python3 (found version "3.12.3") found components: Interpreter 
-- Found rosidl_runtime_c: 4.6.7 (/workspace/jazzy_ws/install/share/rosidl_runtime_c/cmake)
-- Found ament_lint_auto: 0.17.4 (/workspace/jazzy_ws/install/share/ament_lint_auto/cmake)
-- Found performance_test_fixture: 0.2.1 (/workspace/jazzy_ws/install/share/performance_test_fixture/cmake)
-- Found gtest sources under '/workspace/jazzy_ws/install/src/gtest_vendor': C++ tests using 'Google Test' will be built
-- Found Threads: TRUE  
-- Performance tests are disabled by default, so Google Benchmark tests will be skipped. To enable these tests, set the CMake variable 'AMENT_RUN_PERFORMANCE_TESTS'.
-- Added test 'copyright' to check source files copyright and LICENSE
-- Added test 'cppcheck' to perform static code analysis on C / C++ code
-- Configured cppcheck include dirs: /workspace/jazzy_ws/install/include;$<BUILD_INTERFACE:/workspace/jazzy_ws/src/rosidl/rosidl_runtime_cpp/include>
-- Configured cppcheck exclude dirs and/or files: /workspace/jazzy_ws/src/rosidl/rosidl_runtime_cpp/include/rosidl_runtime_cpp/type_description/field__struct.hpp;/workspace/jazzy_ws/src/rosidl/rosidl_runtime_cpp/include/rosidl_runtime_cpp/type_description/field_type__struct.hpp;/workspace/jazzy_ws/src/rosidl/rosidl_runtime_cpp/include/rosidl_runtime_cpp/type_description/individual_type_description__struct.hpp;/workspace/jazzy_ws/src/rosidl/rosidl_runtime_cpp/include/rosidl_runtime_cpp/type_description/key_value__struct.hpp;/workspace/jazzy_ws/src/rosidl/rosidl_runtime_cpp/include/rosidl_runtime_cpp/type_description/type_description__struct.hpp;/workspace/jazzy_ws/src/rosidl/rosidl_runtime_cpp/include/rosidl_runtime_cpp/type_description/type_source__struct.hpp
-- Added test 'cpplint' to check C / C++ code against the Google style
-- Configured cpplint exclude dirs and/or files: /workspace/jazzy_ws/src/rosidl/rosidl_runtime_cpp/include/rosidl_runtime_cpp/type_description/field__struct.hpp;/workspace/jazzy_ws/src/rosidl/rosidl_runtime_cpp/include/rosidl_runtime_cpp/type_description/field_type__struct.hpp;/workspace/jazzy_ws/src/rosidl/rosidl_runtime_cpp/include/rosidl_runtime_cpp/type_description/individual_type_description__struct.hpp;/workspace/jazzy_ws/src/rosidl/rosidl_runtime_cpp/include/rosidl_runtime_cpp/type_description/key_value__struct.hpp;/workspace/jazzy_ws/src/rosidl/rosidl_runtime_cpp/include/rosidl_runtime_cpp/type_description/type_description__struct.hpp;/workspace/jazzy_ws/src/rosidl/rosidl_runtime_cpp/include/rosidl_runtime_cpp/type_description/type_source__struct.hpp
-- Added test 'lint_cmake' to check CMake code style
-- Added test 'uncrustify' to check C / C++ code style
-- Configured uncrustify additional arguments: 
-- Added test 'xmllint' to check XML markup files
-- Configuring done (0.9s)
-- Generating done (0.0s)
-- Build files have been written to: /workspace/jazzy_ws/build/rosidl_runtime_cpp
[ 12%] Building CXX object gtest/CMakeFiles/gtest.dir/src/gtest-all.cc.o
[ 25%] Building CXX object gtest/CMakeFiles/gtest_main.dir/src/gtest_main.cc.o
[ 37%] Building CXX object CMakeFiles/benchmark_bounded_vector.dir/test/benchmark/benchmark_bounded_vector.cpp.o
[ 50%] Linking CXX static library libgtest_main.a
[ 50%] Built target gtest_main
[ 62%] Linking CXX executable benchmark_bounded_vector
[ 62%] Built target benchmark_bounded_vector
[ 75%] Linking CXX static library libgtest.a
[ 75%] Built target gtest
[ 87%] Building CXX object CMakeFiles/test_bounded_vector.dir/test/test_bounded_vector.cpp.o
[100%] Linking CXX executable test_bounded_vector
[100%] Built target test_bounded_vector
-- Install configuration: ""
-- Installing: /workspace/jazzy_ws/install/share/ament_index/resource_index/rosidl_runtime_packages/rosidl_runtime_cpp
-- Installing: /workspace/jazzy_ws/install/include/rosidl_runtime_cpp
-- Installing: /workspace/jazzy_ws/install/include/rosidl_runtime_cpp/rosidl_typesupport_cpp
-- Installing: /workspace/jazzy_ws/install/include/rosidl_runtime_cpp/rosidl_typesupport_cpp/action_type_support.hpp
-- Installing: /workspace/jazzy_ws/install/include/rosidl_runtime_cpp/rosidl_typesupport_cpp/message_type_support.hpp
-- Installing: /workspace/jazzy_ws/install/include/rosidl_runtime_cpp/rosidl_typesupport_cpp/service_type_support.hpp
-- Installing: /workspace/jazzy_ws/install/include/rosidl_runtime_cpp/rosidl_runtime_cpp
-- Installing: /workspace/jazzy_ws/install/include/rosidl_runtime_cpp/rosidl_runtime_cpp/type_description
-- Installing: /workspace/jazzy_ws/install/include/rosidl_runtime_cpp/rosidl_runtime_cpp/type_description/field__struct.hpp
-- Installing: /workspace/jazzy_ws/install/include/rosidl_runtime_cpp/rosidl_runtime_cpp/type_description/field_type__struct.hpp
-- Installing: /workspace/jazzy_ws/install/include/rosidl_runtime_cpp/rosidl_runtime_cpp/type_description/individual_type_description__struct.hpp
-- Installing: /workspace/jazzy_ws/install/include/rosidl_runtime_cpp/rosidl_runtime_cpp/type_description/type_source__struct.hpp
-- Installing: /workspace/jazzy_ws/install/include/rosidl_runtime_cpp/rosidl_runtime_cpp/type_description/type_description__struct.hpp
-- Installing: /workspace/jazzy_ws/install/include/rosidl_runtime_cpp/rosidl_runtime_cpp/type_description/key_value__struct.hpp
-- Installing: /workspace/jazzy_ws/install/include/rosidl_runtime_cpp/rosidl_runtime_cpp/action_type_support_decl.hpp
-- Installing: /workspace/jazzy_ws/install/include/rosidl_runtime_cpp/rosidl_runtime_cpp/message_type_support_decl.hpp
-- Installing: /workspace/jazzy_ws/install/include/rosidl_runtime_cpp/rosidl_runtime_cpp/service_type_support_decl.hpp
-- Installing: /workspace/jazzy_ws/install/include/rosidl_runtime_cpp/rosidl_runtime_cpp/message_initialization.hpp
-- Installing: /workspace/jazzy_ws/install/include/rosidl_runtime_cpp/rosidl_runtime_cpp/bounded_vector.hpp
-- Installing: /workspace/jazzy_ws/install/include/rosidl_runtime_cpp/rosidl_runtime_cpp/traits.hpp
-- Installing: /workspace/jazzy_ws/install/share/ament_index/resource_index/package_run_dependencies/rosidl_runtime_cpp
-- Installing: /workspace/jazzy_ws/install/share/ament_index/resource_index/parent_prefix_path/rosidl_runtime_cpp
-- Installing: /workspace/jazzy_ws/install/share/rosidl_runtime_cpp/environment/ament_prefix_path.sh
-- Installing: /workspace/jazzy_ws/install/share/rosidl_runtime_cpp/environment/ament_prefix_path.dsv
-- Installing: /workspace/jazzy_ws/install/share/rosidl_runtime_cpp/environment/path.sh
-- Installing: /workspace/jazzy_ws/install/share/rosidl_runtime_cpp/environment/path.dsv
-- Installing: /workspace/jazzy_ws/install/share/rosidl_runtime_cpp/local_setup.bash
-- Installing: /workspace/jazzy_ws/install/share/rosidl_runtime_cpp/local_setup.sh
-- Installing: /workspace/jazzy_ws/install/share/rosidl_runtime_cpp/local_setup.zsh
-- Installing: /workspace/jazzy_ws/install/share/rosidl_runtime_cpp/local_setup.dsv
-- Installing: /workspace/jazzy_ws/install/share/rosidl_runtime_cpp/package.dsv
-- Installing: /workspace/jazzy_ws/install/share/ament_index/resource_index/packages/rosidl_runtime_cpp
-- Installing: /workspace/jazzy_ws/install/share/rosidl_runtime_cpp/cmake/rosidl_runtime_cppExport.cmake
-- Installing: /workspace/jazzy_ws/install/share/rosidl_runtime_cpp/cmake/ament_cmake_export_include_directories-extras.cmake
-- Installing: /workspace/jazzy_ws/install/share/rosidl_runtime_cpp/cmake/ament_cmake_export_targets-extras.cmake
-- Installing: /workspace/jazzy_ws/install/share/rosidl_runtime_cpp/cmake/ament_cmake_export_dependencies-extras.cmake
-- Installing: /workspace/jazzy_ws/install/share/rosidl_runtime_cpp/cmake/rosidl_runtime_cppConfig.cmake
-- Installing: /workspace/jazzy_ws/install/share/rosidl_runtime_cpp/cmake/rosidl_runtime_cppConfig-version.cmake
-- Installing: /workspace/jazzy_ws/install/share/rosidl_runtime_cpp/package.xml
