[0.218s] Invoking command in '/workspace/jazzy_ws/build/rosidl_runtime_cpp': AMENT_PREFIX_PATH=/workspace/jazzy_ws/install CMAKE_PREFIX_PATH=/workspace/jazzy_ws/install LD_LIBRARY_PATH=/workspace/jazzy_ws/install/lib:/workspace/jazzy_ws/install/opt/mimick_vendor/lib PATH=/workspace/jazzy_ws/install/bin:/workspace/jazzy_ws/install/opt/uncrustify_vendor/bin:${PATH} PKG_CONFIG_PATH=/workspace/jazzy_ws/install/lib/x86_64-linux-gnu/pkgconfig:/workspace/jazzy_ws/install/lib/pkgconfig PYTHONPATH=/workspace/jazzy_ws/install/lib/python3.12/site-packages /usr/bin/cmake /workspace/jazzy_ws/src/rosidl/rosidl_runtime_cpp -DCMAKE_INSTALL_PREFIX=/workspace/jazzy_ws/install
[0.279s] -- The C compiler identification is GNU 13.3.0
[0.361s] -- The CXX compiler identification is GNU 13.3.0
[0.372s] -- Detecting C compiler ABI info
[0.452s] -- Detecting C compiler ABI info - done
[0.477s] -- Check for working C compiler: /usr/bin/cc - skipped
[0.477s] -- Detecting C compile features
[0.477s] -- Detecting C compile features - done
[0.482s] -- Detecting CXX compiler ABI info
[0.596s] -- Detecting CXX compiler ABI info - done
[0.605s] -- Check for working CXX compiler: /usr/bin/c++ - skipped
[0.605s] -- Detecting CXX compile features
[0.606s] -- Detecting CXX compile features - done
[0.608s] -- Found ament_cmake: 2.5.5 (/workspace/jazzy_ws/install/share/ament_cmake/cmake)
[0.749s] -- Found Python3: /usr/bin/python3 (found version "3.12.3") found components: Interpreter 
[0.834s] -- Found rosidl_runtime_c: 4.6.7 (/workspace/jazzy_ws/install/share/rosidl_runtime_c/cmake)
[0.853s] -- Found ament_lint_auto: 0.17.4 (/workspace/jazzy_ws/install/share/ament_lint_auto/cmake)
[0.853s] -- Found performance_test_fixture: 0.2.1 (/workspace/jazzy_ws/install/share/performance_test_fixture/cmake)
[1.117s] -- Found gtest sources under '/workspace/jazzy_ws/install/src/gtest_vendor': C++ tests using 'Google Test' will be built
[1.126s] -- Found Threads: TRUE  
[1.128s] -- Performance tests are disabled by default, so Google Benchmark tests will be skipped. To enable these tests, set the CMake variable 'AMENT_RUN_PERFORMANCE_TESTS'.
[1.139s] -- Added test 'copyright' to check source files copyright and LICENSE
[1.147s] -- Added test 'cppcheck' to perform static code analysis on C / C++ code
[1.152s] -- Configured cppcheck include dirs: /workspace/jazzy_ws/install/include;$<BUILD_INTERFACE:/workspace/jazzy_ws/src/rosidl/rosidl_runtime_cpp/include>
[1.152s] -- Configured cppcheck exclude dirs and/or files: /workspace/jazzy_ws/src/rosidl/rosidl_runtime_cpp/include/rosidl_runtime_cpp/type_description/field__struct.hpp;/workspace/jazzy_ws/src/rosidl/rosidl_runtime_cpp/include/rosidl_runtime_cpp/type_description/field_type__struct.hpp;/workspace/jazzy_ws/src/rosidl/rosidl_runtime_cpp/include/rosidl_runtime_cpp/type_description/individual_type_description__struct.hpp;/workspace/jazzy_ws/src/rosidl/rosidl_runtime_cpp/include/rosidl_runtime_cpp/type_description/key_value__struct.hpp;/workspace/jazzy_ws/src/rosidl/rosidl_runtime_cpp/include/rosidl_runtime_cpp/type_description/type_description__struct.hpp;/workspace/jazzy_ws/src/rosidl/rosidl_runtime_cpp/include/rosidl_runtime_cpp/type_description/type_source__struct.hpp
[1.159s] -- Added test 'cpplint' to check C / C++ code against the Google style
[1.159s] -- Configured cpplint exclude dirs and/or files: /workspace/jazzy_ws/src/rosidl/rosidl_runtime_cpp/include/rosidl_runtime_cpp/type_description/field__struct.hpp;/workspace/jazzy_ws/src/rosidl/rosidl_runtime_cpp/include/rosidl_runtime_cpp/type_description/field_type__struct.hpp;/workspace/jazzy_ws/src/rosidl/rosidl_runtime_cpp/include/rosidl_runtime_cpp/type_description/individual_type_description__struct.hpp;/workspace/jazzy_ws/src/rosidl/rosidl_runtime_cpp/include/rosidl_runtime_cpp/type_description/key_value__struct.hpp;/workspace/jazzy_ws/src/rosidl/rosidl_runtime_cpp/include/rosidl_runtime_cpp/type_description/type_description__struct.hpp;/workspace/jazzy_ws/src/rosidl/rosidl_runtime_cpp/include/rosidl_runtime_cpp/type_description/type_source__struct.hpp
[1.161s] -- Added test 'lint_cmake' to check CMake code style
[1.178s] -- Added test 'uncrustify' to check C / C++ code style
[1.178s] -- Configured uncrustify additional arguments: 
[1.179s] -- Added test 'xmllint' to check XML markup files
[1.179s] -- Configuring done (0.9s)
[1.200s] -- Generating done (0.0s)
[1.207s] -- Build files have been written to: /workspace/jazzy_ws/build/rosidl_runtime_cpp
[1.215s] Invoked command in '/workspace/jazzy_ws/build/rosidl_runtime_cpp' returned '0': AMENT_PREFIX_PATH=/workspace/jazzy_ws/install CMAKE_PREFIX_PATH=/workspace/jazzy_ws/install LD_LIBRARY_PATH=/workspace/jazzy_ws/install/lib:/workspace/jazzy_ws/install/opt/mimick_vendor/lib PATH=/workspace/jazzy_ws/install/bin:/workspace/jazzy_ws/install/opt/uncrustify_vendor/bin:${PATH} PKG_CONFIG_PATH=/workspace/jazzy_ws/install/lib/x86_64-linux-gnu/pkgconfig:/workspace/jazzy_ws/install/lib/pkgconfig PYTHONPATH=/workspace/jazzy_ws/install/lib/python3.12/site-packages /usr/bin/cmake /workspace/jazzy_ws/src/rosidl/rosidl_runtime_cpp -DCMAKE_INSTALL_PREFIX=/workspace/jazzy_ws/install
[1.216s] Invoking command in '/workspace/jazzy_ws/build/rosidl_runtime_cpp': AMENT_PREFIX_PATH=/workspace/jazzy_ws/install CMAKE_PREFIX_PATH=/workspace/jazzy_ws/install LD_LIBRARY_PATH=/workspace/jazzy_ws/install/lib:/workspace/jazzy_ws/install/opt/mimick_vendor/lib PATH=/workspace/jazzy_ws/install/bin:/workspace/jazzy_ws/install/opt/uncrustify_vendor/bin:${PATH} PKG_CONFIG_PATH=/workspace/jazzy_ws/install/lib/x86_64-linux-gnu/pkgconfig:/workspace/jazzy_ws/install/lib/pkgconfig PYTHONPATH=/workspace/jazzy_ws/install/lib/python3.12/site-packages /usr/bin/cmake --build /workspace/jazzy_ws/build/rosidl_runtime_cpp -- -j24 -l24
[1.270s] [ 12%] Building CXX object gtest/CMakeFiles/gtest.dir/src/gtest-all.cc.o
[1.273s] [ 25%] Building CXX object gtest/CMakeFiles/gtest_main.dir/src/gtest_main.cc.o
[1.276s] [ 37%] Building CXX object CMakeFiles/benchmark_bounded_vector.dir/test/benchmark/benchmark_bounded_vector.cpp.o
[1.932s] [ 50%] Linking CXX static library libgtest_main.a
[1.956s] [ 50%] Built target gtest_main
[2.218s] [ 62%] Linking CXX executable benchmark_bounded_vector
[2.286s] [ 62%] Built target benchmark_bounded_vector
[4.411s] [ 75%] Linking CXX static library libgtest.a
[4.448s] [ 75%] Built target gtest
[4.460s] [ 87%] Building CXX object CMakeFiles/test_bounded_vector.dir/test/test_bounded_vector.cpp.o
[5.244s] [100%] Linking CXX executable test_bounded_vector
[5.449s] [100%] Built target test_bounded_vector
[5.463s] Invoked command in '/workspace/jazzy_ws/build/rosidl_runtime_cpp' returned '0': AMENT_PREFIX_PATH=/workspace/jazzy_ws/install CMAKE_PREFIX_PATH=/workspace/jazzy_ws/install LD_LIBRARY_PATH=/workspace/jazzy_ws/install/lib:/workspace/jazzy_ws/install/opt/mimick_vendor/lib PATH=/workspace/jazzy_ws/install/bin:/workspace/jazzy_ws/install/opt/uncrustify_vendor/bin:${PATH} PKG_CONFIG_PATH=/workspace/jazzy_ws/install/lib/x86_64-linux-gnu/pkgconfig:/workspace/jazzy_ws/install/lib/pkgconfig PYTHONPATH=/workspace/jazzy_ws/install/lib/python3.12/site-packages /usr/bin/cmake --build /workspace/jazzy_ws/build/rosidl_runtime_cpp -- -j24 -l24
[5.463s] Invoking command in '/workspace/jazzy_ws/build/rosidl_runtime_cpp': AMENT_PREFIX_PATH=/workspace/jazzy_ws/install CMAKE_PREFIX_PATH=/workspace/jazzy_ws/install LD_LIBRARY_PATH=/workspace/jazzy_ws/install/lib:/workspace/jazzy_ws/install/opt/mimick_vendor/lib PATH=/workspace/jazzy_ws/install/bin:/workspace/jazzy_ws/install/opt/uncrustify_vendor/bin:${PATH} PKG_CONFIG_PATH=/workspace/jazzy_ws/install/lib/x86_64-linux-gnu/pkgconfig:/workspace/jazzy_ws/install/lib/pkgconfig PYTHONPATH=/workspace/jazzy_ws/install/lib/python3.12/site-packages /usr/bin/cmake --install /workspace/jazzy_ws/build/rosidl_runtime_cpp
[5.477s] -- Install configuration: ""
[5.477s] -- Installing: /workspace/jazzy_ws/install/share/ament_index/resource_index/rosidl_runtime_packages/rosidl_runtime_cpp
[5.477s] -- Installing: /workspace/jazzy_ws/install/include/rosidl_runtime_cpp
[5.477s] -- Installing: /workspace/jazzy_ws/install/include/rosidl_runtime_cpp/rosidl_typesupport_cpp
[5.477s] -- Installing: /workspace/jazzy_ws/install/include/rosidl_runtime_cpp/rosidl_typesupport_cpp/action_type_support.hpp
[5.477s] -- Installing: /workspace/jazzy_ws/install/include/rosidl_runtime_cpp/rosidl_typesupport_cpp/message_type_support.hpp
[5.477s] -- Installing: /workspace/jazzy_ws/install/include/rosidl_runtime_cpp/rosidl_typesupport_cpp/service_type_support.hpp
[5.477s] -- Installing: /workspace/jazzy_ws/install/include/rosidl_runtime_cpp/rosidl_runtime_cpp
[5.477s] -- Installing: /workspace/jazzy_ws/install/include/rosidl_runtime_cpp/rosidl_runtime_cpp/type_description
[5.477s] -- Installing: /workspace/jazzy_ws/install/include/rosidl_runtime_cpp/rosidl_runtime_cpp/type_description/field__struct.hpp
[5.477s] -- Installing: /workspace/jazzy_ws/install/include/rosidl_runtime_cpp/rosidl_runtime_cpp/type_description/field_type__struct.hpp
[5.478s] -- Installing: /workspace/jazzy_ws/install/include/rosidl_runtime_cpp/rosidl_runtime_cpp/type_description/individual_type_description__struct.hpp
[5.478s] -- Installing: /workspace/jazzy_ws/install/include/rosidl_runtime_cpp/rosidl_runtime_cpp/type_description/type_source__struct.hpp
[5.479s] -- Installing: /workspace/jazzy_ws/install/include/rosidl_runtime_cpp/rosidl_runtime_cpp/type_description/type_description__struct.hpp
[5.479s] -- Installing: /workspace/jazzy_ws/install/include/rosidl_runtime_cpp/rosidl_runtime_cpp/type_description/key_value__struct.hpp
[5.479s] -- Installing: /workspace/jazzy_ws/install/include/rosidl_runtime_cpp/rosidl_runtime_cpp/action_type_support_decl.hpp
[5.479s] -- Installing: /workspace/jazzy_ws/install/include/rosidl_runtime_cpp/rosidl_runtime_cpp/message_type_support_decl.hpp
[5.479s] -- Installing: /workspace/jazzy_ws/install/include/rosidl_runtime_cpp/rosidl_runtime_cpp/service_type_support_decl.hpp
[5.479s] -- Installing: /workspace/jazzy_ws/install/include/rosidl_runtime_cpp/rosidl_runtime_cpp/message_initialization.hpp
[5.479s] -- Installing: /workspace/jazzy_ws/install/include/rosidl_runtime_cpp/rosidl_runtime_cpp/bounded_vector.hpp
[5.479s] -- Installing: /workspace/jazzy_ws/install/include/rosidl_runtime_cpp/rosidl_runtime_cpp/traits.hpp
[5.479s] -- Installing: /workspace/jazzy_ws/install/share/ament_index/resource_index/package_run_dependencies/rosidl_runtime_cpp
[5.479s] -- Installing: /workspace/jazzy_ws/install/share/ament_index/resource_index/parent_prefix_path/rosidl_runtime_cpp
[5.479s] -- Installing: /workspace/jazzy_ws/install/share/rosidl_runtime_cpp/environment/ament_prefix_path.sh
[5.479s] -- Installing: /workspace/jazzy_ws/install/share/rosidl_runtime_cpp/environment/ament_prefix_path.dsv
[5.479s] -- Installing: /workspace/jazzy_ws/install/share/rosidl_runtime_cpp/environment/path.sh
[5.479s] -- Installing: /workspace/jazzy_ws/install/share/rosidl_runtime_cpp/environment/path.dsv
[5.479s] -- Installing: /workspace/jazzy_ws/install/share/rosidl_runtime_cpp/local_setup.bash
[5.479s] -- Installing: /workspace/jazzy_ws/install/share/rosidl_runtime_cpp/local_setup.sh
[5.479s] -- Installing: /workspace/jazzy_ws/install/share/rosidl_runtime_cpp/local_setup.zsh
[5.479s] -- Installing: /workspace/jazzy_ws/install/share/rosidl_runtime_cpp/local_setup.dsv
[5.479s] -- Installing: /workspace/jazzy_ws/install/share/rosidl_runtime_cpp/package.dsv
[5.479s] -- Installing: /workspace/jazzy_ws/install/share/ament_index/resource_index/packages/rosidl_runtime_cpp
[5.484s] -- Installing: /workspace/jazzy_ws/install/share/rosidl_runtime_cpp/cmake/rosidl_runtime_cppExport.cmake
[5.487s] -- Installing: /workspace/jazzy_ws/install/share/rosidl_runtime_cpp/cmake/ament_cmake_export_include_directories-extras.cmake
[5.487s] -- Installing: /workspace/jazzy_ws/install/share/rosidl_runtime_cpp/cmake/ament_cmake_export_targets-extras.cmake
[5.487s] -- Installing: /workspace/jazzy_ws/install/share/rosidl_runtime_cpp/cmake/ament_cmake_export_dependencies-extras.cmake
[5.487s] -- Installing: /workspace/jazzy_ws/install/share/rosidl_runtime_cpp/cmake/rosidl_runtime_cppConfig.cmake
[5.487s] -- Installing: /workspace/jazzy_ws/install/share/rosidl_runtime_cpp/cmake/rosidl_runtime_cppConfig-version.cmake
[5.487s] -- Installing: /workspace/jazzy_ws/install/share/rosidl_runtime_cpp/package.xml
[5.487s] Invoked command in '/workspace/jazzy_ws/build/rosidl_runtime_cpp' returned '0': AMENT_PREFIX_PATH=/workspace/jazzy_ws/install CMAKE_PREFIX_PATH=/workspace/jazzy_ws/install LD_LIBRARY_PATH=/workspace/jazzy_ws/install/lib:/workspace/jazzy_ws/install/opt/mimick_vendor/lib PATH=/workspace/jazzy_ws/install/bin:/workspace/jazzy_ws/install/opt/uncrustify_vendor/bin:${PATH} PKG_CONFIG_PATH=/workspace/jazzy_ws/install/lib/x86_64-linux-gnu/pkgconfig:/workspace/jazzy_ws/install/lib/pkgconfig PYTHONPATH=/workspace/jazzy_ws/install/lib/python3.12/site-packages /usr/bin/cmake --install /workspace/jazzy_ws/build/rosidl_runtime_cpp
