[0.369s] Invoking command in '/workspace/jazzy_ws/build/rosidl_typesupport_introspection_c': AMENT_PREFIX_PATH=/workspace/jazzy_ws/install CMAKE_PREFIX_PATH=/workspace/jazzy_ws/install LD_LIBRARY_PATH=/workspace/jazzy_ws/install/lib:/workspace/jazzy_ws/install/opt/mimick_vendor/lib PATH=/workspace/jazzy_ws/install/bin:/workspace/jazzy_ws/install/opt/uncrustify_vendor/bin:${PATH} PKG_CONFIG_PATH=/workspace/jazzy_ws/install/lib/x86_64-linux-gnu/pkgconfig:/workspace/jazzy_ws/install/lib/pkgconfig PYTHONPATH=/workspace/jazzy_ws/install/lib/python3.12/site-packages /usr/bin/cmake /workspace/jazzy_ws/src/rosidl/rosidl_typesupport_introspection_c -DCMAKE_INSTALL_PREFIX=/workspace/jazzy_ws/install
[0.439s] -- The C compiler identification is GNU 13.3.0
[0.471s] -- Detecting C compiler ABI info
[0.565s] -- Detecting C compiler ABI info - done
[0.571s] -- Check for working C compiler: /usr/bin/cc - skipped
[0.571s] -- Detecting C compile features
[0.572s] -- Detecting C compile features - done
[0.573s] -- Found ament_cmake_python: 2.5.5 (/workspace/jazzy_ws/install/share/ament_cmake_python/cmake)
[0.573s] -- Found ament_cmake_ros: 0.12.0 (/workspace/jazzy_ws/install/share/ament_cmake_ros/cmake)
[0.715s] -- Found Python3: /usr/bin/python3 (found version "3.12.3") found components: Interpreter 
[0.898s] -- Found ament_lint_auto: 0.17.4 (/workspace/jazzy_ws/install/share/ament_lint_auto/cmake)
[1.071s] -- Added test 'copyright' to check source files copyright and LICENSE
[1.079s] -- Added test 'cppcheck' to perform static code analysis on C / C++ code
[1.079s] -- Configured cppcheck include dirs: $<BUILD_INTERFACE:/workspace/jazzy_ws/src/rosidl/rosidl_typesupport_introspection_c/include>
[1.079s] -- Configured cppcheck exclude dirs and/or files: 
[1.087s] -- Added test 'cpplint' to check C / C++ code against the Google style
[1.087s] -- Configured cpplint exclude dirs and/or files: 
[1.087s] -- Added test 'flake8' to check Python code syntax and style conventions
[1.088s] -- Configured 'flake8' exclude dirs and/or files: 
[1.088s] -- Added test 'lint_cmake' to check CMake code style
[1.092s] -- Added test 'pep257' to check Python code against some of the docstring style conventions in PEP 257
[1.097s] -- Added test 'uncrustify' to check C / C++ code style
[1.097s] -- Configured uncrustify additional arguments: 
[1.098s] -- Added test 'xmllint' to check XML markup files
[1.100s] -- Configuring done (0.7s)
[1.104s] -- Generating done (0.0s)
[1.107s] -- Build files have been written to: /workspace/jazzy_ws/build/rosidl_typesupport_introspection_c
[1.111s] Invoked command in '/workspace/jazzy_ws/build/rosidl_typesupport_introspection_c' returned '0': AMENT_PREFIX_PATH=/workspace/jazzy_ws/install CMAKE_PREFIX_PATH=/workspace/jazzy_ws/install LD_LIBRARY_PATH=/workspace/jazzy_ws/install/lib:/workspace/jazzy_ws/install/opt/mimick_vendor/lib PATH=/workspace/jazzy_ws/install/bin:/workspace/jazzy_ws/install/opt/uncrustify_vendor/bin:${PATH} PKG_CONFIG_PATH=/workspace/jazzy_ws/install/lib/x86_64-linux-gnu/pkgconfig:/workspace/jazzy_ws/install/lib/pkgconfig PYTHONPATH=/workspace/jazzy_ws/install/lib/python3.12/site-packages /usr/bin/cmake /workspace/jazzy_ws/src/rosidl/rosidl_typesupport_introspection_c -DCMAKE_INSTALL_PREFIX=/workspace/jazzy_ws/install
[1.111s] Invoking command in '/workspace/jazzy_ws/build/rosidl_typesupport_introspection_c': AMENT_PREFIX_PATH=/workspace/jazzy_ws/install CMAKE_PREFIX_PATH=/workspace/jazzy_ws/install LD_LIBRARY_PATH=/workspace/jazzy_ws/install/lib:/workspace/jazzy_ws/install/opt/mimick_vendor/lib PATH=/workspace/jazzy_ws/install/bin:/workspace/jazzy_ws/install/opt/uncrustify_vendor/bin:${PATH} PKG_CONFIG_PATH=/workspace/jazzy_ws/install/lib/x86_64-linux-gnu/pkgconfig:/workspace/jazzy_ws/install/lib/pkgconfig PYTHONPATH=/workspace/jazzy_ws/install/lib/python3.12/site-packages /usr/bin/cmake --build /workspace/jazzy_ws/build/rosidl_typesupport_introspection_c -- -j24 -l24
[1.151s] [ 50%] Building C object CMakeFiles/rosidl_typesupport_introspection_c.dir/src/identifier.c.o
[1.154s] [ 50%] Built target ament_cmake_python_copy_rosidl_typesupport_introspection_c
[1.154s] [ 50%] Built target ament_cmake_python_copy_rosidl_typesupport_introspection_c_setup
[1.165s] [100%] Linking C shared library librosidl_typesupport_introspection_c.so
[1.184s] [100%] Built target rosidl_typesupport_introspection_c
[1.286s] running egg_info
[1.293s] creating rosidl_typesupport_introspection_c.egg-info
[1.293s] writing rosidl_typesupport_introspection_c.egg-info/PKG-INFO
[1.293s] writing dependency_links to rosidl_typesupport_introspection_c.egg-info/dependency_links.txt
[1.294s] writing entry points to rosidl_typesupport_introspection_c.egg-info/entry_points.txt
[1.294s] writing top-level names to rosidl_typesupport_introspection_c.egg-info/top_level.txt
[1.294s] writing manifest file 'rosidl_typesupport_introspection_c.egg-info/SOURCES.txt'
[1.315s] reading manifest file 'rosidl_typesupport_introspection_c.egg-info/SOURCES.txt'
[1.315s] writing manifest file 'rosidl_typesupport_introspection_c.egg-info/SOURCES.txt'
[1.348s] [100%] Built target ament_cmake_python_build_rosidl_typesupport_introspection_c_egg
[1.363s] Invoked command in '/workspace/jazzy_ws/build/rosidl_typesupport_introspection_c' returned '0': AMENT_PREFIX_PATH=/workspace/jazzy_ws/install CMAKE_PREFIX_PATH=/workspace/jazzy_ws/install LD_LIBRARY_PATH=/workspace/jazzy_ws/install/lib:/workspace/jazzy_ws/install/opt/mimick_vendor/lib PATH=/workspace/jazzy_ws/install/bin:/workspace/jazzy_ws/install/opt/uncrustify_vendor/bin:${PATH} PKG_CONFIG_PATH=/workspace/jazzy_ws/install/lib/x86_64-linux-gnu/pkgconfig:/workspace/jazzy_ws/install/lib/pkgconfig PYTHONPATH=/workspace/jazzy_ws/install/lib/python3.12/site-packages /usr/bin/cmake --build /workspace/jazzy_ws/build/rosidl_typesupport_introspection_c -- -j24 -l24
[1.363s] Invoking command in '/workspace/jazzy_ws/build/rosidl_typesupport_introspection_c': AMENT_PREFIX_PATH=/workspace/jazzy_ws/install CMAKE_PREFIX_PATH=/workspace/jazzy_ws/install LD_LIBRARY_PATH=/workspace/jazzy_ws/install/lib:/workspace/jazzy_ws/install/opt/mimick_vendor/lib PATH=/workspace/jazzy_ws/install/bin:/workspace/jazzy_ws/install/opt/uncrustify_vendor/bin:${PATH} PKG_CONFIG_PATH=/workspace/jazzy_ws/install/lib/x86_64-linux-gnu/pkgconfig:/workspace/jazzy_ws/install/lib/pkgconfig PYTHONPATH=/workspace/jazzy_ws/install/lib/python3.12/site-packages /usr/bin/cmake --install /workspace/jazzy_ws/build/rosidl_typesupport_introspection_c
[1.374s] -- Install configuration: ""
[1.428s] -- Installing: /workspace/jazzy_ws/install/share/rosidl_typesupport_introspection_c/environment/pythonpath.sh
[1.428s] -- Installing: /workspace/jazzy_ws/install/share/rosidl_typesupport_introspection_c/environment/pythonpath.dsv
[1.428s] -- Installing: /workspace/jazzy_ws/install/lib/python3.12/site-packages/rosidl_typesupport_introspection_c-4.6.7-py3.12.egg-info
[1.428s] -- Installing: /workspace/jazzy_ws/install/lib/python3.12/site-packages/rosidl_typesupport_introspection_c-4.6.7-py3.12.egg-info/PKG-INFO
[1.428s] -- Installing: /workspace/jazzy_ws/install/lib/python3.12/site-packages/rosidl_typesupport_introspection_c-4.6.7-py3.12.egg-info/SOURCES.txt
[1.428s] -- Installing: /workspace/jazzy_ws/install/lib/python3.12/site-packages/rosidl_typesupport_introspection_c-4.6.7-py3.12.egg-info/top_level.txt
[1.428s] -- Installing: /workspace/jazzy_ws/install/lib/python3.12/site-packages/rosidl_typesupport_introspection_c-4.6.7-py3.12.egg-info/entry_points.txt
[1.428s] -- Installing: /workspace/jazzy_ws/install/lib/python3.12/site-packages/rosidl_typesupport_introspection_c-4.6.7-py3.12.egg-info/dependency_links.txt
[1.428s] -- Installing: /workspace/jazzy_ws/install/lib/python3.12/site-packages/rosidl_typesupport_introspection_c
[1.428s] -- Installing: /workspace/jazzy_ws/install/lib/python3.12/site-packages/rosidl_typesupport_introspection_c/cli.py
[1.428s] -- Installing: /workspace/jazzy_ws/install/lib/python3.12/site-packages/rosidl_typesupport_introspection_c/__init__.py
[1.437s] Listing '/workspace/jazzy_ws/install/lib/python3.12/site-packages/rosidl_typesupport_introspection_c'...
[1.437s] Compiling '/workspace/jazzy_ws/install/lib/python3.12/site-packages/rosidl_typesupport_introspection_c/__init__.py'...
[1.437s] Compiling '/workspace/jazzy_ws/install/lib/python3.12/site-packages/rosidl_typesupport_introspection_c/cli.py'...
[1.442s] -- Installing: /workspace/jazzy_ws/install/share/rosidl_typesupport_introspection_c/environment/library_path.sh
[1.442s] -- Installing: /workspace/jazzy_ws/install/share/rosidl_typesupport_introspection_c/environment/library_path.dsv
[1.442s] -- Installing: /workspace/jazzy_ws/install/share/ament_index/resource_index/rosidl_typesupport_c/rosidl_typesupport_introspection_c
[1.442s] -- Installing: /workspace/jazzy_ws/install/share/ament_index/resource_index/rosidl_runtime_packages/rosidl_typesupport_introspection_c
[1.446s] -- Installing: /workspace/jazzy_ws/install/share/ament_index/resource_index/package_run_dependencies/rosidl_typesupport_introspection_c
[1.446s] -- Installing: /workspace/jazzy_ws/install/share/ament_index/resource_index/parent_prefix_path/rosidl_typesupport_introspection_c
[1.446s] -- Installing: /workspace/jazzy_ws/install/share/rosidl_typesupport_introspection_c/environment/ament_prefix_path.sh
[1.446s] -- Installing: /workspace/jazzy_ws/install/share/rosidl_typesupport_introspection_c/environment/ament_prefix_path.dsv
[1.446s] -- Installing: /workspace/jazzy_ws/install/share/rosidl_typesupport_introspection_c/environment/path.sh
[1.446s] -- Installing: /workspace/jazzy_ws/install/share/rosidl_typesupport_introspection_c/environment/path.dsv
[1.446s] -- Installing: /workspace/jazzy_ws/install/share/rosidl_typesupport_introspection_c/local_setup.bash
[1.446s] -- Installing: /workspace/jazzy_ws/install/share/rosidl_typesupport_introspection_c/local_setup.sh
[1.446s] -- Installing: /workspace/jazzy_ws/install/share/rosidl_typesupport_introspection_c/local_setup.zsh
[1.446s] -- Installing: /workspace/jazzy_ws/install/share/rosidl_typesupport_introspection_c/local_setup.dsv
[1.446s] -- Installing: /workspace/jazzy_ws/install/share/rosidl_typesupport_introspection_c/package.dsv
[1.446s] -- Installing: /workspace/jazzy_ws/install/share/ament_index/resource_index/packages/rosidl_typesupport_introspection_c
[1.446s] -- Installing: /workspace/jazzy_ws/install/share/rosidl_typesupport_introspection_c/cmake/rosidl_typesupport_introspection_cExport.cmake
[1.446s] -- Installing: /workspace/jazzy_ws/install/share/rosidl_typesupport_introspection_c/cmake/rosidl_typesupport_introspection_cExport-noconfig.cmake
[1.446s] -- Installing: /workspace/jazzy_ws/install/share/rosidl_typesupport_introspection_c/cmake/rosidl_typesupport_introspection_c-extras.cmake
[1.446s] -- Installing: /workspace/jazzy_ws/install/share/rosidl_typesupport_introspection_c/cmake/ament_cmake_export_dependencies-extras.cmake
[1.446s] -- Installing: /workspace/jazzy_ws/install/share/rosidl_typesupport_introspection_c/cmake/ament_cmake_export_include_directories-extras.cmake
[1.446s] -- Installing: /workspace/jazzy_ws/install/share/rosidl_typesupport_introspection_c/cmake/ament_cmake_export_libraries-extras.cmake
[1.447s] -- Installing: /workspace/jazzy_ws/install/share/rosidl_typesupport_introspection_c/cmake/ament_cmake_export_targets-extras.cmake
[1.447s] -- Installing: /workspace/jazzy_ws/install/share/rosidl_typesupport_introspection_c/cmake/rosidl_typesupport_introspection_cConfig.cmake
[1.447s] -- Installing: /workspace/jazzy_ws/install/share/rosidl_typesupport_introspection_c/cmake/rosidl_typesupport_introspection_cConfig-version.cmake
[1.447s] -- Installing: /workspace/jazzy_ws/install/share/rosidl_typesupport_introspection_c/package.xml
[1.447s] -- Installing: /workspace/jazzy_ws/install/lib/rosidl_typesupport_introspection_c/rosidl_typesupport_introspection_c
[1.447s] -- Up-to-date: /workspace/jazzy_ws/install/share/rosidl_typesupport_introspection_c/cmake
[1.447s] -- Installing: /workspace/jazzy_ws/install/share/rosidl_typesupport_introspection_c/cmake/rosidl_typesupport_introspection_c_generate_interfaces.cmake
[1.447s] -- Installing: /workspace/jazzy_ws/install/share/rosidl_typesupport_introspection_c/resource
[1.447s] -- Installing: /workspace/jazzy_ws/install/share/rosidl_typesupport_introspection_c/resource/idl__rosidl_typesupport_introspection_c.h.em
[1.447s] -- Installing: /workspace/jazzy_ws/install/share/rosidl_typesupport_introspection_c/resource/rosidl_typesupport_introspection_c__visibility_control.h.in
[1.447s] -- Installing: /workspace/jazzy_ws/install/share/rosidl_typesupport_introspection_c/resource/msg__type_support.c.em
[1.447s] -- Installing: /workspace/jazzy_ws/install/share/rosidl_typesupport_introspection_c/resource/idl__type_support.c.em
[1.447s] -- Installing: /workspace/jazzy_ws/install/share/rosidl_typesupport_introspection_c/resource/msg__rosidl_typesupport_introspection_c.h.em
[1.447s] -- Installing: /workspace/jazzy_ws/install/share/rosidl_typesupport_introspection_c/resource/srv__rosidl_typesupport_introspection_c.h.em
[1.447s] -- Installing: /workspace/jazzy_ws/install/share/rosidl_typesupport_introspection_c/resource/srv__type_support.c.em
[1.447s] -- Installing: /workspace/jazzy_ws/install/include/rosidl_typesupport_introspection_c
[1.447s] -- Installing: /workspace/jazzy_ws/install/include/rosidl_typesupport_introspection_c/rosidl_typesupport_introspection_c
[1.447s] -- Installing: /workspace/jazzy_ws/install/include/rosidl_typesupport_introspection_c/rosidl_typesupport_introspection_c/visibility_control.h
[1.447s] -- Installing: /workspace/jazzy_ws/install/include/rosidl_typesupport_introspection_c/rosidl_typesupport_introspection_c/service_introspection.h
[1.447s] -- Installing: /workspace/jazzy_ws/install/include/rosidl_typesupport_introspection_c/rosidl_typesupport_introspection_c/field_types.h
[1.447s] -- Installing: /workspace/jazzy_ws/install/include/rosidl_typesupport_introspection_c/rosidl_typesupport_introspection_c/identifier.h
[1.447s] -- Installing: /workspace/jazzy_ws/install/include/rosidl_typesupport_introspection_c/rosidl_typesupport_introspection_c/message_introspection.h
[1.447s] -- Installing: /workspace/jazzy_ws/install/lib/librosidl_typesupport_introspection_c.so
[1.467s] Invoked command in '/workspace/jazzy_ws/build/rosidl_typesupport_introspection_c' returned '0': AMENT_PREFIX_PATH=/workspace/jazzy_ws/install CMAKE_PREFIX_PATH=/workspace/jazzy_ws/install LD_LIBRARY_PATH=/workspace/jazzy_ws/install/lib:/workspace/jazzy_ws/install/opt/mimick_vendor/lib PATH=/workspace/jazzy_ws/install/bin:/workspace/jazzy_ws/install/opt/uncrustify_vendor/bin:${PATH} PKG_CONFIG_PATH=/workspace/jazzy_ws/install/lib/x86_64-linux-gnu/pkgconfig:/workspace/jazzy_ws/install/lib/pkgconfig PYTHONPATH=/workspace/jazzy_ws/install/lib/python3.12/site-packages /usr/bin/cmake --install /workspace/jazzy_ws/build/rosidl_typesupport_introspection_c
