[0.017s] Invoking command in '/workspace/jazzy_ws/build/ament_cmake': AMENT_PREFIX_PATH=/workspace/jazzy_ws/install CMAKE_PREFIX_PATH=/workspace/jazzy_ws/install LD_LIBRARY_PATH=/workspace/jazzy_ws/install/lib PATH=/workspace/jazzy_ws/install/bin:${PATH} PKG_CONFIG_PATH=/workspace/jazzy_ws/install/lib/x86_64-linux-gnu/pkgconfig:/workspace/jazzy_ws/install/lib/pkgconfig PYTHONPATH=/workspace/jazzy_ws/install/lib/python3.12/site-packages /usr/bin/cmake /workspace/jazzy_ws/src/ament_cmake/ament_cmake -DCMAKE_INSTALL_PREFIX=/workspace/jazzy_ws/install
[0.025s] -- Found ament_cmake_core: 2.5.5 (/workspace/jazzy_ws/install/share/ament_cmake_core/cmake)
[0.097s] -- Found Python3: /usr/bin/python3 (found version "3.12.3") found components: Interpreter 
[0.140s] -- Found ament_cmake_export_dependencies: 2.5.5 (/workspace/jazzy_ws/install/share/ament_cmake_export_dependencies/cmake)
[0.191s] -- Configuring done (0.2s)
[0.192s] -- Generating done (0.0s)
[0.193s] -- Build files have been written to: /workspace/jazzy_ws/build/ament_cmake
[0.194s] Invoked command in '/workspace/jazzy_ws/build/ament_cmake' returned '0': AMENT_PREFIX_PATH=/workspace/jazzy_ws/install CMAKE_PREFIX_PATH=/workspace/jazzy_ws/install LD_LIBRARY_PATH=/workspace/jazzy_ws/install/lib PATH=/workspace/jazzy_ws/install/bin:${PATH} PKG_CONFIG_PATH=/workspace/jazzy_ws/install/lib/x86_64-linux-gnu/pkgconfig:/workspace/jazzy_ws/install/lib/pkgconfig PYTHONPATH=/workspace/jazzy_ws/install/lib/python3.12/site-packages /usr/bin/cmake /workspace/jazzy_ws/src/ament_cmake/ament_cmake -DCMAKE_INSTALL_PREFIX=/workspace/jazzy_ws/install
[0.195s] Invoking command in '/workspace/jazzy_ws/build/ament_cmake': AMENT_PREFIX_PATH=/workspace/jazzy_ws/install CMAKE_PREFIX_PATH=/workspace/jazzy_ws/install LD_LIBRARY_PATH=/workspace/jazzy_ws/install/lib PATH=/workspace/jazzy_ws/install/bin:${PATH} PKG_CONFIG_PATH=/workspace/jazzy_ws/install/lib/x86_64-linux-gnu/pkgconfig:/workspace/jazzy_ws/install/lib/pkgconfig PYTHONPATH=/workspace/jazzy_ws/install/lib/python3.12/site-packages /usr/bin/cmake --build /workspace/jazzy_ws/build/ament_cmake -- -j24 -l24
[0.214s] Invoked command in '/workspace/jazzy_ws/build/ament_cmake' returned '0': AMENT_PREFIX_PATH=/workspace/jazzy_ws/install CMAKE_PREFIX_PATH=/workspace/jazzy_ws/install LD_LIBRARY_PATH=/workspace/jazzy_ws/install/lib PATH=/workspace/jazzy_ws/install/bin:${PATH} PKG_CONFIG_PATH=/workspace/jazzy_ws/install/lib/x86_64-linux-gnu/pkgconfig:/workspace/jazzy_ws/install/lib/pkgconfig PYTHONPATH=/workspace/jazzy_ws/install/lib/python3.12/site-packages /usr/bin/cmake --build /workspace/jazzy_ws/build/ament_cmake -- -j24 -l24
[0.214s] Invoking command in '/workspace/jazzy_ws/build/ament_cmake': AMENT_PREFIX_PATH=/workspace/jazzy_ws/install CMAKE_PREFIX_PATH=/workspace/jazzy_ws/install LD_LIBRARY_PATH=/workspace/jazzy_ws/install/lib PATH=/workspace/jazzy_ws/install/bin:${PATH} PKG_CONFIG_PATH=/workspace/jazzy_ws/install/lib/x86_64-linux-gnu/pkgconfig:/workspace/jazzy_ws/install/lib/pkgconfig PYTHONPATH=/workspace/jazzy_ws/install/lib/python3.12/site-packages /usr/bin/cmake --install /workspace/jazzy_ws/build/ament_cmake
[0.218s] -- Install configuration: ""
[0.218s] -- Installing: /workspace/jazzy_ws/install/share/ament_index/resource_index/package_run_dependencies/ament_cmake
[0.218s] -- Installing: /workspace/jazzy_ws/install/share/ament_index/resource_index/parent_prefix_path/ament_cmake
[0.218s] -- Installing: /workspace/jazzy_ws/install/share/ament_cmake/environment/ament_prefix_path.sh
[0.218s] -- Installing: /workspace/jazzy_ws/install/share/ament_cmake/environment/ament_prefix_path.dsv
[0.218s] -- Installing: /workspace/jazzy_ws/install/share/ament_cmake/environment/path.sh
[0.218s] -- Installing: /workspace/jazzy_ws/install/share/ament_cmake/environment/path.dsv
[0.218s] -- Installing: /workspace/jazzy_ws/install/share/ament_cmake/local_setup.bash
[0.218s] -- Installing: /workspace/jazzy_ws/install/share/ament_cmake/local_setup.sh
[0.219s] -- Installing: /workspace/jazzy_ws/install/share/ament_cmake/local_setup.zsh
[0.219s] -- Installing: /workspace/jazzy_ws/install/share/ament_cmake/local_setup.dsv
[0.219s] -- Installing: /workspace/jazzy_ws/install/share/ament_cmake/package.dsv
[0.219s] -- Installing: /workspace/jazzy_ws/install/share/ament_index/resource_index/packages/ament_cmake
[0.219s] -- Installing: /workspace/jazzy_ws/install/share/ament_cmake/cmake/ament_cmake_export_dependencies-extras.cmake
[0.219s] -- Installing: /workspace/jazzy_ws/install/share/ament_cmake/cmake/ament_cmakeConfig.cmake
[0.219s] -- Installing: /workspace/jazzy_ws/install/share/ament_cmake/cmake/ament_cmakeConfig-version.cmake
[0.219s] -- Installing: /workspace/jazzy_ws/install/share/ament_cmake/package.xml
[0.220s] Invoked command in '/workspace/jazzy_ws/build/ament_cmake' returned '0': AMENT_PREFIX_PATH=/workspace/jazzy_ws/install CMAKE_PREFIX_PATH=/workspace/jazzy_ws/install LD_LIBRARY_PATH=/workspace/jazzy_ws/install/lib PATH=/workspace/jazzy_ws/install/bin:${PATH} PKG_CONFIG_PATH=/workspace/jazzy_ws/install/lib/x86_64-linux-gnu/pkgconfig:/workspace/jazzy_ws/install/lib/pkgconfig PYTHONPATH=/workspace/jazzy_ws/install/lib/python3.12/site-packages /usr/bin/cmake --install /workspace/jazzy_ws/build/ament_cmake
