/workspace/build_ws/install/es165_moveit_moveit_config/lib/python3.12/site-packages/es165_moveit_moveit_config/__init__.py
/workspace/build_ws/install/es165_moveit_moveit_config/lib/python3.12/site-packages/es165_moveit_moveit_config/__pycache__/__init__.cpython-312.pyc
/workspace/build_ws/install/es165_moveit_moveit_config/share/ament_index/resource_index/packages/es165_moveit_moveit_config
/workspace/build_ws/install/es165_moveit_moveit_config/share/es165_moveit_moveit_config/package.xml
/workspace/build_ws/install/es165_moveit_moveit_config/share/es165_moveit_moveit_config/config/rw2_servo_params.yaml
/workspace/build_ws/install/es165_moveit_moveit_config/share/es165_moveit_moveit_config/config/controller.yaml
/workspace/build_ws/install/es165_moveit_moveit_config/share/es165_moveit_moveit_config/config/rw1_servo_params.yaml
/workspace/build_ws/install/es165_moveit_moveit_config/share/es165_moveit_moveit_config/config/servo_params.yaml
/workspace/build_ws/install/es165_moveit_moveit_config/share/es165_moveit_moveit_config/config/ros2_controllers.yaml
/workspace/build_ws/install/es165_moveit_moveit_config/share/es165_moveit_moveit_config/config/rw3_servo_params.yaml
/workspace/build_ws/install/es165_moveit_moveit_config/share/es165_moveit_moveit_config/config/joint_limits.yaml
/workspace/build_ws/install/es165_moveit_moveit_config/share/es165_moveit_moveit_config/config/rw4_servo_params.yaml
/workspace/build_ws/install/es165_moveit_moveit_config/share/es165_moveit_moveit_config/config/es165.xacro
/workspace/build_ws/install/es165_moveit_moveit_config/share/es165_moveit_moveit_config/config/kinematics.yaml
/workspace/build_ws/install/es165_moveit_moveit_config/share/es165_moveit_moveit_config/config/es165d.srdf
/workspace/build_ws/install/es165_moveit_moveit_config/lib/python3.12/site-packages/es165_moveit_moveit_config-0.0.0-py3.12.egg-info/PKG-INFO
/workspace/build_ws/install/es165_moveit_moveit_config/lib/python3.12/site-packages/es165_moveit_moveit_config-0.0.0-py3.12.egg-info/SOURCES.txt
/workspace/build_ws/install/es165_moveit_moveit_config/lib/python3.12/site-packages/es165_moveit_moveit_config-0.0.0-py3.12.egg-info/zip-safe
/workspace/build_ws/install/es165_moveit_moveit_config/lib/python3.12/site-packages/es165_moveit_moveit_config-0.0.0-py3.12.egg-info/requires.txt
/workspace/build_ws/install/es165_moveit_moveit_config/lib/python3.12/site-packages/es165_moveit_moveit_config-0.0.0-py3.12.egg-info/top_level.txt
/workspace/build_ws/install/es165_moveit_moveit_config/lib/python3.12/site-packages/es165_moveit_moveit_config-0.0.0-py3.12.egg-info/dependency_links.txt
