[0.032s] Invoking command in '/workspace/jazzy_ws/build/ament_lint_common': AMENT_PREFIX_PATH=/workspace/jazzy_ws/install CMAKE_PREFIX_PATH=/workspace/jazzy_ws/install LD_LIBRARY_PATH=/workspace/jazzy_ws/install/lib PATH=/workspace/jazzy_ws/install/bin:/workspace/jazzy_ws/install/opt/uncrustify_vendor/bin:${PATH} PKG_CONFIG_PATH=/workspace/jazzy_ws/install/lib/x86_64-linux-gnu/pkgconfig:/workspace/jazzy_ws/install/lib/pkgconfig PYTHONPATH=/workspace/jazzy_ws/install/lib/python3.12/site-packages /usr/bin/cmake /workspace/jazzy_ws/src/ament_lint/ament_lint_common -DCMAKE_INSTALL_PREFIX=/workspace/jazzy_ws/install
[0.038s] -- Found ament_cmake_core: 2.5.5 (/workspace/jazzy_ws/install/share/ament_cmake_core/cmake)
[0.108s] -- Found Python3: /usr/bin/python3 (found version "3.12.3") found components: Interpreter 
[0.153s] -- Found ament_cmake_export_dependencies: 2.5.5 (/workspace/jazzy_ws/install/share/ament_cmake_export_dependencies/cmake)
[0.206s] -- Configuring done (0.2s)
[0.207s] -- Generating done (0.0s)
[0.207s] -- Build files have been written to: /workspace/jazzy_ws/build/ament_lint_common
[0.208s] Invoked command in '/workspace/jazzy_ws/build/ament_lint_common' returned '0': AMENT_PREFIX_PATH=/workspace/jazzy_ws/install CMAKE_PREFIX_PATH=/workspace/jazzy_ws/install LD_LIBRARY_PATH=/workspace/jazzy_ws/install/lib PATH=/workspace/jazzy_ws/install/bin:/workspace/jazzy_ws/install/opt/uncrustify_vendor/bin:${PATH} PKG_CONFIG_PATH=/workspace/jazzy_ws/install/lib/x86_64-linux-gnu/pkgconfig:/workspace/jazzy_ws/install/lib/pkgconfig PYTHONPATH=/workspace/jazzy_ws/install/lib/python3.12/site-packages /usr/bin/cmake /workspace/jazzy_ws/src/ament_lint/ament_lint_common -DCMAKE_INSTALL_PREFIX=/workspace/jazzy_ws/install
[0.209s] Invoking command in '/workspace/jazzy_ws/build/ament_lint_common': AMENT_PREFIX_PATH=/workspace/jazzy_ws/install CMAKE_PREFIX_PATH=/workspace/jazzy_ws/install LD_LIBRARY_PATH=/workspace/jazzy_ws/install/lib PATH=/workspace/jazzy_ws/install/bin:/workspace/jazzy_ws/install/opt/uncrustify_vendor/bin:${PATH} PKG_CONFIG_PATH=/workspace/jazzy_ws/install/lib/x86_64-linux-gnu/pkgconfig:/workspace/jazzy_ws/install/lib/pkgconfig PYTHONPATH=/workspace/jazzy_ws/install/lib/python3.12/site-packages /usr/bin/cmake --build /workspace/jazzy_ws/build/ament_lint_common -- -j24 -l24
[0.226s] Invoked command in '/workspace/jazzy_ws/build/ament_lint_common' returned '0': AMENT_PREFIX_PATH=/workspace/jazzy_ws/install CMAKE_PREFIX_PATH=/workspace/jazzy_ws/install LD_LIBRARY_PATH=/workspace/jazzy_ws/install/lib PATH=/workspace/jazzy_ws/install/bin:/workspace/jazzy_ws/install/opt/uncrustify_vendor/bin:${PATH} PKG_CONFIG_PATH=/workspace/jazzy_ws/install/lib/x86_64-linux-gnu/pkgconfig:/workspace/jazzy_ws/install/lib/pkgconfig PYTHONPATH=/workspace/jazzy_ws/install/lib/python3.12/site-packages /usr/bin/cmake --build /workspace/jazzy_ws/build/ament_lint_common -- -j24 -l24
[0.226s] Invoking command in '/workspace/jazzy_ws/build/ament_lint_common': AMENT_PREFIX_PATH=/workspace/jazzy_ws/install CMAKE_PREFIX_PATH=/workspace/jazzy_ws/install LD_LIBRARY_PATH=/workspace/jazzy_ws/install/lib PATH=/workspace/jazzy_ws/install/bin:/workspace/jazzy_ws/install/opt/uncrustify_vendor/bin:${PATH} PKG_CONFIG_PATH=/workspace/jazzy_ws/install/lib/x86_64-linux-gnu/pkgconfig:/workspace/jazzy_ws/install/lib/pkgconfig PYTHONPATH=/workspace/jazzy_ws/install/lib/python3.12/site-packages /usr/bin/cmake --install /workspace/jazzy_ws/build/ament_lint_common
[0.230s] -- Install configuration: ""
[0.230s] -- Installing: /workspace/jazzy_ws/install/share/ament_index/resource_index/package_run_dependencies/ament_lint_common
[0.230s] -- Installing: /workspace/jazzy_ws/install/share/ament_index/resource_index/parent_prefix_path/ament_lint_common
[0.230s] -- Installing: /workspace/jazzy_ws/install/share/ament_lint_common/environment/ament_prefix_path.sh
[0.230s] -- Installing: /workspace/jazzy_ws/install/share/ament_lint_common/environment/ament_prefix_path.dsv
[0.230s] -- Installing: /workspace/jazzy_ws/install/share/ament_lint_common/environment/path.sh
[0.230s] -- Installing: /workspace/jazzy_ws/install/share/ament_lint_common/environment/path.dsv
[0.230s] -- Installing: /workspace/jazzy_ws/install/share/ament_lint_common/local_setup.bash
[0.230s] -- Installing: /workspace/jazzy_ws/install/share/ament_lint_common/local_setup.sh
[0.230s] -- Installing: /workspace/jazzy_ws/install/share/ament_lint_common/local_setup.zsh
[0.230s] -- Installing: /workspace/jazzy_ws/install/share/ament_lint_common/local_setup.dsv
[0.230s] -- Installing: /workspace/jazzy_ws/install/share/ament_lint_common/package.dsv
[0.230s] -- Installing: /workspace/jazzy_ws/install/share/ament_index/resource_index/packages/ament_lint_common
[0.230s] -- Installing: /workspace/jazzy_ws/install/share/ament_lint_common/cmake/ament_cmake_export_dependencies-extras.cmake
[0.231s] -- Installing: /workspace/jazzy_ws/install/share/ament_lint_common/cmake/ament_lint_commonConfig.cmake
[0.231s] -- Installing: /workspace/jazzy_ws/install/share/ament_lint_common/cmake/ament_lint_commonConfig-version.cmake
[0.231s] -- Installing: /workspace/jazzy_ws/install/share/ament_lint_common/package.xml
[0.231s] Invoked command in '/workspace/jazzy_ws/build/ament_lint_common' returned '0': AMENT_PREFIX_PATH=/workspace/jazzy_ws/install CMAKE_PREFIX_PATH=/workspace/jazzy_ws/install LD_LIBRARY_PATH=/workspace/jazzy_ws/install/lib PATH=/workspace/jazzy_ws/install/bin:/workspace/jazzy_ws/install/opt/uncrustify_vendor/bin:${PATH} PKG_CONFIG_PATH=/workspace/jazzy_ws/install/lib/x86_64-linux-gnu/pkgconfig:/workspace/jazzy_ws/install/lib/pkgconfig PYTHONPATH=/workspace/jazzy_ws/install/lib/python3.12/site-packages /usr/bin/cmake --install /workspace/jazzy_ws/build/ament_lint_common
