-- The C compiler identification is GNU 13.3.0
-- The CXX compiler identification is GNU 13.3.0
-- Detecting C compiler ABI info
-- Detecting C compiler ABI info - done
-- Check for working C compiler: /usr/bin/cc - skipped
-- Detecting C compile features
-- Detecting C compile features - done
-- Detecting CXX compiler ABI info
-- Detecting CXX compiler ABI info - done
-- Check for working CXX compiler: /usr/bin/c++ - skipped
-- Detecting CXX compile features
-- Detecting CXX compile features - done
-- Performing Test CMAKE_HAVE_LIBC_PTHREAD
-- Performing Test CMAKE_HAVE_LIBC_PTHREAD - Success
-- Found Threads: TRUE  
-- Configuring done (0.0s)
-- Generating done (0.0s)
-- Build files have been written to: /workspace/jazzy_ws/build/iceoryx_posh/dependencies/cpptoml/download
[ 11%] Creating directories for 'ext_cpptoml'
[ 22%] Performing download step (git clone) for 'ext_cpptoml'
Cloning into 'src'...
HEAD is now at fededad one-char typo
Submodule 'deps/meta-cmake' (https://github.com/meta-toolkit/meta-cmake.git) registered for path 'deps/meta-cmake'
Cloning into '/workspace/jazzy_ws/build/iceoryx_posh/dependencies/cpptoml/src/deps/meta-cmake'...
Submodule path 'deps/meta-cmake': checked out 'db7ff976c430a6cb6cbd03ae691be04cfaac0a07'
[ 33%] Performing update step for 'ext_cpptoml'
[ 44%] No patch step for 'ext_cpptoml'
[ 55%] No configure step for 'ext_cpptoml'
[ 66%] No build step for 'ext_cpptoml'
[ 77%] No install step for 'ext_cpptoml'
[ 88%] No test step for 'ext_cpptoml'
[100%] Completed 'ext_cpptoml'
[100%] Built target ext_cpptoml
-- Applying patch for minimal cmake version to cpptoml
-- The C compiler identification is GNU 13.3.0
-- The CXX compiler identification is GNU 13.3.0
-- Detecting C compiler ABI info
-- Detecting C compiler ABI info - done
-- Check for working C compiler: /usr/bin/cc - skipped
-- Detecting C compile features
-- Detecting C compile features - done
-- Detecting CXX compiler ABI info
-- Detecting CXX compiler ABI info - done
-- Check for working CXX compiler: /usr/bin/c++ - skipped
-- Detecting CXX compile features
-- Detecting CXX compile features - done
-- Could NOT find Doxygen (missing: DOXYGEN_EXECUTABLE) 
-- Configuring done (0.2s)
-- Generating done (0.0s)
-- Build files have been written to: /workspace/jazzy_ws/build/iceoryx_posh/dependencies/cpptoml/build
Install the project...
-- Install configuration: ""
-- Installing: /workspace/jazzy_ws/build/iceoryx_posh/dependencies/install/include/cpptoml.h
-- Installing: /workspace/jazzy_ws/build/iceoryx_posh/dependencies/install/lib/cmake/cpptoml/cpptomlTargets.cmake
-- Installing: /workspace/jazzy_ws/build/iceoryx_posh/dependencies/install/lib/cmake/cpptoml/cpptomlConfigVersion.cmake
-- Installing: /workspace/jazzy_ws/build/iceoryx_posh/dependencies/install/lib/cmake/cpptoml/cpptomlConfig.cmake
-- [i] <<<<<<<<<<<<< Start iceoryx_posh configuration: >>>>>>>>>>>>>
-- [i] Using m:n communication!
-- [i] IOX_MAX_PUBLISHERS:512
-- [i] IOX_MAX_SUBSCRIBERS:1024
-- [i] IOX_MAX_INTERFACE_NUMBER:4
-- [i] IOX_MAX_SUBSCRIBERS_PER_PUBLISHER:256
-- [i] IOX_MAX_CHUNKS_ALLOCATED_PER_PUBLISHER_SIMULTANEOUSLY:8
-- [i] IOX_MAX_PUBLISHER_HISTORY:16
-- [i] IOX_MAX_CHUNKS_HELD_PER_SUBSCRIBER_SIMULTANEOUSLY:256
-- [i] <<<<<<<<<<<<<< End iceoryx_posh configuration: >>>>>>>>>>>>>>
-- Configuring done (1.6s)
-- Generating done (0.0s)
-- Build files have been written to: /workspace/jazzy_ws/build/iceoryx_posh
[  2%] Building CXX object CMakeFiles/iceoryx_posh.dir/source/log/posh_logging.cpp.o
[  2%] Building CXX object CMakeFiles/iceoryx_posh.dir/source/capro/capro_message.cpp.o
[  3%] Building CXX object CMakeFiles/iceoryx_posh.dir/source/mepoo/chunk_header.cpp.o
[  5%] Building CXX object CMakeFiles/iceoryx_posh.dir/source/mepoo/chunk_management.cpp.o
[  9%] Building CXX object CMakeFiles/iceoryx_posh.dir/source/mepoo/mepoo_segment.cpp.o
[ 10%] Building CXX object CMakeFiles/iceoryx_posh.dir/source/mepoo/shm_safe_unmanaged_chunk.cpp.o
[ 13%] Building CXX object CMakeFiles/iceoryx_posh.dir/source/mepoo/mepoo_config.cpp.o
[  5%] Building CXX object CMakeFiles/iceoryx_posh.dir/source/capro/service_description.cpp.o
[ 13%] Building CXX object CMakeFiles/iceoryx_posh.dir/source/mepoo/segment_config.cpp.o
[ 14%] Building CXX object CMakeFiles/iceoryx_posh.dir/source/mepoo/mem_pool.cpp.o
[ 15%] Building CXX object CMakeFiles/iceoryx_posh.dir/source/mepoo/memory_info.cpp.o
[ 14%] Building CXX object CMakeFiles/iceoryx_posh.dir/source/mepoo/shared_chunk.cpp.o
[ 15%] Building CXX object CMakeFiles/iceoryx_posh.dir/source/mepoo/segment_manager.cpp.o
[ 15%] Building CXX object CMakeFiles/iceoryx_posh.dir/source/mepoo/chunk_settings.cpp.o
[ 16%] Building CXX object CMakeFiles/iceoryx_posh.dir/source/popo/ports/interface_port.cpp.o
[ 14%] Building CXX object CMakeFiles/iceoryx_posh.dir/source/mepoo/memory_manager.cpp.o
[ 18%] Building CXX object CMakeFiles/iceoryx_posh.dir/source/popo/ports/interface_port_data.cpp.o
[ 18%] Building CXX object CMakeFiles/iceoryx_posh.dir/source/popo/ports/base_port.cpp.o
[ 20%] Building CXX object CMakeFiles/iceoryx_posh.dir/source/popo/ports/publisher_port_user.cpp.o
[ 21%] Building CXX object CMakeFiles/iceoryx_posh.dir/source/popo/ports/publisher_port_roudi.cpp.o
[ 22%] Building CXX object CMakeFiles/iceoryx_posh.dir/source/popo/ports/publisher_port_data.cpp.o
[ 23%] Building CXX object CMakeFiles/iceoryx_posh.dir/source/popo/ports/base_port_data.cpp.o
[ 24%] Building CXX object CMakeFiles/iceoryx_posh.dir/source/popo/ports/subscriber_port_user.cpp.o
[ 25%] Building CXX object CMakeFiles/iceoryx_posh.dir/source/popo/ports/subscriber_port_roudi.cpp.o
[ 26%] Building CXX object CMakeFiles/iceoryx_posh.dir/source/popo/ports/subscriber_port_single_producer.cpp.o
[ 27%] Building CXX object CMakeFiles/iceoryx_posh.dir/source/popo/ports/subscriber_port_multi_producer.cpp.o
[ 28%] Building CXX object CMakeFiles/iceoryx_posh.dir/source/popo/ports/subscriber_port_data.cpp.o
[ 29%] Building CXX object CMakeFiles/iceoryx_posh.dir/source/popo/ports/client_port_data.cpp.o
[ 30%] Building CXX object CMakeFiles/iceoryx_posh.dir/source/popo/ports/client_port_roudi.cpp.o
[ 31%] Building CXX object CMakeFiles/iceoryx_posh.dir/source/popo/ports/client_port_user.cpp.o
[ 32%] Building CXX object CMakeFiles/iceoryx_posh.dir/source/popo/ports/server_port_data.cpp.o
[ 33%] Building CXX object CMakeFiles/iceoryx_posh.dir/source/popo/ports/server_port_roudi.cpp.o
[ 34%] Building CXX object CMakeFiles/iceoryx_posh.dir/source/popo/ports/server_port_user.cpp.o
[ 35%] Building CXX object CMakeFiles/iceoryx_posh.dir/source/popo/building_blocks/condition_listener.cpp.o
[ 36%] Building CXX object CMakeFiles/iceoryx_posh.dir/source/popo/building_blocks/condition_notifier.cpp.o
[ 37%] Building CXX object CMakeFiles/iceoryx_posh.dir/source/popo/building_blocks/condition_variable_data.cpp.o
[ 38%] Building CXX object CMakeFiles/iceoryx_posh.dir/source/popo/building_blocks/locking_policy.cpp.o
[ 40%] Building CXX object CMakeFiles/iceoryx_posh.dir/source/popo/building_blocks/unique_port_id.cpp.o
[ 41%] Building CXX object CMakeFiles/iceoryx_posh.dir/source/popo/client_options.cpp.o
[ 42%] Building CXX object CMakeFiles/iceoryx_posh.dir/source/popo/listener.cpp.o
[ 43%] Building CXX object CMakeFiles/iceoryx_posh.dir/source/popo/notification_info.cpp.o
[ 44%] Building CXX object CMakeFiles/iceoryx_posh.dir/source/popo/rpc_header.cpp.o
[ 45%] Building CXX object CMakeFiles/iceoryx_posh.dir/source/popo/publisher_options.cpp.o
[ 46%] Building CXX object CMakeFiles/iceoryx_posh.dir/source/popo/server_options.cpp.o
[ 47%] Building CXX object CMakeFiles/iceoryx_posh.dir/source/popo/subscriber_options.cpp.o
[ 48%] Building CXX object CMakeFiles/iceoryx_posh.dir/source/popo/trigger.cpp.o
[ 49%] Building CXX object CMakeFiles/iceoryx_posh.dir/source/popo/trigger_handle.cpp.o
[ 50%] Building CXX object CMakeFiles/iceoryx_posh.dir/source/popo/user_trigger.cpp.o
[ 51%] Building CXX object CMakeFiles/iceoryx_posh.dir/source/version/version_info.cpp.o
[ 52%] Building CXX object CMakeFiles/iceoryx_posh.dir/source/runtime/ipc_interface_base.cpp.o
[ 53%] Building CXX object CMakeFiles/iceoryx_posh.dir/source/runtime/ipc_interface_user.cpp.o
[ 54%] Building CXX object CMakeFiles/iceoryx_posh.dir/source/runtime/ipc_interface_creator.cpp.o
[ 55%] Building CXX object CMakeFiles/iceoryx_posh.dir/source/runtime/ipc_runtime_interface.cpp.o
[ 56%] Building CXX object CMakeFiles/iceoryx_posh.dir/source/runtime/ipc_message.cpp.o
[ 57%] Building CXX object CMakeFiles/iceoryx_posh.dir/source/runtime/port_config_info.cpp.o
[ 58%] Building CXX object CMakeFiles/iceoryx_posh.dir/source/runtime/posh_runtime.cpp.o
[ 60%] Building CXX object CMakeFiles/iceoryx_posh.dir/source/runtime/posh_runtime_impl.cpp.o
[ 61%] Building CXX object CMakeFiles/iceoryx_posh.dir/source/runtime/posh_runtime_single_process.cpp.o
[ 62%] Building CXX object CMakeFiles/iceoryx_posh.dir/source/runtime/service_discovery.cpp.o
[ 63%] Building CXX object CMakeFiles/iceoryx_posh.dir/source/runtime/node.cpp.o
[ 64%] Building CXX object CMakeFiles/iceoryx_posh.dir/source/runtime/node_data.cpp.o
[ 65%] Building CXX object CMakeFiles/iceoryx_posh.dir/source/runtime/node_property.cpp.o
[ 66%] Building CXX object CMakeFiles/iceoryx_posh.dir/source/runtime/shared_memory_user.cpp.o
[ 67%] Building CXX object CMakeFiles/iceoryx_posh.dir/source/roudi/service_registry.cpp.o
[ 68%] Linking CXX shared library libiceoryx_posh.so
[ 68%] Built target iceoryx_posh
[ 71%] Building CXX object CMakeFiles/iceoryx_posh_roudi.dir/source/roudi/memory/memory_block.cpp.o
[ 71%] Building CXX object CMakeFiles/iceoryx_posh_roudi.dir/source/roudi/application/iceoryx_roudi_app.cpp.o
[ 74%] Building CXX object CMakeFiles/iceoryx_posh_roudi.dir/source/roudi/application/roudi_app.cpp.o
[ 76%] Building CXX object CMakeFiles/iceoryx_posh_roudi.dir/source/roudi/memory/port_pool_memory_block.cpp.o
[ 76%] Building CXX object CMakeFiles/iceoryx_posh_gateway.dir/source/gateway/gateway_base.cpp.o
[ 77%] Building CXX object CMakeFiles/iceoryx_posh_roudi.dir/source/roudi/memory/posix_shm_memory_provider.cpp.o
[ 77%] Building CXX object CMakeFiles/iceoryx_posh_roudi.dir/source/roudi/memory/memory_provider.cpp.o
[ 77%] Building CXX object CMakeFiles/iceoryx_posh_roudi.dir/source/roudi/memory/mempool_collection_memory_block.cpp.o
[ 76%] Building CXX object CMakeFiles/iceoryx_posh_roudi.dir/source/roudi/memory/mempool_segment_manager_memory_block.cpp.o
[ 78%] Building CXX object CMakeFiles/iceoryx_posh_roudi.dir/source/roudi/memory/default_roudi_memory.cpp.o
[ 80%] Building CXX object CMakeFiles/iceoryx_posh_roudi.dir/source/roudi/memory/roudi_memory_manager.cpp.o
[ 81%] Building CXX object CMakeFiles/iceoryx_posh_roudi.dir/source/roudi/memory/iceoryx_roudi_memory_manager.cpp.o
[ 82%] Building CXX object CMakeFiles/iceoryx_posh_roudi.dir/source/roudi/roudi.cpp.o
[ 84%] Building CXX object CMakeFiles/iceoryx_posh_roudi.dir/source/roudi/port_pool.cpp.o
[ 84%] Building CXX object CMakeFiles/iceoryx_posh_roudi.dir/source/roudi/process.cpp.o
[ 85%] Building CXX object CMakeFiles/iceoryx_posh_roudi.dir/source/roudi/process_manager.cpp.o
[ 86%] Building CXX object CMakeFiles/iceoryx_posh_roudi.dir/source/roudi/port_manager.cpp.o
[ 87%] Building CXX object CMakeFiles/iceoryx_posh_roudi.dir/source/roudi/iceoryx_roudi_components.cpp.o
[ 89%] Building CXX object CMakeFiles/iceoryx_posh_roudi.dir/source/roudi/roudi_cmd_line_parser_config_file_option.cpp.o
[ 89%] Building CXX object CMakeFiles/iceoryx_posh_roudi.dir/source/roudi/roudi_cmd_line_parser.cpp.o
[ 90%] Building CXX object CMakeFiles/iceoryx_posh_roudi.dir/source/roudi/roudi_config.cpp.o
[ 91%] Linking CXX shared library libiceoryx_posh_gateway.so
[ 91%] Built target iceoryx_posh_gateway
[ 92%] Linking CXX shared library libiceoryx_posh_roudi.so
[ 92%] Built target iceoryx_posh_roudi
[ 96%] Building CXX object CMakeFiles/iceoryx_posh_config.dir/source/roudi/roudi_config_toml_file_provider.cpp.o
[ 96%] Building CXX object CMakeFiles/iceoryx_posh_config.dir/source/log/posh_config_logging.cpp.o
[ 96%] Building CXX object CMakeFiles/iceoryx_posh_config.dir/source/gateway/toml_gateway_config_parser.cpp.o
[ 96%] Building CXX object CMakeFiles/iceoryx_posh_config.dir/source/gateway/gateway_config.cpp.o
[ 97%] Linking CXX shared library libiceoryx_posh_config.so
[ 97%] Built target iceoryx_posh_config
[ 98%] Building CXX object CMakeFiles/iox-roudi.dir/source/roudi/application/roudi_main.cpp.o
[100%] Linking CXX executable iox-roudi
[100%] Built target iox-roudi
-- Install configuration: ""
-- Installing: /workspace/jazzy_ws/install/include/iceoryx/v2.0.6/iceoryx_versions.hpp
-- Installing: /workspace/jazzy_ws/install/share/doc/iceoryx_posh/LICENSE
-- Installing: /workspace/jazzy_ws/install/share/doc/iceoryx_posh/3rd_party_licenses
-- Installing: /workspace/jazzy_ws/install/share/doc/iceoryx_posh/3rd_party_licenses/cpptoml
-- Installing: /workspace/jazzy_ws/install/share/doc/iceoryx_posh/3rd_party_licenses/cpptoml/LICENSE
-- Installing: /workspace/jazzy_ws/install/etc/roudi_config_example.toml
-- Installing: /workspace/jazzy_ws/install/lib/libiceoryx_posh.so
-- Set non-toolchain portion of runtime path of "/workspace/jazzy_ws/install/lib/libiceoryx_posh.so" to ""
-- Installing: /workspace/jazzy_ws/install/lib/libiceoryx_posh_roudi.so
-- Set non-toolchain portion of runtime path of "/workspace/jazzy_ws/install/lib/libiceoryx_posh_roudi.so" to ""
-- Installing: /workspace/jazzy_ws/install/lib/libiceoryx_posh_gateway.so
-- Set non-toolchain portion of runtime path of "/workspace/jazzy_ws/install/lib/libiceoryx_posh_gateway.so" to ""
-- Installing: /workspace/jazzy_ws/install/lib/libiceoryx_posh_config.so
-- Set non-toolchain portion of runtime path of "/workspace/jazzy_ws/install/lib/libiceoryx_posh_config.so" to ""
-- Installing: /workspace/jazzy_ws/install/bin/iox-roudi
-- Set non-toolchain portion of runtime path of "/workspace/jazzy_ws/install/bin/iox-roudi" to ""
-- Up-to-date: /workspace/jazzy_ws/install/include/iceoryx/v2.0.6
-- Installing: /workspace/jazzy_ws/install/include/iceoryx/v2.0.6/iceoryx_posh
-- Installing: /workspace/jazzy_ws/install/include/iceoryx/v2.0.6/iceoryx_posh/iceoryx_posh_types.hpp
-- Installing: /workspace/jazzy_ws/install/include/iceoryx/v2.0.6/iceoryx_posh/roudi
-- Installing: /workspace/jazzy_ws/install/include/iceoryx/v2.0.6/iceoryx_posh/roudi/port_pool.inl
-- Installing: /workspace/jazzy_ws/install/include/iceoryx/v2.0.6/iceoryx_posh/roudi/roudi_app.hpp
-- Installing: /workspace/jazzy_ws/install/include/iceoryx/v2.0.6/iceoryx_posh/roudi/roudi_cmd_line_parser_config_file_option.hpp
-- Installing: /workspace/jazzy_ws/install/include/iceoryx/v2.0.6/iceoryx_posh/roudi/roudi_config_file_provider.hpp
-- Installing: /workspace/jazzy_ws/install/include/iceoryx/v2.0.6/iceoryx_posh/roudi/memory
-- Installing: /workspace/jazzy_ws/install/include/iceoryx/v2.0.6/iceoryx_posh/roudi/memory/generic_memory_block.hpp
-- Installing: /workspace/jazzy_ws/install/include/iceoryx/v2.0.6/iceoryx_posh/roudi/memory/iceoryx_roudi_memory_manager.hpp
-- Installing: /workspace/jazzy_ws/install/include/iceoryx/v2.0.6/iceoryx_posh/roudi/memory/roudi_memory_manager.hpp
-- Installing: /workspace/jazzy_ws/install/include/iceoryx/v2.0.6/iceoryx_posh/roudi/memory/memory_provider.hpp
-- Installing: /workspace/jazzy_ws/install/include/iceoryx/v2.0.6/iceoryx_posh/roudi/memory/posix_shm_memory_provider.hpp
-- Installing: /workspace/jazzy_ws/install/include/iceoryx/v2.0.6/iceoryx_posh/roudi/memory/default_roudi_memory.hpp
-- Installing: /workspace/jazzy_ws/install/include/iceoryx/v2.0.6/iceoryx_posh/roudi/memory/memory_block.hpp
-- Installing: /workspace/jazzy_ws/install/include/iceoryx/v2.0.6/iceoryx_posh/roudi/memory/roudi_memory_interface.hpp
-- Installing: /workspace/jazzy_ws/install/include/iceoryx/v2.0.6/iceoryx_posh/roudi/roudi_config.hpp
-- Installing: /workspace/jazzy_ws/install/include/iceoryx/v2.0.6/iceoryx_posh/roudi/iceoryx_roudi_components.hpp
-- Installing: /workspace/jazzy_ws/install/include/iceoryx/v2.0.6/iceoryx_posh/roudi/iceoryx_roudi_app.hpp
-- Installing: /workspace/jazzy_ws/install/include/iceoryx/v2.0.6/iceoryx_posh/roudi/port_pool.hpp
-- Installing: /workspace/jazzy_ws/install/include/iceoryx/v2.0.6/iceoryx_posh/roudi/introspection_types.hpp
-- Installing: /workspace/jazzy_ws/install/include/iceoryx/v2.0.6/iceoryx_posh/roudi/roudi_config_toml_file_provider.hpp
-- Installing: /workspace/jazzy_ws/install/include/iceoryx/v2.0.6/iceoryx_posh/roudi/roudi_cmd_line_parser.hpp
-- Installing: /workspace/jazzy_ws/install/include/iceoryx/v2.0.6/iceoryx_posh/roudi/cmd_line_args.hpp
-- Installing: /workspace/jazzy_ws/install/include/iceoryx/v2.0.6/iceoryx_posh/iceoryx_posh_types.inl
-- Installing: /workspace/jazzy_ws/install/include/iceoryx/v2.0.6/iceoryx_posh/gateway
-- Installing: /workspace/jazzy_ws/install/include/iceoryx/v2.0.6/iceoryx_posh/gateway/toml_gateway_config_parser.hpp
-- Installing: /workspace/jazzy_ws/install/include/iceoryx/v2.0.6/iceoryx_posh/gateway/gateway_config.hpp
-- Installing: /workspace/jazzy_ws/install/include/iceoryx/v2.0.6/iceoryx_posh/gateway/channel.hpp
-- Installing: /workspace/jazzy_ws/install/include/iceoryx/v2.0.6/iceoryx_posh/gateway/gateway_discovery.hpp
-- Installing: /workspace/jazzy_ws/install/include/iceoryx/v2.0.6/iceoryx_posh/gateway/gateway_base.hpp
-- Installing: /workspace/jazzy_ws/install/include/iceoryx/v2.0.6/iceoryx_posh/gateway/gateway_generic.hpp
-- Installing: /workspace/jazzy_ws/install/include/iceoryx/v2.0.6/iceoryx_posh/version
-- Installing: /workspace/jazzy_ws/install/include/iceoryx/v2.0.6/iceoryx_posh/version/compatibility_check_level.hpp
-- Installing: /workspace/jazzy_ws/install/include/iceoryx/v2.0.6/iceoryx_posh/version/version_info.hpp
-- Installing: /workspace/jazzy_ws/install/include/iceoryx/v2.0.6/iceoryx_posh/popo
-- Installing: /workspace/jazzy_ws/install/include/iceoryx/v2.0.6/iceoryx_posh/popo/sample.hpp
-- Installing: /workspace/jazzy_ws/install/include/iceoryx/v2.0.6/iceoryx_posh/popo/user_trigger.hpp
-- Installing: /workspace/jazzy_ws/install/include/iceoryx/v2.0.6/iceoryx_posh/popo/notification_attorney.hpp
-- Installing: /workspace/jazzy_ws/install/include/iceoryx/v2.0.6/iceoryx_posh/popo/server_options.hpp
-- Installing: /workspace/jazzy_ws/install/include/iceoryx/v2.0.6/iceoryx_posh/popo/request.hpp
-- Installing: /workspace/jazzy_ws/install/include/iceoryx/v2.0.6/iceoryx_posh/popo/client.hpp
-- Installing: /workspace/jazzy_ws/install/include/iceoryx/v2.0.6/iceoryx_posh/popo/listener.hpp
-- Installing: /workspace/jazzy_ws/install/include/iceoryx/v2.0.6/iceoryx_posh/popo/untyped_server.hpp
-- Installing: /workspace/jazzy_ws/install/include/iceoryx/v2.0.6/iceoryx_posh/popo/notification_info.hpp
-- Installing: /workspace/jazzy_ws/install/include/iceoryx/v2.0.6/iceoryx_posh/popo/subscriber_options.hpp
-- Installing: /workspace/jazzy_ws/install/include/iceoryx/v2.0.6/iceoryx_posh/popo/wait_set.hpp
-- Installing: /workspace/jazzy_ws/install/include/iceoryx/v2.0.6/iceoryx_posh/popo/subscriber.hpp
-- Installing: /workspace/jazzy_ws/install/include/iceoryx/v2.0.6/iceoryx_posh/popo/port_queue_policies.hpp
-- Installing: /workspace/jazzy_ws/install/include/iceoryx/v2.0.6/iceoryx_posh/popo/enum_trigger_type.hpp
-- Installing: /workspace/jazzy_ws/install/include/iceoryx/v2.0.6/iceoryx_posh/popo/trigger_handle.hpp
-- Installing: /workspace/jazzy_ws/install/include/iceoryx/v2.0.6/iceoryx_posh/popo/notification_callback.hpp
-- Installing: /workspace/jazzy_ws/install/include/iceoryx/v2.0.6/iceoryx_posh/popo/response.hpp
-- Installing: /workspace/jazzy_ws/install/include/iceoryx/v2.0.6/iceoryx_posh/popo/trigger.hpp
-- Installing: /workspace/jazzy_ws/install/include/iceoryx/v2.0.6/iceoryx_posh/popo/untyped_subscriber.hpp
-- Installing: /workspace/jazzy_ws/install/include/iceoryx/v2.0.6/iceoryx_posh/popo/untyped_client.hpp
-- Installing: /workspace/jazzy_ws/install/include/iceoryx/v2.0.6/iceoryx_posh/popo/publisher.hpp
-- Installing: /workspace/jazzy_ws/install/include/iceoryx/v2.0.6/iceoryx_posh/popo/untyped_publisher.hpp
-- Installing: /workspace/jazzy_ws/install/include/iceoryx/v2.0.6/iceoryx_posh/popo/rpc_header.hpp
-- Installing: /workspace/jazzy_ws/install/include/iceoryx/v2.0.6/iceoryx_posh/popo/publisher_options.hpp
-- Installing: /workspace/jazzy_ws/install/include/iceoryx/v2.0.6/iceoryx_posh/popo/client_options.hpp
-- Installing: /workspace/jazzy_ws/install/include/iceoryx/v2.0.6/iceoryx_posh/popo/server.hpp
-- Installing: /workspace/jazzy_ws/install/include/iceoryx/v2.0.6/iceoryx_posh/runtime
-- Installing: /workspace/jazzy_ws/install/include/iceoryx/v2.0.6/iceoryx_posh/runtime/node.hpp
-- Installing: /workspace/jazzy_ws/install/include/iceoryx/v2.0.6/iceoryx_posh/runtime/posh_runtime_single_process.hpp
-- Installing: /workspace/jazzy_ws/install/include/iceoryx/v2.0.6/iceoryx_posh/runtime/port_config_info.hpp
-- Installing: /workspace/jazzy_ws/install/include/iceoryx/v2.0.6/iceoryx_posh/runtime/posh_runtime.hpp
-- Installing: /workspace/jazzy_ws/install/include/iceoryx/v2.0.6/iceoryx_posh/runtime/service_discovery.hpp
-- Installing: /workspace/jazzy_ws/install/include/iceoryx/v2.0.6/iceoryx_posh/capro
-- Installing: /workspace/jazzy_ws/install/include/iceoryx/v2.0.6/iceoryx_posh/capro/service_description.hpp
-- Installing: /workspace/jazzy_ws/install/include/iceoryx/v2.0.6/iceoryx_posh/iceoryx_posh_config.hpp
-- Installing: /workspace/jazzy_ws/install/include/iceoryx/v2.0.6/iceoryx_posh/internal
-- Installing: /workspace/jazzy_ws/install/include/iceoryx/v2.0.6/iceoryx_posh/internal/roudi
-- Installing: /workspace/jazzy_ws/install/include/iceoryx/v2.0.6/iceoryx_posh/internal/roudi/service_registry.hpp
-- Installing: /workspace/jazzy_ws/install/include/iceoryx/v2.0.6/iceoryx_posh/internal/roudi/memory
-- Installing: /workspace/jazzy_ws/install/include/iceoryx/v2.0.6/iceoryx_posh/internal/roudi/memory/mempool_collection_memory_block.hpp
-- Installing: /workspace/jazzy_ws/install/include/iceoryx/v2.0.6/iceoryx_posh/internal/roudi/memory/mempool_segment_manager_memory_block.hpp
-- Installing: /workspace/jazzy_ws/install/include/iceoryx/v2.0.6/iceoryx_posh/internal/roudi/memory/port_pool_memory_block.hpp
-- Installing: /workspace/jazzy_ws/install/include/iceoryx/v2.0.6/iceoryx_posh/internal/roudi/memory/generic_memory_block.inl
-- Installing: /workspace/jazzy_ws/install/include/iceoryx/v2.0.6/iceoryx_posh/internal/roudi/port_manager.hpp
-- Installing: /workspace/jazzy_ws/install/include/iceoryx/v2.0.6/iceoryx_posh/internal/roudi/introspection
-- Installing: /workspace/jazzy_ws/install/include/iceoryx/v2.0.6/iceoryx_posh/internal/roudi/introspection/port_introspection.inl
-- Installing: /workspace/jazzy_ws/install/include/iceoryx/v2.0.6/iceoryx_posh/internal/roudi/introspection/mempool_introspection.hpp
-- Installing: /workspace/jazzy_ws/install/include/iceoryx/v2.0.6/iceoryx_posh/internal/roudi/introspection/mempool_introspection.inl
-- Installing: /workspace/jazzy_ws/install/include/iceoryx/v2.0.6/iceoryx_posh/internal/roudi/introspection/fixed_size_container.hpp
-- Installing: /workspace/jazzy_ws/install/include/iceoryx/v2.0.6/iceoryx_posh/internal/roudi/introspection/process_introspection.inl
-- Installing: /workspace/jazzy_ws/install/include/iceoryx/v2.0.6/iceoryx_posh/internal/roudi/introspection/process_introspection.hpp
-- Installing: /workspace/jazzy_ws/install/include/iceoryx/v2.0.6/iceoryx_posh/internal/roudi/introspection/port_introspection.hpp
-- Installing: /workspace/jazzy_ws/install/include/iceoryx/v2.0.6/iceoryx_posh/internal/roudi/port_pool_data.inl
-- Installing: /workspace/jazzy_ws/install/include/iceoryx/v2.0.6/iceoryx_posh/internal/roudi/process.hpp
-- Installing: /workspace/jazzy_ws/install/include/iceoryx/v2.0.6/iceoryx_posh/internal/roudi/process_manager.hpp
-- Installing: /workspace/jazzy_ws/install/include/iceoryx/v2.0.6/iceoryx_posh/internal/roudi/roudi.hpp
-- Installing: /workspace/jazzy_ws/install/include/iceoryx/v2.0.6/iceoryx_posh/internal/roudi/port_manager.inl
-- Installing: /workspace/jazzy_ws/install/include/iceoryx/v2.0.6/iceoryx_posh/internal/roudi/port_pool_data.hpp
-- Installing: /workspace/jazzy_ws/install/include/iceoryx/v2.0.6/iceoryx_posh/internal/gateway
-- Installing: /workspace/jazzy_ws/install/include/iceoryx/v2.0.6/iceoryx_posh/internal/gateway/gateway_generic.inl
-- Installing: /workspace/jazzy_ws/install/include/iceoryx/v2.0.6/iceoryx_posh/internal/gateway/channel.inl
-- Installing: /workspace/jazzy_ws/install/include/iceoryx/v2.0.6/iceoryx_posh/internal/popo
-- Installing: /workspace/jazzy_ws/install/include/iceoryx/v2.0.6/iceoryx_posh/internal/popo/building_blocks
-- Installing: /workspace/jazzy_ws/install/include/iceoryx/v2.0.6/iceoryx_posh/internal/popo/building_blocks/chunk_distributor.inl
-- Installing: /workspace/jazzy_ws/install/include/iceoryx/v2.0.6/iceoryx_posh/internal/popo/building_blocks/chunk_receiver.inl
-- Installing: /workspace/jazzy_ws/install/include/iceoryx/v2.0.6/iceoryx_posh/internal/popo/building_blocks/chunk_queue_data.hpp
-- Installing: /workspace/jazzy_ws/install/include/iceoryx/v2.0.6/iceoryx_posh/internal/popo/building_blocks/chunk_queue_pusher.hpp
-- Installing: /workspace/jazzy_ws/install/include/iceoryx/v2.0.6/iceoryx_posh/internal/popo/building_blocks/condition_listener.hpp
-- Installing: /workspace/jazzy_ws/install/include/iceoryx/v2.0.6/iceoryx_posh/internal/popo/building_blocks/chunk_distributor_data.hpp
-- Installing: /workspace/jazzy_ws/install/include/iceoryx/v2.0.6/iceoryx_posh/internal/popo/building_blocks/chunk_distributor.hpp
-- Installing: /workspace/jazzy_ws/install/include/iceoryx/v2.0.6/iceoryx_posh/internal/popo/building_blocks/chunk_sender.hpp
-- Installing: /workspace/jazzy_ws/install/include/iceoryx/v2.0.6/iceoryx_posh/internal/popo/building_blocks/condition_variable_data.hpp
-- Installing: /workspace/jazzy_ws/install/include/iceoryx/v2.0.6/iceoryx_posh/internal/popo/building_blocks/condition_notifier.hpp
-- Installing: /workspace/jazzy_ws/install/include/iceoryx/v2.0.6/iceoryx_posh/internal/popo/building_blocks/locking_policy.hpp
-- Installing: /workspace/jazzy_ws/install/include/iceoryx/v2.0.6/iceoryx_posh/internal/popo/building_blocks/chunk_queue_pusher.inl
-- Installing: /workspace/jazzy_ws/install/include/iceoryx/v2.0.6/iceoryx_posh/internal/popo/building_blocks/chunk_queue_popper.hpp
-- Installing: /workspace/jazzy_ws/install/include/iceoryx/v2.0.6/iceoryx_posh/internal/popo/building_blocks/chunk_sender_data.hpp
-- Installing: /workspace/jazzy_ws/install/include/iceoryx/v2.0.6/iceoryx_posh/internal/popo/building_blocks/typed_unique_id.hpp
-- Installing: /workspace/jazzy_ws/install/include/iceoryx/v2.0.6/iceoryx_posh/internal/popo/building_blocks/chunk_sender.inl
-- Installing: /workspace/jazzy_ws/install/include/iceoryx/v2.0.6/iceoryx_posh/internal/popo/building_blocks/chunk_distributor_data.inl
-- Installing: /workspace/jazzy_ws/install/include/iceoryx/v2.0.6/iceoryx_posh/internal/popo/building_blocks/chunk_queue_data.inl
-- Installing: /workspace/jazzy_ws/install/include/iceoryx/v2.0.6/iceoryx_posh/internal/popo/building_blocks/chunk_receiver_data.hpp
-- Installing: /workspace/jazzy_ws/install/include/iceoryx/v2.0.6/iceoryx_posh/internal/popo/building_blocks/chunk_queue_popper.inl
-- Installing: /workspace/jazzy_ws/install/include/iceoryx/v2.0.6/iceoryx_posh/internal/popo/building_blocks/chunk_sender_data.inl
-- Installing: /workspace/jazzy_ws/install/include/iceoryx/v2.0.6/iceoryx_posh/internal/popo/building_blocks/chunk_receiver.hpp
-- Installing: /workspace/jazzy_ws/install/include/iceoryx/v2.0.6/iceoryx_posh/internal/popo/building_blocks/unique_port_id.hpp
-- Installing: /workspace/jazzy_ws/install/include/iceoryx/v2.0.6/iceoryx_posh/internal/popo/building_blocks/chunk_receiver_data.inl
-- Installing: /workspace/jazzy_ws/install/include/iceoryx/v2.0.6/iceoryx_posh/internal/popo/smart_chunk.hpp
-- Installing: /workspace/jazzy_ws/install/include/iceoryx/v2.0.6/iceoryx_posh/internal/popo/untyped_client_impl.inl
-- Installing: /workspace/jazzy_ws/install/include/iceoryx/v2.0.6/iceoryx_posh/internal/popo/request_deleter.hpp
-- Installing: /workspace/jazzy_ws/install/include/iceoryx/v2.0.6/iceoryx_posh/internal/popo/ports
-- Installing: /workspace/jazzy_ws/install/include/iceoryx/v2.0.6/iceoryx_posh/internal/popo/ports/base_port.hpp
-- Installing: /workspace/jazzy_ws/install/include/iceoryx/v2.0.6/iceoryx_posh/internal/popo/ports/publisher_port_user.hpp
-- Installing: /workspace/jazzy_ws/install/include/iceoryx/v2.0.6/iceoryx_posh/internal/popo/ports/subscriber_port_user.hpp
-- Installing: /workspace/jazzy_ws/install/include/iceoryx/v2.0.6/iceoryx_posh/internal/popo/ports/server_port_user.hpp
-- Installing: /workspace/jazzy_ws/install/include/iceoryx/v2.0.6/iceoryx_posh/internal/popo/ports/pub_sub_port_types.hpp
-- Installing: /workspace/jazzy_ws/install/include/iceoryx/v2.0.6/iceoryx_posh/internal/popo/ports/subscriber_port_single_producer.hpp
-- Installing: /workspace/jazzy_ws/install/include/iceoryx/v2.0.6/iceoryx_posh/internal/popo/ports/client_port_data.hpp
-- Installing: /workspace/jazzy_ws/install/include/iceoryx/v2.0.6/iceoryx_posh/internal/popo/ports/client_port_roudi.hpp
-- Installing: /workspace/jazzy_ws/install/include/iceoryx/v2.0.6/iceoryx_posh/internal/popo/ports/server_port_user.inl
-- Installing: /workspace/jazzy_ws/install/include/iceoryx/v2.0.6/iceoryx_posh/internal/popo/ports/interface_port_data.hpp
-- Installing: /workspace/jazzy_ws/install/include/iceoryx/v2.0.6/iceoryx_posh/internal/popo/ports/interface_port.hpp
-- Installing: /workspace/jazzy_ws/install/include/iceoryx/v2.0.6/iceoryx_posh/internal/popo/ports/client_server_port_types.hpp
-- Installing: /workspace/jazzy_ws/install/include/iceoryx/v2.0.6/iceoryx_posh/internal/popo/ports/base_port_data.hpp
-- Installing: /workspace/jazzy_ws/install/include/iceoryx/v2.0.6/iceoryx_posh/internal/popo/ports/subscriber_port_roudi.hpp
-- Installing: /workspace/jazzy_ws/install/include/iceoryx/v2.0.6/iceoryx_posh/internal/popo/ports/subscriber_port_multi_producer.hpp
-- Installing: /workspace/jazzy_ws/install/include/iceoryx/v2.0.6/iceoryx_posh/internal/popo/ports/base_port.inl
-- Installing: /workspace/jazzy_ws/install/include/iceoryx/v2.0.6/iceoryx_posh/internal/popo/ports/client_port_user.inl
-- Installing: /workspace/jazzy_ws/install/include/iceoryx/v2.0.6/iceoryx_posh/internal/popo/ports/publisher_port_roudi.hpp
-- Installing: /workspace/jazzy_ws/install/include/iceoryx/v2.0.6/iceoryx_posh/internal/popo/ports/client_port_user.hpp
-- Installing: /workspace/jazzy_ws/install/include/iceoryx/v2.0.6/iceoryx_posh/internal/popo/ports/server_port_roudi.hpp
-- Installing: /workspace/jazzy_ws/install/include/iceoryx/v2.0.6/iceoryx_posh/internal/popo/ports/publisher_port_data.hpp
-- Installing: /workspace/jazzy_ws/install/include/iceoryx/v2.0.6/iceoryx_posh/internal/popo/ports/subscriber_port_data.hpp
-- Installing: /workspace/jazzy_ws/install/include/iceoryx/v2.0.6/iceoryx_posh/internal/popo/ports/server_port_data.hpp
-- Installing: /workspace/jazzy_ws/install/include/iceoryx/v2.0.6/iceoryx_posh/internal/popo/untyped_publisher_impl.inl
-- Installing: /workspace/jazzy_ws/install/include/iceoryx/v2.0.6/iceoryx_posh/internal/popo/base_subscriber.inl
-- Installing: /workspace/jazzy_ws/install/include/iceoryx/v2.0.6/iceoryx_posh/internal/popo/request_deleter.inl
-- Installing: /workspace/jazzy_ws/install/include/iceoryx/v2.0.6/iceoryx_posh/internal/popo/used_chunk_list.inl
-- Installing: /workspace/jazzy_ws/install/include/iceoryx/v2.0.6/iceoryx_posh/internal/popo/subscriber_impl.inl
-- Installing: /workspace/jazzy_ws/install/include/iceoryx/v2.0.6/iceoryx_posh/internal/popo/response_deleter.hpp
-- Installing: /workspace/jazzy_ws/install/include/iceoryx/v2.0.6/iceoryx_posh/internal/popo/wait_set.inl
-- Installing: /workspace/jazzy_ws/install/include/iceoryx/v2.0.6/iceoryx_posh/internal/popo/base_server.hpp
-- Installing: /workspace/jazzy_ws/install/include/iceoryx/v2.0.6/iceoryx_posh/internal/popo/untyped_server_impl.inl
-- Installing: /workspace/jazzy_ws/install/include/iceoryx/v2.0.6/iceoryx_posh/internal/popo/smart_chunk.inl
-- Installing: /workspace/jazzy_ws/install/include/iceoryx/v2.0.6/iceoryx_posh/internal/popo/base_client.hpp
-- Installing: /workspace/jazzy_ws/install/include/iceoryx/v2.0.6/iceoryx_posh/internal/popo/base_subscriber.hpp
-- Installing: /workspace/jazzy_ws/install/include/iceoryx/v2.0.6/iceoryx_posh/internal/popo/notification_callback.inl
-- Installing: /workspace/jazzy_ws/install/include/iceoryx/v2.0.6/iceoryx_posh/internal/popo/rpc_interface.hpp
-- Installing: /workspace/jazzy_ws/install/include/iceoryx/v2.0.6/iceoryx_posh/internal/popo/sample_deleter.hpp
-- Installing: /workspace/jazzy_ws/install/include/iceoryx/v2.0.6/iceoryx_posh/internal/popo/publisher_interface.hpp
-- Installing: /workspace/jazzy_ws/install/include/iceoryx/v2.0.6/iceoryx_posh/internal/popo/server_impl.inl
-- Installing: /workspace/jazzy_ws/install/include/iceoryx/v2.0.6/iceoryx_posh/internal/popo/sample.inl
-- Installing: /workspace/jazzy_ws/install/include/iceoryx/v2.0.6/iceoryx_posh/internal/popo/base_publisher.inl
-- Installing: /workspace/jazzy_ws/install/include/iceoryx/v2.0.6/iceoryx_posh/internal/popo/notification_attorney.inl
-- Installing: /workspace/jazzy_ws/install/include/iceoryx/v2.0.6/iceoryx_posh/internal/popo/untyped_subscriber_impl.hpp
-- Installing: /workspace/jazzy_ws/install/include/iceoryx/v2.0.6/iceoryx_posh/internal/popo/used_chunk_list.hpp
-- Installing: /workspace/jazzy_ws/install/include/iceoryx/v2.0.6/iceoryx_posh/internal/popo/base_client.inl
-- Installing: /workspace/jazzy_ws/install/include/iceoryx/v2.0.6/iceoryx_posh/internal/popo/server_impl.hpp
-- Installing: /workspace/jazzy_ws/install/include/iceoryx/v2.0.6/iceoryx_posh/internal/popo/client_impl.hpp
-- Installing: /workspace/jazzy_ws/install/include/iceoryx/v2.0.6/iceoryx_posh/internal/popo/base_publisher.hpp
-- Installing: /workspace/jazzy_ws/install/include/iceoryx/v2.0.6/iceoryx_posh/internal/popo/listener.inl
-- Installing: /workspace/jazzy_ws/install/include/iceoryx/v2.0.6/iceoryx_posh/internal/popo/untyped_server_impl.hpp
-- Installing: /workspace/jazzy_ws/install/include/iceoryx/v2.0.6/iceoryx_posh/internal/popo/publisher_impl.hpp
-- Installing: /workspace/jazzy_ws/install/include/iceoryx/v2.0.6/iceoryx_posh/internal/popo/typed_port_api_trait.hpp
-- Installing: /workspace/jazzy_ws/install/include/iceoryx/v2.0.6/iceoryx_posh/internal/popo/request.inl
-- Installing: /workspace/jazzy_ws/install/include/iceoryx/v2.0.6/iceoryx_posh/internal/popo/base_server.inl
-- Installing: /workspace/jazzy_ws/install/include/iceoryx/v2.0.6/iceoryx_posh/internal/popo/notification_info.inl
-- Installing: /workspace/jazzy_ws/install/include/iceoryx/v2.0.6/iceoryx_posh/internal/popo/untyped_subscriber_impl.inl
-- Installing: /workspace/jazzy_ws/install/include/iceoryx/v2.0.6/iceoryx_posh/internal/popo/response_deleter.inl
-- Installing: /workspace/jazzy_ws/install/include/iceoryx/v2.0.6/iceoryx_posh/internal/popo/subscriber_impl.hpp
-- Installing: /workspace/jazzy_ws/install/include/iceoryx/v2.0.6/iceoryx_posh/internal/popo/trigger.inl
-- Installing: /workspace/jazzy_ws/install/include/iceoryx/v2.0.6/iceoryx_posh/internal/popo/untyped_publisher_impl.hpp
-- Installing: /workspace/jazzy_ws/install/include/iceoryx/v2.0.6/iceoryx_posh/internal/popo/response.inl
-- Installing: /workspace/jazzy_ws/install/include/iceoryx/v2.0.6/iceoryx_posh/internal/popo/sample_deleter.inl
-- Installing: /workspace/jazzy_ws/install/include/iceoryx/v2.0.6/iceoryx_posh/internal/popo/untyped_client_impl.hpp
-- Installing: /workspace/jazzy_ws/install/include/iceoryx/v2.0.6/iceoryx_posh/internal/popo/client_impl.inl
-- Installing: /workspace/jazzy_ws/install/include/iceoryx/v2.0.6/iceoryx_posh/internal/popo/publisher_impl.inl
-- Installing: /workspace/jazzy_ws/install/include/iceoryx/v2.0.6/iceoryx_posh/internal/runtime
-- Installing: /workspace/jazzy_ws/install/include/iceoryx/v2.0.6/iceoryx_posh/internal/runtime/ipc_interface_user.hpp
-- Installing: /workspace/jazzy_ws/install/include/iceoryx/v2.0.6/iceoryx_posh/internal/runtime/node_data.hpp
-- Installing: /workspace/jazzy_ws/install/include/iceoryx/v2.0.6/iceoryx_posh/internal/runtime/ipc_message.inl
-- Installing: /workspace/jazzy_ws/install/include/iceoryx/v2.0.6/iceoryx_posh/internal/runtime/shared_memory_user.hpp
-- Installing: /workspace/jazzy_ws/install/include/iceoryx/v2.0.6/iceoryx_posh/internal/runtime/ipc_runtime_interface.hpp
-- Installing: /workspace/jazzy_ws/install/include/iceoryx/v2.0.6/iceoryx_posh/internal/runtime/ipc_interface_base.hpp
-- Installing: /workspace/jazzy_ws/install/include/iceoryx/v2.0.6/iceoryx_posh/internal/runtime/ipc_message.hpp
-- Installing: /workspace/jazzy_ws/install/include/iceoryx/v2.0.6/iceoryx_posh/internal/runtime/ipc_interface_creator.hpp
-- Installing: /workspace/jazzy_ws/install/include/iceoryx/v2.0.6/iceoryx_posh/internal/runtime/posh_runtime_impl.hpp
-- Installing: /workspace/jazzy_ws/install/include/iceoryx/v2.0.6/iceoryx_posh/internal/runtime/node_property.hpp
-- Installing: /workspace/jazzy_ws/install/include/iceoryx/v2.0.6/iceoryx_posh/internal/capro
-- Installing: /workspace/jazzy_ws/install/include/iceoryx/v2.0.6/iceoryx_posh/internal/capro/capro_message.hpp
-- Installing: /workspace/jazzy_ws/install/include/iceoryx/v2.0.6/iceoryx_posh/internal/capro/capro_message.inl
-- Installing: /workspace/jazzy_ws/install/include/iceoryx/v2.0.6/iceoryx_posh/internal/mepoo
-- Installing: /workspace/jazzy_ws/install/include/iceoryx/v2.0.6/iceoryx_posh/internal/mepoo/shared_pointer.inl
-- Installing: /workspace/jazzy_ws/install/include/iceoryx/v2.0.6/iceoryx_posh/internal/mepoo/mem_pool.hpp
-- Installing: /workspace/jazzy_ws/install/include/iceoryx/v2.0.6/iceoryx_posh/internal/mepoo/shared_pointer.hpp
-- Installing: /workspace/jazzy_ws/install/include/iceoryx/v2.0.6/iceoryx_posh/internal/mepoo/typed_mem_pool.hpp
-- Installing: /workspace/jazzy_ws/install/include/iceoryx/v2.0.6/iceoryx_posh/internal/mepoo/shm_safe_unmanaged_chunk.hpp
-- Installing: /workspace/jazzy_ws/install/include/iceoryx/v2.0.6/iceoryx_posh/internal/mepoo/segment_manager.hpp
-- Installing: /workspace/jazzy_ws/install/include/iceoryx/v2.0.6/iceoryx_posh/internal/mepoo/mepoo_segment.hpp
-- Installing: /workspace/jazzy_ws/install/include/iceoryx/v2.0.6/iceoryx_posh/internal/mepoo/typed_mem_pool.inl
-- Installing: /workspace/jazzy_ws/install/include/iceoryx/v2.0.6/iceoryx_posh/internal/mepoo/memory_manager.hpp
-- Installing: /workspace/jazzy_ws/install/include/iceoryx/v2.0.6/iceoryx_posh/internal/mepoo/segment_manager.inl
-- Installing: /workspace/jazzy_ws/install/include/iceoryx/v2.0.6/iceoryx_posh/internal/mepoo/memory_manager.inl
-- Installing: /workspace/jazzy_ws/install/include/iceoryx/v2.0.6/iceoryx_posh/internal/mepoo/shared_chunk.hpp
-- Installing: /workspace/jazzy_ws/install/include/iceoryx/v2.0.6/iceoryx_posh/internal/mepoo/chunk_management.hpp
-- Installing: /workspace/jazzy_ws/install/include/iceoryx/v2.0.6/iceoryx_posh/internal/mepoo/mepoo_segment.inl
-- Installing: /workspace/jazzy_ws/install/include/iceoryx/v2.0.6/iceoryx_posh/internal/mepoo/mepoo.hpp
-- Installing: /workspace/jazzy_ws/install/include/iceoryx/v2.0.6/iceoryx_posh/internal/log
-- Installing: /workspace/jazzy_ws/install/include/iceoryx/v2.0.6/iceoryx_posh/internal/log/posh_config_logging.hpp
-- Installing: /workspace/jazzy_ws/install/include/iceoryx/v2.0.6/iceoryx_posh/internal/log/posh_logging.hpp
-- Installing: /workspace/jazzy_ws/install/include/iceoryx/v2.0.6/iceoryx_posh/mepoo
-- Installing: /workspace/jazzy_ws/install/include/iceoryx/v2.0.6/iceoryx_posh/mepoo/mepoo_config.hpp
-- Installing: /workspace/jazzy_ws/install/include/iceoryx/v2.0.6/iceoryx_posh/mepoo/chunk_settings.hpp
-- Installing: /workspace/jazzy_ws/install/include/iceoryx/v2.0.6/iceoryx_posh/mepoo/chunk_header.hpp
-- Installing: /workspace/jazzy_ws/install/include/iceoryx/v2.0.6/iceoryx_posh/mepoo/segment_config.hpp
-- Installing: /workspace/jazzy_ws/install/include/iceoryx/v2.0.6/iceoryx_posh/mepoo/memory_info.hpp
-- Installing: /workspace/jazzy_ws/install/lib/cmake/iceoryx_posh/iceoryx_poshConfigVersion.cmake
-- Installing: /workspace/jazzy_ws/install/lib/cmake/iceoryx_posh/iceoryx_poshConfig.cmake
-- Installing: /workspace/jazzy_ws/install/lib/cmake/iceoryx_posh/iceoryx_poshTargets.cmake
-- Installing: /workspace/jazzy_ws/install/lib/cmake/iceoryx_posh/iceoryx_poshTargets-noconfig.cmake
-- Installing: /workspace/jazzy_ws/install/include/iceoryx/v2.0.6/iceoryx_posh/iceoryx_posh_deployment.hpp
-- Installing: /workspace/jazzy_ws/install/lib/cmake/iceoryx_posh/IceoryxPoshDeployment.cmake
