[0.130s] Invoking command in '/workspace/jazzy_ws/build/iceoryx_posh': CMAKE_PREFIX_PATH=/workspace/jazzy_ws/install LD_LIBRARY_PATH=/workspace/jazzy_ws/install/lib PATH=/workspace/jazzy_ws/install/bin:${PATH} PKG_CONFIG_PATH=/workspace/jazzy_ws/install/lib/x86_64-linux-gnu/pkgconfig:/workspace/jazzy_ws/install/lib/pkgconfig PYTHONPATH=/workspace/jazzy_ws/install/lib/python3.12/site-packages /usr/bin/cmake /workspace/jazzy_ws/src/iceoryx/iceoryx_posh -DCMAKE_INSTALL_PREFIX=/workspace/jazzy_ws/install
[0.161s] -- The C compiler identification is GNU 13.3.0
[0.194s] -- The CXX compiler identification is GNU 13.3.0
[0.202s] -- Detecting C compiler ABI info
[0.254s] -- Detecting C compiler ABI info - done
[0.260s] -- Check for working C compiler: /usr/bin/cc - skipped
[0.260s] -- Detecting C compile features
[0.260s] -- Detecting C compile features - done
[0.265s] -- Detecting CXX compiler ABI info
[0.407s] -- Detecting CXX compiler ABI info - done
[0.407s] -- Check for working CXX compiler: /usr/bin/c++ - skipped
[0.407s] -- Detecting CXX compile features
[0.407s] -- Detecting CXX compile features - done
[0.407s] -- Performing Test CMAKE_HAVE_LIBC_PTHREAD
[0.407s] -- Performing Test CMAKE_HAVE_LIBC_PTHREAD - Success
[0.407s] -- Found Threads: TRUE  
[0.407s] -- Configuring done (0.0s)
[0.407s] -- Generating done (0.0s)
[0.407s] -- Build files have been written to: /workspace/jazzy_ws/build/iceoryx_posh/dependencies/cpptoml/download
[0.420s] [ 11%] Creating directories for 'ext_cpptoml'
[0.445s] [ 22%] Performing download step (git clone) for 'ext_cpptoml'
[0.445s] Cloning into 'src'...
[1.009s] HEAD is now at fededad one-char typo
[1.292s] Submodule 'deps/meta-cmake' (https://github.com/meta-toolkit/meta-cmake.git) registered for path 'deps/meta-cmake'
[1.292s] Cloning into '/workspace/jazzy_ws/build/iceoryx_posh/dependencies/cpptoml/src/deps/meta-cmake'...
[1.327s] Submodule path 'deps/meta-cmake': checked out 'db7ff976c430a6cb6cbd03ae691be04cfaac0a07'
[1.327s] [ 33%] Performing update step for 'ext_cpptoml'
[1.339s] [ 44%] No patch step for 'ext_cpptoml'
[1.344s] [ 55%] No configure step for 'ext_cpptoml'
[1.362s] [ 66%] No build step for 'ext_cpptoml'
[1.375s] [ 77%] No install step for 'ext_cpptoml'
[1.390s] [ 88%] No test step for 'ext_cpptoml'
[1.403s] [100%] Completed 'ext_cpptoml'
[1.423s] [100%] Built target ext_cpptoml
[1.432s] -- Applying patch for minimal cmake version to cpptoml
[1.467s] -- The C compiler identification is GNU 13.3.0
[1.503s] -- The CXX compiler identification is GNU 13.3.0
[1.515s] -- Detecting C compiler ABI info
[1.584s] -- Detecting C compiler ABI info - done
[1.584s] -- Check for working C compiler: /usr/bin/cc - skipped
[1.584s] -- Detecting C compile features
[1.584s] -- Detecting C compile features - done
[1.585s] -- Detecting CXX compiler ABI info
[1.837s] -- Detecting CXX compiler ABI info - done
[1.838s] -- Check for working CXX compiler: /usr/bin/c++ - skipped
[1.838s] -- Detecting CXX compile features
[1.838s] -- Detecting CXX compile features - done
[1.838s] -- Could NOT find Doxygen (missing: DOXYGEN_EXECUTABLE) 
[1.838s] -- Configuring done (0.2s)
[1.838s] -- Generating done (0.0s)
[1.838s] -- Build files have been written to: /workspace/jazzy_ws/build/iceoryx_posh/dependencies/cpptoml/build
[1.838s] Install the project...
[1.838s] -- Install configuration: ""
[1.838s] -- Installing: /workspace/jazzy_ws/build/iceoryx_posh/dependencies/install/include/cpptoml.h
[1.838s] -- Installing: /workspace/jazzy_ws/build/iceoryx_posh/dependencies/install/lib/cmake/cpptoml/cpptomlTargets.cmake
[1.838s] -- Installing: /workspace/jazzy_ws/build/iceoryx_posh/dependencies/install/lib/cmake/cpptoml/cpptomlConfigVersion.cmake
[1.838s] -- Installing: /workspace/jazzy_ws/build/iceoryx_posh/dependencies/install/lib/cmake/cpptoml/cpptomlConfig.cmake
[1.838s] -- [i] <<<<<<<<<<<<< Start iceoryx_posh configuration: >>>>>>>>>>>>>
[1.838s] -- [i] Using m:n communication!
[1.838s] -- [i] IOX_MAX_PUBLISHERS:512
[1.839s] -- [i] IOX_MAX_SUBSCRIBERS:1024
[1.839s] -- [i] IOX_MAX_INTERFACE_NUMBER:4
[1.839s] -- [i] IOX_MAX_SUBSCRIBERS_PER_PUBLISHER:256
[1.839s] -- [i] IOX_MAX_CHUNKS_ALLOCATED_PER_PUBLISHER_SIMULTANEOUSLY:8
[1.839s] -- [i] IOX_MAX_PUBLISHER_HISTORY:16
[1.839s] -- [i] IOX_MAX_CHUNKS_HELD_PER_SUBSCRIBER_SIMULTANEOUSLY:256
[1.839s] -- [i] <<<<<<<<<<<<<< End iceoryx_posh configuration: >>>>>>>>>>>>>>
[1.839s] -- Configuring done (1.6s)
[1.839s] -- Generating done (0.0s)
[1.839s] -- Build files have been written to: /workspace/jazzy_ws/build/iceoryx_posh
[1.936s] Invoked command in '/workspace/jazzy_ws/build/iceoryx_posh' returned '0': CMAKE_PREFIX_PATH=/workspace/jazzy_ws/install LD_LIBRARY_PATH=/workspace/jazzy_ws/install/lib PATH=/workspace/jazzy_ws/install/bin:${PATH} PKG_CONFIG_PATH=/workspace/jazzy_ws/install/lib/x86_64-linux-gnu/pkgconfig:/workspace/jazzy_ws/install/lib/pkgconfig PYTHONPATH=/workspace/jazzy_ws/install/lib/python3.12/site-packages /usr/bin/cmake /workspace/jazzy_ws/src/iceoryx/iceoryx_posh -DCMAKE_INSTALL_PREFIX=/workspace/jazzy_ws/install
[1.936s] Invoking command in '/workspace/jazzy_ws/build/iceoryx_posh': CMAKE_PREFIX_PATH=/workspace/jazzy_ws/install LD_LIBRARY_PATH=/workspace/jazzy_ws/install/lib PATH=/workspace/jazzy_ws/install/bin:${PATH} PKG_CONFIG_PATH=/workspace/jazzy_ws/install/lib/x86_64-linux-gnu/pkgconfig:/workspace/jazzy_ws/install/lib/pkgconfig PYTHONPATH=/workspace/jazzy_ws/install/lib/python3.12/site-packages /usr/bin/cmake --build /workspace/jazzy_ws/build/iceoryx_posh -- -j24 -l24
[1.966s] [  2%] Building CXX object CMakeFiles/iceoryx_posh.dir/source/log/posh_logging.cpp.o
[1.966s] [  2%] Building CXX object CMakeFiles/iceoryx_posh.dir/source/capro/capro_message.cpp.o
[1.969s] [  3%] Building CXX object CMakeFiles/iceoryx_posh.dir/source/mepoo/chunk_header.cpp.o
[1.969s] [  5%] Building CXX object CMakeFiles/iceoryx_posh.dir/source/mepoo/chunk_management.cpp.o
[1.969s] [  9%] Building CXX object CMakeFiles/iceoryx_posh.dir/source/mepoo/mepoo_segment.cpp.o
[1.969s] [ 10%] Building CXX object CMakeFiles/iceoryx_posh.dir/source/mepoo/shm_safe_unmanaged_chunk.cpp.o
[1.971s] [ 13%] Building CXX object CMakeFiles/iceoryx_posh.dir/source/mepoo/mepoo_config.cpp.o
[1.971s] [  5%] Building CXX object CMakeFiles/iceoryx_posh.dir/source/capro/service_description.cpp.o
[1.971s] [ 13%] Building CXX object CMakeFiles/iceoryx_posh.dir/source/mepoo/segment_config.cpp.o
[1.971s] [ 14%] Building CXX object CMakeFiles/iceoryx_posh.dir/source/mepoo/mem_pool.cpp.o
[1.971s] [ 15%] Building CXX object CMakeFiles/iceoryx_posh.dir/source/mepoo/memory_info.cpp.o
[1.971s] [ 14%] Building CXX object CMakeFiles/iceoryx_posh.dir/source/mepoo/shared_chunk.cpp.o
[1.971s] [ 15%] Building CXX object CMakeFiles/iceoryx_posh.dir/source/mepoo/segment_manager.cpp.o
[1.971s] [ 15%] Building CXX object CMakeFiles/iceoryx_posh.dir/source/mepoo/chunk_settings.cpp.o
[1.971s] [ 16%] Building CXX object CMakeFiles/iceoryx_posh.dir/source/popo/ports/interface_port.cpp.o
[1.971s] [ 14%] Building CXX object CMakeFiles/iceoryx_posh.dir/source/mepoo/memory_manager.cpp.o
[1.974s] [ 18%] Building CXX object CMakeFiles/iceoryx_posh.dir/source/popo/ports/interface_port_data.cpp.o
[1.974s] [ 18%] Building CXX object CMakeFiles/iceoryx_posh.dir/source/popo/ports/base_port.cpp.o
[1.974s] [ 20%] Building CXX object CMakeFiles/iceoryx_posh.dir/source/popo/ports/publisher_port_user.cpp.o
[1.974s] [ 21%] Building CXX object CMakeFiles/iceoryx_posh.dir/source/popo/ports/publisher_port_roudi.cpp.o
[1.974s] [ 22%] Building CXX object CMakeFiles/iceoryx_posh.dir/source/popo/ports/publisher_port_data.cpp.o
[1.974s] [ 23%] Building CXX object CMakeFiles/iceoryx_posh.dir/source/popo/ports/base_port_data.cpp.o
[1.974s] [ 24%] Building CXX object CMakeFiles/iceoryx_posh.dir/source/popo/ports/subscriber_port_user.cpp.o
[1.996s] [ 25%] Building CXX object CMakeFiles/iceoryx_posh.dir/source/popo/ports/subscriber_port_roudi.cpp.o
[2.015s] [ 26%] Building CXX object CMakeFiles/iceoryx_posh.dir/source/popo/ports/subscriber_port_single_producer.cpp.o
[2.399s] [ 27%] Building CXX object CMakeFiles/iceoryx_posh.dir/source/popo/ports/subscriber_port_multi_producer.cpp.o
[2.399s] [ 28%] Building CXX object CMakeFiles/iceoryx_posh.dir/source/popo/ports/subscriber_port_data.cpp.o
[2.405s] [ 29%] Building CXX object CMakeFiles/iceoryx_posh.dir/source/popo/ports/client_port_data.cpp.o
[2.448s] [ 30%] Building CXX object CMakeFiles/iceoryx_posh.dir/source/popo/ports/client_port_roudi.cpp.o
[2.497s] [ 31%] Building CXX object CMakeFiles/iceoryx_posh.dir/source/popo/ports/client_port_user.cpp.o
[2.501s] [ 32%] Building CXX object CMakeFiles/iceoryx_posh.dir/source/popo/ports/server_port_data.cpp.o
[2.521s] [ 33%] Building CXX object CMakeFiles/iceoryx_posh.dir/source/popo/ports/server_port_roudi.cpp.o
[2.531s] [ 34%] Building CXX object CMakeFiles/iceoryx_posh.dir/source/popo/ports/server_port_user.cpp.o
[2.543s] [ 35%] Building CXX object CMakeFiles/iceoryx_posh.dir/source/popo/building_blocks/condition_listener.cpp.o
[2.543s] [ 36%] Building CXX object CMakeFiles/iceoryx_posh.dir/source/popo/building_blocks/condition_notifier.cpp.o
[2.562s] [ 37%] Building CXX object CMakeFiles/iceoryx_posh.dir/source/popo/building_blocks/condition_variable_data.cpp.o
[2.587s] [ 38%] Building CXX object CMakeFiles/iceoryx_posh.dir/source/popo/building_blocks/locking_policy.cpp.o
[2.614s] [ 40%] Building CXX object CMakeFiles/iceoryx_posh.dir/source/popo/building_blocks/unique_port_id.cpp.o
[2.638s] [ 41%] Building CXX object CMakeFiles/iceoryx_posh.dir/source/popo/client_options.cpp.o
[2.671s] [ 42%] Building CXX object CMakeFiles/iceoryx_posh.dir/source/popo/listener.cpp.o
[2.672s] [ 43%] Building CXX object CMakeFiles/iceoryx_posh.dir/source/popo/notification_info.cpp.o
[2.687s] [ 44%] Building CXX object CMakeFiles/iceoryx_posh.dir/source/popo/rpc_header.cpp.o
[2.707s] [ 45%] Building CXX object CMakeFiles/iceoryx_posh.dir/source/popo/publisher_options.cpp.o
[2.727s] [ 46%] Building CXX object CMakeFiles/iceoryx_posh.dir/source/popo/server_options.cpp.o
[2.749s] [ 47%] Building CXX object CMakeFiles/iceoryx_posh.dir/source/popo/subscriber_options.cpp.o
[2.772s] [ 48%] Building CXX object CMakeFiles/iceoryx_posh.dir/source/popo/trigger.cpp.o
[2.783s] [ 49%] Building CXX object CMakeFiles/iceoryx_posh.dir/source/popo/trigger_handle.cpp.o
[2.910s] [ 50%] Building CXX object CMakeFiles/iceoryx_posh.dir/source/popo/user_trigger.cpp.o
[2.911s] [ 51%] Building CXX object CMakeFiles/iceoryx_posh.dir/source/version/version_info.cpp.o
[3.023s] [ 52%] Building CXX object CMakeFiles/iceoryx_posh.dir/source/runtime/ipc_interface_base.cpp.o
[3.033s] [ 53%] Building CXX object CMakeFiles/iceoryx_posh.dir/source/runtime/ipc_interface_user.cpp.o
[3.313s] [ 54%] Building CXX object CMakeFiles/iceoryx_posh.dir/source/runtime/ipc_interface_creator.cpp.o
[3.313s] [ 55%] Building CXX object CMakeFiles/iceoryx_posh.dir/source/runtime/ipc_runtime_interface.cpp.o
[3.313s] [ 56%] Building CXX object CMakeFiles/iceoryx_posh.dir/source/runtime/ipc_message.cpp.o
[3.313s] [ 57%] Building CXX object CMakeFiles/iceoryx_posh.dir/source/runtime/port_config_info.cpp.o
[3.313s] [ 58%] Building CXX object CMakeFiles/iceoryx_posh.dir/source/runtime/posh_runtime.cpp.o
[3.313s] [ 60%] Building CXX object CMakeFiles/iceoryx_posh.dir/source/runtime/posh_runtime_impl.cpp.o
[3.313s] [ 61%] Building CXX object CMakeFiles/iceoryx_posh.dir/source/runtime/posh_runtime_single_process.cpp.o
[3.313s] [ 62%] Building CXX object CMakeFiles/iceoryx_posh.dir/source/runtime/service_discovery.cpp.o
[3.532s] [ 63%] Building CXX object CMakeFiles/iceoryx_posh.dir/source/runtime/node.cpp.o
[3.532s] [ 64%] Building CXX object CMakeFiles/iceoryx_posh.dir/source/runtime/node_data.cpp.o
[3.532s] [ 65%] Building CXX object CMakeFiles/iceoryx_posh.dir/source/runtime/node_property.cpp.o
[3.532s] [ 66%] Building CXX object CMakeFiles/iceoryx_posh.dir/source/runtime/shared_memory_user.cpp.o
[3.532s] [ 67%] Building CXX object CMakeFiles/iceoryx_posh.dir/source/roudi/service_registry.cpp.o
[3.913s] [ 68%] Linking CXX shared library libiceoryx_posh.so
[4.052s] [ 68%] Built target iceoryx_posh
[4.052s] [ 71%] Building CXX object CMakeFiles/iceoryx_posh_roudi.dir/source/roudi/memory/memory_block.cpp.o
[4.052s] [ 71%] Building CXX object CMakeFiles/iceoryx_posh_roudi.dir/source/roudi/application/iceoryx_roudi_app.cpp.o
[4.052s] [ 74%] Building CXX object CMakeFiles/iceoryx_posh_roudi.dir/source/roudi/application/roudi_app.cpp.o
[4.052s] [ 76%] Building CXX object CMakeFiles/iceoryx_posh_roudi.dir/source/roudi/memory/port_pool_memory_block.cpp.o
[4.052s] [ 76%] Building CXX object CMakeFiles/iceoryx_posh_gateway.dir/source/gateway/gateway_base.cpp.o
[4.052s] [ 77%] Building CXX object CMakeFiles/iceoryx_posh_roudi.dir/source/roudi/memory/posix_shm_memory_provider.cpp.o
[4.052s] [ 77%] Building CXX object CMakeFiles/iceoryx_posh_roudi.dir/source/roudi/memory/memory_provider.cpp.o
[4.052s] [ 77%] Building CXX object CMakeFiles/iceoryx_posh_roudi.dir/source/roudi/memory/mempool_collection_memory_block.cpp.o
[4.052s] [ 76%] Building CXX object CMakeFiles/iceoryx_posh_roudi.dir/source/roudi/memory/mempool_segment_manager_memory_block.cpp.o
[4.052s] [ 78%] Building CXX object CMakeFiles/iceoryx_posh_roudi.dir/source/roudi/memory/default_roudi_memory.cpp.o
[4.052s] [ 80%] Building CXX object CMakeFiles/iceoryx_posh_roudi.dir/source/roudi/memory/roudi_memory_manager.cpp.o
[4.052s] [ 81%] Building CXX object CMakeFiles/iceoryx_posh_roudi.dir/source/roudi/memory/iceoryx_roudi_memory_manager.cpp.o
[4.052s] [ 82%] Building CXX object CMakeFiles/iceoryx_posh_roudi.dir/source/roudi/roudi.cpp.o
[4.052s] [ 84%] Building CXX object CMakeFiles/iceoryx_posh_roudi.dir/source/roudi/port_pool.cpp.o
[4.052s] [ 84%] Building CXX object CMakeFiles/iceoryx_posh_roudi.dir/source/roudi/process.cpp.o
[4.052s] [ 85%] Building CXX object CMakeFiles/iceoryx_posh_roudi.dir/source/roudi/process_manager.cpp.o
[4.052s] [ 86%] Building CXX object CMakeFiles/iceoryx_posh_roudi.dir/source/roudi/port_manager.cpp.o
[4.052s] [ 87%] Building CXX object CMakeFiles/iceoryx_posh_roudi.dir/source/roudi/iceoryx_roudi_components.cpp.o
[4.052s] [ 89%] Building CXX object CMakeFiles/iceoryx_posh_roudi.dir/source/roudi/roudi_cmd_line_parser_config_file_option.cpp.o
[4.052s] [ 89%] Building CXX object CMakeFiles/iceoryx_posh_roudi.dir/source/roudi/roudi_cmd_line_parser.cpp.o
[4.052s] [ 90%] Building CXX object CMakeFiles/iceoryx_posh_roudi.dir/source/roudi/roudi_config.cpp.o
[4.464s] [ 91%] Linking CXX shared library libiceoryx_posh_gateway.so
[4.512s] [ 91%] Built target iceoryx_posh_gateway
[4.853s] [ 92%] Linking CXX shared library libiceoryx_posh_roudi.so
[4.929s] [ 92%] Built target iceoryx_posh_roudi
[4.940s] [ 96%] Building CXX object CMakeFiles/iceoryx_posh_config.dir/source/roudi/roudi_config_toml_file_provider.cpp.o
[4.940s] [ 96%] Building CXX object CMakeFiles/iceoryx_posh_config.dir/source/log/posh_config_logging.cpp.o
[4.940s] [ 96%] Building CXX object CMakeFiles/iceoryx_posh_config.dir/source/gateway/toml_gateway_config_parser.cpp.o
[4.940s] [ 96%] Building CXX object CMakeFiles/iceoryx_posh_config.dir/source/gateway/gateway_config.cpp.o
[6.501s] [ 97%] Linking CXX shared library libiceoryx_posh_config.so
[6.577s] [ 97%] Built target iceoryx_posh_config
[6.586s] [ 98%] Building CXX object CMakeFiles/iox-roudi.dir/source/roudi/application/roudi_main.cpp.o
[6.843s] [100%] Linking CXX executable iox-roudi
[6.905s] [100%] Built target iox-roudi
[6.911s] Invoked command in '/workspace/jazzy_ws/build/iceoryx_posh' returned '0': CMAKE_PREFIX_PATH=/workspace/jazzy_ws/install LD_LIBRARY_PATH=/workspace/jazzy_ws/install/lib PATH=/workspace/jazzy_ws/install/bin:${PATH} PKG_CONFIG_PATH=/workspace/jazzy_ws/install/lib/x86_64-linux-gnu/pkgconfig:/workspace/jazzy_ws/install/lib/pkgconfig PYTHONPATH=/workspace/jazzy_ws/install/lib/python3.12/site-packages /usr/bin/cmake --build /workspace/jazzy_ws/build/iceoryx_posh -- -j24 -l24
[6.911s] Invoking command in '/workspace/jazzy_ws/build/iceoryx_posh': CMAKE_PREFIX_PATH=/workspace/jazzy_ws/install LD_LIBRARY_PATH=/workspace/jazzy_ws/install/lib PATH=/workspace/jazzy_ws/install/bin:${PATH} PKG_CONFIG_PATH=/workspace/jazzy_ws/install/lib/x86_64-linux-gnu/pkgconfig:/workspace/jazzy_ws/install/lib/pkgconfig PYTHONPATH=/workspace/jazzy_ws/install/lib/python3.12/site-packages /usr/bin/cmake --install /workspace/jazzy_ws/build/iceoryx_posh
[6.915s] -- Install configuration: ""
[6.915s] -- Installing: /workspace/jazzy_ws/install/include/iceoryx/v2.0.6/iceoryx_versions.hpp
[6.915s] -- Installing: /workspace/jazzy_ws/install/share/doc/iceoryx_posh/LICENSE
[6.915s] -- Installing: /workspace/jazzy_ws/install/share/doc/iceoryx_posh/3rd_party_licenses
[6.916s] -- Installing: /workspace/jazzy_ws/install/share/doc/iceoryx_posh/3rd_party_licenses/cpptoml
[6.916s] -- Installing: /workspace/jazzy_ws/install/share/doc/iceoryx_posh/3rd_party_licenses/cpptoml/LICENSE
[6.916s] -- Installing: /workspace/jazzy_ws/install/etc/roudi_config_example.toml
[6.916s] -- Installing: /workspace/jazzy_ws/install/lib/libiceoryx_posh.so
[6.917s] -- Set non-toolchain portion of runtime path of "/workspace/jazzy_ws/install/lib/libiceoryx_posh.so" to ""
[6.917s] -- Installing: /workspace/jazzy_ws/install/lib/libiceoryx_posh_roudi.so
[6.918s] -- Set non-toolchain portion of runtime path of "/workspace/jazzy_ws/install/lib/libiceoryx_posh_roudi.so" to ""
[6.918s] -- Installing: /workspace/jazzy_ws/install/lib/libiceoryx_posh_gateway.so
[6.918s] -- Set non-toolchain portion of runtime path of "/workspace/jazzy_ws/install/lib/libiceoryx_posh_gateway.so" to ""
[6.918s] -- Installing: /workspace/jazzy_ws/install/lib/libiceoryx_posh_config.so
[6.919s] -- Set non-toolchain portion of runtime path of "/workspace/jazzy_ws/install/lib/libiceoryx_posh_config.so" to ""
[6.919s] -- Installing: /workspace/jazzy_ws/install/bin/iox-roudi
[6.919s] -- Set non-toolchain portion of runtime path of "/workspace/jazzy_ws/install/bin/iox-roudi" to ""
[6.919s] -- Up-to-date: /workspace/jazzy_ws/install/include/iceoryx/v2.0.6
[6.919s] -- Installing: /workspace/jazzy_ws/install/include/iceoryx/v2.0.6/iceoryx_posh
[6.919s] -- Installing: /workspace/jazzy_ws/install/include/iceoryx/v2.0.6/iceoryx_posh/iceoryx_posh_types.hpp
[6.919s] -- Installing: /workspace/jazzy_ws/install/include/iceoryx/v2.0.6/iceoryx_posh/roudi
[6.919s] -- Installing: /workspace/jazzy_ws/install/include/iceoryx/v2.0.6/iceoryx_posh/roudi/port_pool.inl
[6.920s] -- Installing: /workspace/jazzy_ws/install/include/iceoryx/v2.0.6/iceoryx_posh/roudi/roudi_app.hpp
[6.920s] -- Installing: /workspace/jazzy_ws/install/include/iceoryx/v2.0.6/iceoryx_posh/roudi/roudi_cmd_line_parser_config_file_option.hpp
[6.920s] -- Installing: /workspace/jazzy_ws/install/include/iceoryx/v2.0.6/iceoryx_posh/roudi/roudi_config_file_provider.hpp
[6.920s] -- Installing: /workspace/jazzy_ws/install/include/iceoryx/v2.0.6/iceoryx_posh/roudi/memory
[6.920s] -- Installing: /workspace/jazzy_ws/install/include/iceoryx/v2.0.6/iceoryx_posh/roudi/memory/generic_memory_block.hpp
[6.920s] -- Installing: /workspace/jazzy_ws/install/include/iceoryx/v2.0.6/iceoryx_posh/roudi/memory/iceoryx_roudi_memory_manager.hpp
[6.920s] -- Installing: /workspace/jazzy_ws/install/include/iceoryx/v2.0.6/iceoryx_posh/roudi/memory/roudi_memory_manager.hpp
[6.920s] -- Installing: /workspace/jazzy_ws/install/include/iceoryx/v2.0.6/iceoryx_posh/roudi/memory/memory_provider.hpp
[6.920s] -- Installing: /workspace/jazzy_ws/install/include/iceoryx/v2.0.6/iceoryx_posh/roudi/memory/posix_shm_memory_provider.hpp
[6.920s] -- Installing: /workspace/jazzy_ws/install/include/iceoryx/v2.0.6/iceoryx_posh/roudi/memory/default_roudi_memory.hpp
[6.920s] -- Installing: /workspace/jazzy_ws/install/include/iceoryx/v2.0.6/iceoryx_posh/roudi/memory/memory_block.hpp
[6.920s] -- Installing: /workspace/jazzy_ws/install/include/iceoryx/v2.0.6/iceoryx_posh/roudi/memory/roudi_memory_interface.hpp
[6.920s] -- Installing: /workspace/jazzy_ws/install/include/iceoryx/v2.0.6/iceoryx_posh/roudi/roudi_config.hpp
[6.920s] -- Installing: /workspace/jazzy_ws/install/include/iceoryx/v2.0.6/iceoryx_posh/roudi/iceoryx_roudi_components.hpp
[6.920s] -- Installing: /workspace/jazzy_ws/install/include/iceoryx/v2.0.6/iceoryx_posh/roudi/iceoryx_roudi_app.hpp
[6.920s] -- Installing: /workspace/jazzy_ws/install/include/iceoryx/v2.0.6/iceoryx_posh/roudi/port_pool.hpp
[6.921s] -- Installing: /workspace/jazzy_ws/install/include/iceoryx/v2.0.6/iceoryx_posh/roudi/introspection_types.hpp
[6.921s] -- Installing: /workspace/jazzy_ws/install/include/iceoryx/v2.0.6/iceoryx_posh/roudi/roudi_config_toml_file_provider.hpp
[6.921s] -- Installing: /workspace/jazzy_ws/install/include/iceoryx/v2.0.6/iceoryx_posh/roudi/roudi_cmd_line_parser.hpp
[6.921s] -- Installing: /workspace/jazzy_ws/install/include/iceoryx/v2.0.6/iceoryx_posh/roudi/cmd_line_args.hpp
[6.921s] -- Installing: /workspace/jazzy_ws/install/include/iceoryx/v2.0.6/iceoryx_posh/iceoryx_posh_types.inl
[6.921s] -- Installing: /workspace/jazzy_ws/install/include/iceoryx/v2.0.6/iceoryx_posh/gateway
[6.921s] -- Installing: /workspace/jazzy_ws/install/include/iceoryx/v2.0.6/iceoryx_posh/gateway/toml_gateway_config_parser.hpp
[6.921s] -- Installing: /workspace/jazzy_ws/install/include/iceoryx/v2.0.6/iceoryx_posh/gateway/gateway_config.hpp
[6.921s] -- Installing: /workspace/jazzy_ws/install/include/iceoryx/v2.0.6/iceoryx_posh/gateway/channel.hpp
[6.921s] -- Installing: /workspace/jazzy_ws/install/include/iceoryx/v2.0.6/iceoryx_posh/gateway/gateway_discovery.hpp
[6.921s] -- Installing: /workspace/jazzy_ws/install/include/iceoryx/v2.0.6/iceoryx_posh/gateway/gateway_base.hpp
[6.921s] -- Installing: /workspace/jazzy_ws/install/include/iceoryx/v2.0.6/iceoryx_posh/gateway/gateway_generic.hpp
[6.921s] -- Installing: /workspace/jazzy_ws/install/include/iceoryx/v2.0.6/iceoryx_posh/version
[6.921s] -- Installing: /workspace/jazzy_ws/install/include/iceoryx/v2.0.6/iceoryx_posh/version/compatibility_check_level.hpp
[6.921s] -- Installing: /workspace/jazzy_ws/install/include/iceoryx/v2.0.6/iceoryx_posh/version/version_info.hpp
[6.921s] -- Installing: /workspace/jazzy_ws/install/include/iceoryx/v2.0.6/iceoryx_posh/popo
[6.922s] -- Installing: /workspace/jazzy_ws/install/include/iceoryx/v2.0.6/iceoryx_posh/popo/sample.hpp
[6.922s] -- Installing: /workspace/jazzy_ws/install/include/iceoryx/v2.0.6/iceoryx_posh/popo/user_trigger.hpp
[6.922s] -- Installing: /workspace/jazzy_ws/install/include/iceoryx/v2.0.6/iceoryx_posh/popo/notification_attorney.hpp
[6.922s] -- Installing: /workspace/jazzy_ws/install/include/iceoryx/v2.0.6/iceoryx_posh/popo/server_options.hpp
[6.922s] -- Installing: /workspace/jazzy_ws/install/include/iceoryx/v2.0.6/iceoryx_posh/popo/request.hpp
[6.922s] -- Installing: /workspace/jazzy_ws/install/include/iceoryx/v2.0.6/iceoryx_posh/popo/client.hpp
[6.922s] -- Installing: /workspace/jazzy_ws/install/include/iceoryx/v2.0.6/iceoryx_posh/popo/listener.hpp
[6.922s] -- Installing: /workspace/jazzy_ws/install/include/iceoryx/v2.0.6/iceoryx_posh/popo/untyped_server.hpp
[6.922s] -- Installing: /workspace/jazzy_ws/install/include/iceoryx/v2.0.6/iceoryx_posh/popo/notification_info.hpp
[6.922s] -- Installing: /workspace/jazzy_ws/install/include/iceoryx/v2.0.6/iceoryx_posh/popo/subscriber_options.hpp
[6.922s] -- Installing: /workspace/jazzy_ws/install/include/iceoryx/v2.0.6/iceoryx_posh/popo/wait_set.hpp
[6.922s] -- Installing: /workspace/jazzy_ws/install/include/iceoryx/v2.0.6/iceoryx_posh/popo/subscriber.hpp
[6.922s] -- Installing: /workspace/jazzy_ws/install/include/iceoryx/v2.0.6/iceoryx_posh/popo/port_queue_policies.hpp
[6.922s] -- Installing: /workspace/jazzy_ws/install/include/iceoryx/v2.0.6/iceoryx_posh/popo/enum_trigger_type.hpp
[6.922s] -- Installing: /workspace/jazzy_ws/install/include/iceoryx/v2.0.6/iceoryx_posh/popo/trigger_handle.hpp
[6.922s] -- Installing: /workspace/jazzy_ws/install/include/iceoryx/v2.0.6/iceoryx_posh/popo/notification_callback.hpp
[6.922s] -- Installing: /workspace/jazzy_ws/install/include/iceoryx/v2.0.6/iceoryx_posh/popo/response.hpp
[6.923s] -- Installing: /workspace/jazzy_ws/install/include/iceoryx/v2.0.6/iceoryx_posh/popo/trigger.hpp
[6.923s] -- Installing: /workspace/jazzy_ws/install/include/iceoryx/v2.0.6/iceoryx_posh/popo/untyped_subscriber.hpp
[6.923s] -- Installing: /workspace/jazzy_ws/install/include/iceoryx/v2.0.6/iceoryx_posh/popo/untyped_client.hpp
[6.923s] -- Installing: /workspace/jazzy_ws/install/include/iceoryx/v2.0.6/iceoryx_posh/popo/publisher.hpp
[6.923s] -- Installing: /workspace/jazzy_ws/install/include/iceoryx/v2.0.6/iceoryx_posh/popo/untyped_publisher.hpp
[6.923s] -- Installing: /workspace/jazzy_ws/install/include/iceoryx/v2.0.6/iceoryx_posh/popo/rpc_header.hpp
[6.923s] -- Installing: /workspace/jazzy_ws/install/include/iceoryx/v2.0.6/iceoryx_posh/popo/publisher_options.hpp
[6.923s] -- Installing: /workspace/jazzy_ws/install/include/iceoryx/v2.0.6/iceoryx_posh/popo/client_options.hpp
[6.923s] -- Installing: /workspace/jazzy_ws/install/include/iceoryx/v2.0.6/iceoryx_posh/popo/server.hpp
[6.923s] -- Installing: /workspace/jazzy_ws/install/include/iceoryx/v2.0.6/iceoryx_posh/runtime
[6.923s] -- Installing: /workspace/jazzy_ws/install/include/iceoryx/v2.0.6/iceoryx_posh/runtime/node.hpp
[6.923s] -- Installing: /workspace/jazzy_ws/install/include/iceoryx/v2.0.6/iceoryx_posh/runtime/posh_runtime_single_process.hpp
[6.923s] -- Installing: /workspace/jazzy_ws/install/include/iceoryx/v2.0.6/iceoryx_posh/runtime/port_config_info.hpp
[6.923s] -- Installing: /workspace/jazzy_ws/install/include/iceoryx/v2.0.6/iceoryx_posh/runtime/posh_runtime.hpp
[6.923s] -- Installing: /workspace/jazzy_ws/install/include/iceoryx/v2.0.6/iceoryx_posh/runtime/service_discovery.hpp
[6.923s] -- Installing: /workspace/jazzy_ws/install/include/iceoryx/v2.0.6/iceoryx_posh/capro
[6.924s] -- Installing: /workspace/jazzy_ws/install/include/iceoryx/v2.0.6/iceoryx_posh/capro/service_description.hpp
[6.924s] -- Installing: /workspace/jazzy_ws/install/include/iceoryx/v2.0.6/iceoryx_posh/iceoryx_posh_config.hpp
[6.924s] -- Installing: /workspace/jazzy_ws/install/include/iceoryx/v2.0.6/iceoryx_posh/internal
[6.924s] -- Installing: /workspace/jazzy_ws/install/include/iceoryx/v2.0.6/iceoryx_posh/internal/roudi
[6.924s] -- Installing: /workspace/jazzy_ws/install/include/iceoryx/v2.0.6/iceoryx_posh/internal/roudi/service_registry.hpp
[6.924s] -- Installing: /workspace/jazzy_ws/install/include/iceoryx/v2.0.6/iceoryx_posh/internal/roudi/memory
[6.924s] -- Installing: /workspace/jazzy_ws/install/include/iceoryx/v2.0.6/iceoryx_posh/internal/roudi/memory/mempool_collection_memory_block.hpp
[6.924s] -- Installing: /workspace/jazzy_ws/install/include/iceoryx/v2.0.6/iceoryx_posh/internal/roudi/memory/mempool_segment_manager_memory_block.hpp
[6.924s] -- Installing: /workspace/jazzy_ws/install/include/iceoryx/v2.0.6/iceoryx_posh/internal/roudi/memory/port_pool_memory_block.hpp
[6.924s] -- Installing: /workspace/jazzy_ws/install/include/iceoryx/v2.0.6/iceoryx_posh/internal/roudi/memory/generic_memory_block.inl
[6.924s] -- Installing: /workspace/jazzy_ws/install/include/iceoryx/v2.0.6/iceoryx_posh/internal/roudi/port_manager.hpp
[6.924s] -- Installing: /workspace/jazzy_ws/install/include/iceoryx/v2.0.6/iceoryx_posh/internal/roudi/introspection
[6.924s] -- Installing: /workspace/jazzy_ws/install/include/iceoryx/v2.0.6/iceoryx_posh/internal/roudi/introspection/port_introspection.inl
[6.924s] -- Installing: /workspace/jazzy_ws/install/include/iceoryx/v2.0.6/iceoryx_posh/internal/roudi/introspection/mempool_introspection.hpp
[6.924s] -- Installing: /workspace/jazzy_ws/install/include/iceoryx/v2.0.6/iceoryx_posh/internal/roudi/introspection/mempool_introspection.inl
[6.924s] -- Installing: /workspace/jazzy_ws/install/include/iceoryx/v2.0.6/iceoryx_posh/internal/roudi/introspection/fixed_size_container.hpp
[6.925s] -- Installing: /workspace/jazzy_ws/install/include/iceoryx/v2.0.6/iceoryx_posh/internal/roudi/introspection/process_introspection.inl
[6.925s] -- Installing: /workspace/jazzy_ws/install/include/iceoryx/v2.0.6/iceoryx_posh/internal/roudi/introspection/process_introspection.hpp
[6.925s] -- Installing: /workspace/jazzy_ws/install/include/iceoryx/v2.0.6/iceoryx_posh/internal/roudi/introspection/port_introspection.hpp
[6.925s] -- Installing: /workspace/jazzy_ws/install/include/iceoryx/v2.0.6/iceoryx_posh/internal/roudi/port_pool_data.inl
[6.925s] -- Installing: /workspace/jazzy_ws/install/include/iceoryx/v2.0.6/iceoryx_posh/internal/roudi/process.hpp
[6.925s] -- Installing: /workspace/jazzy_ws/install/include/iceoryx/v2.0.6/iceoryx_posh/internal/roudi/process_manager.hpp
[6.925s] -- Installing: /workspace/jazzy_ws/install/include/iceoryx/v2.0.6/iceoryx_posh/internal/roudi/roudi.hpp
[6.925s] -- Installing: /workspace/jazzy_ws/install/include/iceoryx/v2.0.6/iceoryx_posh/internal/roudi/port_manager.inl
[6.925s] -- Installing: /workspace/jazzy_ws/install/include/iceoryx/v2.0.6/iceoryx_posh/internal/roudi/port_pool_data.hpp
[6.925s] -- Installing: /workspace/jazzy_ws/install/include/iceoryx/v2.0.6/iceoryx_posh/internal/gateway
[6.925s] -- Installing: /workspace/jazzy_ws/install/include/iceoryx/v2.0.6/iceoryx_posh/internal/gateway/gateway_generic.inl
[6.925s] -- Installing: /workspace/jazzy_ws/install/include/iceoryx/v2.0.6/iceoryx_posh/internal/gateway/channel.inl
[6.925s] -- Installing: /workspace/jazzy_ws/install/include/iceoryx/v2.0.6/iceoryx_posh/internal/popo
[6.925s] -- Installing: /workspace/jazzy_ws/install/include/iceoryx/v2.0.6/iceoryx_posh/internal/popo/building_blocks
[6.925s] -- Installing: /workspace/jazzy_ws/install/include/iceoryx/v2.0.6/iceoryx_posh/internal/popo/building_blocks/chunk_distributor.inl
[6.925s] -- Installing: /workspace/jazzy_ws/install/include/iceoryx/v2.0.6/iceoryx_posh/internal/popo/building_blocks/chunk_receiver.inl
[6.926s] -- Installing: /workspace/jazzy_ws/install/include/iceoryx/v2.0.6/iceoryx_posh/internal/popo/building_blocks/chunk_queue_data.hpp
[6.926s] -- Installing: /workspace/jazzy_ws/install/include/iceoryx/v2.0.6/iceoryx_posh/internal/popo/building_blocks/chunk_queue_pusher.hpp
[6.926s] -- Installing: /workspace/jazzy_ws/install/include/iceoryx/v2.0.6/iceoryx_posh/internal/popo/building_blocks/condition_listener.hpp
[6.926s] -- Installing: /workspace/jazzy_ws/install/include/iceoryx/v2.0.6/iceoryx_posh/internal/popo/building_blocks/chunk_distributor_data.hpp
[6.926s] -- Installing: /workspace/jazzy_ws/install/include/iceoryx/v2.0.6/iceoryx_posh/internal/popo/building_blocks/chunk_distributor.hpp
[6.926s] -- Installing: /workspace/jazzy_ws/install/include/iceoryx/v2.0.6/iceoryx_posh/internal/popo/building_blocks/chunk_sender.hpp
[6.926s] -- Installing: /workspace/jazzy_ws/install/include/iceoryx/v2.0.6/iceoryx_posh/internal/popo/building_blocks/condition_variable_data.hpp
[6.926s] -- Installing: /workspace/jazzy_ws/install/include/iceoryx/v2.0.6/iceoryx_posh/internal/popo/building_blocks/condition_notifier.hpp
[6.926s] -- Installing: /workspace/jazzy_ws/install/include/iceoryx/v2.0.6/iceoryx_posh/internal/popo/building_blocks/locking_policy.hpp
[6.926s] -- Installing: /workspace/jazzy_ws/install/include/iceoryx/v2.0.6/iceoryx_posh/internal/popo/building_blocks/chunk_queue_pusher.inl
[6.926s] -- Installing: /workspace/jazzy_ws/install/include/iceoryx/v2.0.6/iceoryx_posh/internal/popo/building_blocks/chunk_queue_popper.hpp
[6.926s] -- Installing: /workspace/jazzy_ws/install/include/iceoryx/v2.0.6/iceoryx_posh/internal/popo/building_blocks/chunk_sender_data.hpp
[6.926s] -- Installing: /workspace/jazzy_ws/install/include/iceoryx/v2.0.6/iceoryx_posh/internal/popo/building_blocks/typed_unique_id.hpp
[6.926s] -- Installing: /workspace/jazzy_ws/install/include/iceoryx/v2.0.6/iceoryx_posh/internal/popo/building_blocks/chunk_sender.inl
[6.926s] -- Installing: /workspace/jazzy_ws/install/include/iceoryx/v2.0.6/iceoryx_posh/internal/popo/building_blocks/chunk_distributor_data.inl
[6.927s] -- Installing: /workspace/jazzy_ws/install/include/iceoryx/v2.0.6/iceoryx_posh/internal/popo/building_blocks/chunk_queue_data.inl
[6.927s] -- Installing: /workspace/jazzy_ws/install/include/iceoryx/v2.0.6/iceoryx_posh/internal/popo/building_blocks/chunk_receiver_data.hpp
[6.927s] -- Installing: /workspace/jazzy_ws/install/include/iceoryx/v2.0.6/iceoryx_posh/internal/popo/building_blocks/chunk_queue_popper.inl
[6.927s] -- Installing: /workspace/jazzy_ws/install/include/iceoryx/v2.0.6/iceoryx_posh/internal/popo/building_blocks/chunk_sender_data.inl
[6.927s] -- Installing: /workspace/jazzy_ws/install/include/iceoryx/v2.0.6/iceoryx_posh/internal/popo/building_blocks/chunk_receiver.hpp
[6.927s] -- Installing: /workspace/jazzy_ws/install/include/iceoryx/v2.0.6/iceoryx_posh/internal/popo/building_blocks/unique_port_id.hpp
[6.927s] -- Installing: /workspace/jazzy_ws/install/include/iceoryx/v2.0.6/iceoryx_posh/internal/popo/building_blocks/chunk_receiver_data.inl
[6.927s] -- Installing: /workspace/jazzy_ws/install/include/iceoryx/v2.0.6/iceoryx_posh/internal/popo/smart_chunk.hpp
[6.927s] -- Installing: /workspace/jazzy_ws/install/include/iceoryx/v2.0.6/iceoryx_posh/internal/popo/untyped_client_impl.inl
[6.927s] -- Installing: /workspace/jazzy_ws/install/include/iceoryx/v2.0.6/iceoryx_posh/internal/popo/request_deleter.hpp
[6.927s] -- Installing: /workspace/jazzy_ws/install/include/iceoryx/v2.0.6/iceoryx_posh/internal/popo/ports
[6.927s] -- Installing: /workspace/jazzy_ws/install/include/iceoryx/v2.0.6/iceoryx_posh/internal/popo/ports/base_port.hpp
[6.927s] -- Installing: /workspace/jazzy_ws/install/include/iceoryx/v2.0.6/iceoryx_posh/internal/popo/ports/publisher_port_user.hpp
[6.927s] -- Installing: /workspace/jazzy_ws/install/include/iceoryx/v2.0.6/iceoryx_posh/internal/popo/ports/subscriber_port_user.hpp
[6.927s] -- Installing: /workspace/jazzy_ws/install/include/iceoryx/v2.0.6/iceoryx_posh/internal/popo/ports/server_port_user.hpp
[6.928s] -- Installing: /workspace/jazzy_ws/install/include/iceoryx/v2.0.6/iceoryx_posh/internal/popo/ports/pub_sub_port_types.hpp
[6.928s] -- Installing: /workspace/jazzy_ws/install/include/iceoryx/v2.0.6/iceoryx_posh/internal/popo/ports/subscriber_port_single_producer.hpp
[6.928s] -- Installing: /workspace/jazzy_ws/install/include/iceoryx/v2.0.6/iceoryx_posh/internal/popo/ports/client_port_data.hpp
[6.928s] -- Installing: /workspace/jazzy_ws/install/include/iceoryx/v2.0.6/iceoryx_posh/internal/popo/ports/client_port_roudi.hpp
[6.928s] -- Installing: /workspace/jazzy_ws/install/include/iceoryx/v2.0.6/iceoryx_posh/internal/popo/ports/server_port_user.inl
[6.928s] -- Installing: /workspace/jazzy_ws/install/include/iceoryx/v2.0.6/iceoryx_posh/internal/popo/ports/interface_port_data.hpp
[6.928s] -- Installing: /workspace/jazzy_ws/install/include/iceoryx/v2.0.6/iceoryx_posh/internal/popo/ports/interface_port.hpp
[6.928s] -- Installing: /workspace/jazzy_ws/install/include/iceoryx/v2.0.6/iceoryx_posh/internal/popo/ports/client_server_port_types.hpp
[6.928s] -- Installing: /workspace/jazzy_ws/install/include/iceoryx/v2.0.6/iceoryx_posh/internal/popo/ports/base_port_data.hpp
[6.928s] -- Installing: /workspace/jazzy_ws/install/include/iceoryx/v2.0.6/iceoryx_posh/internal/popo/ports/subscriber_port_roudi.hpp
[6.928s] -- Installing: /workspace/jazzy_ws/install/include/iceoryx/v2.0.6/iceoryx_posh/internal/popo/ports/subscriber_port_multi_producer.hpp
[6.928s] -- Installing: /workspace/jazzy_ws/install/include/iceoryx/v2.0.6/iceoryx_posh/internal/popo/ports/base_port.inl
[6.928s] -- Installing: /workspace/jazzy_ws/install/include/iceoryx/v2.0.6/iceoryx_posh/internal/popo/ports/client_port_user.inl
[6.928s] -- Installing: /workspace/jazzy_ws/install/include/iceoryx/v2.0.6/iceoryx_posh/internal/popo/ports/publisher_port_roudi.hpp
[6.928s] -- Installing: /workspace/jazzy_ws/install/include/iceoryx/v2.0.6/iceoryx_posh/internal/popo/ports/client_port_user.hpp
[6.929s] -- Installing: /workspace/jazzy_ws/install/include/iceoryx/v2.0.6/iceoryx_posh/internal/popo/ports/server_port_roudi.hpp
[6.929s] -- Installing: /workspace/jazzy_ws/install/include/iceoryx/v2.0.6/iceoryx_posh/internal/popo/ports/publisher_port_data.hpp
[6.929s] -- Installing: /workspace/jazzy_ws/install/include/iceoryx/v2.0.6/iceoryx_posh/internal/popo/ports/subscriber_port_data.hpp
[6.929s] -- Installing: /workspace/jazzy_ws/install/include/iceoryx/v2.0.6/iceoryx_posh/internal/popo/ports/server_port_data.hpp
[6.929s] -- Installing: /workspace/jazzy_ws/install/include/iceoryx/v2.0.6/iceoryx_posh/internal/popo/untyped_publisher_impl.inl
[6.929s] -- Installing: /workspace/jazzy_ws/install/include/iceoryx/v2.0.6/iceoryx_posh/internal/popo/base_subscriber.inl
[6.929s] -- Installing: /workspace/jazzy_ws/install/include/iceoryx/v2.0.6/iceoryx_posh/internal/popo/request_deleter.inl
[6.929s] -- Installing: /workspace/jazzy_ws/install/include/iceoryx/v2.0.6/iceoryx_posh/internal/popo/used_chunk_list.inl
[6.929s] -- Installing: /workspace/jazzy_ws/install/include/iceoryx/v2.0.6/iceoryx_posh/internal/popo/subscriber_impl.inl
[6.929s] -- Installing: /workspace/jazzy_ws/install/include/iceoryx/v2.0.6/iceoryx_posh/internal/popo/response_deleter.hpp
[6.929s] -- Installing: /workspace/jazzy_ws/install/include/iceoryx/v2.0.6/iceoryx_posh/internal/popo/wait_set.inl
[6.929s] -- Installing: /workspace/jazzy_ws/install/include/iceoryx/v2.0.6/iceoryx_posh/internal/popo/base_server.hpp
[6.929s] -- Installing: /workspace/jazzy_ws/install/include/iceoryx/v2.0.6/iceoryx_posh/internal/popo/untyped_server_impl.inl
[6.930s] -- Installing: /workspace/jazzy_ws/install/include/iceoryx/v2.0.6/iceoryx_posh/internal/popo/smart_chunk.inl
[6.930s] -- Installing: /workspace/jazzy_ws/install/include/iceoryx/v2.0.6/iceoryx_posh/internal/popo/base_client.hpp
[6.930s] -- Installing: /workspace/jazzy_ws/install/include/iceoryx/v2.0.6/iceoryx_posh/internal/popo/base_subscriber.hpp
[6.930s] -- Installing: /workspace/jazzy_ws/install/include/iceoryx/v2.0.6/iceoryx_posh/internal/popo/notification_callback.inl
[6.930s] -- Installing: /workspace/jazzy_ws/install/include/iceoryx/v2.0.6/iceoryx_posh/internal/popo/rpc_interface.hpp
[6.930s] -- Installing: /workspace/jazzy_ws/install/include/iceoryx/v2.0.6/iceoryx_posh/internal/popo/sample_deleter.hpp
[6.930s] -- Installing: /workspace/jazzy_ws/install/include/iceoryx/v2.0.6/iceoryx_posh/internal/popo/publisher_interface.hpp
[6.930s] -- Installing: /workspace/jazzy_ws/install/include/iceoryx/v2.0.6/iceoryx_posh/internal/popo/server_impl.inl
[6.930s] -- Installing: /workspace/jazzy_ws/install/include/iceoryx/v2.0.6/iceoryx_posh/internal/popo/sample.inl
[6.930s] -- Installing: /workspace/jazzy_ws/install/include/iceoryx/v2.0.6/iceoryx_posh/internal/popo/base_publisher.inl
[6.930s] -- Installing: /workspace/jazzy_ws/install/include/iceoryx/v2.0.6/iceoryx_posh/internal/popo/notification_attorney.inl
[6.930s] -- Installing: /workspace/jazzy_ws/install/include/iceoryx/v2.0.6/iceoryx_posh/internal/popo/untyped_subscriber_impl.hpp
[6.930s] -- Installing: /workspace/jazzy_ws/install/include/iceoryx/v2.0.6/iceoryx_posh/internal/popo/used_chunk_list.hpp
[6.930s] -- Installing: /workspace/jazzy_ws/install/include/iceoryx/v2.0.6/iceoryx_posh/internal/popo/base_client.inl
[6.930s] -- Installing: /workspace/jazzy_ws/install/include/iceoryx/v2.0.6/iceoryx_posh/internal/popo/server_impl.hpp
[6.930s] -- Installing: /workspace/jazzy_ws/install/include/iceoryx/v2.0.6/iceoryx_posh/internal/popo/client_impl.hpp
[6.930s] -- Installing: /workspace/jazzy_ws/install/include/iceoryx/v2.0.6/iceoryx_posh/internal/popo/base_publisher.hpp
[6.930s] -- Installing: /workspace/jazzy_ws/install/include/iceoryx/v2.0.6/iceoryx_posh/internal/popo/listener.inl
[6.931s] -- Installing: /workspace/jazzy_ws/install/include/iceoryx/v2.0.6/iceoryx_posh/internal/popo/untyped_server_impl.hpp
[6.931s] -- Installing: /workspace/jazzy_ws/install/include/iceoryx/v2.0.6/iceoryx_posh/internal/popo/publisher_impl.hpp
[6.931s] -- Installing: /workspace/jazzy_ws/install/include/iceoryx/v2.0.6/iceoryx_posh/internal/popo/typed_port_api_trait.hpp
[6.931s] -- Installing: /workspace/jazzy_ws/install/include/iceoryx/v2.0.6/iceoryx_posh/internal/popo/request.inl
[6.931s] -- Installing: /workspace/jazzy_ws/install/include/iceoryx/v2.0.6/iceoryx_posh/internal/popo/base_server.inl
[6.931s] -- Installing: /workspace/jazzy_ws/install/include/iceoryx/v2.0.6/iceoryx_posh/internal/popo/notification_info.inl
[6.931s] -- Installing: /workspace/jazzy_ws/install/include/iceoryx/v2.0.6/iceoryx_posh/internal/popo/untyped_subscriber_impl.inl
[6.931s] -- Installing: /workspace/jazzy_ws/install/include/iceoryx/v2.0.6/iceoryx_posh/internal/popo/response_deleter.inl
[6.931s] -- Installing: /workspace/jazzy_ws/install/include/iceoryx/v2.0.6/iceoryx_posh/internal/popo/subscriber_impl.hpp
[6.931s] -- Installing: /workspace/jazzy_ws/install/include/iceoryx/v2.0.6/iceoryx_posh/internal/popo/trigger.inl
[6.931s] -- Installing: /workspace/jazzy_ws/install/include/iceoryx/v2.0.6/iceoryx_posh/internal/popo/untyped_publisher_impl.hpp
[6.931s] -- Installing: /workspace/jazzy_ws/install/include/iceoryx/v2.0.6/iceoryx_posh/internal/popo/response.inl
[6.932s] -- Installing: /workspace/jazzy_ws/install/include/iceoryx/v2.0.6/iceoryx_posh/internal/popo/sample_deleter.inl
[6.932s] -- Installing: /workspace/jazzy_ws/install/include/iceoryx/v2.0.6/iceoryx_posh/internal/popo/untyped_client_impl.hpp
[6.932s] -- Installing: /workspace/jazzy_ws/install/include/iceoryx/v2.0.6/iceoryx_posh/internal/popo/client_impl.inl
[6.932s] -- Installing: /workspace/jazzy_ws/install/include/iceoryx/v2.0.6/iceoryx_posh/internal/popo/publisher_impl.inl
[6.932s] -- Installing: /workspace/jazzy_ws/install/include/iceoryx/v2.0.6/iceoryx_posh/internal/runtime
[6.932s] -- Installing: /workspace/jazzy_ws/install/include/iceoryx/v2.0.6/iceoryx_posh/internal/runtime/ipc_interface_user.hpp
[6.932s] -- Installing: /workspace/jazzy_ws/install/include/iceoryx/v2.0.6/iceoryx_posh/internal/runtime/node_data.hpp
[6.932s] -- Installing: /workspace/jazzy_ws/install/include/iceoryx/v2.0.6/iceoryx_posh/internal/runtime/ipc_message.inl
[6.932s] -- Installing: /workspace/jazzy_ws/install/include/iceoryx/v2.0.6/iceoryx_posh/internal/runtime/shared_memory_user.hpp
[6.932s] -- Installing: /workspace/jazzy_ws/install/include/iceoryx/v2.0.6/iceoryx_posh/internal/runtime/ipc_runtime_interface.hpp
[6.932s] -- Installing: /workspace/jazzy_ws/install/include/iceoryx/v2.0.6/iceoryx_posh/internal/runtime/ipc_interface_base.hpp
[6.932s] -- Installing: /workspace/jazzy_ws/install/include/iceoryx/v2.0.6/iceoryx_posh/internal/runtime/ipc_message.hpp
[6.932s] -- Installing: /workspace/jazzy_ws/install/include/iceoryx/v2.0.6/iceoryx_posh/internal/runtime/ipc_interface_creator.hpp
[6.932s] -- Installing: /workspace/jazzy_ws/install/include/iceoryx/v2.0.6/iceoryx_posh/internal/runtime/posh_runtime_impl.hpp
[6.932s] -- Installing: /workspace/jazzy_ws/install/include/iceoryx/v2.0.6/iceoryx_posh/internal/runtime/node_property.hpp
[6.933s] -- Installing: /workspace/jazzy_ws/install/include/iceoryx/v2.0.6/iceoryx_posh/internal/capro
[6.933s] -- Installing: /workspace/jazzy_ws/install/include/iceoryx/v2.0.6/iceoryx_posh/internal/capro/capro_message.hpp
[6.933s] -- Installing: /workspace/jazzy_ws/install/include/iceoryx/v2.0.6/iceoryx_posh/internal/capro/capro_message.inl
[6.933s] -- Installing: /workspace/jazzy_ws/install/include/iceoryx/v2.0.6/iceoryx_posh/internal/mepoo
[6.933s] -- Installing: /workspace/jazzy_ws/install/include/iceoryx/v2.0.6/iceoryx_posh/internal/mepoo/shared_pointer.inl
[6.933s] -- Installing: /workspace/jazzy_ws/install/include/iceoryx/v2.0.6/iceoryx_posh/internal/mepoo/mem_pool.hpp
[6.933s] -- Installing: /workspace/jazzy_ws/install/include/iceoryx/v2.0.6/iceoryx_posh/internal/mepoo/shared_pointer.hpp
[6.933s] -- Installing: /workspace/jazzy_ws/install/include/iceoryx/v2.0.6/iceoryx_posh/internal/mepoo/typed_mem_pool.hpp
[6.933s] -- Installing: /workspace/jazzy_ws/install/include/iceoryx/v2.0.6/iceoryx_posh/internal/mepoo/shm_safe_unmanaged_chunk.hpp
[6.933s] -- Installing: /workspace/jazzy_ws/install/include/iceoryx/v2.0.6/iceoryx_posh/internal/mepoo/segment_manager.hpp
[6.933s] -- Installing: /workspace/jazzy_ws/install/include/iceoryx/v2.0.6/iceoryx_posh/internal/mepoo/mepoo_segment.hpp
[6.933s] -- Installing: /workspace/jazzy_ws/install/include/iceoryx/v2.0.6/iceoryx_posh/internal/mepoo/typed_mem_pool.inl
[6.933s] -- Installing: /workspace/jazzy_ws/install/include/iceoryx/v2.0.6/iceoryx_posh/internal/mepoo/memory_manager.hpp
[6.933s] -- Installing: /workspace/jazzy_ws/install/include/iceoryx/v2.0.6/iceoryx_posh/internal/mepoo/segment_manager.inl
[6.933s] -- Installing: /workspace/jazzy_ws/install/include/iceoryx/v2.0.6/iceoryx_posh/internal/mepoo/memory_manager.inl
[6.933s] -- Installing: /workspace/jazzy_ws/install/include/iceoryx/v2.0.6/iceoryx_posh/internal/mepoo/shared_chunk.hpp
[6.933s] -- Installing: /workspace/jazzy_ws/install/include/iceoryx/v2.0.6/iceoryx_posh/internal/mepoo/chunk_management.hpp
[6.933s] -- Installing: /workspace/jazzy_ws/install/include/iceoryx/v2.0.6/iceoryx_posh/internal/mepoo/mepoo_segment.inl
[6.934s] -- Installing: /workspace/jazzy_ws/install/include/iceoryx/v2.0.6/iceoryx_posh/internal/mepoo/mepoo.hpp
[6.934s] -- Installing: /workspace/jazzy_ws/install/include/iceoryx/v2.0.6/iceoryx_posh/internal/log
[6.934s] -- Installing: /workspace/jazzy_ws/install/include/iceoryx/v2.0.6/iceoryx_posh/internal/log/posh_config_logging.hpp
[6.934s] -- Installing: /workspace/jazzy_ws/install/include/iceoryx/v2.0.6/iceoryx_posh/internal/log/posh_logging.hpp
[6.934s] -- Installing: /workspace/jazzy_ws/install/include/iceoryx/v2.0.6/iceoryx_posh/mepoo
[6.934s] -- Installing: /workspace/jazzy_ws/install/include/iceoryx/v2.0.6/iceoryx_posh/mepoo/mepoo_config.hpp
[6.934s] -- Installing: /workspace/jazzy_ws/install/include/iceoryx/v2.0.6/iceoryx_posh/mepoo/chunk_settings.hpp
[6.934s] -- Installing: /workspace/jazzy_ws/install/include/iceoryx/v2.0.6/iceoryx_posh/mepoo/chunk_header.hpp
[6.934s] -- Installing: /workspace/jazzy_ws/install/include/iceoryx/v2.0.6/iceoryx_posh/mepoo/segment_config.hpp
[6.934s] -- Installing: /workspace/jazzy_ws/install/include/iceoryx/v2.0.6/iceoryx_posh/mepoo/memory_info.hpp
[6.934s] -- Installing: /workspace/jazzy_ws/install/lib/cmake/iceoryx_posh/iceoryx_poshConfigVersion.cmake
[6.934s] -- Installing: /workspace/jazzy_ws/install/lib/cmake/iceoryx_posh/iceoryx_poshConfig.cmake
[6.934s] -- Installing: /workspace/jazzy_ws/install/lib/cmake/iceoryx_posh/iceoryx_poshTargets.cmake
[6.934s] -- Installing: /workspace/jazzy_ws/install/lib/cmake/iceoryx_posh/iceoryx_poshTargets-noconfig.cmake
[6.935s] -- Installing: /workspace/jazzy_ws/install/include/iceoryx/v2.0.6/iceoryx_posh/iceoryx_posh_deployment.hpp
[6.935s] -- Installing: /workspace/jazzy_ws/install/lib/cmake/iceoryx_posh/IceoryxPoshDeployment.cmake
[6.935s] Invoked command in '/workspace/jazzy_ws/build/iceoryx_posh' returned '0': CMAKE_PREFIX_PATH=/workspace/jazzy_ws/install LD_LIBRARY_PATH=/workspace/jazzy_ws/install/lib PATH=/workspace/jazzy_ws/install/bin:${PATH} PKG_CONFIG_PATH=/workspace/jazzy_ws/install/lib/x86_64-linux-gnu/pkgconfig:/workspace/jazzy_ws/install/lib/pkgconfig PYTHONPATH=/workspace/jazzy_ws/install/lib/python3.12/site-packages /usr/bin/cmake --install /workspace/jazzy_ws/build/iceoryx_posh
