-- The C compiler identification is GNU 13.3.0
-- The CXX compiler identification is GNU 13.3.0
-- Detecting C compiler ABI info
-- Detecting C compiler ABI info - done
-- Check for working C compiler: /usr/bin/cc - skipped
-- Detecting C compile features
-- Detecting C compile features - done
-- Detecting CXX compiler ABI info
-- Detecting CXX compiler ABI info - done
-- Check for working CXX compiler: /usr/bin/c++ - skipped
-- Detecting CXX compile features
-- Detecting CXX compile features - done
-- Found ament_cmake: 2.5.5 (/workspace/jazzy_ws/install/share/ament_cmake/cmake)
-- Found Python3: /usr/bin/python3 (found version "3.12.3") found components: Interpreter 
-- Found rmw: 7.3.3 (/workspace/jazzy_ws/install/share/rmw/cmake)
-- Found rmw_implementation_cmake: 7.3.3 (/workspace/jazzy_ws/install/share/rmw_implementation_cmake/cmake)
-- Found ament_lint_auto: 0.17.4 (/workspace/jazzy_ws/install/share/ament_lint_auto/cmake)
-- Found rmw_fastrtps_cpp: 8.4.3 (/workspace/jazzy_ws/install/share/rmw_fastrtps_cpp/cmake)
-- Found rosidl_generator_c: 4.6.7 (/workspace/jazzy_ws/install/share/rosidl_generator_c/cmake)
-- Found rosidl_generator_cpp: 4.6.7 (/workspace/jazzy_ws/install/share/rosidl_generator_cpp/cmake)
-- Using all available rosidl_typesupport_c: rosidl_typesupport_fastrtps_c;rosidl_typesupport_introspection_c
-- Using all available rosidl_typesupport_cpp: rosidl_typesupport_fastrtps_cpp;rosidl_typesupport_introspection_cpp
-- Found OpenSSL: /usr/lib/x86_64-linux-gnu/libcrypto.so (found version "3.0.13")  
-- Found FastRTPS: /workspace/jazzy_ws/install/include (Required is at least version "2.13") 
-- 
-- Default rmw implementation: 'rmw_fastrtps_cpp'
-- 
-- Runtime selection of RMW enabled
-- Found ament_index_cpp: 1.8.3 (/workspace/jazzy_ws/install/share/ament_index_cpp/cmake)
-- Found gtest sources under '/workspace/jazzy_ws/install/src/gtest_vendor': C++ tests using 'Google Test' will be built
-- Found Threads: TRUE  
-- Creating API tests for 'rmw_cyclonedds_cpp'
-- Performance tests are disabled by default, so Google Benchmark tests will be skipped. To enable these tests, set the CMake variable 'AMENT_RUN_PERFORMANCE_TESTS'.
-- Creating API tests for 'rmw_fastrtps_cpp'
-- Creating API tests for 'rmw_fastrtps_dynamic_cpp'
-- Added test 'copyright' to check source files copyright and LICENSE
-- Added test 'cppcheck' to perform static code analysis on C / C++ code
-- Configured cppcheck include dirs: /workspace/jazzy_ws/install/include
-- Configured cppcheck exclude dirs and/or files: 
-- Added test 'cpplint' to check C / C++ code against the Google style
-- Configured cpplint exclude dirs and/or files: 
-- Added test 'lint_cmake' to check CMake code style
-- Added test 'uncrustify' to check C / C++ code style
-- Configured uncrustify additional arguments: 
-- Added test 'xmllint' to check XML markup files
-- Configuring done (0.6s)
-- Generating done (0.0s)
-- Build files have been written to: /workspace/jazzy_ws/build/rmw_implementation
[ 21%] Building CXX object gtest/CMakeFiles/gtest_main.dir/src/gtest_main.cc.o
[ 21%] Building CXX object gtest/CMakeFiles/gtest.dir/src/gtest-all.cc.o
[ 21%] Building CXX object CMakeFiles/rmw_implementation.dir/src/functions.cpp.o
[ 28%] Linking CXX shared library librmw_implementation.so
[ 28%] Built target rmw_implementation
[ 35%] Building CXX object CMakeFiles/benchmark_symbols__rmw_cyclonedds_cpp.dir/test/benchmark/benchmark_symbols.cpp.o
[ 42%] Building CXX object CMakeFiles/benchmark_symbols__rmw_fastrtps_cpp.dir/test/benchmark/benchmark_symbols.cpp.o
[ 50%] Building CXX object CMakeFiles/benchmark_symbols__rmw_fastrtps_dynamic_cpp.dir/test/benchmark/benchmark_symbols.cpp.o
[ 57%] Linking CXX static library libgtest_main.a
[ 57%] Built target gtest_main
[ 64%] Linking CXX executable benchmark_symbols__rmw_fastrtps_cpp
[ 71%] Linking CXX executable benchmark_symbols__rmw_cyclonedds_cpp
[ 78%] Linking CXX executable benchmark_symbols__rmw_fastrtps_dynamic_cpp
[ 78%] Built target benchmark_symbols__rmw_fastrtps_cpp
[ 78%] Built target benchmark_symbols__rmw_cyclonedds_cpp
[ 78%] Built target benchmark_symbols__rmw_fastrtps_dynamic_cpp
[ 85%] Linking CXX static library libgtest.a
[ 85%] Built target gtest
[ 92%] Building CXX object CMakeFiles/test_functions.dir/test/test_functions.cpp.o
[100%] Linking CXX executable test_functions
[100%] Built target test_functions
-- Install configuration: ""
-- Installing: /workspace/jazzy_ws/install/lib/librmw_implementation.so
-- Set non-toolchain portion of runtime path of "/workspace/jazzy_ws/install/lib/librmw_implementation.so" to ""
-- Installing: /workspace/jazzy_ws/install/share/ament_index/resource_index/rmw_typesupport_c/rmw_implementation
-- Installing: /workspace/jazzy_ws/install/share/ament_index/resource_index/rmw_typesupport_cpp/rmw_implementation
-- Installing: /workspace/jazzy_ws/install/share/ament_index/resource_index/rmw_typesupport/rmw_implementation
-- Installing: /workspace/jazzy_ws/install/share/ament_index/resource_index/package_run_dependencies/rmw_implementation
-- Installing: /workspace/jazzy_ws/install/share/ament_index/resource_index/parent_prefix_path/rmw_implementation
-- Installing: /workspace/jazzy_ws/install/share/rmw_implementation/environment/ament_prefix_path.sh
-- Installing: /workspace/jazzy_ws/install/share/rmw_implementation/environment/ament_prefix_path.dsv
-- Installing: /workspace/jazzy_ws/install/share/rmw_implementation/environment/path.sh
-- Installing: /workspace/jazzy_ws/install/share/rmw_implementation/environment/path.dsv
-- Installing: /workspace/jazzy_ws/install/share/rmw_implementation/local_setup.bash
-- Installing: /workspace/jazzy_ws/install/share/rmw_implementation/local_setup.sh
-- Installing: /workspace/jazzy_ws/install/share/rmw_implementation/local_setup.zsh
-- Installing: /workspace/jazzy_ws/install/share/rmw_implementation/local_setup.dsv
-- Installing: /workspace/jazzy_ws/install/share/rmw_implementation/package.dsv
-- Installing: /workspace/jazzy_ws/install/share/ament_index/resource_index/packages/rmw_implementation
-- Installing: /workspace/jazzy_ws/install/share/rmw_implementation/cmake/export_rmw_implementationExport.cmake
-- Installing: /workspace/jazzy_ws/install/share/rmw_implementation/cmake/export_rmw_implementationExport-noconfig.cmake
-- Installing: /workspace/jazzy_ws/install/share/rmw_implementation/cmake/rmw_implementation-extras.cmake
-- Installing: /workspace/jazzy_ws/install/share/rmw_implementation/cmake/ament_cmake_export_targets-extras.cmake
-- Installing: /workspace/jazzy_ws/install/share/rmw_implementation/cmake/ament_cmake_export_dependencies-extras.cmake
-- Installing: /workspace/jazzy_ws/install/share/rmw_implementation/cmake/rmw_implementationConfig.cmake
-- Installing: /workspace/jazzy_ws/install/share/rmw_implementation/cmake/rmw_implementationConfig-version.cmake
-- Installing: /workspace/jazzy_ws/install/share/rmw_implementation/package.xml
