-- The C compiler identification is GNU 13.3.0
-- The CXX compiler identification is GNU 13.3.0
-- Detecting C compiler ABI info
-- Detecting C compiler ABI info - done
-- Check for working C compiler: /usr/bin/cc - skipped
-- Detecting C compile features
-- Detecting C compile features - done
-- Detecting CXX compiler ABI info
-- Detecting CXX compiler ABI info - done
-- Check for working CXX compiler: /usr/bin/c++ - skipped
-- Detecting CXX compile features
-- Detecting CXX compile features - done
-- Found ament_cmake: 2.5.5 (/workspace/jazzy_ws/install/share/ament_cmake/cmake)
-- Found Python3: /usr/bin/python3 (found version "3.12.3") found components: Interpreter 
-- Found builtin_interfaces: 2.0.3 (/workspace/jazzy_ws/install/share/builtin_interfaces/cmake)
-- Found rosidl_generator_c: 4.6.7 (/workspace/jazzy_ws/install/share/rosidl_generator_c/cmake)
-- Found rosidl_generator_cpp: 4.6.7 (/workspace/jazzy_ws/install/share/rosidl_generator_cpp/cmake)
-- Using all available rosidl_typesupport_c: rosidl_typesupport_fastrtps_c;rosidl_typesupport_introspection_c
-- Using all available rosidl_typesupport_cpp: rosidl_typesupport_fastrtps_cpp;rosidl_typesupport_introspection_cpp
-- Found rosidl_core_generators: 0.2.0 (/workspace/jazzy_ws/install/share/rosidl_core_generators/cmake)
-- Found rosidl_adapter: 4.6.7 (/workspace/jazzy_ws/install/share/rosidl_adapter/cmake)
-- Found ament_cmake_cppcheck: 0.17.4 (/workspace/jazzy_ws/install/share/ament_cmake_cppcheck/cmake)
-- Found ament_cmake_cpplint: 0.17.4 (/workspace/jazzy_ws/install/share/ament_cmake_cpplint/cmake)
-- Found ament_cmake_uncrustify: 0.17.4 (/workspace/jazzy_ws/install/share/ament_cmake_uncrustify/cmake)
-- Found ament_cmake_ros: 0.12.0 (/workspace/jazzy_ws/install/share/ament_cmake_ros/cmake)
-- Using all available rosidl_typesupport_c: rosidl_typesupport_fastrtps_c;rosidl_typesupport_introspection_c
-- Using all available rosidl_typesupport_cpp: rosidl_typesupport_fastrtps_cpp;rosidl_typesupport_introspection_cpp
-- Found python_cmake_module: 0.11.1 (/workspace/jazzy_ws/install/share/python_cmake_module/cmake)
-- Found PythonExtra: /usr/bin/python3  
-- Found Python3: /usr/bin/python3 (found version "3.12.3") found components: Interpreter Development NumPy Development.Module Development.Embed 
-- Found ament_cmake_flake8: 0.17.4 (/workspace/jazzy_ws/install/share/ament_cmake_flake8/cmake)
-- Found ament_cmake_pep257: 0.17.4 (/workspace/jazzy_ws/install/share/ament_cmake_pep257/cmake)
-- Found ament_lint_auto: 0.17.4 (/workspace/jazzy_ws/install/share/ament_lint_auto/cmake)
-- Added test 'copyright' to check source files copyright and LICENSE
-- Added test 'lint_cmake' to check CMake code style
-- Added test 'xmllint' to check XML markup files
-- Configuring done (1.4s)
-- Generating done (0.0s)
-- Build files have been written to: /workspace/jazzy_ws/build/service_msgs
[  2%] Generating type hashes for ROS interfaces
[  2%] Built target ament_cmake_python_copy_service_msgs
running egg_info
creating service_msgs.egg-info
writing service_msgs.egg-info/PKG-INFO
writing dependency_links to service_msgs.egg-info/dependency_links.txt
writing top-level names to service_msgs.egg-info/top_level.txt
writing manifest file 'service_msgs.egg-info/SOURCES.txt'
reading manifest file 'service_msgs.egg-info/SOURCES.txt'
writing manifest file 'service_msgs.egg-info/SOURCES.txt'
[  2%] Built target service_msgs__rosidl_generator_type_description
[  2%] Built target ament_cmake_python_build_service_msgs_egg
[  5%] Generating C code for ROS interfaces
[  8%] Generating C++ code for ROS interfaces
[  8%] Built target service_msgs__cpp
[ 11%] Building C object CMakeFiles/service_msgs__rosidl_generator_c.dir/rosidl_generator_c/service_msgs/msg/detail/service_event_info__description.c.o
[ 14%] Building C object CMakeFiles/service_msgs__rosidl_generator_c.dir/rosidl_generator_c/service_msgs/msg/detail/service_event_info__type_support.c.o
[ 17%] Building C object CMakeFiles/service_msgs__rosidl_generator_c.dir/rosidl_generator_c/service_msgs/msg/detail/service_event_info__functions.c.o
[ 20%] Linking C shared library libservice_msgs__rosidl_generator_c.so
[ 20%] Built target service_msgs__rosidl_generator_c
[ 38%] Generating C introspection for ROS interfaces
[ 38%] Generating C++ type support for eProsima Fast-RTPS
[ 38%] Generating C type support for eProsima Fast-RTPS
[ 38%] Generating C++ introspection for ROS interfaces
[ 38%] Generating C type support dispatch for ROS interfaces
[ 38%] Generating C++ type support dispatch for ROS interfaces
[ 41%] Building CXX object CMakeFiles/service_msgs__rosidl_typesupport_c.dir/rosidl_typesupport_c/service_msgs/msg/service_event_info__type_support.cpp.o
[ 44%] Building CXX object CMakeFiles/service_msgs__rosidl_typesupport_introspection_cpp.dir/rosidl_typesupport_introspection_cpp/service_msgs/msg/detail/service_event_info__type_support.cpp.o
[ 47%] Building C object CMakeFiles/service_msgs__rosidl_typesupport_introspection_c.dir/rosidl_typesupport_introspection_c/service_msgs/msg/detail/service_event_info__type_support.c.o
[ 50%] Building CXX object CMakeFiles/service_msgs__rosidl_typesupport_cpp.dir/rosidl_typesupport_cpp/service_msgs/msg/service_event_info__type_support.cpp.o
[ 52%] Building CXX object CMakeFiles/service_msgs__rosidl_typesupport_fastrtps_cpp.dir/rosidl_typesupport_fastrtps_cpp/service_msgs/msg/detail/dds_fastrtps/service_event_info__type_support.cpp.o
[ 55%] Building CXX object CMakeFiles/service_msgs__rosidl_typesupport_fastrtps_c.dir/rosidl_typesupport_fastrtps_c/service_msgs/msg/detail/service_event_info__type_support_c.cpp.o
[ 58%] Linking CXX shared library libservice_msgs__rosidl_typesupport_c.so
[ 61%] Linking C shared library libservice_msgs__rosidl_typesupport_introspection_c.so
[ 61%] Built target service_msgs__rosidl_typesupport_introspection_c
[ 61%] Built target service_msgs__rosidl_typesupport_c
[ 64%] Linking CXX shared library libservice_msgs__rosidl_typesupport_cpp.so
[ 67%] Linking CXX shared library libservice_msgs__rosidl_typesupport_introspection_cpp.so
[ 67%] Built target service_msgs__rosidl_typesupport_cpp
[ 67%] Built target service_msgs__rosidl_typesupport_introspection_cpp
[ 70%] Linking CXX shared library libservice_msgs__rosidl_typesupport_fastrtps_c.so
[ 73%] Linking CXX shared library libservice_msgs__rosidl_typesupport_fastrtps_cpp.so
[ 73%] Built target service_msgs__rosidl_typesupport_fastrtps_c
[ 73%] Built target service_msgs__rosidl_typesupport_fastrtps_cpp
[ 73%] Built target service_msgs
[ 76%] Generating Python code for ROS interfaces
[ 76%] Built target service_msgs__py
[ 79%] Building C object CMakeFiles/service_msgs__rosidl_generator_py.dir/rosidl_generator_py/service_msgs/msg/_service_event_info_s.c.o
[ 82%] Linking C shared library libservice_msgs__rosidl_generator_py.so
[ 82%] Built target service_msgs__rosidl_generator_py
[ 88%] Building C object CMakeFiles/service_msgs_s__rosidl_typesupport_fastrtps_c.dir/rosidl_generator_py/service_msgs/_service_msgs_s.ep.rosidl_typesupport_fastrtps_c.c.o
[ 88%] Building C object CMakeFiles/service_msgs_s__rosidl_typesupport_introspection_c.dir/rosidl_generator_py/service_msgs/_service_msgs_s.ep.rosidl_typesupport_introspection_c.c.o
[ 91%] Building C object CMakeFiles/service_msgs_s__rosidl_typesupport_c.dir/rosidl_generator_py/service_msgs/_service_msgs_s.ep.rosidl_typesupport_c.c.o
[ 97%] Linking C shared module rosidl_generator_py/service_msgs/service_msgs_s__rosidl_typesupport_c.so
[ 97%] Linking C shared module rosidl_generator_py/service_msgs/service_msgs_s__rosidl_typesupport_introspection_c.so
[100%] Linking C shared module rosidl_generator_py/service_msgs/service_msgs_s__rosidl_typesupport_fastrtps_c.so
[100%] Built target service_msgs_s__rosidl_typesupport_c
[100%] Built target service_msgs_s__rosidl_typesupport_introspection_c
[100%] Built target service_msgs_s__rosidl_typesupport_fastrtps_c
-- Install configuration: ""
-- Installing: /workspace/jazzy_ws/install/share/ament_index/resource_index/rosidl_interfaces/service_msgs
-- Installing: /workspace/jazzy_ws/install/share/service_msgs/msg/ServiceEventInfo.json
-- Installing: /workspace/jazzy_ws/install/include/service_msgs/service_msgs
-- Installing: /workspace/jazzy_ws/install/include/service_msgs/service_msgs/msg
-- Installing: /workspace/jazzy_ws/install/include/service_msgs/service_msgs/msg/detail
-- Installing: /workspace/jazzy_ws/install/include/service_msgs/service_msgs/msg/detail/service_event_info__functions.h
-- Installing: /workspace/jazzy_ws/install/include/service_msgs/service_msgs/msg/detail/service_event_info__functions.c
-- Installing: /workspace/jazzy_ws/install/include/service_msgs/service_msgs/msg/detail/service_event_info__struct.h
-- Installing: /workspace/jazzy_ws/install/include/service_msgs/service_msgs/msg/detail/service_event_info__type_support.h
-- Installing: /workspace/jazzy_ws/install/include/service_msgs/service_msgs/msg/detail/service_event_info__type_support.c
-- Installing: /workspace/jazzy_ws/install/include/service_msgs/service_msgs/msg/detail/service_event_info__description.c
-- Installing: /workspace/jazzy_ws/install/include/service_msgs/service_msgs/msg/service_event_info.h
-- Installing: /workspace/jazzy_ws/install/include/service_msgs/service_msgs/msg/rosidl_generator_c__visibility_control.h
-- Installing: /workspace/jazzy_ws/install/share/service_msgs/environment/library_path.sh
-- Installing: /workspace/jazzy_ws/install/share/service_msgs/environment/library_path.dsv
-- Installing: /workspace/jazzy_ws/install/lib/libservice_msgs__rosidl_generator_c.so
-- Set non-toolchain portion of runtime path of "/workspace/jazzy_ws/install/lib/libservice_msgs__rosidl_generator_c.so" to ""
-- Up-to-date: /workspace/jazzy_ws/install/include/service_msgs/service_msgs
-- Up-to-date: /workspace/jazzy_ws/install/include/service_msgs/service_msgs/msg
-- Up-to-date: /workspace/jazzy_ws/install/include/service_msgs/service_msgs/msg/detail
-- Installing: /workspace/jazzy_ws/install/include/service_msgs/service_msgs/msg/detail/service_event_info__rosidl_typesupport_fastrtps_c.h
-- Installing: /workspace/jazzy_ws/install/include/service_msgs/service_msgs/msg/rosidl_typesupport_fastrtps_c__visibility_control.h
-- Installing: /workspace/jazzy_ws/install/lib/libservice_msgs__rosidl_typesupport_fastrtps_c.so
-- Set non-toolchain portion of runtime path of "/workspace/jazzy_ws/install/lib/libservice_msgs__rosidl_typesupport_fastrtps_c.so" to ""
-- Up-to-date: /workspace/jazzy_ws/install/include/service_msgs/service_msgs
-- Up-to-date: /workspace/jazzy_ws/install/include/service_msgs/service_msgs/msg
-- Up-to-date: /workspace/jazzy_ws/install/include/service_msgs/service_msgs/msg/detail
-- Installing: /workspace/jazzy_ws/install/include/service_msgs/service_msgs/msg/detail/service_event_info__struct.hpp
-- Installing: /workspace/jazzy_ws/install/include/service_msgs/service_msgs/msg/detail/service_event_info__type_support.hpp
-- Installing: /workspace/jazzy_ws/install/include/service_msgs/service_msgs/msg/detail/service_event_info__builder.hpp
-- Installing: /workspace/jazzy_ws/install/include/service_msgs/service_msgs/msg/detail/service_event_info__traits.hpp
-- Installing: /workspace/jazzy_ws/install/include/service_msgs/service_msgs/msg/rosidl_generator_cpp__visibility_control.hpp
-- Installing: /workspace/jazzy_ws/install/include/service_msgs/service_msgs/msg/service_event_info.hpp
-- Up-to-date: /workspace/jazzy_ws/install/include/service_msgs/service_msgs
-- Up-to-date: /workspace/jazzy_ws/install/include/service_msgs/service_msgs/msg
-- Up-to-date: /workspace/jazzy_ws/install/include/service_msgs/service_msgs/msg/detail
-- Installing: /workspace/jazzy_ws/install/include/service_msgs/service_msgs/msg/detail/dds_fastrtps
-- Installing: /workspace/jazzy_ws/install/include/service_msgs/service_msgs/msg/detail/service_event_info__rosidl_typesupport_fastrtps_cpp.hpp
-- Installing: /workspace/jazzy_ws/install/include/service_msgs/service_msgs/msg/rosidl_typesupport_fastrtps_cpp__visibility_control.h
-- Installing: /workspace/jazzy_ws/install/lib/libservice_msgs__rosidl_typesupport_fastrtps_cpp.so
-- Set non-toolchain portion of runtime path of "/workspace/jazzy_ws/install/lib/libservice_msgs__rosidl_typesupport_fastrtps_cpp.so" to ""
-- Up-to-date: /workspace/jazzy_ws/install/include/service_msgs/service_msgs
-- Up-to-date: /workspace/jazzy_ws/install/include/service_msgs/service_msgs/msg
-- Up-to-date: /workspace/jazzy_ws/install/include/service_msgs/service_msgs/msg/detail
-- Up-to-date: /workspace/jazzy_ws/install/include/service_msgs/service_msgs/msg/detail/service_event_info__type_support.c
-- Installing: /workspace/jazzy_ws/install/include/service_msgs/service_msgs/msg/detail/service_event_info__rosidl_typesupport_introspection_c.h
-- Installing: /workspace/jazzy_ws/install/include/service_msgs/service_msgs/msg/rosidl_typesupport_introspection_c__visibility_control.h
-- Installing: /workspace/jazzy_ws/install/lib/libservice_msgs__rosidl_typesupport_introspection_c.so
-- Set non-toolchain portion of runtime path of "/workspace/jazzy_ws/install/lib/libservice_msgs__rosidl_typesupport_introspection_c.so" to ""
-- Installing: /workspace/jazzy_ws/install/lib/libservice_msgs__rosidl_typesupport_c.so
-- Set non-toolchain portion of runtime path of "/workspace/jazzy_ws/install/lib/libservice_msgs__rosidl_typesupport_c.so" to ""
-- Up-to-date: /workspace/jazzy_ws/install/include/service_msgs/service_msgs
-- Up-to-date: /workspace/jazzy_ws/install/include/service_msgs/service_msgs/msg
-- Up-to-date: /workspace/jazzy_ws/install/include/service_msgs/service_msgs/msg/detail
-- Installing: /workspace/jazzy_ws/install/include/service_msgs/service_msgs/msg/detail/service_event_info__type_support.cpp
-- Installing: /workspace/jazzy_ws/install/include/service_msgs/service_msgs/msg/detail/service_event_info__rosidl_typesupport_introspection_cpp.hpp
-- Installing: /workspace/jazzy_ws/install/lib/libservice_msgs__rosidl_typesupport_introspection_cpp.so
-- Set non-toolchain portion of runtime path of "/workspace/jazzy_ws/install/lib/libservice_msgs__rosidl_typesupport_introspection_cpp.so" to ""
-- Installing: /workspace/jazzy_ws/install/lib/libservice_msgs__rosidl_typesupport_cpp.so
-- Set non-toolchain portion of runtime path of "/workspace/jazzy_ws/install/lib/libservice_msgs__rosidl_typesupport_cpp.so" to ""
-- Installing: /workspace/jazzy_ws/install/share/service_msgs/environment/pythonpath.sh
-- Installing: /workspace/jazzy_ws/install/share/service_msgs/environment/pythonpath.dsv
-- Installing: /workspace/jazzy_ws/install/lib/python3.12/site-packages/service_msgs-2.0.3-py3.12.egg-info
-- Installing: /workspace/jazzy_ws/install/lib/python3.12/site-packages/service_msgs-2.0.3-py3.12.egg-info/PKG-INFO
-- Installing: /workspace/jazzy_ws/install/lib/python3.12/site-packages/service_msgs-2.0.3-py3.12.egg-info/SOURCES.txt
-- Installing: /workspace/jazzy_ws/install/lib/python3.12/site-packages/service_msgs-2.0.3-py3.12.egg-info/top_level.txt
-- Installing: /workspace/jazzy_ws/install/lib/python3.12/site-packages/service_msgs-2.0.3-py3.12.egg-info/dependency_links.txt
-- Installing: /workspace/jazzy_ws/install/lib/python3.12/site-packages/service_msgs
-- Installing: /workspace/jazzy_ws/install/lib/python3.12/site-packages/service_msgs/service_msgs_s__rosidl_typesupport_c.so
-- Installing: /workspace/jazzy_ws/install/lib/python3.12/site-packages/service_msgs/msg
-- Installing: /workspace/jazzy_ws/install/lib/python3.12/site-packages/service_msgs/msg/__init__.py
-- Installing: /workspace/jazzy_ws/install/lib/python3.12/site-packages/service_msgs/msg/_service_event_info.py
-- Installing: /workspace/jazzy_ws/install/lib/python3.12/site-packages/service_msgs/msg/_service_event_info_s.c
-- Installing: /workspace/jazzy_ws/install/lib/python3.12/site-packages/service_msgs/_service_msgs_s.ep.rosidl_typesupport_fastrtps_c.c
-- Installing: /workspace/jazzy_ws/install/lib/python3.12/site-packages/service_msgs/__init__.py
-- Installing: /workspace/jazzy_ws/install/lib/python3.12/site-packages/service_msgs/service_msgs_s__rosidl_typesupport_fastrtps_c.so
-- Installing: /workspace/jazzy_ws/install/lib/python3.12/site-packages/service_msgs/_service_msgs_s.ep.rosidl_typesupport_introspection_c.c
-- Installing: /workspace/jazzy_ws/install/lib/python3.12/site-packages/service_msgs/_service_msgs_s.ep.rosidl_typesupport_c.c
-- Installing: /workspace/jazzy_ws/install/lib/python3.12/site-packages/service_msgs/service_msgs_s__rosidl_typesupport_introspection_c.so
Listing '/workspace/jazzy_ws/install/lib/python3.12/site-packages/service_msgs'...
Compiling '/workspace/jazzy_ws/install/lib/python3.12/site-packages/service_msgs/__init__.py'...
Listing '/workspace/jazzy_ws/install/lib/python3.12/site-packages/service_msgs/msg'...
Compiling '/workspace/jazzy_ws/install/lib/python3.12/site-packages/service_msgs/msg/__init__.py'...
Compiling '/workspace/jazzy_ws/install/lib/python3.12/site-packages/service_msgs/msg/_service_event_info.py'...
-- Installing: /workspace/jazzy_ws/install/lib/python3.12/site-packages/service_msgs/service_msgs_s__rosidl_typesupport_fastrtps_c.so
-- Set non-toolchain portion of runtime path of "/workspace/jazzy_ws/install/lib/python3.12/site-packages/service_msgs/service_msgs_s__rosidl_typesupport_fastrtps_c.so" to ""
-- Installing: /workspace/jazzy_ws/install/lib/python3.12/site-packages/service_msgs/service_msgs_s__rosidl_typesupport_introspection_c.so
-- Set non-toolchain portion of runtime path of "/workspace/jazzy_ws/install/lib/python3.12/site-packages/service_msgs/service_msgs_s__rosidl_typesupport_introspection_c.so" to ""
-- Installing: /workspace/jazzy_ws/install/lib/python3.12/site-packages/service_msgs/service_msgs_s__rosidl_typesupport_c.so
-- Set non-toolchain portion of runtime path of "/workspace/jazzy_ws/install/lib/python3.12/site-packages/service_msgs/service_msgs_s__rosidl_typesupport_c.so" to ""
-- Installing: /workspace/jazzy_ws/install/lib/libservice_msgs__rosidl_generator_py.so
-- Set non-toolchain portion of runtime path of "/workspace/jazzy_ws/install/lib/libservice_msgs__rosidl_generator_py.so" to ""
-- Installing: /workspace/jazzy_ws/install/share/service_msgs/msg/ServiceEventInfo.idl
-- Installing: /workspace/jazzy_ws/install/share/service_msgs/msg/ServiceEventInfo.msg
-- Installing: /workspace/jazzy_ws/install/share/ament_index/resource_index/package_run_dependencies/service_msgs
-- Installing: /workspace/jazzy_ws/install/share/ament_index/resource_index/parent_prefix_path/service_msgs
-- Installing: /workspace/jazzy_ws/install/share/service_msgs/environment/ament_prefix_path.sh
-- Installing: /workspace/jazzy_ws/install/share/service_msgs/environment/ament_prefix_path.dsv
-- Installing: /workspace/jazzy_ws/install/share/service_msgs/environment/path.sh
-- Installing: /workspace/jazzy_ws/install/share/service_msgs/environment/path.dsv
-- Installing: /workspace/jazzy_ws/install/share/service_msgs/local_setup.bash
-- Installing: /workspace/jazzy_ws/install/share/service_msgs/local_setup.sh
-- Installing: /workspace/jazzy_ws/install/share/service_msgs/local_setup.zsh
-- Installing: /workspace/jazzy_ws/install/share/service_msgs/local_setup.dsv
-- Installing: /workspace/jazzy_ws/install/share/service_msgs/package.dsv
-- Installing: /workspace/jazzy_ws/install/share/ament_index/resource_index/packages/service_msgs
-- Installing: /workspace/jazzy_ws/install/share/service_msgs/cmake/export_service_msgs__rosidl_generator_cExport.cmake
-- Installing: /workspace/jazzy_ws/install/share/service_msgs/cmake/export_service_msgs__rosidl_generator_cExport-noconfig.cmake
-- Installing: /workspace/jazzy_ws/install/share/service_msgs/cmake/export_service_msgs__rosidl_typesupport_fastrtps_cExport.cmake
-- Installing: /workspace/jazzy_ws/install/share/service_msgs/cmake/export_service_msgs__rosidl_typesupport_fastrtps_cExport-noconfig.cmake
-- Installing: /workspace/jazzy_ws/install/share/service_msgs/cmake/export_service_msgs__rosidl_generator_cppExport.cmake
-- Installing: /workspace/jazzy_ws/install/share/service_msgs/cmake/export_service_msgs__rosidl_typesupport_fastrtps_cppExport.cmake
-- Installing: /workspace/jazzy_ws/install/share/service_msgs/cmake/export_service_msgs__rosidl_typesupport_fastrtps_cppExport-noconfig.cmake
-- Installing: /workspace/jazzy_ws/install/share/service_msgs/cmake/service_msgs__rosidl_typesupport_introspection_cExport.cmake
-- Installing: /workspace/jazzy_ws/install/share/service_msgs/cmake/service_msgs__rosidl_typesupport_introspection_cExport-noconfig.cmake
-- Installing: /workspace/jazzy_ws/install/share/service_msgs/cmake/service_msgs__rosidl_typesupport_cExport.cmake
-- Installing: /workspace/jazzy_ws/install/share/service_msgs/cmake/service_msgs__rosidl_typesupport_cExport-noconfig.cmake
-- Installing: /workspace/jazzy_ws/install/share/service_msgs/cmake/service_msgs__rosidl_typesupport_introspection_cppExport.cmake
-- Installing: /workspace/jazzy_ws/install/share/service_msgs/cmake/service_msgs__rosidl_typesupport_introspection_cppExport-noconfig.cmake
-- Installing: /workspace/jazzy_ws/install/share/service_msgs/cmake/service_msgs__rosidl_typesupport_cppExport.cmake
-- Installing: /workspace/jazzy_ws/install/share/service_msgs/cmake/service_msgs__rosidl_typesupport_cppExport-noconfig.cmake
-- Installing: /workspace/jazzy_ws/install/share/service_msgs/cmake/export_service_msgs__rosidl_generator_pyExport.cmake
-- Installing: /workspace/jazzy_ws/install/share/service_msgs/cmake/export_service_msgs__rosidl_generator_pyExport-noconfig.cmake
-- Installing: /workspace/jazzy_ws/install/share/service_msgs/cmake/rosidl_cmake-extras.cmake
-- Installing: /workspace/jazzy_ws/install/share/service_msgs/cmake/ament_cmake_export_dependencies-extras.cmake
-- Installing: /workspace/jazzy_ws/install/share/service_msgs/cmake/ament_cmake_export_include_directories-extras.cmake
-- Installing: /workspace/jazzy_ws/install/share/service_msgs/cmake/ament_cmake_export_libraries-extras.cmake
-- Installing: /workspace/jazzy_ws/install/share/service_msgs/cmake/ament_cmake_export_targets-extras.cmake
-- Installing: /workspace/jazzy_ws/install/share/service_msgs/cmake/rosidl_cmake_export_typesupport_targets-extras.cmake
-- Installing: /workspace/jazzy_ws/install/share/service_msgs/cmake/rosidl_cmake_export_typesupport_libraries-extras.cmake
-- Installing: /workspace/jazzy_ws/install/share/service_msgs/cmake/service_msgsConfig.cmake
-- Installing: /workspace/jazzy_ws/install/share/service_msgs/cmake/service_msgsConfig-version.cmake
-- Installing: /workspace/jazzy_ws/install/share/service_msgs/package.xml
