-- Found ament_cmake_core: 2.5.5 (/workspace/jazzy_ws/install/share/ament_cmake_core/cmake)
-- Found Python3: /usr/bin/python3 (found version "3.12.3") found components: Interpreter 
-- Configuring done (0.2s)
-- Generating done (0.0s)
-- Build files have been written to: /workspace/jazzy_ws/build/ament_cmake_gmock
-- Install configuration: ""
-- Installing: /workspace/jazzy_ws/install/share/ament_index/resource_index/package_run_dependencies/ament_cmake_gmock
-- Installing: /workspace/jazzy_ws/install/share/ament_index/resource_index/parent_prefix_path/ament_cmake_gmock
-- Installing: /workspace/jazzy_ws/install/share/ament_cmake_gmock/environment/ament_prefix_path.sh
-- Installing: /workspace/jazzy_ws/install/share/ament_cmake_gmock/environment/ament_prefix_path.dsv
-- Installing: /workspace/jazzy_ws/install/share/ament_cmake_gmock/environment/path.sh
-- Installing: /workspace/jazzy_ws/install/share/ament_cmake_gmock/environment/path.dsv
-- Installing: /workspace/jazzy_ws/install/share/ament_cmake_gmock/local_setup.bash
-- Installing: /workspace/jazzy_ws/install/share/ament_cmake_gmock/local_setup.sh
-- Installing: /workspace/jazzy_ws/install/share/ament_cmake_gmock/local_setup.zsh
-- Installing: /workspace/jazzy_ws/install/share/ament_cmake_gmock/local_setup.dsv
-- Installing: /workspace/jazzy_ws/install/share/ament_cmake_gmock/package.dsv
-- Installing: /workspace/jazzy_ws/install/share/ament_index/resource_index/packages/ament_cmake_gmock
-- Installing: /workspace/jazzy_ws/install/share/ament_cmake_gmock/cmake/ament_cmake_gmock-extras.cmake
-- Installing: /workspace/jazzy_ws/install/share/ament_cmake_gmock/cmake/ament_cmake_gmockConfig.cmake
-- Installing: /workspace/jazzy_ws/install/share/ament_cmake_gmock/cmake/ament_cmake_gmockConfig-version.cmake
-- Installing: /workspace/jazzy_ws/install/share/ament_cmake_gmock/package.xml
-- Up-to-date: /workspace/jazzy_ws/install/share/ament_cmake_gmock/cmake
-- Installing: /workspace/jazzy_ws/install/share/ament_cmake_gmock/cmake/ament_add_gmock_test.cmake
-- Installing: /workspace/jazzy_ws/install/share/ament_cmake_gmock/cmake/ament_find_gmock.cmake
-- Installing: /workspace/jazzy_ws/install/share/ament_cmake_gmock/cmake/ament_add_gmock.cmake
-- Installing: /workspace/jazzy_ws/install/share/ament_cmake_gmock/cmake/ament_add_gmock_executable.cmake
