[0.015s] Invoking command in '/workspace/jazzy_ws/build/ament_cmake_gmock': AMENT_PREFIX_PATH=/workspace/jazzy_ws/install CMAKE_PREFIX_PATH=/workspace/jazzy_ws/install LD_LIBRARY_PATH=/workspace/jazzy_ws/install/lib PATH=/workspace/jazzy_ws/install/bin:${PATH} PKG_CONFIG_PATH=/workspace/jazzy_ws/install/lib/x86_64-linux-gnu/pkgconfig:/workspace/jazzy_ws/install/lib/pkgconfig PYTHONPATH=/workspace/jazzy_ws/install/lib/python3.12/site-packages /usr/bin/cmake /workspace/jazzy_ws/src/ament_cmake/ament_cmake_gmock -DCMAKE_INSTALL_PREFIX=/workspace/jazzy_ws/install
[0.022s] -- Found ament_cmake_core: 2.5.5 (/workspace/jazzy_ws/install/share/ament_cmake_core/cmake)
[0.103s] -- Found Python3: /usr/bin/python3 (found version "3.12.3") found components: Interpreter 
[0.211s] -- Configuring done (0.2s)
[0.212s] -- Generating done (0.0s)
[0.213s] -- Build files have been written to: /workspace/jazzy_ws/build/ament_cmake_gmock
[0.214s] Invoked command in '/workspace/jazzy_ws/build/ament_cmake_gmock' returned '0': AMENT_PREFIX_PATH=/workspace/jazzy_ws/install CMAKE_PREFIX_PATH=/workspace/jazzy_ws/install LD_LIBRARY_PATH=/workspace/jazzy_ws/install/lib PATH=/workspace/jazzy_ws/install/bin:${PATH} PKG_CONFIG_PATH=/workspace/jazzy_ws/install/lib/x86_64-linux-gnu/pkgconfig:/workspace/jazzy_ws/install/lib/pkgconfig PYTHONPATH=/workspace/jazzy_ws/install/lib/python3.12/site-packages /usr/bin/cmake /workspace/jazzy_ws/src/ament_cmake/ament_cmake_gmock -DCMAKE_INSTALL_PREFIX=/workspace/jazzy_ws/install
[0.214s] Invoking command in '/workspace/jazzy_ws/build/ament_cmake_gmock': AMENT_PREFIX_PATH=/workspace/jazzy_ws/install CMAKE_PREFIX_PATH=/workspace/jazzy_ws/install LD_LIBRARY_PATH=/workspace/jazzy_ws/install/lib PATH=/workspace/jazzy_ws/install/bin:${PATH} PKG_CONFIG_PATH=/workspace/jazzy_ws/install/lib/x86_64-linux-gnu/pkgconfig:/workspace/jazzy_ws/install/lib/pkgconfig PYTHONPATH=/workspace/jazzy_ws/install/lib/python3.12/site-packages /usr/bin/cmake --build /workspace/jazzy_ws/build/ament_cmake_gmock -- -j24 -l24
[0.233s] Invoked command in '/workspace/jazzy_ws/build/ament_cmake_gmock' returned '0': AMENT_PREFIX_PATH=/workspace/jazzy_ws/install CMAKE_PREFIX_PATH=/workspace/jazzy_ws/install LD_LIBRARY_PATH=/workspace/jazzy_ws/install/lib PATH=/workspace/jazzy_ws/install/bin:${PATH} PKG_CONFIG_PATH=/workspace/jazzy_ws/install/lib/x86_64-linux-gnu/pkgconfig:/workspace/jazzy_ws/install/lib/pkgconfig PYTHONPATH=/workspace/jazzy_ws/install/lib/python3.12/site-packages /usr/bin/cmake --build /workspace/jazzy_ws/build/ament_cmake_gmock -- -j24 -l24
[0.234s] Invoking command in '/workspace/jazzy_ws/build/ament_cmake_gmock': AMENT_PREFIX_PATH=/workspace/jazzy_ws/install CMAKE_PREFIX_PATH=/workspace/jazzy_ws/install LD_LIBRARY_PATH=/workspace/jazzy_ws/install/lib PATH=/workspace/jazzy_ws/install/bin:${PATH} PKG_CONFIG_PATH=/workspace/jazzy_ws/install/lib/x86_64-linux-gnu/pkgconfig:/workspace/jazzy_ws/install/lib/pkgconfig PYTHONPATH=/workspace/jazzy_ws/install/lib/python3.12/site-packages /usr/bin/cmake --install /workspace/jazzy_ws/build/ament_cmake_gmock
[0.238s] -- Install configuration: ""
[0.238s] -- Installing: /workspace/jazzy_ws/install/share/ament_index/resource_index/package_run_dependencies/ament_cmake_gmock
[0.238s] -- Installing: /workspace/jazzy_ws/install/share/ament_index/resource_index/parent_prefix_path/ament_cmake_gmock
[0.238s] -- Installing: /workspace/jazzy_ws/install/share/ament_cmake_gmock/environment/ament_prefix_path.sh
[0.238s] -- Installing: /workspace/jazzy_ws/install/share/ament_cmake_gmock/environment/ament_prefix_path.dsv
[0.239s] -- Installing: /workspace/jazzy_ws/install/share/ament_cmake_gmock/environment/path.sh
[0.239s] -- Installing: /workspace/jazzy_ws/install/share/ament_cmake_gmock/environment/path.dsv
[0.239s] -- Installing: /workspace/jazzy_ws/install/share/ament_cmake_gmock/local_setup.bash
[0.239s] -- Installing: /workspace/jazzy_ws/install/share/ament_cmake_gmock/local_setup.sh
[0.239s] -- Installing: /workspace/jazzy_ws/install/share/ament_cmake_gmock/local_setup.zsh
[0.239s] -- Installing: /workspace/jazzy_ws/install/share/ament_cmake_gmock/local_setup.dsv
[0.240s] -- Installing: /workspace/jazzy_ws/install/share/ament_cmake_gmock/package.dsv
[0.240s] -- Installing: /workspace/jazzy_ws/install/share/ament_index/resource_index/packages/ament_cmake_gmock
[0.240s] -- Installing: /workspace/jazzy_ws/install/share/ament_cmake_gmock/cmake/ament_cmake_gmock-extras.cmake
[0.240s] -- Installing: /workspace/jazzy_ws/install/share/ament_cmake_gmock/cmake/ament_cmake_gmockConfig.cmake
[0.240s] -- Installing: /workspace/jazzy_ws/install/share/ament_cmake_gmock/cmake/ament_cmake_gmockConfig-version.cmake
[0.240s] -- Installing: /workspace/jazzy_ws/install/share/ament_cmake_gmock/package.xml
[0.240s] -- Up-to-date: /workspace/jazzy_ws/install/share/ament_cmake_gmock/cmake
[0.240s] -- Installing: /workspace/jazzy_ws/install/share/ament_cmake_gmock/cmake/ament_add_gmock_test.cmake
[0.240s] -- Installing: /workspace/jazzy_ws/install/share/ament_cmake_gmock/cmake/ament_find_gmock.cmake
[0.240s] -- Installing: /workspace/jazzy_ws/install/share/ament_cmake_gmock/cmake/ament_add_gmock.cmake
[0.240s] -- Installing: /workspace/jazzy_ws/install/share/ament_cmake_gmock/cmake/ament_add_gmock_executable.cmake
[0.241s] Invoked command in '/workspace/jazzy_ws/build/ament_cmake_gmock' returned '0': AMENT_PREFIX_PATH=/workspace/jazzy_ws/install CMAKE_PREFIX_PATH=/workspace/jazzy_ws/install LD_LIBRARY_PATH=/workspace/jazzy_ws/install/lib PATH=/workspace/jazzy_ws/install/bin:${PATH} PKG_CONFIG_PATH=/workspace/jazzy_ws/install/lib/x86_64-linux-gnu/pkgconfig:/workspace/jazzy_ws/install/lib/pkgconfig PYTHONPATH=/workspace/jazzy_ws/install/lib/python3.12/site-packages /usr/bin/cmake --install /workspace/jazzy_ws/build/ament_cmake_gmock
