[0.024s] Invoking command in '/workspace/build_ws/build/carter_navigation': /usr/bin/cmake /workspace/build_ws/src/navigation/carter_navigation -DCMAKE_INSTALL_PREFIX=/workspace/build_ws/install/carter_navigation
[0.344s] -- The C compiler identification is GNU 13.3.0
[0.344s] -- The CXX compiler identification is GNU 13.3.0
[0.344s] -- Detecting C compiler ABI info
[0.344s] -- Detecting C compiler ABI info - done
[0.344s] -- Check for working C compiler: /usr/bin/cc - skipped
[0.344s] -- Detecting C compile features
[0.344s] -- Detecting C compile features - done
[0.344s] -- Detecting CXX compiler ABI info
[0.344s] -- Detecting CXX compiler ABI info - done
[0.344s] -- Check for working CXX compiler: /usr/bin/c++ - skipped
[0.344s] -- Detecting CXX compile features
[0.344s] -- Detecting CXX compile features - done
[0.344s] -- Found ament_cmake: 2.5.5 (/workspace/jazzy_ws/install/share/ament_cmake/cmake)
[0.344s] -- Found Python3: /usr/bin/python3 (found version "3.12.3") found components: Interpreter 
[0.387s] -- Configuring done (0.4s)
[0.389s] -- Generating done (0.0s)
[0.390s] -- Build files have been written to: /workspace/build_ws/build/carter_navigation
[0.392s] Invoked command in '/workspace/build_ws/build/carter_navigation' returned '0': /usr/bin/cmake /workspace/build_ws/src/navigation/carter_navigation -DCMAKE_INSTALL_PREFIX=/workspace/build_ws/install/carter_navigation
[0.393s] Invoking command in '/workspace/build_ws/build/carter_navigation': /usr/bin/cmake --build /workspace/build_ws/build/carter_navigation -- -j24 -l24
[0.416s] Invoked command in '/workspace/build_ws/build/carter_navigation' returned '0': /usr/bin/cmake --build /workspace/build_ws/build/carter_navigation -- -j24 -l24
[0.422s] Invoking command in '/workspace/build_ws/build/carter_navigation': /usr/bin/cmake --install /workspace/build_ws/build/carter_navigation
[0.426s] -- Install configuration: ""
[0.426s] -- Installing: /workspace/build_ws/install/carter_navigation/share/carter_navigation/launch
[0.426s] -- Installing: /workspace/build_ws/install/carter_navigation/share/carter_navigation/launch/multiple_robot_carter_navigation_office.launch.py
[0.426s] -- Installing: /workspace/build_ws/install/carter_navigation/share/carter_navigation/launch/carter_navigation.launch.py
[0.426s] -- Installing: /workspace/build_ws/install/carter_navigation/share/carter_navigation/launch/multiple_robot_carter_navigation_hospital.launch.py
[0.426s] -- Installing: /workspace/build_ws/install/carter_navigation/share/carter_navigation/launch/nova_carter_description_isaac_sim.launch.py
[0.426s] -- Installing: /workspace/build_ws/install/carter_navigation/share/carter_navigation/launch/carter_navigation_individual.launch.py
[0.426s] -- Installing: /workspace/build_ws/install/carter_navigation/share/carter_navigation/launch/carter_navigation_isaacsim.launch.py
[0.426s] -- Installing: /workspace/build_ws/install/carter_navigation/share/carter_navigation/params
[0.426s] -- Installing: /workspace/build_ws/install/carter_navigation/share/carter_navigation/params/office
[0.426s] -- Installing: /workspace/build_ws/install/carter_navigation/share/carter_navigation/params/office/multi_robot_carter_navigation_params_1.yaml
[0.426s] -- Installing: /workspace/build_ws/install/carter_navigation/share/carter_navigation/params/office/multi_robot_carter_navigation_params_2.yaml
[0.426s] -- Installing: /workspace/build_ws/install/carter_navigation/share/carter_navigation/params/office/multi_robot_carter_navigation_params_3.yaml
[0.426s] -- Installing: /workspace/build_ws/install/carter_navigation/share/carter_navigation/params/hospital
[0.426s] -- Installing: /workspace/build_ws/install/carter_navigation/share/carter_navigation/params/hospital/multi_robot_carter_navigation_params_1.yaml
[0.427s] -- Installing: /workspace/build_ws/install/carter_navigation/share/carter_navigation/params/hospital/multi_robot_carter_navigation_params_2.yaml
[0.427s] -- Installing: /workspace/build_ws/install/carter_navigation/share/carter_navigation/params/hospital/multi_robot_carter_navigation_params_3.yaml
[0.427s] -- Installing: /workspace/build_ws/install/carter_navigation/share/carter_navigation/params/carter_navigation_params.yaml
[0.427s] -- Installing: /workspace/build_ws/install/carter_navigation/share/carter_navigation/maps
[0.427s] -- Installing: /workspace/build_ws/install/carter_navigation/share/carter_navigation/maps/carter_office_navigation.png
[0.427s] -- Installing: /workspace/build_ws/install/carter_navigation/share/carter_navigation/maps/carter_hospital_navigation.yaml
[0.427s] -- Installing: /workspace/build_ws/install/carter_navigation/share/carter_navigation/maps/carter_warehouse_navigation.yaml
[0.427s] -- Installing: /workspace/build_ws/install/carter_navigation/share/carter_navigation/maps/carter_office_navigation.yaml
[0.427s] -- Installing: /workspace/build_ws/install/carter_navigation/share/carter_navigation/maps/carter_hospital_navigation.png
[0.427s] -- Installing: /workspace/build_ws/install/carter_navigation/share/carter_navigation/maps/carter_warehouse_navigation.png
[0.427s] -- Installing: /workspace/build_ws/install/carter_navigation/share/carter_navigation/rviz2
[0.427s] -- Installing: /workspace/build_ws/install/carter_navigation/share/carter_navigation/rviz2/carter_navigation_namespaced.rviz
[0.428s] -- Installing: /workspace/build_ws/install/carter_navigation/share/carter_navigation/rviz2/carter_navigation.rviz
[0.428s] -- Installing: /workspace/build_ws/install/carter_navigation/share/ament_index/resource_index/package_run_dependencies/carter_navigation
[0.428s] -- Installing: /workspace/build_ws/install/carter_navigation/share/ament_index/resource_index/parent_prefix_path/carter_navigation
[0.428s] -- Installing: /workspace/build_ws/install/carter_navigation/share/carter_navigation/environment/ament_prefix_path.sh
[0.428s] -- Installing: /workspace/build_ws/install/carter_navigation/share/carter_navigation/environment/ament_prefix_path.dsv
[0.428s] -- Installing: /workspace/build_ws/install/carter_navigation/share/carter_navigation/environment/path.sh
[0.428s] -- Installing: /workspace/build_ws/install/carter_navigation/share/carter_navigation/environment/path.dsv
[0.428s] -- Installing: /workspace/build_ws/install/carter_navigation/share/carter_navigation/local_setup.bash
[0.428s] -- Installing: /workspace/build_ws/install/carter_navigation/share/carter_navigation/local_setup.sh
[0.428s] -- Installing: /workspace/build_ws/install/carter_navigation/share/carter_navigation/local_setup.zsh
[0.428s] -- Installing: /workspace/build_ws/install/carter_navigation/share/carter_navigation/local_setup.dsv
[0.428s] -- Installing: /workspace/build_ws/install/carter_navigation/share/carter_navigation/package.dsv
[0.428s] -- Installing: /workspace/build_ws/install/carter_navigation/share/ament_index/resource_index/packages/carter_navigation
[0.429s] -- Installing: /workspace/build_ws/install/carter_navigation/share/carter_navigation/cmake/carter_navigationConfig.cmake
[0.429s] -- Installing: /workspace/build_ws/install/carter_navigation/share/carter_navigation/cmake/carter_navigationConfig-version.cmake
[0.429s] -- Installing: /workspace/build_ws/install/carter_navigation/share/carter_navigation/package.xml
[0.430s] Invoked command in '/workspace/build_ws/build/carter_navigation' returned '0': /usr/bin/cmake --install /workspace/build_ws/build/carter_navigation
