running egg_info
creating ../../../build/ament_xmllint/ament_xmllint.egg-info
writing ../../../build/ament_xmllint/ament_xmllint.egg-info/PKG-INFO
writing dependency_links to ../../../build/ament_xmllint/ament_xmllint.egg-info/dependency_links.txt
writing entry points to ../../../build/ament_xmllint/ament_xmllint.egg-info/entry_points.txt
writing requirements to ../../../build/ament_xmllint/ament_xmllint.egg-info/requires.txt
writing top-level names to ../../../build/ament_xmllint/ament_xmllint.egg-info/top_level.txt
writing manifest file '../../../build/ament_xmllint/ament_xmllint.egg-info/SOURCES.txt'
reading manifest file '../../../build/ament_xmllint/ament_xmllint.egg-info/SOURCES.txt'
writing manifest file '../../../build/ament_xmllint/ament_xmllint.egg-info/SOURCES.txt'
running build
running build_py
creating /workspace/jazzy_ws/build/ament_xmllint/build/lib/ament_xmllint
copying ament_xmllint/pytest_marker.py -> /workspace/jazzy_ws/build/ament_xmllint/build/lib/ament_xmllint
copying ament_xmllint/main.py -> /workspace/jazzy_ws/build/ament_xmllint/build/lib/ament_xmllint
copying ament_xmllint/__init__.py -> /workspace/jazzy_ws/build/ament_xmllint/build/lib/ament_xmllint
running install
running install_lib
creating /workspace/jazzy_ws/install/lib/python3.12/site-packages/ament_xmllint
copying /workspace/jazzy_ws/build/ament_xmllint/build/lib/ament_xmllint/pytest_marker.py -> /workspace/jazzy_ws/install/lib/python3.12/site-packages/ament_xmllint
copying /workspace/jazzy_ws/build/ament_xmllint/build/lib/ament_xmllint/main.py -> /workspace/jazzy_ws/install/lib/python3.12/site-packages/ament_xmllint
copying /workspace/jazzy_ws/build/ament_xmllint/build/lib/ament_xmllint/__init__.py -> /workspace/jazzy_ws/install/lib/python3.12/site-packages/ament_xmllint
byte-compiling /workspace/jazzy_ws/install/lib/python3.12/site-packages/ament_xmllint/pytest_marker.py to pytest_marker.cpython-312.pyc
byte-compiling /workspace/jazzy_ws/install/lib/python3.12/site-packages/ament_xmllint/main.py to main.cpython-312.pyc
byte-compiling /workspace/jazzy_ws/install/lib/python3.12/site-packages/ament_xmllint/__init__.py to __init__.cpython-312.pyc
running install_data
copying package.xml -> /workspace/jazzy_ws/install/share/ament_xmllint
copying resource/ament_xmllint -> /workspace/jazzy_ws/install/share/ament_index/resource_index/packages
running install_egg_info
Copying ../../../build/ament_xmllint/ament_xmllint.egg-info to /workspace/jazzy_ws/install/lib/python3.12/site-packages/ament_xmllint-0.17.4-py3.12.egg-info
running install_scripts
Installing ament_xmllint script to /workspace/jazzy_ws/install/bin
writing list of installed files to '/workspace/jazzy_ws/build/ament_xmllint/install.log'
