[0.728s] Invoking command in '/workspace/jazzy_ws/src/ament_lint/ament_xmllint': AMENT_PREFIX_PATH=/workspace/jazzy_ws/install CMAKE_PREFIX_PATH=/workspace/jazzy_ws/install LD_LIBRARY_PATH=/workspace/jazzy_ws/install/lib PATH=/workspace/jazzy_ws/install/bin:${PATH} PYTHONPATH=/workspace/jazzy_ws/build/ament_xmllint/prefix_override:/usr/lib/python3/dist-packages/colcon_core/task/python/colcon_distutils_commands:/workspace/jazzy_ws/install/lib/python3.12/site-packages:/workspace/jazzy_ws/install/lib/python3.12/site-packages /usr/bin/python3 -W ignore:setup.py install is deprecated -W ignore:easy_install command is deprecated setup.py egg_info --egg-base ../../../build/ament_xmllint build --build-base /workspace/jazzy_ws/build/ament_xmllint/build install --record /workspace/jazzy_ws/build/ament_xmllint/install.log --single-version-externally-managed install_data
[0.805s] /usr/local/lib/python3.12/dist-packages/setuptools/_distutils/dist.py:287: UserWarning: Unknown distribution option: 'tests_require'
[0.805s]   warnings.warn(msg)
[0.814s] /usr/local/lib/python3.12/dist-packages/setuptools/dist.py:765: SetuptoolsDeprecationWarning: License classifiers are deprecated.
[0.814s] !!
[0.814s] 
[0.814s]         ********************************************************************************
[0.814s]         Please consider removing the following classifiers in favor of a SPDX license expression:
[0.814s] 
[0.814s]         License :: OSI Approved :: Apache Software License
[0.814s] 
[0.814s]         See https://packaging.python.org/en/latest/guides/writing-pyproject-toml/#license for details.
[0.814s]         ********************************************************************************
[0.814s] 
[0.814s] !!
[0.814s]   self._finalize_license_expression()
[0.830s] running egg_info
[0.834s] creating ../../../build/ament_xmllint/ament_xmllint.egg-info
[0.834s] writing ../../../build/ament_xmllint/ament_xmllint.egg-info/PKG-INFO
[0.834s] writing dependency_links to ../../../build/ament_xmllint/ament_xmllint.egg-info/dependency_links.txt
[0.834s] writing entry points to ../../../build/ament_xmllint/ament_xmllint.egg-info/entry_points.txt
[0.834s] writing requirements to ../../../build/ament_xmllint/ament_xmllint.egg-info/requires.txt
[0.834s] writing top-level names to ../../../build/ament_xmllint/ament_xmllint.egg-info/top_level.txt
[0.834s] writing manifest file '../../../build/ament_xmllint/ament_xmllint.egg-info/SOURCES.txt'
[0.844s] reading manifest file '../../../build/ament_xmllint/ament_xmllint.egg-info/SOURCES.txt'
[0.844s] writing manifest file '../../../build/ament_xmllint/ament_xmllint.egg-info/SOURCES.txt'
[0.844s] running build
[0.844s] running build_py
[0.844s] creating /workspace/jazzy_ws/build/ament_xmllint/build/lib/ament_xmllint
[0.844s] copying ament_xmllint/pytest_marker.py -> /workspace/jazzy_ws/build/ament_xmllint/build/lib/ament_xmllint
[0.844s] copying ament_xmllint/main.py -> /workspace/jazzy_ws/build/ament_xmllint/build/lib/ament_xmllint
[0.844s] copying ament_xmllint/__init__.py -> /workspace/jazzy_ws/build/ament_xmllint/build/lib/ament_xmllint
[0.845s] running install
[0.847s] running install_lib
[0.866s] creating /workspace/jazzy_ws/install/lib/python3.12/site-packages/ament_xmllint
[0.866s] copying /workspace/jazzy_ws/build/ament_xmllint/build/lib/ament_xmllint/pytest_marker.py -> /workspace/jazzy_ws/install/lib/python3.12/site-packages/ament_xmllint
[0.866s] copying /workspace/jazzy_ws/build/ament_xmllint/build/lib/ament_xmllint/main.py -> /workspace/jazzy_ws/install/lib/python3.12/site-packages/ament_xmllint
[0.866s] copying /workspace/jazzy_ws/build/ament_xmllint/build/lib/ament_xmllint/__init__.py -> /workspace/jazzy_ws/install/lib/python3.12/site-packages/ament_xmllint
[0.866s] byte-compiling /workspace/jazzy_ws/install/lib/python3.12/site-packages/ament_xmllint/pytest_marker.py to pytest_marker.cpython-312.pyc
[0.866s] byte-compiling /workspace/jazzy_ws/install/lib/python3.12/site-packages/ament_xmllint/main.py to main.cpython-312.pyc
[0.866s] byte-compiling /workspace/jazzy_ws/install/lib/python3.12/site-packages/ament_xmllint/__init__.py to __init__.cpython-312.pyc
[0.866s] running install_data
[0.866s] copying package.xml -> /workspace/jazzy_ws/install/share/ament_xmllint
[0.866s] copying resource/ament_xmllint -> /workspace/jazzy_ws/install/share/ament_index/resource_index/packages
[0.866s] running install_egg_info
[0.866s] Copying ../../../build/ament_xmllint/ament_xmllint.egg-info to /workspace/jazzy_ws/install/lib/python3.12/site-packages/ament_xmllint-0.17.4-py3.12.egg-info
[0.866s] running install_scripts
[0.869s] Installing ament_xmllint script to /workspace/jazzy_ws/install/bin
[0.870s] writing list of installed files to '/workspace/jazzy_ws/build/ament_xmllint/install.log'
[0.881s] Invoked command in '/workspace/jazzy_ws/src/ament_lint/ament_xmllint' returned '0': AMENT_PREFIX_PATH=/workspace/jazzy_ws/install CMAKE_PREFIX_PATH=/workspace/jazzy_ws/install LD_LIBRARY_PATH=/workspace/jazzy_ws/install/lib PATH=/workspace/jazzy_ws/install/bin:${PATH} PYTHONPATH=/workspace/jazzy_ws/build/ament_xmllint/prefix_override:/usr/lib/python3/dist-packages/colcon_core/task/python/colcon_distutils_commands:/workspace/jazzy_ws/install/lib/python3.12/site-packages:/workspace/jazzy_ws/install/lib/python3.12/site-packages /usr/bin/python3 -W ignore:setup.py install is deprecated -W ignore:easy_install command is deprecated setup.py egg_info --egg-base ../../../build/ament_xmllint build --build-base /workspace/jazzy_ws/build/ament_xmllint/build install --record /workspace/jazzy_ws/build/ament_xmllint/install.log --single-version-externally-managed install_data
