/workspace/jazzy_ws/install/lib/python3.12/site-packages/rosidl_cli/cli.py
/workspace/jazzy_ws/install/lib/python3.12/site-packages/rosidl_cli/__init__.py
/workspace/jazzy_ws/install/lib/python3.12/site-packages/rosidl_cli/entry_points.py
/workspace/jazzy_ws/install/lib/python3.12/site-packages/rosidl_cli/extensions.py
/workspace/jazzy_ws/install/lib/python3.12/site-packages/rosidl_cli/common.py
/workspace/jazzy_ws/install/lib/python3.12/site-packages/rosidl_cli/command/__init__.py
/workspace/jazzy_ws/install/lib/python3.12/site-packages/rosidl_cli/command/helpers.py
/workspace/jazzy_ws/install/lib/python3.12/site-packages/rosidl_cli/command/generate/api.py
/workspace/jazzy_ws/install/lib/python3.12/site-packages/rosidl_cli/command/generate/__init__.py
/workspace/jazzy_ws/install/lib/python3.12/site-packages/rosidl_cli/command/generate/extensions.py
/workspace/jazzy_ws/install/lib/python3.12/site-packages/rosidl_cli/command/translate/api.py
/workspace/jazzy_ws/install/lib/python3.12/site-packages/rosidl_cli/command/translate/__init__.py
/workspace/jazzy_ws/install/lib/python3.12/site-packages/rosidl_cli/command/translate/extensions.py
/workspace/jazzy_ws/install/lib/python3.12/site-packages/rosidl_cli/command/hash/api.py
/workspace/jazzy_ws/install/lib/python3.12/site-packages/rosidl_cli/command/hash/__init__.py
/workspace/jazzy_ws/install/lib/python3.12/site-packages/rosidl_cli/command/hash/extensions.py
/workspace/jazzy_ws/install/lib/python3.12/site-packages/rosidl_cli/__pycache__/cli.cpython-312.pyc
/workspace/jazzy_ws/install/lib/python3.12/site-packages/rosidl_cli/__pycache__/__init__.cpython-312.pyc
/workspace/jazzy_ws/install/lib/python3.12/site-packages/rosidl_cli/__pycache__/entry_points.cpython-312.pyc
/workspace/jazzy_ws/install/lib/python3.12/site-packages/rosidl_cli/__pycache__/extensions.cpython-312.pyc
/workspace/jazzy_ws/install/lib/python3.12/site-packages/rosidl_cli/__pycache__/common.cpython-312.pyc
/workspace/jazzy_ws/install/lib/python3.12/site-packages/rosidl_cli/command/__pycache__/__init__.cpython-312.pyc
/workspace/jazzy_ws/install/lib/python3.12/site-packages/rosidl_cli/command/__pycache__/helpers.cpython-312.pyc
/workspace/jazzy_ws/install/lib/python3.12/site-packages/rosidl_cli/command/generate/__pycache__/api.cpython-312.pyc
/workspace/jazzy_ws/install/lib/python3.12/site-packages/rosidl_cli/command/generate/__pycache__/__init__.cpython-312.pyc
/workspace/jazzy_ws/install/lib/python3.12/site-packages/rosidl_cli/command/generate/__pycache__/extensions.cpython-312.pyc
/workspace/jazzy_ws/install/lib/python3.12/site-packages/rosidl_cli/command/translate/__pycache__/api.cpython-312.pyc
/workspace/jazzy_ws/install/lib/python3.12/site-packages/rosidl_cli/command/translate/__pycache__/__init__.cpython-312.pyc
/workspace/jazzy_ws/install/lib/python3.12/site-packages/rosidl_cli/command/translate/__pycache__/extensions.cpython-312.pyc
/workspace/jazzy_ws/install/lib/python3.12/site-packages/rosidl_cli/command/hash/__pycache__/api.cpython-312.pyc
/workspace/jazzy_ws/install/lib/python3.12/site-packages/rosidl_cli/command/hash/__pycache__/__init__.cpython-312.pyc
/workspace/jazzy_ws/install/lib/python3.12/site-packages/rosidl_cli/command/hash/__pycache__/extensions.cpython-312.pyc
/workspace/jazzy_ws/install/share/ament_index/resource_index/packages/rosidl_cli
/workspace/jazzy_ws/install/share/rosidl_cli/package.xml
/workspace/jazzy_ws/install/share/rosidl_cli/package.dsv
/workspace/jazzy_ws/install/share/rosidl_cli/environment/rosidl-argcomplete.bash
/workspace/jazzy_ws/install/share/rosidl_cli/environment/rosidl-argcomplete.zsh
/workspace/jazzy_ws/install/lib/python3.12/site-packages/rosidl_cli-4.6.7-py3.12.egg-info/PKG-INFO
/workspace/jazzy_ws/install/lib/python3.12/site-packages/rosidl_cli-4.6.7-py3.12.egg-info/SOURCES.txt
/workspace/jazzy_ws/install/lib/python3.12/site-packages/rosidl_cli-4.6.7-py3.12.egg-info/not-zip-safe
/workspace/jazzy_ws/install/lib/python3.12/site-packages/rosidl_cli-4.6.7-py3.12.egg-info/requires.txt
/workspace/jazzy_ws/install/lib/python3.12/site-packages/rosidl_cli-4.6.7-py3.12.egg-info/top_level.txt
/workspace/jazzy_ws/install/lib/python3.12/site-packages/rosidl_cli-4.6.7-py3.12.egg-info/entry_points.txt
/workspace/jazzy_ws/install/lib/python3.12/site-packages/rosidl_cli-4.6.7-py3.12.egg-info/dependency_links.txt
/workspace/jazzy_ws/install/bin/rosidl
