/workspace/jazzy_ws/install/lib/python3.12/site-packages/ament_index_python/search_paths.py
/workspace/jazzy_ws/install/lib/python3.12/site-packages/ament_index_python/resources.py
/workspace/jazzy_ws/install/lib/python3.12/site-packages/ament_index_python/cli.py
/workspace/jazzy_ws/install/lib/python3.12/site-packages/ament_index_python/__init__.py
/workspace/jazzy_ws/install/lib/python3.12/site-packages/ament_index_python/packages.py
/workspace/jazzy_ws/install/lib/python3.12/site-packages/ament_index_python/constants.py
/workspace/jazzy_ws/install/lib/python3.12/site-packages/ament_index_python/py.typed
/workspace/jazzy_ws/install/lib/python3.12/site-packages/ament_index_python/__pycache__/search_paths.cpython-312.pyc
/workspace/jazzy_ws/install/lib/python3.12/site-packages/ament_index_python/__pycache__/resources.cpython-312.pyc
/workspace/jazzy_ws/install/lib/python3.12/site-packages/ament_index_python/__pycache__/cli.cpython-312.pyc
/workspace/jazzy_ws/install/lib/python3.12/site-packages/ament_index_python/__pycache__/__init__.cpython-312.pyc
/workspace/jazzy_ws/install/lib/python3.12/site-packages/ament_index_python/__pycache__/packages.cpython-312.pyc
/workspace/jazzy_ws/install/lib/python3.12/site-packages/ament_index_python/__pycache__/constants.cpython-312.pyc
/workspace/jazzy_ws/install/share/ament_index_python/package.xml
/workspace/jazzy_ws/install/share/ament_index_python/environment/ament_index-argcomplete.bash
/workspace/jazzy_ws/install/share/ament_index_python/environment/ament_index-argcomplete.zsh
/workspace/jazzy_ws/install/share/ament_index/resource_index/packages/ament_index_python
/workspace/jazzy_ws/install/lib/python3.12/site-packages/ament_index_python-1.8.3-py3.12.egg-info/PKG-INFO
/workspace/jazzy_ws/install/lib/python3.12/site-packages/ament_index_python-1.8.3-py3.12.egg-info/SOURCES.txt
/workspace/jazzy_ws/install/lib/python3.12/site-packages/ament_index_python-1.8.3-py3.12.egg-info/zip-safe
/workspace/jazzy_ws/install/lib/python3.12/site-packages/ament_index_python-1.8.3-py3.12.egg-info/requires.txt
/workspace/jazzy_ws/install/lib/python3.12/site-packages/ament_index_python-1.8.3-py3.12.egg-info/top_level.txt
/workspace/jazzy_ws/install/lib/python3.12/site-packages/ament_index_python-1.8.3-py3.12.egg-info/entry_points.txt
/workspace/jazzy_ws/install/lib/python3.12/site-packages/ament_index_python-1.8.3-py3.12.egg-info/dependency_links.txt
/workspace/jazzy_ws/install/bin/ament_index
