[0.071s] Invoking command in '/workspace/jazzy_ws/build/rosidl_typesupport_cpp': AMENT_PREFIX_PATH=/workspace/jazzy_ws/install CMAKE_PREFIX_PATH=/workspace/jazzy_ws/install LD_LIBRARY_PATH=/workspace/jazzy_ws/install/lib:/workspace/jazzy_ws/install/opt/mimick_vendor/lib PATH=/workspace/jazzy_ws/install/bin:/workspace/jazzy_ws/install/opt/uncrustify_vendor/bin:${PATH} PKG_CONFIG_PATH=/workspace/jazzy_ws/install/lib/x86_64-linux-gnu/pkgconfig:/workspace/jazzy_ws/install/lib/pkgconfig PYTHONPATH=/workspace/jazzy_ws/install/lib/python3.12/site-packages /usr/bin/cmake /workspace/jazzy_ws/src/rosidl_typesupport/rosidl_typesupport_cpp -DCMAKE_INSTALL_PREFIX=/workspace/jazzy_ws/install
[0.099s] -- The C compiler identification is GNU 13.3.0
[0.129s] -- The CXX compiler identification is GNU 13.3.0
[0.137s] -- Detecting C compiler ABI info
[0.179s] -- Detecting C compiler ABI info - done
[0.185s] -- Check for working C compiler: /usr/bin/cc - skipped
[0.185s] -- Detecting C compile features
[0.185s] -- Detecting C compile features - done
[0.190s] -- Detecting CXX compiler ABI info
[0.240s] -- Detecting CXX compiler ABI info - done
[0.246s] -- Check for working CXX compiler: /usr/bin/c++ - skipped
[0.246s] -- Detecting CXX compile features
[0.246s] -- Detecting CXX compile features - done
[0.247s] -- Found ament_cmake_ros: 0.12.0 (/workspace/jazzy_ws/install/share/ament_cmake_ros/cmake)
[0.312s] -- Found Python3: /usr/bin/python3 (found version "3.12.3") found components: Interpreter 
[0.361s] -- Found rcutils: 6.7.5 (/workspace/jazzy_ws/install/share/rcutils/cmake)
[0.365s] -- Found rcpputils: 2.11.3 (/workspace/jazzy_ws/install/share/rcpputils/cmake)
[0.367s] -- Found rosidl_runtime_c: 4.6.7 (/workspace/jazzy_ws/install/share/rosidl_runtime_c/cmake)
[0.369s] -- Found rosidl_typesupport_c: 3.2.2 (/workspace/jazzy_ws/install/share/rosidl_typesupport_c/cmake)
[0.370s] -- Using all available rosidl_typesupport_c: rosidl_typesupport_fastrtps_c;rosidl_typesupport_introspection_c
[0.441s] -- Found ament_lint_auto: 0.17.4 (/workspace/jazzy_ws/install/share/ament_lint_auto/cmake)
[0.544s] -- Found gtest sources under '/workspace/jazzy_ws/install/src/gtest_vendor': C++ tests using 'Google Test' will be built
[0.545s] -- Found Threads: TRUE  
[0.548s] -- Performance tests are disabled by default, so Google Benchmark tests will be skipped. To enable these tests, set the CMake variable 'AMENT_RUN_PERFORMANCE_TESTS'.
[0.628s] -- Added test 'copyright' to check source files copyright and LICENSE
[0.631s] -- Added test 'cppcheck' to perform static code analysis on C / C++ code
[0.631s] -- Configured cppcheck include dirs: /workspace/jazzy_ws/install/include;$<BUILD_INTERFACE:/workspace/jazzy_ws/src/rosidl_typesupport/rosidl_typesupport_cpp/include>
[0.631s] -- Configured cppcheck exclude dirs and/or files: 
[0.633s] -- Added test 'cpplint' to check C / C++ code against the Google style
[0.633s] -- Configured cpplint exclude dirs and/or files: 
[0.633s] -- Added test 'flake8' to check Python code syntax and style conventions
[0.633s] -- Configured 'flake8' exclude dirs and/or files: 
[0.634s] -- Added test 'lint_cmake' to check CMake code style
[0.635s] -- Added test 'pep257' to check Python code against some of the docstring style conventions in PEP 257
[0.637s] -- Added test 'uncrustify' to check C / C++ code style
[0.637s] -- Configured uncrustify additional arguments: 
[0.637s] -- Added test 'xmllint' to check XML markup files
[0.638s] -- Configuring done (0.6s)
[0.647s] -- Generating done (0.0s)
[0.649s] -- Build files have been written to: /workspace/jazzy_ws/build/rosidl_typesupport_cpp
[0.654s] Invoked command in '/workspace/jazzy_ws/build/rosidl_typesupport_cpp' returned '0': AMENT_PREFIX_PATH=/workspace/jazzy_ws/install CMAKE_PREFIX_PATH=/workspace/jazzy_ws/install LD_LIBRARY_PATH=/workspace/jazzy_ws/install/lib:/workspace/jazzy_ws/install/opt/mimick_vendor/lib PATH=/workspace/jazzy_ws/install/bin:/workspace/jazzy_ws/install/opt/uncrustify_vendor/bin:${PATH} PKG_CONFIG_PATH=/workspace/jazzy_ws/install/lib/x86_64-linux-gnu/pkgconfig:/workspace/jazzy_ws/install/lib/pkgconfig PYTHONPATH=/workspace/jazzy_ws/install/lib/python3.12/site-packages /usr/bin/cmake /workspace/jazzy_ws/src/rosidl_typesupport/rosidl_typesupport_cpp -DCMAKE_INSTALL_PREFIX=/workspace/jazzy_ws/install
[0.654s] Invoking command in '/workspace/jazzy_ws/build/rosidl_typesupport_cpp': AMENT_PREFIX_PATH=/workspace/jazzy_ws/install CMAKE_PREFIX_PATH=/workspace/jazzy_ws/install LD_LIBRARY_PATH=/workspace/jazzy_ws/install/lib:/workspace/jazzy_ws/install/opt/mimick_vendor/lib PATH=/workspace/jazzy_ws/install/bin:/workspace/jazzy_ws/install/opt/uncrustify_vendor/bin:${PATH} PKG_CONFIG_PATH=/workspace/jazzy_ws/install/lib/x86_64-linux-gnu/pkgconfig:/workspace/jazzy_ws/install/lib/pkgconfig PYTHONPATH=/workspace/jazzy_ws/install/lib/python3.12/site-packages /usr/bin/cmake --build /workspace/jazzy_ws/build/rosidl_typesupport_cpp -- -j24 -l24
[0.680s] [  5%] Building CXX object gtest/CMakeFiles/gtest.dir/src/gtest-all.cc.o
[0.680s] [ 11%] Building CXX object gtest/CMakeFiles/gtest_main.dir/src/gtest_main.cc.o
[0.680s] [ 16%] Building CXX object CMakeFiles/rosidl_typesupport_cpp.dir/src/identifier.cpp.o
[0.680s] [ 22%] Building CXX object CMakeFiles/rosidl_typesupport_cpp.dir/src/message_type_support_dispatch.cpp.o
[0.680s] [ 27%] Building CXX object CMakeFiles/rosidl_typesupport_cpp.dir/src/service_type_support_dispatch.cpp.o
[0.683s] [ 27%] Built target ament_cmake_python_copy_rosidl_typesupport_cpp_setup
[0.683s] [ 27%] Built target ament_cmake_python_copy_rosidl_typesupport_cpp
[0.783s] running egg_info
[0.788s] creating rosidl_typesupport_cpp.egg-info
[0.788s] writing rosidl_typesupport_cpp.egg-info/PKG-INFO
[0.788s] writing dependency_links to rosidl_typesupport_cpp.egg-info/dependency_links.txt
[0.788s] writing entry points to rosidl_typesupport_cpp.egg-info/entry_points.txt
[0.788s] writing top-level names to rosidl_typesupport_cpp.egg-info/top_level.txt
[0.788s] writing manifest file 'rosidl_typesupport_cpp.egg-info/SOURCES.txt'
[0.804s] reading manifest file 'rosidl_typesupport_cpp.egg-info/SOURCES.txt'
[0.804s] writing manifest file 'rosidl_typesupport_cpp.egg-info/SOURCES.txt'
[0.808s] [ 33%] Linking CXX shared library librosidl_typesupport_cpp.so
[0.821s] [ 33%] Built target ament_cmake_python_build_rosidl_typesupport_cpp_egg
[0.850s] [ 33%] Built target rosidl_typesupport_cpp
[0.860s] [ 50%] Building CXX object CMakeFiles/rosidl_typesupport_cpp__test_type_support1.dir/test/test_type_support.cpp.o
[0.860s] [ 50%] Building CXX object CMakeFiles/rosidl_typesupport_cpp__test_type_support2.dir/test/test_type_support.cpp.o
[0.860s] [ 50%] Building CXX object CMakeFiles/benchmark_type_support_dispatch.dir/test/benchmark/benchmark_type_support_dispatch.cpp.o
[0.878s] [ 61%] Linking CXX shared library librosidl_typesupport_cpp__test_type_support1.so
[0.878s] [ 61%] Linking CXX shared library librosidl_typesupport_cpp__test_type_support2.so
[0.905s] [ 61%] Built target rosidl_typesupport_cpp__test_type_support1
[0.905s] [ 61%] Built target rosidl_typesupport_cpp__test_type_support2
[1.053s] [ 66%] Linking CXX static library libgtest_main.a
[1.070s] [ 66%] Built target gtest_main
[1.194s] [ 72%] Linking CXX executable benchmark_type_support_dispatch
[1.238s] [ 72%] Built target benchmark_type_support_dispatch
[2.461s] [ 77%] Linking CXX static library libgtest.a
[2.492s] [ 77%] Built target gtest
[2.504s] [ 83%] Building CXX object CMakeFiles/test_service_type_support.dir/test/test_service_type_support_dispatch.cpp.o
[2.505s] [ 88%] Building CXX object CMakeFiles/test_message_type_support.dir/test/test_message_type_support_dispatch.cpp.o
[2.981s] [ 94%] Linking CXX executable test_service_type_support
[2.981s] [100%] Linking CXX executable test_message_type_support
[3.049s] [100%] Built target test_message_type_support
[3.050s] [100%] Built target test_service_type_support
[3.055s] Invoked command in '/workspace/jazzy_ws/build/rosidl_typesupport_cpp' returned '0': AMENT_PREFIX_PATH=/workspace/jazzy_ws/install CMAKE_PREFIX_PATH=/workspace/jazzy_ws/install LD_LIBRARY_PATH=/workspace/jazzy_ws/install/lib:/workspace/jazzy_ws/install/opt/mimick_vendor/lib PATH=/workspace/jazzy_ws/install/bin:/workspace/jazzy_ws/install/opt/uncrustify_vendor/bin:${PATH} PKG_CONFIG_PATH=/workspace/jazzy_ws/install/lib/x86_64-linux-gnu/pkgconfig:/workspace/jazzy_ws/install/lib/pkgconfig PYTHONPATH=/workspace/jazzy_ws/install/lib/python3.12/site-packages /usr/bin/cmake --build /workspace/jazzy_ws/build/rosidl_typesupport_cpp -- -j24 -l24
[3.056s] Invoking command in '/workspace/jazzy_ws/build/rosidl_typesupport_cpp': AMENT_PREFIX_PATH=/workspace/jazzy_ws/install CMAKE_PREFIX_PATH=/workspace/jazzy_ws/install LD_LIBRARY_PATH=/workspace/jazzy_ws/install/lib:/workspace/jazzy_ws/install/opt/mimick_vendor/lib PATH=/workspace/jazzy_ws/install/bin:/workspace/jazzy_ws/install/opt/uncrustify_vendor/bin:${PATH} PKG_CONFIG_PATH=/workspace/jazzy_ws/install/lib/x86_64-linux-gnu/pkgconfig:/workspace/jazzy_ws/install/lib/pkgconfig PYTHONPATH=/workspace/jazzy_ws/install/lib/python3.12/site-packages /usr/bin/cmake --install /workspace/jazzy_ws/build/rosidl_typesupport_cpp
[3.059s] -- Install configuration: ""
[3.059s] -- Installing: /workspace/jazzy_ws/install/share/rosidl_typesupport_cpp/environment/pythonpath.sh
[3.060s] -- Installing: /workspace/jazzy_ws/install/share/rosidl_typesupport_cpp/environment/pythonpath.dsv
[3.060s] -- Installing: /workspace/jazzy_ws/install/lib/python3.12/site-packages/rosidl_typesupport_cpp-3.2.2-py3.12.egg-info
[3.060s] -- Installing: /workspace/jazzy_ws/install/lib/python3.12/site-packages/rosidl_typesupport_cpp-3.2.2-py3.12.egg-info/PKG-INFO
[3.060s] -- Installing: /workspace/jazzy_ws/install/lib/python3.12/site-packages/rosidl_typesupport_cpp-3.2.2-py3.12.egg-info/SOURCES.txt
[3.060s] -- Installing: /workspace/jazzy_ws/install/lib/python3.12/site-packages/rosidl_typesupport_cpp-3.2.2-py3.12.egg-info/top_level.txt
[3.060s] -- Installing: /workspace/jazzy_ws/install/lib/python3.12/site-packages/rosidl_typesupport_cpp-3.2.2-py3.12.egg-info/entry_points.txt
[3.060s] -- Installing: /workspace/jazzy_ws/install/lib/python3.12/site-packages/rosidl_typesupport_cpp-3.2.2-py3.12.egg-info/dependency_links.txt
[3.060s] -- Installing: /workspace/jazzy_ws/install/lib/python3.12/site-packages/rosidl_typesupport_cpp
[3.060s] -- Installing: /workspace/jazzy_ws/install/lib/python3.12/site-packages/rosidl_typesupport_cpp/cli.py
[3.060s] -- Installing: /workspace/jazzy_ws/install/lib/python3.12/site-packages/rosidl_typesupport_cpp/__init__.py
[3.081s] Listing '/workspace/jazzy_ws/install/lib/python3.12/site-packages/rosidl_typesupport_cpp'...
[3.081s] Compiling '/workspace/jazzy_ws/install/lib/python3.12/site-packages/rosidl_typesupport_cpp/__init__.py'...
[3.081s] Compiling '/workspace/jazzy_ws/install/lib/python3.12/site-packages/rosidl_typesupport_cpp/cli.py'...
[3.084s] -- Installing: /workspace/jazzy_ws/install/share/rosidl_typesupport_cpp/environment/library_path.sh
[3.084s] -- Installing: /workspace/jazzy_ws/install/share/rosidl_typesupport_cpp/environment/library_path.dsv
[3.084s] -- Installing: /workspace/jazzy_ws/install/share/ament_index/resource_index/rosidl_runtime_packages/rosidl_typesupport_cpp
[3.084s] -- Installing: /workspace/jazzy_ws/install/share/ament_index/resource_index/package_run_dependencies/rosidl_typesupport_cpp
[3.084s] -- Installing: /workspace/jazzy_ws/install/share/ament_index/resource_index/parent_prefix_path/rosidl_typesupport_cpp
[3.085s] -- Installing: /workspace/jazzy_ws/install/share/rosidl_typesupport_cpp/environment/ament_prefix_path.sh
[3.085s] -- Installing: /workspace/jazzy_ws/install/share/rosidl_typesupport_cpp/environment/ament_prefix_path.dsv
[3.085s] -- Installing: /workspace/jazzy_ws/install/share/rosidl_typesupport_cpp/environment/path.sh
[3.085s] -- Installing: /workspace/jazzy_ws/install/share/rosidl_typesupport_cpp/environment/path.dsv
[3.085s] -- Installing: /workspace/jazzy_ws/install/share/rosidl_typesupport_cpp/local_setup.bash
[3.085s] -- Installing: /workspace/jazzy_ws/install/share/rosidl_typesupport_cpp/local_setup.sh
[3.085s] -- Installing: /workspace/jazzy_ws/install/share/rosidl_typesupport_cpp/local_setup.zsh
[3.085s] -- Installing: /workspace/jazzy_ws/install/share/rosidl_typesupport_cpp/local_setup.dsv
[3.085s] -- Installing: /workspace/jazzy_ws/install/share/rosidl_typesupport_cpp/package.dsv
[3.085s] -- Installing: /workspace/jazzy_ws/install/share/ament_index/resource_index/packages/rosidl_typesupport_cpp
[3.085s] -- Installing: /workspace/jazzy_ws/install/share/rosidl_typesupport_cpp/cmake/rosidl_typesupport_cppExport.cmake
[3.085s] -- Installing: /workspace/jazzy_ws/install/share/rosidl_typesupport_cpp/cmake/rosidl_typesupport_cppExport-noconfig.cmake
[3.085s] -- Installing: /workspace/jazzy_ws/install/share/rosidl_typesupport_cpp/cmake/rosidl_typesupport_cpp-extras.cmake
[3.085s] -- Installing: /workspace/jazzy_ws/install/share/rosidl_typesupport_cpp/cmake/ament_cmake_export_dependencies-extras.cmake
[3.085s] -- Installing: /workspace/jazzy_ws/install/share/rosidl_typesupport_cpp/cmake/ament_cmake_export_include_directories-extras.cmake
[3.085s] -- Installing: /workspace/jazzy_ws/install/share/rosidl_typesupport_cpp/cmake/ament_cmake_export_libraries-extras.cmake
[3.086s] -- Installing: /workspace/jazzy_ws/install/share/rosidl_typesupport_cpp/cmake/ament_cmake_export_targets-extras.cmake
[3.086s] -- Installing: /workspace/jazzy_ws/install/share/rosidl_typesupport_cpp/cmake/rosidl_typesupport_cppConfig.cmake
[3.086s] -- Installing: /workspace/jazzy_ws/install/share/rosidl_typesupport_cpp/cmake/rosidl_typesupport_cppConfig-version.cmake
[3.086s] -- Installing: /workspace/jazzy_ws/install/share/rosidl_typesupport_cpp/package.xml
[3.086s] -- Installing: /workspace/jazzy_ws/install/lib/rosidl_typesupport_cpp/rosidl_typesupport_cpp
[3.086s] -- Up-to-date: /workspace/jazzy_ws/install/share/rosidl_typesupport_cpp/cmake
[3.086s] -- Installing: /workspace/jazzy_ws/install/share/rosidl_typesupport_cpp/cmake/rosidl_typesupport_cpp_generate_interfaces.cmake
[3.086s] -- Installing: /workspace/jazzy_ws/install/share/rosidl_typesupport_cpp/resource
[3.086s] -- Installing: /workspace/jazzy_ws/install/share/rosidl_typesupport_cpp/resource/srv__type_support.cpp.em
[3.086s] -- Installing: /workspace/jazzy_ws/install/share/rosidl_typesupport_cpp/resource/action__type_support.cpp.em
[3.086s] -- Installing: /workspace/jazzy_ws/install/share/rosidl_typesupport_cpp/resource/msg__type_support.cpp.em
[3.086s] -- Installing: /workspace/jazzy_ws/install/share/rosidl_typesupport_cpp/resource/idl__type_support.cpp.em
[3.086s] -- Installing: /workspace/jazzy_ws/install/include/rosidl_typesupport_cpp
[3.086s] -- Installing: /workspace/jazzy_ws/install/include/rosidl_typesupport_cpp/rosidl_typesupport_cpp
[3.086s] -- Installing: /workspace/jazzy_ws/install/include/rosidl_typesupport_cpp/rosidl_typesupport_cpp/type_support_map.h
[3.086s] -- Installing: /workspace/jazzy_ws/install/include/rosidl_typesupport_cpp/rosidl_typesupport_cpp/visibility_control.h
[3.087s] -- Installing: /workspace/jazzy_ws/install/include/rosidl_typesupport_cpp/rosidl_typesupport_cpp/service_type_support_dispatch.hpp
[3.087s] -- Installing: /workspace/jazzy_ws/install/include/rosidl_typesupport_cpp/rosidl_typesupport_cpp/identifier.hpp
[3.087s] -- Installing: /workspace/jazzy_ws/install/include/rosidl_typesupport_cpp/rosidl_typesupport_cpp/message_type_support_dispatch.hpp
[3.087s] -- Installing: /workspace/jazzy_ws/install/lib/librosidl_typesupport_cpp.so
[3.087s] -- Set non-toolchain portion of runtime path of "/workspace/jazzy_ws/install/lib/librosidl_typesupport_cpp.so" to ""
[3.088s] Invoked command in '/workspace/jazzy_ws/build/rosidl_typesupport_cpp' returned '0': AMENT_PREFIX_PATH=/workspace/jazzy_ws/install CMAKE_PREFIX_PATH=/workspace/jazzy_ws/install LD_LIBRARY_PATH=/workspace/jazzy_ws/install/lib:/workspace/jazzy_ws/install/opt/mimick_vendor/lib PATH=/workspace/jazzy_ws/install/bin:/workspace/jazzy_ws/install/opt/uncrustify_vendor/bin:${PATH} PKG_CONFIG_PATH=/workspace/jazzy_ws/install/lib/x86_64-linux-gnu/pkgconfig:/workspace/jazzy_ws/install/lib/pkgconfig PYTHONPATH=/workspace/jazzy_ws/install/lib/python3.12/site-packages /usr/bin/cmake --install /workspace/jazzy_ws/build/rosidl_typesupport_cpp
