-- The C compiler identification is GNU 13.3.0
-- The CXX compiler identification is GNU 13.3.0
-- Detecting C compiler ABI info
-- Detecting C compiler ABI info - done
-- Check for working C compiler: /usr/bin/cc - skipped
-- Detecting C compile features
-- Detecting C compile features - done
-- Detecting CXX compiler ABI info
-- Detecting CXX compiler ABI info - done
-- Check for working CXX compiler: /usr/bin/c++ - skipped
-- Detecting CXX compile features
-- Detecting CXX compile features - done
-- Found ament_cmake: 2.5.5 (/workspace/jazzy_ws/install/share/ament_cmake/cmake)
-- Found Python3: /usr/bin/python3 (found version "3.12.3") found components: Interpreter 
-- Found rmw_connextdds_common: 0.22.3 (/workspace/jazzy_ws/install/share/rmw_connextdds_common/cmake)
-- Found rosidl_generator_c: 4.6.7 (/workspace/jazzy_ws/install/share/rosidl_generator_c/cmake)
-- Found rosidl_generator_cpp: 4.6.7 (/workspace/jazzy_ws/install/share/rosidl_generator_cpp/cmake)
-- Using all available rosidl_typesupport_c: rosidl_typesupport_fastrtps_c;rosidl_typesupport_introspection_c
-- Using all available rosidl_typesupport_cpp: rosidl_typesupport_fastrtps_cpp;rosidl_typesupport_introspection_cpp
-- Loaded RTI Connext DDS environment:
-- - RTI Connext DDS Professional:
--   - Found: false
--   - Version: 
--   - Directory: 
--   - Architecture: 
-- - RTI Connext DDS Micro:
--   - Found: false
--   - Version: 
--   - Directory: 
--   - Architecture: 
-- Common RMW implementation not found. Skipping rmw_connextdds.
-- Configuring done (2.0s)
-- Generating done (0.0s)
-- Build files have been written to: /workspace/jazzy_ws/build/rmw_connextdds
-- Install configuration: "Release"
-- Installing: /workspace/jazzy_ws/install/share/ament_index/resource_index/package_run_dependencies/rmw_connextdds
-- Installing: /workspace/jazzy_ws/install/share/ament_index/resource_index/parent_prefix_path/rmw_connextdds
-- Installing: /workspace/jazzy_ws/install/share/rmw_connextdds/environment/ament_prefix_path.sh
-- Installing: /workspace/jazzy_ws/install/share/rmw_connextdds/environment/ament_prefix_path.dsv
-- Installing: /workspace/jazzy_ws/install/share/rmw_connextdds/environment/path.sh
-- Installing: /workspace/jazzy_ws/install/share/rmw_connextdds/environment/path.dsv
-- Installing: /workspace/jazzy_ws/install/share/rmw_connextdds/local_setup.bash
-- Installing: /workspace/jazzy_ws/install/share/rmw_connextdds/local_setup.sh
-- Installing: /workspace/jazzy_ws/install/share/rmw_connextdds/local_setup.zsh
-- Installing: /workspace/jazzy_ws/install/share/rmw_connextdds/local_setup.dsv
-- Installing: /workspace/jazzy_ws/install/share/rmw_connextdds/package.dsv
-- Installing: /workspace/jazzy_ws/install/share/ament_index/resource_index/packages/rmw_connextdds
-- Installing: /workspace/jazzy_ws/install/share/rmw_connextdds/cmake/rmw_connextddsConfig.cmake
-- Installing: /workspace/jazzy_ws/install/share/rmw_connextdds/cmake/rmw_connextddsConfig-version.cmake
-- Installing: /workspace/jazzy_ws/install/share/rmw_connextdds/package.xml
