[0.019s] Invoking command in '/workspace/jazzy_ws/build/uncrustify_vendor': AMENT_PREFIX_PATH=/workspace/jazzy_ws/install CMAKE_PREFIX_PATH=/workspace/jazzy_ws/install LD_LIBRARY_PATH=/workspace/jazzy_ws/install/lib PATH=/workspace/jazzy_ws/install/bin:${PATH} PKG_CONFIG_PATH=/workspace/jazzy_ws/install/lib/x86_64-linux-gnu/pkgconfig:/workspace/jazzy_ws/install/lib/pkgconfig PYTHONPATH=/workspace/jazzy_ws/install/lib/python3.12/site-packages /usr/bin/cmake /workspace/jazzy_ws/src/uncrustify_vendor -DCMAKE_INSTALL_PREFIX=/workspace/jazzy_ws/install
[0.048s] -- The C compiler identification is GNU 13.3.0
[0.078s] -- The CXX compiler identification is GNU 13.3.0
[0.086s] -- Detecting C compiler ABI info
[0.129s] -- Detecting C compiler ABI info - done
[0.133s] -- Check for working C compiler: /usr/bin/cc - skipped
[0.133s] -- Detecting C compile features
[0.133s] -- Detecting C compile features - done
[0.137s] -- Detecting CXX compiler ABI info
[0.187s] -- Detecting CXX compiler ABI info - done
[0.193s] -- Check for working CXX compiler: /usr/bin/c++ - skipped
[0.193s] -- Detecting CXX compile features
[0.193s] -- Detecting CXX compile features - done
[0.194s] -- Found ament_cmake: 2.5.5 (/workspace/jazzy_ws/install/share/ament_cmake/cmake)
[0.258s] -- Found Python3: /usr/bin/python3 (found version "3.12.3") found components: Interpreter 
[0.306s] -- Found ament_cmake_vendor_package: 2.5.5 (/workspace/jazzy_ws/install/share/ament_cmake_vendor_package/cmake)
[0.368s] -- Configuring done (0.3s)
[0.369s] -- Generating done (0.0s)
[0.370s] -- Build files have been written to: /workspace/jazzy_ws/build/uncrustify_vendor
[0.373s] Invoked command in '/workspace/jazzy_ws/build/uncrustify_vendor' returned '0': AMENT_PREFIX_PATH=/workspace/jazzy_ws/install CMAKE_PREFIX_PATH=/workspace/jazzy_ws/install LD_LIBRARY_PATH=/workspace/jazzy_ws/install/lib PATH=/workspace/jazzy_ws/install/bin:${PATH} PKG_CONFIG_PATH=/workspace/jazzy_ws/install/lib/x86_64-linux-gnu/pkgconfig:/workspace/jazzy_ws/install/lib/pkgconfig PYTHONPATH=/workspace/jazzy_ws/install/lib/python3.12/site-packages /usr/bin/cmake /workspace/jazzy_ws/src/uncrustify_vendor -DCMAKE_INSTALL_PREFIX=/workspace/jazzy_ws/install
[0.373s] Invoking command in '/workspace/jazzy_ws/build/uncrustify_vendor': AMENT_PREFIX_PATH=/workspace/jazzy_ws/install CMAKE_PREFIX_PATH=/workspace/jazzy_ws/install LD_LIBRARY_PATH=/workspace/jazzy_ws/install/lib PATH=/workspace/jazzy_ws/install/bin:${PATH} PKG_CONFIG_PATH=/workspace/jazzy_ws/install/lib/x86_64-linux-gnu/pkgconfig:/workspace/jazzy_ws/install/lib/pkgconfig PYTHONPATH=/workspace/jazzy_ws/install/lib/python3.12/site-packages /usr/bin/cmake --build /workspace/jazzy_ws/build/uncrustify_vendor -- -j24 -l24
[0.396s] [ 12%] Creating directories for 'uncrustify_vendor'
[0.413s] [ 25%] Performing download step for 'uncrustify_vendor'
[0.468s] /usr/bin/vcs:6: DeprecationWarning: pkg_resources is deprecated as an API. See https://setuptools.pypa.io/en/latest/pkg_resources.html
[0.468s]   from pkg_resources import load_entry_point
[1.936s] === ./uncrustify_vendor (git) ===
[1.936s] hint: Using 'master' as the name for the initial branch. This default branch name
[1.936s] hint: is subject to change. To configure the initial branch name to use in all
[1.936s] hint: of your new repositories, which will suppress this warning, call:
[1.936s] hint: 
[1.936s] hint: 	git config --global init.defaultBranch <name>
[1.936s] hint: 
[1.936s] hint: Names commonly chosen instead of 'master' are 'main', 'trunk' and
[1.936s] hint: 'development'. The just-created branch can be renamed via this command:
[1.936s] hint: 
[1.936s] hint: 	git branch -m <name>
[1.936s] Initialized empty Git repository in /workspace/jazzy_ws/build/uncrustify_vendor/uncrustify_vendor-prefix/src/uncrustify_vendor/.git/
[1.936s] 
[1.936s] From https://github.com/uncrustify/uncrustify
[1.936s]  * [new tag]         uncrustify-0.78.1 -> uncrustify-0.78.1
[1.936s] Note: switching to 'uncrustify-0.78.1'.
[1.936s] 
[1.937s] You are in 'detached HEAD' state. You can look around, make experimental
[1.937s] changes and commit them, and you can discard any commits you make in this
[1.937s] state without impacting any branches by switching back to a branch.
[1.937s] 
[1.937s] If you want to create a new branch to retain commits you create, you may
[1.937s] do so (now or later) by using -c with the switch command. Example:
[1.937s] 
[1.937s]   git switch -c <new-branch-name>
[1.937s] 
[1.937s] Or undo this operation with:
[1.937s] 
[1.937s]   git switch -
[1.937s] 
[1.937s] Turn off this advice by setting config variable advice.detachedHead to false
[1.937s] 
[1.937s] HEAD is now at b8c9528 Merge pull request #4153 from uncrustify/uncrustify-RC-0.78.1
[1.937s] 
[1.957s] [ 37%] No update_disconnected step for 'uncrustify_vendor'
[1.969s] [ 50%] Performing patch_disconnected step for 'uncrustify_vendor'
[1.970s] Applying patch: /workspace/jazzy_ws/src/uncrustify_vendor/patches/0001-Simplify-installation-for-ROS-2-needs.patch
[1.984s] [ 62%] Performing configure step for 'uncrustify_vendor'
[1.988s] loading initial cache file /workspace/jazzy_ws/build/uncrustify_vendor/uncrustify_vendor-config.cmake
[2.013s] -- The C compiler identification is GNU 13.3.0
[2.042s] -- The CXX compiler identification is GNU 13.3.0
[2.050s] -- Detecting C compiler ABI info
[2.093s] -- Detecting C compiler ABI info - done
[2.098s] -- Check for working C compiler: /usr/bin/cc - skipped
[2.098s] -- Detecting C compile features
[2.099s] -- Detecting C compile features - done
[2.103s] -- Detecting CXX compiler ABI info
[2.151s] -- Detecting CXX compiler ABI info - done
[2.157s] -- Check for working CXX compiler: /usr/bin/c++ - skipped
[2.157s] -- Detecting CXX compile features
[2.158s] -- Detecting CXX compile features - done
[2.223s] -- Found Python3: /usr/bin/python3 (found version "3.12.3") found components: Interpreter 
[2.224s] -- Performing Test CXXFLAG_Wall
[2.270s] -- Performing Test CXXFLAG_Wall - Success
[2.271s] -- Performing Test CXXFLAG_Wextra
[2.317s] -- Performing Test CXXFLAG_Wextra - Success
[2.317s] -- Performing Test CXXFLAG_Wshadow
[2.363s] -- Performing Test CXXFLAG_Wshadow - Success
[2.363s] -- Performing Test CXXFLAG_Wpointer_arith
[2.410s] -- Performing Test CXXFLAG_Wpointer_arith - Success
[2.411s] -- Performing Test CXXFLAG_Wcast_qual
[2.458s] -- Performing Test CXXFLAG_Wcast_qual - Success
[2.459s] -- Performing Test CXXFLAG_Wcast_align
[2.505s] -- Performing Test CXXFLAG_Wcast_align - Success
[2.505s] -- Performing Test CXXFLAG_Wc_11_extensions
[2.551s] -- Performing Test CXXFLAG_Wc_11_extensions - Success
[2.551s] -- Looking for C++ include inttypes.h
[2.599s] -- Looking for C++ include inttypes.h - found
[2.599s] -- Looking for C++ include memory.h
[2.648s] -- Looking for C++ include memory.h - found
[2.648s] -- Looking for C++ include stdint.h
[2.696s] -- Looking for C++ include stdint.h - found
[2.696s] -- Looking for C++ include stdlib.h
[2.749s] -- Looking for C++ include stdlib.h - found
[2.749s] -- Looking for C++ include strings.h
[2.795s] -- Looking for C++ include strings.h - found
[2.795s] -- Looking for C++ include string.h
[2.843s] -- Looking for C++ include string.h - found
[2.843s] -- Looking for C++ include sys/stat.h
[2.891s] -- Looking for C++ include sys/stat.h - found
[2.891s] -- Looking for C++ include sys/types.h
[2.940s] -- Looking for C++ include sys/types.h - found
[2.940s] -- Looking for C++ include unistd.h
[2.991s] -- Looking for C++ include unistd.h - found
[2.991s] -- Looking for C++ include utime.h
[3.037s] -- Looking for C++ include utime.h - found
[3.037s] -- Looking for stdbool.h
[3.077s] -- Looking for stdbool.h - found
[3.077s] -- Looking for memset
[3.131s] -- Looking for memset - found
[3.131s] -- Looking for strcasecmp
[3.186s] -- Looking for strcasecmp - found
[3.186s] -- Looking for strchr
[3.213s] -- Looking for strchr - not found
[3.213s] -- Looking for strdup
[3.269s] -- Looking for strdup - found
[3.269s] -- Looking for strerror
[3.323s] -- Looking for strerror - found
[3.324s] -- Looking for strtol
[3.377s] -- Looking for strtol - found
[3.377s] -- Looking for strtoul
[3.448s] -- Looking for strtoul - found
[3.448s] -- Looking for stddef.h
[3.516s] -- Looking for stddef.h - found
[3.516s] -- Check size of _Bool
[3.603s] -- Check size of _Bool - done
[3.614s] -- Configuring done (1.6s)
[3.706s] -- Generating done (0.1s)
[3.717s] -- Build files have been written to: /workspace/jazzy_ws/build/uncrustify_vendor/uncrustify_vendor-prefix/src/uncrustify_vendor-build
[3.733s] [ 75%] Performing build step for 'uncrustify_vendor'
[3.769s] [  0%] Built target generate_version_header
[3.777s] [  2%] Generating token_names.h
[3.782s] [  2%] Generating option_enum.cpp
[3.784s] [  5%] Generating option_enum.h
[3.786s] [  5%] Generating options.cpp
[3.787s] [  5%] Generating punctuator_table.h
[3.865s] [  8%] Building CXX object CMakeFiles/uncrustify.dir/src/align_func_proto.cpp.o
[3.865s] [  8%] Building CXX object CMakeFiles/uncrustify.dir/src/align_eigen_comma_init.cpp.o
[3.865s] [  8%] Building CXX object CMakeFiles/uncrustify.dir/src/align_func_params.cpp.o
[3.865s] [  8%] Building CXX object CMakeFiles/uncrustify.dir/src/align_braced_init_list.cpp.o
[3.866s] [ 14%] Building CXX object CMakeFiles/uncrustify.dir/src/align.cpp.o
[3.867s] [ 14%] Building CXX object CMakeFiles/uncrustify.dir/src/align_left_shift.cpp.o
[3.868s] [ 14%] Building CXX object CMakeFiles/uncrustify.dir/src/align_asm_colon.cpp.o
[3.875s] [ 14%] Building CXX object CMakeFiles/uncrustify.dir/src/align_assign.cpp.o
[3.875s] [ 14%] Building CXX object CMakeFiles/uncrustify.dir/src/align_add.cpp.o
[3.876s] [ 14%] Building CXX object CMakeFiles/uncrustify.dir/src/align_init_brace.cpp.o
[3.877s] [ 17%] Building CXX object CMakeFiles/uncrustify.dir/src/align_log_al.cpp.o
[3.877s] [ 17%] Building CXX object CMakeFiles/uncrustify.dir/src/align_nl_cont.cpp.o
[3.877s] [ 17%] Building CXX object CMakeFiles/uncrustify.dir/src/align_oc_decl_colon.cpp.o
[3.882s] [ 17%] Building CXX object CMakeFiles/uncrustify.dir/src/align_oc_msg_spec.cpp.o
[3.882s] [ 20%] Building CXX object CMakeFiles/uncrustify.dir/src/align_oc_msg_colons.cpp.o
[3.886s] [ 20%] Building CXX object CMakeFiles/uncrustify.dir/src/align_preprocessor.cpp.o
[3.905s] [ 23%] Building CXX object CMakeFiles/uncrustify.dir/src/align_struct_initializers.cpp.o
[3.905s] [ 23%] Building CXX object CMakeFiles/uncrustify.dir/src/align_tab_column.cpp.o
[3.908s] [ 26%] Building CXX object CMakeFiles/uncrustify.dir/src/align_same_func_call_params.cpp.o
[3.909s] [ 26%] Building CXX object CMakeFiles/uncrustify.dir/src/align_stack.cpp.o
[3.912s] [ 29%] Building CXX object CMakeFiles/uncrustify.dir/src/align_trailing_comments.cpp.o
[3.916s] [ 29%] Building CXX object CMakeFiles/uncrustify.dir/src/align_typedefs.cpp.o
[3.919s] [ 29%] Building CXX object CMakeFiles/uncrustify.dir/src/align_tools.cpp.o
[3.927s] [ 29%] Building CXX object CMakeFiles/uncrustify.dir/src/align_var_def_brace.cpp.o
[4.153s] [ 32%] Building CXX object CMakeFiles/uncrustify.dir/src/args.cpp.o
[4.163s] [ 32%] Building CXX object CMakeFiles/uncrustify.dir/src/backup.cpp.o
[4.171s] [ 32%] Building CXX object CMakeFiles/uncrustify.dir/src/brace_cleanup.cpp.o
[4.183s] [ 35%] Building CXX object CMakeFiles/uncrustify.dir/src/braces.cpp.o
[4.187s] [ 35%] Building CXX object CMakeFiles/uncrustify.dir/src/calculate_closing_brace_position.cpp.o
[4.199s] [ 35%] Building CXX object CMakeFiles/uncrustify.dir/src/change_int_types.cpp.o
[4.254s] [ 38%] Building CXX object CMakeFiles/uncrustify.dir/src/check_template.cpp.o
[4.284s] [ 38%] Building CXX object CMakeFiles/uncrustify.dir/src/chunk.cpp.o
[4.291s] [ 38%] Building CXX object CMakeFiles/uncrustify.dir/src/combine_fix_mark.cpp.o
[4.300s] [ 38%] Building CXX object CMakeFiles/uncrustify.dir/src/ChunkStack.cpp.o
[4.305s] [ 41%] Building CXX object CMakeFiles/uncrustify.dir/src/combine.cpp.o
[4.311s] [ 41%] Building CXX object CMakeFiles/uncrustify.dir/src/combine_labels.cpp.o
[4.338s] [ 44%] Building CXX object CMakeFiles/uncrustify.dir/src/combine_tools.cpp.o
[4.342s] [ 44%] Building CXX object CMakeFiles/uncrustify.dir/src/combine_skip.cpp.o
[4.344s] [ 44%] Building CXX object CMakeFiles/uncrustify.dir/src/compat_posix.cpp.o
[4.369s] [ 47%] Building CXX object CMakeFiles/uncrustify.dir/src/compat_win32.cpp.o
[4.384s] [ 47%] Building CXX object CMakeFiles/uncrustify.dir/src/cs_top_is_question.cpp.o
[4.403s] [ 47%] Building CXX object CMakeFiles/uncrustify.dir/src/detect.cpp.o
[4.403s] [ 50%] Building CXX object CMakeFiles/uncrustify.dir/src/enum_cleanup.cpp.o
[4.403s] [ 50%] Building CXX object CMakeFiles/uncrustify.dir/src/EnumStructUnionParser.cpp.o
[4.406s] [ 52%] Building CXX object CMakeFiles/uncrustify.dir/src/flag_braced_init_list.cpp.o
[4.408s] [ 52%] Building CXX object CMakeFiles/uncrustify.dir/src/flag_decltype.cpp.o
[4.428s] [ 52%] Building CXX object CMakeFiles/uncrustify.dir/src/flag_parens.cpp.o
[4.461s] [ 55%] Building CXX object CMakeFiles/uncrustify.dir/src/indent.cpp.o
[4.510s] [ 55%] Building CXX object CMakeFiles/uncrustify.dir/src/keywords.cpp.o
[4.512s] [ 55%] Building CXX object CMakeFiles/uncrustify.dir/src/lang_pawn.cpp.o
[4.574s] [ 58%] Building CXX object CMakeFiles/uncrustify.dir/src/language_names.cpp.o
[4.636s] [ 58%] Building CXX object CMakeFiles/uncrustify.dir/src/logger.cpp.o
[4.640s] [ 61%] Building CXX object CMakeFiles/uncrustify.dir/src/logmask.cpp.o
[4.641s] [ 61%] Building CXX object CMakeFiles/uncrustify.dir/src/language_tools.cpp.o
[4.658s] [ 61%] Building CXX object CMakeFiles/uncrustify.dir/src/log_rules.cpp.o
[4.667s] [ 61%] Building CXX object CMakeFiles/uncrustify.dir/src/mark_functor.cpp.o
[4.672s] [ 64%] Building CXX object CMakeFiles/uncrustify.dir/src/mark_question_colon.cpp.o
[4.676s] [ 64%] Building CXX object CMakeFiles/uncrustify.dir/src/md5.cpp.o
[4.688s] [ 64%] Building CXX object CMakeFiles/uncrustify.dir/src/newlines.cpp.o
[4.694s] [ 67%] Building CXX object CMakeFiles/uncrustify.dir/src/option.cpp.o
[4.701s] [ 67%] Building CXX object CMakeFiles/uncrustify.dir/src/options_for_QT.cpp.o
[4.728s] [ 67%] Building CXX object CMakeFiles/uncrustify.dir/src/output.cpp.o
[4.778s] [ 70%] Building CXX object CMakeFiles/uncrustify.dir/src/parens.cpp.o
[4.797s] [ 70%] Building CXX object CMakeFiles/uncrustify.dir/src/parent_for_pp.cpp.o
[4.797s] [ 70%] Building CXX object CMakeFiles/uncrustify.dir/src/parameter_pack_cleanup.cpp.o
[4.802s] [ 73%] Building CXX object CMakeFiles/uncrustify.dir/src/parsing_frame.cpp.o
[4.855s] [ 73%] Building CXX object CMakeFiles/uncrustify.dir/src/parsing_frame_stack.cpp.o
[4.861s] [ 76%] Building CXX object CMakeFiles/uncrustify.dir/src/pragma_cleanup.cpp.o
[4.880s] [ 76%] Building CXX object CMakeFiles/uncrustify.dir/src/punctuators.cpp.o
[4.880s] [ 76%] Building CXX object CMakeFiles/uncrustify.dir/src/pcf_flags.cpp.o
[4.899s] [ 79%] Building CXX object CMakeFiles/uncrustify.dir/src/quick_align_again.cpp.o
[4.922s] [ 79%] Building CXX object CMakeFiles/uncrustify.dir/src/remove_duplicate_include.cpp.o
[4.922s] [ 79%] Building CXX object CMakeFiles/uncrustify.dir/src/remove_extra_returns.cpp.o
[4.957s] [ 82%] Building CXX object CMakeFiles/uncrustify.dir/src/rewrite_infinite_loops.cpp.o
[4.977s] [ 82%] Building CXX object CMakeFiles/uncrustify.dir/src/semicolons.cpp.o
[4.982s] [ 82%] Building CXX object CMakeFiles/uncrustify.dir/src/sorting.cpp.o
[5.000s] [ 85%] Building CXX object CMakeFiles/uncrustify.dir/src/space.cpp.o
[5.027s] [ 85%] Building CXX object CMakeFiles/uncrustify.dir/src/tokenize_cleanup.cpp.o
[5.159s] [ 85%] Building CXX object CMakeFiles/uncrustify.dir/src/tokenize.cpp.o
[5.204s] [ 88%] Building CXX object CMakeFiles/uncrustify.dir/src/uncrustify.cpp.o
[5.206s] [ 88%] Building CXX object CMakeFiles/uncrustify.dir/src/uncrustify_emscripten.cpp.o
[5.208s] [ 88%] Building CXX object CMakeFiles/uncrustify.dir/src/uncrustify_types.cpp.o
[5.221s] [ 91%] Building CXX object CMakeFiles/uncrustify.dir/src/unc_text.cpp.o
[5.221s] [ 91%] Building CXX object CMakeFiles/uncrustify.dir/src/unc_tools.cpp.o
[5.221s] [ 91%] Building CXX object CMakeFiles/uncrustify.dir/src/unc_ctype.cpp.o
[5.229s] [ 94%] Building CXX object CMakeFiles/uncrustify.dir/src/unicode.cpp.o
[5.234s] [ 94%] Building CXX object CMakeFiles/uncrustify.dir/src/universalindentgui.cpp.o
[5.249s] [ 94%] Building CXX object CMakeFiles/uncrustify.dir/src/width.cpp.o
[5.286s] [ 97%] Building CXX object CMakeFiles/uncrustify.dir/src/options.cpp.o
[5.296s] [ 97%] Building CXX object CMakeFiles/uncrustify.dir/src/option_enum.cpp.o
[6.647s] [100%] Linking CXX executable uncrustify
[6.766s] [100%] Built target uncrustify
[6.780s] [ 87%] Performing install step for 'uncrustify_vendor'
[6.806s] [  0%] Built target generate_version_header
[6.850s] [100%] Built target uncrustify
[6.862s] Install the project...
[6.866s] -- Install configuration: ""
[6.866s] -- Installing: /workspace/jazzy_ws/build/uncrustify_vendor/uncrustify_vendor-prefix/install/bin/uncrustify
[6.877s] [100%] Completed 'uncrustify_vendor'
[6.893s] [100%] Built target uncrustify_vendor
[6.898s] Invoked command in '/workspace/jazzy_ws/build/uncrustify_vendor' returned '0': AMENT_PREFIX_PATH=/workspace/jazzy_ws/install CMAKE_PREFIX_PATH=/workspace/jazzy_ws/install LD_LIBRARY_PATH=/workspace/jazzy_ws/install/lib PATH=/workspace/jazzy_ws/install/bin:${PATH} PKG_CONFIG_PATH=/workspace/jazzy_ws/install/lib/x86_64-linux-gnu/pkgconfig:/workspace/jazzy_ws/install/lib/pkgconfig PYTHONPATH=/workspace/jazzy_ws/install/lib/python3.12/site-packages /usr/bin/cmake --build /workspace/jazzy_ws/build/uncrustify_vendor -- -j24 -l24
[6.899s] Invoking command in '/workspace/jazzy_ws/build/uncrustify_vendor': AMENT_PREFIX_PATH=/workspace/jazzy_ws/install CMAKE_PREFIX_PATH=/workspace/jazzy_ws/install LD_LIBRARY_PATH=/workspace/jazzy_ws/install/lib PATH=/workspace/jazzy_ws/install/bin:${PATH} PKG_CONFIG_PATH=/workspace/jazzy_ws/install/lib/x86_64-linux-gnu/pkgconfig:/workspace/jazzy_ws/install/lib/pkgconfig PYTHONPATH=/workspace/jazzy_ws/install/lib/python3.12/site-packages /usr/bin/cmake --install /workspace/jazzy_ws/build/uncrustify_vendor
[6.902s] -- Install configuration: ""
[6.902s] -- Installing: /workspace/jazzy_ws/install/opt/uncrustify_vendor
[6.902s] -- Installing: /workspace/jazzy_ws/install/opt/uncrustify_vendor/bin
[6.902s] -- Installing: /workspace/jazzy_ws/install/opt/uncrustify_vendor/bin/uncrustify
[6.904s] -- Installing: /workspace/jazzy_ws/install/share/uncrustify_vendor/environment/vendor_package.bat
[6.904s] -- Installing: /workspace/jazzy_ws/install/share/uncrustify_vendor/environment/vendor_package.dsv
[6.904s] -- Installing: /workspace/jazzy_ws/install/share/uncrustify_vendor/environment/vendor_package.sh
[6.904s] -- Installing: /workspace/jazzy_ws/install/share/ament_index/resource_index/vendor_packages/uncrustify_vendor
[6.904s] -- Installing: /workspace/jazzy_ws/install/share/ament_index/resource_index/package_run_dependencies/uncrustify_vendor
[6.904s] -- Installing: /workspace/jazzy_ws/install/share/ament_index/resource_index/parent_prefix_path/uncrustify_vendor
[6.904s] -- Installing: /workspace/jazzy_ws/install/share/uncrustify_vendor/environment/ament_prefix_path.sh
[6.905s] -- Installing: /workspace/jazzy_ws/install/share/uncrustify_vendor/environment/ament_prefix_path.dsv
[6.905s] -- Installing: /workspace/jazzy_ws/install/share/uncrustify_vendor/environment/path.sh
[6.905s] -- Installing: /workspace/jazzy_ws/install/share/uncrustify_vendor/environment/path.dsv
[6.905s] -- Installing: /workspace/jazzy_ws/install/share/uncrustify_vendor/local_setup.bash
[6.905s] -- Installing: /workspace/jazzy_ws/install/share/uncrustify_vendor/local_setup.sh
[6.905s] -- Installing: /workspace/jazzy_ws/install/share/uncrustify_vendor/local_setup.zsh
[6.905s] -- Installing: /workspace/jazzy_ws/install/share/uncrustify_vendor/local_setup.dsv
[6.905s] -- Installing: /workspace/jazzy_ws/install/share/uncrustify_vendor/package.dsv
[6.905s] -- Installing: /workspace/jazzy_ws/install/share/ament_index/resource_index/packages/uncrustify_vendor
[6.905s] -- Installing: /workspace/jazzy_ws/install/share/uncrustify_vendor/cmake/vendor_package_cmake_prefix.cmake
[6.905s] -- Installing: /workspace/jazzy_ws/install/share/uncrustify_vendor/cmake/uncrustify_vendorConfig.cmake
[6.905s] -- Installing: /workspace/jazzy_ws/install/share/uncrustify_vendor/cmake/uncrustify_vendorConfig-version.cmake
[6.905s] -- Installing: /workspace/jazzy_ws/install/share/uncrustify_vendor/package.xml
[6.906s] Invoked command in '/workspace/jazzy_ws/build/uncrustify_vendor' returned '0': AMENT_PREFIX_PATH=/workspace/jazzy_ws/install CMAKE_PREFIX_PATH=/workspace/jazzy_ws/install LD_LIBRARY_PATH=/workspace/jazzy_ws/install/lib PATH=/workspace/jazzy_ws/install/bin:${PATH} PKG_CONFIG_PATH=/workspace/jazzy_ws/install/lib/x86_64-linux-gnu/pkgconfig:/workspace/jazzy_ws/install/lib/pkgconfig PYTHONPATH=/workspace/jazzy_ws/install/lib/python3.12/site-packages /usr/bin/cmake --install /workspace/jazzy_ws/build/uncrustify_vendor
