-- Found ament_cmake: 2.5.5 (/workspace/jazzy_ws/install/share/ament_cmake/cmake)
-- Found Python3: /usr/bin/python3 (found version "3.12.3") found components: Interpreter 
-- Found ament_lint_auto: 0.17.4 (/workspace/jazzy_ws/install/share/ament_lint_auto/cmake)
-- Added test 'copyright' to check source files copyright and LICENSE
-- Added test 'flake8' to check Python code syntax and style conventions
-- Configured 'flake8' exclude dirs and/or files: 
-- Added test 'lint_cmake' to check CMake code style
-- Added test 'pep257' to check Python code against some of the docstring style conventions in PEP 257
-- Added test 'xmllint' to check XML markup files
-- Configuring done (0.5s)
-- Generating done (0.0s)
-- Build files have been written to: /workspace/jazzy_ws/build/rosidl_cmake
Built target ament_cmake_python_copy_rosidl_cmake
running egg_info
creating rosidl_cmake.egg-info
writing rosidl_cmake.egg-info/PKG-INFO
writing dependency_links to rosidl_cmake.egg-info/dependency_links.txt
writing top-level names to rosidl_cmake.egg-info/top_level.txt
writing manifest file 'rosidl_cmake.egg-info/SOURCES.txt'
reading manifest file 'rosidl_cmake.egg-info/SOURCES.txt'
writing manifest file 'rosidl_cmake.egg-info/SOURCES.txt'
Built target ament_cmake_python_build_rosidl_cmake_egg
-- Install configuration: ""
-- Installing: /workspace/jazzy_ws/install/share/rosidl_cmake/environment/pythonpath.sh
-- Installing: /workspace/jazzy_ws/install/share/rosidl_cmake/environment/pythonpath.dsv
-- Installing: /workspace/jazzy_ws/install/lib/python3.12/site-packages/rosidl_cmake-4.6.7-py3.12.egg-info
-- Installing: /workspace/jazzy_ws/install/lib/python3.12/site-packages/rosidl_cmake-4.6.7-py3.12.egg-info/PKG-INFO
-- Installing: /workspace/jazzy_ws/install/lib/python3.12/site-packages/rosidl_cmake-4.6.7-py3.12.egg-info/SOURCES.txt
-- Installing: /workspace/jazzy_ws/install/lib/python3.12/site-packages/rosidl_cmake-4.6.7-py3.12.egg-info/top_level.txt
-- Installing: /workspace/jazzy_ws/install/lib/python3.12/site-packages/rosidl_cmake-4.6.7-py3.12.egg-info/dependency_links.txt
-- Installing: /workspace/jazzy_ws/install/lib/python3.12/site-packages/rosidl_cmake
-- Installing: /workspace/jazzy_ws/install/lib/python3.12/site-packages/rosidl_cmake/__init__.py
Listing '/workspace/jazzy_ws/install/lib/python3.12/site-packages/rosidl_cmake'...
Compiling '/workspace/jazzy_ws/install/lib/python3.12/site-packages/rosidl_cmake/__init__.py'...
-- Installing: /workspace/jazzy_ws/install/share/ament_index/resource_index/package_run_dependencies/rosidl_cmake
-- Installing: /workspace/jazzy_ws/install/share/ament_index/resource_index/parent_prefix_path/rosidl_cmake
-- Installing: /workspace/jazzy_ws/install/share/rosidl_cmake/environment/ament_prefix_path.sh
-- Installing: /workspace/jazzy_ws/install/share/rosidl_cmake/environment/ament_prefix_path.dsv
-- Installing: /workspace/jazzy_ws/install/share/rosidl_cmake/environment/path.sh
-- Installing: /workspace/jazzy_ws/install/share/rosidl_cmake/environment/path.dsv
-- Installing: /workspace/jazzy_ws/install/share/rosidl_cmake/local_setup.bash
-- Installing: /workspace/jazzy_ws/install/share/rosidl_cmake/local_setup.sh
-- Installing: /workspace/jazzy_ws/install/share/rosidl_cmake/local_setup.zsh
-- Installing: /workspace/jazzy_ws/install/share/rosidl_cmake/local_setup.dsv
-- Installing: /workspace/jazzy_ws/install/share/rosidl_cmake/package.dsv
-- Installing: /workspace/jazzy_ws/install/share/ament_index/resource_index/packages/rosidl_cmake
-- Installing: /workspace/jazzy_ws/install/share/rosidl_cmake/cmake/rosidl_cmake-extras.cmake
-- Installing: /workspace/jazzy_ws/install/share/rosidl_cmake/cmake/rosidl_cmakeConfig.cmake
-- Installing: /workspace/jazzy_ws/install/share/rosidl_cmake/cmake/rosidl_cmakeConfig-version.cmake
-- Installing: /workspace/jazzy_ws/install/share/rosidl_cmake/package.xml
-- Up-to-date: /workspace/jazzy_ws/install/share/rosidl_cmake/cmake
-- Installing: /workspace/jazzy_ws/install/share/rosidl_cmake/cmake/rosidl_get_typesupport_target.cmake
-- Installing: /workspace/jazzy_ws/install/share/rosidl_cmake/cmake/rosidl_auto_generate_interfaces.cmake
-- Installing: /workspace/jazzy_ws/install/share/rosidl_cmake/cmake/rosidl_cmake_export_typesupport_targets-extras.cmake.in
-- Installing: /workspace/jazzy_ws/install/share/rosidl_cmake/cmake/string_camel_case_to_lower_case_underscore.cmake
-- Installing: /workspace/jazzy_ws/install/share/rosidl_cmake/cmake/rosidl_generate_interfaces.cmake
-- Installing: /workspace/jazzy_ws/install/share/rosidl_cmake/cmake/rosidl_cmake_export_typesupport_targets_package_hook.cmake
-- Installing: /workspace/jazzy_ws/install/share/rosidl_cmake/cmake/rosidl_cmake-extras.cmake.in
-- Installing: /workspace/jazzy_ws/install/share/rosidl_cmake/cmake/rosidl_write_generator_arguments.cmake
-- Installing: /workspace/jazzy_ws/install/share/rosidl_cmake/cmake/rosidl_cmake_export_typesupport_libraries-extras.cmake.in
-- Installing: /workspace/jazzy_ws/install/share/rosidl_cmake/cmake/rosidl_cmake_export_typesupport_libraries_package_hook.cmake
-- Installing: /workspace/jazzy_ws/install/share/rosidl_cmake/cmake/rosidl_export_typesupport_targets.cmake
-- Installing: /workspace/jazzy_ws/install/share/rosidl_cmake/cmake/rosidl_export_typesupport_libraries.cmake
-- Installing: /workspace/jazzy_ws/install/share/rosidl_cmake/cmake/rosidl_cmake_package_hook.cmake
-- Installing: /workspace/jazzy_ws/install/share/rosidl_cmake/cmake/rosidl_find_package_idl.cmake
-- Installing: /workspace/jazzy_ws/install/share/rosidl_cmake/cmake/rosidl_target_interfaces.cmake
