[0.201s] Invoking command in '/workspace/jazzy_ws/build/rosidl_cmake': AMENT_PREFIX_PATH=/workspace/jazzy_ws/install CMAKE_PREFIX_PATH=/workspace/jazzy_ws/install LD_LIBRARY_PATH=/workspace/jazzy_ws/install/lib PATH=/workspace/jazzy_ws/install/bin:/workspace/jazzy_ws/install/opt/uncrustify_vendor/bin:${PATH} PKG_CONFIG_PATH=/workspace/jazzy_ws/install/lib/x86_64-linux-gnu/pkgconfig:/workspace/jazzy_ws/install/lib/pkgconfig PYTHONPATH=/workspace/jazzy_ws/install/lib/python3.12/site-packages /usr/bin/cmake /workspace/jazzy_ws/src/rosidl/rosidl_cmake -DCMAKE_INSTALL_PREFIX=/workspace/jazzy_ws/install
[0.210s] -- Found ament_cmake: 2.5.5 (/workspace/jazzy_ws/install/share/ament_cmake/cmake)
[0.372s] -- Found Python3: /usr/bin/python3 (found version "3.12.3") found components: Interpreter 
[0.567s] -- Found ament_lint_auto: 0.17.4 (/workspace/jazzy_ws/install/share/ament_lint_auto/cmake)
[0.651s] -- Added test 'copyright' to check source files copyright and LICENSE
[0.657s] -- Added test 'flake8' to check Python code syntax and style conventions
[0.657s] -- Configured 'flake8' exclude dirs and/or files: 
[0.657s] -- Added test 'lint_cmake' to check CMake code style
[0.657s] -- Added test 'pep257' to check Python code against some of the docstring style conventions in PEP 257
[0.659s] -- Added test 'xmllint' to check XML markup files
[0.661s] -- Configuring done (0.5s)
[0.664s] -- Generating done (0.0s)
[0.666s] -- Build files have been written to: /workspace/jazzy_ws/build/rosidl_cmake
[0.669s] Invoked command in '/workspace/jazzy_ws/build/rosidl_cmake' returned '0': AMENT_PREFIX_PATH=/workspace/jazzy_ws/install CMAKE_PREFIX_PATH=/workspace/jazzy_ws/install LD_LIBRARY_PATH=/workspace/jazzy_ws/install/lib PATH=/workspace/jazzy_ws/install/bin:/workspace/jazzy_ws/install/opt/uncrustify_vendor/bin:${PATH} PKG_CONFIG_PATH=/workspace/jazzy_ws/install/lib/x86_64-linux-gnu/pkgconfig:/workspace/jazzy_ws/install/lib/pkgconfig PYTHONPATH=/workspace/jazzy_ws/install/lib/python3.12/site-packages /usr/bin/cmake /workspace/jazzy_ws/src/rosidl/rosidl_cmake -DCMAKE_INSTALL_PREFIX=/workspace/jazzy_ws/install
[0.670s] Invoking command in '/workspace/jazzy_ws/build/rosidl_cmake': AMENT_PREFIX_PATH=/workspace/jazzy_ws/install CMAKE_PREFIX_PATH=/workspace/jazzy_ws/install LD_LIBRARY_PATH=/workspace/jazzy_ws/install/lib PATH=/workspace/jazzy_ws/install/bin:/workspace/jazzy_ws/install/opt/uncrustify_vendor/bin:${PATH} PKG_CONFIG_PATH=/workspace/jazzy_ws/install/lib/x86_64-linux-gnu/pkgconfig:/workspace/jazzy_ws/install/lib/pkgconfig PYTHONPATH=/workspace/jazzy_ws/install/lib/python3.12/site-packages /usr/bin/cmake --build /workspace/jazzy_ws/build/rosidl_cmake -- -j24 -l24
[0.724s] Built target ament_cmake_python_copy_rosidl_cmake
[0.969s] running egg_info
[0.983s] creating rosidl_cmake.egg-info
[0.983s] writing rosidl_cmake.egg-info/PKG-INFO
[0.983s] writing dependency_links to rosidl_cmake.egg-info/dependency_links.txt
[0.983s] writing top-level names to rosidl_cmake.egg-info/top_level.txt
[0.983s] writing manifest file 'rosidl_cmake.egg-info/SOURCES.txt'
[1.019s] reading manifest file 'rosidl_cmake.egg-info/SOURCES.txt'
[1.026s] writing manifest file 'rosidl_cmake.egg-info/SOURCES.txt'
[1.078s] Built target ament_cmake_python_build_rosidl_cmake_egg
[1.090s] Invoked command in '/workspace/jazzy_ws/build/rosidl_cmake' returned '0': AMENT_PREFIX_PATH=/workspace/jazzy_ws/install CMAKE_PREFIX_PATH=/workspace/jazzy_ws/install LD_LIBRARY_PATH=/workspace/jazzy_ws/install/lib PATH=/workspace/jazzy_ws/install/bin:/workspace/jazzy_ws/install/opt/uncrustify_vendor/bin:${PATH} PKG_CONFIG_PATH=/workspace/jazzy_ws/install/lib/x86_64-linux-gnu/pkgconfig:/workspace/jazzy_ws/install/lib/pkgconfig PYTHONPATH=/workspace/jazzy_ws/install/lib/python3.12/site-packages /usr/bin/cmake --build /workspace/jazzy_ws/build/rosidl_cmake -- -j24 -l24
[1.090s] Invoking command in '/workspace/jazzy_ws/build/rosidl_cmake': AMENT_PREFIX_PATH=/workspace/jazzy_ws/install CMAKE_PREFIX_PATH=/workspace/jazzy_ws/install LD_LIBRARY_PATH=/workspace/jazzy_ws/install/lib PATH=/workspace/jazzy_ws/install/bin:/workspace/jazzy_ws/install/opt/uncrustify_vendor/bin:${PATH} PKG_CONFIG_PATH=/workspace/jazzy_ws/install/lib/x86_64-linux-gnu/pkgconfig:/workspace/jazzy_ws/install/lib/pkgconfig PYTHONPATH=/workspace/jazzy_ws/install/lib/python3.12/site-packages /usr/bin/cmake --install /workspace/jazzy_ws/build/rosidl_cmake
[1.106s] -- Install configuration: ""
[1.106s] -- Installing: /workspace/jazzy_ws/install/share/rosidl_cmake/environment/pythonpath.sh
[1.107s] -- Installing: /workspace/jazzy_ws/install/share/rosidl_cmake/environment/pythonpath.dsv
[1.107s] -- Installing: /workspace/jazzy_ws/install/lib/python3.12/site-packages/rosidl_cmake-4.6.7-py3.12.egg-info
[1.107s] -- Installing: /workspace/jazzy_ws/install/lib/python3.12/site-packages/rosidl_cmake-4.6.7-py3.12.egg-info/PKG-INFO
[1.107s] -- Installing: /workspace/jazzy_ws/install/lib/python3.12/site-packages/rosidl_cmake-4.6.7-py3.12.egg-info/SOURCES.txt
[1.107s] -- Installing: /workspace/jazzy_ws/install/lib/python3.12/site-packages/rosidl_cmake-4.6.7-py3.12.egg-info/top_level.txt
[1.107s] -- Installing: /workspace/jazzy_ws/install/lib/python3.12/site-packages/rosidl_cmake-4.6.7-py3.12.egg-info/dependency_links.txt
[1.119s] -- Installing: /workspace/jazzy_ws/install/lib/python3.12/site-packages/rosidl_cmake
[1.119s] -- Installing: /workspace/jazzy_ws/install/lib/python3.12/site-packages/rosidl_cmake/__init__.py
[1.183s] Listing '/workspace/jazzy_ws/install/lib/python3.12/site-packages/rosidl_cmake'...
[1.183s] Compiling '/workspace/jazzy_ws/install/lib/python3.12/site-packages/rosidl_cmake/__init__.py'...
[1.196s] -- Installing: /workspace/jazzy_ws/install/share/ament_index/resource_index/package_run_dependencies/rosidl_cmake
[1.196s] -- Installing: /workspace/jazzy_ws/install/share/ament_index/resource_index/parent_prefix_path/rosidl_cmake
[1.196s] -- Installing: /workspace/jazzy_ws/install/share/rosidl_cmake/environment/ament_prefix_path.sh
[1.196s] -- Installing: /workspace/jazzy_ws/install/share/rosidl_cmake/environment/ament_prefix_path.dsv
[1.196s] -- Installing: /workspace/jazzy_ws/install/share/rosidl_cmake/environment/path.sh
[1.196s] -- Installing: /workspace/jazzy_ws/install/share/rosidl_cmake/environment/path.dsv
[1.196s] -- Installing: /workspace/jazzy_ws/install/share/rosidl_cmake/local_setup.bash
[1.196s] -- Installing: /workspace/jazzy_ws/install/share/rosidl_cmake/local_setup.sh
[1.196s] -- Installing: /workspace/jazzy_ws/install/share/rosidl_cmake/local_setup.zsh
[1.196s] -- Installing: /workspace/jazzy_ws/install/share/rosidl_cmake/local_setup.dsv
[1.196s] -- Installing: /workspace/jazzy_ws/install/share/rosidl_cmake/package.dsv
[1.196s] -- Installing: /workspace/jazzy_ws/install/share/ament_index/resource_index/packages/rosidl_cmake
[1.196s] -- Installing: /workspace/jazzy_ws/install/share/rosidl_cmake/cmake/rosidl_cmake-extras.cmake
[1.196s] -- Installing: /workspace/jazzy_ws/install/share/rosidl_cmake/cmake/rosidl_cmakeConfig.cmake
[1.196s] -- Installing: /workspace/jazzy_ws/install/share/rosidl_cmake/cmake/rosidl_cmakeConfig-version.cmake
[1.196s] -- Installing: /workspace/jazzy_ws/install/share/rosidl_cmake/package.xml
[1.196s] -- Up-to-date: /workspace/jazzy_ws/install/share/rosidl_cmake/cmake
[1.197s] -- Installing: /workspace/jazzy_ws/install/share/rosidl_cmake/cmake/rosidl_get_typesupport_target.cmake
[1.197s] -- Installing: /workspace/jazzy_ws/install/share/rosidl_cmake/cmake/rosidl_auto_generate_interfaces.cmake
[1.197s] -- Installing: /workspace/jazzy_ws/install/share/rosidl_cmake/cmake/rosidl_cmake_export_typesupport_targets-extras.cmake.in
[1.197s] -- Installing: /workspace/jazzy_ws/install/share/rosidl_cmake/cmake/string_camel_case_to_lower_case_underscore.cmake
[1.197s] -- Installing: /workspace/jazzy_ws/install/share/rosidl_cmake/cmake/rosidl_generate_interfaces.cmake
[1.197s] -- Installing: /workspace/jazzy_ws/install/share/rosidl_cmake/cmake/rosidl_cmake_export_typesupport_targets_package_hook.cmake
[1.197s] -- Installing: /workspace/jazzy_ws/install/share/rosidl_cmake/cmake/rosidl_cmake-extras.cmake.in
[1.197s] -- Installing: /workspace/jazzy_ws/install/share/rosidl_cmake/cmake/rosidl_write_generator_arguments.cmake
[1.197s] -- Installing: /workspace/jazzy_ws/install/share/rosidl_cmake/cmake/rosidl_cmake_export_typesupport_libraries-extras.cmake.in
[1.197s] -- Installing: /workspace/jazzy_ws/install/share/rosidl_cmake/cmake/rosidl_cmake_export_typesupport_libraries_package_hook.cmake
[1.197s] -- Installing: /workspace/jazzy_ws/install/share/rosidl_cmake/cmake/rosidl_export_typesupport_targets.cmake
[1.197s] -- Installing: /workspace/jazzy_ws/install/share/rosidl_cmake/cmake/rosidl_export_typesupport_libraries.cmake
[1.197s] -- Installing: /workspace/jazzy_ws/install/share/rosidl_cmake/cmake/rosidl_cmake_package_hook.cmake
[1.197s] -- Installing: /workspace/jazzy_ws/install/share/rosidl_cmake/cmake/rosidl_find_package_idl.cmake
[1.197s] -- Installing: /workspace/jazzy_ws/install/share/rosidl_cmake/cmake/rosidl_target_interfaces.cmake
[1.201s] Invoked command in '/workspace/jazzy_ws/build/rosidl_cmake' returned '0': AMENT_PREFIX_PATH=/workspace/jazzy_ws/install CMAKE_PREFIX_PATH=/workspace/jazzy_ws/install LD_LIBRARY_PATH=/workspace/jazzy_ws/install/lib PATH=/workspace/jazzy_ws/install/bin:/workspace/jazzy_ws/install/opt/uncrustify_vendor/bin:${PATH} PKG_CONFIG_PATH=/workspace/jazzy_ws/install/lib/x86_64-linux-gnu/pkgconfig:/workspace/jazzy_ws/install/lib/pkgconfig PYTHONPATH=/workspace/jazzy_ws/install/lib/python3.12/site-packages /usr/bin/cmake --install /workspace/jazzy_ws/build/rosidl_cmake
