[0.010s] Invoking command in '/workspace/jazzy_ws/build/ament_cmake_export_libraries': AMENT_PREFIX_PATH=/workspace/jazzy_ws/install CMAKE_PREFIX_PATH=/workspace/jazzy_ws/install PATH=/workspace/jazzy_ws/install/bin:${PATH} PYTHONPATH=/workspace/jazzy_ws/install/lib/python3.12/site-packages /usr/bin/cmake /workspace/jazzy_ws/src/ament_cmake/ament_cmake_export_libraries -DCMAKE_INSTALL_PREFIX=/workspace/jazzy_ws/install
[0.018s] -- Found ament_cmake_core: 2.5.5 (/workspace/jazzy_ws/install/share/ament_cmake_core/cmake)
[0.117s] -- Found Python3: /usr/bin/python3 (found version "3.12.3") found components: Interpreter 
[0.271s] -- Configuring done (0.2s)
[0.271s] -- Generating done (0.0s)
[0.271s] -- Build files have been written to: /workspace/jazzy_ws/build/ament_cmake_export_libraries
[0.278s] Invoked command in '/workspace/jazzy_ws/build/ament_cmake_export_libraries' returned '0': AMENT_PREFIX_PATH=/workspace/jazzy_ws/install CMAKE_PREFIX_PATH=/workspace/jazzy_ws/install PATH=/workspace/jazzy_ws/install/bin:${PATH} PYTHONPATH=/workspace/jazzy_ws/install/lib/python3.12/site-packages /usr/bin/cmake /workspace/jazzy_ws/src/ament_cmake/ament_cmake_export_libraries -DCMAKE_INSTALL_PREFIX=/workspace/jazzy_ws/install
[0.279s] Invoking command in '/workspace/jazzy_ws/build/ament_cmake_export_libraries': AMENT_PREFIX_PATH=/workspace/jazzy_ws/install CMAKE_PREFIX_PATH=/workspace/jazzy_ws/install PATH=/workspace/jazzy_ws/install/bin:${PATH} PYTHONPATH=/workspace/jazzy_ws/install/lib/python3.12/site-packages /usr/bin/cmake --build /workspace/jazzy_ws/build/ament_cmake_export_libraries -- -j24 -l24
[0.399s] Invoked command in '/workspace/jazzy_ws/build/ament_cmake_export_libraries' returned '0': AMENT_PREFIX_PATH=/workspace/jazzy_ws/install CMAKE_PREFIX_PATH=/workspace/jazzy_ws/install PATH=/workspace/jazzy_ws/install/bin:${PATH} PYTHONPATH=/workspace/jazzy_ws/install/lib/python3.12/site-packages /usr/bin/cmake --build /workspace/jazzy_ws/build/ament_cmake_export_libraries -- -j24 -l24
[0.399s] Invoking command in '/workspace/jazzy_ws/build/ament_cmake_export_libraries': AMENT_PREFIX_PATH=/workspace/jazzy_ws/install CMAKE_PREFIX_PATH=/workspace/jazzy_ws/install PATH=/workspace/jazzy_ws/install/bin:${PATH} PYTHONPATH=/workspace/jazzy_ws/install/lib/python3.12/site-packages /usr/bin/cmake --install /workspace/jazzy_ws/build/ament_cmake_export_libraries
[0.410s] -- Install configuration: ""
[0.410s] -- Installing: /workspace/jazzy_ws/install/share/ament_index/resource_index/package_run_dependencies/ament_cmake_export_libraries
[0.410s] -- Installing: /workspace/jazzy_ws/install/share/ament_index/resource_index/parent_prefix_path/ament_cmake_export_libraries
[0.410s] -- Installing: /workspace/jazzy_ws/install/share/ament_cmake_export_libraries/environment/ament_prefix_path.sh
[0.410s] -- Installing: /workspace/jazzy_ws/install/share/ament_cmake_export_libraries/environment/ament_prefix_path.dsv
[0.410s] -- Installing: /workspace/jazzy_ws/install/share/ament_cmake_export_libraries/environment/path.sh
[0.410s] -- Installing: /workspace/jazzy_ws/install/share/ament_cmake_export_libraries/environment/path.dsv
[0.410s] -- Installing: /workspace/jazzy_ws/install/share/ament_cmake_export_libraries/local_setup.bash
[0.410s] -- Installing: /workspace/jazzy_ws/install/share/ament_cmake_export_libraries/local_setup.sh
[0.410s] -- Installing: /workspace/jazzy_ws/install/share/ament_cmake_export_libraries/local_setup.zsh
[0.410s] -- Installing: /workspace/jazzy_ws/install/share/ament_cmake_export_libraries/local_setup.dsv
[0.410s] -- Installing: /workspace/jazzy_ws/install/share/ament_cmake_export_libraries/package.dsv
[0.411s] -- Installing: /workspace/jazzy_ws/install/share/ament_index/resource_index/packages/ament_cmake_export_libraries
[0.411s] -- Installing: /workspace/jazzy_ws/install/share/ament_cmake_export_libraries/cmake/ament_cmake_export_libraries-extras.cmake
[0.411s] -- Installing: /workspace/jazzy_ws/install/share/ament_cmake_export_libraries/cmake/ament_cmake_export_librariesConfig.cmake
[0.411s] -- Installing: /workspace/jazzy_ws/install/share/ament_cmake_export_libraries/cmake/ament_cmake_export_librariesConfig-version.cmake
[0.411s] -- Installing: /workspace/jazzy_ws/install/share/ament_cmake_export_libraries/package.xml
[0.411s] -- Up-to-date: /workspace/jazzy_ws/install/share/ament_cmake_export_libraries/cmake
[0.411s] -- Installing: /workspace/jazzy_ws/install/share/ament_cmake_export_libraries/cmake/ament_export_libraries.cmake
[0.411s] -- Installing: /workspace/jazzy_ws/install/share/ament_cmake_export_libraries/cmake/ament_cmake_export_libraries_package_hook.cmake
[0.411s] -- Installing: /workspace/jazzy_ws/install/share/ament_cmake_export_libraries/cmake/ament_cmake_export_libraries-extras.cmake.in
[0.411s] -- Installing: /workspace/jazzy_ws/install/share/ament_cmake_export_libraries/cmake/ament_export_library_names.cmake
[0.475s] Invoked command in '/workspace/jazzy_ws/build/ament_cmake_export_libraries' returned '0': AMENT_PREFIX_PATH=/workspace/jazzy_ws/install CMAKE_PREFIX_PATH=/workspace/jazzy_ws/install PATH=/workspace/jazzy_ws/install/bin:${PATH} PYTHONPATH=/workspace/jazzy_ws/install/lib/python3.12/site-packages /usr/bin/cmake --install /workspace/jazzy_ws/build/ament_cmake_export_libraries
