-- The C compiler identification is GNU 13.3.0
-- The CXX compiler identification is GNU 13.3.0
-- Detecting C compiler ABI info
-- Detecting C compiler ABI info - done
-- Check for working C compiler: /usr/bin/cc - skipped
-- Detecting C compile features
-- Detecting C compile features - done
-- Detecting CXX compiler ABI info
-- Detecting CXX compiler ABI info - done
-- Check for working CXX compiler: /usr/bin/c++ - skipped
-- Detecting CXX compile features
-- Detecting CXX compile features - done
-- Found ament_cmake: 2.5.5 (/workspace/jazzy_ws/install/share/ament_cmake/cmake)
-- Found Python3: /usr/bin/python3 (found version "3.12.3") found components: Interpreter 
-- Found rosidl_default_generators: 1.6.0 (/workspace/jazzy_ws/install/share/rosidl_default_generators/cmake)
-- Using all available rosidl_typesupport_c: rosidl_typesupport_fastrtps_c;rosidl_typesupport_introspection_c
-- Using all available rosidl_typesupport_cpp: rosidl_typesupport_fastrtps_cpp;rosidl_typesupport_introspection_cpp
-- Found rosidl_adapter: 4.6.7 (/workspace/jazzy_ws/install/share/rosidl_adapter/cmake)
-- Found ament_cmake_cppcheck: 0.17.4 (/workspace/jazzy_ws/install/share/ament_cmake_cppcheck/cmake)
-- Found ament_cmake_cpplint: 0.17.4 (/workspace/jazzy_ws/install/share/ament_cmake_cpplint/cmake)
-- Found ament_cmake_uncrustify: 0.17.4 (/workspace/jazzy_ws/install/share/ament_cmake_uncrustify/cmake)
-- Found ament_cmake_ros: 0.12.0 (/workspace/jazzy_ws/install/share/ament_cmake_ros/cmake)
-- Using all available rosidl_typesupport_c: rosidl_typesupport_fastrtps_c;rosidl_typesupport_introspection_c
-- Using all available rosidl_typesupport_cpp: rosidl_typesupport_fastrtps_cpp;rosidl_typesupport_introspection_cpp
-- Found python_cmake_module: 0.11.1 (/workspace/jazzy_ws/install/share/python_cmake_module/cmake)
-- Found PythonExtra: /usr/bin/python3  
-- Found Python3: /usr/bin/python3 (found version "3.12.3") found components: Interpreter Development NumPy Development.Module Development.Embed 
-- Found ament_cmake_flake8: 0.17.4 (/workspace/jazzy_ws/install/share/ament_cmake_flake8/cmake)
-- Found ament_cmake_pep257: 0.17.4 (/workspace/jazzy_ws/install/share/ament_cmake_pep257/cmake)
-- Configuring done (1.8s)
-- Generating done (0.0s)
-- Build files have been written to: /workspace/jazzy_ws/build/std_srvs
[  0%] Built target ament_cmake_python_copy_std_srvs
[  1%] Generating type hashes for ROS interfaces
running egg_info
creating std_srvs.egg-info
writing std_srvs.egg-info/PKG-INFO
writing dependency_links to std_srvs.egg-info/dependency_links.txt
writing top-level names to std_srvs.egg-info/top_level.txt
writing manifest file 'std_srvs.egg-info/SOURCES.txt'
[  1%] Built target std_srvs__rosidl_generator_type_description
[  3%] Generating C code for ROS interfaces
reading manifest file 'std_srvs.egg-info/SOURCES.txt'
writing manifest file 'std_srvs.egg-info/SOURCES.txt'
[  5%] Generating C++ code for ROS interfaces
[  5%] Built target ament_cmake_python_build_std_srvs_egg
[  5%] Built target std_srvs__cpp
[  7%] Building C object CMakeFiles/std_srvs__rosidl_generator_c.dir/rosidl_generator_c/std_srvs/srv/detail/empty__functions.c.o
[ 11%] Building C object CMakeFiles/std_srvs__rosidl_generator_c.dir/rosidl_generator_c/std_srvs/srv/detail/empty__type_support.c.o
[ 11%] Building C object CMakeFiles/std_srvs__rosidl_generator_c.dir/rosidl_generator_c/std_srvs/srv/detail/empty__description.c.o
[ 12%] Building C object CMakeFiles/std_srvs__rosidl_generator_c.dir/rosidl_generator_c/std_srvs/srv/detail/trigger__description.c.o
[ 14%] Building C object CMakeFiles/std_srvs__rosidl_generator_c.dir/rosidl_generator_c/std_srvs/srv/detail/set_bool__description.c.o
[ 16%] Building C object CMakeFiles/std_srvs__rosidl_generator_c.dir/rosidl_generator_c/std_srvs/srv/detail/set_bool__type_support.c.o
[ 18%] Building C object CMakeFiles/std_srvs__rosidl_generator_c.dir/rosidl_generator_c/std_srvs/srv/detail/set_bool__functions.c.o
[ 22%] Building C object CMakeFiles/std_srvs__rosidl_generator_c.dir/rosidl_generator_c/std_srvs/srv/detail/trigger__type_support.c.o
[ 22%] Building C object CMakeFiles/std_srvs__rosidl_generator_c.dir/rosidl_generator_c/std_srvs/srv/detail/trigger__functions.c.o
[ 24%] Linking C shared library libstd_srvs__rosidl_generator_c.so
[ 24%] Built target std_srvs__rosidl_generator_c
[ 25%] Generating C type support dispatch for ROS interfaces
[ 27%] Generating C introspection for ROS interfaces
[ 29%] Generating C++ type support for eProsima Fast-RTPS
[ 31%] Generating C++ type support dispatch for ROS interfaces
[ 33%] Generating C++ introspection for ROS interfaces
[ 35%] Generating C type support for eProsima Fast-RTPS
[ 37%] Building CXX object CMakeFiles/std_srvs__rosidl_typesupport_c.dir/rosidl_typesupport_c/std_srvs/srv/empty__type_support.cpp.o
[ 38%] Building CXX object CMakeFiles/std_srvs__rosidl_typesupport_c.dir/rosidl_typesupport_c/std_srvs/srv/set_bool__type_support.cpp.o
[ 40%] Building CXX object CMakeFiles/std_srvs__rosidl_typesupport_c.dir/rosidl_typesupport_c/std_srvs/srv/trigger__type_support.cpp.o
[ 44%] Building CXX object CMakeFiles/std_srvs__rosidl_typesupport_introspection_cpp.dir/rosidl_typesupport_introspection_cpp/std_srvs/srv/detail/trigger__type_support.cpp.o
[ 42%] Building CXX object CMakeFiles/std_srvs__rosidl_typesupport_introspection_cpp.dir/rosidl_typesupport_introspection_cpp/std_srvs/srv/detail/empty__type_support.cpp.o
[ 46%] Building CXX object CMakeFiles/std_srvs__rosidl_typesupport_introspection_cpp.dir/rosidl_typesupport_introspection_cpp/std_srvs/srv/detail/set_bool__type_support.cpp.o
[ 48%] Linking CXX shared library libstd_srvs__rosidl_typesupport_c.so
[ 48%] Built target std_srvs__rosidl_typesupport_c
[ 50%] Building C object CMakeFiles/std_srvs__rosidl_typesupport_introspection_c.dir/rosidl_typesupport_introspection_c/std_srvs/srv/detail/empty__type_support.c.o
[ 51%] Building C object CMakeFiles/std_srvs__rosidl_typesupport_introspection_c.dir/rosidl_typesupport_introspection_c/std_srvs/srv/detail/set_bool__type_support.c.o
[ 53%] Building C object CMakeFiles/std_srvs__rosidl_typesupport_introspection_c.dir/rosidl_typesupport_introspection_c/std_srvs/srv/detail/trigger__type_support.c.o
[ 55%] Building CXX object CMakeFiles/std_srvs__rosidl_typesupport_cpp.dir/rosidl_typesupport_cpp/std_srvs/srv/empty__type_support.cpp.o
[ 57%] Building CXX object CMakeFiles/std_srvs__rosidl_typesupport_cpp.dir/rosidl_typesupport_cpp/std_srvs/srv/trigger__type_support.cpp.o
[ 59%] Building CXX object CMakeFiles/std_srvs__rosidl_typesupport_cpp.dir/rosidl_typesupport_cpp/std_srvs/srv/set_bool__type_support.cpp.o
[ 61%] Linking C shared library libstd_srvs__rosidl_typesupport_introspection_c.so
[ 62%] Building CXX object CMakeFiles/std_srvs__rosidl_typesupport_fastrtps_cpp.dir/rosidl_typesupport_fastrtps_cpp/std_srvs/srv/detail/dds_fastrtps/trigger__type_support.cpp.o
[ 64%] Building CXX object CMakeFiles/std_srvs__rosidl_typesupport_fastrtps_cpp.dir/rosidl_typesupport_fastrtps_cpp/std_srvs/srv/detail/dds_fastrtps/empty__type_support.cpp.o
[ 66%] Building CXX object CMakeFiles/std_srvs__rosidl_typesupport_fastrtps_c.dir/rosidl_typesupport_fastrtps_c/std_srvs/srv/detail/empty__type_support_c.cpp.o
[ 68%] Building CXX object CMakeFiles/std_srvs__rosidl_typesupport_fastrtps_cpp.dir/rosidl_typesupport_fastrtps_cpp/std_srvs/srv/detail/dds_fastrtps/set_bool__type_support.cpp.o
[ 70%] Building CXX object CMakeFiles/std_srvs__rosidl_typesupport_fastrtps_c.dir/rosidl_typesupport_fastrtps_c/std_srvs/srv/detail/set_bool__type_support_c.cpp.o
[ 72%] Building CXX object CMakeFiles/std_srvs__rosidl_typesupport_fastrtps_c.dir/rosidl_typesupport_fastrtps_c/std_srvs/srv/detail/trigger__type_support_c.cpp.o
[ 72%] Built target std_srvs__rosidl_typesupport_introspection_c
[ 74%] Linking CXX shared library libstd_srvs__rosidl_typesupport_introspection_cpp.so
[ 74%] Built target std_srvs__rosidl_typesupport_introspection_cpp
[ 75%] Linking CXX shared library libstd_srvs__rosidl_typesupport_cpp.so
[ 75%] Built target std_srvs__rosidl_typesupport_cpp
[ 77%] Linking CXX shared library libstd_srvs__rosidl_typesupport_fastrtps_c.so
[ 77%] Built target std_srvs__rosidl_typesupport_fastrtps_c
[ 79%] Linking CXX shared library libstd_srvs__rosidl_typesupport_fastrtps_cpp.so
[ 79%] Built target std_srvs__rosidl_typesupport_fastrtps_cpp
[ 79%] Built target std_srvs
[ 81%] Generating Python code for ROS interfaces
[ 81%] Built target std_srvs__py
[ 83%] Building C object CMakeFiles/std_srvs__rosidl_generator_py.dir/rosidl_generator_py/std_srvs/srv/_empty_s.c.o
[ 85%] Building C object CMakeFiles/std_srvs__rosidl_generator_py.dir/rosidl_generator_py/std_srvs/srv/_trigger_s.c.o
[ 87%] Building C object CMakeFiles/std_srvs__rosidl_generator_py.dir/rosidl_generator_py/std_srvs/srv/_set_bool_s.c.o
[ 88%] Linking C shared library libstd_srvs__rosidl_generator_py.so
[ 88%] Built target std_srvs__rosidl_generator_py
[ 92%] Building C object CMakeFiles/std_srvs_s__rosidl_typesupport_introspection_c.dir/rosidl_generator_py/std_srvs/_std_srvs_s.ep.rosidl_typesupport_introspection_c.c.o
[ 92%] Building C object CMakeFiles/std_srvs_s__rosidl_typesupport_c.dir/rosidl_generator_py/std_srvs/_std_srvs_s.ep.rosidl_typesupport_c.c.o
[ 94%] Building C object CMakeFiles/std_srvs_s__rosidl_typesupport_fastrtps_c.dir/rosidl_generator_py/std_srvs/_std_srvs_s.ep.rosidl_typesupport_fastrtps_c.c.o
[ 96%] Linking C shared module rosidl_generator_py/std_srvs/std_srvs_s__rosidl_typesupport_introspection_c.so
[ 98%] Linking C shared module rosidl_generator_py/std_srvs/std_srvs_s__rosidl_typesupport_c.so
[100%] Linking C shared module rosidl_generator_py/std_srvs/std_srvs_s__rosidl_typesupport_fastrtps_c.so
[100%] Built target std_srvs_s__rosidl_typesupport_c
[100%] Built target std_srvs_s__rosidl_typesupport_introspection_c
[100%] Built target std_srvs_s__rosidl_typesupport_fastrtps_c
-- Install configuration: ""
-- Installing: /workspace/jazzy_ws/install/share/ament_index/resource_index/rosidl_interfaces/std_srvs
-- Installing: /workspace/jazzy_ws/install/share/std_srvs/srv/Empty.json
-- Installing: /workspace/jazzy_ws/install/share/std_srvs/srv/SetBool.json
-- Installing: /workspace/jazzy_ws/install/share/std_srvs/srv/Trigger.json
-- Installing: /workspace/jazzy_ws/install/include/std_srvs/std_srvs
-- Installing: /workspace/jazzy_ws/install/include/std_srvs/std_srvs/msg
-- Installing: /workspace/jazzy_ws/install/include/std_srvs/std_srvs/msg/rosidl_generator_c__visibility_control.h
-- Installing: /workspace/jazzy_ws/install/include/std_srvs/std_srvs/srv
-- Installing: /workspace/jazzy_ws/install/include/std_srvs/std_srvs/srv/detail
-- Installing: /workspace/jazzy_ws/install/include/std_srvs/std_srvs/srv/detail/set_bool__type_support.h
-- Installing: /workspace/jazzy_ws/install/include/std_srvs/std_srvs/srv/detail/set_bool__type_support.c
-- Installing: /workspace/jazzy_ws/install/include/std_srvs/std_srvs/srv/detail/trigger__type_support.c
-- Installing: /workspace/jazzy_ws/install/include/std_srvs/std_srvs/srv/detail/empty__functions.h
-- Installing: /workspace/jazzy_ws/install/include/std_srvs/std_srvs/srv/detail/trigger__type_support.h
-- Installing: /workspace/jazzy_ws/install/include/std_srvs/std_srvs/srv/detail/trigger__functions.c
-- Installing: /workspace/jazzy_ws/install/include/std_srvs/std_srvs/srv/detail/set_bool__description.c
-- Installing: /workspace/jazzy_ws/install/include/std_srvs/std_srvs/srv/detail/trigger__description.c
-- Installing: /workspace/jazzy_ws/install/include/std_srvs/std_srvs/srv/detail/set_bool__functions.c
-- Installing: /workspace/jazzy_ws/install/include/std_srvs/std_srvs/srv/detail/empty__type_support.h
-- Installing: /workspace/jazzy_ws/install/include/std_srvs/std_srvs/srv/detail/empty__functions.c
-- Installing: /workspace/jazzy_ws/install/include/std_srvs/std_srvs/srv/detail/trigger__functions.h
-- Installing: /workspace/jazzy_ws/install/include/std_srvs/std_srvs/srv/detail/empty__type_support.c
-- Installing: /workspace/jazzy_ws/install/include/std_srvs/std_srvs/srv/detail/empty__description.c
-- Installing: /workspace/jazzy_ws/install/include/std_srvs/std_srvs/srv/detail/set_bool__functions.h
-- Installing: /workspace/jazzy_ws/install/include/std_srvs/std_srvs/srv/detail/empty__struct.h
-- Installing: /workspace/jazzy_ws/install/include/std_srvs/std_srvs/srv/detail/set_bool__struct.h
-- Installing: /workspace/jazzy_ws/install/include/std_srvs/std_srvs/srv/detail/trigger__struct.h
-- Installing: /workspace/jazzy_ws/install/include/std_srvs/std_srvs/srv/empty.h
-- Installing: /workspace/jazzy_ws/install/include/std_srvs/std_srvs/srv/set_bool.h
-- Installing: /workspace/jazzy_ws/install/include/std_srvs/std_srvs/srv/trigger.h
-- Installing: /workspace/jazzy_ws/install/share/std_srvs/environment/library_path.sh
-- Installing: /workspace/jazzy_ws/install/share/std_srvs/environment/library_path.dsv
-- Installing: /workspace/jazzy_ws/install/lib/libstd_srvs__rosidl_generator_c.so
-- Set non-toolchain portion of runtime path of "/workspace/jazzy_ws/install/lib/libstd_srvs__rosidl_generator_c.so" to ""
-- Up-to-date: /workspace/jazzy_ws/install/include/std_srvs/std_srvs
-- Up-to-date: /workspace/jazzy_ws/install/include/std_srvs/std_srvs/msg
-- Installing: /workspace/jazzy_ws/install/include/std_srvs/std_srvs/msg/rosidl_typesupport_fastrtps_c__visibility_control.h
-- Up-to-date: /workspace/jazzy_ws/install/include/std_srvs/std_srvs/srv
-- Up-to-date: /workspace/jazzy_ws/install/include/std_srvs/std_srvs/srv/detail
-- Installing: /workspace/jazzy_ws/install/include/std_srvs/std_srvs/srv/detail/set_bool__rosidl_typesupport_fastrtps_c.h
-- Installing: /workspace/jazzy_ws/install/include/std_srvs/std_srvs/srv/detail/trigger__rosidl_typesupport_fastrtps_c.h
-- Installing: /workspace/jazzy_ws/install/include/std_srvs/std_srvs/srv/detail/empty__rosidl_typesupport_fastrtps_c.h
-- Installing: /workspace/jazzy_ws/install/lib/libstd_srvs__rosidl_typesupport_fastrtps_c.so
-- Set non-toolchain portion of runtime path of "/workspace/jazzy_ws/install/lib/libstd_srvs__rosidl_typesupport_fastrtps_c.so" to ""
-- Up-to-date: /workspace/jazzy_ws/install/include/std_srvs/std_srvs
-- Up-to-date: /workspace/jazzy_ws/install/include/std_srvs/std_srvs/msg
-- Installing: /workspace/jazzy_ws/install/include/std_srvs/std_srvs/msg/rosidl_typesupport_introspection_c__visibility_control.h
-- Up-to-date: /workspace/jazzy_ws/install/include/std_srvs/std_srvs/srv
-- Up-to-date: /workspace/jazzy_ws/install/include/std_srvs/std_srvs/srv/detail
-- Installing: /workspace/jazzy_ws/install/include/std_srvs/std_srvs/srv/detail/set_bool__rosidl_typesupport_introspection_c.h
-- Installing: /workspace/jazzy_ws/install/include/std_srvs/std_srvs/srv/detail/set_bool__type_support.c
-- Installing: /workspace/jazzy_ws/install/include/std_srvs/std_srvs/srv/detail/trigger__type_support.c
-- Installing: /workspace/jazzy_ws/install/include/std_srvs/std_srvs/srv/detail/empty__rosidl_typesupport_introspection_c.h
-- Installing: /workspace/jazzy_ws/install/include/std_srvs/std_srvs/srv/detail/empty__type_support.c
-- Installing: /workspace/jazzy_ws/install/include/std_srvs/std_srvs/srv/detail/trigger__rosidl_typesupport_introspection_c.h
-- Installing: /workspace/jazzy_ws/install/lib/libstd_srvs__rosidl_typesupport_introspection_c.so
-- Set non-toolchain portion of runtime path of "/workspace/jazzy_ws/install/lib/libstd_srvs__rosidl_typesupport_introspection_c.so" to ""
-- Installing: /workspace/jazzy_ws/install/lib/libstd_srvs__rosidl_typesupport_c.so
-- Set non-toolchain portion of runtime path of "/workspace/jazzy_ws/install/lib/libstd_srvs__rosidl_typesupport_c.so" to ""
-- Up-to-date: /workspace/jazzy_ws/install/include/std_srvs/std_srvs
-- Up-to-date: /workspace/jazzy_ws/install/include/std_srvs/std_srvs/msg
-- Installing: /workspace/jazzy_ws/install/include/std_srvs/std_srvs/msg/rosidl_generator_cpp__visibility_control.hpp
-- Up-to-date: /workspace/jazzy_ws/install/include/std_srvs/std_srvs/srv
-- Up-to-date: /workspace/jazzy_ws/install/include/std_srvs/std_srvs/srv/detail
-- Installing: /workspace/jazzy_ws/install/include/std_srvs/std_srvs/srv/detail/empty__struct.hpp
-- Installing: /workspace/jazzy_ws/install/include/std_srvs/std_srvs/srv/detail/trigger__builder.hpp
-- Installing: /workspace/jazzy_ws/install/include/std_srvs/std_srvs/srv/detail/empty__builder.hpp
-- Installing: /workspace/jazzy_ws/install/include/std_srvs/std_srvs/srv/detail/trigger__struct.hpp
-- Installing: /workspace/jazzy_ws/install/include/std_srvs/std_srvs/srv/detail/empty__traits.hpp
-- Installing: /workspace/jazzy_ws/install/include/std_srvs/std_srvs/srv/detail/set_bool__builder.hpp
-- Installing: /workspace/jazzy_ws/install/include/std_srvs/std_srvs/srv/detail/set_bool__struct.hpp
-- Installing: /workspace/jazzy_ws/install/include/std_srvs/std_srvs/srv/detail/set_bool__traits.hpp
-- Installing: /workspace/jazzy_ws/install/include/std_srvs/std_srvs/srv/detail/trigger__type_support.hpp
-- Installing: /workspace/jazzy_ws/install/include/std_srvs/std_srvs/srv/detail/set_bool__type_support.hpp
-- Installing: /workspace/jazzy_ws/install/include/std_srvs/std_srvs/srv/detail/empty__type_support.hpp
-- Installing: /workspace/jazzy_ws/install/include/std_srvs/std_srvs/srv/detail/trigger__traits.hpp
-- Installing: /workspace/jazzy_ws/install/include/std_srvs/std_srvs/srv/set_bool.hpp
-- Installing: /workspace/jazzy_ws/install/include/std_srvs/std_srvs/srv/empty.hpp
-- Installing: /workspace/jazzy_ws/install/include/std_srvs/std_srvs/srv/trigger.hpp
-- Up-to-date: /workspace/jazzy_ws/install/include/std_srvs/std_srvs
-- Up-to-date: /workspace/jazzy_ws/install/include/std_srvs/std_srvs/msg
-- Installing: /workspace/jazzy_ws/install/include/std_srvs/std_srvs/msg/rosidl_typesupport_fastrtps_cpp__visibility_control.h
-- Up-to-date: /workspace/jazzy_ws/install/include/std_srvs/std_srvs/srv
-- Up-to-date: /workspace/jazzy_ws/install/include/std_srvs/std_srvs/srv/detail
-- Installing: /workspace/jazzy_ws/install/include/std_srvs/std_srvs/srv/detail/empty__rosidl_typesupport_fastrtps_cpp.hpp
-- Installing: /workspace/jazzy_ws/install/include/std_srvs/std_srvs/srv/detail/dds_fastrtps
-- Installing: /workspace/jazzy_ws/install/include/std_srvs/std_srvs/srv/detail/set_bool__rosidl_typesupport_fastrtps_cpp.hpp
-- Installing: /workspace/jazzy_ws/install/include/std_srvs/std_srvs/srv/detail/trigger__rosidl_typesupport_fastrtps_cpp.hpp
-- Installing: /workspace/jazzy_ws/install/lib/libstd_srvs__rosidl_typesupport_fastrtps_cpp.so
-- Set non-toolchain portion of runtime path of "/workspace/jazzy_ws/install/lib/libstd_srvs__rosidl_typesupport_fastrtps_cpp.so" to ""
-- Up-to-date: /workspace/jazzy_ws/install/include/std_srvs/std_srvs
-- Up-to-date: /workspace/jazzy_ws/install/include/std_srvs/std_srvs/srv
-- Up-to-date: /workspace/jazzy_ws/install/include/std_srvs/std_srvs/srv/detail
-- Installing: /workspace/jazzy_ws/install/include/std_srvs/std_srvs/srv/detail/set_bool__rosidl_typesupport_introspection_cpp.hpp
-- Installing: /workspace/jazzy_ws/install/include/std_srvs/std_srvs/srv/detail/empty__rosidl_typesupport_introspection_cpp.hpp
-- Installing: /workspace/jazzy_ws/install/include/std_srvs/std_srvs/srv/detail/empty__type_support.cpp
-- Installing: /workspace/jazzy_ws/install/include/std_srvs/std_srvs/srv/detail/trigger__type_support.cpp
-- Installing: /workspace/jazzy_ws/install/include/std_srvs/std_srvs/srv/detail/set_bool__type_support.cpp
-- Installing: /workspace/jazzy_ws/install/include/std_srvs/std_srvs/srv/detail/trigger__rosidl_typesupport_introspection_cpp.hpp
-- Installing: /workspace/jazzy_ws/install/lib/libstd_srvs__rosidl_typesupport_introspection_cpp.so
-- Set non-toolchain portion of runtime path of "/workspace/jazzy_ws/install/lib/libstd_srvs__rosidl_typesupport_introspection_cpp.so" to ""
-- Installing: /workspace/jazzy_ws/install/lib/libstd_srvs__rosidl_typesupport_cpp.so
-- Set non-toolchain portion of runtime path of "/workspace/jazzy_ws/install/lib/libstd_srvs__rosidl_typesupport_cpp.so" to ""
-- Installing: /workspace/jazzy_ws/install/share/std_srvs/environment/pythonpath.sh
-- Installing: /workspace/jazzy_ws/install/share/std_srvs/environment/pythonpath.dsv
-- Installing: /workspace/jazzy_ws/install/lib/python3.12/site-packages/std_srvs-5.3.6-py3.12.egg-info
-- Installing: /workspace/jazzy_ws/install/lib/python3.12/site-packages/std_srvs-5.3.6-py3.12.egg-info/PKG-INFO
-- Installing: /workspace/jazzy_ws/install/lib/python3.12/site-packages/std_srvs-5.3.6-py3.12.egg-info/SOURCES.txt
-- Installing: /workspace/jazzy_ws/install/lib/python3.12/site-packages/std_srvs-5.3.6-py3.12.egg-info/top_level.txt
-- Installing: /workspace/jazzy_ws/install/lib/python3.12/site-packages/std_srvs-5.3.6-py3.12.egg-info/dependency_links.txt
-- Installing: /workspace/jazzy_ws/install/lib/python3.12/site-packages/std_srvs
-- Installing: /workspace/jazzy_ws/install/lib/python3.12/site-packages/std_srvs/std_srvs_s__rosidl_typesupport_fastrtps_c.so
-- Installing: /workspace/jazzy_ws/install/lib/python3.12/site-packages/std_srvs/std_srvs_s__rosidl_typesupport_introspection_c.so
-- Installing: /workspace/jazzy_ws/install/lib/python3.12/site-packages/std_srvs/__init__.py
-- Installing: /workspace/jazzy_ws/install/lib/python3.12/site-packages/std_srvs/_std_srvs_s.ep.rosidl_typesupport_c.c
-- Installing: /workspace/jazzy_ws/install/lib/python3.12/site-packages/std_srvs/_std_srvs_s.ep.rosidl_typesupport_fastrtps_c.c
-- Installing: /workspace/jazzy_ws/install/lib/python3.12/site-packages/std_srvs/std_srvs_s__rosidl_typesupport_c.so
-- Installing: /workspace/jazzy_ws/install/lib/python3.12/site-packages/std_srvs/srv
-- Installing: /workspace/jazzy_ws/install/lib/python3.12/site-packages/std_srvs/srv/_set_bool_s.c
-- Installing: /workspace/jazzy_ws/install/lib/python3.12/site-packages/std_srvs/srv/__init__.py
-- Installing: /workspace/jazzy_ws/install/lib/python3.12/site-packages/std_srvs/srv/_empty.py
-- Installing: /workspace/jazzy_ws/install/lib/python3.12/site-packages/std_srvs/srv/_empty_s.c
-- Installing: /workspace/jazzy_ws/install/lib/python3.12/site-packages/std_srvs/srv/_trigger_s.c
-- Installing: /workspace/jazzy_ws/install/lib/python3.12/site-packages/std_srvs/srv/_trigger.py
-- Installing: /workspace/jazzy_ws/install/lib/python3.12/site-packages/std_srvs/srv/_set_bool.py
-- Installing: /workspace/jazzy_ws/install/lib/python3.12/site-packages/std_srvs/_std_srvs_s.ep.rosidl_typesupport_introspection_c.c
Listing '/workspace/jazzy_ws/install/lib/python3.12/site-packages/std_srvs'...
Compiling '/workspace/jazzy_ws/install/lib/python3.12/site-packages/std_srvs/__init__.py'...
Listing '/workspace/jazzy_ws/install/lib/python3.12/site-packages/std_srvs/srv'...
Compiling '/workspace/jazzy_ws/install/lib/python3.12/site-packages/std_srvs/srv/__init__.py'...
Compiling '/workspace/jazzy_ws/install/lib/python3.12/site-packages/std_srvs/srv/_empty.py'...
Compiling '/workspace/jazzy_ws/install/lib/python3.12/site-packages/std_srvs/srv/_set_bool.py'...
Compiling '/workspace/jazzy_ws/install/lib/python3.12/site-packages/std_srvs/srv/_trigger.py'...
-- Installing: /workspace/jazzy_ws/install/lib/python3.12/site-packages/std_srvs/std_srvs_s__rosidl_typesupport_fastrtps_c.so
-- Set non-toolchain portion of runtime path of "/workspace/jazzy_ws/install/lib/python3.12/site-packages/std_srvs/std_srvs_s__rosidl_typesupport_fastrtps_c.so" to ""
-- Installing: /workspace/jazzy_ws/install/lib/python3.12/site-packages/std_srvs/std_srvs_s__rosidl_typesupport_introspection_c.so
-- Set non-toolchain portion of runtime path of "/workspace/jazzy_ws/install/lib/python3.12/site-packages/std_srvs/std_srvs_s__rosidl_typesupport_introspection_c.so" to ""
-- Installing: /workspace/jazzy_ws/install/lib/python3.12/site-packages/std_srvs/std_srvs_s__rosidl_typesupport_c.so
-- Set non-toolchain portion of runtime path of "/workspace/jazzy_ws/install/lib/python3.12/site-packages/std_srvs/std_srvs_s__rosidl_typesupport_c.so" to ""
-- Installing: /workspace/jazzy_ws/install/lib/libstd_srvs__rosidl_generator_py.so
-- Set non-toolchain portion of runtime path of "/workspace/jazzy_ws/install/lib/libstd_srvs__rosidl_generator_py.so" to ""
-- Installing: /workspace/jazzy_ws/install/share/std_srvs/srv/Empty.idl
-- Installing: /workspace/jazzy_ws/install/share/std_srvs/srv/SetBool.idl
-- Installing: /workspace/jazzy_ws/install/share/std_srvs/srv/Trigger.idl
-- Installing: /workspace/jazzy_ws/install/share/std_srvs/srv/Empty.srv
-- Installing: /workspace/jazzy_ws/install/share/std_srvs/srv/SetBool.srv
-- Installing: /workspace/jazzy_ws/install/share/std_srvs/srv/Trigger.srv
-- Installing: /workspace/jazzy_ws/install/share/ament_index/resource_index/package_run_dependencies/std_srvs
-- Installing: /workspace/jazzy_ws/install/share/ament_index/resource_index/parent_prefix_path/std_srvs
-- Installing: /workspace/jazzy_ws/install/share/std_srvs/environment/ament_prefix_path.sh
-- Installing: /workspace/jazzy_ws/install/share/std_srvs/environment/ament_prefix_path.dsv
-- Installing: /workspace/jazzy_ws/install/share/std_srvs/environment/path.sh
-- Installing: /workspace/jazzy_ws/install/share/std_srvs/environment/path.dsv
-- Installing: /workspace/jazzy_ws/install/share/std_srvs/local_setup.bash
-- Installing: /workspace/jazzy_ws/install/share/std_srvs/local_setup.sh
-- Installing: /workspace/jazzy_ws/install/share/std_srvs/local_setup.zsh
-- Installing: /workspace/jazzy_ws/install/share/std_srvs/local_setup.dsv
-- Installing: /workspace/jazzy_ws/install/share/std_srvs/package.dsv
-- Installing: /workspace/jazzy_ws/install/share/ament_index/resource_index/packages/std_srvs
-- Installing: /workspace/jazzy_ws/install/share/std_srvs/cmake/export_std_srvs__rosidl_generator_cExport.cmake
-- Installing: /workspace/jazzy_ws/install/share/std_srvs/cmake/export_std_srvs__rosidl_generator_cExport-noconfig.cmake
-- Installing: /workspace/jazzy_ws/install/share/std_srvs/cmake/export_std_srvs__rosidl_typesupport_fastrtps_cExport.cmake
-- Installing: /workspace/jazzy_ws/install/share/std_srvs/cmake/export_std_srvs__rosidl_typesupport_fastrtps_cExport-noconfig.cmake
-- Installing: /workspace/jazzy_ws/install/share/std_srvs/cmake/std_srvs__rosidl_typesupport_introspection_cExport.cmake
-- Installing: /workspace/jazzy_ws/install/share/std_srvs/cmake/std_srvs__rosidl_typesupport_introspection_cExport-noconfig.cmake
-- Installing: /workspace/jazzy_ws/install/share/std_srvs/cmake/std_srvs__rosidl_typesupport_cExport.cmake
-- Installing: /workspace/jazzy_ws/install/share/std_srvs/cmake/std_srvs__rosidl_typesupport_cExport-noconfig.cmake
-- Installing: /workspace/jazzy_ws/install/share/std_srvs/cmake/export_std_srvs__rosidl_generator_cppExport.cmake
-- Installing: /workspace/jazzy_ws/install/share/std_srvs/cmake/export_std_srvs__rosidl_typesupport_fastrtps_cppExport.cmake
-- Installing: /workspace/jazzy_ws/install/share/std_srvs/cmake/export_std_srvs__rosidl_typesupport_fastrtps_cppExport-noconfig.cmake
-- Installing: /workspace/jazzy_ws/install/share/std_srvs/cmake/std_srvs__rosidl_typesupport_introspection_cppExport.cmake
-- Installing: /workspace/jazzy_ws/install/share/std_srvs/cmake/std_srvs__rosidl_typesupport_introspection_cppExport-noconfig.cmake
-- Installing: /workspace/jazzy_ws/install/share/std_srvs/cmake/std_srvs__rosidl_typesupport_cppExport.cmake
-- Installing: /workspace/jazzy_ws/install/share/std_srvs/cmake/std_srvs__rosidl_typesupport_cppExport-noconfig.cmake
-- Installing: /workspace/jazzy_ws/install/share/std_srvs/cmake/export_std_srvs__rosidl_generator_pyExport.cmake
-- Installing: /workspace/jazzy_ws/install/share/std_srvs/cmake/export_std_srvs__rosidl_generator_pyExport-noconfig.cmake
-- Installing: /workspace/jazzy_ws/install/share/std_srvs/cmake/rosidl_cmake-extras.cmake
-- Installing: /workspace/jazzy_ws/install/share/std_srvs/cmake/ament_cmake_export_dependencies-extras.cmake
-- Installing: /workspace/jazzy_ws/install/share/std_srvs/cmake/ament_cmake_export_include_directories-extras.cmake
-- Installing: /workspace/jazzy_ws/install/share/std_srvs/cmake/ament_cmake_export_libraries-extras.cmake
-- Installing: /workspace/jazzy_ws/install/share/std_srvs/cmake/ament_cmake_export_targets-extras.cmake
-- Installing: /workspace/jazzy_ws/install/share/std_srvs/cmake/rosidl_cmake_export_typesupport_targets-extras.cmake
-- Installing: /workspace/jazzy_ws/install/share/std_srvs/cmake/rosidl_cmake_export_typesupport_libraries-extras.cmake
-- Installing: /workspace/jazzy_ws/install/share/std_srvs/cmake/std_srvsConfig.cmake
-- Installing: /workspace/jazzy_ws/install/share/std_srvs/cmake/std_srvsConfig-version.cmake
-- Installing: /workspace/jazzy_ws/install/share/std_srvs/package.xml
