[0.099s] Invoking command in '/workspace/jazzy_ws/build/std_srvs': AMENT_PREFIX_PATH=/workspace/jazzy_ws/install CMAKE_PREFIX_PATH=/workspace/jazzy_ws/install LD_LIBRARY_PATH=/workspace/jazzy_ws/install/lib:/workspace/jazzy_ws/install/opt/mimick_vendor/lib PATH=/workspace/jazzy_ws/install/bin:/workspace/jazzy_ws/install/opt/uncrustify_vendor/bin:${PATH} PKG_CONFIG_PATH=/workspace/jazzy_ws/install/lib/x86_64-linux-gnu/pkgconfig:/workspace/jazzy_ws/install/lib/pkgconfig PYTHONPATH=/workspace/jazzy_ws/install/lib/python3.12/site-packages /usr/bin/cmake /workspace/jazzy_ws/src/common_interfaces/std_srvs -DCMAKE_INSTALL_PREFIX=/workspace/jazzy_ws/install
[0.129s] -- The C compiler identification is GNU 13.3.0
[0.161s] -- The CXX compiler identification is GNU 13.3.0
[0.169s] -- Detecting C compiler ABI info
[0.213s] -- Detecting C compiler ABI info - done
[0.217s] -- Check for working C compiler: /usr/bin/cc - skipped
[0.217s] -- Detecting C compile features
[0.217s] -- Detecting C compile features - done
[0.222s] -- Detecting CXX compiler ABI info
[0.273s] -- Detecting CXX compiler ABI info - done
[0.278s] -- Check for working CXX compiler: /usr/bin/c++ - skipped
[0.279s] -- Detecting CXX compile features
[0.279s] -- Detecting CXX compile features - done
[0.280s] -- Found ament_cmake: 2.5.5 (/workspace/jazzy_ws/install/share/ament_cmake/cmake)
[0.347s] -- Found Python3: /usr/bin/python3 (found version "3.12.3") found components: Interpreter 
[0.399s] -- Found rosidl_default_generators: 1.6.0 (/workspace/jazzy_ws/install/share/rosidl_default_generators/cmake)
[0.401s] -- Using all available rosidl_typesupport_c: rosidl_typesupport_fastrtps_c;rosidl_typesupport_introspection_c
[0.421s] -- Using all available rosidl_typesupport_cpp: rosidl_typesupport_fastrtps_cpp;rosidl_typesupport_introspection_cpp
[0.440s] -- Found rosidl_adapter: 4.6.7 (/workspace/jazzy_ws/install/share/rosidl_adapter/cmake)
[0.752s] -- Found ament_cmake_cppcheck: 0.17.4 (/workspace/jazzy_ws/install/share/ament_cmake_cppcheck/cmake)
[0.753s] -- Found ament_cmake_cpplint: 0.17.4 (/workspace/jazzy_ws/install/share/ament_cmake_cpplint/cmake)
[0.754s] -- Found ament_cmake_uncrustify: 0.17.4 (/workspace/jazzy_ws/install/share/ament_cmake_uncrustify/cmake)
[0.755s] -- Found ament_cmake_ros: 0.12.0 (/workspace/jazzy_ws/install/share/ament_cmake_ros/cmake)
[0.963s] -- Using all available rosidl_typesupport_c: rosidl_typesupport_fastrtps_c;rosidl_typesupport_introspection_c
[1.263s] -- Using all available rosidl_typesupport_cpp: rosidl_typesupport_fastrtps_cpp;rosidl_typesupport_introspection_cpp
[1.263s] -- Found python_cmake_module: 0.11.1 (/workspace/jazzy_ws/install/share/python_cmake_module/cmake)
[1.323s] -- Found PythonExtra: /usr/bin/python3  
[1.812s] -- Found Python3: /usr/bin/python3 (found version "3.12.3") found components: Interpreter Development NumPy Development.Module Development.Embed 
[1.849s] -- Found ament_cmake_flake8: 0.17.4 (/workspace/jazzy_ws/install/share/ament_cmake_flake8/cmake)
[1.849s] -- Found ament_cmake_pep257: 0.17.4 (/workspace/jazzy_ws/install/share/ament_cmake_pep257/cmake)
[1.859s] -- Configuring done (1.8s)
[1.927s] -- Generating done (0.0s)
[1.938s] -- Build files have been written to: /workspace/jazzy_ws/build/std_srvs
[1.950s] Invoked command in '/workspace/jazzy_ws/build/std_srvs' returned '0': AMENT_PREFIX_PATH=/workspace/jazzy_ws/install CMAKE_PREFIX_PATH=/workspace/jazzy_ws/install LD_LIBRARY_PATH=/workspace/jazzy_ws/install/lib:/workspace/jazzy_ws/install/opt/mimick_vendor/lib PATH=/workspace/jazzy_ws/install/bin:/workspace/jazzy_ws/install/opt/uncrustify_vendor/bin:${PATH} PKG_CONFIG_PATH=/workspace/jazzy_ws/install/lib/x86_64-linux-gnu/pkgconfig:/workspace/jazzy_ws/install/lib/pkgconfig PYTHONPATH=/workspace/jazzy_ws/install/lib/python3.12/site-packages /usr/bin/cmake /workspace/jazzy_ws/src/common_interfaces/std_srvs -DCMAKE_INSTALL_PREFIX=/workspace/jazzy_ws/install
[1.950s] Invoking command in '/workspace/jazzy_ws/build/std_srvs': AMENT_PREFIX_PATH=/workspace/jazzy_ws/install CMAKE_PREFIX_PATH=/workspace/jazzy_ws/install LD_LIBRARY_PATH=/workspace/jazzy_ws/install/lib:/workspace/jazzy_ws/install/opt/mimick_vendor/lib PATH=/workspace/jazzy_ws/install/bin:/workspace/jazzy_ws/install/opt/uncrustify_vendor/bin:${PATH} PKG_CONFIG_PATH=/workspace/jazzy_ws/install/lib/x86_64-linux-gnu/pkgconfig:/workspace/jazzy_ws/install/lib/pkgconfig PYTHONPATH=/workspace/jazzy_ws/install/lib/python3.12/site-packages /usr/bin/cmake --build /workspace/jazzy_ws/build/std_srvs -- -j24 -l24
[1.994s] [  0%] Built target ament_cmake_python_copy_std_srvs
[1.995s] [  1%] Generating type hashes for ROS interfaces
[2.115s] running egg_info
[2.122s] creating std_srvs.egg-info
[2.122s] writing std_srvs.egg-info/PKG-INFO
[2.122s] writing dependency_links to std_srvs.egg-info/dependency_links.txt
[2.122s] writing top-level names to std_srvs.egg-info/top_level.txt
[2.122s] writing manifest file 'std_srvs.egg-info/SOURCES.txt'
[2.134s] [  1%] Built target std_srvs__rosidl_generator_type_description
[2.140s] [  3%] Generating C code for ROS interfaces
[2.144s] reading manifest file 'std_srvs.egg-info/SOURCES.txt'
[2.144s] writing manifest file 'std_srvs.egg-info/SOURCES.txt'
[2.146s] [  5%] Generating C++ code for ROS interfaces
[2.172s] [  5%] Built target ament_cmake_python_build_std_srvs_egg
[2.453s] [  5%] Built target std_srvs__cpp
[2.459s] [  7%] Building C object CMakeFiles/std_srvs__rosidl_generator_c.dir/rosidl_generator_c/std_srvs/srv/detail/empty__functions.c.o
[2.459s] [ 11%] Building C object CMakeFiles/std_srvs__rosidl_generator_c.dir/rosidl_generator_c/std_srvs/srv/detail/empty__type_support.c.o
[2.459s] [ 11%] Building C object CMakeFiles/std_srvs__rosidl_generator_c.dir/rosidl_generator_c/std_srvs/srv/detail/empty__description.c.o
[2.468s] [ 12%] Building C object CMakeFiles/std_srvs__rosidl_generator_c.dir/rosidl_generator_c/std_srvs/srv/detail/trigger__description.c.o
[2.468s] [ 14%] Building C object CMakeFiles/std_srvs__rosidl_generator_c.dir/rosidl_generator_c/std_srvs/srv/detail/set_bool__description.c.o
[2.468s] [ 16%] Building C object CMakeFiles/std_srvs__rosidl_generator_c.dir/rosidl_generator_c/std_srvs/srv/detail/set_bool__type_support.c.o
[2.471s] [ 18%] Building C object CMakeFiles/std_srvs__rosidl_generator_c.dir/rosidl_generator_c/std_srvs/srv/detail/set_bool__functions.c.o
[2.471s] [ 22%] Building C object CMakeFiles/std_srvs__rosidl_generator_c.dir/rosidl_generator_c/std_srvs/srv/detail/trigger__type_support.c.o
[2.471s] [ 22%] Building C object CMakeFiles/std_srvs__rosidl_generator_c.dir/rosidl_generator_c/std_srvs/srv/detail/trigger__functions.c.o
[2.539s] [ 24%] Linking C shared library libstd_srvs__rosidl_generator_c.so
[2.571s] [ 24%] Built target std_srvs__rosidl_generator_c
[2.588s] [ 25%] Generating C type support dispatch for ROS interfaces
[2.589s] [ 27%] Generating C introspection for ROS interfaces
[2.595s] [ 29%] Generating C++ type support for eProsima Fast-RTPS
[2.595s] [ 31%] Generating C++ type support dispatch for ROS interfaces
[2.598s] [ 33%] Generating C++ introspection for ROS interfaces
[2.601s] [ 35%] Generating C type support for eProsima Fast-RTPS
[2.813s] [ 37%] Building CXX object CMakeFiles/std_srvs__rosidl_typesupport_c.dir/rosidl_typesupport_c/std_srvs/srv/empty__type_support.cpp.o
[2.817s] [ 38%] Building CXX object CMakeFiles/std_srvs__rosidl_typesupport_c.dir/rosidl_typesupport_c/std_srvs/srv/set_bool__type_support.cpp.o
[2.819s] [ 40%] Building CXX object CMakeFiles/std_srvs__rosidl_typesupport_c.dir/rosidl_typesupport_c/std_srvs/srv/trigger__type_support.cpp.o
[2.862s] [ 44%] Building CXX object CMakeFiles/std_srvs__rosidl_typesupport_introspection_cpp.dir/rosidl_typesupport_introspection_cpp/std_srvs/srv/detail/trigger__type_support.cpp.o
[2.864s] [ 42%] Building CXX object CMakeFiles/std_srvs__rosidl_typesupport_introspection_cpp.dir/rosidl_typesupport_introspection_cpp/std_srvs/srv/detail/empty__type_support.cpp.o
[2.864s] [ 46%] Building CXX object CMakeFiles/std_srvs__rosidl_typesupport_introspection_cpp.dir/rosidl_typesupport_introspection_cpp/std_srvs/srv/detail/set_bool__type_support.cpp.o
[2.880s] [ 48%] Linking CXX shared library libstd_srvs__rosidl_typesupport_c.so
[2.908s] [ 48%] Built target std_srvs__rosidl_typesupport_c
[2.921s] [ 50%] Building C object CMakeFiles/std_srvs__rosidl_typesupport_introspection_c.dir/rosidl_typesupport_introspection_c/std_srvs/srv/detail/empty__type_support.c.o
[2.922s] [ 51%] Building C object CMakeFiles/std_srvs__rosidl_typesupport_introspection_c.dir/rosidl_typesupport_introspection_c/std_srvs/srv/detail/set_bool__type_support.c.o
[2.922s] [ 53%] Building C object CMakeFiles/std_srvs__rosidl_typesupport_introspection_c.dir/rosidl_typesupport_introspection_c/std_srvs/srv/detail/trigger__type_support.c.o
[2.959s] [ 55%] Building CXX object CMakeFiles/std_srvs__rosidl_typesupport_cpp.dir/rosidl_typesupport_cpp/std_srvs/srv/empty__type_support.cpp.o
[2.961s] [ 57%] Building CXX object CMakeFiles/std_srvs__rosidl_typesupport_cpp.dir/rosidl_typesupport_cpp/std_srvs/srv/trigger__type_support.cpp.o
[2.963s] [ 59%] Building CXX object CMakeFiles/std_srvs__rosidl_typesupport_cpp.dir/rosidl_typesupport_cpp/std_srvs/srv/set_bool__type_support.cpp.o
[2.994s] [ 61%] Linking C shared library libstd_srvs__rosidl_typesupport_introspection_c.so
[3.012s] [ 62%] Building CXX object CMakeFiles/std_srvs__rosidl_typesupport_fastrtps_cpp.dir/rosidl_typesupport_fastrtps_cpp/std_srvs/srv/detail/dds_fastrtps/trigger__type_support.cpp.o
[3.012s] [ 64%] Building CXX object CMakeFiles/std_srvs__rosidl_typesupport_fastrtps_cpp.dir/rosidl_typesupport_fastrtps_cpp/std_srvs/srv/detail/dds_fastrtps/empty__type_support.cpp.o
[3.013s] [ 66%] Building CXX object CMakeFiles/std_srvs__rosidl_typesupport_fastrtps_c.dir/rosidl_typesupport_fastrtps_c/std_srvs/srv/detail/empty__type_support_c.cpp.o
[3.027s] [ 68%] Building CXX object CMakeFiles/std_srvs__rosidl_typesupport_fastrtps_cpp.dir/rosidl_typesupport_fastrtps_cpp/std_srvs/srv/detail/dds_fastrtps/set_bool__type_support.cpp.o
[3.027s] [ 70%] Building CXX object CMakeFiles/std_srvs__rosidl_typesupport_fastrtps_c.dir/rosidl_typesupport_fastrtps_c/std_srvs/srv/detail/set_bool__type_support_c.cpp.o
[3.031s] [ 72%] Building CXX object CMakeFiles/std_srvs__rosidl_typesupport_fastrtps_c.dir/rosidl_typesupport_fastrtps_c/std_srvs/srv/detail/trigger__type_support_c.cpp.o
[3.039s] [ 72%] Built target std_srvs__rosidl_typesupport_introspection_c
[3.179s] [ 74%] Linking CXX shared library libstd_srvs__rosidl_typesupport_introspection_cpp.so
[3.238s] [ 74%] Built target std_srvs__rosidl_typesupport_introspection_cpp
[3.242s] [ 75%] Linking CXX shared library libstd_srvs__rosidl_typesupport_cpp.so
[3.330s] [ 75%] Built target std_srvs__rosidl_typesupport_cpp
[3.389s] [ 77%] Linking CXX shared library libstd_srvs__rosidl_typesupport_fastrtps_c.so
[3.461s] [ 77%] Built target std_srvs__rosidl_typesupport_fastrtps_c
[3.477s] [ 79%] Linking CXX shared library libstd_srvs__rosidl_typesupport_fastrtps_cpp.so
[3.533s] [ 79%] Built target std_srvs__rosidl_typesupport_fastrtps_cpp
[3.544s] [ 79%] Built target std_srvs
[3.556s] [ 81%] Generating Python code for ROS interfaces
[4.012s] [ 81%] Built target std_srvs__py
[4.028s] [ 83%] Building C object CMakeFiles/std_srvs__rosidl_generator_py.dir/rosidl_generator_py/std_srvs/srv/_empty_s.c.o
[4.032s] [ 85%] Building C object CMakeFiles/std_srvs__rosidl_generator_py.dir/rosidl_generator_py/std_srvs/srv/_trigger_s.c.o
[4.032s] [ 87%] Building C object CMakeFiles/std_srvs__rosidl_generator_py.dir/rosidl_generator_py/std_srvs/srv/_set_bool_s.c.o
[4.155s] [ 88%] Linking C shared library libstd_srvs__rosidl_generator_py.so
[4.196s] [ 88%] Built target std_srvs__rosidl_generator_py
[4.214s] [ 92%] Building C object CMakeFiles/std_srvs_s__rosidl_typesupport_introspection_c.dir/rosidl_generator_py/std_srvs/_std_srvs_s.ep.rosidl_typesupport_introspection_c.c.o
[4.214s] [ 92%] Building C object CMakeFiles/std_srvs_s__rosidl_typesupport_c.dir/rosidl_generator_py/std_srvs/_std_srvs_s.ep.rosidl_typesupport_c.c.o
[4.219s] [ 94%] Building C object CMakeFiles/std_srvs_s__rosidl_typesupport_fastrtps_c.dir/rosidl_generator_py/std_srvs/_std_srvs_s.ep.rosidl_typesupport_fastrtps_c.c.o
[4.333s] [ 96%] Linking C shared module rosidl_generator_py/std_srvs/std_srvs_s__rosidl_typesupport_introspection_c.so
[4.348s] [ 98%] Linking C shared module rosidl_generator_py/std_srvs/std_srvs_s__rosidl_typesupport_c.so
[4.363s] [100%] Linking C shared module rosidl_generator_py/std_srvs/std_srvs_s__rosidl_typesupport_fastrtps_c.so
[4.400s] [100%] Built target std_srvs_s__rosidl_typesupport_c
[4.424s] [100%] Built target std_srvs_s__rosidl_typesupport_introspection_c
[4.442s] [100%] Built target std_srvs_s__rosidl_typesupport_fastrtps_c
[4.468s] Invoked command in '/workspace/jazzy_ws/build/std_srvs' returned '0': AMENT_PREFIX_PATH=/workspace/jazzy_ws/install CMAKE_PREFIX_PATH=/workspace/jazzy_ws/install LD_LIBRARY_PATH=/workspace/jazzy_ws/install/lib:/workspace/jazzy_ws/install/opt/mimick_vendor/lib PATH=/workspace/jazzy_ws/install/bin:/workspace/jazzy_ws/install/opt/uncrustify_vendor/bin:${PATH} PKG_CONFIG_PATH=/workspace/jazzy_ws/install/lib/x86_64-linux-gnu/pkgconfig:/workspace/jazzy_ws/install/lib/pkgconfig PYTHONPATH=/workspace/jazzy_ws/install/lib/python3.12/site-packages /usr/bin/cmake --build /workspace/jazzy_ws/build/std_srvs -- -j24 -l24
[4.468s] Invoking command in '/workspace/jazzy_ws/build/std_srvs': AMENT_PREFIX_PATH=/workspace/jazzy_ws/install CMAKE_PREFIX_PATH=/workspace/jazzy_ws/install LD_LIBRARY_PATH=/workspace/jazzy_ws/install/lib:/workspace/jazzy_ws/install/opt/mimick_vendor/lib PATH=/workspace/jazzy_ws/install/bin:/workspace/jazzy_ws/install/opt/uncrustify_vendor/bin:${PATH} PKG_CONFIG_PATH=/workspace/jazzy_ws/install/lib/x86_64-linux-gnu/pkgconfig:/workspace/jazzy_ws/install/lib/pkgconfig PYTHONPATH=/workspace/jazzy_ws/install/lib/python3.12/site-packages /usr/bin/cmake --install /workspace/jazzy_ws/build/std_srvs
[4.504s] -- Install configuration: ""
[4.508s] -- Installing: /workspace/jazzy_ws/install/share/ament_index/resource_index/rosidl_interfaces/std_srvs
[4.508s] -- Installing: /workspace/jazzy_ws/install/share/std_srvs/srv/Empty.json
[4.509s] -- Installing: /workspace/jazzy_ws/install/share/std_srvs/srv/SetBool.json
[4.509s] -- Installing: /workspace/jazzy_ws/install/share/std_srvs/srv/Trigger.json
[4.513s] -- Installing: /workspace/jazzy_ws/install/include/std_srvs/std_srvs
[4.513s] -- Installing: /workspace/jazzy_ws/install/include/std_srvs/std_srvs/msg
[4.516s] -- Installing: /workspace/jazzy_ws/install/include/std_srvs/std_srvs/msg/rosidl_generator_c__visibility_control.h
[4.516s] -- Installing: /workspace/jazzy_ws/install/include/std_srvs/std_srvs/srv
[4.516s] -- Installing: /workspace/jazzy_ws/install/include/std_srvs/std_srvs/srv/detail
[4.516s] -- Installing: /workspace/jazzy_ws/install/include/std_srvs/std_srvs/srv/detail/set_bool__type_support.h
[4.516s] -- Installing: /workspace/jazzy_ws/install/include/std_srvs/std_srvs/srv/detail/set_bool__type_support.c
[4.516s] -- Installing: /workspace/jazzy_ws/install/include/std_srvs/std_srvs/srv/detail/trigger__type_support.c
[4.516s] -- Installing: /workspace/jazzy_ws/install/include/std_srvs/std_srvs/srv/detail/empty__functions.h
[4.516s] -- Installing: /workspace/jazzy_ws/install/include/std_srvs/std_srvs/srv/detail/trigger__type_support.h
[4.516s] -- Installing: /workspace/jazzy_ws/install/include/std_srvs/std_srvs/srv/detail/trigger__functions.c
[4.516s] -- Installing: /workspace/jazzy_ws/install/include/std_srvs/std_srvs/srv/detail/set_bool__description.c
[4.516s] -- Installing: /workspace/jazzy_ws/install/include/std_srvs/std_srvs/srv/detail/trigger__description.c
[4.516s] -- Installing: /workspace/jazzy_ws/install/include/std_srvs/std_srvs/srv/detail/set_bool__functions.c
[4.516s] -- Installing: /workspace/jazzy_ws/install/include/std_srvs/std_srvs/srv/detail/empty__type_support.h
[4.516s] -- Installing: /workspace/jazzy_ws/install/include/std_srvs/std_srvs/srv/detail/empty__functions.c
[4.516s] -- Installing: /workspace/jazzy_ws/install/include/std_srvs/std_srvs/srv/detail/trigger__functions.h
[4.516s] -- Installing: /workspace/jazzy_ws/install/include/std_srvs/std_srvs/srv/detail/empty__type_support.c
[4.516s] -- Installing: /workspace/jazzy_ws/install/include/std_srvs/std_srvs/srv/detail/empty__description.c
[4.516s] -- Installing: /workspace/jazzy_ws/install/include/std_srvs/std_srvs/srv/detail/set_bool__functions.h
[4.517s] -- Installing: /workspace/jazzy_ws/install/include/std_srvs/std_srvs/srv/detail/empty__struct.h
[4.517s] -- Installing: /workspace/jazzy_ws/install/include/std_srvs/std_srvs/srv/detail/set_bool__struct.h
[4.517s] -- Installing: /workspace/jazzy_ws/install/include/std_srvs/std_srvs/srv/detail/trigger__struct.h
[4.517s] -- Installing: /workspace/jazzy_ws/install/include/std_srvs/std_srvs/srv/empty.h
[4.517s] -- Installing: /workspace/jazzy_ws/install/include/std_srvs/std_srvs/srv/set_bool.h
[4.517s] -- Installing: /workspace/jazzy_ws/install/include/std_srvs/std_srvs/srv/trigger.h
[4.520s] -- Installing: /workspace/jazzy_ws/install/share/std_srvs/environment/library_path.sh
[4.524s] -- Installing: /workspace/jazzy_ws/install/share/std_srvs/environment/library_path.dsv
[4.528s] -- Installing: /workspace/jazzy_ws/install/lib/libstd_srvs__rosidl_generator_c.so
[4.528s] -- Set non-toolchain portion of runtime path of "/workspace/jazzy_ws/install/lib/libstd_srvs__rosidl_generator_c.so" to ""
[4.528s] -- Up-to-date: /workspace/jazzy_ws/install/include/std_srvs/std_srvs
[4.528s] -- Up-to-date: /workspace/jazzy_ws/install/include/std_srvs/std_srvs/msg
[4.528s] -- Installing: /workspace/jazzy_ws/install/include/std_srvs/std_srvs/msg/rosidl_typesupport_fastrtps_c__visibility_control.h
[4.528s] -- Up-to-date: /workspace/jazzy_ws/install/include/std_srvs/std_srvs/srv
[4.528s] -- Up-to-date: /workspace/jazzy_ws/install/include/std_srvs/std_srvs/srv/detail
[4.528s] -- Installing: /workspace/jazzy_ws/install/include/std_srvs/std_srvs/srv/detail/set_bool__rosidl_typesupport_fastrtps_c.h
[4.528s] -- Installing: /workspace/jazzy_ws/install/include/std_srvs/std_srvs/srv/detail/trigger__rosidl_typesupport_fastrtps_c.h
[4.528s] -- Installing: /workspace/jazzy_ws/install/include/std_srvs/std_srvs/srv/detail/empty__rosidl_typesupport_fastrtps_c.h
[4.528s] -- Installing: /workspace/jazzy_ws/install/lib/libstd_srvs__rosidl_typesupport_fastrtps_c.so
[4.528s] -- Set non-toolchain portion of runtime path of "/workspace/jazzy_ws/install/lib/libstd_srvs__rosidl_typesupport_fastrtps_c.so" to ""
[4.528s] -- Up-to-date: /workspace/jazzy_ws/install/include/std_srvs/std_srvs
[4.528s] -- Up-to-date: /workspace/jazzy_ws/install/include/std_srvs/std_srvs/msg
[4.528s] -- Installing: /workspace/jazzy_ws/install/include/std_srvs/std_srvs/msg/rosidl_typesupport_introspection_c__visibility_control.h
[4.529s] -- Up-to-date: /workspace/jazzy_ws/install/include/std_srvs/std_srvs/srv
[4.529s] -- Up-to-date: /workspace/jazzy_ws/install/include/std_srvs/std_srvs/srv/detail
[4.529s] -- Installing: /workspace/jazzy_ws/install/include/std_srvs/std_srvs/srv/detail/set_bool__rosidl_typesupport_introspection_c.h
[4.529s] -- Installing: /workspace/jazzy_ws/install/include/std_srvs/std_srvs/srv/detail/set_bool__type_support.c
[4.529s] -- Installing: /workspace/jazzy_ws/install/include/std_srvs/std_srvs/srv/detail/trigger__type_support.c
[4.529s] -- Installing: /workspace/jazzy_ws/install/include/std_srvs/std_srvs/srv/detail/empty__rosidl_typesupport_introspection_c.h
[4.529s] -- Installing: /workspace/jazzy_ws/install/include/std_srvs/std_srvs/srv/detail/empty__type_support.c
[4.529s] -- Installing: /workspace/jazzy_ws/install/include/std_srvs/std_srvs/srv/detail/trigger__rosidl_typesupport_introspection_c.h
[4.529s] -- Installing: /workspace/jazzy_ws/install/lib/libstd_srvs__rosidl_typesupport_introspection_c.so
[4.529s] -- Set non-toolchain portion of runtime path of "/workspace/jazzy_ws/install/lib/libstd_srvs__rosidl_typesupport_introspection_c.so" to ""
[4.529s] -- Installing: /workspace/jazzy_ws/install/lib/libstd_srvs__rosidl_typesupport_c.so
[4.529s] -- Set non-toolchain portion of runtime path of "/workspace/jazzy_ws/install/lib/libstd_srvs__rosidl_typesupport_c.so" to ""
[4.529s] -- Up-to-date: /workspace/jazzy_ws/install/include/std_srvs/std_srvs
[4.529s] -- Up-to-date: /workspace/jazzy_ws/install/include/std_srvs/std_srvs/msg
[4.529s] -- Installing: /workspace/jazzy_ws/install/include/std_srvs/std_srvs/msg/rosidl_generator_cpp__visibility_control.hpp
[4.529s] -- Up-to-date: /workspace/jazzy_ws/install/include/std_srvs/std_srvs/srv
[4.529s] -- Up-to-date: /workspace/jazzy_ws/install/include/std_srvs/std_srvs/srv/detail
[4.529s] -- Installing: /workspace/jazzy_ws/install/include/std_srvs/std_srvs/srv/detail/empty__struct.hpp
[4.529s] -- Installing: /workspace/jazzy_ws/install/include/std_srvs/std_srvs/srv/detail/trigger__builder.hpp
[4.538s] -- Installing: /workspace/jazzy_ws/install/include/std_srvs/std_srvs/srv/detail/empty__builder.hpp
[4.538s] -- Installing: /workspace/jazzy_ws/install/include/std_srvs/std_srvs/srv/detail/trigger__struct.hpp
[4.538s] -- Installing: /workspace/jazzy_ws/install/include/std_srvs/std_srvs/srv/detail/empty__traits.hpp
[4.538s] -- Installing: /workspace/jazzy_ws/install/include/std_srvs/std_srvs/srv/detail/set_bool__builder.hpp
[4.538s] -- Installing: /workspace/jazzy_ws/install/include/std_srvs/std_srvs/srv/detail/set_bool__struct.hpp
[4.538s] -- Installing: /workspace/jazzy_ws/install/include/std_srvs/std_srvs/srv/detail/set_bool__traits.hpp
[4.538s] -- Installing: /workspace/jazzy_ws/install/include/std_srvs/std_srvs/srv/detail/trigger__type_support.hpp
[4.538s] -- Installing: /workspace/jazzy_ws/install/include/std_srvs/std_srvs/srv/detail/set_bool__type_support.hpp
[4.538s] -- Installing: /workspace/jazzy_ws/install/include/std_srvs/std_srvs/srv/detail/empty__type_support.hpp
[4.544s] -- Installing: /workspace/jazzy_ws/install/include/std_srvs/std_srvs/srv/detail/trigger__traits.hpp
[4.544s] -- Installing: /workspace/jazzy_ws/install/include/std_srvs/std_srvs/srv/set_bool.hpp
[4.544s] -- Installing: /workspace/jazzy_ws/install/include/std_srvs/std_srvs/srv/empty.hpp
[4.544s] -- Installing: /workspace/jazzy_ws/install/include/std_srvs/std_srvs/srv/trigger.hpp
[4.544s] -- Up-to-date: /workspace/jazzy_ws/install/include/std_srvs/std_srvs
[4.544s] -- Up-to-date: /workspace/jazzy_ws/install/include/std_srvs/std_srvs/msg
[4.544s] -- Installing: /workspace/jazzy_ws/install/include/std_srvs/std_srvs/msg/rosidl_typesupport_fastrtps_cpp__visibility_control.h
[4.544s] -- Up-to-date: /workspace/jazzy_ws/install/include/std_srvs/std_srvs/srv
[4.544s] -- Up-to-date: /workspace/jazzy_ws/install/include/std_srvs/std_srvs/srv/detail
[4.544s] -- Installing: /workspace/jazzy_ws/install/include/std_srvs/std_srvs/srv/detail/empty__rosidl_typesupport_fastrtps_cpp.hpp
[4.544s] -- Installing: /workspace/jazzy_ws/install/include/std_srvs/std_srvs/srv/detail/dds_fastrtps
[4.544s] -- Installing: /workspace/jazzy_ws/install/include/std_srvs/std_srvs/srv/detail/set_bool__rosidl_typesupport_fastrtps_cpp.hpp
[4.544s] -- Installing: /workspace/jazzy_ws/install/include/std_srvs/std_srvs/srv/detail/trigger__rosidl_typesupport_fastrtps_cpp.hpp
[4.544s] -- Installing: /workspace/jazzy_ws/install/lib/libstd_srvs__rosidl_typesupport_fastrtps_cpp.so
[4.545s] -- Set non-toolchain portion of runtime path of "/workspace/jazzy_ws/install/lib/libstd_srvs__rosidl_typesupport_fastrtps_cpp.so" to ""
[4.545s] -- Up-to-date: /workspace/jazzy_ws/install/include/std_srvs/std_srvs
[4.545s] -- Up-to-date: /workspace/jazzy_ws/install/include/std_srvs/std_srvs/srv
[4.545s] -- Up-to-date: /workspace/jazzy_ws/install/include/std_srvs/std_srvs/srv/detail
[4.545s] -- Installing: /workspace/jazzy_ws/install/include/std_srvs/std_srvs/srv/detail/set_bool__rosidl_typesupport_introspection_cpp.hpp
[4.546s] -- Installing: /workspace/jazzy_ws/install/include/std_srvs/std_srvs/srv/detail/empty__rosidl_typesupport_introspection_cpp.hpp
[4.547s] -- Installing: /workspace/jazzy_ws/install/include/std_srvs/std_srvs/srv/detail/empty__type_support.cpp
[4.547s] -- Installing: /workspace/jazzy_ws/install/include/std_srvs/std_srvs/srv/detail/trigger__type_support.cpp
[4.547s] -- Installing: /workspace/jazzy_ws/install/include/std_srvs/std_srvs/srv/detail/set_bool__type_support.cpp
[4.547s] -- Installing: /workspace/jazzy_ws/install/include/std_srvs/std_srvs/srv/detail/trigger__rosidl_typesupport_introspection_cpp.hpp
[4.547s] -- Installing: /workspace/jazzy_ws/install/lib/libstd_srvs__rosidl_typesupport_introspection_cpp.so
[4.551s] -- Set non-toolchain portion of runtime path of "/workspace/jazzy_ws/install/lib/libstd_srvs__rosidl_typesupport_introspection_cpp.so" to ""
[4.551s] -- Installing: /workspace/jazzy_ws/install/lib/libstd_srvs__rosidl_typesupport_cpp.so
[4.551s] -- Set non-toolchain portion of runtime path of "/workspace/jazzy_ws/install/lib/libstd_srvs__rosidl_typesupport_cpp.so" to ""
[4.551s] -- Installing: /workspace/jazzy_ws/install/share/std_srvs/environment/pythonpath.sh
[4.551s] -- Installing: /workspace/jazzy_ws/install/share/std_srvs/environment/pythonpath.dsv
[4.551s] -- Installing: /workspace/jazzy_ws/install/lib/python3.12/site-packages/std_srvs-5.3.6-py3.12.egg-info
[4.551s] -- Installing: /workspace/jazzy_ws/install/lib/python3.12/site-packages/std_srvs-5.3.6-py3.12.egg-info/PKG-INFO
[4.551s] -- Installing: /workspace/jazzy_ws/install/lib/python3.12/site-packages/std_srvs-5.3.6-py3.12.egg-info/SOURCES.txt
[4.551s] -- Installing: /workspace/jazzy_ws/install/lib/python3.12/site-packages/std_srvs-5.3.6-py3.12.egg-info/top_level.txt
[4.555s] -- Installing: /workspace/jazzy_ws/install/lib/python3.12/site-packages/std_srvs-5.3.6-py3.12.egg-info/dependency_links.txt
[4.555s] -- Installing: /workspace/jazzy_ws/install/lib/python3.12/site-packages/std_srvs
[4.555s] -- Installing: /workspace/jazzy_ws/install/lib/python3.12/site-packages/std_srvs/std_srvs_s__rosidl_typesupport_fastrtps_c.so
[4.555s] -- Installing: /workspace/jazzy_ws/install/lib/python3.12/site-packages/std_srvs/std_srvs_s__rosidl_typesupport_introspection_c.so
[4.555s] -- Installing: /workspace/jazzy_ws/install/lib/python3.12/site-packages/std_srvs/__init__.py
[4.555s] -- Installing: /workspace/jazzy_ws/install/lib/python3.12/site-packages/std_srvs/_std_srvs_s.ep.rosidl_typesupport_c.c
[4.555s] -- Installing: /workspace/jazzy_ws/install/lib/python3.12/site-packages/std_srvs/_std_srvs_s.ep.rosidl_typesupport_fastrtps_c.c
[4.556s] -- Installing: /workspace/jazzy_ws/install/lib/python3.12/site-packages/std_srvs/std_srvs_s__rosidl_typesupport_c.so
[4.556s] -- Installing: /workspace/jazzy_ws/install/lib/python3.12/site-packages/std_srvs/srv
[4.556s] -- Installing: /workspace/jazzy_ws/install/lib/python3.12/site-packages/std_srvs/srv/_set_bool_s.c
[4.556s] -- Installing: /workspace/jazzy_ws/install/lib/python3.12/site-packages/std_srvs/srv/__init__.py
[4.556s] -- Installing: /workspace/jazzy_ws/install/lib/python3.12/site-packages/std_srvs/srv/_empty.py
[4.556s] -- Installing: /workspace/jazzy_ws/install/lib/python3.12/site-packages/std_srvs/srv/_empty_s.c
[4.556s] -- Installing: /workspace/jazzy_ws/install/lib/python3.12/site-packages/std_srvs/srv/_trigger_s.c
[4.556s] -- Installing: /workspace/jazzy_ws/install/lib/python3.12/site-packages/std_srvs/srv/_trigger.py
[4.556s] -- Installing: /workspace/jazzy_ws/install/lib/python3.12/site-packages/std_srvs/srv/_set_bool.py
[4.556s] -- Installing: /workspace/jazzy_ws/install/lib/python3.12/site-packages/std_srvs/_std_srvs_s.ep.rosidl_typesupport_introspection_c.c
[4.646s] Listing '/workspace/jazzy_ws/install/lib/python3.12/site-packages/std_srvs'...
[4.646s] Compiling '/workspace/jazzy_ws/install/lib/python3.12/site-packages/std_srvs/__init__.py'...
[4.646s] Listing '/workspace/jazzy_ws/install/lib/python3.12/site-packages/std_srvs/srv'...
[4.646s] Compiling '/workspace/jazzy_ws/install/lib/python3.12/site-packages/std_srvs/srv/__init__.py'...
[4.646s] Compiling '/workspace/jazzy_ws/install/lib/python3.12/site-packages/std_srvs/srv/_empty.py'...
[4.646s] Compiling '/workspace/jazzy_ws/install/lib/python3.12/site-packages/std_srvs/srv/_set_bool.py'...
[4.646s] Compiling '/workspace/jazzy_ws/install/lib/python3.12/site-packages/std_srvs/srv/_trigger.py'...
[4.663s] -- Installing: /workspace/jazzy_ws/install/lib/python3.12/site-packages/std_srvs/std_srvs_s__rosidl_typesupport_fastrtps_c.so
[4.663s] -- Set non-toolchain portion of runtime path of "/workspace/jazzy_ws/install/lib/python3.12/site-packages/std_srvs/std_srvs_s__rosidl_typesupport_fastrtps_c.so" to ""
[4.663s] -- Installing: /workspace/jazzy_ws/install/lib/python3.12/site-packages/std_srvs/std_srvs_s__rosidl_typesupport_introspection_c.so
[4.663s] -- Set non-toolchain portion of runtime path of "/workspace/jazzy_ws/install/lib/python3.12/site-packages/std_srvs/std_srvs_s__rosidl_typesupport_introspection_c.so" to ""
[4.663s] -- Installing: /workspace/jazzy_ws/install/lib/python3.12/site-packages/std_srvs/std_srvs_s__rosidl_typesupport_c.so
[4.664s] -- Set non-toolchain portion of runtime path of "/workspace/jazzy_ws/install/lib/python3.12/site-packages/std_srvs/std_srvs_s__rosidl_typesupport_c.so" to ""
[4.667s] -- Installing: /workspace/jazzy_ws/install/lib/libstd_srvs__rosidl_generator_py.so
[4.667s] -- Set non-toolchain portion of runtime path of "/workspace/jazzy_ws/install/lib/libstd_srvs__rosidl_generator_py.so" to ""
[4.667s] -- Installing: /workspace/jazzy_ws/install/share/std_srvs/srv/Empty.idl
[4.667s] -- Installing: /workspace/jazzy_ws/install/share/std_srvs/srv/SetBool.idl
[4.667s] -- Installing: /workspace/jazzy_ws/install/share/std_srvs/srv/Trigger.idl
[4.667s] -- Installing: /workspace/jazzy_ws/install/share/std_srvs/srv/Empty.srv
[4.667s] -- Installing: /workspace/jazzy_ws/install/share/std_srvs/srv/SetBool.srv
[4.667s] -- Installing: /workspace/jazzy_ws/install/share/std_srvs/srv/Trigger.srv
[4.667s] -- Installing: /workspace/jazzy_ws/install/share/ament_index/resource_index/package_run_dependencies/std_srvs
[4.669s] -- Installing: /workspace/jazzy_ws/install/share/ament_index/resource_index/parent_prefix_path/std_srvs
[4.669s] -- Installing: /workspace/jazzy_ws/install/share/std_srvs/environment/ament_prefix_path.sh
[4.669s] -- Installing: /workspace/jazzy_ws/install/share/std_srvs/environment/ament_prefix_path.dsv
[4.669s] -- Installing: /workspace/jazzy_ws/install/share/std_srvs/environment/path.sh
[4.669s] -- Installing: /workspace/jazzy_ws/install/share/std_srvs/environment/path.dsv
[4.669s] -- Installing: /workspace/jazzy_ws/install/share/std_srvs/local_setup.bash
[4.669s] -- Installing: /workspace/jazzy_ws/install/share/std_srvs/local_setup.sh
[4.669s] -- Installing: /workspace/jazzy_ws/install/share/std_srvs/local_setup.zsh
[4.670s] -- Installing: /workspace/jazzy_ws/install/share/std_srvs/local_setup.dsv
[4.670s] -- Installing: /workspace/jazzy_ws/install/share/std_srvs/package.dsv
[4.678s] -- Installing: /workspace/jazzy_ws/install/share/ament_index/resource_index/packages/std_srvs
[4.681s] -- Installing: /workspace/jazzy_ws/install/share/std_srvs/cmake/export_std_srvs__rosidl_generator_cExport.cmake
[4.682s] -- Installing: /workspace/jazzy_ws/install/share/std_srvs/cmake/export_std_srvs__rosidl_generator_cExport-noconfig.cmake
[4.682s] -- Installing: /workspace/jazzy_ws/install/share/std_srvs/cmake/export_std_srvs__rosidl_typesupport_fastrtps_cExport.cmake
[4.682s] -- Installing: /workspace/jazzy_ws/install/share/std_srvs/cmake/export_std_srvs__rosidl_typesupport_fastrtps_cExport-noconfig.cmake
[4.682s] -- Installing: /workspace/jazzy_ws/install/share/std_srvs/cmake/std_srvs__rosidl_typesupport_introspection_cExport.cmake
[4.682s] -- Installing: /workspace/jazzy_ws/install/share/std_srvs/cmake/std_srvs__rosidl_typesupport_introspection_cExport-noconfig.cmake
[4.682s] -- Installing: /workspace/jazzy_ws/install/share/std_srvs/cmake/std_srvs__rosidl_typesupport_cExport.cmake
[4.682s] -- Installing: /workspace/jazzy_ws/install/share/std_srvs/cmake/std_srvs__rosidl_typesupport_cExport-noconfig.cmake
[4.682s] -- Installing: /workspace/jazzy_ws/install/share/std_srvs/cmake/export_std_srvs__rosidl_generator_cppExport.cmake
[4.682s] -- Installing: /workspace/jazzy_ws/install/share/std_srvs/cmake/export_std_srvs__rosidl_typesupport_fastrtps_cppExport.cmake
[4.682s] -- Installing: /workspace/jazzy_ws/install/share/std_srvs/cmake/export_std_srvs__rosidl_typesupport_fastrtps_cppExport-noconfig.cmake
[4.682s] -- Installing: /workspace/jazzy_ws/install/share/std_srvs/cmake/std_srvs__rosidl_typesupport_introspection_cppExport.cmake
[4.682s] -- Installing: /workspace/jazzy_ws/install/share/std_srvs/cmake/std_srvs__rosidl_typesupport_introspection_cppExport-noconfig.cmake
[4.682s] -- Installing: /workspace/jazzy_ws/install/share/std_srvs/cmake/std_srvs__rosidl_typesupport_cppExport.cmake
[4.682s] -- Installing: /workspace/jazzy_ws/install/share/std_srvs/cmake/std_srvs__rosidl_typesupport_cppExport-noconfig.cmake
[4.682s] -- Installing: /workspace/jazzy_ws/install/share/std_srvs/cmake/export_std_srvs__rosidl_generator_pyExport.cmake
[4.682s] -- Installing: /workspace/jazzy_ws/install/share/std_srvs/cmake/export_std_srvs__rosidl_generator_pyExport-noconfig.cmake
[4.683s] -- Installing: /workspace/jazzy_ws/install/share/std_srvs/cmake/rosidl_cmake-extras.cmake
[4.683s] -- Installing: /workspace/jazzy_ws/install/share/std_srvs/cmake/ament_cmake_export_dependencies-extras.cmake
[4.683s] -- Installing: /workspace/jazzy_ws/install/share/std_srvs/cmake/ament_cmake_export_include_directories-extras.cmake
[4.683s] -- Installing: /workspace/jazzy_ws/install/share/std_srvs/cmake/ament_cmake_export_libraries-extras.cmake
[4.683s] -- Installing: /workspace/jazzy_ws/install/share/std_srvs/cmake/ament_cmake_export_targets-extras.cmake
[4.683s] -- Installing: /workspace/jazzy_ws/install/share/std_srvs/cmake/rosidl_cmake_export_typesupport_targets-extras.cmake
[4.683s] -- Installing: /workspace/jazzy_ws/install/share/std_srvs/cmake/rosidl_cmake_export_typesupport_libraries-extras.cmake
[4.683s] -- Installing: /workspace/jazzy_ws/install/share/std_srvs/cmake/std_srvsConfig.cmake
[4.683s] -- Installing: /workspace/jazzy_ws/install/share/std_srvs/cmake/std_srvsConfig-version.cmake
[4.683s] -- Installing: /workspace/jazzy_ws/install/share/std_srvs/package.xml
[4.694s] Invoked command in '/workspace/jazzy_ws/build/std_srvs' returned '0': AMENT_PREFIX_PATH=/workspace/jazzy_ws/install CMAKE_PREFIX_PATH=/workspace/jazzy_ws/install LD_LIBRARY_PATH=/workspace/jazzy_ws/install/lib:/workspace/jazzy_ws/install/opt/mimick_vendor/lib PATH=/workspace/jazzy_ws/install/bin:/workspace/jazzy_ws/install/opt/uncrustify_vendor/bin:${PATH} PKG_CONFIG_PATH=/workspace/jazzy_ws/install/lib/x86_64-linux-gnu/pkgconfig:/workspace/jazzy_ws/install/lib/pkgconfig PYTHONPATH=/workspace/jazzy_ws/install/lib/python3.12/site-packages /usr/bin/cmake --install /workspace/jazzy_ws/build/std_srvs
