[0.324s] Invoking command in '/workspace/build_ws/build/isaacsim': /usr/bin/cmake /workspace/build_ws/src/isaacsim -DCMAKE_INSTALL_PREFIX=/workspace/build_ws/install/isaacsim
[0.354s] -- The C compiler identification is GNU 13.3.0
[0.387s] -- The CXX compiler identification is GNU 13.3.0
[0.395s] -- Detecting C compiler ABI info
[0.446s] -- Detecting C compiler ABI info - done
[0.449s] -- Check for working C compiler: /usr/bin/cc - skipped
[0.449s] -- Detecting C compile features
[0.449s] -- Detecting C compile features - done
[0.455s] -- Detecting CXX compiler ABI info
[0.512s] -- Detecting CXX compiler ABI info - done
[0.517s] -- Check for working CXX compiler: /usr/bin/c++ - skipped
[0.517s] -- Detecting CXX compile features
[0.517s] -- Detecting CXX compile features - done
[0.518s] -- Found ament_cmake: 2.5.5 (/workspace/jazzy_ws/install/share/ament_cmake/cmake)
[0.587s] -- Found Python3: /usr/bin/python3 (found version "3.12.3") found components: Interpreter 
[0.641s] -- Found rclpy: 7.1.10 (/workspace/jazzy_ws/install/share/rclpy/cmake)
[0.696s] -- Configuring done (0.4s)
[0.697s] -- Generating done (0.0s)
[0.698s] -- Build files have been written to: /workspace/build_ws/build/isaacsim
[0.700s] Invoked command in '/workspace/build_ws/build/isaacsim' returned '0': /usr/bin/cmake /workspace/build_ws/src/isaacsim -DCMAKE_INSTALL_PREFIX=/workspace/build_ws/install/isaacsim
[0.700s] Invoking command in '/workspace/build_ws/build/isaacsim': /usr/bin/cmake --build /workspace/build_ws/build/isaacsim -- -j24 -l24
[0.719s] Invoked command in '/workspace/build_ws/build/isaacsim' returned '0': /usr/bin/cmake --build /workspace/build_ws/build/isaacsim -- -j24 -l24
[0.720s] Invoking command in '/workspace/build_ws/build/isaacsim': /usr/bin/cmake --install /workspace/build_ws/build/isaacsim
[0.723s] -- Install configuration: ""
[0.723s] -- Installing: /workspace/build_ws/install/isaacsim/share/isaacsim/scripts
[0.724s] -- Installing: /workspace/build_ws/install/isaacsim/share/isaacsim/scripts/run_isaacsim.py
[0.724s] -- Installing: /workspace/build_ws/install/isaacsim/share/isaacsim/scripts/open_isaacsim_stage.py
[0.724s] -- Installing: /workspace/build_ws/install/isaacsim/share/isaacsim/launch
[0.724s] -- Installing: /workspace/build_ws/install/isaacsim/share/isaacsim/launch/run_isaacsim.launch.py
[0.724s] -- Installing: /workspace/build_ws/install/isaacsim/lib/isaacsim/run_isaacsim.py
[0.724s] -- Installing: /workspace/build_ws/install/isaacsim/lib/isaacsim/open_isaacsim_stage.py
[0.724s] -- Installing: /workspace/build_ws/install/isaacsim/share/ament_index/resource_index/package_run_dependencies/isaacsim
[0.724s] -- Installing: /workspace/build_ws/install/isaacsim/share/ament_index/resource_index/parent_prefix_path/isaacsim
[0.724s] -- Installing: /workspace/build_ws/install/isaacsim/share/isaacsim/environment/ament_prefix_path.sh
[0.724s] -- Installing: /workspace/build_ws/install/isaacsim/share/isaacsim/environment/ament_prefix_path.dsv
[0.725s] -- Installing: /workspace/build_ws/install/isaacsim/share/isaacsim/environment/path.sh
[0.725s] -- Installing: /workspace/build_ws/install/isaacsim/share/isaacsim/environment/path.dsv
[0.725s] -- Installing: /workspace/build_ws/install/isaacsim/share/isaacsim/local_setup.bash
[0.725s] -- Installing: /workspace/build_ws/install/isaacsim/share/isaacsim/local_setup.sh
[0.725s] -- Installing: /workspace/build_ws/install/isaacsim/share/isaacsim/local_setup.zsh
[0.725s] -- Installing: /workspace/build_ws/install/isaacsim/share/isaacsim/local_setup.dsv
[0.725s] -- Installing: /workspace/build_ws/install/isaacsim/share/isaacsim/package.dsv
[0.725s] -- Installing: /workspace/build_ws/install/isaacsim/share/ament_index/resource_index/packages/isaacsim
[0.725s] -- Installing: /workspace/build_ws/install/isaacsim/share/isaacsim/cmake/isaacsimConfig.cmake
[0.726s] -- Installing: /workspace/build_ws/install/isaacsim/share/isaacsim/cmake/isaacsimConfig-version.cmake
[0.726s] -- Installing: /workspace/build_ws/install/isaacsim/share/isaacsim/package.xml
[0.727s] Invoked command in '/workspace/build_ws/build/isaacsim' returned '0': /usr/bin/cmake --install /workspace/build_ws/build/isaacsim
