[0.020s] Invoking command in '/workspace/jazzy_ws/build/fastcdr': AMENT_PREFIX_PATH=/workspace/jazzy_ws/install CMAKE_PREFIX_PATH=/workspace/jazzy_ws/install LD_LIBRARY_PATH=/workspace/jazzy_ws/install/lib PATH=/workspace/jazzy_ws/install/bin:${PATH} PKG_CONFIG_PATH=/workspace/jazzy_ws/install/lib/x86_64-linux-gnu/pkgconfig:/workspace/jazzy_ws/install/lib/pkgconfig PYTHONPATH=/workspace/jazzy_ws/install/lib/python3.12/site-packages /usr/bin/cmake /workspace/jazzy_ws/src/fastcdr -DCMAKE_INSTALL_PREFIX=/workspace/jazzy_ws/install
[0.024s] -- Setting build type to 'Release' as none was specified.
[0.024s] -- Tests not compiled by default
[0.053s] -- The CXX compiler identification is GNU 13.3.0
[0.061s] -- Detecting CXX compiler ABI info
[0.110s] -- Detecting CXX compiler ABI info - done
[0.116s] -- Check for working CXX compiler: /usr/bin/c++ - skipped
[0.116s] -- Detecting CXX compile features
[0.116s] -- Detecting CXX compile features - done
[0.117s] -- Configuring Fast CDR
[0.117s] -- Version: 2.2.7
[0.117s] -- Performing Test SUPPORTS_NOTFOUND
[0.164s] -- Performing Test SUPPORTS_NOTFOUND - Success
[0.164s] -- Enforced cxx_std_11 CMake feature
[0.165s] -- Looking for C++ include sys/types.h
[0.212s] -- Looking for C++ include sys/types.h - found
[0.212s] -- Looking for C++ include stdint.h
[0.260s] -- Looking for C++ include stdint.h - found
[0.260s] -- Looking for C++ include stddef.h
[0.305s] -- Looking for C++ include stddef.h - found
[0.305s] -- Check size of long double
[0.353s] -- Check size of long double - done
[0.353s] -- Check size of __float128
[0.412s] -- Check size of __float128 - done
[0.427s] -- The C compiler identification is GNU 13.3.0
[0.433s] -- Detecting C compiler ABI info
[0.477s] -- Detecting C compiler ABI info - done
[0.482s] -- Check for working C compiler: /usr/bin/cc - skipped
[0.482s] -- Detecting C compile features
[0.483s] -- Detecting C compile features - done
[0.484s] -- Configuring done (0.5s)
[0.487s] -- Generating done (0.0s)
[0.488s] -- Build files have been written to: /workspace/jazzy_ws/build/fastcdr
[0.490s] Invoked command in '/workspace/jazzy_ws/build/fastcdr' returned '0': AMENT_PREFIX_PATH=/workspace/jazzy_ws/install CMAKE_PREFIX_PATH=/workspace/jazzy_ws/install LD_LIBRARY_PATH=/workspace/jazzy_ws/install/lib PATH=/workspace/jazzy_ws/install/bin:${PATH} PKG_CONFIG_PATH=/workspace/jazzy_ws/install/lib/x86_64-linux-gnu/pkgconfig:/workspace/jazzy_ws/install/lib/pkgconfig PYTHONPATH=/workspace/jazzy_ws/install/lib/python3.12/site-packages /usr/bin/cmake /workspace/jazzy_ws/src/fastcdr -DCMAKE_INSTALL_PREFIX=/workspace/jazzy_ws/install
[0.490s] Invoking command in '/workspace/jazzy_ws/build/fastcdr': AMENT_PREFIX_PATH=/workspace/jazzy_ws/install CMAKE_PREFIX_PATH=/workspace/jazzy_ws/install LD_LIBRARY_PATH=/workspace/jazzy_ws/install/lib PATH=/workspace/jazzy_ws/install/bin:${PATH} PKG_CONFIG_PATH=/workspace/jazzy_ws/install/lib/x86_64-linux-gnu/pkgconfig:/workspace/jazzy_ws/install/lib/pkgconfig PYTHONPATH=/workspace/jazzy_ws/install/lib/python3.12/site-packages /usr/bin/cmake --build /workspace/jazzy_ws/build/fastcdr -- -j24 -l24
[0.513s] [ 20%] Building CXX object src/cpp/CMakeFiles/fastcdr.dir/CdrSizeCalculator.cpp.o
[0.513s] [ 20%] Building CXX object src/cpp/CMakeFiles/fastcdr.dir/Cdr.cpp.o
[0.513s] [ 50%] Building CXX object src/cpp/CMakeFiles/fastcdr.dir/FastBuffer.cpp.o
[0.513s] [ 50%] Building CXX object src/cpp/CMakeFiles/fastcdr.dir/exceptions/BadOptionalAccessException.cpp.o
[0.513s] [ 60%] Building CXX object src/cpp/CMakeFiles/fastcdr.dir/exceptions/Exception.cpp.o
[0.513s] [ 60%] Building CXX object src/cpp/CMakeFiles/fastcdr.dir/FastCdr.cpp.o
[0.513s] [ 80%] Building CXX object src/cpp/CMakeFiles/fastcdr.dir/exceptions/BadParamException.cpp.o
[0.513s] [ 80%] Building CXX object src/cpp/CMakeFiles/fastcdr.dir/exceptions/LockedExternalAccessException.cpp.o
[0.513s] [ 90%] Building CXX object src/cpp/CMakeFiles/fastcdr.dir/exceptions/NotEnoughMemoryException.cpp.o
[1.065s] [100%] Linking CXX shared library libfastcdr.so
[1.113s] [100%] Built target fastcdr
[1.118s] Invoked command in '/workspace/jazzy_ws/build/fastcdr' returned '0': AMENT_PREFIX_PATH=/workspace/jazzy_ws/install CMAKE_PREFIX_PATH=/workspace/jazzy_ws/install LD_LIBRARY_PATH=/workspace/jazzy_ws/install/lib PATH=/workspace/jazzy_ws/install/bin:${PATH} PKG_CONFIG_PATH=/workspace/jazzy_ws/install/lib/x86_64-linux-gnu/pkgconfig:/workspace/jazzy_ws/install/lib/pkgconfig PYTHONPATH=/workspace/jazzy_ws/install/lib/python3.12/site-packages /usr/bin/cmake --build /workspace/jazzy_ws/build/fastcdr -- -j24 -l24
[1.118s] Invoking command in '/workspace/jazzy_ws/build/fastcdr': AMENT_PREFIX_PATH=/workspace/jazzy_ws/install CMAKE_PREFIX_PATH=/workspace/jazzy_ws/install LD_LIBRARY_PATH=/workspace/jazzy_ws/install/lib PATH=/workspace/jazzy_ws/install/bin:${PATH} PKG_CONFIG_PATH=/workspace/jazzy_ws/install/lib/x86_64-linux-gnu/pkgconfig:/workspace/jazzy_ws/install/lib/pkgconfig PYTHONPATH=/workspace/jazzy_ws/install/lib/python3.12/site-packages /usr/bin/cmake --install /workspace/jazzy_ws/build/fastcdr
[1.121s] -- Install configuration: "Release"
[1.122s] -- Installing: /workspace/jazzy_ws/install/include/fastcdr
[1.122s] -- Installing: /workspace/jazzy_ws/install/include/fastcdr/detail
[1.122s] -- Installing: /workspace/jazzy_ws/install/include/fastcdr/detail/container_recursive_inspector.hpp
[1.122s] -- Installing: /workspace/jazzy_ws/install/include/fastcdr/cdr
[1.122s] -- Installing: /workspace/jazzy_ws/install/include/fastcdr/cdr/fixed_size_string.hpp
[1.122s] -- Installing: /workspace/jazzy_ws/install/include/fastcdr/FastBuffer.h
[1.122s] -- Installing: /workspace/jazzy_ws/install/include/fastcdr/FastCdr.h
[1.122s] -- Installing: /workspace/jazzy_ws/install/include/fastcdr/fastcdr_dll.h
[1.122s] -- Installing: /workspace/jazzy_ws/install/include/fastcdr/eProsima_auto_link.h
[1.122s] -- Installing: /workspace/jazzy_ws/install/include/fastcdr/Cdr.h
[1.122s] -- Installing: /workspace/jazzy_ws/install/include/fastcdr/CdrSizeCalculator.hpp
[1.122s] -- Installing: /workspace/jazzy_ws/install/include/fastcdr/exceptions
[1.122s] -- Installing: /workspace/jazzy_ws/install/include/fastcdr/exceptions/LockedExternalAccessException.hpp
[1.122s] -- Installing: /workspace/jazzy_ws/install/include/fastcdr/exceptions/Exception.h
[1.122s] -- Installing: /workspace/jazzy_ws/install/include/fastcdr/exceptions/BadParamException.h
[1.123s] -- Installing: /workspace/jazzy_ws/install/include/fastcdr/exceptions/NotEnoughMemoryException.h
[1.123s] -- Installing: /workspace/jazzy_ws/install/include/fastcdr/exceptions/BadOptionalAccessException.hpp
[1.123s] -- Installing: /workspace/jazzy_ws/install/include/fastcdr/xcdr
[1.123s] -- Installing: /workspace/jazzy_ws/install/include/fastcdr/xcdr/detail
[1.123s] -- Installing: /workspace/jazzy_ws/install/include/fastcdr/xcdr/detail/optional.hpp
[1.123s] -- Installing: /workspace/jazzy_ws/install/include/fastcdr/xcdr/MemberId.hpp
[1.123s] -- Installing: /workspace/jazzy_ws/install/include/fastcdr/xcdr/external.hpp
[1.123s] -- Installing: /workspace/jazzy_ws/install/include/fastcdr/xcdr/optional.hpp
[1.123s] -- Installing: /workspace/jazzy_ws/install/include/fastcdr/config
[1.123s] -- Installing: /workspace/jazzy_ws/install/include/fastcdr/config/doxygen_modules.h
[1.123s] -- Installing: /workspace/jazzy_ws/install/include/fastcdr/CdrEncoding.hpp
[1.123s] -- Installing: /workspace/jazzy_ws/install/include/fastcdr/config.h
[1.123s] -- Installing: /workspace/jazzy_ws/install/lib/libfastcdr.so.2.2.7
[1.123s] -- Installing: /workspace/jazzy_ws/install/lib/libfastcdr.so.2
[1.123s] -- Installing: /workspace/jazzy_ws/install/lib/libfastcdr.so
[1.124s] -- Installing: /workspace/jazzy_ws/install/lib/cmake/fastcdr/fastcdr-shared-targets.cmake
[1.124s] -- Installing: /workspace/jazzy_ws/install/lib/cmake/fastcdr/fastcdr-shared-targets-release.cmake
[1.124s] -- Installing: /workspace/jazzy_ws/install/lib/cmake/fastcdr/fastcdr-config.cmake
[1.124s] -- Installing: /workspace/jazzy_ws/install/lib/cmake/fastcdr/fastcdr-config-version.cmake
[1.124s] -- Installing: /workspace/jazzy_ws/install/share/fastcdr/LICENSE
[1.125s] Invoked command in '/workspace/jazzy_ws/build/fastcdr' returned '0': AMENT_PREFIX_PATH=/workspace/jazzy_ws/install CMAKE_PREFIX_PATH=/workspace/jazzy_ws/install LD_LIBRARY_PATH=/workspace/jazzy_ws/install/lib PATH=/workspace/jazzy_ws/install/bin:${PATH} PKG_CONFIG_PATH=/workspace/jazzy_ws/install/lib/x86_64-linux-gnu/pkgconfig:/workspace/jazzy_ws/install/lib/pkgconfig PYTHONPATH=/workspace/jazzy_ws/install/lib/python3.12/site-packages /usr/bin/cmake --install /workspace/jazzy_ws/build/fastcdr
