[0.006s] Invoking command in '/workspace/jazzy_ws/build/ament_cmake_export_targets': AMENT_PREFIX_PATH=/workspace/jazzy_ws/install CMAKE_PREFIX_PATH=/workspace/jazzy_ws/install LD_LIBRARY_PATH=/workspace/jazzy_ws/install/lib PATH=/workspace/jazzy_ws/install/bin:${PATH} PYTHONPATH=/workspace/jazzy_ws/install/lib/python3.12/site-packages /usr/bin/cmake /workspace/jazzy_ws/src/ament_cmake/ament_cmake_export_targets -DCMAKE_INSTALL_PREFIX=/workspace/jazzy_ws/install
[0.014s] -- Found ament_cmake_core: 2.5.5 (/workspace/jazzy_ws/install/share/ament_cmake_core/cmake)
[0.089s] -- Found Python3: /usr/bin/python3 (found version "3.12.3") found components: Interpreter 
[0.279s] -- Configuring done (0.2s)
[0.279s] -- Generating done (0.0s)
[0.279s] -- Build files have been written to: /workspace/jazzy_ws/build/ament_cmake_export_targets
[0.280s] Invoked command in '/workspace/jazzy_ws/build/ament_cmake_export_targets' returned '0': AMENT_PREFIX_PATH=/workspace/jazzy_ws/install CMAKE_PREFIX_PATH=/workspace/jazzy_ws/install LD_LIBRARY_PATH=/workspace/jazzy_ws/install/lib PATH=/workspace/jazzy_ws/install/bin:${PATH} PYTHONPATH=/workspace/jazzy_ws/install/lib/python3.12/site-packages /usr/bin/cmake /workspace/jazzy_ws/src/ament_cmake/ament_cmake_export_targets -DCMAKE_INSTALL_PREFIX=/workspace/jazzy_ws/install
[0.280s] Invoking command in '/workspace/jazzy_ws/build/ament_cmake_export_targets': AMENT_PREFIX_PATH=/workspace/jazzy_ws/install CMAKE_PREFIX_PATH=/workspace/jazzy_ws/install LD_LIBRARY_PATH=/workspace/jazzy_ws/install/lib PATH=/workspace/jazzy_ws/install/bin:${PATH} PYTHONPATH=/workspace/jazzy_ws/install/lib/python3.12/site-packages /usr/bin/cmake --build /workspace/jazzy_ws/build/ament_cmake_export_targets -- -j24 -l24
[0.297s] Invoked command in '/workspace/jazzy_ws/build/ament_cmake_export_targets' returned '0': AMENT_PREFIX_PATH=/workspace/jazzy_ws/install CMAKE_PREFIX_PATH=/workspace/jazzy_ws/install LD_LIBRARY_PATH=/workspace/jazzy_ws/install/lib PATH=/workspace/jazzy_ws/install/bin:${PATH} PYTHONPATH=/workspace/jazzy_ws/install/lib/python3.12/site-packages /usr/bin/cmake --build /workspace/jazzy_ws/build/ament_cmake_export_targets -- -j24 -l24
[0.297s] Invoking command in '/workspace/jazzy_ws/build/ament_cmake_export_targets': AMENT_PREFIX_PATH=/workspace/jazzy_ws/install CMAKE_PREFIX_PATH=/workspace/jazzy_ws/install LD_LIBRARY_PATH=/workspace/jazzy_ws/install/lib PATH=/workspace/jazzy_ws/install/bin:${PATH} PYTHONPATH=/workspace/jazzy_ws/install/lib/python3.12/site-packages /usr/bin/cmake --install /workspace/jazzy_ws/build/ament_cmake_export_targets
[0.300s] -- Install configuration: ""
[0.300s] -- Installing: /workspace/jazzy_ws/install/share/ament_index/resource_index/package_run_dependencies/ament_cmake_export_targets
[0.300s] -- Installing: /workspace/jazzy_ws/install/share/ament_index/resource_index/parent_prefix_path/ament_cmake_export_targets
[0.300s] -- Installing: /workspace/jazzy_ws/install/share/ament_cmake_export_targets/environment/ament_prefix_path.sh
[0.301s] -- Installing: /workspace/jazzy_ws/install/share/ament_cmake_export_targets/environment/ament_prefix_path.dsv
[0.301s] -- Installing: /workspace/jazzy_ws/install/share/ament_cmake_export_targets/environment/path.sh
[0.301s] -- Installing: /workspace/jazzy_ws/install/share/ament_cmake_export_targets/environment/path.dsv
[0.301s] -- Installing: /workspace/jazzy_ws/install/share/ament_cmake_export_targets/local_setup.bash
[0.301s] -- Installing: /workspace/jazzy_ws/install/share/ament_cmake_export_targets/local_setup.sh
[0.301s] -- Installing: /workspace/jazzy_ws/install/share/ament_cmake_export_targets/local_setup.zsh
[0.301s] -- Installing: /workspace/jazzy_ws/install/share/ament_cmake_export_targets/local_setup.dsv
[0.301s] -- Installing: /workspace/jazzy_ws/install/share/ament_cmake_export_targets/package.dsv
[0.301s] -- Installing: /workspace/jazzy_ws/install/share/ament_index/resource_index/packages/ament_cmake_export_targets
[0.301s] -- Installing: /workspace/jazzy_ws/install/share/ament_cmake_export_targets/cmake/ament_cmake_export_targets-extras.cmake
[0.301s] -- Installing: /workspace/jazzy_ws/install/share/ament_cmake_export_targets/cmake/ament_cmake_export_targetsConfig.cmake
[0.302s] -- Installing: /workspace/jazzy_ws/install/share/ament_cmake_export_targets/cmake/ament_cmake_export_targetsConfig-version.cmake
[0.302s] -- Installing: /workspace/jazzy_ws/install/share/ament_cmake_export_targets/package.xml
[0.302s] -- Up-to-date: /workspace/jazzy_ws/install/share/ament_cmake_export_targets/cmake
[0.302s] -- Installing: /workspace/jazzy_ws/install/share/ament_cmake_export_targets/cmake/ament_export_targets.cmake
[0.302s] -- Installing: /workspace/jazzy_ws/install/share/ament_cmake_export_targets/cmake/ament_cmake_export_targets_package_hook.cmake
[0.302s] -- Installing: /workspace/jazzy_ws/install/share/ament_cmake_export_targets/cmake/ament_cmake_export_targets-extras.cmake.in
[0.303s] Invoked command in '/workspace/jazzy_ws/build/ament_cmake_export_targets' returned '0': AMENT_PREFIX_PATH=/workspace/jazzy_ws/install CMAKE_PREFIX_PATH=/workspace/jazzy_ws/install LD_LIBRARY_PATH=/workspace/jazzy_ws/install/lib PATH=/workspace/jazzy_ws/install/bin:${PATH} PYTHONPATH=/workspace/jazzy_ws/install/lib/python3.12/site-packages /usr/bin/cmake --install /workspace/jazzy_ws/build/ament_cmake_export_targets
