[0.023s] Invoking command in '/workspace/jazzy_ws/build/ament_cmake_cppcheck': AMENT_PREFIX_PATH=/workspace/jazzy_ws/install CMAKE_PREFIX_PATH=/workspace/jazzy_ws/install LD_LIBRARY_PATH=/workspace/jazzy_ws/install/lib PATH=/workspace/jazzy_ws/install/bin:${PATH} PYTHONPATH=/workspace/jazzy_ws/install/lib/python3.12/site-packages /usr/bin/cmake /workspace/jazzy_ws/src/ament_lint/ament_cmake_cppcheck -DCMAKE_INSTALL_PREFIX=/workspace/jazzy_ws/install
[0.032s] -- Found ament_cmake_core: 2.5.5 (/workspace/jazzy_ws/install/share/ament_cmake_core/cmake)
[0.124s] -- Found Python3: /usr/bin/python3 (found version "3.12.3") found components: Interpreter 
[0.180s] -- Found ament_cmake_test: 2.5.5 (/workspace/jazzy_ws/install/share/ament_cmake_test/cmake)
[0.239s] -- Found ament_cmake_copyright: 0.17.4 (/workspace/jazzy_ws/install/share/ament_cmake_copyright/cmake)
[0.239s] -- Found ament_cmake_lint_cmake: 0.17.4 (/workspace/jazzy_ws/install/share/ament_cmake_lint_cmake/cmake)
[0.239s] -- Configuring done (0.2s)
[0.241s] -- Generating done (0.0s)
[0.242s] -- Build files have been written to: /workspace/jazzy_ws/build/ament_cmake_cppcheck
[0.243s] Invoked command in '/workspace/jazzy_ws/build/ament_cmake_cppcheck' returned '0': AMENT_PREFIX_PATH=/workspace/jazzy_ws/install CMAKE_PREFIX_PATH=/workspace/jazzy_ws/install LD_LIBRARY_PATH=/workspace/jazzy_ws/install/lib PATH=/workspace/jazzy_ws/install/bin:${PATH} PYTHONPATH=/workspace/jazzy_ws/install/lib/python3.12/site-packages /usr/bin/cmake /workspace/jazzy_ws/src/ament_lint/ament_cmake_cppcheck -DCMAKE_INSTALL_PREFIX=/workspace/jazzy_ws/install
[0.244s] Invoking command in '/workspace/jazzy_ws/build/ament_cmake_cppcheck': AMENT_PREFIX_PATH=/workspace/jazzy_ws/install CMAKE_PREFIX_PATH=/workspace/jazzy_ws/install LD_LIBRARY_PATH=/workspace/jazzy_ws/install/lib PATH=/workspace/jazzy_ws/install/bin:${PATH} PYTHONPATH=/workspace/jazzy_ws/install/lib/python3.12/site-packages /usr/bin/cmake --build /workspace/jazzy_ws/build/ament_cmake_cppcheck -- -j24 -l24
[0.265s] Invoked command in '/workspace/jazzy_ws/build/ament_cmake_cppcheck' returned '0': AMENT_PREFIX_PATH=/workspace/jazzy_ws/install CMAKE_PREFIX_PATH=/workspace/jazzy_ws/install LD_LIBRARY_PATH=/workspace/jazzy_ws/install/lib PATH=/workspace/jazzy_ws/install/bin:${PATH} PYTHONPATH=/workspace/jazzy_ws/install/lib/python3.12/site-packages /usr/bin/cmake --build /workspace/jazzy_ws/build/ament_cmake_cppcheck -- -j24 -l24
[0.265s] Invoking command in '/workspace/jazzy_ws/build/ament_cmake_cppcheck': AMENT_PREFIX_PATH=/workspace/jazzy_ws/install CMAKE_PREFIX_PATH=/workspace/jazzy_ws/install LD_LIBRARY_PATH=/workspace/jazzy_ws/install/lib PATH=/workspace/jazzy_ws/install/bin:${PATH} PYTHONPATH=/workspace/jazzy_ws/install/lib/python3.12/site-packages /usr/bin/cmake --install /workspace/jazzy_ws/build/ament_cmake_cppcheck
[0.271s] -- Install configuration: ""
[0.271s] -- Installing: /workspace/jazzy_ws/install/share/ament_index/resource_index/package_run_dependencies/ament_cmake_cppcheck
[0.271s] -- Installing: /workspace/jazzy_ws/install/share/ament_index/resource_index/parent_prefix_path/ament_cmake_cppcheck
[0.271s] -- Installing: /workspace/jazzy_ws/install/share/ament_cmake_cppcheck/environment/ament_prefix_path.sh
[0.271s] -- Installing: /workspace/jazzy_ws/install/share/ament_cmake_cppcheck/environment/ament_prefix_path.dsv
[0.271s] -- Installing: /workspace/jazzy_ws/install/share/ament_cmake_cppcheck/environment/path.sh
[0.272s] -- Installing: /workspace/jazzy_ws/install/share/ament_cmake_cppcheck/environment/path.dsv
[0.272s] -- Installing: /workspace/jazzy_ws/install/share/ament_cmake_cppcheck/local_setup.bash
[0.272s] -- Installing: /workspace/jazzy_ws/install/share/ament_cmake_cppcheck/local_setup.sh
[0.272s] -- Installing: /workspace/jazzy_ws/install/share/ament_cmake_cppcheck/local_setup.zsh
[0.272s] -- Installing: /workspace/jazzy_ws/install/share/ament_cmake_cppcheck/local_setup.dsv
[0.272s] -- Installing: /workspace/jazzy_ws/install/share/ament_cmake_cppcheck/package.dsv
[0.272s] -- Installing: /workspace/jazzy_ws/install/share/ament_index/resource_index/packages/ament_cmake_cppcheck
[0.272s] -- Installing: /workspace/jazzy_ws/install/share/ament_cmake_cppcheck/cmake/ament_cmake_cppcheck-extras.cmake
[0.272s] -- Installing: /workspace/jazzy_ws/install/share/ament_cmake_cppcheck/cmake/ament_cmake_cppcheckConfig.cmake
[0.284s] -- Installing: /workspace/jazzy_ws/install/share/ament_cmake_cppcheck/cmake/ament_cmake_cppcheckConfig-version.cmake
[0.284s] -- Installing: /workspace/jazzy_ws/install/share/ament_cmake_cppcheck/package.xml
[0.284s] -- Up-to-date: /workspace/jazzy_ws/install/share/ament_cmake_cppcheck/cmake
[0.284s] -- Installing: /workspace/jazzy_ws/install/share/ament_cmake_cppcheck/cmake/ament_cppcheck.cmake
[0.284s] -- Installing: /workspace/jazzy_ws/install/share/ament_cmake_cppcheck/cmake/ament_cmake_cppcheck_lint_hook.cmake
[0.287s] Invoked command in '/workspace/jazzy_ws/build/ament_cmake_cppcheck' returned '0': AMENT_PREFIX_PATH=/workspace/jazzy_ws/install CMAKE_PREFIX_PATH=/workspace/jazzy_ws/install LD_LIBRARY_PATH=/workspace/jazzy_ws/install/lib PATH=/workspace/jazzy_ws/install/bin:${PATH} PYTHONPATH=/workspace/jazzy_ws/install/lib/python3.12/site-packages /usr/bin/cmake --install /workspace/jazzy_ws/build/ament_cmake_cppcheck
