[0.415s] Invoking command in '/workspace/jazzy_ws/src/ament_lint/ament_pep257': AMENT_PREFIX_PATH=/workspace/jazzy_ws/install CMAKE_PREFIX_PATH=/workspace/jazzy_ws/install PATH=/workspace/jazzy_ws/install/bin:${PATH} PYTHONPATH=/workspace/jazzy_ws/build/ament_pep257/prefix_override:/usr/lib/python3/dist-packages/colcon_core/task/python/colcon_distutils_commands:/workspace/jazzy_ws/install/lib/python3.12/site-packages:/workspace/jazzy_ws/install/lib/python3.12/site-packages /usr/bin/python3 -W ignore:setup.py install is deprecated -W ignore:easy_install command is deprecated setup.py egg_info --egg-base ../../../build/ament_pep257 build --build-base /workspace/jazzy_ws/build/ament_pep257/build install --record /workspace/jazzy_ws/build/ament_pep257/install.log --single-version-externally-managed install_data
[0.489s] /usr/local/lib/python3.12/dist-packages/setuptools/_distutils/dist.py:287: UserWarning: Unknown distribution option: 'tests_require'
[0.489s]   warnings.warn(msg)
[0.497s] /usr/local/lib/python3.12/dist-packages/setuptools/dist.py:765: SetuptoolsDeprecationWarning: License classifiers are deprecated.
[0.497s] !!
[0.497s] 
[0.497s]         ********************************************************************************
[0.497s]         Please consider removing the following classifiers in favor of a SPDX license expression:
[0.497s] 
[0.497s]         License :: OSI Approved :: Apache Software License
[0.497s] 
[0.497s]         See https://packaging.python.org/en/latest/guides/writing-pyproject-toml/#license for details.
[0.497s]         ********************************************************************************
[0.497s] 
[0.497s] !!
[0.497s]   self._finalize_license_expression()
[0.513s] running egg_info
[0.516s] creating ../../../build/ament_pep257/ament_pep257.egg-info
[0.516s] writing ../../../build/ament_pep257/ament_pep257.egg-info/PKG-INFO
[0.516s] writing dependency_links to ../../../build/ament_pep257/ament_pep257.egg-info/dependency_links.txt
[0.516s] writing entry points to ../../../build/ament_pep257/ament_pep257.egg-info/entry_points.txt
[0.516s] writing requirements to ../../../build/ament_pep257/ament_pep257.egg-info/requires.txt
[0.516s] writing top-level names to ../../../build/ament_pep257/ament_pep257.egg-info/top_level.txt
[0.516s] writing manifest file '../../../build/ament_pep257/ament_pep257.egg-info/SOURCES.txt'
[0.525s] reading manifest file '../../../build/ament_pep257/ament_pep257.egg-info/SOURCES.txt'
[0.526s] writing manifest file '../../../build/ament_pep257/ament_pep257.egg-info/SOURCES.txt'
[0.526s] running build
[0.526s] running build_py
[0.526s] creating /workspace/jazzy_ws/build/ament_pep257/build/lib/ament_pep257
[0.526s] copying ament_pep257/pytest_marker.py -> /workspace/jazzy_ws/build/ament_pep257/build/lib/ament_pep257
[0.526s] copying ament_pep257/main.py -> /workspace/jazzy_ws/build/ament_pep257/build/lib/ament_pep257
[0.526s] copying ament_pep257/__init__.py -> /workspace/jazzy_ws/build/ament_pep257/build/lib/ament_pep257
[0.526s] running install
[0.528s] running install_lib
[0.533s] creating /workspace/jazzy_ws/install/lib/python3.12/site-packages/ament_pep257
[0.533s] copying /workspace/jazzy_ws/build/ament_pep257/build/lib/ament_pep257/pytest_marker.py -> /workspace/jazzy_ws/install/lib/python3.12/site-packages/ament_pep257
[0.533s] copying /workspace/jazzy_ws/build/ament_pep257/build/lib/ament_pep257/main.py -> /workspace/jazzy_ws/install/lib/python3.12/site-packages/ament_pep257
[0.533s] copying /workspace/jazzy_ws/build/ament_pep257/build/lib/ament_pep257/__init__.py -> /workspace/jazzy_ws/install/lib/python3.12/site-packages/ament_pep257
[0.533s] byte-compiling /workspace/jazzy_ws/install/lib/python3.12/site-packages/ament_pep257/pytest_marker.py to pytest_marker.cpython-312.pyc
[0.533s] byte-compiling /workspace/jazzy_ws/install/lib/python3.12/site-packages/ament_pep257/main.py to main.cpython-312.pyc
[0.534s] byte-compiling /workspace/jazzy_ws/install/lib/python3.12/site-packages/ament_pep257/__init__.py to __init__.cpython-312.pyc
[0.534s] running install_data
[0.534s] copying package.xml -> /workspace/jazzy_ws/install/share/ament_pep257
[0.534s] copying resource/ament_pep257 -> /workspace/jazzy_ws/install/share/ament_index/resource_index/packages
[0.535s] running install_egg_info
[0.539s] Copying ../../../build/ament_pep257/ament_pep257.egg-info to /workspace/jazzy_ws/install/lib/python3.12/site-packages/ament_pep257-0.17.4-py3.12.egg-info
[0.539s] running install_scripts
[0.548s] Installing ament_pep257 script to /workspace/jazzy_ws/install/bin
[0.548s] writing list of installed files to '/workspace/jazzy_ws/build/ament_pep257/install.log'
[0.562s] Invoked command in '/workspace/jazzy_ws/src/ament_lint/ament_pep257' returned '0': AMENT_PREFIX_PATH=/workspace/jazzy_ws/install CMAKE_PREFIX_PATH=/workspace/jazzy_ws/install PATH=/workspace/jazzy_ws/install/bin:${PATH} PYTHONPATH=/workspace/jazzy_ws/build/ament_pep257/prefix_override:/usr/lib/python3/dist-packages/colcon_core/task/python/colcon_distutils_commands:/workspace/jazzy_ws/install/lib/python3.12/site-packages:/workspace/jazzy_ws/install/lib/python3.12/site-packages /usr/bin/python3 -W ignore:setup.py install is deprecated -W ignore:easy_install command is deprecated setup.py egg_info --egg-base ../../../build/ament_pep257 build --build-base /workspace/jazzy_ws/build/ament_pep257/build install --record /workspace/jazzy_ws/build/ament_pep257/install.log --single-version-externally-managed install_data
