[0.062s] Invoking command in '/workspace/jazzy_ws/build/rosidl_typesupport_introspection_cpp': AMENT_PREFIX_PATH=/workspace/jazzy_ws/install CMAKE_PREFIX_PATH=/workspace/jazzy_ws/install LD_LIBRARY_PATH=/workspace/jazzy_ws/install/lib:/workspace/jazzy_ws/install/opt/mimick_vendor/lib PATH=/workspace/jazzy_ws/install/bin:/workspace/jazzy_ws/install/opt/uncrustify_vendor/bin:${PATH} PKG_CONFIG_PATH=/workspace/jazzy_ws/install/lib/x86_64-linux-gnu/pkgconfig:/workspace/jazzy_ws/install/lib/pkgconfig PYTHONPATH=/workspace/jazzy_ws/install/lib/python3.12/site-packages /usr/bin/cmake /workspace/jazzy_ws/src/rosidl/rosidl_typesupport_introspection_cpp -DCMAKE_INSTALL_PREFIX=/workspace/jazzy_ws/install
[0.095s] -- The C compiler identification is GNU 13.3.0
[0.128s] -- The CXX compiler identification is GNU 13.3.0
[0.137s] -- Detecting C compiler ABI info
[0.184s] -- Detecting C compiler ABI info - done
[0.190s] -- Check for working C compiler: /usr/bin/cc - skipped
[0.190s] -- Detecting C compile features
[0.191s] -- Detecting C compile features - done
[0.196s] -- Detecting CXX compiler ABI info
[0.248s] -- Detecting CXX compiler ABI info - done
[0.254s] -- Check for working CXX compiler: /usr/bin/c++ - skipped
[0.254s] -- Detecting CXX compile features
[0.254s] -- Detecting CXX compile features - done
[0.255s] -- Found ament_cmake_python: 2.5.5 (/workspace/jazzy_ws/install/share/ament_cmake_python/cmake)
[0.256s] -- Found ament_cmake_ros: 0.12.0 (/workspace/jazzy_ws/install/share/ament_cmake_ros/cmake)
[0.324s] -- Found Python3: /usr/bin/python3 (found version "3.12.3") found components: Interpreter 
[0.375s] -- Found rosidl_runtime_cpp: 4.6.7 (/workspace/jazzy_ws/install/share/rosidl_runtime_cpp/cmake)
[0.383s] -- Found rosidl_typesupport_introspection_c: 4.6.7 (/workspace/jazzy_ws/install/share/rosidl_typesupport_introspection_c/cmake)
[0.453s] -- Found ament_lint_auto: 0.17.4 (/workspace/jazzy_ws/install/share/ament_lint_auto/cmake)
[0.508s] -- Added test 'copyright' to check source files copyright and LICENSE
[0.511s] -- Added test 'cppcheck' to perform static code analysis on C / C++ code
[0.511s] -- Configured cppcheck include dirs: $<BUILD_INTERFACE:/workspace/jazzy_ws/src/rosidl/rosidl_typesupport_introspection_cpp/include>
[0.511s] -- Configured cppcheck exclude dirs and/or files: 
[0.514s] -- Added test 'cpplint' to check C / C++ code against the Google style
[0.514s] -- Configured cpplint exclude dirs and/or files: 
[0.514s] -- Added test 'flake8' to check Python code syntax and style conventions
[0.515s] -- Configured 'flake8' exclude dirs and/or files: 
[0.515s] -- Added test 'lint_cmake' to check CMake code style
[0.516s] -- Added test 'pep257' to check Python code against some of the docstring style conventions in PEP 257
[0.519s] -- Added test 'uncrustify' to check C / C++ code style
[0.519s] -- Configured uncrustify additional arguments: 
[0.519s] -- Added test 'xmllint' to check XML markup files
[0.521s] -- Configuring done (0.5s)
[0.526s] -- Generating done (0.0s)
[0.528s] -- Build files have been written to: /workspace/jazzy_ws/build/rosidl_typesupport_introspection_cpp
[0.530s] Invoked command in '/workspace/jazzy_ws/build/rosidl_typesupport_introspection_cpp' returned '0': AMENT_PREFIX_PATH=/workspace/jazzy_ws/install CMAKE_PREFIX_PATH=/workspace/jazzy_ws/install LD_LIBRARY_PATH=/workspace/jazzy_ws/install/lib:/workspace/jazzy_ws/install/opt/mimick_vendor/lib PATH=/workspace/jazzy_ws/install/bin:/workspace/jazzy_ws/install/opt/uncrustify_vendor/bin:${PATH} PKG_CONFIG_PATH=/workspace/jazzy_ws/install/lib/x86_64-linux-gnu/pkgconfig:/workspace/jazzy_ws/install/lib/pkgconfig PYTHONPATH=/workspace/jazzy_ws/install/lib/python3.12/site-packages /usr/bin/cmake /workspace/jazzy_ws/src/rosidl/rosidl_typesupport_introspection_cpp -DCMAKE_INSTALL_PREFIX=/workspace/jazzy_ws/install
[0.531s] Invoking command in '/workspace/jazzy_ws/build/rosidl_typesupport_introspection_cpp': AMENT_PREFIX_PATH=/workspace/jazzy_ws/install CMAKE_PREFIX_PATH=/workspace/jazzy_ws/install LD_LIBRARY_PATH=/workspace/jazzy_ws/install/lib:/workspace/jazzy_ws/install/opt/mimick_vendor/lib PATH=/workspace/jazzy_ws/install/bin:/workspace/jazzy_ws/install/opt/uncrustify_vendor/bin:${PATH} PKG_CONFIG_PATH=/workspace/jazzy_ws/install/lib/x86_64-linux-gnu/pkgconfig:/workspace/jazzy_ws/install/lib/pkgconfig PYTHONPATH=/workspace/jazzy_ws/install/lib/python3.12/site-packages /usr/bin/cmake --build /workspace/jazzy_ws/build/rosidl_typesupport_introspection_cpp -- -j24 -l24
[0.557s] [ 50%] Building CXX object CMakeFiles/rosidl_typesupport_introspection_cpp.dir/src/identifier.cpp.o
[0.561s] [ 50%] Built target ament_cmake_python_copy_rosidl_typesupport_introspection_cpp
[0.561s] [ 50%] Built target ament_cmake_python_copy_rosidl_typesupport_introspection_cpp_setup
[0.567s] [100%] Linking CXX shared library librosidl_typesupport_introspection_cpp.so
[0.588s] [100%] Built target rosidl_typesupport_introspection_cpp
[0.664s] running egg_info
[0.669s] creating rosidl_typesupport_introspection_cpp.egg-info
[0.669s] writing rosidl_typesupport_introspection_cpp.egg-info/PKG-INFO
[0.669s] writing dependency_links to rosidl_typesupport_introspection_cpp.egg-info/dependency_links.txt
[0.669s] writing entry points to rosidl_typesupport_introspection_cpp.egg-info/entry_points.txt
[0.669s] writing top-level names to rosidl_typesupport_introspection_cpp.egg-info/top_level.txt
[0.669s] writing manifest file 'rosidl_typesupport_introspection_cpp.egg-info/SOURCES.txt'
[0.684s] reading manifest file 'rosidl_typesupport_introspection_cpp.egg-info/SOURCES.txt'
[0.685s] writing manifest file 'rosidl_typesupport_introspection_cpp.egg-info/SOURCES.txt'
[0.702s] [100%] Built target ament_cmake_python_build_rosidl_typesupport_introspection_cpp_egg
[0.708s] Invoked command in '/workspace/jazzy_ws/build/rosidl_typesupport_introspection_cpp' returned '0': AMENT_PREFIX_PATH=/workspace/jazzy_ws/install CMAKE_PREFIX_PATH=/workspace/jazzy_ws/install LD_LIBRARY_PATH=/workspace/jazzy_ws/install/lib:/workspace/jazzy_ws/install/opt/mimick_vendor/lib PATH=/workspace/jazzy_ws/install/bin:/workspace/jazzy_ws/install/opt/uncrustify_vendor/bin:${PATH} PKG_CONFIG_PATH=/workspace/jazzy_ws/install/lib/x86_64-linux-gnu/pkgconfig:/workspace/jazzy_ws/install/lib/pkgconfig PYTHONPATH=/workspace/jazzy_ws/install/lib/python3.12/site-packages /usr/bin/cmake --build /workspace/jazzy_ws/build/rosidl_typesupport_introspection_cpp -- -j24 -l24
[0.709s] Invoking command in '/workspace/jazzy_ws/build/rosidl_typesupport_introspection_cpp': AMENT_PREFIX_PATH=/workspace/jazzy_ws/install CMAKE_PREFIX_PATH=/workspace/jazzy_ws/install LD_LIBRARY_PATH=/workspace/jazzy_ws/install/lib:/workspace/jazzy_ws/install/opt/mimick_vendor/lib PATH=/workspace/jazzy_ws/install/bin:/workspace/jazzy_ws/install/opt/uncrustify_vendor/bin:${PATH} PKG_CONFIG_PATH=/workspace/jazzy_ws/install/lib/x86_64-linux-gnu/pkgconfig:/workspace/jazzy_ws/install/lib/pkgconfig PYTHONPATH=/workspace/jazzy_ws/install/lib/python3.12/site-packages /usr/bin/cmake --install /workspace/jazzy_ws/build/rosidl_typesupport_introspection_cpp
[0.714s] -- Install configuration: ""
[0.714s] -- Installing: /workspace/jazzy_ws/install/share/rosidl_typesupport_introspection_cpp/environment/pythonpath.sh
[0.714s] -- Installing: /workspace/jazzy_ws/install/share/rosidl_typesupport_introspection_cpp/environment/pythonpath.dsv
[0.714s] -- Installing: /workspace/jazzy_ws/install/lib/python3.12/site-packages/rosidl_typesupport_introspection_cpp-4.6.7-py3.12.egg-info
[0.714s] -- Installing: /workspace/jazzy_ws/install/lib/python3.12/site-packages/rosidl_typesupport_introspection_cpp-4.6.7-py3.12.egg-info/PKG-INFO
[0.714s] -- Installing: /workspace/jazzy_ws/install/lib/python3.12/site-packages/rosidl_typesupport_introspection_cpp-4.6.7-py3.12.egg-info/SOURCES.txt
[0.714s] -- Installing: /workspace/jazzy_ws/install/lib/python3.12/site-packages/rosidl_typesupport_introspection_cpp-4.6.7-py3.12.egg-info/top_level.txt
[0.714s] -- Installing: /workspace/jazzy_ws/install/lib/python3.12/site-packages/rosidl_typesupport_introspection_cpp-4.6.7-py3.12.egg-info/entry_points.txt
[0.714s] -- Installing: /workspace/jazzy_ws/install/lib/python3.12/site-packages/rosidl_typesupport_introspection_cpp-4.6.7-py3.12.egg-info/dependency_links.txt
[0.715s] -- Installing: /workspace/jazzy_ws/install/lib/python3.12/site-packages/rosidl_typesupport_introspection_cpp
[0.715s] -- Installing: /workspace/jazzy_ws/install/lib/python3.12/site-packages/rosidl_typesupport_introspection_cpp/cli.py
[0.715s] -- Installing: /workspace/jazzy_ws/install/lib/python3.12/site-packages/rosidl_typesupport_introspection_cpp/__init__.py
[0.739s] Listing '/workspace/jazzy_ws/install/lib/python3.12/site-packages/rosidl_typesupport_introspection_cpp'...
[0.739s] Compiling '/workspace/jazzy_ws/install/lib/python3.12/site-packages/rosidl_typesupport_introspection_cpp/__init__.py'...
[0.739s] Compiling '/workspace/jazzy_ws/install/lib/python3.12/site-packages/rosidl_typesupport_introspection_cpp/cli.py'...
[0.743s] -- Installing: /workspace/jazzy_ws/install/share/rosidl_typesupport_introspection_cpp/environment/library_path.sh
[0.743s] -- Installing: /workspace/jazzy_ws/install/share/rosidl_typesupport_introspection_cpp/environment/library_path.dsv
[0.744s] -- Installing: /workspace/jazzy_ws/install/share/ament_index/resource_index/rosidl_typesupport_cpp/rosidl_typesupport_introspection_cpp
[0.744s] -- Installing: /workspace/jazzy_ws/install/share/ament_index/resource_index/rosidl_runtime_packages/rosidl_typesupport_introspection_cpp
[0.744s] -- Installing: /workspace/jazzy_ws/install/share/ament_index/resource_index/package_run_dependencies/rosidl_typesupport_introspection_cpp
[0.744s] -- Installing: /workspace/jazzy_ws/install/share/ament_index/resource_index/parent_prefix_path/rosidl_typesupport_introspection_cpp
[0.744s] -- Installing: /workspace/jazzy_ws/install/share/rosidl_typesupport_introspection_cpp/environment/ament_prefix_path.sh
[0.744s] -- Installing: /workspace/jazzy_ws/install/share/rosidl_typesupport_introspection_cpp/environment/ament_prefix_path.dsv
[0.744s] -- Installing: /workspace/jazzy_ws/install/share/rosidl_typesupport_introspection_cpp/environment/path.sh
[0.744s] -- Installing: /workspace/jazzy_ws/install/share/rosidl_typesupport_introspection_cpp/environment/path.dsv
[0.744s] -- Installing: /workspace/jazzy_ws/install/share/rosidl_typesupport_introspection_cpp/local_setup.bash
[0.744s] -- Installing: /workspace/jazzy_ws/install/share/rosidl_typesupport_introspection_cpp/local_setup.sh
[0.745s] -- Installing: /workspace/jazzy_ws/install/share/rosidl_typesupport_introspection_cpp/local_setup.zsh
[0.745s] -- Installing: /workspace/jazzy_ws/install/share/rosidl_typesupport_introspection_cpp/local_setup.dsv
[0.745s] -- Installing: /workspace/jazzy_ws/install/share/rosidl_typesupport_introspection_cpp/package.dsv
[0.745s] -- Installing: /workspace/jazzy_ws/install/share/ament_index/resource_index/packages/rosidl_typesupport_introspection_cpp
[0.745s] -- Installing: /workspace/jazzy_ws/install/share/rosidl_typesupport_introspection_cpp/cmake/rosidl_typesupport_introspection_cppExport.cmake
[0.745s] -- Installing: /workspace/jazzy_ws/install/share/rosidl_typesupport_introspection_cpp/cmake/rosidl_typesupport_introspection_cppExport-noconfig.cmake
[0.745s] -- Installing: /workspace/jazzy_ws/install/share/rosidl_typesupport_introspection_cpp/cmake/rosidl_typesupport_introspection_cpp-extras.cmake
[0.745s] -- Installing: /workspace/jazzy_ws/install/share/rosidl_typesupport_introspection_cpp/cmake/ament_cmake_export_dependencies-extras.cmake
[0.745s] -- Installing: /workspace/jazzy_ws/install/share/rosidl_typesupport_introspection_cpp/cmake/ament_cmake_export_include_directories-extras.cmake
[0.745s] -- Installing: /workspace/jazzy_ws/install/share/rosidl_typesupport_introspection_cpp/cmake/ament_cmake_export_libraries-extras.cmake
[0.745s] -- Installing: /workspace/jazzy_ws/install/share/rosidl_typesupport_introspection_cpp/cmake/ament_cmake_export_targets-extras.cmake
[0.745s] -- Installing: /workspace/jazzy_ws/install/share/rosidl_typesupport_introspection_cpp/cmake/rosidl_typesupport_introspection_cppConfig.cmake
[0.746s] -- Installing: /workspace/jazzy_ws/install/share/rosidl_typesupport_introspection_cpp/cmake/rosidl_typesupport_introspection_cppConfig-version.cmake
[0.746s] -- Installing: /workspace/jazzy_ws/install/share/rosidl_typesupport_introspection_cpp/package.xml
[0.746s] -- Installing: /workspace/jazzy_ws/install/lib/rosidl_typesupport_introspection_cpp/rosidl_typesupport_introspection_cpp
[0.746s] -- Up-to-date: /workspace/jazzy_ws/install/share/rosidl_typesupport_introspection_cpp/cmake
[0.746s] -- Installing: /workspace/jazzy_ws/install/share/rosidl_typesupport_introspection_cpp/cmake/rosidl_typesupport_introspection_cpp_generate_interfaces.cmake
[0.746s] -- Installing: /workspace/jazzy_ws/install/share/rosidl_typesupport_introspection_cpp/resource
[0.746s] -- Installing: /workspace/jazzy_ws/install/share/rosidl_typesupport_introspection_cpp/resource/srv__type_support.cpp.em
[0.746s] -- Installing: /workspace/jazzy_ws/install/share/rosidl_typesupport_introspection_cpp/resource/srv__rosidl_typesupport_introspection_cpp.hpp.em
[0.746s] -- Installing: /workspace/jazzy_ws/install/share/rosidl_typesupport_introspection_cpp/resource/msg__type_support.cpp.em
[0.746s] -- Installing: /workspace/jazzy_ws/install/share/rosidl_typesupport_introspection_cpp/resource/idl__rosidl_typesupport_introspection_cpp.hpp.em
[0.746s] -- Installing: /workspace/jazzy_ws/install/share/rosidl_typesupport_introspection_cpp/resource/msg__rosidl_typesupport_introspection_cpp.hpp.em
[0.746s] -- Installing: /workspace/jazzy_ws/install/share/rosidl_typesupport_introspection_cpp/resource/idl__type_support.cpp.em
[0.746s] -- Installing: /workspace/jazzy_ws/install/include/rosidl_typesupport_introspection_cpp
[0.746s] -- Installing: /workspace/jazzy_ws/install/include/rosidl_typesupport_introspection_cpp/rosidl_typesupport_introspection_cpp
[0.746s] -- Installing: /workspace/jazzy_ws/install/include/rosidl_typesupport_introspection_cpp/rosidl_typesupport_introspection_cpp/message_type_support_decl.hpp
[0.746s] -- Installing: /workspace/jazzy_ws/install/include/rosidl_typesupport_introspection_cpp/rosidl_typesupport_introspection_cpp/service_type_support_decl.hpp
[0.747s] -- Installing: /workspace/jazzy_ws/install/include/rosidl_typesupport_introspection_cpp/rosidl_typesupport_introspection_cpp/visibility_control.h
[0.747s] -- Installing: /workspace/jazzy_ws/install/include/rosidl_typesupport_introspection_cpp/rosidl_typesupport_introspection_cpp/service_introspection.hpp
[0.747s] -- Installing: /workspace/jazzy_ws/install/include/rosidl_typesupport_introspection_cpp/rosidl_typesupport_introspection_cpp/message_introspection.hpp
[0.747s] -- Installing: /workspace/jazzy_ws/install/include/rosidl_typesupport_introspection_cpp/rosidl_typesupport_introspection_cpp/field_types.hpp
[0.747s] -- Installing: /workspace/jazzy_ws/install/include/rosidl_typesupport_introspection_cpp/rosidl_typesupport_introspection_cpp/identifier.hpp
[0.747s] -- Installing: /workspace/jazzy_ws/install/lib/librosidl_typesupport_introspection_cpp.so
[0.747s] -- Set non-toolchain portion of runtime path of "/workspace/jazzy_ws/install/lib/librosidl_typesupport_introspection_cpp.so" to ""
[0.748s] Invoked command in '/workspace/jazzy_ws/build/rosidl_typesupport_introspection_cpp' returned '0': AMENT_PREFIX_PATH=/workspace/jazzy_ws/install CMAKE_PREFIX_PATH=/workspace/jazzy_ws/install LD_LIBRARY_PATH=/workspace/jazzy_ws/install/lib:/workspace/jazzy_ws/install/opt/mimick_vendor/lib PATH=/workspace/jazzy_ws/install/bin:/workspace/jazzy_ws/install/opt/uncrustify_vendor/bin:${PATH} PKG_CONFIG_PATH=/workspace/jazzy_ws/install/lib/x86_64-linux-gnu/pkgconfig:/workspace/jazzy_ws/install/lib/pkgconfig PYTHONPATH=/workspace/jazzy_ws/install/lib/python3.12/site-packages /usr/bin/cmake --install /workspace/jazzy_ws/build/rosidl_typesupport_introspection_cpp
