[0.006s] Invoking command in '/workspace/jazzy_ws/build/ament_lint_auto': AMENT_PREFIX_PATH=/workspace/jazzy_ws/install CMAKE_PREFIX_PATH=/workspace/jazzy_ws/install LD_LIBRARY_PATH=/workspace/jazzy_ws/install/lib PATH=/workspace/jazzy_ws/install/bin:${PATH} PYTHONPATH=/workspace/jazzy_ws/install/lib/python3.12/site-packages /usr/bin/cmake /workspace/jazzy_ws/src/ament_lint/ament_lint_auto -DCMAKE_INSTALL_PREFIX=/workspace/jazzy_ws/install
[0.013s] -- Found ament_cmake_core: 2.5.5 (/workspace/jazzy_ws/install/share/ament_cmake_core/cmake)
[0.085s] -- Found Python3: /usr/bin/python3 (found version "3.12.3") found components: Interpreter 
[0.406s] -- Configuring done (0.2s)
[0.406s] -- Generating done (0.0s)
[0.406s] -- Build files have been written to: /workspace/jazzy_ws/build/ament_lint_auto
[0.407s] Invoked command in '/workspace/jazzy_ws/build/ament_lint_auto' returned '0': AMENT_PREFIX_PATH=/workspace/jazzy_ws/install CMAKE_PREFIX_PATH=/workspace/jazzy_ws/install LD_LIBRARY_PATH=/workspace/jazzy_ws/install/lib PATH=/workspace/jazzy_ws/install/bin:${PATH} PYTHONPATH=/workspace/jazzy_ws/install/lib/python3.12/site-packages /usr/bin/cmake /workspace/jazzy_ws/src/ament_lint/ament_lint_auto -DCMAKE_INSTALL_PREFIX=/workspace/jazzy_ws/install
[0.407s] Invoking command in '/workspace/jazzy_ws/build/ament_lint_auto': AMENT_PREFIX_PATH=/workspace/jazzy_ws/install CMAKE_PREFIX_PATH=/workspace/jazzy_ws/install LD_LIBRARY_PATH=/workspace/jazzy_ws/install/lib PATH=/workspace/jazzy_ws/install/bin:${PATH} PYTHONPATH=/workspace/jazzy_ws/install/lib/python3.12/site-packages /usr/bin/cmake --build /workspace/jazzy_ws/build/ament_lint_auto -- -j24 -l24
[0.690s] Invoked command in '/workspace/jazzy_ws/build/ament_lint_auto' returned '0': AMENT_PREFIX_PATH=/workspace/jazzy_ws/install CMAKE_PREFIX_PATH=/workspace/jazzy_ws/install LD_LIBRARY_PATH=/workspace/jazzy_ws/install/lib PATH=/workspace/jazzy_ws/install/bin:${PATH} PYTHONPATH=/workspace/jazzy_ws/install/lib/python3.12/site-packages /usr/bin/cmake --build /workspace/jazzy_ws/build/ament_lint_auto -- -j24 -l24
[0.690s] Invoking command in '/workspace/jazzy_ws/build/ament_lint_auto': AMENT_PREFIX_PATH=/workspace/jazzy_ws/install CMAKE_PREFIX_PATH=/workspace/jazzy_ws/install LD_LIBRARY_PATH=/workspace/jazzy_ws/install/lib PATH=/workspace/jazzy_ws/install/bin:${PATH} PYTHONPATH=/workspace/jazzy_ws/install/lib/python3.12/site-packages /usr/bin/cmake --install /workspace/jazzy_ws/build/ament_lint_auto
[0.695s] -- Install configuration: ""
[0.695s] -- Installing: /workspace/jazzy_ws/install/share/ament_index/resource_index/package_run_dependencies/ament_lint_auto
[0.695s] -- Installing: /workspace/jazzy_ws/install/share/ament_index/resource_index/parent_prefix_path/ament_lint_auto
[0.695s] -- Installing: /workspace/jazzy_ws/install/share/ament_lint_auto/environment/ament_prefix_path.sh
[0.695s] -- Installing: /workspace/jazzy_ws/install/share/ament_lint_auto/environment/ament_prefix_path.dsv
[0.695s] -- Installing: /workspace/jazzy_ws/install/share/ament_lint_auto/environment/path.sh
[0.696s] -- Installing: /workspace/jazzy_ws/install/share/ament_lint_auto/environment/path.dsv
[0.696s] -- Installing: /workspace/jazzy_ws/install/share/ament_lint_auto/local_setup.bash
[0.696s] -- Installing: /workspace/jazzy_ws/install/share/ament_lint_auto/local_setup.sh
[0.696s] -- Installing: /workspace/jazzy_ws/install/share/ament_lint_auto/local_setup.zsh
[0.696s] -- Installing: /workspace/jazzy_ws/install/share/ament_lint_auto/local_setup.dsv
[0.696s] -- Installing: /workspace/jazzy_ws/install/share/ament_lint_auto/package.dsv
[0.696s] -- Installing: /workspace/jazzy_ws/install/share/ament_index/resource_index/packages/ament_lint_auto
[0.696s] -- Installing: /workspace/jazzy_ws/install/share/ament_lint_auto/cmake/ament_lint_auto-extras.cmake
[0.696s] -- Installing: /workspace/jazzy_ws/install/share/ament_lint_auto/cmake/ament_lint_autoConfig.cmake
[0.696s] -- Installing: /workspace/jazzy_ws/install/share/ament_lint_auto/cmake/ament_lint_autoConfig-version.cmake
[0.696s] -- Installing: /workspace/jazzy_ws/install/share/ament_lint_auto/package.xml
[0.696s] -- Up-to-date: /workspace/jazzy_ws/install/share/ament_lint_auto/cmake
[0.697s] -- Installing: /workspace/jazzy_ws/install/share/ament_lint_auto/cmake/ament_lint_auto_package_hook.cmake
[0.697s] -- Installing: /workspace/jazzy_ws/install/share/ament_lint_auto/cmake/ament_lint_auto_find_test_dependencies.cmake
[0.724s] Invoked command in '/workspace/jazzy_ws/build/ament_lint_auto' returned '0': AMENT_PREFIX_PATH=/workspace/jazzy_ws/install CMAKE_PREFIX_PATH=/workspace/jazzy_ws/install LD_LIBRARY_PATH=/workspace/jazzy_ws/install/lib PATH=/workspace/jazzy_ws/install/bin:${PATH} PYTHONPATH=/workspace/jazzy_ws/install/lib/python3.12/site-packages /usr/bin/cmake --install /workspace/jazzy_ws/build/ament_lint_auto
