[0.041s] Invoking command in '/workspace/jazzy_ws/build/python_cmake_module': AMENT_PREFIX_PATH=/workspace/jazzy_ws/install CMAKE_PREFIX_PATH=/workspace/jazzy_ws/install LD_LIBRARY_PATH=/workspace/jazzy_ws/install/lib PATH=/workspace/jazzy_ws/install/bin:/workspace/jazzy_ws/install/opt/uncrustify_vendor/bin:${PATH} PKG_CONFIG_PATH=/workspace/jazzy_ws/install/lib/x86_64-linux-gnu/pkgconfig:/workspace/jazzy_ws/install/lib/pkgconfig PYTHONPATH=/workspace/jazzy_ws/install/lib/python3.12/site-packages /usr/bin/cmake /workspace/jazzy_ws/src/python_cmake_module -DCMAKE_INSTALL_PREFIX=/workspace/jazzy_ws/install
[0.049s] -- Found ament_cmake: 2.5.5 (/workspace/jazzy_ws/install/share/ament_cmake/cmake)
[0.126s] -- Found Python3: /usr/bin/python3 (found version "3.12.3") found components: Interpreter 
[0.176s] -- Found ament_lint_auto: 0.17.4 (/workspace/jazzy_ws/install/share/ament_lint_auto/cmake)
[0.234s] -- Added test 'copyright' to check source files copyright and LICENSE
[0.239s] -- Added test 'lint_cmake' to check CMake code style
[0.242s] -- Added test 'xmllint' to check XML markup files
[0.243s] -- Configuring done (0.2s)
[0.244s] -- Generating done (0.0s)
[0.246s] -- Build files have been written to: /workspace/jazzy_ws/build/python_cmake_module
[0.247s] Invoked command in '/workspace/jazzy_ws/build/python_cmake_module' returned '0': AMENT_PREFIX_PATH=/workspace/jazzy_ws/install CMAKE_PREFIX_PATH=/workspace/jazzy_ws/install LD_LIBRARY_PATH=/workspace/jazzy_ws/install/lib PATH=/workspace/jazzy_ws/install/bin:/workspace/jazzy_ws/install/opt/uncrustify_vendor/bin:${PATH} PKG_CONFIG_PATH=/workspace/jazzy_ws/install/lib/x86_64-linux-gnu/pkgconfig:/workspace/jazzy_ws/install/lib/pkgconfig PYTHONPATH=/workspace/jazzy_ws/install/lib/python3.12/site-packages /usr/bin/cmake /workspace/jazzy_ws/src/python_cmake_module -DCMAKE_INSTALL_PREFIX=/workspace/jazzy_ws/install
[0.248s] Invoking command in '/workspace/jazzy_ws/build/python_cmake_module': AMENT_PREFIX_PATH=/workspace/jazzy_ws/install CMAKE_PREFIX_PATH=/workspace/jazzy_ws/install LD_LIBRARY_PATH=/workspace/jazzy_ws/install/lib PATH=/workspace/jazzy_ws/install/bin:/workspace/jazzy_ws/install/opt/uncrustify_vendor/bin:${PATH} PKG_CONFIG_PATH=/workspace/jazzy_ws/install/lib/x86_64-linux-gnu/pkgconfig:/workspace/jazzy_ws/install/lib/pkgconfig PYTHONPATH=/workspace/jazzy_ws/install/lib/python3.12/site-packages /usr/bin/cmake --build /workspace/jazzy_ws/build/python_cmake_module -- -j24 -l24
[0.267s] Invoked command in '/workspace/jazzy_ws/build/python_cmake_module' returned '0': AMENT_PREFIX_PATH=/workspace/jazzy_ws/install CMAKE_PREFIX_PATH=/workspace/jazzy_ws/install LD_LIBRARY_PATH=/workspace/jazzy_ws/install/lib PATH=/workspace/jazzy_ws/install/bin:/workspace/jazzy_ws/install/opt/uncrustify_vendor/bin:${PATH} PKG_CONFIG_PATH=/workspace/jazzy_ws/install/lib/x86_64-linux-gnu/pkgconfig:/workspace/jazzy_ws/install/lib/pkgconfig PYTHONPATH=/workspace/jazzy_ws/install/lib/python3.12/site-packages /usr/bin/cmake --build /workspace/jazzy_ws/build/python_cmake_module -- -j24 -l24
[0.268s] Invoking command in '/workspace/jazzy_ws/build/python_cmake_module': AMENT_PREFIX_PATH=/workspace/jazzy_ws/install CMAKE_PREFIX_PATH=/workspace/jazzy_ws/install LD_LIBRARY_PATH=/workspace/jazzy_ws/install/lib PATH=/workspace/jazzy_ws/install/bin:/workspace/jazzy_ws/install/opt/uncrustify_vendor/bin:${PATH} PKG_CONFIG_PATH=/workspace/jazzy_ws/install/lib/x86_64-linux-gnu/pkgconfig:/workspace/jazzy_ws/install/lib/pkgconfig PYTHONPATH=/workspace/jazzy_ws/install/lib/python3.12/site-packages /usr/bin/cmake --install /workspace/jazzy_ws/build/python_cmake_module
[0.272s] -- Install configuration: ""
[0.272s] -- Installing: /workspace/jazzy_ws/install/share/ament_index/resource_index/package_run_dependencies/python_cmake_module
[0.272s] -- Installing: /workspace/jazzy_ws/install/share/ament_index/resource_index/parent_prefix_path/python_cmake_module
[0.272s] -- Installing: /workspace/jazzy_ws/install/share/python_cmake_module/environment/ament_prefix_path.sh
[0.272s] -- Installing: /workspace/jazzy_ws/install/share/python_cmake_module/environment/ament_prefix_path.dsv
[0.272s] -- Installing: /workspace/jazzy_ws/install/share/python_cmake_module/environment/path.sh
[0.272s] -- Installing: /workspace/jazzy_ws/install/share/python_cmake_module/environment/path.dsv
[0.272s] -- Installing: /workspace/jazzy_ws/install/share/python_cmake_module/local_setup.bash
[0.272s] -- Installing: /workspace/jazzy_ws/install/share/python_cmake_module/local_setup.sh
[0.272s] -- Installing: /workspace/jazzy_ws/install/share/python_cmake_module/local_setup.zsh
[0.273s] -- Installing: /workspace/jazzy_ws/install/share/python_cmake_module/local_setup.dsv
[0.273s] -- Installing: /workspace/jazzy_ws/install/share/python_cmake_module/package.dsv
[0.273s] -- Installing: /workspace/jazzy_ws/install/share/ament_index/resource_index/packages/python_cmake_module
[0.273s] -- Installing: /workspace/jazzy_ws/install/share/python_cmake_module/cmake/python_cmake_module-extras.cmake
[0.273s] -- Installing: /workspace/jazzy_ws/install/share/python_cmake_module/cmake/python_cmake_moduleConfig.cmake
[0.273s] -- Installing: /workspace/jazzy_ws/install/share/python_cmake_module/cmake/python_cmake_moduleConfig-version.cmake
[0.273s] -- Installing: /workspace/jazzy_ws/install/share/python_cmake_module/package.xml
[0.273s] -- Up-to-date: /workspace/jazzy_ws/install/share/python_cmake_module/cmake
[0.273s] -- Installing: /workspace/jazzy_ws/install/share/python_cmake_module/cmake/Modules
[0.273s] -- Installing: /workspace/jazzy_ws/install/share/python_cmake_module/cmake/Modules/FindPythonExtra.cmake
[0.274s] Invoked command in '/workspace/jazzy_ws/build/python_cmake_module' returned '0': AMENT_PREFIX_PATH=/workspace/jazzy_ws/install CMAKE_PREFIX_PATH=/workspace/jazzy_ws/install LD_LIBRARY_PATH=/workspace/jazzy_ws/install/lib PATH=/workspace/jazzy_ws/install/bin:/workspace/jazzy_ws/install/opt/uncrustify_vendor/bin:${PATH} PKG_CONFIG_PATH=/workspace/jazzy_ws/install/lib/x86_64-linux-gnu/pkgconfig:/workspace/jazzy_ws/install/lib/pkgconfig PYTHONPATH=/workspace/jazzy_ws/install/lib/python3.12/site-packages /usr/bin/cmake --install /workspace/jazzy_ws/build/python_cmake_module
