-- The C compiler identification is GNU 13.3.0
-- The CXX compiler identification is GNU 13.3.0
-- Detecting C compiler ABI info
-- Detecting C compiler ABI info - done
-- Check for working C compiler: /usr/bin/cc - skipped
-- Detecting C compile features
-- Detecting C compile features - done
-- Detecting CXX compiler ABI info
-- Detecting CXX compiler ABI info - done
-- Check for working CXX compiler: /usr/bin/c++ - skipped
-- Detecting CXX compile features
-- Detecting CXX compile features - done
-- Found ament_cmake_ros: 0.12.0 (/workspace/jazzy_ws/install/share/ament_cmake_ros/cmake)
-- Found Python3: /usr/bin/python3 (found version "3.12.3") found components: Interpreter 
-- Found rcutils: 6.7.5 (/workspace/jazzy_ws/install/share/rcutils/cmake)
-- Found rmw: 7.3.3 (/workspace/jazzy_ws/install/share/rmw/cmake)
-- Found libyaml_vendor: 1.6.3 (/workspace/jazzy_ws/install/share/libyaml_vendor/cmake)
-- Found yaml: /workspace/jazzy_ws/install/opt/libyaml_vendor/cmake/yamlConfig.cmake (found version "0.2.5") 
-- Found ament_lint_auto: 0.17.4 (/workspace/jazzy_ws/install/share/ament_lint_auto/cmake)
-- Found gtest sources under '/workspace/jazzy_ws/install/src/gtest_vendor': C++ tests using 'Google Test' will be built
-- Found Threads: TRUE  
-- Performance tests are disabled by default, so Google Benchmark tests will be skipped. To enable these tests, set the CMake variable 'AMENT_RUN_PERFORMANCE_TESTS'.
-- Added test 'copyright' to check source files copyright and LICENSE
-- Added test 'cppcheck' to perform static code analysis on C / C++ code
-- Configured cppcheck include dirs: /workspace/jazzy_ws/install/include;$<BUILD_INTERFACE:/workspace/jazzy_ws/src/rcl/rcl_yaml_param_parser/include>
-- Configured cppcheck exclude dirs and/or files: 
-- Added test 'cpplint' to check C / C++ code against the Google style
-- Configured cpplint exclude dirs and/or files: 
-- Added test 'lint_cmake' to check CMake code style
-- Added test 'uncrustify' to check C / C++ code style
-- Configured uncrustify additional arguments: 
-- Added test 'xmllint' to check XML markup files
-- Configuring done (0.5s)
-- Generating done (0.0s)
-- Build files have been written to: /workspace/jazzy_ws/build/rcl_yaml_param_parser
[  9%] Generating rcl_yaml_param_parser/version.h
[  9%] Building CXX object gtest/CMakeFiles/gtest.dir/src/gtest-all.cc.o
[  9%] Building CXX object gtest/CMakeFiles/gtest_main.dir/src/gtest_main.cc.o
[  9%] Built target ament_generate_version_header__rcl_yaml_param_parser
[ 12%] Building C object CMakeFiles/rcl_yaml_param_parser.dir/src/add_to_arrays.c.o
[ 15%] Building C object CMakeFiles/rcl_yaml_param_parser.dir/src/namespace.c.o
[ 18%] Building C object CMakeFiles/rcl_yaml_param_parser.dir/src/parse.c.o
[ 21%] Building C object CMakeFiles/rcl_yaml_param_parser.dir/src/parser.c.o
[ 25%] Building C object CMakeFiles/rcl_yaml_param_parser.dir/src/node_params.c.o
[ 28%] Building C object CMakeFiles/rcl_yaml_param_parser.dir/src/yaml_variant.c.o
[ 31%] Linking C shared library librcl_yaml_param_parser.so
[ 31%] Built target rcl_yaml_param_parser
[ 37%] Building CXX object CMakeFiles/benchmark_variant.dir/test/benchmark/benchmark_variant.cpp.o
[ 37%] Building CXX object CMakeFiles/benchmark_parse_yaml.dir/test/benchmark/benchmark_parse_yaml.cpp.o
[ 40%] Linking CXX static library libgtest_main.a
[ 40%] Built target gtest_main
[ 43%] Linking CXX executable benchmark_variant
[ 46%] Linking CXX executable benchmark_parse_yaml
[ 46%] Built target benchmark_variant
[ 46%] Built target benchmark_parse_yaml
[ 50%] Linking CXX static library libgtest.a
[ 50%] Built target gtest
[ 53%] Building CXX object CMakeFiles/test_namespace.dir/test/test_namespace.cpp.o
[ 65%] Building CXX object CMakeFiles/test_node_params.dir/test/test_node_params.cpp.o
[ 65%] Building CXX object CMakeFiles/test_parse.dir/test/test_parse.cpp.o
[ 65%] Building CXX object CMakeFiles/test_parser_multiple_nodes.dir/test/test_parser_multiple_nodes.cpp.o
[ 65%] Building CXX object CMakeFiles/test_parse_yaml.dir/test/test_parse_yaml.cpp.o
[ 71%] Building CXX object CMakeFiles/test_parser.dir/test/test_parser.cpp.o
[ 71%] Building CXX object CMakeFiles/test_parser_multiple_params.dir/test/test_parser_multiple_params.cpp.o
[ 75%] Building CXX object CMakeFiles/test_yaml_variant.dir/test/test_yaml_variant.cpp.o
[ 78%] Linking CXX executable test_namespace
[ 81%] Linking CXX executable test_node_params
[ 84%] Linking CXX executable test_parser_multiple_nodes
[ 87%] Linking CXX executable test_parser_multiple_params
[ 87%] Built target test_namespace
[ 87%] Built target test_node_params
[ 87%] Built target test_parser_multiple_nodes
[ 87%] Built target test_parser_multiple_params
[ 90%] Linking CXX executable test_yaml_variant
[ 90%] Built target test_yaml_variant
[ 93%] Linking CXX executable test_parse
[ 96%] Linking CXX executable test_parser
[ 96%] Built target test_parse
[100%] Linking CXX executable test_parse_yaml
[100%] Built target test_parser
[100%] Built target test_parse_yaml
-- Install configuration: ""
-- Installing: /workspace/jazzy_ws/install/lib/librcl_yaml_param_parser.so
-- Set non-toolchain portion of runtime path of "/workspace/jazzy_ws/install/lib/librcl_yaml_param_parser.so" to ""
-- Installing: /workspace/jazzy_ws/install/share/rcl_yaml_param_parser/environment/library_path.sh
-- Installing: /workspace/jazzy_ws/install/share/rcl_yaml_param_parser/environment/library_path.dsv
-- Installing: /workspace/jazzy_ws/install/include/rcl_yaml_param_parser/rcl_yaml_param_parser/version.h
-- Up-to-date: /workspace/jazzy_ws/install/include/rcl_yaml_param_parser
-- Up-to-date: /workspace/jazzy_ws/install/include/rcl_yaml_param_parser/rcl_yaml_param_parser
-- Installing: /workspace/jazzy_ws/install/include/rcl_yaml_param_parser/rcl_yaml_param_parser/types.h
-- Installing: /workspace/jazzy_ws/install/include/rcl_yaml_param_parser/rcl_yaml_param_parser/visibility_control.h
-- Installing: /workspace/jazzy_ws/install/include/rcl_yaml_param_parser/rcl_yaml_param_parser/parser.h
-- Installing: /workspace/jazzy_ws/install/share/ament_index/resource_index/package_run_dependencies/rcl_yaml_param_parser
-- Installing: /workspace/jazzy_ws/install/share/ament_index/resource_index/parent_prefix_path/rcl_yaml_param_parser
-- Installing: /workspace/jazzy_ws/install/share/rcl_yaml_param_parser/environment/ament_prefix_path.sh
-- Installing: /workspace/jazzy_ws/install/share/rcl_yaml_param_parser/environment/ament_prefix_path.dsv
-- Installing: /workspace/jazzy_ws/install/share/rcl_yaml_param_parser/environment/path.sh
-- Installing: /workspace/jazzy_ws/install/share/rcl_yaml_param_parser/environment/path.dsv
-- Installing: /workspace/jazzy_ws/install/share/rcl_yaml_param_parser/local_setup.bash
-- Installing: /workspace/jazzy_ws/install/share/rcl_yaml_param_parser/local_setup.sh
-- Installing: /workspace/jazzy_ws/install/share/rcl_yaml_param_parser/local_setup.zsh
-- Installing: /workspace/jazzy_ws/install/share/rcl_yaml_param_parser/local_setup.dsv
-- Installing: /workspace/jazzy_ws/install/share/rcl_yaml_param_parser/package.dsv
-- Installing: /workspace/jazzy_ws/install/share/ament_index/resource_index/packages/rcl_yaml_param_parser
-- Installing: /workspace/jazzy_ws/install/share/rcl_yaml_param_parser/cmake/rcl_yaml_param_parserExport.cmake
-- Installing: /workspace/jazzy_ws/install/share/rcl_yaml_param_parser/cmake/rcl_yaml_param_parserExport-noconfig.cmake
-- Installing: /workspace/jazzy_ws/install/share/rcl_yaml_param_parser/cmake/ament_cmake_export_include_directories-extras.cmake
-- Installing: /workspace/jazzy_ws/install/share/rcl_yaml_param_parser/cmake/ament_cmake_export_libraries-extras.cmake
-- Installing: /workspace/jazzy_ws/install/share/rcl_yaml_param_parser/cmake/ament_cmake_export_targets-extras.cmake
-- Installing: /workspace/jazzy_ws/install/share/rcl_yaml_param_parser/cmake/ament_cmake_export_dependencies-extras.cmake
-- Installing: /workspace/jazzy_ws/install/share/rcl_yaml_param_parser/cmake/rcl_yaml_param_parserConfig.cmake
-- Installing: /workspace/jazzy_ws/install/share/rcl_yaml_param_parser/cmake/rcl_yaml_param_parserConfig-version.cmake
-- Installing: /workspace/jazzy_ws/install/share/rcl_yaml_param_parser/package.xml
