[0.063s] Invoking command in '/workspace/jazzy_ws/build/rcl_yaml_param_parser': AMENT_PREFIX_PATH=/workspace/jazzy_ws/install CMAKE_PREFIX_PATH=/workspace/jazzy_ws/install LD_LIBRARY_PATH=/workspace/jazzy_ws/install/lib:/workspace/jazzy_ws/install/opt/libyaml_vendor/lib:/workspace/jazzy_ws/install/opt/mimick_vendor/lib PATH=/workspace/jazzy_ws/install/bin:/workspace/jazzy_ws/install/opt/uncrustify_vendor/bin:${PATH} PKG_CONFIG_PATH=/workspace/jazzy_ws/install/lib/x86_64-linux-gnu/pkgconfig:/workspace/jazzy_ws/install/lib/pkgconfig PYTHONPATH=/workspace/jazzy_ws/install/lib/python3.12/site-packages /usr/bin/cmake /workspace/jazzy_ws/src/rcl/rcl_yaml_param_parser -DCMAKE_INSTALL_PREFIX=/workspace/jazzy_ws/install
[0.096s] -- The C compiler identification is GNU 13.3.0
[0.129s] -- The CXX compiler identification is GNU 13.3.0
[0.140s] -- Detecting C compiler ABI info
[0.191s] -- Detecting C compiler ABI info - done
[0.197s] -- Check for working C compiler: /usr/bin/cc - skipped
[0.197s] -- Detecting C compile features
[0.197s] -- Detecting C compile features - done
[0.203s] -- Detecting CXX compiler ABI info
[0.255s] -- Detecting CXX compiler ABI info - done
[0.261s] -- Check for working CXX compiler: /usr/bin/c++ - skipped
[0.261s] -- Detecting CXX compile features
[0.262s] -- Detecting CXX compile features - done
[0.262s] -- Found ament_cmake_ros: 0.12.0 (/workspace/jazzy_ws/install/share/ament_cmake_ros/cmake)
[0.333s] -- Found Python3: /usr/bin/python3 (found version "3.12.3") found components: Interpreter 
[0.383s] -- Found rcutils: 6.7.5 (/workspace/jazzy_ws/install/share/rcutils/cmake)
[0.387s] -- Found rmw: 7.3.3 (/workspace/jazzy_ws/install/share/rmw/cmake)
[0.392s] -- Found libyaml_vendor: 1.6.3 (/workspace/jazzy_ws/install/share/libyaml_vendor/cmake)
[0.395s] -- Found yaml: /workspace/jazzy_ws/install/opt/libyaml_vendor/cmake/yamlConfig.cmake (found version "0.2.5") 
[0.395s] -- Found ament_lint_auto: 0.17.4 (/workspace/jazzy_ws/install/share/ament_lint_auto/cmake)
[0.507s] -- Found gtest sources under '/workspace/jazzy_ws/install/src/gtest_vendor': C++ tests using 'Google Test' will be built
[0.509s] -- Found Threads: TRUE  
[0.518s] -- Performance tests are disabled by default, so Google Benchmark tests will be skipped. To enable these tests, set the CMake variable 'AMENT_RUN_PERFORMANCE_TESTS'.
[0.522s] -- Added test 'copyright' to check source files copyright and LICENSE
[0.526s] -- Added test 'cppcheck' to perform static code analysis on C / C++ code
[0.526s] -- Configured cppcheck include dirs: /workspace/jazzy_ws/install/include;$<BUILD_INTERFACE:/workspace/jazzy_ws/src/rcl/rcl_yaml_param_parser/include>
[0.526s] -- Configured cppcheck exclude dirs and/or files: 
[0.530s] -- Added test 'cpplint' to check C / C++ code against the Google style
[0.530s] -- Configured cpplint exclude dirs and/or files: 
[0.531s] -- Added test 'lint_cmake' to check CMake code style
[0.535s] -- Added test 'uncrustify' to check C / C++ code style
[0.535s] -- Configured uncrustify additional arguments: 
[0.536s] -- Added test 'xmllint' to check XML markup files
[0.538s] -- Configuring done (0.5s)
[0.552s] -- Generating done (0.0s)
[0.557s] -- Build files have been written to: /workspace/jazzy_ws/build/rcl_yaml_param_parser
[0.561s] Invoked command in '/workspace/jazzy_ws/build/rcl_yaml_param_parser' returned '0': AMENT_PREFIX_PATH=/workspace/jazzy_ws/install CMAKE_PREFIX_PATH=/workspace/jazzy_ws/install LD_LIBRARY_PATH=/workspace/jazzy_ws/install/lib:/workspace/jazzy_ws/install/opt/libyaml_vendor/lib:/workspace/jazzy_ws/install/opt/mimick_vendor/lib PATH=/workspace/jazzy_ws/install/bin:/workspace/jazzy_ws/install/opt/uncrustify_vendor/bin:${PATH} PKG_CONFIG_PATH=/workspace/jazzy_ws/install/lib/x86_64-linux-gnu/pkgconfig:/workspace/jazzy_ws/install/lib/pkgconfig PYTHONPATH=/workspace/jazzy_ws/install/lib/python3.12/site-packages /usr/bin/cmake /workspace/jazzy_ws/src/rcl/rcl_yaml_param_parser -DCMAKE_INSTALL_PREFIX=/workspace/jazzy_ws/install
[0.561s] Invoking command in '/workspace/jazzy_ws/build/rcl_yaml_param_parser': AMENT_PREFIX_PATH=/workspace/jazzy_ws/install CMAKE_PREFIX_PATH=/workspace/jazzy_ws/install LD_LIBRARY_PATH=/workspace/jazzy_ws/install/lib:/workspace/jazzy_ws/install/opt/libyaml_vendor/lib:/workspace/jazzy_ws/install/opt/mimick_vendor/lib PATH=/workspace/jazzy_ws/install/bin:/workspace/jazzy_ws/install/opt/uncrustify_vendor/bin:${PATH} PKG_CONFIG_PATH=/workspace/jazzy_ws/install/lib/x86_64-linux-gnu/pkgconfig:/workspace/jazzy_ws/install/lib/pkgconfig PYTHONPATH=/workspace/jazzy_ws/install/lib/python3.12/site-packages /usr/bin/cmake --build /workspace/jazzy_ws/build/rcl_yaml_param_parser -- -j24 -l24
[0.586s] [  9%] Generating rcl_yaml_param_parser/version.h
[0.586s] [  9%] Building CXX object gtest/CMakeFiles/gtest.dir/src/gtest-all.cc.o
[0.586s] [  9%] Building CXX object gtest/CMakeFiles/gtest_main.dir/src/gtest_main.cc.o
[0.595s] [  9%] Built target ament_generate_version_header__rcl_yaml_param_parser
[0.605s] [ 12%] Building C object CMakeFiles/rcl_yaml_param_parser.dir/src/add_to_arrays.c.o
[0.605s] [ 15%] Building C object CMakeFiles/rcl_yaml_param_parser.dir/src/namespace.c.o
[0.605s] [ 18%] Building C object CMakeFiles/rcl_yaml_param_parser.dir/src/parse.c.o
[0.605s] [ 21%] Building C object CMakeFiles/rcl_yaml_param_parser.dir/src/parser.c.o
[0.605s] [ 25%] Building C object CMakeFiles/rcl_yaml_param_parser.dir/src/node_params.c.o
[0.608s] [ 28%] Building C object CMakeFiles/rcl_yaml_param_parser.dir/src/yaml_variant.c.o
[0.657s] [ 31%] Linking C shared library librcl_yaml_param_parser.so
[0.679s] [ 31%] Built target rcl_yaml_param_parser
[0.691s] [ 37%] Building CXX object CMakeFiles/benchmark_variant.dir/test/benchmark/benchmark_variant.cpp.o
[0.691s] [ 37%] Building CXX object CMakeFiles/benchmark_parse_yaml.dir/test/benchmark/benchmark_parse_yaml.cpp.o
[1.020s] [ 40%] Linking CXX static library libgtest_main.a
[1.040s] [ 40%] Built target gtest_main
[1.114s] [ 43%] Linking CXX executable benchmark_variant
[1.133s] [ 46%] Linking CXX executable benchmark_parse_yaml
[1.165s] [ 46%] Built target benchmark_variant
[1.183s] [ 46%] Built target benchmark_parse_yaml
[2.451s] [ 50%] Linking CXX static library libgtest.a
[2.482s] [ 50%] Built target gtest
[2.493s] [ 53%] Building CXX object CMakeFiles/test_namespace.dir/test/test_namespace.cpp.o
[2.494s] [ 65%] Building CXX object CMakeFiles/test_node_params.dir/test/test_node_params.cpp.o
[2.494s] [ 65%] Building CXX object CMakeFiles/test_parse.dir/test/test_parse.cpp.o
[2.494s] [ 65%] Building CXX object CMakeFiles/test_parser_multiple_nodes.dir/test/test_parser_multiple_nodes.cpp.o
[2.494s] [ 65%] Building CXX object CMakeFiles/test_parse_yaml.dir/test/test_parse_yaml.cpp.o
[2.494s] [ 71%] Building CXX object CMakeFiles/test_parser.dir/test/test_parser.cpp.o
[2.494s] [ 71%] Building CXX object CMakeFiles/test_parser_multiple_params.dir/test/test_parser_multiple_params.cpp.o
[2.494s] [ 75%] Building CXX object CMakeFiles/test_yaml_variant.dir/test/test_yaml_variant.cpp.o
[2.993s] [ 78%] Linking CXX executable test_namespace
[3.001s] [ 81%] Linking CXX executable test_node_params
[3.010s] [ 84%] Linking CXX executable test_parser_multiple_nodes
[3.016s] [ 87%] Linking CXX executable test_parser_multiple_params
[3.079s] [ 87%] Built target test_namespace
[3.082s] [ 87%] Built target test_node_params
[3.095s] [ 87%] Built target test_parser_multiple_nodes
[3.101s] [ 87%] Built target test_parser_multiple_params
[3.104s] [ 90%] Linking CXX executable test_yaml_variant
[3.181s] [ 90%] Built target test_yaml_variant
[3.228s] [ 93%] Linking CXX executable test_parse
[3.293s] [ 96%] Linking CXX executable test_parser
[3.298s] [ 96%] Built target test_parse
[3.317s] [100%] Linking CXX executable test_parse_yaml
[3.362s] [100%] Built target test_parser
[3.389s] [100%] Built target test_parse_yaml
[3.395s] Invoked command in '/workspace/jazzy_ws/build/rcl_yaml_param_parser' returned '0': AMENT_PREFIX_PATH=/workspace/jazzy_ws/install CMAKE_PREFIX_PATH=/workspace/jazzy_ws/install LD_LIBRARY_PATH=/workspace/jazzy_ws/install/lib:/workspace/jazzy_ws/install/opt/libyaml_vendor/lib:/workspace/jazzy_ws/install/opt/mimick_vendor/lib PATH=/workspace/jazzy_ws/install/bin:/workspace/jazzy_ws/install/opt/uncrustify_vendor/bin:${PATH} PKG_CONFIG_PATH=/workspace/jazzy_ws/install/lib/x86_64-linux-gnu/pkgconfig:/workspace/jazzy_ws/install/lib/pkgconfig PYTHONPATH=/workspace/jazzy_ws/install/lib/python3.12/site-packages /usr/bin/cmake --build /workspace/jazzy_ws/build/rcl_yaml_param_parser -- -j24 -l24
[3.395s] Invoking command in '/workspace/jazzy_ws/build/rcl_yaml_param_parser': AMENT_PREFIX_PATH=/workspace/jazzy_ws/install CMAKE_PREFIX_PATH=/workspace/jazzy_ws/install LD_LIBRARY_PATH=/workspace/jazzy_ws/install/lib:/workspace/jazzy_ws/install/opt/libyaml_vendor/lib:/workspace/jazzy_ws/install/opt/mimick_vendor/lib PATH=/workspace/jazzy_ws/install/bin:/workspace/jazzy_ws/install/opt/uncrustify_vendor/bin:${PATH} PKG_CONFIG_PATH=/workspace/jazzy_ws/install/lib/x86_64-linux-gnu/pkgconfig:/workspace/jazzy_ws/install/lib/pkgconfig PYTHONPATH=/workspace/jazzy_ws/install/lib/python3.12/site-packages /usr/bin/cmake --install /workspace/jazzy_ws/build/rcl_yaml_param_parser
[3.400s] -- Install configuration: ""
[3.400s] -- Installing: /workspace/jazzy_ws/install/lib/librcl_yaml_param_parser.so
[3.400s] -- Set non-toolchain portion of runtime path of "/workspace/jazzy_ws/install/lib/librcl_yaml_param_parser.so" to ""
[3.400s] -- Installing: /workspace/jazzy_ws/install/share/rcl_yaml_param_parser/environment/library_path.sh
[3.401s] -- Installing: /workspace/jazzy_ws/install/share/rcl_yaml_param_parser/environment/library_path.dsv
[3.401s] -- Installing: /workspace/jazzy_ws/install/include/rcl_yaml_param_parser/rcl_yaml_param_parser/version.h
[3.401s] -- Up-to-date: /workspace/jazzy_ws/install/include/rcl_yaml_param_parser
[3.401s] -- Up-to-date: /workspace/jazzy_ws/install/include/rcl_yaml_param_parser/rcl_yaml_param_parser
[3.401s] -- Installing: /workspace/jazzy_ws/install/include/rcl_yaml_param_parser/rcl_yaml_param_parser/types.h
[3.401s] -- Installing: /workspace/jazzy_ws/install/include/rcl_yaml_param_parser/rcl_yaml_param_parser/visibility_control.h
[3.401s] -- Installing: /workspace/jazzy_ws/install/include/rcl_yaml_param_parser/rcl_yaml_param_parser/parser.h
[3.401s] -- Installing: /workspace/jazzy_ws/install/share/ament_index/resource_index/package_run_dependencies/rcl_yaml_param_parser
[3.401s] -- Installing: /workspace/jazzy_ws/install/share/ament_index/resource_index/parent_prefix_path/rcl_yaml_param_parser
[3.401s] -- Installing: /workspace/jazzy_ws/install/share/rcl_yaml_param_parser/environment/ament_prefix_path.sh
[3.401s] -- Installing: /workspace/jazzy_ws/install/share/rcl_yaml_param_parser/environment/ament_prefix_path.dsv
[3.401s] -- Installing: /workspace/jazzy_ws/install/share/rcl_yaml_param_parser/environment/path.sh
[3.401s] -- Installing: /workspace/jazzy_ws/install/share/rcl_yaml_param_parser/environment/path.dsv
[3.401s] -- Installing: /workspace/jazzy_ws/install/share/rcl_yaml_param_parser/local_setup.bash
[3.402s] -- Installing: /workspace/jazzy_ws/install/share/rcl_yaml_param_parser/local_setup.sh
[3.402s] -- Installing: /workspace/jazzy_ws/install/share/rcl_yaml_param_parser/local_setup.zsh
[3.402s] -- Installing: /workspace/jazzy_ws/install/share/rcl_yaml_param_parser/local_setup.dsv
[3.402s] -- Installing: /workspace/jazzy_ws/install/share/rcl_yaml_param_parser/package.dsv
[3.402s] -- Installing: /workspace/jazzy_ws/install/share/ament_index/resource_index/packages/rcl_yaml_param_parser
[3.402s] -- Installing: /workspace/jazzy_ws/install/share/rcl_yaml_param_parser/cmake/rcl_yaml_param_parserExport.cmake
[3.402s] -- Installing: /workspace/jazzy_ws/install/share/rcl_yaml_param_parser/cmake/rcl_yaml_param_parserExport-noconfig.cmake
[3.402s] -- Installing: /workspace/jazzy_ws/install/share/rcl_yaml_param_parser/cmake/ament_cmake_export_include_directories-extras.cmake
[3.402s] -- Installing: /workspace/jazzy_ws/install/share/rcl_yaml_param_parser/cmake/ament_cmake_export_libraries-extras.cmake
[3.402s] -- Installing: /workspace/jazzy_ws/install/share/rcl_yaml_param_parser/cmake/ament_cmake_export_targets-extras.cmake
[3.402s] -- Installing: /workspace/jazzy_ws/install/share/rcl_yaml_param_parser/cmake/ament_cmake_export_dependencies-extras.cmake
[3.402s] -- Installing: /workspace/jazzy_ws/install/share/rcl_yaml_param_parser/cmake/rcl_yaml_param_parserConfig.cmake
[3.402s] -- Installing: /workspace/jazzy_ws/install/share/rcl_yaml_param_parser/cmake/rcl_yaml_param_parserConfig-version.cmake
[3.403s] -- Installing: /workspace/jazzy_ws/install/share/rcl_yaml_param_parser/package.xml
[3.404s] Invoked command in '/workspace/jazzy_ws/build/rcl_yaml_param_parser' returned '0': AMENT_PREFIX_PATH=/workspace/jazzy_ws/install CMAKE_PREFIX_PATH=/workspace/jazzy_ws/install LD_LIBRARY_PATH=/workspace/jazzy_ws/install/lib:/workspace/jazzy_ws/install/opt/libyaml_vendor/lib:/workspace/jazzy_ws/install/opt/mimick_vendor/lib PATH=/workspace/jazzy_ws/install/bin:/workspace/jazzy_ws/install/opt/uncrustify_vendor/bin:${PATH} PKG_CONFIG_PATH=/workspace/jazzy_ws/install/lib/x86_64-linux-gnu/pkgconfig:/workspace/jazzy_ws/install/lib/pkgconfig PYTHONPATH=/workspace/jazzy_ws/install/lib/python3.12/site-packages /usr/bin/cmake --install /workspace/jazzy_ws/build/rcl_yaml_param_parser
