-- The C compiler identification is GNU 13.3.0
-- The CXX compiler identification is GNU 13.3.0
-- Detecting C compiler ABI info
-- Detecting C compiler ABI info - done
-- Check for working C compiler: /usr/bin/cc - skipped
-- Detecting C compile features
-- Detecting C compile features - done
-- Detecting CXX compiler ABI info
-- Detecting CXX compiler ABI info - done
-- Check for working CXX compiler: /usr/bin/c++ - skipped
-- Detecting CXX compile features
-- Detecting CXX compile features - done
-- Found ament_cmake_ros: 0.12.0 (/workspace/jazzy_ws/install/share/ament_cmake_ros/cmake)
-- Found Python3: /usr/bin/python3 (found version "3.12.3") found components: Interpreter 
-- Found rcpputils: 2.11.3 (/workspace/jazzy_ws/install/share/rcpputils/cmake)
-- Found rmw_dds_common: 3.1.1 (/workspace/jazzy_ws/install/share/rmw_dds_common/cmake)
-- Found rosidl_generator_c: 4.6.7 (/workspace/jazzy_ws/install/share/rosidl_generator_c/cmake)
-- Found rosidl_generator_cpp: 4.6.7 (/workspace/jazzy_ws/install/share/rosidl_generator_cpp/cmake)
-- Using all available rosidl_typesupport_c: rosidl_typesupport_fastrtps_c;rosidl_typesupport_introspection_c
-- Using all available rosidl_typesupport_cpp: rosidl_typesupport_fastrtps_cpp;rosidl_typesupport_introspection_cpp
-- Found rmw_fastrtps_shared_cpp: 8.4.3 (/workspace/jazzy_ws/install/share/rmw_fastrtps_shared_cpp/cmake)
-- Found OpenSSL: /usr/lib/x86_64-linux-gnu/libcrypto.so (found version "3.0.13")  
-- Found FastRTPS: /workspace/jazzy_ws/install/include (Required is at least version "2.13") 
-- Found tracetools: 8.2.5 (/workspace/jazzy_ws/install/share/tracetools/cmake)
-- Found rosidl_dynamic_typesupport_fastrtps: 0.1.0 (/workspace/jazzy_ws/install/share/rosidl_dynamic_typesupport_fastrtps/cmake)
-- Found ament_lint_auto: 0.17.4 (/workspace/jazzy_ws/install/share/ament_lint_auto/cmake)
-- Found gtest sources under '/workspace/jazzy_ws/install/src/gtest_vendor': C++ tests using 'Google Test' will be built
-- Performing Test CMAKE_HAVE_LIBC_PTHREAD
-- Performing Test CMAKE_HAVE_LIBC_PTHREAD - Success
-- Found Threads: TRUE  
-- Added test 'copyright' to check source files copyright and LICENSE
-- Added test 'cppcheck' to perform static code analysis on C / C++ code
-- Configured cppcheck include dirs: /workspace/jazzy_ws/src/rmw_fastrtps/rmw_fastrtps_cpp/include
-- Configured cppcheck exclude dirs and/or files: 
-- Added test 'cpplint' to check C / C++ code against the Google style
-- Configured cpplint exclude dirs and/or files: 
-- Added test 'lint_cmake' to check CMake code style
-- Added test 'uncrustify' to check C / C++ code style
-- Configured uncrustify additional arguments: 
-- Added test 'xmllint' to check XML markup files
-- Configuring done (0.9s)
-- Generating done (0.0s)
-- Build files have been written to: /workspace/jazzy_ws/build/rmw_fastrtps_cpp
[  1%] Building CXX object gtest/CMakeFiles/gtest.dir/src/gtest-all.cc.o
[  3%] Building CXX object gtest/CMakeFiles/gtest_main.dir/src/gtest_main.cc.o
[  5%] Building CXX object CMakeFiles/rmw_fastrtps_cpp.dir/src/get_client.cpp.o
[  7%] Building CXX object CMakeFiles/rmw_fastrtps_cpp.dir/src/get_publisher.cpp.o
[  9%] Building CXX object CMakeFiles/rmw_fastrtps_cpp.dir/src/get_participant.cpp.o
[ 11%] Building CXX object CMakeFiles/rmw_fastrtps_cpp.dir/src/get_service.cpp.o
[ 13%] Building CXX object CMakeFiles/rmw_fastrtps_cpp.dir/src/get_subscriber.cpp.o
[ 15%] Building CXX object CMakeFiles/rmw_fastrtps_cpp.dir/src/identifier.cpp.o
[ 16%] Building CXX object CMakeFiles/rmw_fastrtps_cpp.dir/src/publisher.cpp.o
[ 18%] Building CXX object CMakeFiles/rmw_fastrtps_cpp.dir/src/rmw_logging.cpp.o
[ 20%] Building CXX object CMakeFiles/rmw_fastrtps_cpp.dir/src/init_rmw_context_impl.cpp.o
[ 22%] Building CXX object CMakeFiles/rmw_fastrtps_cpp.dir/src/rmw_dynamic_message_type_support.cpp.o
[ 24%] Building CXX object CMakeFiles/rmw_fastrtps_cpp.dir/src/rmw_event.cpp.o
[ 26%] Building CXX object CMakeFiles/rmw_fastrtps_cpp.dir/src/rmw_client.cpp.o
[ 28%] Building CXX object CMakeFiles/rmw_fastrtps_cpp.dir/src/rmw_compare_gids_equal.cpp.o
[ 30%] Building CXX object CMakeFiles/rmw_fastrtps_cpp.dir/src/rmw_count.cpp.o
[ 32%] Building CXX object CMakeFiles/rmw_fastrtps_cpp.dir/src/rmw_features.cpp.o
[ 33%] Building CXX object CMakeFiles/rmw_fastrtps_cpp.dir/src/rmw_get_gid_for_client.cpp.o
[ 35%] Building CXX object CMakeFiles/rmw_fastrtps_cpp.dir/src/rmw_init.cpp.o
[ 37%] Building CXX object CMakeFiles/rmw_fastrtps_cpp.dir/src/rmw_node.cpp.o
[ 39%] Building CXX object CMakeFiles/rmw_fastrtps_cpp.dir/src/rmw_node_info_and_types.cpp.o
[ 41%] Building CXX object CMakeFiles/rmw_fastrtps_cpp.dir/src/rmw_guard_condition.cpp.o
[ 43%] Building CXX object CMakeFiles/rmw_fastrtps_cpp.dir/src/rmw_publish.cpp.o
[ 45%] Building CXX object CMakeFiles/rmw_fastrtps_cpp.dir/src/rmw_publisher.cpp.o
[ 47%] Building CXX object CMakeFiles/rmw_fastrtps_cpp.dir/src/rmw_qos.cpp.o
[ 49%] Building CXX object CMakeFiles/rmw_fastrtps_cpp.dir/src/rmw_request.cpp.o
[ 50%] Building CXX object CMakeFiles/rmw_fastrtps_cpp.dir/src/rmw_response.cpp.o
[ 52%] Building CXX object CMakeFiles/rmw_fastrtps_cpp.dir/src/rmw_serialize.cpp.o
[ 54%] Building CXX object CMakeFiles/rmw_fastrtps_cpp.dir/src/rmw_service.cpp.o
[ 56%] Building CXX object CMakeFiles/rmw_fastrtps_cpp.dir/src/rmw_get_topic_endpoint_info.cpp.o
[ 58%] Building CXX object CMakeFiles/rmw_fastrtps_cpp.dir/src/rmw_service_names_and_types.cpp.o
[ 60%] Building CXX object CMakeFiles/rmw_fastrtps_cpp.dir/src/rmw_get_implementation_identifier.cpp.o
[ 62%] Building CXX object CMakeFiles/rmw_fastrtps_cpp.dir/src/rmw_get_gid_for_publisher.cpp.o
[ 64%] Building CXX object CMakeFiles/rmw_fastrtps_cpp.dir/src/rmw_node_names.cpp.o
[ 66%] Building CXX object CMakeFiles/rmw_fastrtps_cpp.dir/src/rmw_get_serialization_format.cpp.o
[ 67%] Building CXX object CMakeFiles/rmw_fastrtps_cpp.dir/src/rmw_service_server_is_available.cpp.o
[ 69%] Building CXX object CMakeFiles/rmw_fastrtps_cpp.dir/src/rmw_take.cpp.o
[ 71%] Building CXX object CMakeFiles/rmw_fastrtps_cpp.dir/src/rmw_subscription.cpp.o
[ 73%] Building CXX object CMakeFiles/rmw_fastrtps_cpp.dir/src/rmw_topic_names_and_types.cpp.o
[ 75%] Building CXX object CMakeFiles/rmw_fastrtps_cpp.dir/src/rmw_trigger_guard_condition.cpp.o
[ 77%] Building CXX object CMakeFiles/rmw_fastrtps_cpp.dir/src/rmw_wait.cpp.o
[ 79%] Building CXX object CMakeFiles/rmw_fastrtps_cpp.dir/src/rmw_wait_set.cpp.o
[ 81%] Building CXX object CMakeFiles/rmw_fastrtps_cpp.dir/src/serialization_format.cpp.o
[ 83%] Building CXX object CMakeFiles/rmw_fastrtps_cpp.dir/src/subscription.cpp.o
[ 84%] Building CXX object CMakeFiles/rmw_fastrtps_cpp.dir/src/type_support_common.cpp.o
[ 86%] Building CXX object CMakeFiles/rmw_fastrtps_cpp.dir/src/rmw_get_endpoint_network_flow.cpp.o
[ 88%] Linking CXX static library libgtest_main.a
[ 88%] Built target gtest_main
[ 90%] Linking CXX shared library librmw_fastrtps_cpp.so
[ 90%] Built target rmw_fastrtps_cpp
[ 92%] Linking CXX static library libgtest.a
[ 92%] Built target gtest
[ 96%] Building CXX object CMakeFiles/test_get_native_entities.dir/test/test_get_native_entities.cpp.o
[ 96%] Building CXX object CMakeFiles/test_logging.dir/test/test_logging.cpp.o
[ 98%] Linking CXX executable test_logging
[ 98%] Built target test_logging
[100%] Linking CXX executable test_get_native_entities
[100%] Built target test_get_native_entities
-- Install configuration: ""
-- Installing: /workspace/jazzy_ws/install/share/rmw_fastrtps_cpp/environment/library_path.sh
-- Installing: /workspace/jazzy_ws/install/share/rmw_fastrtps_cpp/environment/library_path.dsv
-- Installing: /workspace/jazzy_ws/install/share/ament_index/resource_index/rmw_typesupport_c/rmw_fastrtps_cpp
-- Installing: /workspace/jazzy_ws/install/share/ament_index/resource_index/rmw_typesupport_cpp/rmw_fastrtps_cpp
-- Installing: /workspace/jazzy_ws/install/share/ament_index/resource_index/rmw_typesupport/rmw_fastrtps_cpp
-- Installing: /workspace/jazzy_ws/install/share/ament_index/resource_index/package_run_dependencies/rmw_fastrtps_cpp
-- Installing: /workspace/jazzy_ws/install/share/ament_index/resource_index/parent_prefix_path/rmw_fastrtps_cpp
-- Installing: /workspace/jazzy_ws/install/share/rmw_fastrtps_cpp/environment/ament_prefix_path.sh
-- Installing: /workspace/jazzy_ws/install/share/rmw_fastrtps_cpp/environment/ament_prefix_path.dsv
-- Installing: /workspace/jazzy_ws/install/share/rmw_fastrtps_cpp/environment/path.sh
-- Installing: /workspace/jazzy_ws/install/share/rmw_fastrtps_cpp/environment/path.dsv
-- Installing: /workspace/jazzy_ws/install/share/rmw_fastrtps_cpp/local_setup.bash
-- Installing: /workspace/jazzy_ws/install/share/rmw_fastrtps_cpp/local_setup.sh
-- Installing: /workspace/jazzy_ws/install/share/rmw_fastrtps_cpp/local_setup.zsh
-- Installing: /workspace/jazzy_ws/install/share/rmw_fastrtps_cpp/local_setup.dsv
-- Installing: /workspace/jazzy_ws/install/share/rmw_fastrtps_cpp/package.dsv
-- Installing: /workspace/jazzy_ws/install/share/ament_index/resource_index/packages/rmw_fastrtps_cpp
-- Installing: /workspace/jazzy_ws/install/share/rmw_fastrtps_cpp/cmake/ament_cmake_export_include_directories-extras.cmake
-- Installing: /workspace/jazzy_ws/install/share/rmw_fastrtps_cpp/cmake/ament_cmake_export_libraries-extras.cmake
-- Installing: /workspace/jazzy_ws/install/share/rmw_fastrtps_cpp/cmake/ament_cmake_export_dependencies-extras.cmake
-- Installing: /workspace/jazzy_ws/install/share/rmw_fastrtps_cpp/cmake/rmw_fastrtps_cpp-extras.cmake
-- Installing: /workspace/jazzy_ws/install/share/rmw_fastrtps_cpp/cmake/rmw_fastrtps_cppConfig.cmake
-- Installing: /workspace/jazzy_ws/install/share/rmw_fastrtps_cpp/cmake/rmw_fastrtps_cppConfig-version.cmake
-- Installing: /workspace/jazzy_ws/install/share/rmw_fastrtps_cpp/package.xml
-- Installing: /workspace/jazzy_ws/install/include/rmw_fastrtps_cpp
-- Installing: /workspace/jazzy_ws/install/include/rmw_fastrtps_cpp/rmw_fastrtps_cpp
-- Installing: /workspace/jazzy_ws/install/include/rmw_fastrtps_cpp/rmw_fastrtps_cpp/get_client.hpp
-- Installing: /workspace/jazzy_ws/install/include/rmw_fastrtps_cpp/rmw_fastrtps_cpp/visibility_control.h
-- Installing: /workspace/jazzy_ws/install/include/rmw_fastrtps_cpp/rmw_fastrtps_cpp/TypeSupport.hpp
-- Installing: /workspace/jazzy_ws/install/include/rmw_fastrtps_cpp/rmw_fastrtps_cpp/get_service.hpp
-- Installing: /workspace/jazzy_ws/install/include/rmw_fastrtps_cpp/rmw_fastrtps_cpp/init_rmw_context_impl.hpp
-- Installing: /workspace/jazzy_ws/install/include/rmw_fastrtps_cpp/rmw_fastrtps_cpp/get_subscriber.hpp
-- Installing: /workspace/jazzy_ws/install/include/rmw_fastrtps_cpp/rmw_fastrtps_cpp/get_publisher.hpp
-- Installing: /workspace/jazzy_ws/install/include/rmw_fastrtps_cpp/rmw_fastrtps_cpp/MessageTypeSupport.hpp
-- Installing: /workspace/jazzy_ws/install/include/rmw_fastrtps_cpp/rmw_fastrtps_cpp/serialization_format.hpp
-- Installing: /workspace/jazzy_ws/install/include/rmw_fastrtps_cpp/rmw_fastrtps_cpp/ServiceTypeSupport.hpp
-- Installing: /workspace/jazzy_ws/install/include/rmw_fastrtps_cpp/rmw_fastrtps_cpp/identifier.hpp
-- Installing: /workspace/jazzy_ws/install/include/rmw_fastrtps_cpp/rmw_fastrtps_cpp/publisher.hpp
-- Installing: /workspace/jazzy_ws/install/include/rmw_fastrtps_cpp/rmw_fastrtps_cpp/get_participant.hpp
-- Installing: /workspace/jazzy_ws/install/include/rmw_fastrtps_cpp/rmw_fastrtps_cpp/subscription.hpp
-- Installing: /workspace/jazzy_ws/install/lib/librmw_fastrtps_cpp.so
-- Set non-toolchain portion of runtime path of "/workspace/jazzy_ws/install/lib/librmw_fastrtps_cpp.so" to ""
