[0.010s] Invoking command in '/workspace/jazzy_ws/build/ros_environment': AMENT_PREFIX_PATH=/workspace/jazzy_ws/install CMAKE_PREFIX_PATH=/workspace/jazzy_ws/install PATH=/workspace/jazzy_ws/install/bin:${PATH} PYTHONPATH=/workspace/jazzy_ws/install/lib/python3.12/site-packages /usr/bin/cmake /workspace/jazzy_ws/src/ros_environment -DCMAKE_INSTALL_PREFIX=/workspace/jazzy_ws/install
[0.018s] -- Found ament_cmake_core: 2.5.5 (/workspace/jazzy_ws/install/share/ament_cmake_core/cmake)
[0.132s] -- Found Python3: /usr/bin/python3 (found version "3.12.3") found components: Interpreter 
[0.265s] -- Configuring done (0.2s)
[0.265s] -- Generating done (0.0s)
[0.265s] -- Build files have been written to: /workspace/jazzy_ws/build/ros_environment
[0.275s] Invoked command in '/workspace/jazzy_ws/build/ros_environment' returned '0': AMENT_PREFIX_PATH=/workspace/jazzy_ws/install CMAKE_PREFIX_PATH=/workspace/jazzy_ws/install PATH=/workspace/jazzy_ws/install/bin:${PATH} PYTHONPATH=/workspace/jazzy_ws/install/lib/python3.12/site-packages /usr/bin/cmake /workspace/jazzy_ws/src/ros_environment -DCMAKE_INSTALL_PREFIX=/workspace/jazzy_ws/install
[0.275s] Invoking command in '/workspace/jazzy_ws/build/ros_environment': AMENT_PREFIX_PATH=/workspace/jazzy_ws/install CMAKE_PREFIX_PATH=/workspace/jazzy_ws/install PATH=/workspace/jazzy_ws/install/bin:${PATH} PYTHONPATH=/workspace/jazzy_ws/install/lib/python3.12/site-packages /usr/bin/cmake --build /workspace/jazzy_ws/build/ros_environment -- -j24 -l24
[0.394s] Invoked command in '/workspace/jazzy_ws/build/ros_environment' returned '0': AMENT_PREFIX_PATH=/workspace/jazzy_ws/install CMAKE_PREFIX_PATH=/workspace/jazzy_ws/install PATH=/workspace/jazzy_ws/install/bin:${PATH} PYTHONPATH=/workspace/jazzy_ws/install/lib/python3.12/site-packages /usr/bin/cmake --build /workspace/jazzy_ws/build/ros_environment -- -j24 -l24
[0.395s] Invoking command in '/workspace/jazzy_ws/build/ros_environment': AMENT_PREFIX_PATH=/workspace/jazzy_ws/install CMAKE_PREFIX_PATH=/workspace/jazzy_ws/install PATH=/workspace/jazzy_ws/install/bin:${PATH} PYTHONPATH=/workspace/jazzy_ws/install/lib/python3.12/site-packages /usr/bin/cmake --install /workspace/jazzy_ws/build/ros_environment
[0.406s] -- Install configuration: ""
[0.406s] -- Installing: /workspace/jazzy_ws/install/share/ros_environment/environment/1.ros_distro.dsv
[0.407s] -- Installing: /workspace/jazzy_ws/install/share/ros_environment/environment/1.ros_distro.sh
[0.407s] -- Installing: /workspace/jazzy_ws/install/share/ros_environment/environment/1.ros_discovery.dsv
[0.407s] -- Installing: /workspace/jazzy_ws/install/share/ros_environment/environment/1.ros_discovery.sh
[0.407s] -- Installing: /workspace/jazzy_ws/install/share/ros_environment/environment/1.ros_python_version.dsv
[0.407s] -- Installing: /workspace/jazzy_ws/install/share/ros_environment/environment/1.ros_python_version.sh
[0.407s] -- Installing: /workspace/jazzy_ws/install/share/ros_environment/environment/1.ros_version.dsv
[0.407s] -- Installing: /workspace/jazzy_ws/install/share/ros_environment/environment/1.ros_version.sh
[0.407s] -- Installing: /workspace/jazzy_ws/install/share/ros_environment/environment/0.ros_distro_check.sh
[0.407s] -- Installing: /workspace/jazzy_ws/install/share/ament_index/resource_index/package_run_dependencies/ros_environment
[0.407s] -- Installing: /workspace/jazzy_ws/install/share/ament_index/resource_index/parent_prefix_path/ros_environment
[0.407s] -- Installing: /workspace/jazzy_ws/install/share/ros_environment/environment/ament_prefix_path.sh
[0.407s] -- Installing: /workspace/jazzy_ws/install/share/ros_environment/environment/ament_prefix_path.dsv
[0.407s] -- Installing: /workspace/jazzy_ws/install/share/ros_environment/environment/path.sh
[0.407s] -- Installing: /workspace/jazzy_ws/install/share/ros_environment/environment/path.dsv
[0.468s] -- Installing: /workspace/jazzy_ws/install/share/ros_environment/local_setup.bash
[0.468s] -- Installing: /workspace/jazzy_ws/install/share/ros_environment/local_setup.sh
[0.468s] -- Installing: /workspace/jazzy_ws/install/share/ros_environment/local_setup.zsh
[0.469s] -- Installing: /workspace/jazzy_ws/install/share/ros_environment/local_setup.dsv
[0.469s] -- Installing: /workspace/jazzy_ws/install/share/ros_environment/package.dsv
[0.469s] -- Installing: /workspace/jazzy_ws/install/share/ament_index/resource_index/packages/ros_environment
[0.469s] -- Installing: /workspace/jazzy_ws/install/share/ros_environment/cmake/ros_environmentConfig.cmake
[0.469s] -- Installing: /workspace/jazzy_ws/install/share/ros_environment/cmake/ros_environmentConfig-version.cmake
[0.469s] -- Installing: /workspace/jazzy_ws/install/share/ros_environment/package.xml
[0.505s] Invoked command in '/workspace/jazzy_ws/build/ros_environment' returned '0': AMENT_PREFIX_PATH=/workspace/jazzy_ws/install CMAKE_PREFIX_PATH=/workspace/jazzy_ws/install PATH=/workspace/jazzy_ws/install/bin:${PATH} PYTHONPATH=/workspace/jazzy_ws/install/lib/python3.12/site-packages /usr/bin/cmake --install /workspace/jazzy_ws/build/ros_environment
