[0.010s] Invoking command in '/workspace/jazzy_ws/build/ament_cmake_python': AMENT_PREFIX_PATH=/workspace/jazzy_ws/install CMAKE_PREFIX_PATH=/workspace/jazzy_ws/install PATH=/workspace/jazzy_ws/install/bin:${PATH} PYTHONPATH=/workspace/jazzy_ws/install/lib/python3.12/site-packages /usr/bin/cmake /workspace/jazzy_ws/src/ament_cmake/ament_cmake_python -DCMAKE_INSTALL_PREFIX=/workspace/jazzy_ws/install
[0.019s] -- Found ament_cmake_core: 2.5.5 (/workspace/jazzy_ws/install/share/ament_cmake_core/cmake)
[0.118s] -- Found Python3: /usr/bin/python3 (found version "3.12.3") found components: Interpreter 
[0.271s] -- Configuring done (0.2s)
[0.271s] -- Generating done (0.0s)
[0.271s] -- Build files have been written to: /workspace/jazzy_ws/build/ament_cmake_python
[0.273s] Invoked command in '/workspace/jazzy_ws/build/ament_cmake_python' returned '0': AMENT_PREFIX_PATH=/workspace/jazzy_ws/install CMAKE_PREFIX_PATH=/workspace/jazzy_ws/install PATH=/workspace/jazzy_ws/install/bin:${PATH} PYTHONPATH=/workspace/jazzy_ws/install/lib/python3.12/site-packages /usr/bin/cmake /workspace/jazzy_ws/src/ament_cmake/ament_cmake_python -DCMAKE_INSTALL_PREFIX=/workspace/jazzy_ws/install
[0.274s] Invoking command in '/workspace/jazzy_ws/build/ament_cmake_python': AMENT_PREFIX_PATH=/workspace/jazzy_ws/install CMAKE_PREFIX_PATH=/workspace/jazzy_ws/install PATH=/workspace/jazzy_ws/install/bin:${PATH} PYTHONPATH=/workspace/jazzy_ws/install/lib/python3.12/site-packages /usr/bin/cmake --build /workspace/jazzy_ws/build/ament_cmake_python -- -j24 -l24
[0.398s] Invoked command in '/workspace/jazzy_ws/build/ament_cmake_python' returned '0': AMENT_PREFIX_PATH=/workspace/jazzy_ws/install CMAKE_PREFIX_PATH=/workspace/jazzy_ws/install PATH=/workspace/jazzy_ws/install/bin:${PATH} PYTHONPATH=/workspace/jazzy_ws/install/lib/python3.12/site-packages /usr/bin/cmake --build /workspace/jazzy_ws/build/ament_cmake_python -- -j24 -l24
[0.398s] Invoking command in '/workspace/jazzy_ws/build/ament_cmake_python': AMENT_PREFIX_PATH=/workspace/jazzy_ws/install CMAKE_PREFIX_PATH=/workspace/jazzy_ws/install PATH=/workspace/jazzy_ws/install/bin:${PATH} PYTHONPATH=/workspace/jazzy_ws/install/lib/python3.12/site-packages /usr/bin/cmake --install /workspace/jazzy_ws/build/ament_cmake_python
[0.407s] -- Install configuration: ""
[0.407s] -- Installing: /workspace/jazzy_ws/install/share/ament_index/resource_index/package_run_dependencies/ament_cmake_python
[0.407s] -- Installing: /workspace/jazzy_ws/install/share/ament_index/resource_index/parent_prefix_path/ament_cmake_python
[0.407s] -- Installing: /workspace/jazzy_ws/install/share/ament_cmake_python/environment/ament_prefix_path.sh
[0.407s] -- Installing: /workspace/jazzy_ws/install/share/ament_cmake_python/environment/ament_prefix_path.dsv
[0.407s] -- Installing: /workspace/jazzy_ws/install/share/ament_cmake_python/environment/path.sh
[0.407s] -- Installing: /workspace/jazzy_ws/install/share/ament_cmake_python/environment/path.dsv
[0.407s] -- Installing: /workspace/jazzy_ws/install/share/ament_cmake_python/local_setup.bash
[0.408s] -- Installing: /workspace/jazzy_ws/install/share/ament_cmake_python/local_setup.sh
[0.408s] -- Installing: /workspace/jazzy_ws/install/share/ament_cmake_python/local_setup.zsh
[0.408s] -- Installing: /workspace/jazzy_ws/install/share/ament_cmake_python/local_setup.dsv
[0.408s] -- Installing: /workspace/jazzy_ws/install/share/ament_cmake_python/package.dsv
[0.408s] -- Installing: /workspace/jazzy_ws/install/share/ament_index/resource_index/packages/ament_cmake_python
[0.408s] -- Installing: /workspace/jazzy_ws/install/share/ament_cmake_python/cmake/ament_cmake_python-extras.cmake
[0.408s] -- Installing: /workspace/jazzy_ws/install/share/ament_cmake_python/cmake/ament_cmake_pythonConfig.cmake
[0.408s] -- Installing: /workspace/jazzy_ws/install/share/ament_cmake_python/cmake/ament_cmake_pythonConfig-version.cmake
[0.408s] -- Installing: /workspace/jazzy_ws/install/share/ament_cmake_python/package.xml
[0.408s] -- Up-to-date: /workspace/jazzy_ws/install/share/ament_cmake_python/cmake
[0.408s] -- Installing: /workspace/jazzy_ws/install/share/ament_cmake_python/cmake/ament_python_install_package.cmake
[0.408s] -- Installing: /workspace/jazzy_ws/install/share/ament_cmake_python/cmake/ament_python_install_module.cmake
[0.408s] -- Installing: /workspace/jazzy_ws/install/share/ament_cmake_python/cmake/ament_get_python_install_dir.cmake
[0.415s] Invoked command in '/workspace/jazzy_ws/build/ament_cmake_python' returned '0': AMENT_PREFIX_PATH=/workspace/jazzy_ws/install CMAKE_PREFIX_PATH=/workspace/jazzy_ws/install PATH=/workspace/jazzy_ws/install/bin:${PATH} PYTHONPATH=/workspace/jazzy_ws/install/lib/python3.12/site-packages /usr/bin/cmake --install /workspace/jazzy_ws/build/ament_cmake_python
