/workspace/jazzy_ws/install/lib/python3.12/site-packages/ros2node/__init__.py
/workspace/jazzy_ws/install/lib/python3.12/site-packages/ros2node/verb/__init__.py
/workspace/jazzy_ws/install/lib/python3.12/site-packages/ros2node/verb/info.py
/workspace/jazzy_ws/install/lib/python3.12/site-packages/ros2node/verb/list.py
/workspace/jazzy_ws/install/lib/python3.12/site-packages/ros2node/command/node.py
/workspace/jazzy_ws/install/lib/python3.12/site-packages/ros2node/command/__init__.py
/workspace/jazzy_ws/install/lib/python3.12/site-packages/ros2node/api/__init__.py
/workspace/jazzy_ws/install/lib/python3.12/site-packages/ros2node/__pycache__/__init__.cpython-312.pyc
/workspace/jazzy_ws/install/lib/python3.12/site-packages/ros2node/verb/__pycache__/__init__.cpython-312.pyc
/workspace/jazzy_ws/install/lib/python3.12/site-packages/ros2node/verb/__pycache__/info.cpython-312.pyc
/workspace/jazzy_ws/install/lib/python3.12/site-packages/ros2node/verb/__pycache__/list.cpython-312.pyc
/workspace/jazzy_ws/install/lib/python3.12/site-packages/ros2node/command/__pycache__/node.cpython-312.pyc
/workspace/jazzy_ws/install/lib/python3.12/site-packages/ros2node/command/__pycache__/__init__.cpython-312.pyc
/workspace/jazzy_ws/install/lib/python3.12/site-packages/ros2node/api/__pycache__/__init__.cpython-312.pyc
/workspace/jazzy_ws/install/share/ros2node/package.xml
/workspace/jazzy_ws/install/share/ament_index/resource_index/packages/ros2node
/workspace/jazzy_ws/install/lib/python3.12/site-packages/ros2node-0.32.8-py3.12.egg-info/PKG-INFO
/workspace/jazzy_ws/install/lib/python3.12/site-packages/ros2node-0.32.8-py3.12.egg-info/SOURCES.txt
/workspace/jazzy_ws/install/lib/python3.12/site-packages/ros2node-0.32.8-py3.12.egg-info/zip-safe
/workspace/jazzy_ws/install/lib/python3.12/site-packages/ros2node-0.32.8-py3.12.egg-info/requires.txt
/workspace/jazzy_ws/install/lib/python3.12/site-packages/ros2node-0.32.8-py3.12.egg-info/top_level.txt
/workspace/jazzy_ws/install/lib/python3.12/site-packages/ros2node-0.32.8-py3.12.egg-info/entry_points.txt
/workspace/jazzy_ws/install/lib/python3.12/site-packages/ros2node-0.32.8-py3.12.egg-info/dependency_links.txt
