[0.068s] Invoking command in '/workspace/jazzy_ws/build/rosidl_typesupport_fastrtps_cpp': AMENT_PREFIX_PATH=/workspace/jazzy_ws/install CMAKE_PREFIX_PATH=/workspace/jazzy_ws/install LD_LIBRARY_PATH=/workspace/jazzy_ws/install/lib:/workspace/jazzy_ws/install/opt/mimick_vendor/lib PATH=/workspace/jazzy_ws/install/bin:/workspace/jazzy_ws/install/opt/uncrustify_vendor/bin:${PATH} PKG_CONFIG_PATH=/workspace/jazzy_ws/install/lib/x86_64-linux-gnu/pkgconfig:/workspace/jazzy_ws/install/lib/pkgconfig PYTHONPATH=/workspace/jazzy_ws/install/lib/python3.12/site-packages /usr/bin/cmake /workspace/jazzy_ws/src/rosidl_typesupport_fastrtps/rosidl_typesupport_fastrtps_cpp -DCMAKE_INSTALL_PREFIX=/workspace/jazzy_ws/install
[0.101s] -- The C compiler identification is GNU 13.3.0
[0.133s] -- The CXX compiler identification is GNU 13.3.0
[0.142s] -- Detecting C compiler ABI info
[0.188s] -- Detecting C compiler ABI info - done
[0.194s] -- Check for working C compiler: /usr/bin/cc - skipped
[0.194s] -- Detecting C compile features
[0.194s] -- Detecting C compile features - done
[0.199s] -- Detecting CXX compiler ABI info
[0.251s] -- Detecting CXX compiler ABI info - done
[0.256s] -- Check for working CXX compiler: /usr/bin/c++ - skipped
[0.256s] -- Detecting CXX compile features
[0.257s] -- Detecting CXX compile features - done
[0.257s] -- Found ament_cmake_ros: 0.12.0 (/workspace/jazzy_ws/install/share/ament_cmake_ros/cmake)
[0.327s] -- Found Python3: /usr/bin/python3 (found version "3.12.3") found components: Interpreter 
[0.379s] -- Found rmw: 7.3.3 (/workspace/jazzy_ws/install/share/rmw/cmake)
[0.451s] -- Found ament_lint_auto: 0.17.4 (/workspace/jazzy_ws/install/share/ament_lint_auto/cmake)
[0.453s] -- Found performance_test_fixture: 0.2.1 (/workspace/jazzy_ws/install/share/performance_test_fixture/cmake)
[0.562s] -- Found gtest sources under '/workspace/jazzy_ws/install/src/gtest_vendor': C++ tests using 'Google Test' will be built
[0.564s] -- Found Threads: TRUE  
[0.659s] -- Added test 'copyright' to check source files copyright and LICENSE
[0.662s] -- Added test 'cppcheck' to perform static code analysis on C / C++ code
[0.662s] -- Configured cppcheck language: c++
[0.662s] -- Configured cppcheck include dirs: /workspace/jazzy_ws/install/include;$<BUILD_INTERFACE:/workspace/jazzy_ws/src/rosidl_typesupport_fastrtps/rosidl_typesupport_fastrtps_cpp/include>
[0.662s] -- Configured cppcheck exclude dirs and/or files: 
[0.666s] -- Added test 'cpplint' to check C / C++ code against the Google style
[0.666s] -- Configured cpplint exclude dirs and/or files: 
[0.666s] -- Added test 'flake8' to check Python code syntax and style conventions
[0.666s] -- Configured 'flake8' exclude dirs and/or files: 
[0.668s] -- Added test 'lint_cmake' to check CMake code style
[0.668s] -- Added test 'pep257' to check Python code against some of the docstring style conventions in PEP 257
[0.672s] -- Added test 'uncrustify' to check C / C++ code style
[0.672s] -- Configured uncrustify additional arguments: 
[0.672s] -- Added test 'xmllint' to check XML markup files
[0.674s] -- Configuring done (0.6s)
[0.682s] -- Generating done (0.0s)
[0.686s] -- Build files have been written to: /workspace/jazzy_ws/build/rosidl_typesupport_fastrtps_cpp
[0.689s] Invoked command in '/workspace/jazzy_ws/build/rosidl_typesupport_fastrtps_cpp' returned '0': AMENT_PREFIX_PATH=/workspace/jazzy_ws/install CMAKE_PREFIX_PATH=/workspace/jazzy_ws/install LD_LIBRARY_PATH=/workspace/jazzy_ws/install/lib:/workspace/jazzy_ws/install/opt/mimick_vendor/lib PATH=/workspace/jazzy_ws/install/bin:/workspace/jazzy_ws/install/opt/uncrustify_vendor/bin:${PATH} PKG_CONFIG_PATH=/workspace/jazzy_ws/install/lib/x86_64-linux-gnu/pkgconfig:/workspace/jazzy_ws/install/lib/pkgconfig PYTHONPATH=/workspace/jazzy_ws/install/lib/python3.12/site-packages /usr/bin/cmake /workspace/jazzy_ws/src/rosidl_typesupport_fastrtps/rosidl_typesupport_fastrtps_cpp -DCMAKE_INSTALL_PREFIX=/workspace/jazzy_ws/install
[0.690s] Invoking command in '/workspace/jazzy_ws/build/rosidl_typesupport_fastrtps_cpp': AMENT_PREFIX_PATH=/workspace/jazzy_ws/install CMAKE_PREFIX_PATH=/workspace/jazzy_ws/install LD_LIBRARY_PATH=/workspace/jazzy_ws/install/lib:/workspace/jazzy_ws/install/opt/mimick_vendor/lib PATH=/workspace/jazzy_ws/install/bin:/workspace/jazzy_ws/install/opt/uncrustify_vendor/bin:${PATH} PKG_CONFIG_PATH=/workspace/jazzy_ws/install/lib/x86_64-linux-gnu/pkgconfig:/workspace/jazzy_ws/install/lib/pkgconfig PYTHONPATH=/workspace/jazzy_ws/install/lib/python3.12/site-packages /usr/bin/cmake --build /workspace/jazzy_ws/build/rosidl_typesupport_fastrtps_cpp -- -j24 -l24
[0.718s] [ 18%] Building CXX object CMakeFiles/rosidl_typesupport_fastrtps_cpp.dir/src/wstring_conversion.cpp.o
[0.718s] [ 36%] Building CXX object CMakeFiles/rosidl_typesupport_fastrtps_cpp.dir/src/identifier.cpp.o
[0.718s] [ 36%] Building CXX object gtest/CMakeFiles/gtest.dir/src/gtest-all.cc.o
[0.718s] [ 36%] Building CXX object gtest/CMakeFiles/gtest_main.dir/src/gtest_main.cc.o
[0.723s] [ 36%] Built target ament_cmake_python_copy_rosidl_typesupport_fastrtps_cpp_setup
[0.723s] [ 36%] Built target ament_cmake_python_copy_rosidl_typesupport_fastrtps_cpp
[0.842s] running egg_info
[0.848s] [ 45%] Linking CXX shared library librosidl_typesupport_fastrtps_cpp.so
[0.848s] creating rosidl_typesupport_fastrtps_cpp.egg-info
[0.848s] writing rosidl_typesupport_fastrtps_cpp.egg-info/PKG-INFO
[0.849s] writing dependency_links to rosidl_typesupport_fastrtps_cpp.egg-info/dependency_links.txt
[0.849s] writing entry points to rosidl_typesupport_fastrtps_cpp.egg-info/entry_points.txt
[0.849s] writing top-level names to rosidl_typesupport_fastrtps_cpp.egg-info/top_level.txt
[0.849s] writing manifest file 'rosidl_typesupport_fastrtps_cpp.egg-info/SOURCES.txt'
[0.870s] reading manifest file 'rosidl_typesupport_fastrtps_cpp.egg-info/SOURCES.txt'
[0.870s] writing manifest file 'rosidl_typesupport_fastrtps_cpp.egg-info/SOURCES.txt'
[0.891s] [ 45%] Built target ament_cmake_python_build_rosidl_typesupport_fastrtps_cpp_egg
[0.896s] [ 45%] Built target rosidl_typesupport_fastrtps_cpp
[1.168s] [ 54%] Linking CXX static library libgtest_main.a
[1.186s] [ 54%] Built target gtest_main
[2.665s] [ 63%] Linking CXX static library libgtest.a
[2.701s] [ 63%] Built target gtest
[2.713s] [ 81%] Building CXX object CMakeFiles/test_wstring_conversion_mem.dir/test/test_wstring_conversion_mem.cpp.o
[2.713s] [ 81%] Building CXX object CMakeFiles/test_wstring_conversion.dir/test/test_wstring_conversion.cpp.o
[3.287s] [ 90%] Linking CXX executable test_wstring_conversion
[3.361s] [100%] Linking CXX executable test_wstring_conversion_mem
[3.361s] [100%] Built target test_wstring_conversion
[3.418s] [100%] Built target test_wstring_conversion_mem
[3.424s] Invoked command in '/workspace/jazzy_ws/build/rosidl_typesupport_fastrtps_cpp' returned '0': AMENT_PREFIX_PATH=/workspace/jazzy_ws/install CMAKE_PREFIX_PATH=/workspace/jazzy_ws/install LD_LIBRARY_PATH=/workspace/jazzy_ws/install/lib:/workspace/jazzy_ws/install/opt/mimick_vendor/lib PATH=/workspace/jazzy_ws/install/bin:/workspace/jazzy_ws/install/opt/uncrustify_vendor/bin:${PATH} PKG_CONFIG_PATH=/workspace/jazzy_ws/install/lib/x86_64-linux-gnu/pkgconfig:/workspace/jazzy_ws/install/lib/pkgconfig PYTHONPATH=/workspace/jazzy_ws/install/lib/python3.12/site-packages /usr/bin/cmake --build /workspace/jazzy_ws/build/rosidl_typesupport_fastrtps_cpp -- -j24 -l24
[3.424s] Invoking command in '/workspace/jazzy_ws/build/rosidl_typesupport_fastrtps_cpp': AMENT_PREFIX_PATH=/workspace/jazzy_ws/install CMAKE_PREFIX_PATH=/workspace/jazzy_ws/install LD_LIBRARY_PATH=/workspace/jazzy_ws/install/lib:/workspace/jazzy_ws/install/opt/mimick_vendor/lib PATH=/workspace/jazzy_ws/install/bin:/workspace/jazzy_ws/install/opt/uncrustify_vendor/bin:${PATH} PKG_CONFIG_PATH=/workspace/jazzy_ws/install/lib/x86_64-linux-gnu/pkgconfig:/workspace/jazzy_ws/install/lib/pkgconfig PYTHONPATH=/workspace/jazzy_ws/install/lib/python3.12/site-packages /usr/bin/cmake --install /workspace/jazzy_ws/build/rosidl_typesupport_fastrtps_cpp
[3.428s] -- Install configuration: ""
[3.428s] -- Installing: /workspace/jazzy_ws/install/share/rosidl_typesupport_fastrtps_cpp/environment/pythonpath.sh
[3.428s] -- Installing: /workspace/jazzy_ws/install/share/rosidl_typesupport_fastrtps_cpp/environment/pythonpath.dsv
[3.428s] -- Installing: /workspace/jazzy_ws/install/lib/python3.12/site-packages/rosidl_typesupport_fastrtps_cpp-3.6.3-py3.12.egg-info
[3.429s] -- Installing: /workspace/jazzy_ws/install/lib/python3.12/site-packages/rosidl_typesupport_fastrtps_cpp-3.6.3-py3.12.egg-info/PKG-INFO
[3.429s] -- Installing: /workspace/jazzy_ws/install/lib/python3.12/site-packages/rosidl_typesupport_fastrtps_cpp-3.6.3-py3.12.egg-info/SOURCES.txt
[3.429s] -- Installing: /workspace/jazzy_ws/install/lib/python3.12/site-packages/rosidl_typesupport_fastrtps_cpp-3.6.3-py3.12.egg-info/top_level.txt
[3.429s] -- Installing: /workspace/jazzy_ws/install/lib/python3.12/site-packages/rosidl_typesupport_fastrtps_cpp-3.6.3-py3.12.egg-info/entry_points.txt
[3.429s] -- Installing: /workspace/jazzy_ws/install/lib/python3.12/site-packages/rosidl_typesupport_fastrtps_cpp-3.6.3-py3.12.egg-info/dependency_links.txt
[3.429s] -- Installing: /workspace/jazzy_ws/install/lib/python3.12/site-packages/rosidl_typesupport_fastrtps_cpp
[3.429s] -- Installing: /workspace/jazzy_ws/install/lib/python3.12/site-packages/rosidl_typesupport_fastrtps_cpp/cli.py
[3.429s] -- Installing: /workspace/jazzy_ws/install/lib/python3.12/site-packages/rosidl_typesupport_fastrtps_cpp/__init__.py
[3.449s] Listing '/workspace/jazzy_ws/install/lib/python3.12/site-packages/rosidl_typesupport_fastrtps_cpp'...
[3.449s] Compiling '/workspace/jazzy_ws/install/lib/python3.12/site-packages/rosidl_typesupport_fastrtps_cpp/__init__.py'...
[3.449s] Compiling '/workspace/jazzy_ws/install/lib/python3.12/site-packages/rosidl_typesupport_fastrtps_cpp/cli.py'...
[3.453s] -- Installing: /workspace/jazzy_ws/install/share/rosidl_typesupport_fastrtps_cpp/environment/library_path.sh
[3.453s] -- Installing: /workspace/jazzy_ws/install/share/rosidl_typesupport_fastrtps_cpp/environment/library_path.dsv
[3.453s] -- Installing: /workspace/jazzy_ws/install/share/ament_index/resource_index/rosidl_typesupport_cpp/rosidl_typesupport_fastrtps_cpp
[3.453s] -- Installing: /workspace/jazzy_ws/install/share/ament_index/resource_index/package_run_dependencies/rosidl_typesupport_fastrtps_cpp
[3.453s] -- Installing: /workspace/jazzy_ws/install/share/ament_index/resource_index/parent_prefix_path/rosidl_typesupport_fastrtps_cpp
[3.453s] -- Installing: /workspace/jazzy_ws/install/share/rosidl_typesupport_fastrtps_cpp/environment/ament_prefix_path.sh
[3.453s] -- Installing: /workspace/jazzy_ws/install/share/rosidl_typesupport_fastrtps_cpp/environment/ament_prefix_path.dsv
[3.453s] -- Installing: /workspace/jazzy_ws/install/share/rosidl_typesupport_fastrtps_cpp/environment/path.sh
[3.454s] -- Installing: /workspace/jazzy_ws/install/share/rosidl_typesupport_fastrtps_cpp/environment/path.dsv
[3.454s] -- Installing: /workspace/jazzy_ws/install/share/rosidl_typesupport_fastrtps_cpp/local_setup.bash
[3.454s] -- Installing: /workspace/jazzy_ws/install/share/rosidl_typesupport_fastrtps_cpp/local_setup.sh
[3.454s] -- Installing: /workspace/jazzy_ws/install/share/rosidl_typesupport_fastrtps_cpp/local_setup.zsh
[3.454s] -- Installing: /workspace/jazzy_ws/install/share/rosidl_typesupport_fastrtps_cpp/local_setup.dsv
[3.454s] -- Installing: /workspace/jazzy_ws/install/share/rosidl_typesupport_fastrtps_cpp/package.dsv
[3.454s] -- Installing: /workspace/jazzy_ws/install/share/ament_index/resource_index/packages/rosidl_typesupport_fastrtps_cpp
[3.454s] -- Installing: /workspace/jazzy_ws/install/share/rosidl_typesupport_fastrtps_cpp/cmake/rosidl_typesupport_fastrtps_cppExport.cmake
[3.454s] -- Installing: /workspace/jazzy_ws/install/share/rosidl_typesupport_fastrtps_cpp/cmake/rosidl_typesupport_fastrtps_cppExport-noconfig.cmake
[3.454s] -- Installing: /workspace/jazzy_ws/install/share/rosidl_typesupport_fastrtps_cpp/cmake/rosidl_typesupport_fastrtps_cpp-extras.cmake
[3.454s] -- Installing: /workspace/jazzy_ws/install/share/rosidl_typesupport_fastrtps_cpp/cmake/ament_cmake_export_dependencies-extras.cmake
[3.454s] -- Installing: /workspace/jazzy_ws/install/share/rosidl_typesupport_fastrtps_cpp/cmake/ament_cmake_export_include_directories-extras.cmake
[3.454s] -- Installing: /workspace/jazzy_ws/install/share/rosidl_typesupport_fastrtps_cpp/cmake/ament_cmake_export_libraries-extras.cmake
[3.454s] -- Installing: /workspace/jazzy_ws/install/share/rosidl_typesupport_fastrtps_cpp/cmake/ament_cmake_export_targets-extras.cmake
[3.454s] -- Installing: /workspace/jazzy_ws/install/share/rosidl_typesupport_fastrtps_cpp/cmake/rosidl_typesupport_fastrtps_cppConfig.cmake
[3.454s] -- Installing: /workspace/jazzy_ws/install/share/rosidl_typesupport_fastrtps_cpp/cmake/rosidl_typesupport_fastrtps_cppConfig-version.cmake
[3.454s] -- Installing: /workspace/jazzy_ws/install/share/rosidl_typesupport_fastrtps_cpp/package.xml
[3.454s] -- Installing: /workspace/jazzy_ws/install/lib/rosidl_typesupport_fastrtps_cpp/rosidl_typesupport_fastrtps_cpp
[3.454s] -- Up-to-date: /workspace/jazzy_ws/install/share/rosidl_typesupport_fastrtps_cpp/cmake
[3.454s] -- Installing: /workspace/jazzy_ws/install/share/rosidl_typesupport_fastrtps_cpp/cmake/rosidl_typesupport_fastrtps_cpp_generate_interfaces.cmake
[3.455s] -- Installing: /workspace/jazzy_ws/install/share/rosidl_typesupport_fastrtps_cpp/resource
[3.455s] -- Installing: /workspace/jazzy_ws/install/share/rosidl_typesupport_fastrtps_cpp/resource/srv__rosidl_typesupport_fastrtps_cpp.hpp.em
[3.455s] -- Installing: /workspace/jazzy_ws/install/share/rosidl_typesupport_fastrtps_cpp/resource/rosidl_typesupport_fastrtps_cpp__visibility_control.h.in
[3.455s] -- Installing: /workspace/jazzy_ws/install/share/rosidl_typesupport_fastrtps_cpp/resource/srv__type_support.cpp.em
[3.455s] -- Installing: /workspace/jazzy_ws/install/share/rosidl_typesupport_fastrtps_cpp/resource/idl__rosidl_typesupport_fastrtps_cpp.hpp.em
[3.455s] -- Installing: /workspace/jazzy_ws/install/share/rosidl_typesupport_fastrtps_cpp/resource/msg__type_support.cpp.em
[3.455s] -- Installing: /workspace/jazzy_ws/install/share/rosidl_typesupport_fastrtps_cpp/resource/msg__rosidl_typesupport_fastrtps_cpp.hpp.em
[3.455s] -- Installing: /workspace/jazzy_ws/install/share/rosidl_typesupport_fastrtps_cpp/resource/idl__type_support.cpp.em
[3.455s] -- Installing: /workspace/jazzy_ws/install/include/rosidl_typesupport_fastrtps_cpp
[3.455s] -- Installing: /workspace/jazzy_ws/install/include/rosidl_typesupport_fastrtps_cpp/rosidl_typesupport_fastrtps_cpp
[3.455s] -- Installing: /workspace/jazzy_ws/install/include/rosidl_typesupport_fastrtps_cpp/rosidl_typesupport_fastrtps_cpp/message_type_support_decl.hpp
[3.455s] -- Installing: /workspace/jazzy_ws/install/include/rosidl_typesupport_fastrtps_cpp/rosidl_typesupport_fastrtps_cpp/serialization_helpers.hpp
[3.455s] -- Installing: /workspace/jazzy_ws/install/include/rosidl_typesupport_fastrtps_cpp/rosidl_typesupport_fastrtps_cpp/service_type_support_decl.hpp
[3.455s] -- Installing: /workspace/jazzy_ws/install/include/rosidl_typesupport_fastrtps_cpp/rosidl_typesupport_fastrtps_cpp/visibility_control.h
[3.455s] -- Installing: /workspace/jazzy_ws/install/include/rosidl_typesupport_fastrtps_cpp/rosidl_typesupport_fastrtps_cpp/service_type_support.h
[3.455s] -- Installing: /workspace/jazzy_ws/install/include/rosidl_typesupport_fastrtps_cpp/rosidl_typesupport_fastrtps_cpp/identifier.hpp
[3.455s] -- Installing: /workspace/jazzy_ws/install/include/rosidl_typesupport_fastrtps_cpp/rosidl_typesupport_fastrtps_cpp/message_type_support.h
[3.456s] -- Installing: /workspace/jazzy_ws/install/include/rosidl_typesupport_fastrtps_cpp/rosidl_typesupport_fastrtps_cpp/wstring_conversion.hpp
[3.456s] -- Installing: /workspace/jazzy_ws/install/lib/librosidl_typesupport_fastrtps_cpp.so
[3.456s] -- Set non-toolchain portion of runtime path of "/workspace/jazzy_ws/install/lib/librosidl_typesupport_fastrtps_cpp.so" to ""
[3.457s] Invoked command in '/workspace/jazzy_ws/build/rosidl_typesupport_fastrtps_cpp' returned '0': AMENT_PREFIX_PATH=/workspace/jazzy_ws/install CMAKE_PREFIX_PATH=/workspace/jazzy_ws/install LD_LIBRARY_PATH=/workspace/jazzy_ws/install/lib:/workspace/jazzy_ws/install/opt/mimick_vendor/lib PATH=/workspace/jazzy_ws/install/bin:/workspace/jazzy_ws/install/opt/uncrustify_vendor/bin:${PATH} PKG_CONFIG_PATH=/workspace/jazzy_ws/install/lib/x86_64-linux-gnu/pkgconfig:/workspace/jazzy_ws/install/lib/pkgconfig PYTHONPATH=/workspace/jazzy_ws/install/lib/python3.12/site-packages /usr/bin/cmake --install /workspace/jazzy_ws/build/rosidl_typesupport_fastrtps_cpp
