-- The C compiler identification is GNU 13.3.0
-- The CXX compiler identification is GNU 13.3.0
-- Detecting C compiler ABI info
-- Detecting C compiler ABI info - done
-- Check for working C compiler: /usr/bin/cc - skipped
-- Detecting C compile features
-- Detecting C compile features - done
-- Detecting CXX compiler ABI info
-- Detecting CXX compiler ABI info - done
-- Check for working CXX compiler: /usr/bin/c++ - skipped
-- Detecting CXX compile features
-- Detecting CXX compile features - done
-- Found ament_cmake: 2.5.5 (/workspace/jazzy_ws/install/share/ament_cmake/cmake)
-- Found Python3: /usr/bin/python3 (found version "3.12.3") found components: Interpreter 
-- no CONNEXTDDS_DIR nor NDDSHOME specified
-- Invalid CONNEXTDDS_DIR = ''
-- RTI Connext DDS Professional: NOT FOUND
-- Invalid CONNEXTDDS_DIR = ''
-- Invalid RTIMEHOME = ''
-- RTIMEHOME not found
-- RTI Connext DDS Micro: NOT FOUND
-- no environment hook generated
-- Found ament_lint_auto: 0.17.4 (/workspace/jazzy_ws/install/share/ament_lint_auto/cmake)
-- Added test 'copyright' to check source files copyright and LICENSE
-- Added test 'lint_cmake' to check CMake code style
-- Added test 'xmllint' to check XML markup files
-- Configuring done (0.4s)
-- Generating done (0.0s)
-- Build files have been written to: /workspace/jazzy_ws/build/rti_connext_dds_cmake_module
-- Install configuration: "Release"
-- Installing: /workspace/jazzy_ws/install/share/rti_connext_dds_cmake_module/cmake/rti_build_helper.cmake
-- Installing: /workspace/jazzy_ws/install/share/ament_index/resource_index/package_run_dependencies/rti_connext_dds_cmake_module
-- Installing: /workspace/jazzy_ws/install/share/ament_index/resource_index/parent_prefix_path/rti_connext_dds_cmake_module
-- Installing: /workspace/jazzy_ws/install/share/rti_connext_dds_cmake_module/environment/ament_prefix_path.sh
-- Installing: /workspace/jazzy_ws/install/share/rti_connext_dds_cmake_module/environment/ament_prefix_path.dsv
-- Installing: /workspace/jazzy_ws/install/share/rti_connext_dds_cmake_module/environment/path.sh
-- Installing: /workspace/jazzy_ws/install/share/rti_connext_dds_cmake_module/environment/path.dsv
-- Installing: /workspace/jazzy_ws/install/share/rti_connext_dds_cmake_module/local_setup.bash
-- Installing: /workspace/jazzy_ws/install/share/rti_connext_dds_cmake_module/local_setup.sh
-- Installing: /workspace/jazzy_ws/install/share/rti_connext_dds_cmake_module/local_setup.zsh
-- Installing: /workspace/jazzy_ws/install/share/rti_connext_dds_cmake_module/local_setup.dsv
-- Installing: /workspace/jazzy_ws/install/share/rti_connext_dds_cmake_module/package.dsv
-- Installing: /workspace/jazzy_ws/install/share/ament_index/resource_index/packages/rti_connext_dds_cmake_module
-- Installing: /workspace/jazzy_ws/install/share/rti_connext_dds_cmake_module/cmake/rti_connext_dds_cmake_module-extras.cmake
-- Installing: /workspace/jazzy_ws/install/share/rti_connext_dds_cmake_module/cmake/rti_connext_dds_cmake_moduleConfig.cmake
-- Installing: /workspace/jazzy_ws/install/share/rti_connext_dds_cmake_module/cmake/rti_connext_dds_cmake_moduleConfig-version.cmake
-- Installing: /workspace/jazzy_ws/install/share/rti_connext_dds_cmake_module/package.xml
