[0.046s] Invoking command in '/workspace/jazzy_ws/build/rti_connext_dds_cmake_module': AMENT_PREFIX_PATH=/workspace/jazzy_ws/install CMAKE_PREFIX_PATH=/workspace/jazzy_ws/install LD_LIBRARY_PATH=/workspace/jazzy_ws/install/lib PATH=/workspace/jazzy_ws/install/bin:/workspace/jazzy_ws/install/opt/uncrustify_vendor/bin:${PATH} PKG_CONFIG_PATH=/workspace/jazzy_ws/install/lib/x86_64-linux-gnu/pkgconfig:/workspace/jazzy_ws/install/lib/pkgconfig PYTHONPATH=/workspace/jazzy_ws/install/lib/python3.12/site-packages /usr/bin/cmake /workspace/jazzy_ws/src/rmw_connextdds/rti_connext_dds_cmake_module -DCMAKE_INSTALL_PREFIX=/workspace/jazzy_ws/install
[0.077s] -- The C compiler identification is GNU 13.3.0
[0.109s] -- The CXX compiler identification is GNU 13.3.0
[0.118s] -- Detecting C compiler ABI info
[0.168s] -- Detecting C compiler ABI info - done
[0.173s] -- Check for working C compiler: /usr/bin/cc - skipped
[0.174s] -- Detecting C compile features
[0.174s] -- Detecting C compile features - done
[0.179s] -- Detecting CXX compiler ABI info
[0.236s] -- Detecting CXX compiler ABI info - done
[0.242s] -- Check for working CXX compiler: /usr/bin/c++ - skipped
[0.242s] -- Detecting CXX compile features
[0.242s] -- Detecting CXX compile features - done
[0.243s] -- Found ament_cmake: 2.5.5 (/workspace/jazzy_ws/install/share/ament_cmake/cmake)
[0.327s] -- Found Python3: /usr/bin/python3 (found version "3.12.3") found components: Interpreter 
[0.368s] -- no CONNEXTDDS_DIR nor NDDSHOME specified
[0.368s] -- Invalid CONNEXTDDS_DIR = ''
[0.368s] -- RTI Connext DDS Professional: NOT FOUND
[0.368s] -- Invalid CONNEXTDDS_DIR = ''
[0.368s] -- Invalid RTIMEHOME = ''
[0.368s] -- RTIMEHOME not found
[0.368s] -- RTI Connext DDS Micro: NOT FOUND
[0.368s] -- no environment hook generated
[0.368s] -- Found ament_lint_auto: 0.17.4 (/workspace/jazzy_ws/install/share/ament_lint_auto/cmake)
[0.425s] -- Added test 'copyright' to check source files copyright and LICENSE
[0.428s] -- Added test 'lint_cmake' to check CMake code style
[0.430s] -- Added test 'xmllint' to check XML markup files
[0.431s] -- Configuring done (0.4s)
[0.433s] -- Generating done (0.0s)
[0.433s] -- Build files have been written to: /workspace/jazzy_ws/build/rti_connext_dds_cmake_module
[0.436s] Invoked command in '/workspace/jazzy_ws/build/rti_connext_dds_cmake_module' returned '0': AMENT_PREFIX_PATH=/workspace/jazzy_ws/install CMAKE_PREFIX_PATH=/workspace/jazzy_ws/install LD_LIBRARY_PATH=/workspace/jazzy_ws/install/lib PATH=/workspace/jazzy_ws/install/bin:/workspace/jazzy_ws/install/opt/uncrustify_vendor/bin:${PATH} PKG_CONFIG_PATH=/workspace/jazzy_ws/install/lib/x86_64-linux-gnu/pkgconfig:/workspace/jazzy_ws/install/lib/pkgconfig PYTHONPATH=/workspace/jazzy_ws/install/lib/python3.12/site-packages /usr/bin/cmake /workspace/jazzy_ws/src/rmw_connextdds/rti_connext_dds_cmake_module -DCMAKE_INSTALL_PREFIX=/workspace/jazzy_ws/install
[0.436s] Invoking command in '/workspace/jazzy_ws/build/rti_connext_dds_cmake_module': AMENT_PREFIX_PATH=/workspace/jazzy_ws/install CMAKE_PREFIX_PATH=/workspace/jazzy_ws/install LD_LIBRARY_PATH=/workspace/jazzy_ws/install/lib PATH=/workspace/jazzy_ws/install/bin:/workspace/jazzy_ws/install/opt/uncrustify_vendor/bin:${PATH} PKG_CONFIG_PATH=/workspace/jazzy_ws/install/lib/x86_64-linux-gnu/pkgconfig:/workspace/jazzy_ws/install/lib/pkgconfig PYTHONPATH=/workspace/jazzy_ws/install/lib/python3.12/site-packages /usr/bin/cmake --build /workspace/jazzy_ws/build/rti_connext_dds_cmake_module -- -j24 -l24
[0.456s] Invoked command in '/workspace/jazzy_ws/build/rti_connext_dds_cmake_module' returned '0': AMENT_PREFIX_PATH=/workspace/jazzy_ws/install CMAKE_PREFIX_PATH=/workspace/jazzy_ws/install LD_LIBRARY_PATH=/workspace/jazzy_ws/install/lib PATH=/workspace/jazzy_ws/install/bin:/workspace/jazzy_ws/install/opt/uncrustify_vendor/bin:${PATH} PKG_CONFIG_PATH=/workspace/jazzy_ws/install/lib/x86_64-linux-gnu/pkgconfig:/workspace/jazzy_ws/install/lib/pkgconfig PYTHONPATH=/workspace/jazzy_ws/install/lib/python3.12/site-packages /usr/bin/cmake --build /workspace/jazzy_ws/build/rti_connext_dds_cmake_module -- -j24 -l24
[0.457s] Invoking command in '/workspace/jazzy_ws/build/rti_connext_dds_cmake_module': AMENT_PREFIX_PATH=/workspace/jazzy_ws/install CMAKE_PREFIX_PATH=/workspace/jazzy_ws/install LD_LIBRARY_PATH=/workspace/jazzy_ws/install/lib PATH=/workspace/jazzy_ws/install/bin:/workspace/jazzy_ws/install/opt/uncrustify_vendor/bin:${PATH} PKG_CONFIG_PATH=/workspace/jazzy_ws/install/lib/x86_64-linux-gnu/pkgconfig:/workspace/jazzy_ws/install/lib/pkgconfig PYTHONPATH=/workspace/jazzy_ws/install/lib/python3.12/site-packages /usr/bin/cmake --install /workspace/jazzy_ws/build/rti_connext_dds_cmake_module
[0.475s] -- Install configuration: "Release"
[0.475s] -- Installing: /workspace/jazzy_ws/install/share/rti_connext_dds_cmake_module/cmake/rti_build_helper.cmake
[0.475s] -- Installing: /workspace/jazzy_ws/install/share/ament_index/resource_index/package_run_dependencies/rti_connext_dds_cmake_module
[0.475s] -- Installing: /workspace/jazzy_ws/install/share/ament_index/resource_index/parent_prefix_path/rti_connext_dds_cmake_module
[0.475s] -- Installing: /workspace/jazzy_ws/install/share/rti_connext_dds_cmake_module/environment/ament_prefix_path.sh
[0.475s] -- Installing: /workspace/jazzy_ws/install/share/rti_connext_dds_cmake_module/environment/ament_prefix_path.dsv
[0.476s] -- Installing: /workspace/jazzy_ws/install/share/rti_connext_dds_cmake_module/environment/path.sh
[0.476s] -- Installing: /workspace/jazzy_ws/install/share/rti_connext_dds_cmake_module/environment/path.dsv
[0.476s] -- Installing: /workspace/jazzy_ws/install/share/rti_connext_dds_cmake_module/local_setup.bash
[0.476s] -- Installing: /workspace/jazzy_ws/install/share/rti_connext_dds_cmake_module/local_setup.sh
[0.476s] -- Installing: /workspace/jazzy_ws/install/share/rti_connext_dds_cmake_module/local_setup.zsh
[0.476s] -- Installing: /workspace/jazzy_ws/install/share/rti_connext_dds_cmake_module/local_setup.dsv
[0.476s] -- Installing: /workspace/jazzy_ws/install/share/rti_connext_dds_cmake_module/package.dsv
[0.476s] -- Installing: /workspace/jazzy_ws/install/share/ament_index/resource_index/packages/rti_connext_dds_cmake_module
[0.476s] -- Installing: /workspace/jazzy_ws/install/share/rti_connext_dds_cmake_module/cmake/rti_connext_dds_cmake_module-extras.cmake
[0.476s] -- Installing: /workspace/jazzy_ws/install/share/rti_connext_dds_cmake_module/cmake/rti_connext_dds_cmake_moduleConfig.cmake
[0.476s] -- Installing: /workspace/jazzy_ws/install/share/rti_connext_dds_cmake_module/cmake/rti_connext_dds_cmake_moduleConfig-version.cmake
[0.476s] -- Installing: /workspace/jazzy_ws/install/share/rti_connext_dds_cmake_module/package.xml
[0.476s] Invoked command in '/workspace/jazzy_ws/build/rti_connext_dds_cmake_module' returned '0': AMENT_PREFIX_PATH=/workspace/jazzy_ws/install CMAKE_PREFIX_PATH=/workspace/jazzy_ws/install LD_LIBRARY_PATH=/workspace/jazzy_ws/install/lib PATH=/workspace/jazzy_ws/install/bin:/workspace/jazzy_ws/install/opt/uncrustify_vendor/bin:${PATH} PKG_CONFIG_PATH=/workspace/jazzy_ws/install/lib/x86_64-linux-gnu/pkgconfig:/workspace/jazzy_ws/install/lib/pkgconfig PYTHONPATH=/workspace/jazzy_ws/install/lib/python3.12/site-packages /usr/bin/cmake --install /workspace/jazzy_ws/build/rti_connext_dds_cmake_module
