-- The C compiler identification is GNU 13.3.0
-- The CXX compiler identification is GNU 13.3.0
-- Detecting C compiler ABI info
-- Detecting C compiler ABI info - done
-- Check for working C compiler: /usr/bin/cc - skipped
-- Detecting C compile features
-- Detecting C compile features - done
-- Detecting CXX compiler ABI info
-- Detecting CXX compiler ABI info - done
-- Check for working CXX compiler: /usr/bin/c++ - skipped
-- Detecting CXX compile features
-- Detecting CXX compile features - done
-- Found ament_cmake_ros: 0.12.0 (/workspace/jazzy_ws/install/share/ament_cmake_ros/cmake)
-- Found Python3: /usr/bin/python3 (found version "3.12.3") found components: Interpreter 
-- Found rcutils: 6.7.5 (/workspace/jazzy_ws/install/share/rcutils/cmake)
-- Found rosidl_dynamic_typesupport: 0.1.2 (/workspace/jazzy_ws/install/share/rosidl_dynamic_typesupport/cmake)
-- Found fastrtps_cmake_module: 3.6.3 (/workspace/jazzy_ws/install/share/fastrtps_cmake_module/cmake)
-- Found OpenSSL: /usr/lib/x86_64-linux-gnu/libcrypto.so (found version "3.0.13")  
-- Found FastRTPS: /workspace/jazzy_ws/install/include (Required is at least version "2.3") 
-- Configuring done (0.4s)
-- Generating done (0.0s)
-- Build files have been written to: /workspace/jazzy_ws/build/rosidl_dynamic_typesupport_fastrtps
/usr/bin/cmake -S/workspace/jazzy_ws/src/rosidl_dynamic_typesupport_fastrtps -B/workspace/jazzy_ws/build/rosidl_dynamic_typesupport_fastrtps --check-build-system CMakeFiles/Makefile.cmake 0
/usr/bin/cmake -E cmake_progress_start /workspace/jazzy_ws/build/rosidl_dynamic_typesupport_fastrtps/CMakeFiles /workspace/jazzy_ws/build/rosidl_dynamic_typesupport_fastrtps//CMakeFiles/progress.marks
/usr/bin/gmake  -f CMakeFiles/Makefile2 all
gmake[1]: Entering directory '/workspace/jazzy_ws/build/rosidl_dynamic_typesupport_fastrtps'
/usr/bin/gmake  -f CMakeFiles/rosidl_dynamic_typesupport_fastrtps.dir/build.make CMakeFiles/rosidl_dynamic_typesupport_fastrtps.dir/depend
gmake[2]: Entering directory '/workspace/jazzy_ws/build/rosidl_dynamic_typesupport_fastrtps'
cd /workspace/jazzy_ws/build/rosidl_dynamic_typesupport_fastrtps && /usr/bin/cmake -E cmake_depends "Unix Makefiles" /workspace/jazzy_ws/src/rosidl_dynamic_typesupport_fastrtps /workspace/jazzy_ws/src/rosidl_dynamic_typesupport_fastrtps /workspace/jazzy_ws/build/rosidl_dynamic_typesupport_fastrtps /workspace/jazzy_ws/build/rosidl_dynamic_typesupport_fastrtps /workspace/jazzy_ws/build/rosidl_dynamic_typesupport_fastrtps/CMakeFiles/rosidl_dynamic_typesupport_fastrtps.dir/DependInfo.cmake "--color="
gmake[2]: Leaving directory '/workspace/jazzy_ws/build/rosidl_dynamic_typesupport_fastrtps'
/usr/bin/gmake  -f CMakeFiles/rosidl_dynamic_typesupport_fastrtps.dir/build.make CMakeFiles/rosidl_dynamic_typesupport_fastrtps.dir/build
gmake[2]: Entering directory '/workspace/jazzy_ws/build/rosidl_dynamic_typesupport_fastrtps'
[ 14%] Building CXX object CMakeFiles/rosidl_dynamic_typesupport_fastrtps.dir/src/detail/fastrtps_dynamic_type.cpp.o
[ 28%] Building CXX object CMakeFiles/rosidl_dynamic_typesupport_fastrtps.dir/src/detail/fastrtps_dynamic_data.cpp.o
[ 57%] Building CXX object CMakeFiles/rosidl_dynamic_typesupport_fastrtps.dir/src/detail/utils.cpp.o
[ 57%] Building CXX object CMakeFiles/rosidl_dynamic_typesupport_fastrtps.dir/src/detail/fastrtps_serialization_support.cpp.o
/usr/bin/c++ -DFASTCDR_DYN_LINK -DFASTRTPS_DYN_LINK -DFOONATHAN_MEMORY=1 -DFOONATHAN_MEMORY_VERSION_MAJOR=0 -DFOONATHAN_MEMORY_VERSION_MINOR=7 -DFOONATHAN_MEMORY_VERSION_PATCH=3 -DRCUTILS_ENABLE_FAULT_INJECTION -DROS_PACKAGE_NAME=\"rosidl_dynamic_typesupport_fastrtps\" -DTINYXML2_IMPORT -D_FILE_OFFSET_BITS=64 -Drosidl_dynamic_typesupport_fastrtps_EXPORTS -I/workspace/jazzy_ws/src/rosidl_dynamic_typesupport_fastrtps/include -isystem /workspace/jazzy_ws/install/include/rosidl_dynamic_typesupport -isystem /workspace/jazzy_ws/install/include/rcutils -isystem /workspace/jazzy_ws/install/include/rosidl_runtime_c -isystem /workspace/jazzy_ws/install/include/rosidl_typesupport_interface -isystem /workspace/jazzy_ws/install/include -isystem /workspace/jazzy_ws/install/include/foonathan_memory -std=gnu++17 -fPIC -Wall -Wextra -Wpedantic -MD -MT CMakeFiles/rosidl_dynamic_typesupport_fastrtps.dir/src/detail/fastrtps_dynamic_type.cpp.o -MF CMakeFiles/rosidl_dynamic_typesupport_fastrtps.dir/src/detail/fastrtps_dynamic_type.cpp.o.d -o CMakeFiles/rosidl_dynamic_typesupport_fastrtps.dir/src/detail/fastrtps_dynamic_type.cpp.o -c /workspace/jazzy_ws/src/rosidl_dynamic_typesupport_fastrtps/src/detail/fastrtps_dynamic_type.cpp
[ 85%] Building CXX object CMakeFiles/rosidl_dynamic_typesupport_fastrtps.dir/src/serialization_support.cpp.o
[ 85%] Building CXX object CMakeFiles/rosidl_dynamic_typesupport_fastrtps.dir/src/identifier.cpp.o
/usr/bin/c++ -DFASTCDR_DYN_LINK -DFASTRTPS_DYN_LINK -DFOONATHAN_MEMORY=1 -DFOONATHAN_MEMORY_VERSION_MAJOR=0 -DFOONATHAN_MEMORY_VERSION_MINOR=7 -DFOONATHAN_MEMORY_VERSION_PATCH=3 -DRCUTILS_ENABLE_FAULT_INJECTION -DROS_PACKAGE_NAME=\"rosidl_dynamic_typesupport_fastrtps\" -DTINYXML2_IMPORT -D_FILE_OFFSET_BITS=64 -Drosidl_dynamic_typesupport_fastrtps_EXPORTS -I/workspace/jazzy_ws/src/rosidl_dynamic_typesupport_fastrtps/include -isystem /workspace/jazzy_ws/install/include/rosidl_dynamic_typesupport -isystem /workspace/jazzy_ws/install/include/rcutils -isystem /workspace/jazzy_ws/install/include/rosidl_runtime_c -isystem /workspace/jazzy_ws/install/include/rosidl_typesupport_interface -isystem /workspace/jazzy_ws/install/include -isystem /workspace/jazzy_ws/install/include/foonathan_memory -std=gnu++17 -fPIC -Wall -Wextra -Wpedantic -MD -MT CMakeFiles/rosidl_dynamic_typesupport_fastrtps.dir/src/detail/fastrtps_dynamic_data.cpp.o -MF CMakeFiles/rosidl_dynamic_typesupport_fastrtps.dir/src/detail/fastrtps_dynamic_data.cpp.o.d -o CMakeFiles/rosidl_dynamic_typesupport_fastrtps.dir/src/detail/fastrtps_dynamic_data.cpp.o -c /workspace/jazzy_ws/src/rosidl_dynamic_typesupport_fastrtps/src/detail/fastrtps_dynamic_data.cpp
/usr/bin/c++ -DFASTCDR_DYN_LINK -DFASTRTPS_DYN_LINK -DFOONATHAN_MEMORY=1 -DFOONATHAN_MEMORY_VERSION_MAJOR=0 -DFOONATHAN_MEMORY_VERSION_MINOR=7 -DFOONATHAN_MEMORY_VERSION_PATCH=3 -DRCUTILS_ENABLE_FAULT_INJECTION -DROS_PACKAGE_NAME=\"rosidl_dynamic_typesupport_fastrtps\" -DTINYXML2_IMPORT -D_FILE_OFFSET_BITS=64 -Drosidl_dynamic_typesupport_fastrtps_EXPORTS -I/workspace/jazzy_ws/src/rosidl_dynamic_typesupport_fastrtps/include -isystem /workspace/jazzy_ws/install/include/rosidl_dynamic_typesupport -isystem /workspace/jazzy_ws/install/include/rcutils -isystem /workspace/jazzy_ws/install/include/rosidl_runtime_c -isystem /workspace/jazzy_ws/install/include/rosidl_typesupport_interface -isystem /workspace/jazzy_ws/install/include -isystem /workspace/jazzy_ws/install/include/foonathan_memory -std=gnu++17 -fPIC -Wall -Wextra -Wpedantic -MD -MT CMakeFiles/rosidl_dynamic_typesupport_fastrtps.dir/src/detail/utils.cpp.o -MF CMakeFiles/rosidl_dynamic_typesupport_fastrtps.dir/src/detail/utils.cpp.o.d -o CMakeFiles/rosidl_dynamic_typesupport_fastrtps.dir/src/detail/utils.cpp.o -c /workspace/jazzy_ws/src/rosidl_dynamic_typesupport_fastrtps/src/detail/utils.cpp
/usr/bin/c++ -DFASTCDR_DYN_LINK -DFASTRTPS_DYN_LINK -DFOONATHAN_MEMORY=1 -DFOONATHAN_MEMORY_VERSION_MAJOR=0 -DFOONATHAN_MEMORY_VERSION_MINOR=7 -DFOONATHAN_MEMORY_VERSION_PATCH=3 -DRCUTILS_ENABLE_FAULT_INJECTION -DROS_PACKAGE_NAME=\"rosidl_dynamic_typesupport_fastrtps\" -DTINYXML2_IMPORT -D_FILE_OFFSET_BITS=64 -Drosidl_dynamic_typesupport_fastrtps_EXPORTS -I/workspace/jazzy_ws/src/rosidl_dynamic_typesupport_fastrtps/include -isystem /workspace/jazzy_ws/install/include/rosidl_dynamic_typesupport -isystem /workspace/jazzy_ws/install/include/rcutils -isystem /workspace/jazzy_ws/install/include/rosidl_runtime_c -isystem /workspace/jazzy_ws/install/include/rosidl_typesupport_interface -isystem /workspace/jazzy_ws/install/include -isystem /workspace/jazzy_ws/install/include/foonathan_memory -std=gnu++17 -fPIC -Wall -Wextra -Wpedantic -MD -MT CMakeFiles/rosidl_dynamic_typesupport_fastrtps.dir/src/detail/fastrtps_serialization_support.cpp.o -MF CMakeFiles/rosidl_dynamic_typesupport_fastrtps.dir/src/detail/fastrtps_serialization_support.cpp.o.d -o CMakeFiles/rosidl_dynamic_typesupport_fastrtps.dir/src/detail/fastrtps_serialization_support.cpp.o -c /workspace/jazzy_ws/src/rosidl_dynamic_typesupport_fastrtps/src/detail/fastrtps_serialization_support.cpp
/usr/bin/c++ -DFASTCDR_DYN_LINK -DFASTRTPS_DYN_LINK -DFOONATHAN_MEMORY=1 -DFOONATHAN_MEMORY_VERSION_MAJOR=0 -DFOONATHAN_MEMORY_VERSION_MINOR=7 -DFOONATHAN_MEMORY_VERSION_PATCH=3 -DRCUTILS_ENABLE_FAULT_INJECTION -DROS_PACKAGE_NAME=\"rosidl_dynamic_typesupport_fastrtps\" -DTINYXML2_IMPORT -D_FILE_OFFSET_BITS=64 -Drosidl_dynamic_typesupport_fastrtps_EXPORTS -I/workspace/jazzy_ws/src/rosidl_dynamic_typesupport_fastrtps/include -isystem /workspace/jazzy_ws/install/include/rosidl_dynamic_typesupport -isystem /workspace/jazzy_ws/install/include/rcutils -isystem /workspace/jazzy_ws/install/include/rosidl_runtime_c -isystem /workspace/jazzy_ws/install/include/rosidl_typesupport_interface -isystem /workspace/jazzy_ws/install/include -isystem /workspace/jazzy_ws/install/include/foonathan_memory -std=gnu++17 -fPIC -Wall -Wextra -Wpedantic -MD -MT CMakeFiles/rosidl_dynamic_typesupport_fastrtps.dir/src/identifier.cpp.o -MF CMakeFiles/rosidl_dynamic_typesupport_fastrtps.dir/src/identifier.cpp.o.d -o CMakeFiles/rosidl_dynamic_typesupport_fastrtps.dir/src/identifier.cpp.o -c /workspace/jazzy_ws/src/rosidl_dynamic_typesupport_fastrtps/src/identifier.cpp
/usr/bin/c++ -DFASTCDR_DYN_LINK -DFASTRTPS_DYN_LINK -DFOONATHAN_MEMORY=1 -DFOONATHAN_MEMORY_VERSION_MAJOR=0 -DFOONATHAN_MEMORY_VERSION_MINOR=7 -DFOONATHAN_MEMORY_VERSION_PATCH=3 -DRCUTILS_ENABLE_FAULT_INJECTION -DROS_PACKAGE_NAME=\"rosidl_dynamic_typesupport_fastrtps\" -DTINYXML2_IMPORT -D_FILE_OFFSET_BITS=64 -Drosidl_dynamic_typesupport_fastrtps_EXPORTS -I/workspace/jazzy_ws/src/rosidl_dynamic_typesupport_fastrtps/include -isystem /workspace/jazzy_ws/install/include/rosidl_dynamic_typesupport -isystem /workspace/jazzy_ws/install/include/rcutils -isystem /workspace/jazzy_ws/install/include/rosidl_runtime_c -isystem /workspace/jazzy_ws/install/include/rosidl_typesupport_interface -isystem /workspace/jazzy_ws/install/include -isystem /workspace/jazzy_ws/install/include/foonathan_memory -std=gnu++17 -fPIC -Wall -Wextra -Wpedantic -MD -MT CMakeFiles/rosidl_dynamic_typesupport_fastrtps.dir/src/serialization_support.cpp.o -MF CMakeFiles/rosidl_dynamic_typesupport_fastrtps.dir/src/serialization_support.cpp.o.d -o CMakeFiles/rosidl_dynamic_typesupport_fastrtps.dir/src/serialization_support.cpp.o -c /workspace/jazzy_ws/src/rosidl_dynamic_typesupport_fastrtps/src/serialization_support.cpp
[100%] Linking CXX shared library librosidl_dynamic_typesupport_fastrtps.so
/usr/bin/cmake -E cmake_link_script CMakeFiles/rosidl_dynamic_typesupport_fastrtps.dir/link.txt --verbose=1
/usr/bin/c++ -fPIC -shared -Wl,-soname,librosidl_dynamic_typesupport_fastrtps.so -o librosidl_dynamic_typesupport_fastrtps.so CMakeFiles/rosidl_dynamic_typesupport_fastrtps.dir/src/detail/fastrtps_dynamic_data.cpp.o CMakeFiles/rosidl_dynamic_typesupport_fastrtps.dir/src/detail/fastrtps_dynamic_type.cpp.o CMakeFiles/rosidl_dynamic_typesupport_fastrtps.dir/src/detail/fastrtps_serialization_support.cpp.o CMakeFiles/rosidl_dynamic_typesupport_fastrtps.dir/src/detail/utils.cpp.o CMakeFiles/rosidl_dynamic_typesupport_fastrtps.dir/src/identifier.cpp.o CMakeFiles/rosidl_dynamic_typesupport_fastrtps.dir/src/serialization_support.cpp.o  -Wl,-rpath,/workspace/jazzy_ws/install/lib: /workspace/jazzy_ws/install/lib/librosidl_dynamic_typesupport.so /workspace/jazzy_ws/install/lib/libfastrtps.so.2.14.5 /workspace/jazzy_ws/install/lib/librosidl_runtime_c.so /workspace/jazzy_ws/install/lib/librcutils.so -latomic /workspace/jazzy_ws/install/lib/libfastcdr.so.2.2.7 /workspace/jazzy_ws/install/lib/libfoonathan_memory-0.7.3.a -lpthread -ldl /usr/lib/x86_64-linux-gnu/libtinyxml2.so.10.0.0 /usr/lib/x86_64-linux-gnu/libssl.so /usr/lib/x86_64-linux-gnu/libcrypto.so -lrt 
gmake[2]: Leaving directory '/workspace/jazzy_ws/build/rosidl_dynamic_typesupport_fastrtps'
[100%] Built target rosidl_dynamic_typesupport_fastrtps
gmake[1]: Leaving directory '/workspace/jazzy_ws/build/rosidl_dynamic_typesupport_fastrtps'
/usr/bin/cmake -E cmake_progress_start /workspace/jazzy_ws/build/rosidl_dynamic_typesupport_fastrtps/CMakeFiles 0
-- Install configuration: ""
-- Installing: /workspace/jazzy_ws/install/lib/librosidl_dynamic_typesupport_fastrtps.so
-- Set non-toolchain portion of runtime path of "/workspace/jazzy_ws/install/lib/librosidl_dynamic_typesupport_fastrtps.so" to ""
-- Installing: /workspace/jazzy_ws/install/include/rosidl_dynamic_typesupport_fastrtps
-- Installing: /workspace/jazzy_ws/install/include/rosidl_dynamic_typesupport_fastrtps/rosidl_dynamic_typesupport_fastrtps
-- Installing: /workspace/jazzy_ws/install/include/rosidl_dynamic_typesupport_fastrtps/rosidl_dynamic_typesupport_fastrtps/visibility_control.h
-- Installing: /workspace/jazzy_ws/install/include/rosidl_dynamic_typesupport_fastrtps/rosidl_dynamic_typesupport_fastrtps/identifier.h
-- Installing: /workspace/jazzy_ws/install/include/rosidl_dynamic_typesupport_fastrtps/rosidl_dynamic_typesupport_fastrtps/serialization_support.h
-- Installing: /workspace/jazzy_ws/install/share/rosidl_dynamic_typesupport_fastrtps/environment/library_path.sh
-- Installing: /workspace/jazzy_ws/install/share/rosidl_dynamic_typesupport_fastrtps/environment/library_path.dsv
-- Installing: /workspace/jazzy_ws/install/share/ament_index/resource_index/package_run_dependencies/rosidl_dynamic_typesupport_fastrtps
-- Installing: /workspace/jazzy_ws/install/share/ament_index/resource_index/parent_prefix_path/rosidl_dynamic_typesupport_fastrtps
-- Installing: /workspace/jazzy_ws/install/share/rosidl_dynamic_typesupport_fastrtps/environment/ament_prefix_path.sh
-- Installing: /workspace/jazzy_ws/install/share/rosidl_dynamic_typesupport_fastrtps/environment/ament_prefix_path.dsv
-- Installing: /workspace/jazzy_ws/install/share/rosidl_dynamic_typesupport_fastrtps/environment/path.sh
-- Installing: /workspace/jazzy_ws/install/share/rosidl_dynamic_typesupport_fastrtps/environment/path.dsv
-- Installing: /workspace/jazzy_ws/install/share/rosidl_dynamic_typesupport_fastrtps/local_setup.bash
-- Installing: /workspace/jazzy_ws/install/share/rosidl_dynamic_typesupport_fastrtps/local_setup.sh
-- Installing: /workspace/jazzy_ws/install/share/rosidl_dynamic_typesupport_fastrtps/local_setup.zsh
-- Installing: /workspace/jazzy_ws/install/share/rosidl_dynamic_typesupport_fastrtps/local_setup.dsv
-- Installing: /workspace/jazzy_ws/install/share/rosidl_dynamic_typesupport_fastrtps/package.dsv
-- Installing: /workspace/jazzy_ws/install/share/ament_index/resource_index/packages/rosidl_dynamic_typesupport_fastrtps
-- Installing: /workspace/jazzy_ws/install/share/rosidl_dynamic_typesupport_fastrtps/cmake/rosidl_dynamic_typesupport_fastrtps-exportExport.cmake
-- Installing: /workspace/jazzy_ws/install/share/rosidl_dynamic_typesupport_fastrtps/cmake/rosidl_dynamic_typesupport_fastrtps-exportExport-noconfig.cmake
-- Installing: /workspace/jazzy_ws/install/share/rosidl_dynamic_typesupport_fastrtps/cmake/ament_cmake_export_targets-extras.cmake
-- Installing: /workspace/jazzy_ws/install/share/rosidl_dynamic_typesupport_fastrtps/cmake/ament_cmake_export_dependencies-extras.cmake
-- Installing: /workspace/jazzy_ws/install/share/rosidl_dynamic_typesupport_fastrtps/cmake/rosidl_dynamic_typesupport_fastrtpsConfig.cmake
-- Installing: /workspace/jazzy_ws/install/share/rosidl_dynamic_typesupport_fastrtps/cmake/rosidl_dynamic_typesupport_fastrtpsConfig-version.cmake
-- Installing: /workspace/jazzy_ws/install/share/rosidl_dynamic_typesupport_fastrtps/package.xml
