[0.057s] Invoking command in '/workspace/jazzy_ws/build/rosidl_dynamic_typesupport_fastrtps': AMENT_PREFIX_PATH=/workspace/jazzy_ws/install CMAKE_PREFIX_PATH=/workspace/jazzy_ws/install LD_LIBRARY_PATH=/workspace/jazzy_ws/install/lib:/workspace/jazzy_ws/install/opt/mimick_vendor/lib PATH=/workspace/jazzy_ws/install/bin:/workspace/jazzy_ws/install/opt/uncrustify_vendor/bin:${PATH} PKG_CONFIG_PATH=/workspace/jazzy_ws/install/lib/x86_64-linux-gnu/pkgconfig:/workspace/jazzy_ws/install/lib/pkgconfig PYTHONPATH=/workspace/jazzy_ws/install/lib/python3.12/site-packages /usr/bin/cmake /workspace/jazzy_ws/src/rosidl_dynamic_typesupport_fastrtps -DCMAKE_INSTALL_PREFIX=/workspace/jazzy_ws/install
[0.085s] -- The C compiler identification is GNU 13.3.0
[0.114s] -- The CXX compiler identification is GNU 13.3.0
[0.122s] -- Detecting C compiler ABI info
[0.171s] -- Detecting C compiler ABI info - done
[0.175s] -- Check for working C compiler: /usr/bin/cc - skipped
[0.176s] -- Detecting C compile features
[0.176s] -- Detecting C compile features - done
[0.182s] -- Detecting CXX compiler ABI info
[0.244s] -- Detecting CXX compiler ABI info - done
[0.250s] -- Check for working CXX compiler: /usr/bin/c++ - skipped
[0.251s] -- Detecting CXX compile features
[0.251s] -- Detecting CXX compile features - done
[0.252s] -- Found ament_cmake_ros: 0.12.0 (/workspace/jazzy_ws/install/share/ament_cmake_ros/cmake)
[0.335s] -- Found Python3: /usr/bin/python3 (found version "3.12.3") found components: Interpreter 
[0.390s] -- Found rcutils: 6.7.5 (/workspace/jazzy_ws/install/share/rcutils/cmake)
[0.394s] -- Found rosidl_dynamic_typesupport: 0.1.2 (/workspace/jazzy_ws/install/share/rosidl_dynamic_typesupport/cmake)
[0.398s] -- Found fastrtps_cmake_module: 3.6.3 (/workspace/jazzy_ws/install/share/fastrtps_cmake_module/cmake)
[0.427s] -- Found OpenSSL: /usr/lib/x86_64-linux-gnu/libcrypto.so (found version "3.0.13")  
[0.436s] -- Found FastRTPS: /workspace/jazzy_ws/install/include (Required is at least version "2.3") 
[0.486s] -- Configuring done (0.4s)
[0.489s] -- Generating done (0.0s)
[0.491s] -- Build files have been written to: /workspace/jazzy_ws/build/rosidl_dynamic_typesupport_fastrtps
[0.494s] Invoked command in '/workspace/jazzy_ws/build/rosidl_dynamic_typesupport_fastrtps' returned '0': AMENT_PREFIX_PATH=/workspace/jazzy_ws/install CMAKE_PREFIX_PATH=/workspace/jazzy_ws/install LD_LIBRARY_PATH=/workspace/jazzy_ws/install/lib:/workspace/jazzy_ws/install/opt/mimick_vendor/lib PATH=/workspace/jazzy_ws/install/bin:/workspace/jazzy_ws/install/opt/uncrustify_vendor/bin:${PATH} PKG_CONFIG_PATH=/workspace/jazzy_ws/install/lib/x86_64-linux-gnu/pkgconfig:/workspace/jazzy_ws/install/lib/pkgconfig PYTHONPATH=/workspace/jazzy_ws/install/lib/python3.12/site-packages /usr/bin/cmake /workspace/jazzy_ws/src/rosidl_dynamic_typesupport_fastrtps -DCMAKE_INSTALL_PREFIX=/workspace/jazzy_ws/install
[0.494s] Invoking command in '/workspace/jazzy_ws/build/rosidl_dynamic_typesupport_fastrtps': AMENT_PREFIX_PATH=/workspace/jazzy_ws/install CMAKE_PREFIX_PATH=/workspace/jazzy_ws/install LD_LIBRARY_PATH=/workspace/jazzy_ws/install/lib:/workspace/jazzy_ws/install/opt/mimick_vendor/lib PATH=/workspace/jazzy_ws/install/bin:/workspace/jazzy_ws/install/opt/uncrustify_vendor/bin:${PATH} PKG_CONFIG_PATH=/workspace/jazzy_ws/install/lib/x86_64-linux-gnu/pkgconfig:/workspace/jazzy_ws/install/lib/pkgconfig PYTHONPATH=/workspace/jazzy_ws/install/lib/python3.12/site-packages /usr/bin/cmake --build /workspace/jazzy_ws/build/rosidl_dynamic_typesupport_fastrtps -- -j24 -l24
[0.499s] /usr/bin/cmake -S/workspace/jazzy_ws/src/rosidl_dynamic_typesupport_fastrtps -B/workspace/jazzy_ws/build/rosidl_dynamic_typesupport_fastrtps --check-build-system CMakeFiles/Makefile.cmake 0
[0.505s] /usr/bin/cmake -E cmake_progress_start /workspace/jazzy_ws/build/rosidl_dynamic_typesupport_fastrtps/CMakeFiles /workspace/jazzy_ws/build/rosidl_dynamic_typesupport_fastrtps//CMakeFiles/progress.marks
[0.508s] /usr/bin/gmake  -f CMakeFiles/Makefile2 all
[0.509s] gmake[1]: Entering directory '/workspace/jazzy_ws/build/rosidl_dynamic_typesupport_fastrtps'
[0.509s] /usr/bin/gmake  -f CMakeFiles/rosidl_dynamic_typesupport_fastrtps.dir/build.make CMakeFiles/rosidl_dynamic_typesupport_fastrtps.dir/depend
[0.510s] gmake[2]: Entering directory '/workspace/jazzy_ws/build/rosidl_dynamic_typesupport_fastrtps'
[0.510s] cd /workspace/jazzy_ws/build/rosidl_dynamic_typesupport_fastrtps && /usr/bin/cmake -E cmake_depends "Unix Makefiles" /workspace/jazzy_ws/src/rosidl_dynamic_typesupport_fastrtps /workspace/jazzy_ws/src/rosidl_dynamic_typesupport_fastrtps /workspace/jazzy_ws/build/rosidl_dynamic_typesupport_fastrtps /workspace/jazzy_ws/build/rosidl_dynamic_typesupport_fastrtps /workspace/jazzy_ws/build/rosidl_dynamic_typesupport_fastrtps/CMakeFiles/rosidl_dynamic_typesupport_fastrtps.dir/DependInfo.cmake "--color="
[0.513s] gmake[2]: Leaving directory '/workspace/jazzy_ws/build/rosidl_dynamic_typesupport_fastrtps'
[0.513s] /usr/bin/gmake  -f CMakeFiles/rosidl_dynamic_typesupport_fastrtps.dir/build.make CMakeFiles/rosidl_dynamic_typesupport_fastrtps.dir/build
[0.514s] gmake[2]: Entering directory '/workspace/jazzy_ws/build/rosidl_dynamic_typesupport_fastrtps'
[0.518s] [ 14%] Building CXX object CMakeFiles/rosidl_dynamic_typesupport_fastrtps.dir/src/detail/fastrtps_dynamic_type.cpp.o
[0.518s] [ 28%] Building CXX object CMakeFiles/rosidl_dynamic_typesupport_fastrtps.dir/src/detail/fastrtps_dynamic_data.cpp.o
[0.518s] [ 57%] Building CXX object CMakeFiles/rosidl_dynamic_typesupport_fastrtps.dir/src/detail/utils.cpp.o
[0.518s] [ 57%] Building CXX object CMakeFiles/rosidl_dynamic_typesupport_fastrtps.dir/src/detail/fastrtps_serialization_support.cpp.o
[0.518s] /usr/bin/c++ -DFASTCDR_DYN_LINK -DFASTRTPS_DYN_LINK -DFOONATHAN_MEMORY=1 -DFOONATHAN_MEMORY_VERSION_MAJOR=0 -DFOONATHAN_MEMORY_VERSION_MINOR=7 -DFOONATHAN_MEMORY_VERSION_PATCH=3 -DRCUTILS_ENABLE_FAULT_INJECTION -DROS_PACKAGE_NAME=\"rosidl_dynamic_typesupport_fastrtps\" -DTINYXML2_IMPORT -D_FILE_OFFSET_BITS=64 -Drosidl_dynamic_typesupport_fastrtps_EXPORTS -I/workspace/jazzy_ws/src/rosidl_dynamic_typesupport_fastrtps/include -isystem /workspace/jazzy_ws/install/include/rosidl_dynamic_typesupport -isystem /workspace/jazzy_ws/install/include/rcutils -isystem /workspace/jazzy_ws/install/include/rosidl_runtime_c -isystem /workspace/jazzy_ws/install/include/rosidl_typesupport_interface -isystem /workspace/jazzy_ws/install/include -isystem /workspace/jazzy_ws/install/include/foonathan_memory -std=gnu++17 -fPIC -Wall -Wextra -Wpedantic -MD -MT CMakeFiles/rosidl_dynamic_typesupport_fastrtps.dir/src/detail/fastrtps_dynamic_type.cpp.o -MF CMakeFiles/rosidl_dynamic_typesupport_fastrtps.dir/src/detail/fastrtps_dynamic_type.cpp.o.d -o CMakeFiles/rosidl_dynamic_typesupport_fastrtps.dir/src/detail/fastrtps_dynamic_type.cpp.o -c /workspace/jazzy_ws/src/rosidl_dynamic_typesupport_fastrtps/src/detail/fastrtps_dynamic_type.cpp
[0.518s] [ 85%] Building CXX object CMakeFiles/rosidl_dynamic_typesupport_fastrtps.dir/src/serialization_support.cpp.o
[0.518s] [ 85%] Building CXX object CMakeFiles/rosidl_dynamic_typesupport_fastrtps.dir/src/identifier.cpp.o
[0.518s] /usr/bin/c++ -DFASTCDR_DYN_LINK -DFASTRTPS_DYN_LINK -DFOONATHAN_MEMORY=1 -DFOONATHAN_MEMORY_VERSION_MAJOR=0 -DFOONATHAN_MEMORY_VERSION_MINOR=7 -DFOONATHAN_MEMORY_VERSION_PATCH=3 -DRCUTILS_ENABLE_FAULT_INJECTION -DROS_PACKAGE_NAME=\"rosidl_dynamic_typesupport_fastrtps\" -DTINYXML2_IMPORT -D_FILE_OFFSET_BITS=64 -Drosidl_dynamic_typesupport_fastrtps_EXPORTS -I/workspace/jazzy_ws/src/rosidl_dynamic_typesupport_fastrtps/include -isystem /workspace/jazzy_ws/install/include/rosidl_dynamic_typesupport -isystem /workspace/jazzy_ws/install/include/rcutils -isystem /workspace/jazzy_ws/install/include/rosidl_runtime_c -isystem /workspace/jazzy_ws/install/include/rosidl_typesupport_interface -isystem /workspace/jazzy_ws/install/include -isystem /workspace/jazzy_ws/install/include/foonathan_memory -std=gnu++17 -fPIC -Wall -Wextra -Wpedantic -MD -MT CMakeFiles/rosidl_dynamic_typesupport_fastrtps.dir/src/detail/fastrtps_dynamic_data.cpp.o -MF CMakeFiles/rosidl_dynamic_typesupport_fastrtps.dir/src/detail/fastrtps_dynamic_data.cpp.o.d -o CMakeFiles/rosidl_dynamic_typesupport_fastrtps.dir/src/detail/fastrtps_dynamic_data.cpp.o -c /workspace/jazzy_ws/src/rosidl_dynamic_typesupport_fastrtps/src/detail/fastrtps_dynamic_data.cpp
[0.518s] /usr/bin/c++ -DFASTCDR_DYN_LINK -DFASTRTPS_DYN_LINK -DFOONATHAN_MEMORY=1 -DFOONATHAN_MEMORY_VERSION_MAJOR=0 -DFOONATHAN_MEMORY_VERSION_MINOR=7 -DFOONATHAN_MEMORY_VERSION_PATCH=3 -DRCUTILS_ENABLE_FAULT_INJECTION -DROS_PACKAGE_NAME=\"rosidl_dynamic_typesupport_fastrtps\" -DTINYXML2_IMPORT -D_FILE_OFFSET_BITS=64 -Drosidl_dynamic_typesupport_fastrtps_EXPORTS -I/workspace/jazzy_ws/src/rosidl_dynamic_typesupport_fastrtps/include -isystem /workspace/jazzy_ws/install/include/rosidl_dynamic_typesupport -isystem /workspace/jazzy_ws/install/include/rcutils -isystem /workspace/jazzy_ws/install/include/rosidl_runtime_c -isystem /workspace/jazzy_ws/install/include/rosidl_typesupport_interface -isystem /workspace/jazzy_ws/install/include -isystem /workspace/jazzy_ws/install/include/foonathan_memory -std=gnu++17 -fPIC -Wall -Wextra -Wpedantic -MD -MT CMakeFiles/rosidl_dynamic_typesupport_fastrtps.dir/src/detail/utils.cpp.o -MF CMakeFiles/rosidl_dynamic_typesupport_fastrtps.dir/src/detail/utils.cpp.o.d -o CMakeFiles/rosidl_dynamic_typesupport_fastrtps.dir/src/detail/utils.cpp.o -c /workspace/jazzy_ws/src/rosidl_dynamic_typesupport_fastrtps/src/detail/utils.cpp
[0.519s] /usr/bin/c++ -DFASTCDR_DYN_LINK -DFASTRTPS_DYN_LINK -DFOONATHAN_MEMORY=1 -DFOONATHAN_MEMORY_VERSION_MAJOR=0 -DFOONATHAN_MEMORY_VERSION_MINOR=7 -DFOONATHAN_MEMORY_VERSION_PATCH=3 -DRCUTILS_ENABLE_FAULT_INJECTION -DROS_PACKAGE_NAME=\"rosidl_dynamic_typesupport_fastrtps\" -DTINYXML2_IMPORT -D_FILE_OFFSET_BITS=64 -Drosidl_dynamic_typesupport_fastrtps_EXPORTS -I/workspace/jazzy_ws/src/rosidl_dynamic_typesupport_fastrtps/include -isystem /workspace/jazzy_ws/install/include/rosidl_dynamic_typesupport -isystem /workspace/jazzy_ws/install/include/rcutils -isystem /workspace/jazzy_ws/install/include/rosidl_runtime_c -isystem /workspace/jazzy_ws/install/include/rosidl_typesupport_interface -isystem /workspace/jazzy_ws/install/include -isystem /workspace/jazzy_ws/install/include/foonathan_memory -std=gnu++17 -fPIC -Wall -Wextra -Wpedantic -MD -MT CMakeFiles/rosidl_dynamic_typesupport_fastrtps.dir/src/detail/fastrtps_serialization_support.cpp.o -MF CMakeFiles/rosidl_dynamic_typesupport_fastrtps.dir/src/detail/fastrtps_serialization_support.cpp.o.d -o CMakeFiles/rosidl_dynamic_typesupport_fastrtps.dir/src/detail/fastrtps_serialization_support.cpp.o -c /workspace/jazzy_ws/src/rosidl_dynamic_typesupport_fastrtps/src/detail/fastrtps_serialization_support.cpp
[0.519s] /usr/bin/c++ -DFASTCDR_DYN_LINK -DFASTRTPS_DYN_LINK -DFOONATHAN_MEMORY=1 -DFOONATHAN_MEMORY_VERSION_MAJOR=0 -DFOONATHAN_MEMORY_VERSION_MINOR=7 -DFOONATHAN_MEMORY_VERSION_PATCH=3 -DRCUTILS_ENABLE_FAULT_INJECTION -DROS_PACKAGE_NAME=\"rosidl_dynamic_typesupport_fastrtps\" -DTINYXML2_IMPORT -D_FILE_OFFSET_BITS=64 -Drosidl_dynamic_typesupport_fastrtps_EXPORTS -I/workspace/jazzy_ws/src/rosidl_dynamic_typesupport_fastrtps/include -isystem /workspace/jazzy_ws/install/include/rosidl_dynamic_typesupport -isystem /workspace/jazzy_ws/install/include/rcutils -isystem /workspace/jazzy_ws/install/include/rosidl_runtime_c -isystem /workspace/jazzy_ws/install/include/rosidl_typesupport_interface -isystem /workspace/jazzy_ws/install/include -isystem /workspace/jazzy_ws/install/include/foonathan_memory -std=gnu++17 -fPIC -Wall -Wextra -Wpedantic -MD -MT CMakeFiles/rosidl_dynamic_typesupport_fastrtps.dir/src/identifier.cpp.o -MF CMakeFiles/rosidl_dynamic_typesupport_fastrtps.dir/src/identifier.cpp.o.d -o CMakeFiles/rosidl_dynamic_typesupport_fastrtps.dir/src/identifier.cpp.o -c /workspace/jazzy_ws/src/rosidl_dynamic_typesupport_fastrtps/src/identifier.cpp
[0.519s] /usr/bin/c++ -DFASTCDR_DYN_LINK -DFASTRTPS_DYN_LINK -DFOONATHAN_MEMORY=1 -DFOONATHAN_MEMORY_VERSION_MAJOR=0 -DFOONATHAN_MEMORY_VERSION_MINOR=7 -DFOONATHAN_MEMORY_VERSION_PATCH=3 -DRCUTILS_ENABLE_FAULT_INJECTION -DROS_PACKAGE_NAME=\"rosidl_dynamic_typesupport_fastrtps\" -DTINYXML2_IMPORT -D_FILE_OFFSET_BITS=64 -Drosidl_dynamic_typesupport_fastrtps_EXPORTS -I/workspace/jazzy_ws/src/rosidl_dynamic_typesupport_fastrtps/include -isystem /workspace/jazzy_ws/install/include/rosidl_dynamic_typesupport -isystem /workspace/jazzy_ws/install/include/rcutils -isystem /workspace/jazzy_ws/install/include/rosidl_runtime_c -isystem /workspace/jazzy_ws/install/include/rosidl_typesupport_interface -isystem /workspace/jazzy_ws/install/include -isystem /workspace/jazzy_ws/install/include/foonathan_memory -std=gnu++17 -fPIC -Wall -Wextra -Wpedantic -MD -MT CMakeFiles/rosidl_dynamic_typesupport_fastrtps.dir/src/serialization_support.cpp.o -MF CMakeFiles/rosidl_dynamic_typesupport_fastrtps.dir/src/serialization_support.cpp.o.d -o CMakeFiles/rosidl_dynamic_typesupport_fastrtps.dir/src/serialization_support.cpp.o -c /workspace/jazzy_ws/src/rosidl_dynamic_typesupport_fastrtps/src/serialization_support.cpp
[1.272s] [100%] Linking CXX shared library librosidl_dynamic_typesupport_fastrtps.so
[1.272s] /usr/bin/cmake -E cmake_link_script CMakeFiles/rosidl_dynamic_typesupport_fastrtps.dir/link.txt --verbose=1
[1.276s] /usr/bin/c++ -fPIC -shared -Wl,-soname,librosidl_dynamic_typesupport_fastrtps.so -o librosidl_dynamic_typesupport_fastrtps.so CMakeFiles/rosidl_dynamic_typesupport_fastrtps.dir/src/detail/fastrtps_dynamic_data.cpp.o CMakeFiles/rosidl_dynamic_typesupport_fastrtps.dir/src/detail/fastrtps_dynamic_type.cpp.o CMakeFiles/rosidl_dynamic_typesupport_fastrtps.dir/src/detail/fastrtps_serialization_support.cpp.o CMakeFiles/rosidl_dynamic_typesupport_fastrtps.dir/src/detail/utils.cpp.o CMakeFiles/rosidl_dynamic_typesupport_fastrtps.dir/src/identifier.cpp.o CMakeFiles/rosidl_dynamic_typesupport_fastrtps.dir/src/serialization_support.cpp.o  -Wl,-rpath,/workspace/jazzy_ws/install/lib: /workspace/jazzy_ws/install/lib/librosidl_dynamic_typesupport.so /workspace/jazzy_ws/install/lib/libfastrtps.so.2.14.5 /workspace/jazzy_ws/install/lib/librosidl_runtime_c.so /workspace/jazzy_ws/install/lib/librcutils.so -latomic /workspace/jazzy_ws/install/lib/libfastcdr.so.2.2.7 /workspace/jazzy_ws/install/lib/libfoonathan_memory-0.7.3.a -lpthread -ldl /usr/lib/x86_64-linux-gnu/libtinyxml2.so.10.0.0 /usr/lib/x86_64-linux-gnu/libssl.so /usr/lib/x86_64-linux-gnu/libcrypto.so -lrt 
[1.372s] gmake[2]: Leaving directory '/workspace/jazzy_ws/build/rosidl_dynamic_typesupport_fastrtps'
[1.380s] [100%] Built target rosidl_dynamic_typesupport_fastrtps
[1.381s] gmake[1]: Leaving directory '/workspace/jazzy_ws/build/rosidl_dynamic_typesupport_fastrtps'
[1.381s] /usr/bin/cmake -E cmake_progress_start /workspace/jazzy_ws/build/rosidl_dynamic_typesupport_fastrtps/CMakeFiles 0
[1.387s] Invoked command in '/workspace/jazzy_ws/build/rosidl_dynamic_typesupport_fastrtps' returned '0': AMENT_PREFIX_PATH=/workspace/jazzy_ws/install CMAKE_PREFIX_PATH=/workspace/jazzy_ws/install LD_LIBRARY_PATH=/workspace/jazzy_ws/install/lib:/workspace/jazzy_ws/install/opt/mimick_vendor/lib PATH=/workspace/jazzy_ws/install/bin:/workspace/jazzy_ws/install/opt/uncrustify_vendor/bin:${PATH} PKG_CONFIG_PATH=/workspace/jazzy_ws/install/lib/x86_64-linux-gnu/pkgconfig:/workspace/jazzy_ws/install/lib/pkgconfig PYTHONPATH=/workspace/jazzy_ws/install/lib/python3.12/site-packages /usr/bin/cmake --build /workspace/jazzy_ws/build/rosidl_dynamic_typesupport_fastrtps -- -j24 -l24
[1.388s] Invoking command in '/workspace/jazzy_ws/build/rosidl_dynamic_typesupport_fastrtps': AMENT_PREFIX_PATH=/workspace/jazzy_ws/install CMAKE_PREFIX_PATH=/workspace/jazzy_ws/install LD_LIBRARY_PATH=/workspace/jazzy_ws/install/lib:/workspace/jazzy_ws/install/opt/mimick_vendor/lib PATH=/workspace/jazzy_ws/install/bin:/workspace/jazzy_ws/install/opt/uncrustify_vendor/bin:${PATH} PKG_CONFIG_PATH=/workspace/jazzy_ws/install/lib/x86_64-linux-gnu/pkgconfig:/workspace/jazzy_ws/install/lib/pkgconfig PYTHONPATH=/workspace/jazzy_ws/install/lib/python3.12/site-packages /usr/bin/cmake --install /workspace/jazzy_ws/build/rosidl_dynamic_typesupport_fastrtps
[1.391s] -- Install configuration: ""
[1.391s] -- Installing: /workspace/jazzy_ws/install/lib/librosidl_dynamic_typesupport_fastrtps.so
[1.392s] -- Set non-toolchain portion of runtime path of "/workspace/jazzy_ws/install/lib/librosidl_dynamic_typesupport_fastrtps.so" to ""
[1.392s] -- Installing: /workspace/jazzy_ws/install/include/rosidl_dynamic_typesupport_fastrtps
[1.392s] -- Installing: /workspace/jazzy_ws/install/include/rosidl_dynamic_typesupport_fastrtps/rosidl_dynamic_typesupport_fastrtps
[1.392s] -- Installing: /workspace/jazzy_ws/install/include/rosidl_dynamic_typesupport_fastrtps/rosidl_dynamic_typesupport_fastrtps/visibility_control.h
[1.392s] -- Installing: /workspace/jazzy_ws/install/include/rosidl_dynamic_typesupport_fastrtps/rosidl_dynamic_typesupport_fastrtps/identifier.h
[1.392s] -- Installing: /workspace/jazzy_ws/install/include/rosidl_dynamic_typesupport_fastrtps/rosidl_dynamic_typesupport_fastrtps/serialization_support.h
[1.392s] -- Installing: /workspace/jazzy_ws/install/share/rosidl_dynamic_typesupport_fastrtps/environment/library_path.sh
[1.392s] -- Installing: /workspace/jazzy_ws/install/share/rosidl_dynamic_typesupport_fastrtps/environment/library_path.dsv
[1.392s] -- Installing: /workspace/jazzy_ws/install/share/ament_index/resource_index/package_run_dependencies/rosidl_dynamic_typesupport_fastrtps
[1.392s] -- Installing: /workspace/jazzy_ws/install/share/ament_index/resource_index/parent_prefix_path/rosidl_dynamic_typesupport_fastrtps
[1.392s] -- Installing: /workspace/jazzy_ws/install/share/rosidl_dynamic_typesupport_fastrtps/environment/ament_prefix_path.sh
[1.392s] -- Installing: /workspace/jazzy_ws/install/share/rosidl_dynamic_typesupport_fastrtps/environment/ament_prefix_path.dsv
[1.392s] -- Installing: /workspace/jazzy_ws/install/share/rosidl_dynamic_typesupport_fastrtps/environment/path.sh
[1.393s] -- Installing: /workspace/jazzy_ws/install/share/rosidl_dynamic_typesupport_fastrtps/environment/path.dsv
[1.393s] -- Installing: /workspace/jazzy_ws/install/share/rosidl_dynamic_typesupport_fastrtps/local_setup.bash
[1.393s] -- Installing: /workspace/jazzy_ws/install/share/rosidl_dynamic_typesupport_fastrtps/local_setup.sh
[1.393s] -- Installing: /workspace/jazzy_ws/install/share/rosidl_dynamic_typesupport_fastrtps/local_setup.zsh
[1.393s] -- Installing: /workspace/jazzy_ws/install/share/rosidl_dynamic_typesupport_fastrtps/local_setup.dsv
[1.393s] -- Installing: /workspace/jazzy_ws/install/share/rosidl_dynamic_typesupport_fastrtps/package.dsv
[1.393s] -- Installing: /workspace/jazzy_ws/install/share/ament_index/resource_index/packages/rosidl_dynamic_typesupport_fastrtps
[1.393s] -- Installing: /workspace/jazzy_ws/install/share/rosidl_dynamic_typesupport_fastrtps/cmake/rosidl_dynamic_typesupport_fastrtps-exportExport.cmake
[1.393s] -- Installing: /workspace/jazzy_ws/install/share/rosidl_dynamic_typesupport_fastrtps/cmake/rosidl_dynamic_typesupport_fastrtps-exportExport-noconfig.cmake
[1.393s] -- Installing: /workspace/jazzy_ws/install/share/rosidl_dynamic_typesupport_fastrtps/cmake/ament_cmake_export_targets-extras.cmake
[1.393s] -- Installing: /workspace/jazzy_ws/install/share/rosidl_dynamic_typesupport_fastrtps/cmake/ament_cmake_export_dependencies-extras.cmake
[1.393s] -- Installing: /workspace/jazzy_ws/install/share/rosidl_dynamic_typesupport_fastrtps/cmake/rosidl_dynamic_typesupport_fastrtpsConfig.cmake
[1.393s] -- Installing: /workspace/jazzy_ws/install/share/rosidl_dynamic_typesupport_fastrtps/cmake/rosidl_dynamic_typesupport_fastrtpsConfig-version.cmake
[1.394s] -- Installing: /workspace/jazzy_ws/install/share/rosidl_dynamic_typesupport_fastrtps/package.xml
[1.394s] Invoked command in '/workspace/jazzy_ws/build/rosidl_dynamic_typesupport_fastrtps' returned '0': AMENT_PREFIX_PATH=/workspace/jazzy_ws/install CMAKE_PREFIX_PATH=/workspace/jazzy_ws/install LD_LIBRARY_PATH=/workspace/jazzy_ws/install/lib:/workspace/jazzy_ws/install/opt/mimick_vendor/lib PATH=/workspace/jazzy_ws/install/bin:/workspace/jazzy_ws/install/opt/uncrustify_vendor/bin:${PATH} PKG_CONFIG_PATH=/workspace/jazzy_ws/install/lib/x86_64-linux-gnu/pkgconfig:/workspace/jazzy_ws/install/lib/pkgconfig PYTHONPATH=/workspace/jazzy_ws/install/lib/python3.12/site-packages /usr/bin/cmake --install /workspace/jazzy_ws/build/rosidl_dynamic_typesupport_fastrtps
