/workspace/jazzy_ws/install/lib/python3.12/site-packages/ros2cli/cli.py
/workspace/jazzy_ws/install/lib/python3.12/site-packages/ros2cli/__init__.py
/workspace/jazzy_ws/install/lib/python3.12/site-packages/ros2cli/entry_points.py
/workspace/jazzy_ws/install/lib/python3.12/site-packages/ros2cli/helpers.py
/workspace/jazzy_ws/install/lib/python3.12/site-packages/ros2cli/plugin_system.py
/workspace/jazzy_ws/install/lib/python3.12/site-packages/ros2cli/daemon/__init__.py
/workspace/jazzy_ws/install/lib/python3.12/site-packages/ros2cli/daemon/daemonize.py
/workspace/jazzy_ws/install/lib/python3.12/site-packages/ros2cli/verb/__init__.py
/workspace/jazzy_ws/install/lib/python3.12/site-packages/ros2cli/xmlrpc/client.py
/workspace/jazzy_ws/install/lib/python3.12/site-packages/ros2cli/xmlrpc/__init__.py
/workspace/jazzy_ws/install/lib/python3.12/site-packages/ros2cli/xmlrpc/local_server.py
/workspace/jazzy_ws/install/lib/python3.12/site-packages/ros2cli/command/__init__.py
/workspace/jazzy_ws/install/lib/python3.12/site-packages/ros2cli/command/extension_points.py
/workspace/jazzy_ws/install/lib/python3.12/site-packages/ros2cli/command/extensions.py
/workspace/jazzy_ws/install/lib/python3.12/site-packages/ros2cli/command/daemon.py
/workspace/jazzy_ws/install/lib/python3.12/site-packages/ros2cli/node/direct.py
/workspace/jazzy_ws/install/lib/python3.12/site-packages/ros2cli/node/__init__.py
/workspace/jazzy_ws/install/lib/python3.12/site-packages/ros2cli/node/network_aware.py
/workspace/jazzy_ws/install/lib/python3.12/site-packages/ros2cli/node/strategy.py
/workspace/jazzy_ws/install/lib/python3.12/site-packages/ros2cli/node/daemon.py
/workspace/jazzy_ws/install/lib/python3.12/site-packages/ros2cli/verb/daemon/start.py
/workspace/jazzy_ws/install/lib/python3.12/site-packages/ros2cli/verb/daemon/status.py
/workspace/jazzy_ws/install/lib/python3.12/site-packages/ros2cli/verb/daemon/stop.py
/workspace/jazzy_ws/install/lib/python3.12/site-packages/ros2cli/verb/daemon/__init__.py
/workspace/jazzy_ws/install/lib/python3.12/site-packages/ros2cli/xmlrpc/marshal/rclpy.py
/workspace/jazzy_ws/install/lib/python3.12/site-packages/ros2cli/xmlrpc/marshal/__init__.py
/workspace/jazzy_ws/install/lib/python3.12/site-packages/ros2cli/xmlrpc/marshal/generic.py
/workspace/jazzy_ws/install/lib/python3.12/site-packages/ros2cli/__pycache__/cli.cpython-312.pyc
/workspace/jazzy_ws/install/lib/python3.12/site-packages/ros2cli/__pycache__/__init__.cpython-312.pyc
/workspace/jazzy_ws/install/lib/python3.12/site-packages/ros2cli/__pycache__/entry_points.cpython-312.pyc
/workspace/jazzy_ws/install/lib/python3.12/site-packages/ros2cli/__pycache__/helpers.cpython-312.pyc
/workspace/jazzy_ws/install/lib/python3.12/site-packages/ros2cli/__pycache__/plugin_system.cpython-312.pyc
/workspace/jazzy_ws/install/lib/python3.12/site-packages/ros2cli/daemon/__pycache__/__init__.cpython-312.pyc
/workspace/jazzy_ws/install/lib/python3.12/site-packages/ros2cli/daemon/__pycache__/daemonize.cpython-312.pyc
/workspace/jazzy_ws/install/lib/python3.12/site-packages/ros2cli/verb/__pycache__/__init__.cpython-312.pyc
/workspace/jazzy_ws/install/lib/python3.12/site-packages/ros2cli/xmlrpc/__pycache__/client.cpython-312.pyc
/workspace/jazzy_ws/install/lib/python3.12/site-packages/ros2cli/xmlrpc/__pycache__/__init__.cpython-312.pyc
/workspace/jazzy_ws/install/lib/python3.12/site-packages/ros2cli/xmlrpc/__pycache__/local_server.cpython-312.pyc
/workspace/jazzy_ws/install/lib/python3.12/site-packages/ros2cli/command/__pycache__/__init__.cpython-312.pyc
/workspace/jazzy_ws/install/lib/python3.12/site-packages/ros2cli/command/__pycache__/extension_points.cpython-312.pyc
/workspace/jazzy_ws/install/lib/python3.12/site-packages/ros2cli/command/__pycache__/extensions.cpython-312.pyc
/workspace/jazzy_ws/install/lib/python3.12/site-packages/ros2cli/command/__pycache__/daemon.cpython-312.pyc
/workspace/jazzy_ws/install/lib/python3.12/site-packages/ros2cli/node/__pycache__/direct.cpython-312.pyc
/workspace/jazzy_ws/install/lib/python3.12/site-packages/ros2cli/node/__pycache__/__init__.cpython-312.pyc
/workspace/jazzy_ws/install/lib/python3.12/site-packages/ros2cli/node/__pycache__/network_aware.cpython-312.pyc
/workspace/jazzy_ws/install/lib/python3.12/site-packages/ros2cli/node/__pycache__/strategy.cpython-312.pyc
/workspace/jazzy_ws/install/lib/python3.12/site-packages/ros2cli/node/__pycache__/daemon.cpython-312.pyc
/workspace/jazzy_ws/install/lib/python3.12/site-packages/ros2cli/verb/daemon/__pycache__/start.cpython-312.pyc
/workspace/jazzy_ws/install/lib/python3.12/site-packages/ros2cli/verb/daemon/__pycache__/status.cpython-312.pyc
/workspace/jazzy_ws/install/lib/python3.12/site-packages/ros2cli/verb/daemon/__pycache__/stop.cpython-312.pyc
/workspace/jazzy_ws/install/lib/python3.12/site-packages/ros2cli/verb/daemon/__pycache__/__init__.cpython-312.pyc
/workspace/jazzy_ws/install/lib/python3.12/site-packages/ros2cli/xmlrpc/marshal/__pycache__/rclpy.cpython-312.pyc
/workspace/jazzy_ws/install/lib/python3.12/site-packages/ros2cli/xmlrpc/marshal/__pycache__/__init__.cpython-312.pyc
/workspace/jazzy_ws/install/lib/python3.12/site-packages/ros2cli/xmlrpc/marshal/__pycache__/generic.cpython-312.pyc
/workspace/jazzy_ws/install/share/ament_index/resource_index/packages/ros2cli
/workspace/jazzy_ws/install/share/ros2cli/package.xml
/workspace/jazzy_ws/install/share/ros2cli/package.dsv
/workspace/jazzy_ws/install/share/ros2cli/environment/ros2-argcomplete.bash
/workspace/jazzy_ws/install/share/ros2cli/environment/ros2-argcomplete.zsh
/workspace/jazzy_ws/install/lib/python3.12/site-packages/ros2cli-0.32.8-py3.12.egg-info/PKG-INFO
/workspace/jazzy_ws/install/lib/python3.12/site-packages/ros2cli-0.32.8-py3.12.egg-info/SOURCES.txt
/workspace/jazzy_ws/install/lib/python3.12/site-packages/ros2cli-0.32.8-py3.12.egg-info/not-zip-safe
/workspace/jazzy_ws/install/lib/python3.12/site-packages/ros2cli-0.32.8-py3.12.egg-info/requires.txt
/workspace/jazzy_ws/install/lib/python3.12/site-packages/ros2cli-0.32.8-py3.12.egg-info/top_level.txt
/workspace/jazzy_ws/install/lib/python3.12/site-packages/ros2cli-0.32.8-py3.12.egg-info/entry_points.txt
/workspace/jazzy_ws/install/lib/python3.12/site-packages/ros2cli-0.32.8-py3.12.egg-info/dependency_links.txt
/workspace/jazzy_ws/install/bin/_ros2_daemon
/workspace/jazzy_ws/install/bin/ros2
