/workspace/jazzy_ws/install/lib/python3.12/site-packages/ament_package/templates.py
/workspace/jazzy_ws/install/lib/python3.12/site-packages/ament_package/__init__.py
/workspace/jazzy_ws/install/lib/python3.12/site-packages/ament_package/template/__init__.py
/workspace/jazzy_ws/install/lib/python3.12/site-packages/ament_package/template/prefix_level/__init__.py
/workspace/jazzy_ws/install/lib/python3.12/site-packages/ament_package/template/prefix_level/_local_setup_util.py
/workspace/jazzy_ws/install/lib/python3.12/site-packages/ament_package/template/environment_hook/__init__.py
/workspace/jazzy_ws/install/lib/python3.12/site-packages/ament_package/template/package_level/__init__.py
/workspace/jazzy_ws/install/lib/python3.12/site-packages/ament_package/template/environment_hook/ament_prefix_path.sh
/workspace/jazzy_ws/install/lib/python3.12/site-packages/ament_package/template/environment_hook/pkg_config_path.bat
/workspace/jazzy_ws/install/lib/python3.12/site-packages/ament_package/template/environment_hook/library_path.sh
/workspace/jazzy_ws/install/lib/python3.12/site-packages/ament_package/template/environment_hook/path.bat
/workspace/jazzy_ws/install/lib/python3.12/site-packages/ament_package/template/environment_hook/pythonpath.sh.in
/workspace/jazzy_ws/install/lib/python3.12/site-packages/ament_package/template/environment_hook/path.sh
/workspace/jazzy_ws/install/lib/python3.12/site-packages/ament_package/template/environment_hook/pkg_config_path.sh
/workspace/jazzy_ws/install/lib/python3.12/site-packages/ament_package/template/environment_hook/ament_prefix_path.bat
/workspace/jazzy_ws/install/lib/python3.12/site-packages/ament_package/template/environment_hook/pythonpath.bat.in
/workspace/jazzy_ws/install/lib/python3.12/site-packages/ament_package/template/package_level/local_setup.sh.in
/workspace/jazzy_ws/install/lib/python3.12/site-packages/ament_package/template/package_level/local_setup.zsh.in
/workspace/jazzy_ws/install/lib/python3.12/site-packages/ament_package/template/package_level/local_setup.bat.in
/workspace/jazzy_ws/install/lib/python3.12/site-packages/ament_package/template/package_level/local_setup.bash.in
/workspace/jazzy_ws/install/lib/python3.12/site-packages/ament_package/template/prefix_level/local_setup.bash
/workspace/jazzy_ws/install/lib/python3.12/site-packages/ament_package/template/prefix_level/setup.bash
/workspace/jazzy_ws/install/lib/python3.12/site-packages/ament_package/template/prefix_level/local_setup.sh.in
/workspace/jazzy_ws/install/lib/python3.12/site-packages/ament_package/template/prefix_level/setup.bat.in
/workspace/jazzy_ws/install/lib/python3.12/site-packages/ament_package/template/prefix_level/setup.sh.in
/workspace/jazzy_ws/install/lib/python3.12/site-packages/ament_package/template/prefix_level/setup.zsh
/workspace/jazzy_ws/install/lib/python3.12/site-packages/ament_package/template/prefix_level/local_setup.bat.in
/workspace/jazzy_ws/install/lib/python3.12/site-packages/ament_package/template/prefix_level/local_setup.zsh
/workspace/jazzy_ws/install/lib/python3.12/site-packages/ament_package/__pycache__/templates.cpython-312.pyc
/workspace/jazzy_ws/install/lib/python3.12/site-packages/ament_package/__pycache__/__init__.cpython-312.pyc
/workspace/jazzy_ws/install/lib/python3.12/site-packages/ament_package/template/__pycache__/__init__.cpython-312.pyc
/workspace/jazzy_ws/install/lib/python3.12/site-packages/ament_package/template/prefix_level/__pycache__/__init__.cpython-312.pyc
/workspace/jazzy_ws/install/lib/python3.12/site-packages/ament_package/template/prefix_level/__pycache__/_local_setup_util.cpython-312.pyc
/workspace/jazzy_ws/install/lib/python3.12/site-packages/ament_package/template/environment_hook/__pycache__/__init__.cpython-312.pyc
/workspace/jazzy_ws/install/lib/python3.12/site-packages/ament_package/template/package_level/__pycache__/__init__.cpython-312.pyc
/workspace/jazzy_ws/install/share/ament_package/package.xml
/workspace/jazzy_ws/install/share/ament_index/resource_index/packages/ament_package
/workspace/jazzy_ws/install/lib/python3.12/site-packages/ament_package-0.16.5-py3.12.egg-info/PKG-INFO
/workspace/jazzy_ws/install/lib/python3.12/site-packages/ament_package-0.16.5-py3.12.egg-info/SOURCES.txt
/workspace/jazzy_ws/install/lib/python3.12/site-packages/ament_package-0.16.5-py3.12.egg-info/zip-safe
/workspace/jazzy_ws/install/lib/python3.12/site-packages/ament_package-0.16.5-py3.12.egg-info/requires.txt
/workspace/jazzy_ws/install/lib/python3.12/site-packages/ament_package-0.16.5-py3.12.egg-info/top_level.txt
/workspace/jazzy_ws/install/lib/python3.12/site-packages/ament_package-0.16.5-py3.12.egg-info/dependency_links.txt
