-- Found ament_cmake: 2.5.5 (/workspace/jazzy_ws/install/share/ament_cmake/cmake)
-- Found Python3: /usr/bin/python3 (found version "3.12.3") found components: Interpreter 
-- Found ament_cmake_pytest: 2.5.5 (/workspace/jazzy_ws/install/share/ament_cmake_pytest/cmake)
-- Found ament_lint_auto: 0.17.4 (/workspace/jazzy_ws/install/share/ament_lint_auto/cmake)
-- Added test 'copyright' to check source files copyright and LICENSE
-- Added test 'flake8' to check Python code syntax and style conventions
-- Configured 'flake8' exclude dirs and/or files: 
-- Added test 'lint_cmake' to check CMake code style
-- Added test 'pep257' to check Python code against some of the docstring style conventions in PEP 257
-- Added test 'xmllint' to check XML markup files
-- Configuring done (0.4s)
-- Generating done (0.0s)
-- Build files have been written to: /workspace/jazzy_ws/build/rosidl_adapter
Built target ament_cmake_python_copy_rosidl_adapter_setup
Built target ament_cmake_python_copy_rosidl_adapter
running egg_info
creating rosidl_adapter.egg-info
writing rosidl_adapter.egg-info/PKG-INFO
writing dependency_links to rosidl_adapter.egg-info/dependency_links.txt
writing entry points to rosidl_adapter.egg-info/entry_points.txt
writing top-level names to rosidl_adapter.egg-info/top_level.txt
writing manifest file 'rosidl_adapter.egg-info/SOURCES.txt'
reading manifest file 'rosidl_adapter.egg-info/SOURCES.txt'
writing manifest file 'rosidl_adapter.egg-info/SOURCES.txt'
Built target ament_cmake_python_build_rosidl_adapter_egg
-- Install configuration: ""
-- Installing: /workspace/jazzy_ws/install/share/rosidl_adapter/environment/pythonpath.sh
-- Installing: /workspace/jazzy_ws/install/share/rosidl_adapter/environment/pythonpath.dsv
-- Installing: /workspace/jazzy_ws/install/lib/python3.12/site-packages/rosidl_adapter-4.6.7-py3.12.egg-info
-- Installing: /workspace/jazzy_ws/install/lib/python3.12/site-packages/rosidl_adapter-4.6.7-py3.12.egg-info/PKG-INFO
-- Installing: /workspace/jazzy_ws/install/lib/python3.12/site-packages/rosidl_adapter-4.6.7-py3.12.egg-info/SOURCES.txt
-- Installing: /workspace/jazzy_ws/install/lib/python3.12/site-packages/rosidl_adapter-4.6.7-py3.12.egg-info/top_level.txt
-- Installing: /workspace/jazzy_ws/install/lib/python3.12/site-packages/rosidl_adapter-4.6.7-py3.12.egg-info/entry_points.txt
-- Installing: /workspace/jazzy_ws/install/lib/python3.12/site-packages/rosidl_adapter-4.6.7-py3.12.egg-info/dependency_links.txt
-- Installing: /workspace/jazzy_ws/install/lib/python3.12/site-packages/rosidl_adapter
-- Installing: /workspace/jazzy_ws/install/lib/python3.12/site-packages/rosidl_adapter/resource
-- Installing: /workspace/jazzy_ws/install/lib/python3.12/site-packages/rosidl_adapter/resource/srv.idl.em
-- Installing: /workspace/jazzy_ws/install/lib/python3.12/site-packages/rosidl_adapter/resource/msg.idl.em
-- Installing: /workspace/jazzy_ws/install/lib/python3.12/site-packages/rosidl_adapter/resource/__init__.py
-- Installing: /workspace/jazzy_ws/install/lib/python3.12/site-packages/rosidl_adapter/resource/action.idl.em
-- Installing: /workspace/jazzy_ws/install/lib/python3.12/site-packages/rosidl_adapter/resource/struct.idl.em
-- Installing: /workspace/jazzy_ws/install/lib/python3.12/site-packages/rosidl_adapter/msg
-- Installing: /workspace/jazzy_ws/install/lib/python3.12/site-packages/rosidl_adapter/msg/__init__.py
-- Installing: /workspace/jazzy_ws/install/lib/python3.12/site-packages/rosidl_adapter/main.py
-- Installing: /workspace/jazzy_ws/install/lib/python3.12/site-packages/rosidl_adapter/__main__.py
-- Installing: /workspace/jazzy_ws/install/lib/python3.12/site-packages/rosidl_adapter/cli.py
-- Installing: /workspace/jazzy_ws/install/lib/python3.12/site-packages/rosidl_adapter/__init__.py
-- Installing: /workspace/jazzy_ws/install/lib/python3.12/site-packages/rosidl_adapter/srv
-- Installing: /workspace/jazzy_ws/install/lib/python3.12/site-packages/rosidl_adapter/srv/__init__.py
-- Installing: /workspace/jazzy_ws/install/lib/python3.12/site-packages/rosidl_adapter/action
-- Installing: /workspace/jazzy_ws/install/lib/python3.12/site-packages/rosidl_adapter/action/__init__.py
-- Installing: /workspace/jazzy_ws/install/lib/python3.12/site-packages/rosidl_adapter/parser.py
Listing '/workspace/jazzy_ws/install/lib/python3.12/site-packages/rosidl_adapter'...
Compiling '/workspace/jazzy_ws/install/lib/python3.12/site-packages/rosidl_adapter/__init__.py'...
Compiling '/workspace/jazzy_ws/install/lib/python3.12/site-packages/rosidl_adapter/__main__.py'...
Listing '/workspace/jazzy_ws/install/lib/python3.12/site-packages/rosidl_adapter/action'...
Compiling '/workspace/jazzy_ws/install/lib/python3.12/site-packages/rosidl_adapter/action/__init__.py'...
Compiling '/workspace/jazzy_ws/install/lib/python3.12/site-packages/rosidl_adapter/cli.py'...
Compiling '/workspace/jazzy_ws/install/lib/python3.12/site-packages/rosidl_adapter/main.py'...
Listing '/workspace/jazzy_ws/install/lib/python3.12/site-packages/rosidl_adapter/msg'...
Compiling '/workspace/jazzy_ws/install/lib/python3.12/site-packages/rosidl_adapter/msg/__init__.py'...
Compiling '/workspace/jazzy_ws/install/lib/python3.12/site-packages/rosidl_adapter/parser.py'...
Listing '/workspace/jazzy_ws/install/lib/python3.12/site-packages/rosidl_adapter/resource'...
Compiling '/workspace/jazzy_ws/install/lib/python3.12/site-packages/rosidl_adapter/resource/__init__.py'...
Listing '/workspace/jazzy_ws/install/lib/python3.12/site-packages/rosidl_adapter/srv'...
Compiling '/workspace/jazzy_ws/install/lib/python3.12/site-packages/rosidl_adapter/srv/__init__.py'...
-- Installing: /workspace/jazzy_ws/install/share/ament_index/resource_index/package_run_dependencies/rosidl_adapter
-- Installing: /workspace/jazzy_ws/install/share/ament_index/resource_index/parent_prefix_path/rosidl_adapter
-- Installing: /workspace/jazzy_ws/install/share/rosidl_adapter/environment/ament_prefix_path.sh
-- Installing: /workspace/jazzy_ws/install/share/rosidl_adapter/environment/ament_prefix_path.dsv
-- Installing: /workspace/jazzy_ws/install/share/rosidl_adapter/environment/path.sh
-- Installing: /workspace/jazzy_ws/install/share/rosidl_adapter/environment/path.dsv
-- Installing: /workspace/jazzy_ws/install/share/rosidl_adapter/local_setup.bash
-- Installing: /workspace/jazzy_ws/install/share/rosidl_adapter/local_setup.sh
-- Installing: /workspace/jazzy_ws/install/share/rosidl_adapter/local_setup.zsh
-- Installing: /workspace/jazzy_ws/install/share/rosidl_adapter/local_setup.dsv
-- Installing: /workspace/jazzy_ws/install/share/rosidl_adapter/package.dsv
-- Installing: /workspace/jazzy_ws/install/share/ament_index/resource_index/packages/rosidl_adapter
-- Installing: /workspace/jazzy_ws/install/share/rosidl_adapter/cmake/rosidl_adapter-extras.cmake
-- Installing: /workspace/jazzy_ws/install/share/rosidl_adapter/cmake/rosidl_adapterConfig.cmake
-- Installing: /workspace/jazzy_ws/install/share/rosidl_adapter/cmake/rosidl_adapterConfig-version.cmake
-- Installing: /workspace/jazzy_ws/install/share/rosidl_adapter/package.xml
-- Up-to-date: /workspace/jazzy_ws/install/share/rosidl_adapter/cmake
-- Installing: /workspace/jazzy_ws/install/share/rosidl_adapter/cmake/rosidl_adapt_interfaces.cmake
-- Installing: /workspace/jazzy_ws/install/lib/rosidl_adapter/msg2idl.py
-- Installing: /workspace/jazzy_ws/install/lib/rosidl_adapter/srv2idl.py
-- Installing: /workspace/jazzy_ws/install/lib/rosidl_adapter/action2idl.py
