[0.042s] Invoking command in '/workspace/jazzy_ws/build/rosidl_adapter': AMENT_PREFIX_PATH=/workspace/jazzy_ws/install CMAKE_PREFIX_PATH=/workspace/jazzy_ws/install LD_LIBRARY_PATH=/workspace/jazzy_ws/install/lib PATH=/workspace/jazzy_ws/install/bin:/workspace/jazzy_ws/install/opt/uncrustify_vendor/bin:${PATH} PKG_CONFIG_PATH=/workspace/jazzy_ws/install/lib/x86_64-linux-gnu/pkgconfig:/workspace/jazzy_ws/install/lib/pkgconfig PYTHONPATH=/workspace/jazzy_ws/install/lib/python3.12/site-packages /usr/bin/cmake /workspace/jazzy_ws/src/rosidl/rosidl_adapter -DCMAKE_INSTALL_PREFIX=/workspace/jazzy_ws/install
[0.050s] -- Found ament_cmake: 2.5.5 (/workspace/jazzy_ws/install/share/ament_cmake/cmake)
[0.128s] -- Found Python3: /usr/bin/python3 (found version "3.12.3") found components: Interpreter 
[0.251s] -- Found ament_cmake_pytest: 2.5.5 (/workspace/jazzy_ws/install/share/ament_cmake_pytest/cmake)
[0.251s] -- Found ament_lint_auto: 0.17.4 (/workspace/jazzy_ws/install/share/ament_lint_auto/cmake)
[0.399s] -- Added test 'copyright' to check source files copyright and LICENSE
[0.405s] -- Added test 'flake8' to check Python code syntax and style conventions
[0.405s] -- Configured 'flake8' exclude dirs and/or files: 
[0.406s] -- Added test 'lint_cmake' to check CMake code style
[0.406s] -- Added test 'pep257' to check Python code against some of the docstring style conventions in PEP 257
[0.409s] -- Added test 'xmllint' to check XML markup files
[0.409s] -- Configuring done (0.4s)
[0.411s] -- Generating done (0.0s)
[0.412s] -- Build files have been written to: /workspace/jazzy_ws/build/rosidl_adapter
[0.414s] Invoked command in '/workspace/jazzy_ws/build/rosidl_adapter' returned '0': AMENT_PREFIX_PATH=/workspace/jazzy_ws/install CMAKE_PREFIX_PATH=/workspace/jazzy_ws/install LD_LIBRARY_PATH=/workspace/jazzy_ws/install/lib PATH=/workspace/jazzy_ws/install/bin:/workspace/jazzy_ws/install/opt/uncrustify_vendor/bin:${PATH} PKG_CONFIG_PATH=/workspace/jazzy_ws/install/lib/x86_64-linux-gnu/pkgconfig:/workspace/jazzy_ws/install/lib/pkgconfig PYTHONPATH=/workspace/jazzy_ws/install/lib/python3.12/site-packages /usr/bin/cmake /workspace/jazzy_ws/src/rosidl/rosidl_adapter -DCMAKE_INSTALL_PREFIX=/workspace/jazzy_ws/install
[0.414s] Invoking command in '/workspace/jazzy_ws/build/rosidl_adapter': AMENT_PREFIX_PATH=/workspace/jazzy_ws/install CMAKE_PREFIX_PATH=/workspace/jazzy_ws/install LD_LIBRARY_PATH=/workspace/jazzy_ws/install/lib PATH=/workspace/jazzy_ws/install/bin:/workspace/jazzy_ws/install/opt/uncrustify_vendor/bin:${PATH} PKG_CONFIG_PATH=/workspace/jazzy_ws/install/lib/x86_64-linux-gnu/pkgconfig:/workspace/jazzy_ws/install/lib/pkgconfig PYTHONPATH=/workspace/jazzy_ws/install/lib/python3.12/site-packages /usr/bin/cmake --build /workspace/jazzy_ws/build/rosidl_adapter -- -j24 -l24
[0.444s] Built target ament_cmake_python_copy_rosidl_adapter_setup
[0.444s] Built target ament_cmake_python_copy_rosidl_adapter
[0.549s] running egg_info
[0.554s] creating rosidl_adapter.egg-info
[0.554s] writing rosidl_adapter.egg-info/PKG-INFO
[0.554s] writing dependency_links to rosidl_adapter.egg-info/dependency_links.txt
[0.554s] writing entry points to rosidl_adapter.egg-info/entry_points.txt
[0.555s] writing top-level names to rosidl_adapter.egg-info/top_level.txt
[0.556s] writing manifest file 'rosidl_adapter.egg-info/SOURCES.txt'
[0.569s] reading manifest file 'rosidl_adapter.egg-info/SOURCES.txt'
[0.569s] writing manifest file 'rosidl_adapter.egg-info/SOURCES.txt'
[0.591s] Built target ament_cmake_python_build_rosidl_adapter_egg
[0.599s] Invoked command in '/workspace/jazzy_ws/build/rosidl_adapter' returned '0': AMENT_PREFIX_PATH=/workspace/jazzy_ws/install CMAKE_PREFIX_PATH=/workspace/jazzy_ws/install LD_LIBRARY_PATH=/workspace/jazzy_ws/install/lib PATH=/workspace/jazzy_ws/install/bin:/workspace/jazzy_ws/install/opt/uncrustify_vendor/bin:${PATH} PKG_CONFIG_PATH=/workspace/jazzy_ws/install/lib/x86_64-linux-gnu/pkgconfig:/workspace/jazzy_ws/install/lib/pkgconfig PYTHONPATH=/workspace/jazzy_ws/install/lib/python3.12/site-packages /usr/bin/cmake --build /workspace/jazzy_ws/build/rosidl_adapter -- -j24 -l24
[0.599s] Invoking command in '/workspace/jazzy_ws/build/rosidl_adapter': AMENT_PREFIX_PATH=/workspace/jazzy_ws/install CMAKE_PREFIX_PATH=/workspace/jazzy_ws/install LD_LIBRARY_PATH=/workspace/jazzy_ws/install/lib PATH=/workspace/jazzy_ws/install/bin:/workspace/jazzy_ws/install/opt/uncrustify_vendor/bin:${PATH} PKG_CONFIG_PATH=/workspace/jazzy_ws/install/lib/x86_64-linux-gnu/pkgconfig:/workspace/jazzy_ws/install/lib/pkgconfig PYTHONPATH=/workspace/jazzy_ws/install/lib/python3.12/site-packages /usr/bin/cmake --install /workspace/jazzy_ws/build/rosidl_adapter
[0.603s] -- Install configuration: ""
[0.603s] -- Installing: /workspace/jazzy_ws/install/share/rosidl_adapter/environment/pythonpath.sh
[0.603s] -- Installing: /workspace/jazzy_ws/install/share/rosidl_adapter/environment/pythonpath.dsv
[0.604s] -- Installing: /workspace/jazzy_ws/install/lib/python3.12/site-packages/rosidl_adapter-4.6.7-py3.12.egg-info
[0.604s] -- Installing: /workspace/jazzy_ws/install/lib/python3.12/site-packages/rosidl_adapter-4.6.7-py3.12.egg-info/PKG-INFO
[0.604s] -- Installing: /workspace/jazzy_ws/install/lib/python3.12/site-packages/rosidl_adapter-4.6.7-py3.12.egg-info/SOURCES.txt
[0.604s] -- Installing: /workspace/jazzy_ws/install/lib/python3.12/site-packages/rosidl_adapter-4.6.7-py3.12.egg-info/top_level.txt
[0.604s] -- Installing: /workspace/jazzy_ws/install/lib/python3.12/site-packages/rosidl_adapter-4.6.7-py3.12.egg-info/entry_points.txt
[0.604s] -- Installing: /workspace/jazzy_ws/install/lib/python3.12/site-packages/rosidl_adapter-4.6.7-py3.12.egg-info/dependency_links.txt
[0.604s] -- Installing: /workspace/jazzy_ws/install/lib/python3.12/site-packages/rosidl_adapter
[0.604s] -- Installing: /workspace/jazzy_ws/install/lib/python3.12/site-packages/rosidl_adapter/resource
[0.604s] -- Installing: /workspace/jazzy_ws/install/lib/python3.12/site-packages/rosidl_adapter/resource/srv.idl.em
[0.605s] -- Installing: /workspace/jazzy_ws/install/lib/python3.12/site-packages/rosidl_adapter/resource/msg.idl.em
[0.605s] -- Installing: /workspace/jazzy_ws/install/lib/python3.12/site-packages/rosidl_adapter/resource/__init__.py
[0.605s] -- Installing: /workspace/jazzy_ws/install/lib/python3.12/site-packages/rosidl_adapter/resource/action.idl.em
[0.605s] -- Installing: /workspace/jazzy_ws/install/lib/python3.12/site-packages/rosidl_adapter/resource/struct.idl.em
[0.605s] -- Installing: /workspace/jazzy_ws/install/lib/python3.12/site-packages/rosidl_adapter/msg
[0.605s] -- Installing: /workspace/jazzy_ws/install/lib/python3.12/site-packages/rosidl_adapter/msg/__init__.py
[0.605s] -- Installing: /workspace/jazzy_ws/install/lib/python3.12/site-packages/rosidl_adapter/main.py
[0.605s] -- Installing: /workspace/jazzy_ws/install/lib/python3.12/site-packages/rosidl_adapter/__main__.py
[0.605s] -- Installing: /workspace/jazzy_ws/install/lib/python3.12/site-packages/rosidl_adapter/cli.py
[0.605s] -- Installing: /workspace/jazzy_ws/install/lib/python3.12/site-packages/rosidl_adapter/__init__.py
[0.605s] -- Installing: /workspace/jazzy_ws/install/lib/python3.12/site-packages/rosidl_adapter/srv
[0.605s] -- Installing: /workspace/jazzy_ws/install/lib/python3.12/site-packages/rosidl_adapter/srv/__init__.py
[0.605s] -- Installing: /workspace/jazzy_ws/install/lib/python3.12/site-packages/rosidl_adapter/action
[0.605s] -- Installing: /workspace/jazzy_ws/install/lib/python3.12/site-packages/rosidl_adapter/action/__init__.py
[0.605s] -- Installing: /workspace/jazzy_ws/install/lib/python3.12/site-packages/rosidl_adapter/parser.py
[0.638s] Listing '/workspace/jazzy_ws/install/lib/python3.12/site-packages/rosidl_adapter'...
[0.638s] Compiling '/workspace/jazzy_ws/install/lib/python3.12/site-packages/rosidl_adapter/__init__.py'...
[0.638s] Compiling '/workspace/jazzy_ws/install/lib/python3.12/site-packages/rosidl_adapter/__main__.py'...
[0.638s] Listing '/workspace/jazzy_ws/install/lib/python3.12/site-packages/rosidl_adapter/action'...
[0.638s] Compiling '/workspace/jazzy_ws/install/lib/python3.12/site-packages/rosidl_adapter/action/__init__.py'...
[0.638s] Compiling '/workspace/jazzy_ws/install/lib/python3.12/site-packages/rosidl_adapter/cli.py'...
[0.638s] Compiling '/workspace/jazzy_ws/install/lib/python3.12/site-packages/rosidl_adapter/main.py'...
[0.638s] Listing '/workspace/jazzy_ws/install/lib/python3.12/site-packages/rosidl_adapter/msg'...
[0.638s] Compiling '/workspace/jazzy_ws/install/lib/python3.12/site-packages/rosidl_adapter/msg/__init__.py'...
[0.638s] Compiling '/workspace/jazzy_ws/install/lib/python3.12/site-packages/rosidl_adapter/parser.py'...
[0.638s] Listing '/workspace/jazzy_ws/install/lib/python3.12/site-packages/rosidl_adapter/resource'...
[0.638s] Compiling '/workspace/jazzy_ws/install/lib/python3.12/site-packages/rosidl_adapter/resource/__init__.py'...
[0.638s] Listing '/workspace/jazzy_ws/install/lib/python3.12/site-packages/rosidl_adapter/srv'...
[0.638s] Compiling '/workspace/jazzy_ws/install/lib/python3.12/site-packages/rosidl_adapter/srv/__init__.py'...
[0.641s] -- Installing: /workspace/jazzy_ws/install/share/ament_index/resource_index/package_run_dependencies/rosidl_adapter
[0.641s] -- Installing: /workspace/jazzy_ws/install/share/ament_index/resource_index/parent_prefix_path/rosidl_adapter
[0.641s] -- Installing: /workspace/jazzy_ws/install/share/rosidl_adapter/environment/ament_prefix_path.sh
[0.641s] -- Installing: /workspace/jazzy_ws/install/share/rosidl_adapter/environment/ament_prefix_path.dsv
[0.641s] -- Installing: /workspace/jazzy_ws/install/share/rosidl_adapter/environment/path.sh
[0.642s] -- Installing: /workspace/jazzy_ws/install/share/rosidl_adapter/environment/path.dsv
[0.642s] -- Installing: /workspace/jazzy_ws/install/share/rosidl_adapter/local_setup.bash
[0.642s] -- Installing: /workspace/jazzy_ws/install/share/rosidl_adapter/local_setup.sh
[0.642s] -- Installing: /workspace/jazzy_ws/install/share/rosidl_adapter/local_setup.zsh
[0.642s] -- Installing: /workspace/jazzy_ws/install/share/rosidl_adapter/local_setup.dsv
[0.642s] -- Installing: /workspace/jazzy_ws/install/share/rosidl_adapter/package.dsv
[0.642s] -- Installing: /workspace/jazzy_ws/install/share/ament_index/resource_index/packages/rosidl_adapter
[0.642s] -- Installing: /workspace/jazzy_ws/install/share/rosidl_adapter/cmake/rosidl_adapter-extras.cmake
[0.642s] -- Installing: /workspace/jazzy_ws/install/share/rosidl_adapter/cmake/rosidl_adapterConfig.cmake
[0.642s] -- Installing: /workspace/jazzy_ws/install/share/rosidl_adapter/cmake/rosidl_adapterConfig-version.cmake
[0.642s] -- Installing: /workspace/jazzy_ws/install/share/rosidl_adapter/package.xml
[0.642s] -- Up-to-date: /workspace/jazzy_ws/install/share/rosidl_adapter/cmake
[0.643s] -- Installing: /workspace/jazzy_ws/install/share/rosidl_adapter/cmake/rosidl_adapt_interfaces.cmake
[0.643s] -- Installing: /workspace/jazzy_ws/install/lib/rosidl_adapter/msg2idl.py
[0.643s] -- Installing: /workspace/jazzy_ws/install/lib/rosidl_adapter/srv2idl.py
[0.643s] -- Installing: /workspace/jazzy_ws/install/lib/rosidl_adapter/action2idl.py
[0.644s] Invoked command in '/workspace/jazzy_ws/build/rosidl_adapter' returned '0': AMENT_PREFIX_PATH=/workspace/jazzy_ws/install CMAKE_PREFIX_PATH=/workspace/jazzy_ws/install LD_LIBRARY_PATH=/workspace/jazzy_ws/install/lib PATH=/workspace/jazzy_ws/install/bin:/workspace/jazzy_ws/install/opt/uncrustify_vendor/bin:${PATH} PKG_CONFIG_PATH=/workspace/jazzy_ws/install/lib/x86_64-linux-gnu/pkgconfig:/workspace/jazzy_ws/install/lib/pkgconfig PYTHONPATH=/workspace/jazzy_ws/install/lib/python3.12/site-packages /usr/bin/cmake --install /workspace/jazzy_ws/build/rosidl_adapter
