-- The C compiler identification is GNU 13.3.0
-- The CXX compiler identification is GNU 13.3.0
-- Detecting C compiler ABI info
-- Detecting C compiler ABI info - done
-- Check for working C compiler: /usr/bin/cc - skipped
-- Detecting C compile features
-- Detecting C compile features - done
-- Detecting CXX compiler ABI info
-- Detecting CXX compiler ABI info - done
-- Check for working CXX compiler: /usr/bin/c++ - skipped
-- Detecting CXX compile features
-- Detecting CXX compile features - done
-- Found ament_cmake: 2.5.5 (/workspace/jazzy_ws/install/share/ament_cmake/cmake)
-- Found Python3: /usr/bin/python3 (found version "3.12.3") found components: Interpreter 
-- Found builtin_interfaces: 2.0.3 (/workspace/jazzy_ws/install/share/builtin_interfaces/cmake)
-- Found rosidl_generator_c: 4.6.7 (/workspace/jazzy_ws/install/share/rosidl_generator_c/cmake)
-- Found rosidl_generator_cpp: 4.6.7 (/workspace/jazzy_ws/install/share/rosidl_generator_cpp/cmake)
-- Using all available rosidl_typesupport_c: rosidl_typesupport_fastrtps_c;rosidl_typesupport_introspection_c
-- Using all available rosidl_typesupport_cpp: rosidl_typesupport_fastrtps_cpp;rosidl_typesupport_introspection_cpp
-- Found rosidl_default_generators: 1.6.0 (/workspace/jazzy_ws/install/share/rosidl_default_generators/cmake)
-- Found rosidl_adapter: 4.6.7 (/workspace/jazzy_ws/install/share/rosidl_adapter/cmake)
-- Found std_msgs: 5.3.6 (/workspace/jazzy_ws/install/share/std_msgs/cmake)
-- Found ament_cmake_cppcheck: 0.17.4 (/workspace/jazzy_ws/install/share/ament_cmake_cppcheck/cmake)
-- Found ament_cmake_cpplint: 0.17.4 (/workspace/jazzy_ws/install/share/ament_cmake_cpplint/cmake)
-- Found ament_cmake_uncrustify: 0.17.4 (/workspace/jazzy_ws/install/share/ament_cmake_uncrustify/cmake)
-- Found ament_cmake_ros: 0.12.0 (/workspace/jazzy_ws/install/share/ament_cmake_ros/cmake)
-- Using all available rosidl_typesupport_c: rosidl_typesupport_fastrtps_c;rosidl_typesupport_introspection_c
-- Using all available rosidl_typesupport_cpp: rosidl_typesupport_fastrtps_cpp;rosidl_typesupport_introspection_cpp
-- Found python_cmake_module: 0.11.1 (/workspace/jazzy_ws/install/share/python_cmake_module/cmake)
-- Found PythonExtra: /usr/bin/python3  
-- Found Python3: /usr/bin/python3 (found version "3.12.3") found components: Interpreter Development NumPy Development.Module Development.Embed 
-- Found ament_cmake_flake8: 0.17.4 (/workspace/jazzy_ws/install/share/ament_cmake_flake8/cmake)
-- Found ament_cmake_pep257: 0.17.4 (/workspace/jazzy_ws/install/share/ament_cmake_pep257/cmake)
-- Configuring done (2.1s)
-- Generating done (0.0s)
-- Build files have been written to: /workspace/jazzy_ws/build/actionlib_msgs
[  1%] Generating type hashes for ROS interfaces
[  1%] Built target ament_cmake_python_copy_actionlib_msgs
running egg_info
creating actionlib_msgs.egg-info
writing actionlib_msgs.egg-info/PKG-INFO
writing dependency_links to actionlib_msgs.egg-info/dependency_links.txt
writing top-level names to actionlib_msgs.egg-info/top_level.txt
writing manifest file 'actionlib_msgs.egg-info/SOURCES.txt'
reading manifest file 'actionlib_msgs.egg-info/SOURCES.txt'
writing manifest file 'actionlib_msgs.egg-info/SOURCES.txt'
[  1%] Built target ament_cmake_python_build_actionlib_msgs_egg
[  1%] Built target actionlib_msgs__rosidl_generator_type_description
[  3%] Generating C code for ROS interfaces
[  5%] Generating C++ code for ROS interfaces
[  5%] Built target actionlib_msgs__cpp
[  7%] Building C object CMakeFiles/actionlib_msgs__rosidl_generator_c.dir/rosidl_generator_c/actionlib_msgs/msg/detail/goal_id__type_support.c.o
[ 11%] Building C object CMakeFiles/actionlib_msgs__rosidl_generator_c.dir/rosidl_generator_c/actionlib_msgs/msg/detail/goal_id__functions.c.o
[ 11%] Building C object CMakeFiles/actionlib_msgs__rosidl_generator_c.dir/rosidl_generator_c/actionlib_msgs/msg/detail/goal_id__description.c.o
[ 12%] Building C object CMakeFiles/actionlib_msgs__rosidl_generator_c.dir/rosidl_generator_c/actionlib_msgs/msg/detail/goal_status_array__functions.c.o
[ 20%] Building C object CMakeFiles/actionlib_msgs__rosidl_generator_c.dir/rosidl_generator_c/actionlib_msgs/msg/detail/goal_status_array__type_support.c.o
[ 20%] Building C object CMakeFiles/actionlib_msgs__rosidl_generator_c.dir/rosidl_generator_c/actionlib_msgs/msg/detail/goal_status__description.c.o
[ 20%] Building C object CMakeFiles/actionlib_msgs__rosidl_generator_c.dir/rosidl_generator_c/actionlib_msgs/msg/detail/goal_status__type_support.c.o
[ 22%] Building C object CMakeFiles/actionlib_msgs__rosidl_generator_c.dir/rosidl_generator_c/actionlib_msgs/msg/detail/goal_status__functions.c.o
[ 22%] Building C object CMakeFiles/actionlib_msgs__rosidl_generator_c.dir/rosidl_generator_c/actionlib_msgs/msg/detail/goal_status_array__description.c.o
[ 24%] Linking C shared library libactionlib_msgs__rosidl_generator_c.so
[ 24%] Built target actionlib_msgs__rosidl_generator_c
[ 35%] Generating C++ introspection for ROS interfaces
[ 35%] Generating C++ type support for eProsima Fast-RTPS
[ 35%] Generating C introspection for ROS interfaces
[ 35%] Generating C++ type support dispatch for ROS interfaces
[ 35%] Generating C type support for eProsima Fast-RTPS
[ 35%] Generating C type support dispatch for ROS interfaces
[ 38%] Building CXX object CMakeFiles/actionlib_msgs__rosidl_typesupport_cpp.dir/rosidl_typesupport_cpp/actionlib_msgs/msg/goal_id__type_support.cpp.o
[ 38%] Building CXX object CMakeFiles/actionlib_msgs__rosidl_typesupport_cpp.dir/rosidl_typesupport_cpp/actionlib_msgs/msg/goal_status__type_support.cpp.o
[ 40%] Building CXX object CMakeFiles/actionlib_msgs__rosidl_typesupport_cpp.dir/rosidl_typesupport_cpp/actionlib_msgs/msg/goal_status_array__type_support.cpp.o
[ 46%] Building CXX object CMakeFiles/actionlib_msgs__rosidl_typesupport_introspection_cpp.dir/rosidl_typesupport_introspection_cpp/actionlib_msgs/msg/detail/goal_id__type_support.cpp.o
[ 46%] Building CXX object CMakeFiles/actionlib_msgs__rosidl_typesupport_introspection_cpp.dir/rosidl_typesupport_introspection_cpp/actionlib_msgs/msg/detail/goal_status_array__type_support.cpp.o
[ 46%] Building CXX object CMakeFiles/actionlib_msgs__rosidl_typesupport_introspection_cpp.dir/rosidl_typesupport_introspection_cpp/actionlib_msgs/msg/detail/goal_status__type_support.cpp.o
[ 48%] Building C object CMakeFiles/actionlib_msgs__rosidl_typesupport_introspection_c.dir/rosidl_typesupport_introspection_c/actionlib_msgs/msg/detail/goal_id__type_support.c.o
[ 50%] Building C object CMakeFiles/actionlib_msgs__rosidl_typesupport_introspection_c.dir/rosidl_typesupport_introspection_c/actionlib_msgs/msg/detail/goal_status__type_support.c.o
[ 51%] Building C object CMakeFiles/actionlib_msgs__rosidl_typesupport_introspection_c.dir/rosidl_typesupport_introspection_c/actionlib_msgs/msg/detail/goal_status_array__type_support.c.o
[ 53%] Building CXX object CMakeFiles/actionlib_msgs__rosidl_typesupport_fastrtps_c.dir/rosidl_typesupport_fastrtps_c/actionlib_msgs/msg/detail/goal_id__type_support_c.cpp.o
[ 55%] Building CXX object CMakeFiles/actionlib_msgs__rosidl_typesupport_fastrtps_c.dir/rosidl_typesupport_fastrtps_c/actionlib_msgs/msg/detail/goal_status_array__type_support_c.cpp.o
[ 57%] Building CXX object CMakeFiles/actionlib_msgs__rosidl_typesupport_fastrtps_c.dir/rosidl_typesupport_fastrtps_c/actionlib_msgs/msg/detail/goal_status__type_support_c.cpp.o
[ 59%] Building CXX object CMakeFiles/actionlib_msgs__rosidl_typesupport_c.dir/rosidl_typesupport_c/actionlib_msgs/msg/goal_status__type_support.cpp.o
[ 62%] Building CXX object CMakeFiles/actionlib_msgs__rosidl_typesupport_c.dir/rosidl_typesupport_c/actionlib_msgs/msg/goal_id__type_support.cpp.o
[ 62%] Building CXX object CMakeFiles/actionlib_msgs__rosidl_typesupport_c.dir/rosidl_typesupport_c/actionlib_msgs/msg/goal_status_array__type_support.cpp.o
[ 64%] Linking C shared library libactionlib_msgs__rosidl_typesupport_introspection_c.so
[ 66%] Linking CXX shared library libactionlib_msgs__rosidl_typesupport_c.so
[ 66%] Built target actionlib_msgs__rosidl_typesupport_introspection_c
[ 70%] Building CXX object CMakeFiles/actionlib_msgs__rosidl_typesupport_fastrtps_cpp.dir/rosidl_typesupport_fastrtps_cpp/actionlib_msgs/msg/detail/dds_fastrtps/goal_id__type_support.cpp.o
[ 70%] Building CXX object CMakeFiles/actionlib_msgs__rosidl_typesupport_fastrtps_cpp.dir/rosidl_typesupport_fastrtps_cpp/actionlib_msgs/msg/detail/dds_fastrtps/goal_status_array__type_support.cpp.o
[ 72%] Building CXX object CMakeFiles/actionlib_msgs__rosidl_typesupport_fastrtps_cpp.dir/rosidl_typesupport_fastrtps_cpp/actionlib_msgs/msg/detail/dds_fastrtps/goal_status__type_support.cpp.o
[ 72%] Built target actionlib_msgs__rosidl_typesupport_c
[ 74%] Linking CXX shared library libactionlib_msgs__rosidl_typesupport_cpp.so
[ 75%] Linking CXX shared library libactionlib_msgs__rosidl_typesupport_introspection_cpp.so
[ 75%] Built target actionlib_msgs__rosidl_typesupport_cpp
[ 75%] Built target actionlib_msgs__rosidl_typesupport_introspection_cpp
[ 77%] Linking CXX shared library libactionlib_msgs__rosidl_typesupport_fastrtps_c.so
[ 79%] Linking CXX shared library libactionlib_msgs__rosidl_typesupport_fastrtps_cpp.so
[ 79%] Built target actionlib_msgs__rosidl_typesupport_fastrtps_c
[ 79%] Built target actionlib_msgs__rosidl_typesupport_fastrtps_cpp
[ 79%] Built target actionlib_msgs
[ 81%] Generating Python code for ROS interfaces
[ 81%] Built target actionlib_msgs__py
[ 85%] Building C object CMakeFiles/actionlib_msgs__rosidl_generator_py.dir/rosidl_generator_py/actionlib_msgs/msg/_goal_status_s.c.o
[ 85%] Building C object CMakeFiles/actionlib_msgs__rosidl_generator_py.dir/rosidl_generator_py/actionlib_msgs/msg/_goal_id_s.c.o
[ 87%] Building C object CMakeFiles/actionlib_msgs__rosidl_generator_py.dir/rosidl_generator_py/actionlib_msgs/msg/_goal_status_array_s.c.o
[ 88%] Linking C shared library libactionlib_msgs__rosidl_generator_py.so
[ 88%] Built target actionlib_msgs__rosidl_generator_py
[ 94%] Building C object CMakeFiles/actionlib_msgs_s__rosidl_typesupport_introspection_c.dir/rosidl_generator_py/actionlib_msgs/_actionlib_msgs_s.ep.rosidl_typesupport_introspection_c.c.o
[ 94%] Building C object CMakeFiles/actionlib_msgs_s__rosidl_typesupport_c.dir/rosidl_generator_py/actionlib_msgs/_actionlib_msgs_s.ep.rosidl_typesupport_c.c.o
[ 94%] Building C object CMakeFiles/actionlib_msgs_s__rosidl_typesupport_fastrtps_c.dir/rosidl_generator_py/actionlib_msgs/_actionlib_msgs_s.ep.rosidl_typesupport_fastrtps_c.c.o
[ 96%] Linking C shared module rosidl_generator_py/actionlib_msgs/actionlib_msgs_s__rosidl_typesupport_introspection_c.so
[ 98%] Linking C shared module rosidl_generator_py/actionlib_msgs/actionlib_msgs_s__rosidl_typesupport_fastrtps_c.so
[100%] Linking C shared module rosidl_generator_py/actionlib_msgs/actionlib_msgs_s__rosidl_typesupport_c.so
[100%] Built target actionlib_msgs_s__rosidl_typesupport_introspection_c
[100%] Built target actionlib_msgs_s__rosidl_typesupport_fastrtps_c
[100%] Built target actionlib_msgs_s__rosidl_typesupport_c
-- Install configuration: ""
-- Installing: /workspace/jazzy_ws/install/share/ament_index/resource_index/rosidl_interfaces/actionlib_msgs
-- Installing: /workspace/jazzy_ws/install/share/actionlib_msgs/msg/GoalID.json
-- Installing: /workspace/jazzy_ws/install/share/actionlib_msgs/msg/GoalStatus.json
-- Installing: /workspace/jazzy_ws/install/share/actionlib_msgs/msg/GoalStatusArray.json
-- Installing: /workspace/jazzy_ws/install/include/actionlib_msgs/actionlib_msgs
-- Installing: /workspace/jazzy_ws/install/include/actionlib_msgs/actionlib_msgs/msg
-- Installing: /workspace/jazzy_ws/install/include/actionlib_msgs/actionlib_msgs/msg/detail
-- Installing: /workspace/jazzy_ws/install/include/actionlib_msgs/actionlib_msgs/msg/detail/goal_id__struct.h
-- Installing: /workspace/jazzy_ws/install/include/actionlib_msgs/actionlib_msgs/msg/detail/goal_status__struct.h
-- Installing: /workspace/jazzy_ws/install/include/actionlib_msgs/actionlib_msgs/msg/detail/goal_status__type_support.h
-- Installing: /workspace/jazzy_ws/install/include/actionlib_msgs/actionlib_msgs/msg/detail/goal_status__functions.c
-- Installing: /workspace/jazzy_ws/install/include/actionlib_msgs/actionlib_msgs/msg/detail/goal_status_array__type_support.c
-- Installing: /workspace/jazzy_ws/install/include/actionlib_msgs/actionlib_msgs/msg/detail/goal_status_array__struct.h
-- Installing: /workspace/jazzy_ws/install/include/actionlib_msgs/actionlib_msgs/msg/detail/goal_status__type_support.c
-- Installing: /workspace/jazzy_ws/install/include/actionlib_msgs/actionlib_msgs/msg/detail/goal_status_array__functions.c
-- Installing: /workspace/jazzy_ws/install/include/actionlib_msgs/actionlib_msgs/msg/detail/goal_id__type_support.c
-- Installing: /workspace/jazzy_ws/install/include/actionlib_msgs/actionlib_msgs/msg/detail/goal_id__functions.c
-- Installing: /workspace/jazzy_ws/install/include/actionlib_msgs/actionlib_msgs/msg/detail/goal_status_array__description.c
-- Installing: /workspace/jazzy_ws/install/include/actionlib_msgs/actionlib_msgs/msg/detail/goal_id__functions.h
-- Installing: /workspace/jazzy_ws/install/include/actionlib_msgs/actionlib_msgs/msg/detail/goal_status_array__type_support.h
-- Installing: /workspace/jazzy_ws/install/include/actionlib_msgs/actionlib_msgs/msg/detail/goal_status__description.c
-- Installing: /workspace/jazzy_ws/install/include/actionlib_msgs/actionlib_msgs/msg/detail/goal_id__type_support.h
-- Installing: /workspace/jazzy_ws/install/include/actionlib_msgs/actionlib_msgs/msg/detail/goal_id__description.c
-- Installing: /workspace/jazzy_ws/install/include/actionlib_msgs/actionlib_msgs/msg/detail/goal_status__functions.h
-- Installing: /workspace/jazzy_ws/install/include/actionlib_msgs/actionlib_msgs/msg/detail/goal_status_array__functions.h
-- Installing: /workspace/jazzy_ws/install/include/actionlib_msgs/actionlib_msgs/msg/goal_status_array.h
-- Installing: /workspace/jazzy_ws/install/include/actionlib_msgs/actionlib_msgs/msg/goal_id.h
-- Installing: /workspace/jazzy_ws/install/include/actionlib_msgs/actionlib_msgs/msg/goal_status.h
-- Installing: /workspace/jazzy_ws/install/include/actionlib_msgs/actionlib_msgs/msg/rosidl_generator_c__visibility_control.h
-- Installing: /workspace/jazzy_ws/install/share/actionlib_msgs/environment/library_path.sh
-- Installing: /workspace/jazzy_ws/install/share/actionlib_msgs/environment/library_path.dsv
-- Installing: /workspace/jazzy_ws/install/lib/libactionlib_msgs__rosidl_generator_c.so
-- Set non-toolchain portion of runtime path of "/workspace/jazzy_ws/install/lib/libactionlib_msgs__rosidl_generator_c.so" to ""
-- Up-to-date: /workspace/jazzy_ws/install/include/actionlib_msgs/actionlib_msgs
-- Up-to-date: /workspace/jazzy_ws/install/include/actionlib_msgs/actionlib_msgs/msg
-- Up-to-date: /workspace/jazzy_ws/install/include/actionlib_msgs/actionlib_msgs/msg/detail
-- Installing: /workspace/jazzy_ws/install/include/actionlib_msgs/actionlib_msgs/msg/detail/goal_status__rosidl_typesupport_fastrtps_c.h
-- Installing: /workspace/jazzy_ws/install/include/actionlib_msgs/actionlib_msgs/msg/detail/goal_id__rosidl_typesupport_fastrtps_c.h
-- Installing: /workspace/jazzy_ws/install/include/actionlib_msgs/actionlib_msgs/msg/detail/goal_status_array__rosidl_typesupport_fastrtps_c.h
-- Installing: /workspace/jazzy_ws/install/include/actionlib_msgs/actionlib_msgs/msg/rosidl_typesupport_fastrtps_c__visibility_control.h
-- Installing: /workspace/jazzy_ws/install/lib/libactionlib_msgs__rosidl_typesupport_fastrtps_c.so
-- Set non-toolchain portion of runtime path of "/workspace/jazzy_ws/install/lib/libactionlib_msgs__rosidl_typesupport_fastrtps_c.so" to ""
-- Up-to-date: /workspace/jazzy_ws/install/include/actionlib_msgs/actionlib_msgs
-- Up-to-date: /workspace/jazzy_ws/install/include/actionlib_msgs/actionlib_msgs/msg
-- Up-to-date: /workspace/jazzy_ws/install/include/actionlib_msgs/actionlib_msgs/msg/detail
-- Installing: /workspace/jazzy_ws/install/include/actionlib_msgs/actionlib_msgs/msg/detail/goal_status__struct.hpp
-- Installing: /workspace/jazzy_ws/install/include/actionlib_msgs/actionlib_msgs/msg/detail/goal_status__type_support.hpp
-- Installing: /workspace/jazzy_ws/install/include/actionlib_msgs/actionlib_msgs/msg/detail/goal_status_array__type_support.hpp
-- Installing: /workspace/jazzy_ws/install/include/actionlib_msgs/actionlib_msgs/msg/detail/goal_id__type_support.hpp
-- Installing: /workspace/jazzy_ws/install/include/actionlib_msgs/actionlib_msgs/msg/detail/goal_status_array__traits.hpp
-- Installing: /workspace/jazzy_ws/install/include/actionlib_msgs/actionlib_msgs/msg/detail/goal_id__builder.hpp
-- Installing: /workspace/jazzy_ws/install/include/actionlib_msgs/actionlib_msgs/msg/detail/goal_status_array__builder.hpp
-- Installing: /workspace/jazzy_ws/install/include/actionlib_msgs/actionlib_msgs/msg/detail/goal_status__builder.hpp
-- Installing: /workspace/jazzy_ws/install/include/actionlib_msgs/actionlib_msgs/msg/detail/goal_id__struct.hpp
-- Installing: /workspace/jazzy_ws/install/include/actionlib_msgs/actionlib_msgs/msg/detail/goal_status__traits.hpp
-- Installing: /workspace/jazzy_ws/install/include/actionlib_msgs/actionlib_msgs/msg/detail/goal_status_array__struct.hpp
-- Installing: /workspace/jazzy_ws/install/include/actionlib_msgs/actionlib_msgs/msg/detail/goal_id__traits.hpp
-- Installing: /workspace/jazzy_ws/install/include/actionlib_msgs/actionlib_msgs/msg/rosidl_generator_cpp__visibility_control.hpp
-- Installing: /workspace/jazzy_ws/install/include/actionlib_msgs/actionlib_msgs/msg/goal_status.hpp
-- Installing: /workspace/jazzy_ws/install/include/actionlib_msgs/actionlib_msgs/msg/goal_status_array.hpp
-- Installing: /workspace/jazzy_ws/install/include/actionlib_msgs/actionlib_msgs/msg/goal_id.hpp
-- Up-to-date: /workspace/jazzy_ws/install/include/actionlib_msgs/actionlib_msgs
-- Up-to-date: /workspace/jazzy_ws/install/include/actionlib_msgs/actionlib_msgs/msg
-- Up-to-date: /workspace/jazzy_ws/install/include/actionlib_msgs/actionlib_msgs/msg/detail
-- Installing: /workspace/jazzy_ws/install/include/actionlib_msgs/actionlib_msgs/msg/detail/goal_id__rosidl_typesupport_fastrtps_cpp.hpp
-- Installing: /workspace/jazzy_ws/install/include/actionlib_msgs/actionlib_msgs/msg/detail/goal_status__rosidl_typesupport_fastrtps_cpp.hpp
-- Installing: /workspace/jazzy_ws/install/include/actionlib_msgs/actionlib_msgs/msg/detail/dds_fastrtps
-- Installing: /workspace/jazzy_ws/install/include/actionlib_msgs/actionlib_msgs/msg/detail/goal_status_array__rosidl_typesupport_fastrtps_cpp.hpp
-- Installing: /workspace/jazzy_ws/install/include/actionlib_msgs/actionlib_msgs/msg/rosidl_typesupport_fastrtps_cpp__visibility_control.h
-- Installing: /workspace/jazzy_ws/install/lib/libactionlib_msgs__rosidl_typesupport_fastrtps_cpp.so
-- Set non-toolchain portion of runtime path of "/workspace/jazzy_ws/install/lib/libactionlib_msgs__rosidl_typesupport_fastrtps_cpp.so" to ""
-- Up-to-date: /workspace/jazzy_ws/install/include/actionlib_msgs/actionlib_msgs
-- Up-to-date: /workspace/jazzy_ws/install/include/actionlib_msgs/actionlib_msgs/msg
-- Up-to-date: /workspace/jazzy_ws/install/include/actionlib_msgs/actionlib_msgs/msg/detail
-- Installing: /workspace/jazzy_ws/install/include/actionlib_msgs/actionlib_msgs/msg/detail/goal_id__rosidl_typesupport_introspection_c.h
-- Up-to-date: /workspace/jazzy_ws/install/include/actionlib_msgs/actionlib_msgs/msg/detail/goal_status_array__type_support.c
-- Up-to-date: /workspace/jazzy_ws/install/include/actionlib_msgs/actionlib_msgs/msg/detail/goal_status__type_support.c
-- Up-to-date: /workspace/jazzy_ws/install/include/actionlib_msgs/actionlib_msgs/msg/detail/goal_id__type_support.c
-- Installing: /workspace/jazzy_ws/install/include/actionlib_msgs/actionlib_msgs/msg/detail/goal_status__rosidl_typesupport_introspection_c.h
-- Installing: /workspace/jazzy_ws/install/include/actionlib_msgs/actionlib_msgs/msg/detail/goal_status_array__rosidl_typesupport_introspection_c.h
-- Installing: /workspace/jazzy_ws/install/include/actionlib_msgs/actionlib_msgs/msg/rosidl_typesupport_introspection_c__visibility_control.h
-- Installing: /workspace/jazzy_ws/install/lib/libactionlib_msgs__rosidl_typesupport_introspection_c.so
-- Set non-toolchain portion of runtime path of "/workspace/jazzy_ws/install/lib/libactionlib_msgs__rosidl_typesupport_introspection_c.so" to ""
-- Installing: /workspace/jazzy_ws/install/lib/libactionlib_msgs__rosidl_typesupport_c.so
-- Set non-toolchain portion of runtime path of "/workspace/jazzy_ws/install/lib/libactionlib_msgs__rosidl_typesupport_c.so" to ""
-- Up-to-date: /workspace/jazzy_ws/install/include/actionlib_msgs/actionlib_msgs
-- Up-to-date: /workspace/jazzy_ws/install/include/actionlib_msgs/actionlib_msgs/msg
-- Up-to-date: /workspace/jazzy_ws/install/include/actionlib_msgs/actionlib_msgs/msg/detail
-- Installing: /workspace/jazzy_ws/install/include/actionlib_msgs/actionlib_msgs/msg/detail/goal_id__type_support.cpp
-- Installing: /workspace/jazzy_ws/install/include/actionlib_msgs/actionlib_msgs/msg/detail/goal_status_array__type_support.cpp
-- Installing: /workspace/jazzy_ws/install/include/actionlib_msgs/actionlib_msgs/msg/detail/goal_id__rosidl_typesupport_introspection_cpp.hpp
-- Installing: /workspace/jazzy_ws/install/include/actionlib_msgs/actionlib_msgs/msg/detail/goal_status__rosidl_typesupport_introspection_cpp.hpp
-- Installing: /workspace/jazzy_ws/install/include/actionlib_msgs/actionlib_msgs/msg/detail/goal_status__type_support.cpp
-- Installing: /workspace/jazzy_ws/install/include/actionlib_msgs/actionlib_msgs/msg/detail/goal_status_array__rosidl_typesupport_introspection_cpp.hpp
-- Installing: /workspace/jazzy_ws/install/lib/libactionlib_msgs__rosidl_typesupport_introspection_cpp.so
-- Set non-toolchain portion of runtime path of "/workspace/jazzy_ws/install/lib/libactionlib_msgs__rosidl_typesupport_introspection_cpp.so" to ""
-- Installing: /workspace/jazzy_ws/install/lib/libactionlib_msgs__rosidl_typesupport_cpp.so
-- Set non-toolchain portion of runtime path of "/workspace/jazzy_ws/install/lib/libactionlib_msgs__rosidl_typesupport_cpp.so" to ""
-- Installing: /workspace/jazzy_ws/install/share/actionlib_msgs/environment/pythonpath.sh
-- Installing: /workspace/jazzy_ws/install/share/actionlib_msgs/environment/pythonpath.dsv
-- Installing: /workspace/jazzy_ws/install/lib/python3.12/site-packages/actionlib_msgs-5.3.6-py3.12.egg-info
-- Installing: /workspace/jazzy_ws/install/lib/python3.12/site-packages/actionlib_msgs-5.3.6-py3.12.egg-info/PKG-INFO
-- Installing: /workspace/jazzy_ws/install/lib/python3.12/site-packages/actionlib_msgs-5.3.6-py3.12.egg-info/SOURCES.txt
-- Installing: /workspace/jazzy_ws/install/lib/python3.12/site-packages/actionlib_msgs-5.3.6-py3.12.egg-info/top_level.txt
-- Installing: /workspace/jazzy_ws/install/lib/python3.12/site-packages/actionlib_msgs-5.3.6-py3.12.egg-info/dependency_links.txt
-- Installing: /workspace/jazzy_ws/install/lib/python3.12/site-packages/actionlib_msgs
-- Installing: /workspace/jazzy_ws/install/lib/python3.12/site-packages/actionlib_msgs/_actionlib_msgs_s.ep.rosidl_typesupport_introspection_c.c
-- Installing: /workspace/jazzy_ws/install/lib/python3.12/site-packages/actionlib_msgs/msg
-- Installing: /workspace/jazzy_ws/install/lib/python3.12/site-packages/actionlib_msgs/msg/_goal_status_array_s.c
-- Installing: /workspace/jazzy_ws/install/lib/python3.12/site-packages/actionlib_msgs/msg/_goal_status.py
-- Installing: /workspace/jazzy_ws/install/lib/python3.12/site-packages/actionlib_msgs/msg/__init__.py
-- Installing: /workspace/jazzy_ws/install/lib/python3.12/site-packages/actionlib_msgs/msg/_goal_status_array.py
-- Installing: /workspace/jazzy_ws/install/lib/python3.12/site-packages/actionlib_msgs/msg/_goal_id_s.c
-- Installing: /workspace/jazzy_ws/install/lib/python3.12/site-packages/actionlib_msgs/msg/_goal_status_s.c
-- Installing: /workspace/jazzy_ws/install/lib/python3.12/site-packages/actionlib_msgs/msg/_goal_id.py
-- Installing: /workspace/jazzy_ws/install/lib/python3.12/site-packages/actionlib_msgs/__init__.py
-- Installing: /workspace/jazzy_ws/install/lib/python3.12/site-packages/actionlib_msgs/actionlib_msgs_s__rosidl_typesupport_introspection_c.so
-- Installing: /workspace/jazzy_ws/install/lib/python3.12/site-packages/actionlib_msgs/_actionlib_msgs_s.ep.rosidl_typesupport_fastrtps_c.c
-- Installing: /workspace/jazzy_ws/install/lib/python3.12/site-packages/actionlib_msgs/actionlib_msgs_s__rosidl_typesupport_c.so
-- Installing: /workspace/jazzy_ws/install/lib/python3.12/site-packages/actionlib_msgs/actionlib_msgs_s__rosidl_typesupport_fastrtps_c.so
-- Installing: /workspace/jazzy_ws/install/lib/python3.12/site-packages/actionlib_msgs/_actionlib_msgs_s.ep.rosidl_typesupport_c.c
Listing '/workspace/jazzy_ws/install/lib/python3.12/site-packages/actionlib_msgs'...
Compiling '/workspace/jazzy_ws/install/lib/python3.12/site-packages/actionlib_msgs/__init__.py'...
Listing '/workspace/jazzy_ws/install/lib/python3.12/site-packages/actionlib_msgs/msg'...
Compiling '/workspace/jazzy_ws/install/lib/python3.12/site-packages/actionlib_msgs/msg/__init__.py'...
Compiling '/workspace/jazzy_ws/install/lib/python3.12/site-packages/actionlib_msgs/msg/_goal_id.py'...
Compiling '/workspace/jazzy_ws/install/lib/python3.12/site-packages/actionlib_msgs/msg/_goal_status.py'...
Compiling '/workspace/jazzy_ws/install/lib/python3.12/site-packages/actionlib_msgs/msg/_goal_status_array.py'...
-- Installing: /workspace/jazzy_ws/install/lib/python3.12/site-packages/actionlib_msgs/actionlib_msgs_s__rosidl_typesupport_fastrtps_c.so
-- Set non-toolchain portion of runtime path of "/workspace/jazzy_ws/install/lib/python3.12/site-packages/actionlib_msgs/actionlib_msgs_s__rosidl_typesupport_fastrtps_c.so" to ""
-- Installing: /workspace/jazzy_ws/install/lib/python3.12/site-packages/actionlib_msgs/actionlib_msgs_s__rosidl_typesupport_introspection_c.so
-- Set non-toolchain portion of runtime path of "/workspace/jazzy_ws/install/lib/python3.12/site-packages/actionlib_msgs/actionlib_msgs_s__rosidl_typesupport_introspection_c.so" to ""
-- Installing: /workspace/jazzy_ws/install/lib/python3.12/site-packages/actionlib_msgs/actionlib_msgs_s__rosidl_typesupport_c.so
-- Set non-toolchain portion of runtime path of "/workspace/jazzy_ws/install/lib/python3.12/site-packages/actionlib_msgs/actionlib_msgs_s__rosidl_typesupport_c.so" to ""
-- Installing: /workspace/jazzy_ws/install/lib/libactionlib_msgs__rosidl_generator_py.so
-- Set non-toolchain portion of runtime path of "/workspace/jazzy_ws/install/lib/libactionlib_msgs__rosidl_generator_py.so" to ""
-- Installing: /workspace/jazzy_ws/install/share/actionlib_msgs/msg/GoalID.idl
-- Installing: /workspace/jazzy_ws/install/share/actionlib_msgs/msg/GoalStatus.idl
-- Installing: /workspace/jazzy_ws/install/share/actionlib_msgs/msg/GoalStatusArray.idl
-- Installing: /workspace/jazzy_ws/install/share/actionlib_msgs/msg/GoalID.msg
-- Installing: /workspace/jazzy_ws/install/share/actionlib_msgs/msg/GoalStatus.msg
-- Installing: /workspace/jazzy_ws/install/share/actionlib_msgs/msg/GoalStatusArray.msg
-- Installing: /workspace/jazzy_ws/install/share/ament_index/resource_index/package_run_dependencies/actionlib_msgs
-- Installing: /workspace/jazzy_ws/install/share/ament_index/resource_index/parent_prefix_path/actionlib_msgs
-- Installing: /workspace/jazzy_ws/install/share/actionlib_msgs/environment/ament_prefix_path.sh
-- Installing: /workspace/jazzy_ws/install/share/actionlib_msgs/environment/ament_prefix_path.dsv
-- Installing: /workspace/jazzy_ws/install/share/actionlib_msgs/environment/path.sh
-- Installing: /workspace/jazzy_ws/install/share/actionlib_msgs/environment/path.dsv
-- Installing: /workspace/jazzy_ws/install/share/actionlib_msgs/local_setup.bash
-- Installing: /workspace/jazzy_ws/install/share/actionlib_msgs/local_setup.sh
-- Installing: /workspace/jazzy_ws/install/share/actionlib_msgs/local_setup.zsh
-- Installing: /workspace/jazzy_ws/install/share/actionlib_msgs/local_setup.dsv
-- Installing: /workspace/jazzy_ws/install/share/actionlib_msgs/package.dsv
-- Installing: /workspace/jazzy_ws/install/share/ament_index/resource_index/packages/actionlib_msgs
-- Installing: /workspace/jazzy_ws/install/share/actionlib_msgs/cmake/export_actionlib_msgs__rosidl_generator_cExport.cmake
-- Installing: /workspace/jazzy_ws/install/share/actionlib_msgs/cmake/export_actionlib_msgs__rosidl_generator_cExport-noconfig.cmake
-- Installing: /workspace/jazzy_ws/install/share/actionlib_msgs/cmake/export_actionlib_msgs__rosidl_typesupport_fastrtps_cExport.cmake
-- Installing: /workspace/jazzy_ws/install/share/actionlib_msgs/cmake/export_actionlib_msgs__rosidl_typesupport_fastrtps_cExport-noconfig.cmake
-- Installing: /workspace/jazzy_ws/install/share/actionlib_msgs/cmake/export_actionlib_msgs__rosidl_generator_cppExport.cmake
-- Installing: /workspace/jazzy_ws/install/share/actionlib_msgs/cmake/export_actionlib_msgs__rosidl_typesupport_fastrtps_cppExport.cmake
-- Installing: /workspace/jazzy_ws/install/share/actionlib_msgs/cmake/export_actionlib_msgs__rosidl_typesupport_fastrtps_cppExport-noconfig.cmake
-- Installing: /workspace/jazzy_ws/install/share/actionlib_msgs/cmake/actionlib_msgs__rosidl_typesupport_introspection_cExport.cmake
-- Installing: /workspace/jazzy_ws/install/share/actionlib_msgs/cmake/actionlib_msgs__rosidl_typesupport_introspection_cExport-noconfig.cmake
-- Installing: /workspace/jazzy_ws/install/share/actionlib_msgs/cmake/actionlib_msgs__rosidl_typesupport_cExport.cmake
-- Installing: /workspace/jazzy_ws/install/share/actionlib_msgs/cmake/actionlib_msgs__rosidl_typesupport_cExport-noconfig.cmake
-- Installing: /workspace/jazzy_ws/install/share/actionlib_msgs/cmake/actionlib_msgs__rosidl_typesupport_introspection_cppExport.cmake
-- Installing: /workspace/jazzy_ws/install/share/actionlib_msgs/cmake/actionlib_msgs__rosidl_typesupport_introspection_cppExport-noconfig.cmake
-- Installing: /workspace/jazzy_ws/install/share/actionlib_msgs/cmake/actionlib_msgs__rosidl_typesupport_cppExport.cmake
-- Installing: /workspace/jazzy_ws/install/share/actionlib_msgs/cmake/actionlib_msgs__rosidl_typesupport_cppExport-noconfig.cmake
-- Installing: /workspace/jazzy_ws/install/share/actionlib_msgs/cmake/export_actionlib_msgs__rosidl_generator_pyExport.cmake
-- Installing: /workspace/jazzy_ws/install/share/actionlib_msgs/cmake/export_actionlib_msgs__rosidl_generator_pyExport-noconfig.cmake
-- Installing: /workspace/jazzy_ws/install/share/actionlib_msgs/cmake/rosidl_cmake-extras.cmake
-- Installing: /workspace/jazzy_ws/install/share/actionlib_msgs/cmake/ament_cmake_export_dependencies-extras.cmake
-- Installing: /workspace/jazzy_ws/install/share/actionlib_msgs/cmake/ament_cmake_export_include_directories-extras.cmake
-- Installing: /workspace/jazzy_ws/install/share/actionlib_msgs/cmake/ament_cmake_export_libraries-extras.cmake
-- Installing: /workspace/jazzy_ws/install/share/actionlib_msgs/cmake/ament_cmake_export_targets-extras.cmake
-- Installing: /workspace/jazzy_ws/install/share/actionlib_msgs/cmake/rosidl_cmake_export_typesupport_targets-extras.cmake
-- Installing: /workspace/jazzy_ws/install/share/actionlib_msgs/cmake/rosidl_cmake_export_typesupport_libraries-extras.cmake
-- Installing: /workspace/jazzy_ws/install/share/actionlib_msgs/cmake/actionlib_msgsConfig.cmake
-- Installing: /workspace/jazzy_ws/install/share/actionlib_msgs/cmake/actionlib_msgsConfig-version.cmake
-- Installing: /workspace/jazzy_ws/install/share/actionlib_msgs/package.xml
