[0.117s] Invoking command in '/workspace/jazzy_ws/build/actionlib_msgs': AMENT_PREFIX_PATH=/workspace/jazzy_ws/install CMAKE_PREFIX_PATH=/workspace/jazzy_ws/install LD_LIBRARY_PATH=/workspace/jazzy_ws/install/lib:/workspace/jazzy_ws/install/opt/mimick_vendor/lib PATH=/workspace/jazzy_ws/install/bin:/workspace/jazzy_ws/install/opt/uncrustify_vendor/bin:${PATH} PKG_CONFIG_PATH=/workspace/jazzy_ws/install/lib/x86_64-linux-gnu/pkgconfig:/workspace/jazzy_ws/install/lib/pkgconfig PYTHONPATH=/workspace/jazzy_ws/install/lib/python3.12/site-packages /usr/bin/cmake /workspace/jazzy_ws/src/common_interfaces/actionlib_msgs -DCMAKE_INSTALL_PREFIX=/workspace/jazzy_ws/install
[0.154s] -- The C compiler identification is GNU 13.3.0
[0.193s] -- The CXX compiler identification is GNU 13.3.0
[0.203s] -- Detecting C compiler ABI info
[0.259s] -- Detecting C compiler ABI info - done
[0.265s] -- Check for working C compiler: /usr/bin/cc - skipped
[0.266s] -- Detecting C compile features
[0.266s] -- Detecting C compile features - done
[0.272s] -- Detecting CXX compiler ABI info
[0.337s] -- Detecting CXX compiler ABI info - done
[0.344s] -- Check for working CXX compiler: /usr/bin/c++ - skipped
[0.344s] -- Detecting CXX compile features
[0.344s] -- Detecting CXX compile features - done
[0.346s] -- Found ament_cmake: 2.5.5 (/workspace/jazzy_ws/install/share/ament_cmake/cmake)
[0.428s] -- Found Python3: /usr/bin/python3 (found version "3.12.3") found components: Interpreter 
[0.495s] -- Found builtin_interfaces: 2.0.3 (/workspace/jazzy_ws/install/share/builtin_interfaces/cmake)
[0.513s] -- Found rosidl_generator_c: 4.6.7 (/workspace/jazzy_ws/install/share/rosidl_generator_c/cmake)
[0.520s] -- Found rosidl_generator_cpp: 4.6.7 (/workspace/jazzy_ws/install/share/rosidl_generator_cpp/cmake)
[0.530s] -- Using all available rosidl_typesupport_c: rosidl_typesupport_fastrtps_c;rosidl_typesupport_introspection_c
[0.541s] -- Using all available rosidl_typesupport_cpp: rosidl_typesupport_fastrtps_cpp;rosidl_typesupport_introspection_cpp
[0.550s] -- Found rosidl_default_generators: 1.6.0 (/workspace/jazzy_ws/install/share/rosidl_default_generators/cmake)
[0.557s] -- Found rosidl_adapter: 4.6.7 (/workspace/jazzy_ws/install/share/rosidl_adapter/cmake)
[0.559s] -- Found std_msgs: 5.3.6 (/workspace/jazzy_ws/install/share/std_msgs/cmake)
[0.956s] -- Found ament_cmake_cppcheck: 0.17.4 (/workspace/jazzy_ws/install/share/ament_cmake_cppcheck/cmake)
[0.957s] -- Found ament_cmake_cpplint: 0.17.4 (/workspace/jazzy_ws/install/share/ament_cmake_cpplint/cmake)
[0.958s] -- Found ament_cmake_uncrustify: 0.17.4 (/workspace/jazzy_ws/install/share/ament_cmake_uncrustify/cmake)
[0.959s] -- Found ament_cmake_ros: 0.12.0 (/workspace/jazzy_ws/install/share/ament_cmake_ros/cmake)
[1.406s] -- Using all available rosidl_typesupport_c: rosidl_typesupport_fastrtps_c;rosidl_typesupport_introspection_c
[1.602s] -- Using all available rosidl_typesupport_cpp: rosidl_typesupport_fastrtps_cpp;rosidl_typesupport_introspection_cpp
[1.604s] -- Found python_cmake_module: 0.11.1 (/workspace/jazzy_ws/install/share/python_cmake_module/cmake)
[1.704s] -- Found PythonExtra: /usr/bin/python3  
[2.232s] -- Found Python3: /usr/bin/python3 (found version "3.12.3") found components: Interpreter Development NumPy Development.Module Development.Embed 
[2.263s] -- Found ament_cmake_flake8: 0.17.4 (/workspace/jazzy_ws/install/share/ament_cmake_flake8/cmake)
[2.263s] -- Found ament_cmake_pep257: 0.17.4 (/workspace/jazzy_ws/install/share/ament_cmake_pep257/cmake)
[2.268s] -- Configuring done (2.1s)
[2.293s] -- Generating done (0.0s)
[2.300s] -- Build files have been written to: /workspace/jazzy_ws/build/actionlib_msgs
[2.307s] Invoked command in '/workspace/jazzy_ws/build/actionlib_msgs' returned '0': AMENT_PREFIX_PATH=/workspace/jazzy_ws/install CMAKE_PREFIX_PATH=/workspace/jazzy_ws/install LD_LIBRARY_PATH=/workspace/jazzy_ws/install/lib:/workspace/jazzy_ws/install/opt/mimick_vendor/lib PATH=/workspace/jazzy_ws/install/bin:/workspace/jazzy_ws/install/opt/uncrustify_vendor/bin:${PATH} PKG_CONFIG_PATH=/workspace/jazzy_ws/install/lib/x86_64-linux-gnu/pkgconfig:/workspace/jazzy_ws/install/lib/pkgconfig PYTHONPATH=/workspace/jazzy_ws/install/lib/python3.12/site-packages /usr/bin/cmake /workspace/jazzy_ws/src/common_interfaces/actionlib_msgs -DCMAKE_INSTALL_PREFIX=/workspace/jazzy_ws/install
[2.308s] Invoking command in '/workspace/jazzy_ws/build/actionlib_msgs': AMENT_PREFIX_PATH=/workspace/jazzy_ws/install CMAKE_PREFIX_PATH=/workspace/jazzy_ws/install LD_LIBRARY_PATH=/workspace/jazzy_ws/install/lib:/workspace/jazzy_ws/install/opt/mimick_vendor/lib PATH=/workspace/jazzy_ws/install/bin:/workspace/jazzy_ws/install/opt/uncrustify_vendor/bin:${PATH} PKG_CONFIG_PATH=/workspace/jazzy_ws/install/lib/x86_64-linux-gnu/pkgconfig:/workspace/jazzy_ws/install/lib/pkgconfig PYTHONPATH=/workspace/jazzy_ws/install/lib/python3.12/site-packages /usr/bin/cmake --build /workspace/jazzy_ws/build/actionlib_msgs -- -j24 -l24
[2.342s] [  1%] Generating type hashes for ROS interfaces
[2.347s] [  1%] Built target ament_cmake_python_copy_actionlib_msgs
[2.472s] running egg_info
[2.478s] creating actionlib_msgs.egg-info
[2.478s] writing actionlib_msgs.egg-info/PKG-INFO
[2.478s] writing dependency_links to actionlib_msgs.egg-info/dependency_links.txt
[2.479s] writing top-level names to actionlib_msgs.egg-info/top_level.txt
[2.479s] writing manifest file 'actionlib_msgs.egg-info/SOURCES.txt'
[2.498s] reading manifest file 'actionlib_msgs.egg-info/SOURCES.txt'
[2.499s] writing manifest file 'actionlib_msgs.egg-info/SOURCES.txt'
[2.518s] [  1%] Built target ament_cmake_python_build_actionlib_msgs_egg
[2.564s] [  1%] Built target actionlib_msgs__rosidl_generator_type_description
[2.571s] [  3%] Generating C code for ROS interfaces
[2.588s] [  5%] Generating C++ code for ROS interfaces
[2.845s] [  5%] Built target actionlib_msgs__cpp
[2.884s] [  7%] Building C object CMakeFiles/actionlib_msgs__rosidl_generator_c.dir/rosidl_generator_c/actionlib_msgs/msg/detail/goal_id__type_support.c.o
[2.884s] [ 11%] Building C object CMakeFiles/actionlib_msgs__rosidl_generator_c.dir/rosidl_generator_c/actionlib_msgs/msg/detail/goal_id__functions.c.o
[2.885s] [ 11%] Building C object CMakeFiles/actionlib_msgs__rosidl_generator_c.dir/rosidl_generator_c/actionlib_msgs/msg/detail/goal_id__description.c.o
[2.885s] [ 12%] Building C object CMakeFiles/actionlib_msgs__rosidl_generator_c.dir/rosidl_generator_c/actionlib_msgs/msg/detail/goal_status_array__functions.c.o
[2.885s] [ 20%] Building C object CMakeFiles/actionlib_msgs__rosidl_generator_c.dir/rosidl_generator_c/actionlib_msgs/msg/detail/goal_status_array__type_support.c.o
[2.885s] [ 20%] Building C object CMakeFiles/actionlib_msgs__rosidl_generator_c.dir/rosidl_generator_c/actionlib_msgs/msg/detail/goal_status__description.c.o
[2.885s] [ 20%] Building C object CMakeFiles/actionlib_msgs__rosidl_generator_c.dir/rosidl_generator_c/actionlib_msgs/msg/detail/goal_status__type_support.c.o
[2.885s] [ 22%] Building C object CMakeFiles/actionlib_msgs__rosidl_generator_c.dir/rosidl_generator_c/actionlib_msgs/msg/detail/goal_status__functions.c.o
[2.885s] [ 22%] Building C object CMakeFiles/actionlib_msgs__rosidl_generator_c.dir/rosidl_generator_c/actionlib_msgs/msg/detail/goal_status_array__description.c.o
[2.920s] [ 24%] Linking C shared library libactionlib_msgs__rosidl_generator_c.so
[2.950s] [ 24%] Built target actionlib_msgs__rosidl_generator_c
[2.957s] [ 35%] Generating C++ introspection for ROS interfaces
[2.957s] [ 35%] Generating C++ type support for eProsima Fast-RTPS
[2.957s] [ 35%] Generating C introspection for ROS interfaces
[2.957s] [ 35%] Generating C++ type support dispatch for ROS interfaces
[2.957s] [ 35%] Generating C type support for eProsima Fast-RTPS
[2.957s] [ 35%] Generating C type support dispatch for ROS interfaces
[3.240s] [ 38%] Building CXX object CMakeFiles/actionlib_msgs__rosidl_typesupport_cpp.dir/rosidl_typesupport_cpp/actionlib_msgs/msg/goal_id__type_support.cpp.o
[3.240s] [ 38%] Building CXX object CMakeFiles/actionlib_msgs__rosidl_typesupport_cpp.dir/rosidl_typesupport_cpp/actionlib_msgs/msg/goal_status__type_support.cpp.o
[3.240s] [ 40%] Building CXX object CMakeFiles/actionlib_msgs__rosidl_typesupport_cpp.dir/rosidl_typesupport_cpp/actionlib_msgs/msg/goal_status_array__type_support.cpp.o
[3.248s] [ 46%] Building CXX object CMakeFiles/actionlib_msgs__rosidl_typesupport_introspection_cpp.dir/rosidl_typesupport_introspection_cpp/actionlib_msgs/msg/detail/goal_id__type_support.cpp.o
[3.248s] [ 46%] Building CXX object CMakeFiles/actionlib_msgs__rosidl_typesupport_introspection_cpp.dir/rosidl_typesupport_introspection_cpp/actionlib_msgs/msg/detail/goal_status_array__type_support.cpp.o
[3.248s] [ 46%] Building CXX object CMakeFiles/actionlib_msgs__rosidl_typesupport_introspection_cpp.dir/rosidl_typesupport_introspection_cpp/actionlib_msgs/msg/detail/goal_status__type_support.cpp.o
[3.263s] [ 48%] Building C object CMakeFiles/actionlib_msgs__rosidl_typesupport_introspection_c.dir/rosidl_typesupport_introspection_c/actionlib_msgs/msg/detail/goal_id__type_support.c.o
[3.263s] [ 50%] Building C object CMakeFiles/actionlib_msgs__rosidl_typesupport_introspection_c.dir/rosidl_typesupport_introspection_c/actionlib_msgs/msg/detail/goal_status__type_support.c.o
[3.265s] [ 51%] Building C object CMakeFiles/actionlib_msgs__rosidl_typesupport_introspection_c.dir/rosidl_typesupport_introspection_c/actionlib_msgs/msg/detail/goal_status_array__type_support.c.o
[3.286s] [ 53%] Building CXX object CMakeFiles/actionlib_msgs__rosidl_typesupport_fastrtps_c.dir/rosidl_typesupport_fastrtps_c/actionlib_msgs/msg/detail/goal_id__type_support_c.cpp.o
[3.286s] [ 55%] Building CXX object CMakeFiles/actionlib_msgs__rosidl_typesupport_fastrtps_c.dir/rosidl_typesupport_fastrtps_c/actionlib_msgs/msg/detail/goal_status_array__type_support_c.cpp.o
[3.291s] [ 57%] Building CXX object CMakeFiles/actionlib_msgs__rosidl_typesupport_fastrtps_c.dir/rosidl_typesupport_fastrtps_c/actionlib_msgs/msg/detail/goal_status__type_support_c.cpp.o
[3.292s] [ 59%] Building CXX object CMakeFiles/actionlib_msgs__rosidl_typesupport_c.dir/rosidl_typesupport_c/actionlib_msgs/msg/goal_status__type_support.cpp.o
[3.293s] [ 62%] Building CXX object CMakeFiles/actionlib_msgs__rosidl_typesupport_c.dir/rosidl_typesupport_c/actionlib_msgs/msg/goal_id__type_support.cpp.o
[3.293s] [ 62%] Building CXX object CMakeFiles/actionlib_msgs__rosidl_typesupport_c.dir/rosidl_typesupport_c/actionlib_msgs/msg/goal_status_array__type_support.cpp.o
[3.302s] [ 64%] Linking C shared library libactionlib_msgs__rosidl_typesupport_introspection_c.so
[3.329s] [ 66%] Linking CXX shared library libactionlib_msgs__rosidl_typesupport_c.so
[3.332s] [ 66%] Built target actionlib_msgs__rosidl_typesupport_introspection_c
[3.352s] [ 70%] Building CXX object CMakeFiles/actionlib_msgs__rosidl_typesupport_fastrtps_cpp.dir/rosidl_typesupport_fastrtps_cpp/actionlib_msgs/msg/detail/dds_fastrtps/goal_id__type_support.cpp.o
[3.352s] [ 70%] Building CXX object CMakeFiles/actionlib_msgs__rosidl_typesupport_fastrtps_cpp.dir/rosidl_typesupport_fastrtps_cpp/actionlib_msgs/msg/detail/dds_fastrtps/goal_status_array__type_support.cpp.o
[3.352s] [ 72%] Building CXX object CMakeFiles/actionlib_msgs__rosidl_typesupport_fastrtps_cpp.dir/rosidl_typesupport_fastrtps_cpp/actionlib_msgs/msg/detail/dds_fastrtps/goal_status__type_support.cpp.o
[3.361s] [ 72%] Built target actionlib_msgs__rosidl_typesupport_c
[3.478s] [ 74%] Linking CXX shared library libactionlib_msgs__rosidl_typesupport_cpp.so
[3.490s] [ 75%] Linking CXX shared library libactionlib_msgs__rosidl_typesupport_introspection_cpp.so
[3.507s] [ 75%] Built target actionlib_msgs__rosidl_typesupport_cpp
[3.546s] [ 75%] Built target actionlib_msgs__rosidl_typesupport_introspection_cpp
[3.581s] [ 77%] Linking CXX shared library libactionlib_msgs__rosidl_typesupport_fastrtps_c.so
[3.677s] [ 79%] Linking CXX shared library libactionlib_msgs__rosidl_typesupport_fastrtps_cpp.so
[3.679s] [ 79%] Built target actionlib_msgs__rosidl_typesupport_fastrtps_c
[3.728s] [ 79%] Built target actionlib_msgs__rosidl_typesupport_fastrtps_cpp
[3.739s] [ 79%] Built target actionlib_msgs
[3.751s] [ 81%] Generating Python code for ROS interfaces
[4.170s] [ 81%] Built target actionlib_msgs__py
[4.182s] [ 85%] Building C object CMakeFiles/actionlib_msgs__rosidl_generator_py.dir/rosidl_generator_py/actionlib_msgs/msg/_goal_status_s.c.o
[4.182s] [ 85%] Building C object CMakeFiles/actionlib_msgs__rosidl_generator_py.dir/rosidl_generator_py/actionlib_msgs/msg/_goal_id_s.c.o
[4.182s] [ 87%] Building C object CMakeFiles/actionlib_msgs__rosidl_generator_py.dir/rosidl_generator_py/actionlib_msgs/msg/_goal_status_array_s.c.o
[4.268s] [ 88%] Linking C shared library libactionlib_msgs__rosidl_generator_py.so
[4.296s] [ 88%] Built target actionlib_msgs__rosidl_generator_py
[4.308s] [ 94%] Building C object CMakeFiles/actionlib_msgs_s__rosidl_typesupport_introspection_c.dir/rosidl_generator_py/actionlib_msgs/_actionlib_msgs_s.ep.rosidl_typesupport_introspection_c.c.o
[4.308s] [ 94%] Building C object CMakeFiles/actionlib_msgs_s__rosidl_typesupport_c.dir/rosidl_generator_py/actionlib_msgs/_actionlib_msgs_s.ep.rosidl_typesupport_c.c.o
[4.308s] [ 94%] Building C object CMakeFiles/actionlib_msgs_s__rosidl_typesupport_fastrtps_c.dir/rosidl_generator_py/actionlib_msgs/_actionlib_msgs_s.ep.rosidl_typesupport_fastrtps_c.c.o
[4.372s] [ 96%] Linking C shared module rosidl_generator_py/actionlib_msgs/actionlib_msgs_s__rosidl_typesupport_introspection_c.so
[4.373s] [ 98%] Linking C shared module rosidl_generator_py/actionlib_msgs/actionlib_msgs_s__rosidl_typesupport_fastrtps_c.so
[4.375s] [100%] Linking C shared module rosidl_generator_py/actionlib_msgs/actionlib_msgs_s__rosidl_typesupport_c.so
[4.391s] [100%] Built target actionlib_msgs_s__rosidl_typesupport_introspection_c
[4.394s] [100%] Built target actionlib_msgs_s__rosidl_typesupport_fastrtps_c
[4.394s] [100%] Built target actionlib_msgs_s__rosidl_typesupport_c
[4.400s] Invoked command in '/workspace/jazzy_ws/build/actionlib_msgs' returned '0': AMENT_PREFIX_PATH=/workspace/jazzy_ws/install CMAKE_PREFIX_PATH=/workspace/jazzy_ws/install LD_LIBRARY_PATH=/workspace/jazzy_ws/install/lib:/workspace/jazzy_ws/install/opt/mimick_vendor/lib PATH=/workspace/jazzy_ws/install/bin:/workspace/jazzy_ws/install/opt/uncrustify_vendor/bin:${PATH} PKG_CONFIG_PATH=/workspace/jazzy_ws/install/lib/x86_64-linux-gnu/pkgconfig:/workspace/jazzy_ws/install/lib/pkgconfig PYTHONPATH=/workspace/jazzy_ws/install/lib/python3.12/site-packages /usr/bin/cmake --build /workspace/jazzy_ws/build/actionlib_msgs -- -j24 -l24
[4.401s] Invoking command in '/workspace/jazzy_ws/build/actionlib_msgs': AMENT_PREFIX_PATH=/workspace/jazzy_ws/install CMAKE_PREFIX_PATH=/workspace/jazzy_ws/install LD_LIBRARY_PATH=/workspace/jazzy_ws/install/lib:/workspace/jazzy_ws/install/opt/mimick_vendor/lib PATH=/workspace/jazzy_ws/install/bin:/workspace/jazzy_ws/install/opt/uncrustify_vendor/bin:${PATH} PKG_CONFIG_PATH=/workspace/jazzy_ws/install/lib/x86_64-linux-gnu/pkgconfig:/workspace/jazzy_ws/install/lib/pkgconfig PYTHONPATH=/workspace/jazzy_ws/install/lib/python3.12/site-packages /usr/bin/cmake --install /workspace/jazzy_ws/build/actionlib_msgs
[4.409s] -- Install configuration: ""
[4.409s] -- Installing: /workspace/jazzy_ws/install/share/ament_index/resource_index/rosidl_interfaces/actionlib_msgs
[4.409s] -- Installing: /workspace/jazzy_ws/install/share/actionlib_msgs/msg/GoalID.json
[4.409s] -- Installing: /workspace/jazzy_ws/install/share/actionlib_msgs/msg/GoalStatus.json
[4.409s] -- Installing: /workspace/jazzy_ws/install/share/actionlib_msgs/msg/GoalStatusArray.json
[4.410s] -- Installing: /workspace/jazzy_ws/install/include/actionlib_msgs/actionlib_msgs
[4.410s] -- Installing: /workspace/jazzy_ws/install/include/actionlib_msgs/actionlib_msgs/msg
[4.410s] -- Installing: /workspace/jazzy_ws/install/include/actionlib_msgs/actionlib_msgs/msg/detail
[4.410s] -- Installing: /workspace/jazzy_ws/install/include/actionlib_msgs/actionlib_msgs/msg/detail/goal_id__struct.h
[4.410s] -- Installing: /workspace/jazzy_ws/install/include/actionlib_msgs/actionlib_msgs/msg/detail/goal_status__struct.h
[4.410s] -- Installing: /workspace/jazzy_ws/install/include/actionlib_msgs/actionlib_msgs/msg/detail/goal_status__type_support.h
[4.410s] -- Installing: /workspace/jazzy_ws/install/include/actionlib_msgs/actionlib_msgs/msg/detail/goal_status__functions.c
[4.410s] -- Installing: /workspace/jazzy_ws/install/include/actionlib_msgs/actionlib_msgs/msg/detail/goal_status_array__type_support.c
[4.410s] -- Installing: /workspace/jazzy_ws/install/include/actionlib_msgs/actionlib_msgs/msg/detail/goal_status_array__struct.h
[4.411s] -- Installing: /workspace/jazzy_ws/install/include/actionlib_msgs/actionlib_msgs/msg/detail/goal_status__type_support.c
[4.411s] -- Installing: /workspace/jazzy_ws/install/include/actionlib_msgs/actionlib_msgs/msg/detail/goal_status_array__functions.c
[4.411s] -- Installing: /workspace/jazzy_ws/install/include/actionlib_msgs/actionlib_msgs/msg/detail/goal_id__type_support.c
[4.411s] -- Installing: /workspace/jazzy_ws/install/include/actionlib_msgs/actionlib_msgs/msg/detail/goal_id__functions.c
[4.411s] -- Installing: /workspace/jazzy_ws/install/include/actionlib_msgs/actionlib_msgs/msg/detail/goal_status_array__description.c
[4.411s] -- Installing: /workspace/jazzy_ws/install/include/actionlib_msgs/actionlib_msgs/msg/detail/goal_id__functions.h
[4.412s] -- Installing: /workspace/jazzy_ws/install/include/actionlib_msgs/actionlib_msgs/msg/detail/goal_status_array__type_support.h
[4.412s] -- Installing: /workspace/jazzy_ws/install/include/actionlib_msgs/actionlib_msgs/msg/detail/goal_status__description.c
[4.412s] -- Installing: /workspace/jazzy_ws/install/include/actionlib_msgs/actionlib_msgs/msg/detail/goal_id__type_support.h
[4.412s] -- Installing: /workspace/jazzy_ws/install/include/actionlib_msgs/actionlib_msgs/msg/detail/goal_id__description.c
[4.413s] -- Installing: /workspace/jazzy_ws/install/include/actionlib_msgs/actionlib_msgs/msg/detail/goal_status__functions.h
[4.413s] -- Installing: /workspace/jazzy_ws/install/include/actionlib_msgs/actionlib_msgs/msg/detail/goal_status_array__functions.h
[4.413s] -- Installing: /workspace/jazzy_ws/install/include/actionlib_msgs/actionlib_msgs/msg/goal_status_array.h
[4.413s] -- Installing: /workspace/jazzy_ws/install/include/actionlib_msgs/actionlib_msgs/msg/goal_id.h
[4.413s] -- Installing: /workspace/jazzy_ws/install/include/actionlib_msgs/actionlib_msgs/msg/goal_status.h
[4.413s] -- Installing: /workspace/jazzy_ws/install/include/actionlib_msgs/actionlib_msgs/msg/rosidl_generator_c__visibility_control.h
[4.414s] -- Installing: /workspace/jazzy_ws/install/share/actionlib_msgs/environment/library_path.sh
[4.414s] -- Installing: /workspace/jazzy_ws/install/share/actionlib_msgs/environment/library_path.dsv
[4.415s] -- Installing: /workspace/jazzy_ws/install/lib/libactionlib_msgs__rosidl_generator_c.so
[4.415s] -- Set non-toolchain portion of runtime path of "/workspace/jazzy_ws/install/lib/libactionlib_msgs__rosidl_generator_c.so" to ""
[4.415s] -- Up-to-date: /workspace/jazzy_ws/install/include/actionlib_msgs/actionlib_msgs
[4.415s] -- Up-to-date: /workspace/jazzy_ws/install/include/actionlib_msgs/actionlib_msgs/msg
[4.415s] -- Up-to-date: /workspace/jazzy_ws/install/include/actionlib_msgs/actionlib_msgs/msg/detail
[4.415s] -- Installing: /workspace/jazzy_ws/install/include/actionlib_msgs/actionlib_msgs/msg/detail/goal_status__rosidl_typesupport_fastrtps_c.h
[4.415s] -- Installing: /workspace/jazzy_ws/install/include/actionlib_msgs/actionlib_msgs/msg/detail/goal_id__rosidl_typesupport_fastrtps_c.h
[4.415s] -- Installing: /workspace/jazzy_ws/install/include/actionlib_msgs/actionlib_msgs/msg/detail/goal_status_array__rosidl_typesupport_fastrtps_c.h
[4.416s] -- Installing: /workspace/jazzy_ws/install/include/actionlib_msgs/actionlib_msgs/msg/rosidl_typesupport_fastrtps_c__visibility_control.h
[4.416s] -- Installing: /workspace/jazzy_ws/install/lib/libactionlib_msgs__rosidl_typesupport_fastrtps_c.so
[4.417s] -- Set non-toolchain portion of runtime path of "/workspace/jazzy_ws/install/lib/libactionlib_msgs__rosidl_typesupport_fastrtps_c.so" to ""
[4.417s] -- Up-to-date: /workspace/jazzy_ws/install/include/actionlib_msgs/actionlib_msgs
[4.418s] -- Up-to-date: /workspace/jazzy_ws/install/include/actionlib_msgs/actionlib_msgs/msg
[4.418s] -- Up-to-date: /workspace/jazzy_ws/install/include/actionlib_msgs/actionlib_msgs/msg/detail
[4.418s] -- Installing: /workspace/jazzy_ws/install/include/actionlib_msgs/actionlib_msgs/msg/detail/goal_status__struct.hpp
[4.418s] -- Installing: /workspace/jazzy_ws/install/include/actionlib_msgs/actionlib_msgs/msg/detail/goal_status__type_support.hpp
[4.418s] -- Installing: /workspace/jazzy_ws/install/include/actionlib_msgs/actionlib_msgs/msg/detail/goal_status_array__type_support.hpp
[4.418s] -- Installing: /workspace/jazzy_ws/install/include/actionlib_msgs/actionlib_msgs/msg/detail/goal_id__type_support.hpp
[4.418s] -- Installing: /workspace/jazzy_ws/install/include/actionlib_msgs/actionlib_msgs/msg/detail/goal_status_array__traits.hpp
[4.418s] -- Installing: /workspace/jazzy_ws/install/include/actionlib_msgs/actionlib_msgs/msg/detail/goal_id__builder.hpp
[4.419s] -- Installing: /workspace/jazzy_ws/install/include/actionlib_msgs/actionlib_msgs/msg/detail/goal_status_array__builder.hpp
[4.419s] -- Installing: /workspace/jazzy_ws/install/include/actionlib_msgs/actionlib_msgs/msg/detail/goal_status__builder.hpp
[4.419s] -- Installing: /workspace/jazzy_ws/install/include/actionlib_msgs/actionlib_msgs/msg/detail/goal_id__struct.hpp
[4.419s] -- Installing: /workspace/jazzy_ws/install/include/actionlib_msgs/actionlib_msgs/msg/detail/goal_status__traits.hpp
[4.419s] -- Installing: /workspace/jazzy_ws/install/include/actionlib_msgs/actionlib_msgs/msg/detail/goal_status_array__struct.hpp
[4.419s] -- Installing: /workspace/jazzy_ws/install/include/actionlib_msgs/actionlib_msgs/msg/detail/goal_id__traits.hpp
[4.419s] -- Installing: /workspace/jazzy_ws/install/include/actionlib_msgs/actionlib_msgs/msg/rosidl_generator_cpp__visibility_control.hpp
[4.419s] -- Installing: /workspace/jazzy_ws/install/include/actionlib_msgs/actionlib_msgs/msg/goal_status.hpp
[4.419s] -- Installing: /workspace/jazzy_ws/install/include/actionlib_msgs/actionlib_msgs/msg/goal_status_array.hpp
[4.419s] -- Installing: /workspace/jazzy_ws/install/include/actionlib_msgs/actionlib_msgs/msg/goal_id.hpp
[4.419s] -- Up-to-date: /workspace/jazzy_ws/install/include/actionlib_msgs/actionlib_msgs
[4.419s] -- Up-to-date: /workspace/jazzy_ws/install/include/actionlib_msgs/actionlib_msgs/msg
[4.420s] -- Up-to-date: /workspace/jazzy_ws/install/include/actionlib_msgs/actionlib_msgs/msg/detail
[4.420s] -- Installing: /workspace/jazzy_ws/install/include/actionlib_msgs/actionlib_msgs/msg/detail/goal_id__rosidl_typesupport_fastrtps_cpp.hpp
[4.420s] -- Installing: /workspace/jazzy_ws/install/include/actionlib_msgs/actionlib_msgs/msg/detail/goal_status__rosidl_typesupport_fastrtps_cpp.hpp
[4.420s] -- Installing: /workspace/jazzy_ws/install/include/actionlib_msgs/actionlib_msgs/msg/detail/dds_fastrtps
[4.420s] -- Installing: /workspace/jazzy_ws/install/include/actionlib_msgs/actionlib_msgs/msg/detail/goal_status_array__rosidl_typesupport_fastrtps_cpp.hpp
[4.420s] -- Installing: /workspace/jazzy_ws/install/include/actionlib_msgs/actionlib_msgs/msg/rosidl_typesupport_fastrtps_cpp__visibility_control.h
[4.420s] -- Installing: /workspace/jazzy_ws/install/lib/libactionlib_msgs__rosidl_typesupport_fastrtps_cpp.so
[4.420s] -- Set non-toolchain portion of runtime path of "/workspace/jazzy_ws/install/lib/libactionlib_msgs__rosidl_typesupport_fastrtps_cpp.so" to ""
[4.420s] -- Up-to-date: /workspace/jazzy_ws/install/include/actionlib_msgs/actionlib_msgs
[4.420s] -- Up-to-date: /workspace/jazzy_ws/install/include/actionlib_msgs/actionlib_msgs/msg
[4.421s] -- Up-to-date: /workspace/jazzy_ws/install/include/actionlib_msgs/actionlib_msgs/msg/detail
[4.421s] -- Installing: /workspace/jazzy_ws/install/include/actionlib_msgs/actionlib_msgs/msg/detail/goal_id__rosidl_typesupport_introspection_c.h
[4.421s] -- Up-to-date: /workspace/jazzy_ws/install/include/actionlib_msgs/actionlib_msgs/msg/detail/goal_status_array__type_support.c
[4.421s] -- Up-to-date: /workspace/jazzy_ws/install/include/actionlib_msgs/actionlib_msgs/msg/detail/goal_status__type_support.c
[4.421s] -- Up-to-date: /workspace/jazzy_ws/install/include/actionlib_msgs/actionlib_msgs/msg/detail/goal_id__type_support.c
[4.421s] -- Installing: /workspace/jazzy_ws/install/include/actionlib_msgs/actionlib_msgs/msg/detail/goal_status__rosidl_typesupport_introspection_c.h
[4.421s] -- Installing: /workspace/jazzy_ws/install/include/actionlib_msgs/actionlib_msgs/msg/detail/goal_status_array__rosidl_typesupport_introspection_c.h
[4.421s] -- Installing: /workspace/jazzy_ws/install/include/actionlib_msgs/actionlib_msgs/msg/rosidl_typesupport_introspection_c__visibility_control.h
[4.422s] -- Installing: /workspace/jazzy_ws/install/lib/libactionlib_msgs__rosidl_typesupport_introspection_c.so
[4.422s] -- Set non-toolchain portion of runtime path of "/workspace/jazzy_ws/install/lib/libactionlib_msgs__rosidl_typesupport_introspection_c.so" to ""
[4.422s] -- Installing: /workspace/jazzy_ws/install/lib/libactionlib_msgs__rosidl_typesupport_c.so
[4.422s] -- Set non-toolchain portion of runtime path of "/workspace/jazzy_ws/install/lib/libactionlib_msgs__rosidl_typesupport_c.so" to ""
[4.422s] -- Up-to-date: /workspace/jazzy_ws/install/include/actionlib_msgs/actionlib_msgs
[4.423s] -- Up-to-date: /workspace/jazzy_ws/install/include/actionlib_msgs/actionlib_msgs/msg
[4.423s] -- Up-to-date: /workspace/jazzy_ws/install/include/actionlib_msgs/actionlib_msgs/msg/detail
[4.423s] -- Installing: /workspace/jazzy_ws/install/include/actionlib_msgs/actionlib_msgs/msg/detail/goal_id__type_support.cpp
[4.423s] -- Installing: /workspace/jazzy_ws/install/include/actionlib_msgs/actionlib_msgs/msg/detail/goal_status_array__type_support.cpp
[4.423s] -- Installing: /workspace/jazzy_ws/install/include/actionlib_msgs/actionlib_msgs/msg/detail/goal_id__rosidl_typesupport_introspection_cpp.hpp
[4.423s] -- Installing: /workspace/jazzy_ws/install/include/actionlib_msgs/actionlib_msgs/msg/detail/goal_status__rosidl_typesupport_introspection_cpp.hpp
[4.423s] -- Installing: /workspace/jazzy_ws/install/include/actionlib_msgs/actionlib_msgs/msg/detail/goal_status__type_support.cpp
[4.423s] -- Installing: /workspace/jazzy_ws/install/include/actionlib_msgs/actionlib_msgs/msg/detail/goal_status_array__rosidl_typesupport_introspection_cpp.hpp
[4.423s] -- Installing: /workspace/jazzy_ws/install/lib/libactionlib_msgs__rosidl_typesupport_introspection_cpp.so
[4.424s] -- Set non-toolchain portion of runtime path of "/workspace/jazzy_ws/install/lib/libactionlib_msgs__rosidl_typesupport_introspection_cpp.so" to ""
[4.424s] -- Installing: /workspace/jazzy_ws/install/lib/libactionlib_msgs__rosidl_typesupport_cpp.so
[4.424s] -- Set non-toolchain portion of runtime path of "/workspace/jazzy_ws/install/lib/libactionlib_msgs__rosidl_typesupport_cpp.so" to ""
[4.424s] -- Installing: /workspace/jazzy_ws/install/share/actionlib_msgs/environment/pythonpath.sh
[4.424s] -- Installing: /workspace/jazzy_ws/install/share/actionlib_msgs/environment/pythonpath.dsv
[4.424s] -- Installing: /workspace/jazzy_ws/install/lib/python3.12/site-packages/actionlib_msgs-5.3.6-py3.12.egg-info
[4.424s] -- Installing: /workspace/jazzy_ws/install/lib/python3.12/site-packages/actionlib_msgs-5.3.6-py3.12.egg-info/PKG-INFO
[4.425s] -- Installing: /workspace/jazzy_ws/install/lib/python3.12/site-packages/actionlib_msgs-5.3.6-py3.12.egg-info/SOURCES.txt
[4.425s] -- Installing: /workspace/jazzy_ws/install/lib/python3.12/site-packages/actionlib_msgs-5.3.6-py3.12.egg-info/top_level.txt
[4.425s] -- Installing: /workspace/jazzy_ws/install/lib/python3.12/site-packages/actionlib_msgs-5.3.6-py3.12.egg-info/dependency_links.txt
[4.425s] -- Installing: /workspace/jazzy_ws/install/lib/python3.12/site-packages/actionlib_msgs
[4.425s] -- Installing: /workspace/jazzy_ws/install/lib/python3.12/site-packages/actionlib_msgs/_actionlib_msgs_s.ep.rosidl_typesupport_introspection_c.c
[4.425s] -- Installing: /workspace/jazzy_ws/install/lib/python3.12/site-packages/actionlib_msgs/msg
[4.425s] -- Installing: /workspace/jazzy_ws/install/lib/python3.12/site-packages/actionlib_msgs/msg/_goal_status_array_s.c
[4.425s] -- Installing: /workspace/jazzy_ws/install/lib/python3.12/site-packages/actionlib_msgs/msg/_goal_status.py
[4.425s] -- Installing: /workspace/jazzy_ws/install/lib/python3.12/site-packages/actionlib_msgs/msg/__init__.py
[4.425s] -- Installing: /workspace/jazzy_ws/install/lib/python3.12/site-packages/actionlib_msgs/msg/_goal_status_array.py
[4.425s] -- Installing: /workspace/jazzy_ws/install/lib/python3.12/site-packages/actionlib_msgs/msg/_goal_id_s.c
[4.425s] -- Installing: /workspace/jazzy_ws/install/lib/python3.12/site-packages/actionlib_msgs/msg/_goal_status_s.c
[4.425s] -- Installing: /workspace/jazzy_ws/install/lib/python3.12/site-packages/actionlib_msgs/msg/_goal_id.py
[4.426s] -- Installing: /workspace/jazzy_ws/install/lib/python3.12/site-packages/actionlib_msgs/__init__.py
[4.426s] -- Installing: /workspace/jazzy_ws/install/lib/python3.12/site-packages/actionlib_msgs/actionlib_msgs_s__rosidl_typesupport_introspection_c.so
[4.426s] -- Installing: /workspace/jazzy_ws/install/lib/python3.12/site-packages/actionlib_msgs/_actionlib_msgs_s.ep.rosidl_typesupport_fastrtps_c.c
[4.426s] -- Installing: /workspace/jazzy_ws/install/lib/python3.12/site-packages/actionlib_msgs/actionlib_msgs_s__rosidl_typesupport_c.so
[4.426s] -- Installing: /workspace/jazzy_ws/install/lib/python3.12/site-packages/actionlib_msgs/actionlib_msgs_s__rosidl_typesupport_fastrtps_c.so
[4.426s] -- Installing: /workspace/jazzy_ws/install/lib/python3.12/site-packages/actionlib_msgs/_actionlib_msgs_s.ep.rosidl_typesupport_c.c
[4.449s] Listing '/workspace/jazzy_ws/install/lib/python3.12/site-packages/actionlib_msgs'...
[4.449s] Compiling '/workspace/jazzy_ws/install/lib/python3.12/site-packages/actionlib_msgs/__init__.py'...
[4.449s] Listing '/workspace/jazzy_ws/install/lib/python3.12/site-packages/actionlib_msgs/msg'...
[4.449s] Compiling '/workspace/jazzy_ws/install/lib/python3.12/site-packages/actionlib_msgs/msg/__init__.py'...
[4.449s] Compiling '/workspace/jazzy_ws/install/lib/python3.12/site-packages/actionlib_msgs/msg/_goal_id.py'...
[4.449s] Compiling '/workspace/jazzy_ws/install/lib/python3.12/site-packages/actionlib_msgs/msg/_goal_status.py'...
[4.449s] Compiling '/workspace/jazzy_ws/install/lib/python3.12/site-packages/actionlib_msgs/msg/_goal_status_array.py'...
[4.454s] -- Installing: /workspace/jazzy_ws/install/lib/python3.12/site-packages/actionlib_msgs/actionlib_msgs_s__rosidl_typesupport_fastrtps_c.so
[4.454s] -- Set non-toolchain portion of runtime path of "/workspace/jazzy_ws/install/lib/python3.12/site-packages/actionlib_msgs/actionlib_msgs_s__rosidl_typesupport_fastrtps_c.so" to ""
[4.454s] -- Installing: /workspace/jazzy_ws/install/lib/python3.12/site-packages/actionlib_msgs/actionlib_msgs_s__rosidl_typesupport_introspection_c.so
[4.454s] -- Set non-toolchain portion of runtime path of "/workspace/jazzy_ws/install/lib/python3.12/site-packages/actionlib_msgs/actionlib_msgs_s__rosidl_typesupport_introspection_c.so" to ""
[4.454s] -- Installing: /workspace/jazzy_ws/install/lib/python3.12/site-packages/actionlib_msgs/actionlib_msgs_s__rosidl_typesupport_c.so
[4.455s] -- Set non-toolchain portion of runtime path of "/workspace/jazzy_ws/install/lib/python3.12/site-packages/actionlib_msgs/actionlib_msgs_s__rosidl_typesupport_c.so" to ""
[4.455s] -- Installing: /workspace/jazzy_ws/install/lib/libactionlib_msgs__rosidl_generator_py.so
[4.455s] -- Set non-toolchain portion of runtime path of "/workspace/jazzy_ws/install/lib/libactionlib_msgs__rosidl_generator_py.so" to ""
[4.455s] -- Installing: /workspace/jazzy_ws/install/share/actionlib_msgs/msg/GoalID.idl
[4.455s] -- Installing: /workspace/jazzy_ws/install/share/actionlib_msgs/msg/GoalStatus.idl
[4.455s] -- Installing: /workspace/jazzy_ws/install/share/actionlib_msgs/msg/GoalStatusArray.idl
[4.455s] -- Installing: /workspace/jazzy_ws/install/share/actionlib_msgs/msg/GoalID.msg
[4.455s] -- Installing: /workspace/jazzy_ws/install/share/actionlib_msgs/msg/GoalStatus.msg
[4.456s] -- Installing: /workspace/jazzy_ws/install/share/actionlib_msgs/msg/GoalStatusArray.msg
[4.456s] -- Installing: /workspace/jazzy_ws/install/share/ament_index/resource_index/package_run_dependencies/actionlib_msgs
[4.456s] -- Installing: /workspace/jazzy_ws/install/share/ament_index/resource_index/parent_prefix_path/actionlib_msgs
[4.456s] -- Installing: /workspace/jazzy_ws/install/share/actionlib_msgs/environment/ament_prefix_path.sh
[4.456s] -- Installing: /workspace/jazzy_ws/install/share/actionlib_msgs/environment/ament_prefix_path.dsv
[4.456s] -- Installing: /workspace/jazzy_ws/install/share/actionlib_msgs/environment/path.sh
[4.456s] -- Installing: /workspace/jazzy_ws/install/share/actionlib_msgs/environment/path.dsv
[4.456s] -- Installing: /workspace/jazzy_ws/install/share/actionlib_msgs/local_setup.bash
[4.456s] -- Installing: /workspace/jazzy_ws/install/share/actionlib_msgs/local_setup.sh
[4.457s] -- Installing: /workspace/jazzy_ws/install/share/actionlib_msgs/local_setup.zsh
[4.457s] -- Installing: /workspace/jazzy_ws/install/share/actionlib_msgs/local_setup.dsv
[4.457s] -- Installing: /workspace/jazzy_ws/install/share/actionlib_msgs/package.dsv
[4.457s] -- Installing: /workspace/jazzy_ws/install/share/ament_index/resource_index/packages/actionlib_msgs
[4.457s] -- Installing: /workspace/jazzy_ws/install/share/actionlib_msgs/cmake/export_actionlib_msgs__rosidl_generator_cExport.cmake
[4.457s] -- Installing: /workspace/jazzy_ws/install/share/actionlib_msgs/cmake/export_actionlib_msgs__rosidl_generator_cExport-noconfig.cmake
[4.457s] -- Installing: /workspace/jazzy_ws/install/share/actionlib_msgs/cmake/export_actionlib_msgs__rosidl_typesupport_fastrtps_cExport.cmake
[4.457s] -- Installing: /workspace/jazzy_ws/install/share/actionlib_msgs/cmake/export_actionlib_msgs__rosidl_typesupport_fastrtps_cExport-noconfig.cmake
[4.457s] -- Installing: /workspace/jazzy_ws/install/share/actionlib_msgs/cmake/export_actionlib_msgs__rosidl_generator_cppExport.cmake
[4.457s] -- Installing: /workspace/jazzy_ws/install/share/actionlib_msgs/cmake/export_actionlib_msgs__rosidl_typesupport_fastrtps_cppExport.cmake
[4.458s] -- Installing: /workspace/jazzy_ws/install/share/actionlib_msgs/cmake/export_actionlib_msgs__rosidl_typesupport_fastrtps_cppExport-noconfig.cmake
[4.458s] -- Installing: /workspace/jazzy_ws/install/share/actionlib_msgs/cmake/actionlib_msgs__rosidl_typesupport_introspection_cExport.cmake
[4.458s] -- Installing: /workspace/jazzy_ws/install/share/actionlib_msgs/cmake/actionlib_msgs__rosidl_typesupport_introspection_cExport-noconfig.cmake
[4.458s] -- Installing: /workspace/jazzy_ws/install/share/actionlib_msgs/cmake/actionlib_msgs__rosidl_typesupport_cExport.cmake
[4.458s] -- Installing: /workspace/jazzy_ws/install/share/actionlib_msgs/cmake/actionlib_msgs__rosidl_typesupport_cExport-noconfig.cmake
[4.458s] -- Installing: /workspace/jazzy_ws/install/share/actionlib_msgs/cmake/actionlib_msgs__rosidl_typesupport_introspection_cppExport.cmake
[4.458s] -- Installing: /workspace/jazzy_ws/install/share/actionlib_msgs/cmake/actionlib_msgs__rosidl_typesupport_introspection_cppExport-noconfig.cmake
[4.458s] -- Installing: /workspace/jazzy_ws/install/share/actionlib_msgs/cmake/actionlib_msgs__rosidl_typesupport_cppExport.cmake
[4.458s] -- Installing: /workspace/jazzy_ws/install/share/actionlib_msgs/cmake/actionlib_msgs__rosidl_typesupport_cppExport-noconfig.cmake
[4.459s] -- Installing: /workspace/jazzy_ws/install/share/actionlib_msgs/cmake/export_actionlib_msgs__rosidl_generator_pyExport.cmake
[4.459s] -- Installing: /workspace/jazzy_ws/install/share/actionlib_msgs/cmake/export_actionlib_msgs__rosidl_generator_pyExport-noconfig.cmake
[4.459s] -- Installing: /workspace/jazzy_ws/install/share/actionlib_msgs/cmake/rosidl_cmake-extras.cmake
[4.459s] -- Installing: /workspace/jazzy_ws/install/share/actionlib_msgs/cmake/ament_cmake_export_dependencies-extras.cmake
[4.459s] -- Installing: /workspace/jazzy_ws/install/share/actionlib_msgs/cmake/ament_cmake_export_include_directories-extras.cmake
[4.459s] -- Installing: /workspace/jazzy_ws/install/share/actionlib_msgs/cmake/ament_cmake_export_libraries-extras.cmake
[4.459s] -- Installing: /workspace/jazzy_ws/install/share/actionlib_msgs/cmake/ament_cmake_export_targets-extras.cmake
[4.459s] -- Installing: /workspace/jazzy_ws/install/share/actionlib_msgs/cmake/rosidl_cmake_export_typesupport_targets-extras.cmake
[4.459s] -- Installing: /workspace/jazzy_ws/install/share/actionlib_msgs/cmake/rosidl_cmake_export_typesupport_libraries-extras.cmake
[4.459s] -- Installing: /workspace/jazzy_ws/install/share/actionlib_msgs/cmake/actionlib_msgsConfig.cmake
[4.460s] -- Installing: /workspace/jazzy_ws/install/share/actionlib_msgs/cmake/actionlib_msgsConfig-version.cmake
[4.460s] -- Installing: /workspace/jazzy_ws/install/share/actionlib_msgs/package.xml
[4.461s] Invoked command in '/workspace/jazzy_ws/build/actionlib_msgs' returned '0': AMENT_PREFIX_PATH=/workspace/jazzy_ws/install CMAKE_PREFIX_PATH=/workspace/jazzy_ws/install LD_LIBRARY_PATH=/workspace/jazzy_ws/install/lib:/workspace/jazzy_ws/install/opt/mimick_vendor/lib PATH=/workspace/jazzy_ws/install/bin:/workspace/jazzy_ws/install/opt/uncrustify_vendor/bin:${PATH} PKG_CONFIG_PATH=/workspace/jazzy_ws/install/lib/x86_64-linux-gnu/pkgconfig:/workspace/jazzy_ws/install/lib/pkgconfig PYTHONPATH=/workspace/jazzy_ws/install/lib/python3.12/site-packages /usr/bin/cmake --install /workspace/jazzy_ws/build/actionlib_msgs
