-- The C compiler identification is GNU 13.3.0
-- The CXX compiler identification is GNU 13.3.0
-- Detecting C compiler ABI info
-- Detecting C compiler ABI info - done
-- Check for working C compiler: /usr/bin/cc - skipped
-- Detecting C compile features
-- Detecting C compile features - done
-- Detecting CXX compiler ABI info
-- Detecting CXX compiler ABI info - done
-- Check for working CXX compiler: /usr/bin/c++ - skipped
-- Detecting CXX compile features
-- Detecting CXX compile features - done
-- Found ament_cmake_ros: 0.12.0 (/workspace/jazzy_ws/install/share/ament_cmake_ros/cmake)
-- Found Python3: /usr/bin/python3 (found version "3.12.3") found components: Interpreter 
-- Found lifecycle_msgs: 2.0.3 (/workspace/jazzy_ws/install/share/lifecycle_msgs/cmake)
-- Found rosidl_generator_c: 4.6.7 (/workspace/jazzy_ws/install/share/rosidl_generator_c/cmake)
-- Found rosidl_generator_cpp: 4.6.7 (/workspace/jazzy_ws/install/share/rosidl_generator_cpp/cmake)
-- Using all available rosidl_typesupport_c: rosidl_typesupport_fastrtps_c;rosidl_typesupport_introspection_c
-- Using all available rosidl_typesupport_cpp: rosidl_typesupport_fastrtps_cpp;rosidl_typesupport_introspection_cpp
-- Found rcl: 9.2.9 (/workspace/jazzy_ws/install/share/rcl/cmake)
-- Found rmw_implementation_cmake: 7.3.3 (/workspace/jazzy_ws/install/share/rmw_implementation_cmake/cmake)
-- Found rmw_fastrtps_cpp: 8.4.3 (/workspace/jazzy_ws/install/share/rmw_fastrtps_cpp/cmake)
-- Found OpenSSL: /usr/lib/x86_64-linux-gnu/libcrypto.so (found version "3.0.13")  
-- Found FastRTPS: /workspace/jazzy_ws/install/include (Required is at least version "2.13") 
-- Using RMW implementation 'rmw_fastrtps_cpp' as default
-- Found tracetools: 8.2.5 (/workspace/jazzy_ws/install/share/tracetools/cmake)
-- Found ament_lint_auto: 0.17.4 (/workspace/jazzy_ws/install/share/ament_lint_auto/cmake)
-- Found gtest sources under '/workspace/jazzy_ws/install/src/gtest_vendor': C++ tests using 'Google Test' will be built
-- Performing Test CMAKE_HAVE_LIBC_PTHREAD
-- Performing Test CMAKE_HAVE_LIBC_PTHREAD - Success
-- Found Threads: TRUE  
-- Added test 'copyright' to check source files copyright and LICENSE
-- Added test 'cppcheck' to perform static code analysis on C / C++ code
-- Configured cppcheck include dirs: $<BUILD_INTERFACE:/workspace/jazzy_ws/src/rcl/rcl_lifecycle/include>
-- Configured cppcheck exclude dirs and/or files: 
-- Added test 'cpplint' to check C / C++ code against the Google style
-- Configured cpplint exclude dirs and/or files: 
-- Added test 'lint_cmake' to check CMake code style
-- Added test 'uncrustify' to check C / C++ code style
-- Configured uncrustify additional arguments: 
-- Added test 'xmllint' to check XML markup files
-- Configuring done (0.6s)
-- Generating done (0.0s)
-- Build files have been written to: /workspace/jazzy_ws/build/rcl_lifecycle
[  5%] Generating rcl_lifecycle/version.h
[ 11%] Building CXX object gtest/CMakeFiles/gtest_main.dir/src/gtest_main.cc.o
[ 16%] Building CXX object gtest/CMakeFiles/gtest.dir/src/gtest-all.cc.o
[ 16%] Built target ament_generate_version_header__rcl_lifecycle
[ 27%] Building C object CMakeFiles/rcl_lifecycle.dir/src/default_state_machine.c.o
[ 27%] Building C object CMakeFiles/rcl_lifecycle.dir/src/com_interface.c.o
[ 38%] Building C object CMakeFiles/rcl_lifecycle.dir/src/transition_map.c.o
[ 38%] Building C object CMakeFiles/rcl_lifecycle.dir/src/rcl_lifecycle.c.o
[ 44%] Linking C shared library librcl_lifecycle.so
[ 44%] Built target rcl_lifecycle
[ 50%] Linking CXX static library libgtest_main.a
[ 50%] Built target gtest_main
[ 55%] Linking CXX static library libgtest.a
[ 55%] Built target gtest
[ 77%] Building CXX object CMakeFiles/test_default_state_machine.dir/test/test_default_state_machine.cpp.o
[ 77%] Building CXX object CMakeFiles/test_multiple_instances.dir/test/test_multiple_instances.cpp.o
[ 77%] Building CXX object CMakeFiles/test_rcl_lifecycle.dir/test/test_rcl_lifecycle.cpp.o
[ 77%] Building CXX object CMakeFiles/test_transition_map.dir/test/test_transition_map.cpp.o
[ 83%] Linking CXX executable test_transition_map
[ 88%] Linking CXX executable test_multiple_instances
[ 94%] Linking CXX executable test_default_state_machine
[ 94%] Built target test_transition_map
[ 94%] Built target test_multiple_instances
[100%] Linking CXX executable test_rcl_lifecycle
[100%] Built target test_default_state_machine
[100%] Built target test_rcl_lifecycle
-- Install configuration: ""
-- Installing: /workspace/jazzy_ws/install/lib/librcl_lifecycle.so
-- Set non-toolchain portion of runtime path of "/workspace/jazzy_ws/install/lib/librcl_lifecycle.so" to ""
-- Installing: /workspace/jazzy_ws/install/share/rcl_lifecycle/environment/library_path.sh
-- Installing: /workspace/jazzy_ws/install/share/rcl_lifecycle/environment/library_path.dsv
-- Installing: /workspace/jazzy_ws/install/include/rcl_lifecycle/rcl_lifecycle/version.h
-- Installing: /workspace/jazzy_ws/install/share/ament_index/resource_index/package_run_dependencies/rcl_lifecycle
-- Installing: /workspace/jazzy_ws/install/share/ament_index/resource_index/parent_prefix_path/rcl_lifecycle
-- Installing: /workspace/jazzy_ws/install/share/rcl_lifecycle/environment/ament_prefix_path.sh
-- Installing: /workspace/jazzy_ws/install/share/rcl_lifecycle/environment/ament_prefix_path.dsv
-- Installing: /workspace/jazzy_ws/install/share/rcl_lifecycle/environment/path.sh
-- Installing: /workspace/jazzy_ws/install/share/rcl_lifecycle/environment/path.dsv
-- Installing: /workspace/jazzy_ws/install/share/rcl_lifecycle/local_setup.bash
-- Installing: /workspace/jazzy_ws/install/share/rcl_lifecycle/local_setup.sh
-- Installing: /workspace/jazzy_ws/install/share/rcl_lifecycle/local_setup.zsh
-- Installing: /workspace/jazzy_ws/install/share/rcl_lifecycle/local_setup.dsv
-- Installing: /workspace/jazzy_ws/install/share/rcl_lifecycle/package.dsv
-- Installing: /workspace/jazzy_ws/install/share/ament_index/resource_index/packages/rcl_lifecycle
-- Installing: /workspace/jazzy_ws/install/share/rcl_lifecycle/cmake/rcl_lifecycleExport.cmake
-- Installing: /workspace/jazzy_ws/install/share/rcl_lifecycle/cmake/rcl_lifecycleExport-noconfig.cmake
-- Installing: /workspace/jazzy_ws/install/share/rcl_lifecycle/cmake/ament_cmake_export_include_directories-extras.cmake
-- Installing: /workspace/jazzy_ws/install/share/rcl_lifecycle/cmake/ament_cmake_export_libraries-extras.cmake
-- Installing: /workspace/jazzy_ws/install/share/rcl_lifecycle/cmake/ament_cmake_export_targets-extras.cmake
-- Installing: /workspace/jazzy_ws/install/share/rcl_lifecycle/cmake/ament_cmake_export_dependencies-extras.cmake
-- Installing: /workspace/jazzy_ws/install/share/rcl_lifecycle/cmake/rcl_lifecycleConfig.cmake
-- Installing: /workspace/jazzy_ws/install/share/rcl_lifecycle/cmake/rcl_lifecycleConfig-version.cmake
-- Installing: /workspace/jazzy_ws/install/share/rcl_lifecycle/package.xml
-- Up-to-date: /workspace/jazzy_ws/install/include/rcl_lifecycle
-- Up-to-date: /workspace/jazzy_ws/install/include/rcl_lifecycle/rcl_lifecycle
-- Installing: /workspace/jazzy_ws/install/include/rcl_lifecycle/rcl_lifecycle/visibility_control.h
-- Installing: /workspace/jazzy_ws/install/include/rcl_lifecycle/rcl_lifecycle/data_types.h
-- Installing: /workspace/jazzy_ws/install/include/rcl_lifecycle/rcl_lifecycle/default_state_machine.h
-- Installing: /workspace/jazzy_ws/install/include/rcl_lifecycle/rcl_lifecycle/rcl_lifecycle.h
-- Installing: /workspace/jazzy_ws/install/include/rcl_lifecycle/rcl_lifecycle/transition_map.h
