[0.119s] Invoking command in '/workspace/jazzy_ws/build/rcl_lifecycle': AMENT_PREFIX_PATH=/workspace/jazzy_ws/install CMAKE_PREFIX_PATH=/workspace/jazzy_ws/install LD_LIBRARY_PATH=/workspace/jazzy_ws/install/lib:/workspace/jazzy_ws/install/opt/libyaml_vendor/lib:/workspace/jazzy_ws/install/opt/spdlog_vendor/lib:/workspace/jazzy_ws/install/opt/mimick_vendor/lib PATH=/workspace/jazzy_ws/install/bin:/workspace/jazzy_ws/install/opt/uncrustify_vendor/bin:${PATH} PKG_CONFIG_PATH=/workspace/jazzy_ws/install/lib/x86_64-linux-gnu/pkgconfig:/workspace/jazzy_ws/install/lib/pkgconfig PYTHONPATH=/workspace/jazzy_ws/install/lib/python3.12/site-packages /usr/bin/cmake /workspace/jazzy_ws/src/rcl/rcl_lifecycle -DCMAKE_INSTALL_PREFIX=/workspace/jazzy_ws/install
[0.147s] -- The C compiler identification is GNU 13.3.0
[0.177s] -- The CXX compiler identification is GNU 13.3.0
[0.184s] -- Detecting C compiler ABI info
[0.228s] -- Detecting C compiler ABI info - done
[0.233s] -- Check for working C compiler: /usr/bin/cc - skipped
[0.233s] -- Detecting C compile features
[0.234s] -- Detecting C compile features - done
[0.238s] -- Detecting CXX compiler ABI info
[0.287s] -- Detecting CXX compiler ABI info - done
[0.293s] -- Check for working CXX compiler: /usr/bin/c++ - skipped
[0.293s] -- Detecting CXX compile features
[0.293s] -- Detecting CXX compile features - done
[0.294s] -- Found ament_cmake_ros: 0.12.0 (/workspace/jazzy_ws/install/share/ament_cmake_ros/cmake)
[0.361s] -- Found Python3: /usr/bin/python3 (found version "3.12.3") found components: Interpreter 
[0.416s] -- Found lifecycle_msgs: 2.0.3 (/workspace/jazzy_ws/install/share/lifecycle_msgs/cmake)
[0.434s] -- Found rosidl_generator_c: 4.6.7 (/workspace/jazzy_ws/install/share/rosidl_generator_c/cmake)
[0.440s] -- Found rosidl_generator_cpp: 4.6.7 (/workspace/jazzy_ws/install/share/rosidl_generator_cpp/cmake)
[0.449s] -- Using all available rosidl_typesupport_c: rosidl_typesupport_fastrtps_c;rosidl_typesupport_introspection_c
[0.459s] -- Using all available rosidl_typesupport_cpp: rosidl_typesupport_fastrtps_cpp;rosidl_typesupport_introspection_cpp
[0.488s] -- Found rcl: 9.2.9 (/workspace/jazzy_ws/install/share/rcl/cmake)
[0.505s] -- Found rmw_implementation_cmake: 7.3.3 (/workspace/jazzy_ws/install/share/rmw_implementation_cmake/cmake)
[0.506s] -- Found rmw_fastrtps_cpp: 8.4.3 (/workspace/jazzy_ws/install/share/rmw_fastrtps_cpp/cmake)
[0.544s] -- Found OpenSSL: /usr/lib/x86_64-linux-gnu/libcrypto.so (found version "3.0.13")  
[0.552s] -- Found FastRTPS: /workspace/jazzy_ws/install/include (Required is at least version "2.13") 
[0.562s] -- Using RMW implementation 'rmw_fastrtps_cpp' as default
[0.573s] -- Found tracetools: 8.2.5 (/workspace/jazzy_ws/install/share/tracetools/cmake)
[0.575s] -- Found ament_lint_auto: 0.17.4 (/workspace/jazzy_ws/install/share/ament_lint_auto/cmake)
[0.631s] -- Found gtest sources under '/workspace/jazzy_ws/install/src/gtest_vendor': C++ tests using 'Google Test' will be built
[0.632s] -- Performing Test CMAKE_HAVE_LIBC_PTHREAD
[0.677s] -- Performing Test CMAKE_HAVE_LIBC_PTHREAD - Success
[0.678s] -- Found Threads: TRUE  
[0.684s] -- Added test 'copyright' to check source files copyright and LICENSE
[0.687s] -- Added test 'cppcheck' to perform static code analysis on C / C++ code
[0.687s] -- Configured cppcheck include dirs: $<BUILD_INTERFACE:/workspace/jazzy_ws/src/rcl/rcl_lifecycle/include>
[0.687s] -- Configured cppcheck exclude dirs and/or files: 
[0.689s] -- Added test 'cpplint' to check C / C++ code against the Google style
[0.689s] -- Configured cpplint exclude dirs and/or files: 
[0.690s] -- Added test 'lint_cmake' to check CMake code style
[0.693s] -- Added test 'uncrustify' to check C / C++ code style
[0.693s] -- Configured uncrustify additional arguments: 
[0.693s] -- Added test 'xmllint' to check XML markup files
[0.695s] -- Configuring done (0.6s)
[0.709s] -- Generating done (0.0s)
[0.714s] -- Build files have been written to: /workspace/jazzy_ws/build/rcl_lifecycle
[0.719s] Invoked command in '/workspace/jazzy_ws/build/rcl_lifecycle' returned '0': AMENT_PREFIX_PATH=/workspace/jazzy_ws/install CMAKE_PREFIX_PATH=/workspace/jazzy_ws/install LD_LIBRARY_PATH=/workspace/jazzy_ws/install/lib:/workspace/jazzy_ws/install/opt/libyaml_vendor/lib:/workspace/jazzy_ws/install/opt/spdlog_vendor/lib:/workspace/jazzy_ws/install/opt/mimick_vendor/lib PATH=/workspace/jazzy_ws/install/bin:/workspace/jazzy_ws/install/opt/uncrustify_vendor/bin:${PATH} PKG_CONFIG_PATH=/workspace/jazzy_ws/install/lib/x86_64-linux-gnu/pkgconfig:/workspace/jazzy_ws/install/lib/pkgconfig PYTHONPATH=/workspace/jazzy_ws/install/lib/python3.12/site-packages /usr/bin/cmake /workspace/jazzy_ws/src/rcl/rcl_lifecycle -DCMAKE_INSTALL_PREFIX=/workspace/jazzy_ws/install
[0.720s] Invoking command in '/workspace/jazzy_ws/build/rcl_lifecycle': AMENT_PREFIX_PATH=/workspace/jazzy_ws/install CMAKE_PREFIX_PATH=/workspace/jazzy_ws/install LD_LIBRARY_PATH=/workspace/jazzy_ws/install/lib:/workspace/jazzy_ws/install/opt/libyaml_vendor/lib:/workspace/jazzy_ws/install/opt/spdlog_vendor/lib:/workspace/jazzy_ws/install/opt/mimick_vendor/lib PATH=/workspace/jazzy_ws/install/bin:/workspace/jazzy_ws/install/opt/uncrustify_vendor/bin:${PATH} PKG_CONFIG_PATH=/workspace/jazzy_ws/install/lib/x86_64-linux-gnu/pkgconfig:/workspace/jazzy_ws/install/lib/pkgconfig PYTHONPATH=/workspace/jazzy_ws/install/lib/python3.12/site-packages /usr/bin/cmake --build /workspace/jazzy_ws/build/rcl_lifecycle -- -j24 -l24
[0.746s] [  5%] Generating rcl_lifecycle/version.h
[0.746s] [ 11%] Building CXX object gtest/CMakeFiles/gtest_main.dir/src/gtest_main.cc.o
[0.746s] [ 16%] Building CXX object gtest/CMakeFiles/gtest.dir/src/gtest-all.cc.o
[0.754s] [ 16%] Built target ament_generate_version_header__rcl_lifecycle
[0.764s] [ 27%] Building C object CMakeFiles/rcl_lifecycle.dir/src/default_state_machine.c.o
[0.764s] [ 27%] Building C object CMakeFiles/rcl_lifecycle.dir/src/com_interface.c.o
[0.764s] [ 38%] Building C object CMakeFiles/rcl_lifecycle.dir/src/transition_map.c.o
[0.764s] [ 38%] Building C object CMakeFiles/rcl_lifecycle.dir/src/rcl_lifecycle.c.o
[0.817s] [ 44%] Linking C shared library librcl_lifecycle.so
[0.847s] [ 44%] Built target rcl_lifecycle
[1.127s] [ 50%] Linking CXX static library libgtest_main.a
[1.145s] [ 50%] Built target gtest_main
[2.501s] [ 55%] Linking CXX static library libgtest.a
[2.530s] [ 55%] Built target gtest
[2.540s] [ 77%] Building CXX object CMakeFiles/test_default_state_machine.dir/test/test_default_state_machine.cpp.o
[2.540s] [ 77%] Building CXX object CMakeFiles/test_multiple_instances.dir/test/test_multiple_instances.cpp.o
[2.540s] [ 77%] Building CXX object CMakeFiles/test_rcl_lifecycle.dir/test/test_rcl_lifecycle.cpp.o
[2.541s] [ 77%] Building CXX object CMakeFiles/test_transition_map.dir/test/test_transition_map.cpp.o
[3.077s] [ 83%] Linking CXX executable test_transition_map
[3.077s] [ 88%] Linking CXX executable test_multiple_instances
[3.180s] [ 94%] Linking CXX executable test_default_state_machine
[3.198s] [ 94%] Built target test_transition_map
[3.199s] [ 94%] Built target test_multiple_instances
[3.280s] [100%] Linking CXX executable test_rcl_lifecycle
[3.294s] [100%] Built target test_default_state_machine
[3.404s] [100%] Built target test_rcl_lifecycle
[3.412s] Invoked command in '/workspace/jazzy_ws/build/rcl_lifecycle' returned '0': AMENT_PREFIX_PATH=/workspace/jazzy_ws/install CMAKE_PREFIX_PATH=/workspace/jazzy_ws/install LD_LIBRARY_PATH=/workspace/jazzy_ws/install/lib:/workspace/jazzy_ws/install/opt/libyaml_vendor/lib:/workspace/jazzy_ws/install/opt/spdlog_vendor/lib:/workspace/jazzy_ws/install/opt/mimick_vendor/lib PATH=/workspace/jazzy_ws/install/bin:/workspace/jazzy_ws/install/opt/uncrustify_vendor/bin:${PATH} PKG_CONFIG_PATH=/workspace/jazzy_ws/install/lib/x86_64-linux-gnu/pkgconfig:/workspace/jazzy_ws/install/lib/pkgconfig PYTHONPATH=/workspace/jazzy_ws/install/lib/python3.12/site-packages /usr/bin/cmake --build /workspace/jazzy_ws/build/rcl_lifecycle -- -j24 -l24
[3.413s] Invoking command in '/workspace/jazzy_ws/build/rcl_lifecycle': AMENT_PREFIX_PATH=/workspace/jazzy_ws/install CMAKE_PREFIX_PATH=/workspace/jazzy_ws/install LD_LIBRARY_PATH=/workspace/jazzy_ws/install/lib:/workspace/jazzy_ws/install/opt/libyaml_vendor/lib:/workspace/jazzy_ws/install/opt/spdlog_vendor/lib:/workspace/jazzy_ws/install/opt/mimick_vendor/lib PATH=/workspace/jazzy_ws/install/bin:/workspace/jazzy_ws/install/opt/uncrustify_vendor/bin:${PATH} PKG_CONFIG_PATH=/workspace/jazzy_ws/install/lib/x86_64-linux-gnu/pkgconfig:/workspace/jazzy_ws/install/lib/pkgconfig PYTHONPATH=/workspace/jazzy_ws/install/lib/python3.12/site-packages /usr/bin/cmake --install /workspace/jazzy_ws/build/rcl_lifecycle
[3.419s] -- Install configuration: ""
[3.419s] -- Installing: /workspace/jazzy_ws/install/lib/librcl_lifecycle.so
[3.419s] -- Set non-toolchain portion of runtime path of "/workspace/jazzy_ws/install/lib/librcl_lifecycle.so" to ""
[3.419s] -- Installing: /workspace/jazzy_ws/install/share/rcl_lifecycle/environment/library_path.sh
[3.420s] -- Installing: /workspace/jazzy_ws/install/share/rcl_lifecycle/environment/library_path.dsv
[3.420s] -- Installing: /workspace/jazzy_ws/install/include/rcl_lifecycle/rcl_lifecycle/version.h
[3.420s] -- Installing: /workspace/jazzy_ws/install/share/ament_index/resource_index/package_run_dependencies/rcl_lifecycle
[3.420s] -- Installing: /workspace/jazzy_ws/install/share/ament_index/resource_index/parent_prefix_path/rcl_lifecycle
[3.420s] -- Installing: /workspace/jazzy_ws/install/share/rcl_lifecycle/environment/ament_prefix_path.sh
[3.420s] -- Installing: /workspace/jazzy_ws/install/share/rcl_lifecycle/environment/ament_prefix_path.dsv
[3.420s] -- Installing: /workspace/jazzy_ws/install/share/rcl_lifecycle/environment/path.sh
[3.420s] -- Installing: /workspace/jazzy_ws/install/share/rcl_lifecycle/environment/path.dsv
[3.421s] -- Installing: /workspace/jazzy_ws/install/share/rcl_lifecycle/local_setup.bash
[3.421s] -- Installing: /workspace/jazzy_ws/install/share/rcl_lifecycle/local_setup.sh
[3.421s] -- Installing: /workspace/jazzy_ws/install/share/rcl_lifecycle/local_setup.zsh
[3.421s] -- Installing: /workspace/jazzy_ws/install/share/rcl_lifecycle/local_setup.dsv
[3.421s] -- Installing: /workspace/jazzy_ws/install/share/rcl_lifecycle/package.dsv
[3.421s] -- Installing: /workspace/jazzy_ws/install/share/ament_index/resource_index/packages/rcl_lifecycle
[3.421s] -- Installing: /workspace/jazzy_ws/install/share/rcl_lifecycle/cmake/rcl_lifecycleExport.cmake
[3.421s] -- Installing: /workspace/jazzy_ws/install/share/rcl_lifecycle/cmake/rcl_lifecycleExport-noconfig.cmake
[3.421s] -- Installing: /workspace/jazzy_ws/install/share/rcl_lifecycle/cmake/ament_cmake_export_include_directories-extras.cmake
[3.422s] -- Installing: /workspace/jazzy_ws/install/share/rcl_lifecycle/cmake/ament_cmake_export_libraries-extras.cmake
[3.422s] -- Installing: /workspace/jazzy_ws/install/share/rcl_lifecycle/cmake/ament_cmake_export_targets-extras.cmake
[3.422s] -- Installing: /workspace/jazzy_ws/install/share/rcl_lifecycle/cmake/ament_cmake_export_dependencies-extras.cmake
[3.422s] -- Installing: /workspace/jazzy_ws/install/share/rcl_lifecycle/cmake/rcl_lifecycleConfig.cmake
[3.422s] -- Installing: /workspace/jazzy_ws/install/share/rcl_lifecycle/cmake/rcl_lifecycleConfig-version.cmake
[3.422s] -- Installing: /workspace/jazzy_ws/install/share/rcl_lifecycle/package.xml
[3.422s] -- Up-to-date: /workspace/jazzy_ws/install/include/rcl_lifecycle
[3.422s] -- Up-to-date: /workspace/jazzy_ws/install/include/rcl_lifecycle/rcl_lifecycle
[3.422s] -- Installing: /workspace/jazzy_ws/install/include/rcl_lifecycle/rcl_lifecycle/visibility_control.h
[3.423s] -- Installing: /workspace/jazzy_ws/install/include/rcl_lifecycle/rcl_lifecycle/data_types.h
[3.423s] -- Installing: /workspace/jazzy_ws/install/include/rcl_lifecycle/rcl_lifecycle/default_state_machine.h
[3.423s] -- Installing: /workspace/jazzy_ws/install/include/rcl_lifecycle/rcl_lifecycle/rcl_lifecycle.h
[3.423s] -- Installing: /workspace/jazzy_ws/install/include/rcl_lifecycle/rcl_lifecycle/transition_map.h
[3.424s] Invoked command in '/workspace/jazzy_ws/build/rcl_lifecycle' returned '0': AMENT_PREFIX_PATH=/workspace/jazzy_ws/install CMAKE_PREFIX_PATH=/workspace/jazzy_ws/install LD_LIBRARY_PATH=/workspace/jazzy_ws/install/lib:/workspace/jazzy_ws/install/opt/libyaml_vendor/lib:/workspace/jazzy_ws/install/opt/spdlog_vendor/lib:/workspace/jazzy_ws/install/opt/mimick_vendor/lib PATH=/workspace/jazzy_ws/install/bin:/workspace/jazzy_ws/install/opt/uncrustify_vendor/bin:${PATH} PKG_CONFIG_PATH=/workspace/jazzy_ws/install/lib/x86_64-linux-gnu/pkgconfig:/workspace/jazzy_ws/install/lib/pkgconfig PYTHONPATH=/workspace/jazzy_ws/install/lib/python3.12/site-packages /usr/bin/cmake --install /workspace/jazzy_ws/build/rcl_lifecycle
