[0.028s] Invoking command in '/workspace/jazzy_ws/build/ament_cmake_cpplint': AMENT_PREFIX_PATH=/workspace/jazzy_ws/install CMAKE_PREFIX_PATH=/workspace/jazzy_ws/install LD_LIBRARY_PATH=/workspace/jazzy_ws/install/lib PATH=/workspace/jazzy_ws/install/bin:${PATH} PYTHONPATH=/workspace/jazzy_ws/install/lib/python3.12/site-packages /usr/bin/cmake /workspace/jazzy_ws/src/ament_lint/ament_cmake_cpplint -DCMAKE_INSTALL_PREFIX=/workspace/jazzy_ws/install
[0.034s] -- Found ament_cmake_core: 2.5.5 (/workspace/jazzy_ws/install/share/ament_cmake_core/cmake)
[0.129s] -- Found Python3: /usr/bin/python3 (found version "3.12.3") found components: Interpreter 
[0.183s] -- Found ament_cmake_test: 2.5.5 (/workspace/jazzy_ws/install/share/ament_cmake_test/cmake)
[0.243s] -- Found ament_cmake_copyright: 0.17.4 (/workspace/jazzy_ws/install/share/ament_cmake_copyright/cmake)
[0.245s] -- Found ament_cmake_lint_cmake: 0.17.4 (/workspace/jazzy_ws/install/share/ament_cmake_lint_cmake/cmake)
[0.245s] -- Configuring done (0.2s)
[0.247s] -- Generating done (0.0s)
[0.247s] -- Build files have been written to: /workspace/jazzy_ws/build/ament_cmake_cpplint
[0.248s] Invoked command in '/workspace/jazzy_ws/build/ament_cmake_cpplint' returned '0': AMENT_PREFIX_PATH=/workspace/jazzy_ws/install CMAKE_PREFIX_PATH=/workspace/jazzy_ws/install LD_LIBRARY_PATH=/workspace/jazzy_ws/install/lib PATH=/workspace/jazzy_ws/install/bin:${PATH} PYTHONPATH=/workspace/jazzy_ws/install/lib/python3.12/site-packages /usr/bin/cmake /workspace/jazzy_ws/src/ament_lint/ament_cmake_cpplint -DCMAKE_INSTALL_PREFIX=/workspace/jazzy_ws/install
[0.248s] Invoking command in '/workspace/jazzy_ws/build/ament_cmake_cpplint': AMENT_PREFIX_PATH=/workspace/jazzy_ws/install CMAKE_PREFIX_PATH=/workspace/jazzy_ws/install LD_LIBRARY_PATH=/workspace/jazzy_ws/install/lib PATH=/workspace/jazzy_ws/install/bin:${PATH} PYTHONPATH=/workspace/jazzy_ws/install/lib/python3.12/site-packages /usr/bin/cmake --build /workspace/jazzy_ws/build/ament_cmake_cpplint -- -j24 -l24
[0.267s] Invoked command in '/workspace/jazzy_ws/build/ament_cmake_cpplint' returned '0': AMENT_PREFIX_PATH=/workspace/jazzy_ws/install CMAKE_PREFIX_PATH=/workspace/jazzy_ws/install LD_LIBRARY_PATH=/workspace/jazzy_ws/install/lib PATH=/workspace/jazzy_ws/install/bin:${PATH} PYTHONPATH=/workspace/jazzy_ws/install/lib/python3.12/site-packages /usr/bin/cmake --build /workspace/jazzy_ws/build/ament_cmake_cpplint -- -j24 -l24
[0.268s] Invoking command in '/workspace/jazzy_ws/build/ament_cmake_cpplint': AMENT_PREFIX_PATH=/workspace/jazzy_ws/install CMAKE_PREFIX_PATH=/workspace/jazzy_ws/install LD_LIBRARY_PATH=/workspace/jazzy_ws/install/lib PATH=/workspace/jazzy_ws/install/bin:${PATH} PYTHONPATH=/workspace/jazzy_ws/install/lib/python3.12/site-packages /usr/bin/cmake --install /workspace/jazzy_ws/build/ament_cmake_cpplint
[0.284s] -- Install configuration: ""
[0.284s] -- Installing: /workspace/jazzy_ws/install/share/ament_index/resource_index/package_run_dependencies/ament_cmake_cpplint
[0.284s] -- Installing: /workspace/jazzy_ws/install/share/ament_index/resource_index/parent_prefix_path/ament_cmake_cpplint
[0.284s] -- Installing: /workspace/jazzy_ws/install/share/ament_cmake_cpplint/environment/ament_prefix_path.sh
[0.284s] -- Installing: /workspace/jazzy_ws/install/share/ament_cmake_cpplint/environment/ament_prefix_path.dsv
[0.284s] -- Installing: /workspace/jazzy_ws/install/share/ament_cmake_cpplint/environment/path.sh
[0.284s] -- Installing: /workspace/jazzy_ws/install/share/ament_cmake_cpplint/environment/path.dsv
[0.285s] -- Installing: /workspace/jazzy_ws/install/share/ament_cmake_cpplint/local_setup.bash
[0.285s] -- Installing: /workspace/jazzy_ws/install/share/ament_cmake_cpplint/local_setup.sh
[0.285s] -- Installing: /workspace/jazzy_ws/install/share/ament_cmake_cpplint/local_setup.zsh
[0.285s] -- Installing: /workspace/jazzy_ws/install/share/ament_cmake_cpplint/local_setup.dsv
[0.285s] -- Installing: /workspace/jazzy_ws/install/share/ament_cmake_cpplint/package.dsv
[0.285s] -- Installing: /workspace/jazzy_ws/install/share/ament_index/resource_index/packages/ament_cmake_cpplint
[0.285s] -- Installing: /workspace/jazzy_ws/install/share/ament_cmake_cpplint/cmake/ament_cmake_cpplint-extras.cmake
[0.285s] -- Installing: /workspace/jazzy_ws/install/share/ament_cmake_cpplint/cmake/ament_cmake_cpplintConfig.cmake
[0.285s] -- Installing: /workspace/jazzy_ws/install/share/ament_cmake_cpplint/cmake/ament_cmake_cpplintConfig-version.cmake
[0.285s] -- Installing: /workspace/jazzy_ws/install/share/ament_cmake_cpplint/package.xml
[0.285s] -- Up-to-date: /workspace/jazzy_ws/install/share/ament_cmake_cpplint/cmake
[0.285s] -- Installing: /workspace/jazzy_ws/install/share/ament_cmake_cpplint/cmake/ament_cpplint.cmake
[0.285s] -- Installing: /workspace/jazzy_ws/install/share/ament_cmake_cpplint/cmake/ament_cmake_cpplint_lint_hook.cmake
[0.307s] Invoked command in '/workspace/jazzy_ws/build/ament_cmake_cpplint' returned '0': AMENT_PREFIX_PATH=/workspace/jazzy_ws/install CMAKE_PREFIX_PATH=/workspace/jazzy_ws/install LD_LIBRARY_PATH=/workspace/jazzy_ws/install/lib PATH=/workspace/jazzy_ws/install/bin:${PATH} PYTHONPATH=/workspace/jazzy_ws/install/lib/python3.12/site-packages /usr/bin/cmake --install /workspace/jazzy_ws/build/ament_cmake_cpplint
