/usr/local/lib/python3.12/dist-packages/setuptools/_distutils/dist.py:287: UserWarning: Unknown distribution option: 'tests_require'
  warnings.warn(msg)
/usr/local/lib/python3.12/dist-packages/setuptools/dist.py:765: SetuptoolsDeprecationWarning: License classifiers are deprecated.
!!

        ********************************************************************************
        Please consider removing the following classifiers in favor of a SPDX license expression:

        License :: OSI Approved :: Apache Software License

        See https://packaging.python.org/en/latest/guides/writing-pyproject-toml/#license for details.
        ********************************************************************************

!!
  self._finalize_license_expression()
running egg_info
creating ../../build/rosidl_runtime_py/rosidl_runtime_py.egg-info
writing ../../build/rosidl_runtime_py/rosidl_runtime_py.egg-info/PKG-INFO
writing dependency_links to ../../build/rosidl_runtime_py/rosidl_runtime_py.egg-info/dependency_links.txt
writing top-level names to ../../build/rosidl_runtime_py/rosidl_runtime_py.egg-info/top_level.txt
writing manifest file '../../build/rosidl_runtime_py/rosidl_runtime_py.egg-info/SOURCES.txt'
reading manifest file '../../build/rosidl_runtime_py/rosidl_runtime_py.egg-info/SOURCES.txt'
adding license file 'LICENSE'
writing manifest file '../../build/rosidl_runtime_py/rosidl_runtime_py.egg-info/SOURCES.txt'
running build
running build_py
creating /workspace/jazzy_ws/build/rosidl_runtime_py/build/lib/rosidl_runtime_py
copying rosidl_runtime_py/get_interfaces.py -> /workspace/jazzy_ws/build/rosidl_runtime_py/build/lib/rosidl_runtime_py
copying rosidl_runtime_py/utilities.py -> /workspace/jazzy_ws/build/rosidl_runtime_py/build/lib/rosidl_runtime_py
copying rosidl_runtime_py/__init__.py -> /workspace/jazzy_ws/build/rosidl_runtime_py/build/lib/rosidl_runtime_py
copying rosidl_runtime_py/set_message.py -> /workspace/jazzy_ws/build/rosidl_runtime_py/build/lib/rosidl_runtime_py
copying rosidl_runtime_py/import_message.py -> /workspace/jazzy_ws/build/rosidl_runtime_py/build/lib/rosidl_runtime_py
copying rosidl_runtime_py/convert.py -> /workspace/jazzy_ws/build/rosidl_runtime_py/build/lib/rosidl_runtime_py
running install
running install_lib
creating /workspace/jazzy_ws/install/lib/python3.12/site-packages/rosidl_runtime_py
copying /workspace/jazzy_ws/build/rosidl_runtime_py/build/lib/rosidl_runtime_py/get_interfaces.py -> /workspace/jazzy_ws/install/lib/python3.12/site-packages/rosidl_runtime_py
copying /workspace/jazzy_ws/build/rosidl_runtime_py/build/lib/rosidl_runtime_py/utilities.py -> /workspace/jazzy_ws/install/lib/python3.12/site-packages/rosidl_runtime_py
copying /workspace/jazzy_ws/build/rosidl_runtime_py/build/lib/rosidl_runtime_py/__init__.py -> /workspace/jazzy_ws/install/lib/python3.12/site-packages/rosidl_runtime_py
copying /workspace/jazzy_ws/build/rosidl_runtime_py/build/lib/rosidl_runtime_py/set_message.py -> /workspace/jazzy_ws/install/lib/python3.12/site-packages/rosidl_runtime_py
copying /workspace/jazzy_ws/build/rosidl_runtime_py/build/lib/rosidl_runtime_py/import_message.py -> /workspace/jazzy_ws/install/lib/python3.12/site-packages/rosidl_runtime_py
copying /workspace/jazzy_ws/build/rosidl_runtime_py/build/lib/rosidl_runtime_py/convert.py -> /workspace/jazzy_ws/install/lib/python3.12/site-packages/rosidl_runtime_py
byte-compiling /workspace/jazzy_ws/install/lib/python3.12/site-packages/rosidl_runtime_py/get_interfaces.py to get_interfaces.cpython-312.pyc
byte-compiling /workspace/jazzy_ws/install/lib/python3.12/site-packages/rosidl_runtime_py/utilities.py to utilities.cpython-312.pyc
byte-compiling /workspace/jazzy_ws/install/lib/python3.12/site-packages/rosidl_runtime_py/__init__.py to __init__.cpython-312.pyc
byte-compiling /workspace/jazzy_ws/install/lib/python3.12/site-packages/rosidl_runtime_py/set_message.py to set_message.cpython-312.pyc
byte-compiling /workspace/jazzy_ws/install/lib/python3.12/site-packages/rosidl_runtime_py/import_message.py to import_message.cpython-312.pyc
byte-compiling /workspace/jazzy_ws/install/lib/python3.12/site-packages/rosidl_runtime_py/convert.py to convert.cpython-312.pyc
running install_data
copying package.xml -> /workspace/jazzy_ws/install/share/rosidl_runtime_py
copying resource/rosidl_runtime_py -> /workspace/jazzy_ws/install/share/ament_index/resource_index/packages
running install_egg_info
Copying ../../build/rosidl_runtime_py/rosidl_runtime_py.egg-info to /workspace/jazzy_ws/install/lib/python3.12/site-packages/rosidl_runtime_py-0.13.1-py3.12.egg-info
running install_scripts
writing list of installed files to '/workspace/jazzy_ws/build/rosidl_runtime_py/install.log'
