[0.007s] Invoking command in '/workspace/jazzy_ws/build/ament_cmake_vendor_package': AMENT_PREFIX_PATH=/workspace/jazzy_ws/install CMAKE_PREFIX_PATH=/workspace/jazzy_ws/install LD_LIBRARY_PATH=/workspace/jazzy_ws/install/lib PATH=/workspace/jazzy_ws/install/bin:${PATH} PYTHONPATH=/workspace/jazzy_ws/install/lib/python3.12/site-packages /usr/bin/cmake /workspace/jazzy_ws/src/ament_cmake/ament_cmake_vendor_package -DCMAKE_INSTALL_PREFIX=/workspace/jazzy_ws/install
[0.014s] -- Found ament_cmake_core: 2.5.5 (/workspace/jazzy_ws/install/share/ament_cmake_core/cmake)
[0.086s] -- Found Python3: /usr/bin/python3 (found version "3.12.3") found components: Interpreter 
[0.406s] -- Found ament_cmake_export_dependencies: 2.5.5 (/workspace/jazzy_ws/install/share/ament_cmake_export_dependencies/cmake)
[0.406s] -- The C compiler identification is GNU 13.3.0
[0.406s] -- The CXX compiler identification is GNU 13.3.0
[0.406s] -- Detecting C compiler ABI info
[0.406s] -- Detecting C compiler ABI info - done
[0.406s] -- Check for working C compiler: /usr/bin/cc - skipped
[0.406s] -- Detecting C compile features
[0.406s] -- Detecting C compile features - done
[0.406s] -- Detecting CXX compiler ABI info
[0.406s] -- Detecting CXX compiler ABI info - done
[0.406s] -- Check for working CXX compiler: /usr/bin/c++ - skipped
[0.406s] -- Detecting CXX compile features
[0.407s] -- Detecting CXX compile features - done
[0.407s] -- Found ament_cmake_test: 2.5.5 (/workspace/jazzy_ws/install/share/ament_cmake_test/cmake)
[0.407s] -- Configuring done (0.4s)
[0.407s] -- Generating done (0.0s)
[0.407s] -- Build files have been written to: /workspace/jazzy_ws/build/ament_cmake_vendor_package
[0.687s] Invoked command in '/workspace/jazzy_ws/build/ament_cmake_vendor_package' returned '0': AMENT_PREFIX_PATH=/workspace/jazzy_ws/install CMAKE_PREFIX_PATH=/workspace/jazzy_ws/install LD_LIBRARY_PATH=/workspace/jazzy_ws/install/lib PATH=/workspace/jazzy_ws/install/bin:${PATH} PYTHONPATH=/workspace/jazzy_ws/install/lib/python3.12/site-packages /usr/bin/cmake /workspace/jazzy_ws/src/ament_cmake/ament_cmake_vendor_package -DCMAKE_INSTALL_PREFIX=/workspace/jazzy_ws/install
[0.688s] Invoking command in '/workspace/jazzy_ws/build/ament_cmake_vendor_package': AMENT_PREFIX_PATH=/workspace/jazzy_ws/install CMAKE_PREFIX_PATH=/workspace/jazzy_ws/install LD_LIBRARY_PATH=/workspace/jazzy_ws/install/lib PATH=/workspace/jazzy_ws/install/bin:${PATH} PYTHONPATH=/workspace/jazzy_ws/install/lib/python3.12/site-packages /usr/bin/cmake --build /workspace/jazzy_ws/build/ament_cmake_vendor_package -- -j24 -l24
[0.725s] [  4%] Creating directories for 'exlib_good'
[0.725s] [  8%] Creating directories for 'exlib_bad'
[0.737s] [ 16%] No download step for 'exlib_good'
[0.737s] [ 16%] No download step for 'exlib_bad'
[0.743s] [ 20%] No update_disconnected step for 'exlib_good'
[0.743s] [ 25%] No update_disconnected step for 'exlib_bad'
[0.756s] [ 29%] No patch_disconnected step for 'exlib_good'
[0.759s] [ 33%] No patch_disconnected step for 'exlib_bad'
[0.771s] [ 37%] Performing configure step for 'exlib_good'
[0.773s] [ 41%] Performing configure step for 'exlib_bad'
[0.777s] loading initial cache file /workspace/jazzy_ws/build/ament_cmake_vendor_package/test/exlib_bad-config.cmake
[0.777s] loading initial cache file /workspace/jazzy_ws/build/ament_cmake_vendor_package/test/exlib_good-config.cmake
[0.804s] -- The C compiler identification is GNU 13.3.0
[0.805s] -- The C compiler identification is GNU 13.3.0
[0.839s] -- The CXX compiler identification is GNU 13.3.0
[0.845s] -- The CXX compiler identification is GNU 13.3.0
[0.848s] -- Detecting C compiler ABI info
[0.855s] -- Detecting C compiler ABI info
[0.899s] -- Detecting C compiler ABI info - done
[0.905s] -- Check for working C compiler: /usr/bin/cc - skipped
[0.906s] -- Detecting C compile features
[0.906s] -- Detecting C compile features - done
[0.909s] -- Detecting C compiler ABI info - done
[0.913s] -- Detecting CXX compiler ABI info
[0.915s] -- Check for working C compiler: /usr/bin/cc - skipped
[0.915s] -- Detecting C compile features
[0.915s] -- Detecting C compile features - done
[0.922s] -- Detecting CXX compiler ABI info
[0.982s] -- Detecting CXX compiler ABI info - done
[0.982s] -- Check for working CXX compiler: /usr/bin/c++ - skipped
[0.982s] -- Detecting CXX compile features
[0.982s] -- Detecting CXX compile features - done
[0.983s] -- Configuring done (0.2s)
[0.983s] -- Generating done (0.0s)
[0.983s] -- Build files have been written to: /workspace/jazzy_ws/build/ament_cmake_vendor_package/test/exlib_good-prefix/src/exlib_good-build
[0.983s] -- Detecting CXX compiler ABI info - done
[0.989s] -- Check for working CXX compiler: /usr/bin/c++ - skipped
[0.989s] -- Detecting CXX compile features
[0.989s] -- Detecting CXX compile features - done
[0.990s] -- Configuring done (0.2s)
[0.992s] -- Generating done (0.0s)
[0.992s] -- Build files have been written to: /workspace/jazzy_ws/build/ament_cmake_vendor_package/test/exlib_bad-prefix/src/exlib_bad-build
[0.994s] [ 45%] Performing build step for 'exlib_good'
[1.023s] [ 50%] Performing build step for 'exlib_bad'
[1.032s] [ 50%] Building C object CMakeFiles/exlib.dir/src/exlib.c.o
[1.048s] [ 50%] Building C object CMakeFiles/exlib.dir/src/exlib.c.o
[1.048s] [100%] Linking C shared library libexlib.so
[1.235s] [100%] Linking C shared library libexlib.so
[1.235s] [100%] Built target exlib
[1.237s] [100%] Built target exlib
[1.237s] [ 54%] Performing install step for 'exlib_good'
[1.237s] [ 58%] Performing install step for 'exlib_bad'
[1.237s] [100%] Built target exlib
[1.237s] Install the project...
[1.237s] [100%] Built target exlib
[1.237s] -- Install configuration: ""
[1.237s] -- Installing: /workspace/jazzy_ws/build/ament_cmake_vendor_package/test/exlib_good-prefix/install/lib/libexlib.so
[1.237s] -- Installing: /workspace/jazzy_ws/build/ament_cmake_vendor_package/test/exlib_good-prefix/install/include
[1.237s] -- Installing: /workspace/jazzy_ws/build/ament_cmake_vendor_package/test/exlib_good-prefix/install/include/exlib
[1.237s] -- Installing: /workspace/jazzy_ws/build/ament_cmake_vendor_package/test/exlib_good-prefix/install/include/exlib/exlib.h
[1.237s] -- Installing: /workspace/jazzy_ws/build/ament_cmake_vendor_package/test/exlib_good-prefix/install/include/exlib/visibility_control.h
[1.237s] -- Installing: /workspace/jazzy_ws/build/ament_cmake_vendor_package/test/exlib_good-prefix/install/lib/cmake/exlib/exlibTargets.cmake
[1.237s] -- Installing: /workspace/jazzy_ws/build/ament_cmake_vendor_package/test/exlib_good-prefix/install/lib/cmake/exlib/exlibTargets-noconfig.cmake
[1.237s] -- Installing: /workspace/jazzy_ws/build/ament_cmake_vendor_package/test/exlib_good-prefix/install/lib/cmake/exlib/exlibConfig.cmake
[1.237s] Install the project...
[1.237s] [ 62%] Completed 'exlib_good'
[1.237s] -- Install configuration: ""
[1.237s] -- Installing: /workspace/jazzy_ws/build/ament_cmake_vendor_package/test/exlib_bad-prefix/install/lib/libexlib.so
[1.237s] -- Installing: /workspace/jazzy_ws/build/ament_cmake_vendor_package/test/exlib_bad-prefix/install/include
[1.237s] -- Installing: /workspace/jazzy_ws/build/ament_cmake_vendor_package/test/exlib_bad-prefix/install/include/exlib
[1.237s] -- Installing: /workspace/jazzy_ws/build/ament_cmake_vendor_package/test/exlib_bad-prefix/install/include/exlib/exlib.h
[1.237s] -- Installing: /workspace/jazzy_ws/build/ament_cmake_vendor_package/test/exlib_bad-prefix/install/include/exlib/visibility_control.h
[1.237s] -- Installing: /workspace/jazzy_ws/build/ament_cmake_vendor_package/test/exlib_bad-prefix/install/lib/cmake/exlib/exlibTargets.cmake
[1.237s] -- Installing: /workspace/jazzy_ws/build/ament_cmake_vendor_package/test/exlib_bad-prefix/install/lib/cmake/exlib/exlibTargets-noconfig.cmake
[1.237s] -- Installing: /workspace/jazzy_ws/build/ament_cmake_vendor_package/test/exlib_bad-prefix/install/lib/cmake/exlib/exlibConfig.cmake
[1.237s] [ 66%] Completed 'exlib_bad'
[1.237s] [ 66%] Built target exlib_good
[1.237s] [ 66%] Built target exlib_bad
[1.237s] [ 70%] Creating directories for 'depender'
[1.237s] [ 75%] No download step for 'depender'
[1.238s] [ 79%] No update_disconnected step for 'depender'
[1.238s] [ 83%] No patch_disconnected step for 'depender'
[1.238s] [ 87%] Performing configure step for 'depender'
[1.238s] loading initial cache file /workspace/jazzy_ws/build/ament_cmake_vendor_package/test/depender-config.cmake
[1.238s] -- The C compiler identification is GNU 13.3.0
[1.336s] -- The CXX compiler identification is GNU 13.3.0
[1.336s] -- Detecting C compiler ABI info
[1.337s] -- Detecting C compiler ABI info - done
[1.337s] -- Check for working C compiler: /usr/bin/cc - skipped
[1.337s] -- Detecting C compile features
[1.337s] -- Detecting C compile features - done
[1.337s] -- Detecting CXX compiler ABI info
[1.364s] -- Detecting CXX compiler ABI info - done
[1.368s] -- Check for working CXX compiler: /usr/bin/c++ - skipped
[1.368s] -- Detecting CXX compile features
[1.369s] -- Detecting CXX compile features - done
[1.371s] -- Configuring done (0.2s)
[1.371s] -- Generating done (0.0s)
[1.371s] -- Build files have been written to: /workspace/jazzy_ws/build/ament_cmake_vendor_package/test/depender-prefix/src/depender-build
[1.382s] [ 91%] Performing build step for 'depender'
[1.433s] [ 50%] Building C object CMakeFiles/depender.dir/src/depender.c.o
[1.459s] [100%] Linking C executable depender
[1.499s] [100%] Built target depender
[1.533s] [ 95%] Performing install step for 'depender'
[1.583s] [100%] Built target depender
[1.609s] Install the project...
[1.618s] -- Install configuration: ""
[1.618s] -- Installing: /workspace/jazzy_ws/build/ament_cmake_vendor_package/test/depender-prefix/install/bin/depender
[1.618s] -- Set non-toolchain portion of runtime path of "/workspace/jazzy_ws/build/ament_cmake_vendor_package/test/depender-prefix/install/bin/depender" to ""
[1.636s] [100%] Completed 'depender'
[1.678s] [100%] Built target depender
[1.695s] Invoked command in '/workspace/jazzy_ws/build/ament_cmake_vendor_package' returned '0': AMENT_PREFIX_PATH=/workspace/jazzy_ws/install CMAKE_PREFIX_PATH=/workspace/jazzy_ws/install LD_LIBRARY_PATH=/workspace/jazzy_ws/install/lib PATH=/workspace/jazzy_ws/install/bin:${PATH} PYTHONPATH=/workspace/jazzy_ws/install/lib/python3.12/site-packages /usr/bin/cmake --build /workspace/jazzy_ws/build/ament_cmake_vendor_package -- -j24 -l24
[1.698s] Invoking command in '/workspace/jazzy_ws/build/ament_cmake_vendor_package': AMENT_PREFIX_PATH=/workspace/jazzy_ws/install CMAKE_PREFIX_PATH=/workspace/jazzy_ws/install LD_LIBRARY_PATH=/workspace/jazzy_ws/install/lib PATH=/workspace/jazzy_ws/install/bin:${PATH} PYTHONPATH=/workspace/jazzy_ws/install/lib/python3.12/site-packages /usr/bin/cmake --install /workspace/jazzy_ws/build/ament_cmake_vendor_package
[1.715s] -- Install configuration: ""
[1.715s] -- Installing: /workspace/jazzy_ws/install/share/ament_index/resource_index/package_run_dependencies/ament_cmake_vendor_package
[1.715s] -- Installing: /workspace/jazzy_ws/install/share/ament_index/resource_index/parent_prefix_path/ament_cmake_vendor_package
[1.715s] -- Installing: /workspace/jazzy_ws/install/share/ament_cmake_vendor_package/environment/ament_prefix_path.sh
[1.715s] -- Installing: /workspace/jazzy_ws/install/share/ament_cmake_vendor_package/environment/ament_prefix_path.dsv
[1.715s] -- Installing: /workspace/jazzy_ws/install/share/ament_cmake_vendor_package/environment/path.sh
[1.715s] -- Installing: /workspace/jazzy_ws/install/share/ament_cmake_vendor_package/environment/path.dsv
[1.715s] -- Installing: /workspace/jazzy_ws/install/share/ament_cmake_vendor_package/local_setup.bash
[1.715s] -- Installing: /workspace/jazzy_ws/install/share/ament_cmake_vendor_package/local_setup.sh
[1.715s] -- Installing: /workspace/jazzy_ws/install/share/ament_cmake_vendor_package/local_setup.zsh
[1.715s] -- Installing: /workspace/jazzy_ws/install/share/ament_cmake_vendor_package/local_setup.dsv
[1.715s] -- Installing: /workspace/jazzy_ws/install/share/ament_cmake_vendor_package/package.dsv
[1.715s] -- Installing: /workspace/jazzy_ws/install/share/ament_index/resource_index/packages/ament_cmake_vendor_package
[1.715s] -- Installing: /workspace/jazzy_ws/install/share/ament_cmake_vendor_package/cmake/ament_cmake_vendor_package-extras.cmake
[1.715s] -- Installing: /workspace/jazzy_ws/install/share/ament_cmake_vendor_package/cmake/ament_cmake_export_dependencies-extras.cmake
[1.715s] -- Installing: /workspace/jazzy_ws/install/share/ament_cmake_vendor_package/cmake/ament_cmake_vendor_packageConfig.cmake
[1.715s] -- Installing: /workspace/jazzy_ws/install/share/ament_cmake_vendor_package/cmake/ament_cmake_vendor_packageConfig-version.cmake
[1.715s] -- Installing: /workspace/jazzy_ws/install/share/ament_cmake_vendor_package/package.xml
[1.715s] -- Up-to-date: /workspace/jazzy_ws/install/share/ament_cmake_vendor_package/cmake
[1.715s] -- Installing: /workspace/jazzy_ws/install/share/ament_cmake_vendor_package/cmake/ament_vendor.cmake
[1.715s] -- Installing: /workspace/jazzy_ws/install/share/ament_cmake_vendor_package/cmake/templates
[1.715s] -- Installing: /workspace/jazzy_ws/install/share/ament_cmake_vendor_package/cmake/templates/vendor_package_cmake_prefix.cmake.in
[1.715s] -- Installing: /workspace/jazzy_ws/install/share/ament_cmake_vendor_package/cmake/templates/vendor_package.bat.in
[1.715s] -- Installing: /workspace/jazzy_ws/install/share/ament_cmake_vendor_package/cmake/templates/vendor_package.sh.in
[1.715s] -- Installing: /workspace/jazzy_ws/install/share/ament_cmake_vendor_package/cmake/templates/vendor_package_cmake_prefix.bat.in
[1.727s] -- Installing: /workspace/jazzy_ws/install/share/ament_cmake_vendor_package/cmake/templates/target.repos.in
[1.727s] -- Installing: /workspace/jazzy_ws/install/share/ament_cmake_vendor_package/cmake/templates/vendor_package.dsv.in
[1.727s] -- Installing: /workspace/jazzy_ws/install/share/ament_cmake_vendor_package/cmake/templates/vendor_package_cmake_prefix.sh.in
[1.727s] -- Installing: /workspace/jazzy_ws/install/share/ament_cmake_vendor_package/cmake/templates/vendor_package_cmake_prefix.dsv.in
[1.727s] Invoked command in '/workspace/jazzy_ws/build/ament_cmake_vendor_package' returned '0': AMENT_PREFIX_PATH=/workspace/jazzy_ws/install CMAKE_PREFIX_PATH=/workspace/jazzy_ws/install LD_LIBRARY_PATH=/workspace/jazzy_ws/install/lib PATH=/workspace/jazzy_ws/install/bin:${PATH} PYTHONPATH=/workspace/jazzy_ws/install/lib/python3.12/site-packages /usr/bin/cmake --install /workspace/jazzy_ws/build/ament_cmake_vendor_package
