-- The C compiler identification is GNU 13.3.0
-- The CXX compiler identification is GNU 13.3.0
-- Detecting C compiler ABI info
-- Detecting C compiler ABI info - done
-- Check for working C compiler: /usr/bin/cc - skipped
-- Detecting C compile features
-- Detecting C compile features - done
-- Detecting CXX compiler ABI info
-- Detecting CXX compiler ABI info - done
-- Check for working CXX compiler: /usr/bin/c++ - skipped
-- Detecting CXX compile features
-- Detecting CXX compile features - done
-- Found ament_cmake_ros: 0.12.0 (/workspace/jazzy_ws/install/share/ament_cmake_ros/cmake)
-- Found Python3: /usr/bin/python3 (found version "3.12.3") found components: Interpreter 
-- Found action_msgs: 2.0.3 (/workspace/jazzy_ws/install/share/action_msgs/cmake)
-- Found rosidl_generator_c: 4.6.7 (/workspace/jazzy_ws/install/share/rosidl_generator_c/cmake)
-- Found rosidl_generator_cpp: 4.6.7 (/workspace/jazzy_ws/install/share/rosidl_generator_cpp/cmake)
-- Using all available rosidl_typesupport_c: rosidl_typesupport_fastrtps_c;rosidl_typesupport_introspection_c
-- Using all available rosidl_typesupport_cpp: rosidl_typesupport_fastrtps_cpp;rosidl_typesupport_introspection_cpp
-- Found rcl: 9.2.9 (/workspace/jazzy_ws/install/share/rcl/cmake)
-- Found rmw_implementation_cmake: 7.3.3 (/workspace/jazzy_ws/install/share/rmw_implementation_cmake/cmake)
-- Found rmw_fastrtps_cpp: 8.4.3 (/workspace/jazzy_ws/install/share/rmw_fastrtps_cpp/cmake)
-- Found OpenSSL: /usr/lib/x86_64-linux-gnu/libcrypto.so (found version "3.0.13")  
-- Found FastRTPS: /workspace/jazzy_ws/install/include (Required is at least version "2.13") 
-- Using RMW implementation 'rmw_fastrtps_cpp' as default
-- Found ament_lint_auto: 0.17.4 (/workspace/jazzy_ws/install/share/ament_lint_auto/cmake)
-- Found test_msgs: 2.0.3 (/workspace/jazzy_ws/install/share/test_msgs/cmake)
-- Found gtest sources under '/workspace/jazzy_ws/install/src/gtest_vendor': C++ tests using 'Google Test' will be built
-- Performing Test CMAKE_HAVE_LIBC_PTHREAD
-- Performing Test CMAKE_HAVE_LIBC_PTHREAD - Success
-- Found Threads: TRUE  
-- Found rmw_cyclonedds_cpp: 2.2.3 (/workspace/jazzy_ws/install/share/rmw_cyclonedds_cpp/cmake)
-- Found rmw_fastrtps_dynamic_cpp: 8.4.3 (/workspace/jazzy_ws/install/share/rmw_fastrtps_dynamic_cpp/cmake)
-- Added test 'copyright' to check source files copyright and LICENSE
-- Added test 'cppcheck' to perform static code analysis on C / C++ code
-- Configured cppcheck include dirs: $<BUILD_INTERFACE:/workspace/jazzy_ws/src/rcl/rcl_action/include>;/workspace/jazzy_ws/src/rcl/rcl_action/src
-- Configured cppcheck exclude dirs and/or files: 
-- Added test 'cpplint' to check C / C++ code against the Google style
-- Configured cpplint exclude dirs and/or files: 
-- Added test 'lint_cmake' to check CMake code style
-- Added test 'uncrustify' to check C / C++ code style
-- Configured uncrustify additional arguments: 
-- Added test 'xmllint' to check XML markup files
-- Configuring done (0.6s)
-- Generating done (0.0s)
-- Build files have been written to: /workspace/jazzy_ws/build/rcl_action
[  2%] Building CXX object gtest/CMakeFiles/gtest_main.dir/src/gtest_main.cc.o
[  4%] Generating rcl_action/version.h
[  6%] Building CXX object gtest/CMakeFiles/gtest.dir/src/gtest-all.cc.o
[  6%] Built target ament_generate_version_header__rcl_action
[ 17%] Building C object CMakeFiles/rcl_action.dir/src/rcl_action/action_client.c.o
[ 17%] Building C object CMakeFiles/rcl_action.dir/src/rcl_action/goal_state_machine.c.o
[ 17%] Building C object CMakeFiles/rcl_action.dir/src/rcl_action/goal_handle.c.o
[ 17%] Building C object CMakeFiles/rcl_action.dir/src/rcl_action/graph.c.o
[ 17%] Building C object CMakeFiles/rcl_action.dir/src/rcl_action/action_server.c.o
[ 19%] Building C object CMakeFiles/rcl_action.dir/src/rcl_action/names.c.o
[ 21%] Building C object CMakeFiles/rcl_action.dir/src/rcl_action/types.c.o
[ 23%] Linking C shared library librcl_action.so
[ 23%] Built target rcl_action
[ 25%] Linking CXX static library libgtest_main.a
[ 25%] Built target gtest_main
[ 27%] Linking CXX static library libgtest.a
[ 27%] Built target gtest
[ 36%] Building CXX object CMakeFiles/test_action_interaction__rmw_fastrtps_dynamic_cpp.dir/test/rcl_action/test_action_interaction.cpp.o
[ 36%] Building CXX object CMakeFiles/test_action_interaction__rmw_cyclonedds_cpp.dir/test/rcl_action/test_action_interaction.cpp.o
[ 36%] Building CXX object CMakeFiles/test_graph__rmw_cyclonedds_cpp.dir/test/rcl_action/test_graph.cpp.o
[ 36%] Building CXX object CMakeFiles/test_action_communication__rmw_cyclonedds_cpp.dir/test/rcl_action/test_action_communication.cpp.o
[ 42%] Building CXX object CMakeFiles/test_graph__rmw_fastrtps_dynamic_cpp.dir/test/rcl_action/test_graph.cpp.o
[ 42%] Building CXX object CMakeFiles/test_graph__rmw_fastrtps_cpp.dir/test/rcl_action/test_graph.cpp.o
[ 44%] Building CXX object CMakeFiles/test_action_communication__rmw_fastrtps_dynamic_cpp.dir/test/rcl_action/test_action_communication.cpp.o
[ 42%] Building CXX object CMakeFiles/test_action_interaction__rmw_fastrtps_cpp.dir/test/rcl_action/test_action_interaction.cpp.o
[ 46%] Building CXX object CMakeFiles/test_action_communication__rmw_fastrtps_cpp.dir/test/rcl_action/test_action_communication.cpp.o
[ 48%] Building CXX object CMakeFiles/test_action_client.dir/test/rcl_action/test_action_client.cpp.o
[ 51%] Building CXX object CMakeFiles/test_goal_handle.dir/test/rcl_action/test_goal_handle.cpp.o
[ 53%] Building CXX object CMakeFiles/test_types.dir/test/rcl_action/test_types.cpp.o
[ 55%] Building CXX object CMakeFiles/test_goal_state_machine.dir/test/rcl_action/test_goal_state_machine.cpp.o
[ 57%] Building CXX object CMakeFiles/test_action_server.dir/test/rcl_action/test_action_server.cpp.o
[ 59%] Linking CXX executable test_action_interaction__rmw_fastrtps_cpp
[ 61%] Linking CXX executable test_goal_state_machine
[ 63%] Linking CXX executable test_action_client
[ 65%] Linking CXX executable test_action_communication__rmw_fastrtps_cpp
[ 65%] Built target test_action_interaction__rmw_fastrtps_cpp
[ 68%] Linking CXX executable test_types
[ 74%] Building CXX object CMakeFiles/test_wait.dir/test/rcl_action/test_wait.cpp.o
[ 74%] Building CXX object CMakeFiles/test_names.dir/test/rcl_action/test_names.cpp.o
[ 74%] Building CXX object CMakeFiles/test_action_name_remapping.dir/test/rcl_action/test_action_name_remapping.cpp.o
[ 74%] Built target test_goal_state_machine
[ 74%] Built target test_action_client
[ 76%] Linking CXX executable test_action_server
[ 76%] Built target test_action_communication__rmw_fastrtps_cpp
[ 78%] Linking CXX executable test_graph__rmw_fastrtps_cpp
[ 80%] Linking CXX executable test_action_interaction__rmw_fastrtps_dynamic_cpp
[ 82%] Linking CXX executable test_action_interaction__rmw_cyclonedds_cpp
[ 85%] Linking CXX executable test_goal_handle
[ 87%] Linking CXX executable test_action_communication__rmw_fastrtps_dynamic_cpp
[ 87%] Built target test_types
[ 89%] Linking CXX executable test_graph__rmw_fastrtps_dynamic_cpp
[ 91%] Linking CXX executable test_action_communication__rmw_cyclonedds_cpp
[ 93%] Linking CXX executable test_graph__rmw_cyclonedds_cpp
[ 93%] Built target test_action_server
[ 93%] Built target test_graph__rmw_fastrtps_cpp
[ 93%] Built target test_action_interaction__rmw_cyclonedds_cpp
[ 93%] Built target test_goal_handle
[ 93%] Built target test_action_interaction__rmw_fastrtps_dynamic_cpp
[ 93%] Built target test_action_communication__rmw_fastrtps_dynamic_cpp
[ 93%] Built target test_graph__rmw_fastrtps_dynamic_cpp
[ 93%] Built target test_action_communication__rmw_cyclonedds_cpp
[ 93%] Built target test_graph__rmw_cyclonedds_cpp
[ 95%] Linking CXX executable test_action_name_remapping
[ 97%] Linking CXX executable test_wait
[100%] Linking CXX executable test_names
[100%] Built target test_action_name_remapping
[100%] Built target test_wait
[100%] Built target test_names
-- Install configuration: ""
-- Installing: /workspace/jazzy_ws/install/include/rcl_action
-- Installing: /workspace/jazzy_ws/install/include/rcl_action/rcl_action
-- Installing: /workspace/jazzy_ws/install/include/rcl_action/rcl_action/goal_handle.h
-- Installing: /workspace/jazzy_ws/install/include/rcl_action/rcl_action/action_server.h
-- Installing: /workspace/jazzy_ws/install/include/rcl_action/rcl_action/types.h
-- Installing: /workspace/jazzy_ws/install/include/rcl_action/rcl_action/visibility_control.h
-- Installing: /workspace/jazzy_ws/install/include/rcl_action/rcl_action/goal_state_machine.h
-- Installing: /workspace/jazzy_ws/install/include/rcl_action/rcl_action/graph.h
-- Installing: /workspace/jazzy_ws/install/include/rcl_action/rcl_action/names.h
-- Installing: /workspace/jazzy_ws/install/include/rcl_action/rcl_action/default_qos.h
-- Installing: /workspace/jazzy_ws/install/include/rcl_action/rcl_action/action_client.h
-- Installing: /workspace/jazzy_ws/install/include/rcl_action/rcl_action/rcl_action.h
-- Installing: /workspace/jazzy_ws/install/include/rcl_action/rcl_action/wait.h
-- Installing: /workspace/jazzy_ws/install/lib/librcl_action.so
-- Set non-toolchain portion of runtime path of "/workspace/jazzy_ws/install/lib/librcl_action.so" to ""
-- Installing: /workspace/jazzy_ws/install/share/rcl_action/environment/library_path.sh
-- Installing: /workspace/jazzy_ws/install/share/rcl_action/environment/library_path.dsv
-- Installing: /workspace/jazzy_ws/install/include/rcl_action/rcl_action/version.h
-- Installing: /workspace/jazzy_ws/install/share/ament_index/resource_index/package_run_dependencies/rcl_action
-- Installing: /workspace/jazzy_ws/install/share/ament_index/resource_index/parent_prefix_path/rcl_action
-- Installing: /workspace/jazzy_ws/install/share/rcl_action/environment/ament_prefix_path.sh
-- Installing: /workspace/jazzy_ws/install/share/rcl_action/environment/ament_prefix_path.dsv
-- Installing: /workspace/jazzy_ws/install/share/rcl_action/environment/path.sh
-- Installing: /workspace/jazzy_ws/install/share/rcl_action/environment/path.dsv
-- Installing: /workspace/jazzy_ws/install/share/rcl_action/local_setup.bash
-- Installing: /workspace/jazzy_ws/install/share/rcl_action/local_setup.sh
-- Installing: /workspace/jazzy_ws/install/share/rcl_action/local_setup.zsh
-- Installing: /workspace/jazzy_ws/install/share/rcl_action/local_setup.dsv
-- Installing: /workspace/jazzy_ws/install/share/rcl_action/package.dsv
-- Installing: /workspace/jazzy_ws/install/share/ament_index/resource_index/packages/rcl_action
-- Installing: /workspace/jazzy_ws/install/share/rcl_action/cmake/rcl_actionExport.cmake
-- Installing: /workspace/jazzy_ws/install/share/rcl_action/cmake/rcl_actionExport-noconfig.cmake
-- Installing: /workspace/jazzy_ws/install/share/rcl_action/cmake/ament_cmake_export_include_directories-extras.cmake
-- Installing: /workspace/jazzy_ws/install/share/rcl_action/cmake/ament_cmake_export_libraries-extras.cmake
-- Installing: /workspace/jazzy_ws/install/share/rcl_action/cmake/ament_cmake_export_targets-extras.cmake
-- Installing: /workspace/jazzy_ws/install/share/rcl_action/cmake/ament_cmake_export_dependencies-extras.cmake
-- Installing: /workspace/jazzy_ws/install/share/rcl_action/cmake/rcl_actionConfig.cmake
-- Installing: /workspace/jazzy_ws/install/share/rcl_action/cmake/rcl_actionConfig-version.cmake
-- Installing: /workspace/jazzy_ws/install/share/rcl_action/package.xml
