-- Found ament_cmake: 2.5.5 (/workspace/jazzy_ws/install/share/ament_cmake/cmake)
-- Found Python3: /usr/bin/python3 (found version "3.12.3") found components: Interpreter 
-- Found ament_lint_auto: 0.17.4 (/workspace/jazzy_ws/install/share/ament_lint_auto/cmake)
-- The C compiler identification is GNU 13.3.0
-- The CXX compiler identification is GNU 13.3.0
-- Detecting C compiler ABI info
-- Detecting C compiler ABI info - done
-- Check for working C compiler: /usr/bin/cc - skipped
-- Detecting C compile features
-- Detecting C compile features - done
-- Detecting CXX compiler ABI info
-- Detecting CXX compiler ABI info - done
-- Check for working CXX compiler: /usr/bin/c++ - skipped
-- Detecting CXX compile features
-- Detecting CXX compile features - done
-- Found gtest sources under '/workspace/jazzy_ws/install/src/gtest_vendor': C++ tests using 'Google Test' will be built
-- Performing Test CMAKE_HAVE_LIBC_PTHREAD
-- Performing Test CMAKE_HAVE_LIBC_PTHREAD - Success
-- Found Threads: TRUE  
-- Added test 'copyright' to check source files copyright and LICENSE
-- Added test 'cppcheck' to perform static code analysis on C / C++ code
-- Configured cppcheck include dirs: $<BUILD_INTERFACE:/workspace/jazzy_ws/src/rosidl/rosidl_typesupport_interface/include>
-- Configured cppcheck exclude dirs and/or files: 
-- Added test 'cpplint' to check C / C++ code against the Google style
-- Configured cpplint exclude dirs and/or files: 
-- Added test 'lint_cmake' to check CMake code style
-- Added test 'uncrustify' to check C / C++ code style
-- Configured uncrustify additional arguments: 
-- Added test 'xmllint' to check XML markup files
-- Configuring done (0.5s)
-- Generating done (0.0s)
-- Build files have been written to: /workspace/jazzy_ws/build/rosidl_typesupport_interface
[ 16%] Building CXX object gtest/CMakeFiles/gtest.dir/src/gtest-all.cc.o
[ 33%] Building CXX object gtest/CMakeFiles/gtest_main.dir/src/gtest_main.cc.o
[ 50%] Linking CXX static library libgtest_main.a
[ 50%] Built target gtest_main
[ 66%] Linking CXX static library libgtest.a
[ 66%] Built target gtest
[ 83%] Building CXX object CMakeFiles/test_macros.dir/test/test_macros.cpp.o
[100%] Linking CXX executable test_macros
[100%] Built target test_macros
-- Install configuration: ""
-- Installing: /workspace/jazzy_ws/install/share/ament_index/resource_index/package_run_dependencies/rosidl_typesupport_interface
-- Installing: /workspace/jazzy_ws/install/share/ament_index/resource_index/parent_prefix_path/rosidl_typesupport_interface
-- Installing: /workspace/jazzy_ws/install/share/rosidl_typesupport_interface/environment/ament_prefix_path.sh
-- Installing: /workspace/jazzy_ws/install/share/rosidl_typesupport_interface/environment/ament_prefix_path.dsv
-- Installing: /workspace/jazzy_ws/install/share/rosidl_typesupport_interface/environment/path.sh
-- Installing: /workspace/jazzy_ws/install/share/rosidl_typesupport_interface/environment/path.dsv
-- Installing: /workspace/jazzy_ws/install/share/rosidl_typesupport_interface/local_setup.bash
-- Installing: /workspace/jazzy_ws/install/share/rosidl_typesupport_interface/local_setup.sh
-- Installing: /workspace/jazzy_ws/install/share/rosidl_typesupport_interface/local_setup.zsh
-- Installing: /workspace/jazzy_ws/install/share/rosidl_typesupport_interface/local_setup.dsv
-- Installing: /workspace/jazzy_ws/install/share/rosidl_typesupport_interface/package.dsv
-- Installing: /workspace/jazzy_ws/install/share/ament_index/resource_index/packages/rosidl_typesupport_interface
-- Installing: /workspace/jazzy_ws/install/share/rosidl_typesupport_interface/cmake/rosidl_typesupport_interfaceExport.cmake
-- Installing: /workspace/jazzy_ws/install/share/rosidl_typesupport_interface/cmake/ament_cmake_export_include_directories-extras.cmake
-- Installing: /workspace/jazzy_ws/install/share/rosidl_typesupport_interface/cmake/ament_cmake_export_targets-extras.cmake
-- Installing: /workspace/jazzy_ws/install/share/rosidl_typesupport_interface/cmake/rosidl_typesupport_interfaceConfig.cmake
-- Installing: /workspace/jazzy_ws/install/share/rosidl_typesupport_interface/cmake/rosidl_typesupport_interfaceConfig-version.cmake
-- Installing: /workspace/jazzy_ws/install/share/rosidl_typesupport_interface/package.xml
-- Installing: /workspace/jazzy_ws/install/include/rosidl_typesupport_interface
-- Installing: /workspace/jazzy_ws/install/include/rosidl_typesupport_interface/rosidl_typesupport_interface
-- Installing: /workspace/jazzy_ws/install/include/rosidl_typesupport_interface/rosidl_typesupport_interface/macros.h
