/workspace/jazzy_ws/install/lib/python3.12/site-packages/launch_ros/parameters_type.py
/workspace/jazzy_ws/install/lib/python3.12/site-packages/launch_ros/__init__.py
/workspace/jazzy_ws/install/lib/python3.12/site-packages/launch_ros/ros_adapters.py
/workspace/jazzy_ws/install/lib/python3.12/site-packages/launch_ros/remap_rule_type.py
/workspace/jazzy_ws/install/lib/python3.12/site-packages/launch_ros/parameter_descriptions.py
/workspace/jazzy_ws/install/lib/python3.12/site-packages/launch_ros/actions/ros_timer.py
/workspace/jazzy_ws/install/lib/python3.12/site-packages/launch_ros/actions/set_parameter.py
/workspace/jazzy_ws/install/lib/python3.12/site-packages/launch_ros/actions/node.py
/workspace/jazzy_ws/install/lib/python3.12/site-packages/launch_ros/actions/set_remap.py
/workspace/jazzy_ws/install/lib/python3.12/site-packages/launch_ros/actions/__init__.py
/workspace/jazzy_ws/install/lib/python3.12/site-packages/launch_ros/actions/load_composable_nodes.py
/workspace/jazzy_ws/install/lib/python3.12/site-packages/launch_ros/actions/set_use_sim_time.py
/workspace/jazzy_ws/install/lib/python3.12/site-packages/launch_ros/actions/lifecycle_node.py
/workspace/jazzy_ws/install/lib/python3.12/site-packages/launch_ros/actions/push_ros_namespace.py
/workspace/jazzy_ws/install/lib/python3.12/site-packages/launch_ros/actions/set_ros_log_dir.py
/workspace/jazzy_ws/install/lib/python3.12/site-packages/launch_ros/actions/set_parameters_from_file.py
/workspace/jazzy_ws/install/lib/python3.12/site-packages/launch_ros/actions/lifecycle_transition.py
/workspace/jazzy_ws/install/lib/python3.12/site-packages/launch_ros/actions/composable_node_container.py
/workspace/jazzy_ws/install/lib/python3.12/site-packages/launch_ros/events/__init__.py
/workspace/jazzy_ws/install/lib/python3.12/site-packages/launch_ros/descriptions/__init__.py
/workspace/jazzy_ws/install/lib/python3.12/site-packages/launch_ros/descriptions/composable_node.py
/workspace/jazzy_ws/install/lib/python3.12/site-packages/launch_ros/descriptions/composable_lifecycle_node.py
/workspace/jazzy_ws/install/lib/python3.12/site-packages/launch_ros/utilities/namespace_utils.py
/workspace/jazzy_ws/install/lib/python3.12/site-packages/launch_ros/utilities/lifecycle_event_manager.py
/workspace/jazzy_ws/install/lib/python3.12/site-packages/launch_ros/utilities/normalize_parameters.py
/workspace/jazzy_ws/install/lib/python3.12/site-packages/launch_ros/utilities/to_parameters_list.py
/workspace/jazzy_ws/install/lib/python3.12/site-packages/launch_ros/utilities/normalize_remap_rule.py
/workspace/jazzy_ws/install/lib/python3.12/site-packages/launch_ros/utilities/__init__.py
/workspace/jazzy_ws/install/lib/python3.12/site-packages/launch_ros/utilities/evaluate_parameters.py
/workspace/jazzy_ws/install/lib/python3.12/site-packages/launch_ros/utilities/track_node_names.py
/workspace/jazzy_ws/install/lib/python3.12/site-packages/launch_ros/utilities/plugin_support.py
/workspace/jazzy_ws/install/lib/python3.12/site-packages/launch_ros/substitutions/__init__.py
/workspace/jazzy_ws/install/lib/python3.12/site-packages/launch_ros/substitutions/find_package.py
/workspace/jazzy_ws/install/lib/python3.12/site-packages/launch_ros/substitutions/executable_in_package.py
/workspace/jazzy_ws/install/lib/python3.12/site-packages/launch_ros/substitutions/parameter.py
/workspace/jazzy_ws/install/lib/python3.12/site-packages/launch_ros/event_handlers/__init__.py
/workspace/jazzy_ws/install/lib/python3.12/site-packages/launch_ros/event_handlers/on_state_transition.py
/workspace/jazzy_ws/install/lib/python3.12/site-packages/launch_ros/events/lifecycle/change_state.py
/workspace/jazzy_ws/install/lib/python3.12/site-packages/launch_ros/events/lifecycle/lifecycle_node_matchers.py
/workspace/jazzy_ws/install/lib/python3.12/site-packages/launch_ros/events/lifecycle/__init__.py
/workspace/jazzy_ws/install/lib/python3.12/site-packages/launch_ros/events/lifecycle/state_transition.py
/workspace/jazzy_ws/install/lib/python3.12/site-packages/launch_ros/events/matchers/__init__.py
/workspace/jazzy_ws/install/lib/python3.12/site-packages/launch_ros/events/matchers/matches_node_name.py
/workspace/jazzy_ws/install/lib/python3.12/site-packages/launch_ros/py.typed
/workspace/jazzy_ws/install/lib/python3.12/site-packages/launch_ros/__pycache__/parameters_type.cpython-312.pyc
/workspace/jazzy_ws/install/lib/python3.12/site-packages/launch_ros/__pycache__/__init__.cpython-312.pyc
/workspace/jazzy_ws/install/lib/python3.12/site-packages/launch_ros/__pycache__/ros_adapters.cpython-312.pyc
/workspace/jazzy_ws/install/lib/python3.12/site-packages/launch_ros/__pycache__/remap_rule_type.cpython-312.pyc
/workspace/jazzy_ws/install/lib/python3.12/site-packages/launch_ros/__pycache__/parameter_descriptions.cpython-312.pyc
/workspace/jazzy_ws/install/lib/python3.12/site-packages/launch_ros/actions/__pycache__/ros_timer.cpython-312.pyc
/workspace/jazzy_ws/install/lib/python3.12/site-packages/launch_ros/actions/__pycache__/set_parameter.cpython-312.pyc
/workspace/jazzy_ws/install/lib/python3.12/site-packages/launch_ros/actions/__pycache__/node.cpython-312.pyc
/workspace/jazzy_ws/install/lib/python3.12/site-packages/launch_ros/actions/__pycache__/set_remap.cpython-312.pyc
/workspace/jazzy_ws/install/lib/python3.12/site-packages/launch_ros/actions/__pycache__/__init__.cpython-312.pyc
/workspace/jazzy_ws/install/lib/python3.12/site-packages/launch_ros/actions/__pycache__/load_composable_nodes.cpython-312.pyc
/workspace/jazzy_ws/install/lib/python3.12/site-packages/launch_ros/actions/__pycache__/set_use_sim_time.cpython-312.pyc
/workspace/jazzy_ws/install/lib/python3.12/site-packages/launch_ros/actions/__pycache__/lifecycle_node.cpython-312.pyc
/workspace/jazzy_ws/install/lib/python3.12/site-packages/launch_ros/actions/__pycache__/push_ros_namespace.cpython-312.pyc
/workspace/jazzy_ws/install/lib/python3.12/site-packages/launch_ros/actions/__pycache__/set_ros_log_dir.cpython-312.pyc
/workspace/jazzy_ws/install/lib/python3.12/site-packages/launch_ros/actions/__pycache__/set_parameters_from_file.cpython-312.pyc
/workspace/jazzy_ws/install/lib/python3.12/site-packages/launch_ros/actions/__pycache__/lifecycle_transition.cpython-312.pyc
/workspace/jazzy_ws/install/lib/python3.12/site-packages/launch_ros/actions/__pycache__/composable_node_container.cpython-312.pyc
/workspace/jazzy_ws/install/lib/python3.12/site-packages/launch_ros/events/__pycache__/__init__.cpython-312.pyc
/workspace/jazzy_ws/install/lib/python3.12/site-packages/launch_ros/descriptions/__pycache__/__init__.cpython-312.pyc
/workspace/jazzy_ws/install/lib/python3.12/site-packages/launch_ros/descriptions/__pycache__/composable_node.cpython-312.pyc
/workspace/jazzy_ws/install/lib/python3.12/site-packages/launch_ros/descriptions/__pycache__/composable_lifecycle_node.cpython-312.pyc
/workspace/jazzy_ws/install/lib/python3.12/site-packages/launch_ros/utilities/__pycache__/namespace_utils.cpython-312.pyc
/workspace/jazzy_ws/install/lib/python3.12/site-packages/launch_ros/utilities/__pycache__/lifecycle_event_manager.cpython-312.pyc
/workspace/jazzy_ws/install/lib/python3.12/site-packages/launch_ros/utilities/__pycache__/normalize_parameters.cpython-312.pyc
/workspace/jazzy_ws/install/lib/python3.12/site-packages/launch_ros/utilities/__pycache__/to_parameters_list.cpython-312.pyc
/workspace/jazzy_ws/install/lib/python3.12/site-packages/launch_ros/utilities/__pycache__/normalize_remap_rule.cpython-312.pyc
/workspace/jazzy_ws/install/lib/python3.12/site-packages/launch_ros/utilities/__pycache__/__init__.cpython-312.pyc
/workspace/jazzy_ws/install/lib/python3.12/site-packages/launch_ros/utilities/__pycache__/evaluate_parameters.cpython-312.pyc
/workspace/jazzy_ws/install/lib/python3.12/site-packages/launch_ros/utilities/__pycache__/track_node_names.cpython-312.pyc
/workspace/jazzy_ws/install/lib/python3.12/site-packages/launch_ros/utilities/__pycache__/plugin_support.cpython-312.pyc
/workspace/jazzy_ws/install/lib/python3.12/site-packages/launch_ros/substitutions/__pycache__/__init__.cpython-312.pyc
/workspace/jazzy_ws/install/lib/python3.12/site-packages/launch_ros/substitutions/__pycache__/find_package.cpython-312.pyc
/workspace/jazzy_ws/install/lib/python3.12/site-packages/launch_ros/substitutions/__pycache__/executable_in_package.cpython-312.pyc
/workspace/jazzy_ws/install/lib/python3.12/site-packages/launch_ros/substitutions/__pycache__/parameter.cpython-312.pyc
/workspace/jazzy_ws/install/lib/python3.12/site-packages/launch_ros/event_handlers/__pycache__/__init__.cpython-312.pyc
/workspace/jazzy_ws/install/lib/python3.12/site-packages/launch_ros/event_handlers/__pycache__/on_state_transition.cpython-312.pyc
/workspace/jazzy_ws/install/lib/python3.12/site-packages/launch_ros/events/lifecycle/__pycache__/change_state.cpython-312.pyc
/workspace/jazzy_ws/install/lib/python3.12/site-packages/launch_ros/events/lifecycle/__pycache__/lifecycle_node_matchers.cpython-312.pyc
/workspace/jazzy_ws/install/lib/python3.12/site-packages/launch_ros/events/lifecycle/__pycache__/__init__.cpython-312.pyc
/workspace/jazzy_ws/install/lib/python3.12/site-packages/launch_ros/events/lifecycle/__pycache__/state_transition.cpython-312.pyc
/workspace/jazzy_ws/install/lib/python3.12/site-packages/launch_ros/events/matchers/__pycache__/__init__.cpython-312.pyc
/workspace/jazzy_ws/install/lib/python3.12/site-packages/launch_ros/events/matchers/__pycache__/matches_node_name.cpython-312.pyc
/workspace/jazzy_ws/install/share/launch_ros/package.xml
/workspace/jazzy_ws/install/share/ament_index/resource_index/packages/launch_ros
/workspace/jazzy_ws/install/lib/python3.12/site-packages/launch_ros-0.26.11-py3.12.egg-info/PKG-INFO
/workspace/jazzy_ws/install/lib/python3.12/site-packages/launch_ros-0.26.11-py3.12.egg-info/SOURCES.txt
/workspace/jazzy_ws/install/lib/python3.12/site-packages/launch_ros-0.26.11-py3.12.egg-info/zip-safe
/workspace/jazzy_ws/install/lib/python3.12/site-packages/launch_ros-0.26.11-py3.12.egg-info/requires.txt
/workspace/jazzy_ws/install/lib/python3.12/site-packages/launch_ros-0.26.11-py3.12.egg-info/top_level.txt
/workspace/jazzy_ws/install/lib/python3.12/site-packages/launch_ros-0.26.11-py3.12.egg-info/entry_points.txt
/workspace/jazzy_ws/install/lib/python3.12/site-packages/launch_ros-0.26.11-py3.12.egg-info/dependency_links.txt
