-- The C compiler identification is GNU 13.3.0
-- The CXX compiler identification is GNU 13.3.0
-- Detecting C compiler ABI info
-- Detecting C compiler ABI info - done
-- Check for working C compiler: /usr/bin/cc - skipped
-- Detecting C compile features
-- Detecting C compile features - done
-- Detecting CXX compiler ABI info
-- Detecting CXX compiler ABI info - done
-- Check for working CXX compiler: /usr/bin/c++ - skipped
-- Detecting CXX compile features
-- Detecting CXX compile features - done
-- Found ament_cmake: 2.5.5 (/workspace/jazzy_ws/install/share/ament_cmake/cmake)
-- Found Python3: /usr/bin/python3 (found version "3.12.3") found components: Interpreter 
-- Found rosidl_default_generators: 1.6.0 (/workspace/jazzy_ws/install/share/rosidl_default_generators/cmake)
-- Using all available rosidl_typesupport_c: rosidl_typesupport_fastrtps_c;rosidl_typesupport_introspection_c
-- Using all available rosidl_typesupport_cpp: rosidl_typesupport_fastrtps_cpp;rosidl_typesupport_introspection_cpp
-- Found rosidl_adapter: 4.6.7 (/workspace/jazzy_ws/install/share/rosidl_adapter/cmake)
-- Found builtin_interfaces: 2.0.3 (/workspace/jazzy_ws/install/share/builtin_interfaces/cmake)
-- Found geometry_msgs: 5.3.6 (/workspace/jazzy_ws/install/share/geometry_msgs/cmake)
-- Found ament_cmake_cppcheck: 0.17.4 (/workspace/jazzy_ws/install/share/ament_cmake_cppcheck/cmake)
-- Found ament_cmake_cpplint: 0.17.4 (/workspace/jazzy_ws/install/share/ament_cmake_cpplint/cmake)
-- Found ament_cmake_uncrustify: 0.17.4 (/workspace/jazzy_ws/install/share/ament_cmake_uncrustify/cmake)
-- Found ament_cmake_ros: 0.12.0 (/workspace/jazzy_ws/install/share/ament_cmake_ros/cmake)
-- Using all available rosidl_typesupport_c: rosidl_typesupport_fastrtps_c;rosidl_typesupport_introspection_c
-- Using all available rosidl_typesupport_cpp: rosidl_typesupport_fastrtps_cpp;rosidl_typesupport_introspection_cpp
-- Found python_cmake_module: 0.11.1 (/workspace/jazzy_ws/install/share/python_cmake_module/cmake)
-- Found PythonExtra: /usr/bin/python3  
-- Found Python3: /usr/bin/python3 (found version "3.12.3") found components: Interpreter Development NumPy Development.Module Development.Embed 
-- Found ament_cmake_flake8: 0.17.4 (/workspace/jazzy_ws/install/share/ament_cmake_flake8/cmake)
-- Found ament_cmake_pep257: 0.17.4 (/workspace/jazzy_ws/install/share/ament_cmake_pep257/cmake)
-- Configuring done (2.3s)
-- Generating done (0.0s)
-- Build files have been written to: /workspace/jazzy_ws/build/tf2_msgs
[  1%] Generating type hashes for ROS interfaces
[  1%] Built target ament_cmake_python_copy_tf2_msgs
running egg_info
creating tf2_msgs.egg-info
writing tf2_msgs.egg-info/PKG-INFO
writing dependency_links to tf2_msgs.egg-info/dependency_links.txt
writing top-level names to tf2_msgs.egg-info/top_level.txt
writing manifest file 'tf2_msgs.egg-info/SOURCES.txt'
reading manifest file 'tf2_msgs.egg-info/SOURCES.txt'
writing manifest file 'tf2_msgs.egg-info/SOURCES.txt'
[  1%] Built target ament_cmake_python_build_tf2_msgs_egg
[  1%] Built target tf2_msgs__rosidl_generator_type_description
[  3%] Generating C code for ROS interfaces
[  4%] Generating C++ code for ROS interfaces
[  4%] Built target tf2_msgs__cpp
[  6%] Building C object CMakeFiles/tf2_msgs__rosidl_generator_c.dir/rosidl_generator_c/tf2_msgs/msg/detail/tf2_error__description.c.o
[  7%] Building C object CMakeFiles/tf2_msgs__rosidl_generator_c.dir/rosidl_generator_c/tf2_msgs/action/detail/lookup_transform__description.c.o
[  9%] Building C object CMakeFiles/tf2_msgs__rosidl_generator_c.dir/rosidl_generator_c/tf2_msgs/srv/detail/frame_graph__type_support.c.o
[ 10%] Building C object CMakeFiles/tf2_msgs__rosidl_generator_c.dir/rosidl_generator_c/tf2_msgs/msg/detail/tf2_error__functions.c.o
[ 12%] Building C object CMakeFiles/tf2_msgs__rosidl_generator_c.dir/rosidl_generator_c/tf2_msgs/msg/detail/tf_message__functions.c.o
[ 14%] Building C object CMakeFiles/tf2_msgs__rosidl_generator_c.dir/rosidl_generator_c/tf2_msgs/action/detail/lookup_transform__functions.c.o
[ 15%] Building C object CMakeFiles/tf2_msgs__rosidl_generator_c.dir/rosidl_generator_c/tf2_msgs/msg/detail/tf_message__type_support.c.o
[ 17%] Building C object CMakeFiles/tf2_msgs__rosidl_generator_c.dir/rosidl_generator_c/tf2_msgs/srv/detail/frame_graph__description.c.o
[ 18%] Building C object CMakeFiles/tf2_msgs__rosidl_generator_c.dir/rosidl_generator_c/tf2_msgs/msg/detail/tf_message__description.c.o
[ 21%] Building C object CMakeFiles/tf2_msgs__rosidl_generator_c.dir/rosidl_generator_c/tf2_msgs/srv/detail/frame_graph__functions.c.o
[ 21%] Building C object CMakeFiles/tf2_msgs__rosidl_generator_c.dir/rosidl_generator_c/tf2_msgs/action/detail/lookup_transform__type_support.c.o
[ 23%] Building C object CMakeFiles/tf2_msgs__rosidl_generator_c.dir/rosidl_generator_c/tf2_msgs/msg/detail/tf2_error__type_support.c.o
[ 25%] Linking C shared library libtf2_msgs__rosidl_generator_c.so
[ 25%] Built target tf2_msgs__rosidl_generator_c
[ 26%] Generating C++ type support dispatch for ROS interfaces
[ 28%] Generating C type support dispatch for ROS interfaces
[ 29%] Generating C type support for eProsima Fast-RTPS
[ 31%] Generating C introspection for ROS interfaces
[ 32%] Generating C++ introspection for ROS interfaces
[ 34%] Generating C++ type support for eProsima Fast-RTPS
[ 35%] Building CXX object CMakeFiles/tf2_msgs__rosidl_typesupport_fastrtps_cpp.dir/rosidl_typesupport_fastrtps_cpp/tf2_msgs/msg/detail/dds_fastrtps/tf2_error__type_support.cpp.o
[ 37%] Building CXX object CMakeFiles/tf2_msgs__rosidl_typesupport_fastrtps_cpp.dir/rosidl_typesupport_fastrtps_cpp/tf2_msgs/msg/detail/dds_fastrtps/tf_message__type_support.cpp.o
[ 39%] Building CXX object CMakeFiles/tf2_msgs__rosidl_typesupport_fastrtps_cpp.dir/rosidl_typesupport_fastrtps_cpp/tf2_msgs/srv/detail/dds_fastrtps/frame_graph__type_support.cpp.o
[ 40%] Building CXX object CMakeFiles/tf2_msgs__rosidl_typesupport_fastrtps_cpp.dir/rosidl_typesupport_fastrtps_cpp/tf2_msgs/action/detail/dds_fastrtps/lookup_transform__type_support.cpp.o
[ 42%] Building CXX object CMakeFiles/tf2_msgs__rosidl_typesupport_c.dir/rosidl_typesupport_c/tf2_msgs/msg/tf2_error__type_support.cpp.o
[ 43%] Building CXX object CMakeFiles/tf2_msgs__rosidl_typesupport_c.dir/rosidl_typesupport_c/tf2_msgs/msg/tf_message__type_support.cpp.o
[ 45%] Building CXX object CMakeFiles/tf2_msgs__rosidl_typesupport_c.dir/rosidl_typesupport_c/tf2_msgs/srv/frame_graph__type_support.cpp.o
[ 46%] Building CXX object CMakeFiles/tf2_msgs__rosidl_typesupport_c.dir/rosidl_typesupport_c/tf2_msgs/action/lookup_transform__type_support.cpp.o
[ 50%] Building CXX object CMakeFiles/tf2_msgs__rosidl_typesupport_cpp.dir/rosidl_typesupport_cpp/tf2_msgs/action/lookup_transform__type_support.cpp.o
[ 48%] Building CXX object CMakeFiles/tf2_msgs__rosidl_typesupport_cpp.dir/rosidl_typesupport_cpp/tf2_msgs/msg/tf2_error__type_support.cpp.o
[ 51%] Building CXX object CMakeFiles/tf2_msgs__rosidl_typesupport_cpp.dir/rosidl_typesupport_cpp/tf2_msgs/srv/frame_graph__type_support.cpp.o
[ 53%] Building CXX object CMakeFiles/tf2_msgs__rosidl_typesupport_cpp.dir/rosidl_typesupport_cpp/tf2_msgs/msg/tf_message__type_support.cpp.o
[ 54%] Linking CXX shared library libtf2_msgs__rosidl_typesupport_c.so
[ 56%] Building C object CMakeFiles/tf2_msgs__rosidl_typesupport_introspection_c.dir/rosidl_typesupport_introspection_c/tf2_msgs/msg/detail/tf2_error__type_support.c.o
[ 60%] Building C object CMakeFiles/tf2_msgs__rosidl_typesupport_introspection_c.dir/rosidl_typesupport_introspection_c/tf2_msgs/msg/detail/tf_message__type_support.c.o
[ 57%] Building C object CMakeFiles/tf2_msgs__rosidl_typesupport_introspection_c.dir/rosidl_typesupport_introspection_c/tf2_msgs/srv/detail/frame_graph__type_support.c.o
[ 59%] Building C object CMakeFiles/tf2_msgs__rosidl_typesupport_introspection_c.dir/rosidl_typesupport_introspection_c/tf2_msgs/action/detail/lookup_transform__type_support.c.o
[ 60%] Built target tf2_msgs__rosidl_typesupport_c
[ 62%] Linking C shared library libtf2_msgs__rosidl_typesupport_introspection_c.so
[ 64%] Building CXX object CMakeFiles/tf2_msgs__rosidl_typesupport_introspection_cpp.dir/rosidl_typesupport_introspection_cpp/tf2_msgs/msg/detail/tf2_error__type_support.cpp.o
[ 65%] Building CXX object CMakeFiles/tf2_msgs__rosidl_typesupport_introspection_cpp.dir/rosidl_typesupport_introspection_cpp/tf2_msgs/msg/detail/tf_message__type_support.cpp.o
[ 68%] Building CXX object CMakeFiles/tf2_msgs__rosidl_typesupport_introspection_cpp.dir/rosidl_typesupport_introspection_cpp/tf2_msgs/srv/detail/frame_graph__type_support.cpp.o
[ 67%] Building CXX object CMakeFiles/tf2_msgs__rosidl_typesupport_introspection_cpp.dir/rosidl_typesupport_introspection_cpp/tf2_msgs/action/detail/lookup_transform__type_support.cpp.o
[ 68%] Built target tf2_msgs__rosidl_typesupport_introspection_c
[ 70%] Building CXX object CMakeFiles/tf2_msgs__rosidl_typesupport_fastrtps_c.dir/rosidl_typesupport_fastrtps_c/tf2_msgs/msg/detail/tf2_error__type_support_c.cpp.o
[ 71%] Building CXX object CMakeFiles/tf2_msgs__rosidl_typesupport_fastrtps_c.dir/rosidl_typesupport_fastrtps_c/tf2_msgs/msg/detail/tf_message__type_support_c.cpp.o
[ 73%] Building CXX object CMakeFiles/tf2_msgs__rosidl_typesupport_fastrtps_c.dir/rosidl_typesupport_fastrtps_c/tf2_msgs/action/detail/lookup_transform__type_support_c.cpp.o
[ 75%] Building CXX object CMakeFiles/tf2_msgs__rosidl_typesupport_fastrtps_c.dir/rosidl_typesupport_fastrtps_c/tf2_msgs/srv/detail/frame_graph__type_support_c.cpp.o
[ 76%] Linking CXX shared library libtf2_msgs__rosidl_typesupport_cpp.so
[ 76%] Built target tf2_msgs__rosidl_typesupport_cpp
[ 78%] Linking CXX shared library libtf2_msgs__rosidl_typesupport_fastrtps_cpp.so
[ 78%] Built target tf2_msgs__rosidl_typesupport_fastrtps_cpp
[ 79%] Linking CXX shared library libtf2_msgs__rosidl_typesupport_introspection_cpp.so
[ 79%] Built target tf2_msgs__rosidl_typesupport_introspection_cpp
[ 81%] Linking CXX shared library libtf2_msgs__rosidl_typesupport_fastrtps_c.so
[ 81%] Built target tf2_msgs__rosidl_typesupport_fastrtps_c
[ 81%] Built target tf2_msgs
[ 82%] Generating Python code for ROS interfaces
[ 82%] Built target tf2_msgs__py
[ 85%] Building C object CMakeFiles/tf2_msgs__rosidl_generator_py.dir/rosidl_generator_py/tf2_msgs/msg/_tf2_error_s.c.o
[ 89%] Building C object CMakeFiles/tf2_msgs__rosidl_generator_py.dir/rosidl_generator_py/tf2_msgs/msg/_tf_message_s.c.o
[ 89%] Building C object CMakeFiles/tf2_msgs__rosidl_generator_py.dir/rosidl_generator_py/tf2_msgs/srv/_frame_graph_s.c.o
[ 89%] Building C object CMakeFiles/tf2_msgs__rosidl_generator_py.dir/rosidl_generator_py/tf2_msgs/action/_lookup_transform_s.c.o
[ 90%] Linking C shared library libtf2_msgs__rosidl_generator_py.so
[ 90%] Built target tf2_msgs__rosidl_generator_py
[ 93%] Building C object CMakeFiles/tf2_msgs_s__rosidl_typesupport_fastrtps_c.dir/rosidl_generator_py/tf2_msgs/_tf2_msgs_s.ep.rosidl_typesupport_fastrtps_c.c.o
[ 93%] Building C object CMakeFiles/tf2_msgs_s__rosidl_typesupport_introspection_c.dir/rosidl_generator_py/tf2_msgs/_tf2_msgs_s.ep.rosidl_typesupport_introspection_c.c.o
[ 95%] Building C object CMakeFiles/tf2_msgs_s__rosidl_typesupport_c.dir/rosidl_generator_py/tf2_msgs/_tf2_msgs_s.ep.rosidl_typesupport_c.c.o
[ 96%] Linking C shared module rosidl_generator_py/tf2_msgs/tf2_msgs_s__rosidl_typesupport_introspection_c.so
[ 98%] Linking C shared module rosidl_generator_py/tf2_msgs/tf2_msgs_s__rosidl_typesupport_c.so
[100%] Linking C shared module rosidl_generator_py/tf2_msgs/tf2_msgs_s__rosidl_typesupport_fastrtps_c.so
[100%] Built target tf2_msgs_s__rosidl_typesupport_introspection_c
[100%] Built target tf2_msgs_s__rosidl_typesupport_c
[100%] Built target tf2_msgs_s__rosidl_typesupport_fastrtps_c
-- Install configuration: ""
-- Installing: /workspace/jazzy_ws/install/share/ament_index/resource_index/rosidl_interfaces/tf2_msgs
-- Installing: /workspace/jazzy_ws/install/share/tf2_msgs/msg/TF2Error.json
-- Installing: /workspace/jazzy_ws/install/share/tf2_msgs/msg/TFMessage.json
-- Installing: /workspace/jazzy_ws/install/share/tf2_msgs/srv/FrameGraph.json
-- Installing: /workspace/jazzy_ws/install/share/tf2_msgs/action/LookupTransform.json
-- Installing: /workspace/jazzy_ws/install/include/tf2_msgs/tf2_msgs
-- Installing: /workspace/jazzy_ws/install/include/tf2_msgs/tf2_msgs/msg
-- Installing: /workspace/jazzy_ws/install/include/tf2_msgs/tf2_msgs/msg/detail
-- Installing: /workspace/jazzy_ws/install/include/tf2_msgs/tf2_msgs/msg/detail/tf_message__functions.h
-- Installing: /workspace/jazzy_ws/install/include/tf2_msgs/tf2_msgs/msg/detail/tf2_error__type_support.c
-- Installing: /workspace/jazzy_ws/install/include/tf2_msgs/tf2_msgs/msg/detail/tf_message__type_support.h
-- Installing: /workspace/jazzy_ws/install/include/tf2_msgs/tf2_msgs/msg/detail/tf2_error__struct.h
-- Installing: /workspace/jazzy_ws/install/include/tf2_msgs/tf2_msgs/msg/detail/tf2_error__functions.h
-- Installing: /workspace/jazzy_ws/install/include/tf2_msgs/tf2_msgs/msg/detail/tf_message__struct.h
-- Installing: /workspace/jazzy_ws/install/include/tf2_msgs/tf2_msgs/msg/detail/tf_message__description.c
-- Installing: /workspace/jazzy_ws/install/include/tf2_msgs/tf2_msgs/msg/detail/tf2_error__functions.c
-- Installing: /workspace/jazzy_ws/install/include/tf2_msgs/tf2_msgs/msg/detail/tf2_error__description.c
-- Installing: /workspace/jazzy_ws/install/include/tf2_msgs/tf2_msgs/msg/detail/tf_message__type_support.c
-- Installing: /workspace/jazzy_ws/install/include/tf2_msgs/tf2_msgs/msg/detail/tf_message__functions.c
-- Installing: /workspace/jazzy_ws/install/include/tf2_msgs/tf2_msgs/msg/detail/tf2_error__type_support.h
-- Installing: /workspace/jazzy_ws/install/include/tf2_msgs/tf2_msgs/msg/tf_message.h
-- Installing: /workspace/jazzy_ws/install/include/tf2_msgs/tf2_msgs/msg/tf2_error.h
-- Installing: /workspace/jazzy_ws/install/include/tf2_msgs/tf2_msgs/msg/rosidl_generator_c__visibility_control.h
-- Installing: /workspace/jazzy_ws/install/include/tf2_msgs/tf2_msgs/srv
-- Installing: /workspace/jazzy_ws/install/include/tf2_msgs/tf2_msgs/srv/detail
-- Installing: /workspace/jazzy_ws/install/include/tf2_msgs/tf2_msgs/srv/detail/frame_graph__struct.h
-- Installing: /workspace/jazzy_ws/install/include/tf2_msgs/tf2_msgs/srv/detail/frame_graph__functions.h
-- Installing: /workspace/jazzy_ws/install/include/tf2_msgs/tf2_msgs/srv/detail/frame_graph__type_support.c
-- Installing: /workspace/jazzy_ws/install/include/tf2_msgs/tf2_msgs/srv/detail/frame_graph__type_support.h
-- Installing: /workspace/jazzy_ws/install/include/tf2_msgs/tf2_msgs/srv/detail/frame_graph__description.c
-- Installing: /workspace/jazzy_ws/install/include/tf2_msgs/tf2_msgs/srv/detail/frame_graph__functions.c
-- Installing: /workspace/jazzy_ws/install/include/tf2_msgs/tf2_msgs/srv/frame_graph.h
-- Installing: /workspace/jazzy_ws/install/include/tf2_msgs/tf2_msgs/action
-- Installing: /workspace/jazzy_ws/install/include/tf2_msgs/tf2_msgs/action/detail
-- Installing: /workspace/jazzy_ws/install/include/tf2_msgs/tf2_msgs/action/detail/lookup_transform__functions.c
-- Installing: /workspace/jazzy_ws/install/include/tf2_msgs/tf2_msgs/action/detail/lookup_transform__description.c
-- Installing: /workspace/jazzy_ws/install/include/tf2_msgs/tf2_msgs/action/detail/lookup_transform__type_support.h
-- Installing: /workspace/jazzy_ws/install/include/tf2_msgs/tf2_msgs/action/detail/lookup_transform__struct.h
-- Installing: /workspace/jazzy_ws/install/include/tf2_msgs/tf2_msgs/action/detail/lookup_transform__functions.h
-- Installing: /workspace/jazzy_ws/install/include/tf2_msgs/tf2_msgs/action/detail/lookup_transform__type_support.c
-- Installing: /workspace/jazzy_ws/install/include/tf2_msgs/tf2_msgs/action/lookup_transform.h
-- Installing: /workspace/jazzy_ws/install/share/tf2_msgs/environment/library_path.sh
-- Installing: /workspace/jazzy_ws/install/share/tf2_msgs/environment/library_path.dsv
-- Installing: /workspace/jazzy_ws/install/lib/libtf2_msgs__rosidl_generator_c.so
-- Set non-toolchain portion of runtime path of "/workspace/jazzy_ws/install/lib/libtf2_msgs__rosidl_generator_c.so" to ""
-- Up-to-date: /workspace/jazzy_ws/install/include/tf2_msgs/tf2_msgs
-- Up-to-date: /workspace/jazzy_ws/install/include/tf2_msgs/tf2_msgs/msg
-- Up-to-date: /workspace/jazzy_ws/install/include/tf2_msgs/tf2_msgs/msg/detail
-- Installing: /workspace/jazzy_ws/install/include/tf2_msgs/tf2_msgs/msg/detail/tf2_error__rosidl_typesupport_fastrtps_c.h
-- Installing: /workspace/jazzy_ws/install/include/tf2_msgs/tf2_msgs/msg/detail/tf_message__rosidl_typesupport_fastrtps_c.h
-- Installing: /workspace/jazzy_ws/install/include/tf2_msgs/tf2_msgs/msg/rosidl_typesupport_fastrtps_c__visibility_control.h
-- Up-to-date: /workspace/jazzy_ws/install/include/tf2_msgs/tf2_msgs/srv
-- Up-to-date: /workspace/jazzy_ws/install/include/tf2_msgs/tf2_msgs/srv/detail
-- Installing: /workspace/jazzy_ws/install/include/tf2_msgs/tf2_msgs/srv/detail/frame_graph__rosidl_typesupport_fastrtps_c.h
-- Up-to-date: /workspace/jazzy_ws/install/include/tf2_msgs/tf2_msgs/action
-- Up-to-date: /workspace/jazzy_ws/install/include/tf2_msgs/tf2_msgs/action/detail
-- Installing: /workspace/jazzy_ws/install/include/tf2_msgs/tf2_msgs/action/detail/lookup_transform__rosidl_typesupport_fastrtps_c.h
-- Installing: /workspace/jazzy_ws/install/lib/libtf2_msgs__rosidl_typesupport_fastrtps_c.so
-- Set non-toolchain portion of runtime path of "/workspace/jazzy_ws/install/lib/libtf2_msgs__rosidl_typesupport_fastrtps_c.so" to ""
-- Up-to-date: /workspace/jazzy_ws/install/include/tf2_msgs/tf2_msgs
-- Up-to-date: /workspace/jazzy_ws/install/include/tf2_msgs/tf2_msgs/msg
-- Up-to-date: /workspace/jazzy_ws/install/include/tf2_msgs/tf2_msgs/msg/detail
-- Installing: /workspace/jazzy_ws/install/include/tf2_msgs/tf2_msgs/msg/detail/tf2_error__type_support.c
-- Installing: /workspace/jazzy_ws/install/include/tf2_msgs/tf2_msgs/msg/detail/tf_message__type_support.c
-- Installing: /workspace/jazzy_ws/install/include/tf2_msgs/tf2_msgs/msg/detail/tf_message__rosidl_typesupport_introspection_c.h
-- Installing: /workspace/jazzy_ws/install/include/tf2_msgs/tf2_msgs/msg/detail/tf2_error__rosidl_typesupport_introspection_c.h
-- Installing: /workspace/jazzy_ws/install/include/tf2_msgs/tf2_msgs/msg/rosidl_typesupport_introspection_c__visibility_control.h
-- Up-to-date: /workspace/jazzy_ws/install/include/tf2_msgs/tf2_msgs/srv
-- Up-to-date: /workspace/jazzy_ws/install/include/tf2_msgs/tf2_msgs/srv/detail
-- Installing: /workspace/jazzy_ws/install/include/tf2_msgs/tf2_msgs/srv/detail/frame_graph__rosidl_typesupport_introspection_c.h
-- Installing: /workspace/jazzy_ws/install/include/tf2_msgs/tf2_msgs/srv/detail/frame_graph__type_support.c
-- Up-to-date: /workspace/jazzy_ws/install/include/tf2_msgs/tf2_msgs/action
-- Up-to-date: /workspace/jazzy_ws/install/include/tf2_msgs/tf2_msgs/action/detail
-- Installing: /workspace/jazzy_ws/install/include/tf2_msgs/tf2_msgs/action/detail/lookup_transform__rosidl_typesupport_introspection_c.h
-- Installing: /workspace/jazzy_ws/install/include/tf2_msgs/tf2_msgs/action/detail/lookup_transform__type_support.c
-- Installing: /workspace/jazzy_ws/install/lib/libtf2_msgs__rosidl_typesupport_introspection_c.so
-- Set non-toolchain portion of runtime path of "/workspace/jazzy_ws/install/lib/libtf2_msgs__rosidl_typesupport_introspection_c.so" to ""
-- Installing: /workspace/jazzy_ws/install/lib/libtf2_msgs__rosidl_typesupport_c.so
-- Set non-toolchain portion of runtime path of "/workspace/jazzy_ws/install/lib/libtf2_msgs__rosidl_typesupport_c.so" to ""
-- Up-to-date: /workspace/jazzy_ws/install/include/tf2_msgs/tf2_msgs
-- Up-to-date: /workspace/jazzy_ws/install/include/tf2_msgs/tf2_msgs/msg
-- Up-to-date: /workspace/jazzy_ws/install/include/tf2_msgs/tf2_msgs/msg/detail
-- Installing: /workspace/jazzy_ws/install/include/tf2_msgs/tf2_msgs/msg/detail/tf2_error__traits.hpp
-- Installing: /workspace/jazzy_ws/install/include/tf2_msgs/tf2_msgs/msg/detail/tf2_error__builder.hpp
-- Installing: /workspace/jazzy_ws/install/include/tf2_msgs/tf2_msgs/msg/detail/tf_message__struct.hpp
-- Installing: /workspace/jazzy_ws/install/include/tf2_msgs/tf2_msgs/msg/detail/tf2_error__struct.hpp
-- Installing: /workspace/jazzy_ws/install/include/tf2_msgs/tf2_msgs/msg/detail/tf_message__traits.hpp
-- Installing: /workspace/jazzy_ws/install/include/tf2_msgs/tf2_msgs/msg/detail/tf_message__builder.hpp
-- Installing: /workspace/jazzy_ws/install/include/tf2_msgs/tf2_msgs/msg/detail/tf_message__type_support.hpp
-- Installing: /workspace/jazzy_ws/install/include/tf2_msgs/tf2_msgs/msg/detail/tf2_error__type_support.hpp
-- Installing: /workspace/jazzy_ws/install/include/tf2_msgs/tf2_msgs/msg/tf2_error.hpp
-- Installing: /workspace/jazzy_ws/install/include/tf2_msgs/tf2_msgs/msg/rosidl_generator_cpp__visibility_control.hpp
-- Installing: /workspace/jazzy_ws/install/include/tf2_msgs/tf2_msgs/msg/tf_message.hpp
-- Up-to-date: /workspace/jazzy_ws/install/include/tf2_msgs/tf2_msgs/srv
-- Up-to-date: /workspace/jazzy_ws/install/include/tf2_msgs/tf2_msgs/srv/detail
-- Installing: /workspace/jazzy_ws/install/include/tf2_msgs/tf2_msgs/srv/detail/frame_graph__traits.hpp
-- Installing: /workspace/jazzy_ws/install/include/tf2_msgs/tf2_msgs/srv/detail/frame_graph__struct.hpp
-- Installing: /workspace/jazzy_ws/install/include/tf2_msgs/tf2_msgs/srv/detail/frame_graph__type_support.hpp
-- Installing: /workspace/jazzy_ws/install/include/tf2_msgs/tf2_msgs/srv/detail/frame_graph__builder.hpp
-- Installing: /workspace/jazzy_ws/install/include/tf2_msgs/tf2_msgs/srv/frame_graph.hpp
-- Up-to-date: /workspace/jazzy_ws/install/include/tf2_msgs/tf2_msgs/action
-- Up-to-date: /workspace/jazzy_ws/install/include/tf2_msgs/tf2_msgs/action/detail
-- Installing: /workspace/jazzy_ws/install/include/tf2_msgs/tf2_msgs/action/detail/lookup_transform__type_support.hpp
-- Installing: /workspace/jazzy_ws/install/include/tf2_msgs/tf2_msgs/action/detail/lookup_transform__struct.hpp
-- Installing: /workspace/jazzy_ws/install/include/tf2_msgs/tf2_msgs/action/detail/lookup_transform__builder.hpp
-- Installing: /workspace/jazzy_ws/install/include/tf2_msgs/tf2_msgs/action/detail/lookup_transform__traits.hpp
-- Installing: /workspace/jazzy_ws/install/include/tf2_msgs/tf2_msgs/action/lookup_transform.hpp
-- Up-to-date: /workspace/jazzy_ws/install/include/tf2_msgs/tf2_msgs
-- Up-to-date: /workspace/jazzy_ws/install/include/tf2_msgs/tf2_msgs/msg
-- Up-to-date: /workspace/jazzy_ws/install/include/tf2_msgs/tf2_msgs/msg/detail
-- Installing: /workspace/jazzy_ws/install/include/tf2_msgs/tf2_msgs/msg/detail/tf2_error__rosidl_typesupport_fastrtps_cpp.hpp
-- Installing: /workspace/jazzy_ws/install/include/tf2_msgs/tf2_msgs/msg/detail/dds_fastrtps
-- Installing: /workspace/jazzy_ws/install/include/tf2_msgs/tf2_msgs/msg/detail/tf_message__rosidl_typesupport_fastrtps_cpp.hpp
-- Installing: /workspace/jazzy_ws/install/include/tf2_msgs/tf2_msgs/msg/rosidl_typesupport_fastrtps_cpp__visibility_control.h
-- Up-to-date: /workspace/jazzy_ws/install/include/tf2_msgs/tf2_msgs/srv
-- Up-to-date: /workspace/jazzy_ws/install/include/tf2_msgs/tf2_msgs/srv/detail
-- Installing: /workspace/jazzy_ws/install/include/tf2_msgs/tf2_msgs/srv/detail/frame_graph__rosidl_typesupport_fastrtps_cpp.hpp
-- Installing: /workspace/jazzy_ws/install/include/tf2_msgs/tf2_msgs/srv/detail/dds_fastrtps
-- Up-to-date: /workspace/jazzy_ws/install/include/tf2_msgs/tf2_msgs/action
-- Up-to-date: /workspace/jazzy_ws/install/include/tf2_msgs/tf2_msgs/action/detail
-- Installing: /workspace/jazzy_ws/install/include/tf2_msgs/tf2_msgs/action/detail/lookup_transform__rosidl_typesupport_fastrtps_cpp.hpp
-- Installing: /workspace/jazzy_ws/install/include/tf2_msgs/tf2_msgs/action/detail/dds_fastrtps
-- Installing: /workspace/jazzy_ws/install/lib/libtf2_msgs__rosidl_typesupport_fastrtps_cpp.so
-- Set non-toolchain portion of runtime path of "/workspace/jazzy_ws/install/lib/libtf2_msgs__rosidl_typesupport_fastrtps_cpp.so" to ""
-- Up-to-date: /workspace/jazzy_ws/install/include/tf2_msgs/tf2_msgs
-- Up-to-date: /workspace/jazzy_ws/install/include/tf2_msgs/tf2_msgs/msg
-- Up-to-date: /workspace/jazzy_ws/install/include/tf2_msgs/tf2_msgs/msg/detail
-- Installing: /workspace/jazzy_ws/install/include/tf2_msgs/tf2_msgs/msg/detail/tf2_error__type_support.cpp
-- Installing: /workspace/jazzy_ws/install/include/tf2_msgs/tf2_msgs/msg/detail/tf2_error__rosidl_typesupport_introspection_cpp.hpp
-- Installing: /workspace/jazzy_ws/install/include/tf2_msgs/tf2_msgs/msg/detail/tf_message__type_support.cpp
-- Installing: /workspace/jazzy_ws/install/include/tf2_msgs/tf2_msgs/msg/detail/tf_message__rosidl_typesupport_introspection_cpp.hpp
-- Up-to-date: /workspace/jazzy_ws/install/include/tf2_msgs/tf2_msgs/srv
-- Up-to-date: /workspace/jazzy_ws/install/include/tf2_msgs/tf2_msgs/srv/detail
-- Installing: /workspace/jazzy_ws/install/include/tf2_msgs/tf2_msgs/srv/detail/frame_graph__type_support.cpp
-- Installing: /workspace/jazzy_ws/install/include/tf2_msgs/tf2_msgs/srv/detail/frame_graph__rosidl_typesupport_introspection_cpp.hpp
-- Up-to-date: /workspace/jazzy_ws/install/include/tf2_msgs/tf2_msgs/action
-- Up-to-date: /workspace/jazzy_ws/install/include/tf2_msgs/tf2_msgs/action/detail
-- Installing: /workspace/jazzy_ws/install/include/tf2_msgs/tf2_msgs/action/detail/lookup_transform__type_support.cpp
-- Installing: /workspace/jazzy_ws/install/include/tf2_msgs/tf2_msgs/action/detail/lookup_transform__rosidl_typesupport_introspection_cpp.hpp
-- Installing: /workspace/jazzy_ws/install/lib/libtf2_msgs__rosidl_typesupport_introspection_cpp.so
-- Set non-toolchain portion of runtime path of "/workspace/jazzy_ws/install/lib/libtf2_msgs__rosidl_typesupport_introspection_cpp.so" to ""
-- Installing: /workspace/jazzy_ws/install/lib/libtf2_msgs__rosidl_typesupport_cpp.so
-- Set non-toolchain portion of runtime path of "/workspace/jazzy_ws/install/lib/libtf2_msgs__rosidl_typesupport_cpp.so" to ""
-- Installing: /workspace/jazzy_ws/install/share/tf2_msgs/environment/pythonpath.sh
-- Installing: /workspace/jazzy_ws/install/share/tf2_msgs/environment/pythonpath.dsv
-- Installing: /workspace/jazzy_ws/install/lib/python3.12/site-packages/tf2_msgs-0.36.19-py3.12.egg-info
-- Installing: /workspace/jazzy_ws/install/lib/python3.12/site-packages/tf2_msgs-0.36.19-py3.12.egg-info/PKG-INFO
-- Installing: /workspace/jazzy_ws/install/lib/python3.12/site-packages/tf2_msgs-0.36.19-py3.12.egg-info/SOURCES.txt
-- Installing: /workspace/jazzy_ws/install/lib/python3.12/site-packages/tf2_msgs-0.36.19-py3.12.egg-info/top_level.txt
-- Installing: /workspace/jazzy_ws/install/lib/python3.12/site-packages/tf2_msgs-0.36.19-py3.12.egg-info/dependency_links.txt
-- Installing: /workspace/jazzy_ws/install/lib/python3.12/site-packages/tf2_msgs
-- Installing: /workspace/jazzy_ws/install/lib/python3.12/site-packages/tf2_msgs/_tf2_msgs_s.ep.rosidl_typesupport_introspection_c.c
-- Installing: /workspace/jazzy_ws/install/lib/python3.12/site-packages/tf2_msgs/tf2_msgs_s__rosidl_typesupport_introspection_c.so
-- Installing: /workspace/jazzy_ws/install/lib/python3.12/site-packages/tf2_msgs/_tf2_msgs_s.ep.rosidl_typesupport_fastrtps_c.c
-- Installing: /workspace/jazzy_ws/install/lib/python3.12/site-packages/tf2_msgs/msg
-- Installing: /workspace/jazzy_ws/install/lib/python3.12/site-packages/tf2_msgs/msg/_tf2_error_s.c
-- Installing: /workspace/jazzy_ws/install/lib/python3.12/site-packages/tf2_msgs/msg/__init__.py
-- Installing: /workspace/jazzy_ws/install/lib/python3.12/site-packages/tf2_msgs/msg/_tf_message.py
-- Installing: /workspace/jazzy_ws/install/lib/python3.12/site-packages/tf2_msgs/msg/_tf_message_s.c
-- Installing: /workspace/jazzy_ws/install/lib/python3.12/site-packages/tf2_msgs/msg/_tf2_error.py
-- Installing: /workspace/jazzy_ws/install/lib/python3.12/site-packages/tf2_msgs/__init__.py
-- Installing: /workspace/jazzy_ws/install/lib/python3.12/site-packages/tf2_msgs/tf2_msgs_s__rosidl_typesupport_fastrtps_c.so
-- Installing: /workspace/jazzy_ws/install/lib/python3.12/site-packages/tf2_msgs/srv
-- Installing: /workspace/jazzy_ws/install/lib/python3.12/site-packages/tf2_msgs/srv/_frame_graph_s.c
-- Installing: /workspace/jazzy_ws/install/lib/python3.12/site-packages/tf2_msgs/srv/__init__.py
-- Installing: /workspace/jazzy_ws/install/lib/python3.12/site-packages/tf2_msgs/srv/_frame_graph.py
-- Installing: /workspace/jazzy_ws/install/lib/python3.12/site-packages/tf2_msgs/_tf2_msgs_s.ep.rosidl_typesupport_c.c
-- Installing: /workspace/jazzy_ws/install/lib/python3.12/site-packages/tf2_msgs/action
-- Installing: /workspace/jazzy_ws/install/lib/python3.12/site-packages/tf2_msgs/action/_lookup_transform.py
-- Installing: /workspace/jazzy_ws/install/lib/python3.12/site-packages/tf2_msgs/action/__init__.py
-- Installing: /workspace/jazzy_ws/install/lib/python3.12/site-packages/tf2_msgs/action/_lookup_transform_s.c
-- Installing: /workspace/jazzy_ws/install/lib/python3.12/site-packages/tf2_msgs/tf2_msgs_s__rosidl_typesupport_c.so
Listing '/workspace/jazzy_ws/install/lib/python3.12/site-packages/tf2_msgs'...
Compiling '/workspace/jazzy_ws/install/lib/python3.12/site-packages/tf2_msgs/__init__.py'...
Listing '/workspace/jazzy_ws/install/lib/python3.12/site-packages/tf2_msgs/action'...
Compiling '/workspace/jazzy_ws/install/lib/python3.12/site-packages/tf2_msgs/action/__init__.py'...
Compiling '/workspace/jazzy_ws/install/lib/python3.12/site-packages/tf2_msgs/action/_lookup_transform.py'...
Listing '/workspace/jazzy_ws/install/lib/python3.12/site-packages/tf2_msgs/msg'...
Compiling '/workspace/jazzy_ws/install/lib/python3.12/site-packages/tf2_msgs/msg/__init__.py'...
Compiling '/workspace/jazzy_ws/install/lib/python3.12/site-packages/tf2_msgs/msg/_tf2_error.py'...
Compiling '/workspace/jazzy_ws/install/lib/python3.12/site-packages/tf2_msgs/msg/_tf_message.py'...
Listing '/workspace/jazzy_ws/install/lib/python3.12/site-packages/tf2_msgs/srv'...
Compiling '/workspace/jazzy_ws/install/lib/python3.12/site-packages/tf2_msgs/srv/__init__.py'...
Compiling '/workspace/jazzy_ws/install/lib/python3.12/site-packages/tf2_msgs/srv/_frame_graph.py'...
-- Installing: /workspace/jazzy_ws/install/lib/python3.12/site-packages/tf2_msgs/tf2_msgs_s__rosidl_typesupport_fastrtps_c.so
-- Set non-toolchain portion of runtime path of "/workspace/jazzy_ws/install/lib/python3.12/site-packages/tf2_msgs/tf2_msgs_s__rosidl_typesupport_fastrtps_c.so" to ""
-- Installing: /workspace/jazzy_ws/install/lib/python3.12/site-packages/tf2_msgs/tf2_msgs_s__rosidl_typesupport_introspection_c.so
-- Set non-toolchain portion of runtime path of "/workspace/jazzy_ws/install/lib/python3.12/site-packages/tf2_msgs/tf2_msgs_s__rosidl_typesupport_introspection_c.so" to ""
-- Installing: /workspace/jazzy_ws/install/lib/python3.12/site-packages/tf2_msgs/tf2_msgs_s__rosidl_typesupport_c.so
-- Set non-toolchain portion of runtime path of "/workspace/jazzy_ws/install/lib/python3.12/site-packages/tf2_msgs/tf2_msgs_s__rosidl_typesupport_c.so" to ""
-- Installing: /workspace/jazzy_ws/install/lib/libtf2_msgs__rosidl_generator_py.so
-- Set non-toolchain portion of runtime path of "/workspace/jazzy_ws/install/lib/libtf2_msgs__rosidl_generator_py.so" to ""
-- Installing: /workspace/jazzy_ws/install/share/tf2_msgs/msg/TF2Error.idl
-- Installing: /workspace/jazzy_ws/install/share/tf2_msgs/msg/TFMessage.idl
-- Installing: /workspace/jazzy_ws/install/share/tf2_msgs/srv/FrameGraph.idl
-- Installing: /workspace/jazzy_ws/install/share/tf2_msgs/action/LookupTransform.idl
-- Installing: /workspace/jazzy_ws/install/share/tf2_msgs/msg/TF2Error.msg
-- Installing: /workspace/jazzy_ws/install/share/tf2_msgs/msg/TFMessage.msg
-- Installing: /workspace/jazzy_ws/install/share/tf2_msgs/srv/FrameGraph.srv
-- Installing: /workspace/jazzy_ws/install/share/tf2_msgs/action/LookupTransform.action
-- Installing: /workspace/jazzy_ws/install/share/tf2_msgs/tfmessage_bridge_mapping_rule.yaml
-- Installing: /workspace/jazzy_ws/install/share/ament_index/resource_index/package_run_dependencies/tf2_msgs
-- Installing: /workspace/jazzy_ws/install/share/ament_index/resource_index/parent_prefix_path/tf2_msgs
-- Installing: /workspace/jazzy_ws/install/share/tf2_msgs/environment/ament_prefix_path.sh
-- Installing: /workspace/jazzy_ws/install/share/tf2_msgs/environment/ament_prefix_path.dsv
-- Installing: /workspace/jazzy_ws/install/share/tf2_msgs/environment/path.sh
-- Installing: /workspace/jazzy_ws/install/share/tf2_msgs/environment/path.dsv
-- Installing: /workspace/jazzy_ws/install/share/tf2_msgs/local_setup.bash
-- Installing: /workspace/jazzy_ws/install/share/tf2_msgs/local_setup.sh
-- Installing: /workspace/jazzy_ws/install/share/tf2_msgs/local_setup.zsh
-- Installing: /workspace/jazzy_ws/install/share/tf2_msgs/local_setup.dsv
-- Installing: /workspace/jazzy_ws/install/share/tf2_msgs/package.dsv
-- Installing: /workspace/jazzy_ws/install/share/ament_index/resource_index/packages/tf2_msgs
-- Installing: /workspace/jazzy_ws/install/share/tf2_msgs/cmake/export_tf2_msgs__rosidl_generator_cExport.cmake
-- Installing: /workspace/jazzy_ws/install/share/tf2_msgs/cmake/export_tf2_msgs__rosidl_generator_cExport-noconfig.cmake
-- Installing: /workspace/jazzy_ws/install/share/tf2_msgs/cmake/export_tf2_msgs__rosidl_typesupport_fastrtps_cExport.cmake
-- Installing: /workspace/jazzy_ws/install/share/tf2_msgs/cmake/export_tf2_msgs__rosidl_typesupport_fastrtps_cExport-noconfig.cmake
-- Installing: /workspace/jazzy_ws/install/share/tf2_msgs/cmake/tf2_msgs__rosidl_typesupport_introspection_cExport.cmake
-- Installing: /workspace/jazzy_ws/install/share/tf2_msgs/cmake/tf2_msgs__rosidl_typesupport_introspection_cExport-noconfig.cmake
-- Installing: /workspace/jazzy_ws/install/share/tf2_msgs/cmake/tf2_msgs__rosidl_typesupport_cExport.cmake
-- Installing: /workspace/jazzy_ws/install/share/tf2_msgs/cmake/tf2_msgs__rosidl_typesupport_cExport-noconfig.cmake
-- Installing: /workspace/jazzy_ws/install/share/tf2_msgs/cmake/export_tf2_msgs__rosidl_generator_cppExport.cmake
-- Installing: /workspace/jazzy_ws/install/share/tf2_msgs/cmake/export_tf2_msgs__rosidl_typesupport_fastrtps_cppExport.cmake
-- Installing: /workspace/jazzy_ws/install/share/tf2_msgs/cmake/export_tf2_msgs__rosidl_typesupport_fastrtps_cppExport-noconfig.cmake
-- Installing: /workspace/jazzy_ws/install/share/tf2_msgs/cmake/tf2_msgs__rosidl_typesupport_introspection_cppExport.cmake
-- Installing: /workspace/jazzy_ws/install/share/tf2_msgs/cmake/tf2_msgs__rosidl_typesupport_introspection_cppExport-noconfig.cmake
-- Installing: /workspace/jazzy_ws/install/share/tf2_msgs/cmake/tf2_msgs__rosidl_typesupport_cppExport.cmake
-- Installing: /workspace/jazzy_ws/install/share/tf2_msgs/cmake/tf2_msgs__rosidl_typesupport_cppExport-noconfig.cmake
-- Installing: /workspace/jazzy_ws/install/share/tf2_msgs/cmake/export_tf2_msgs__rosidl_generator_pyExport.cmake
-- Installing: /workspace/jazzy_ws/install/share/tf2_msgs/cmake/export_tf2_msgs__rosidl_generator_pyExport-noconfig.cmake
-- Installing: /workspace/jazzy_ws/install/share/tf2_msgs/cmake/rosidl_cmake-extras.cmake
-- Installing: /workspace/jazzy_ws/install/share/tf2_msgs/cmake/ament_cmake_export_dependencies-extras.cmake
-- Installing: /workspace/jazzy_ws/install/share/tf2_msgs/cmake/ament_cmake_export_include_directories-extras.cmake
-- Installing: /workspace/jazzy_ws/install/share/tf2_msgs/cmake/ament_cmake_export_libraries-extras.cmake
-- Installing: /workspace/jazzy_ws/install/share/tf2_msgs/cmake/ament_cmake_export_targets-extras.cmake
-- Installing: /workspace/jazzy_ws/install/share/tf2_msgs/cmake/rosidl_cmake_export_typesupport_targets-extras.cmake
-- Installing: /workspace/jazzy_ws/install/share/tf2_msgs/cmake/rosidl_cmake_export_typesupport_libraries-extras.cmake
-- Installing: /workspace/jazzy_ws/install/share/tf2_msgs/cmake/tf2_msgsConfig.cmake
-- Installing: /workspace/jazzy_ws/install/share/tf2_msgs/cmake/tf2_msgsConfig-version.cmake
-- Installing: /workspace/jazzy_ws/install/share/tf2_msgs/package.xml
