[0.097s] Invoking command in '/workspace/jazzy_ws/build/tf2_msgs': AMENT_PREFIX_PATH=/workspace/jazzy_ws/install CMAKE_PREFIX_PATH=/workspace/jazzy_ws/install LD_LIBRARY_PATH=/workspace/jazzy_ws/install/lib:/workspace/jazzy_ws/install/opt/mimick_vendor/lib PATH=/workspace/jazzy_ws/install/bin:/workspace/jazzy_ws/install/opt/uncrustify_vendor/bin:${PATH} PKG_CONFIG_PATH=/workspace/jazzy_ws/install/lib/x86_64-linux-gnu/pkgconfig:/workspace/jazzy_ws/install/lib/pkgconfig PYTHONPATH=/workspace/jazzy_ws/install/lib/python3.12/site-packages /usr/bin/cmake /workspace/jazzy_ws/src/geometry2/tf2_msgs -DCMAKE_INSTALL_PREFIX=/workspace/jazzy_ws/install
[0.129s] -- The C compiler identification is GNU 13.3.0
[0.164s] -- The CXX compiler identification is GNU 13.3.0
[0.173s] -- Detecting C compiler ABI info
[0.229s] -- Detecting C compiler ABI info - done
[0.229s] -- Check for working C compiler: /usr/bin/cc - skipped
[0.229s] -- Detecting C compile features
[0.230s] -- Detecting C compile features - done
[0.233s] -- Detecting CXX compiler ABI info
[0.289s] -- Detecting CXX compiler ABI info - done
[0.295s] -- Check for working CXX compiler: /usr/bin/c++ - skipped
[0.295s] -- Detecting CXX compile features
[0.295s] -- Detecting CXX compile features - done
[0.297s] -- Found ament_cmake: 2.5.5 (/workspace/jazzy_ws/install/share/ament_cmake/cmake)
[0.371s] -- Found Python3: /usr/bin/python3 (found version "3.12.3") found components: Interpreter 
[0.433s] -- Found rosidl_default_generators: 1.6.0 (/workspace/jazzy_ws/install/share/rosidl_default_generators/cmake)
[0.435s] -- Using all available rosidl_typesupport_c: rosidl_typesupport_fastrtps_c;rosidl_typesupport_introspection_c
[0.460s] -- Using all available rosidl_typesupport_cpp: rosidl_typesupport_fastrtps_cpp;rosidl_typesupport_introspection_cpp
[0.481s] -- Found rosidl_adapter: 4.6.7 (/workspace/jazzy_ws/install/share/rosidl_adapter/cmake)
[0.483s] -- Found builtin_interfaces: 2.0.3 (/workspace/jazzy_ws/install/share/builtin_interfaces/cmake)
[0.492s] -- Found geometry_msgs: 5.3.6 (/workspace/jazzy_ws/install/share/geometry_msgs/cmake)
[0.915s] -- Found ament_cmake_cppcheck: 0.17.4 (/workspace/jazzy_ws/install/share/ament_cmake_cppcheck/cmake)
[0.916s] -- Found ament_cmake_cpplint: 0.17.4 (/workspace/jazzy_ws/install/share/ament_cmake_cpplint/cmake)
[0.917s] -- Found ament_cmake_uncrustify: 0.17.4 (/workspace/jazzy_ws/install/share/ament_cmake_uncrustify/cmake)
[0.918s] -- Found ament_cmake_ros: 0.12.0 (/workspace/jazzy_ws/install/share/ament_cmake_ros/cmake)
[1.218s] -- Using all available rosidl_typesupport_c: rosidl_typesupport_fastrtps_c;rosidl_typesupport_introspection_c
[1.610s] -- Using all available rosidl_typesupport_cpp: rosidl_typesupport_fastrtps_cpp;rosidl_typesupport_introspection_cpp
[1.612s] -- Found python_cmake_module: 0.11.1 (/workspace/jazzy_ws/install/share/python_cmake_module/cmake)
[1.695s] -- Found PythonExtra: /usr/bin/python3  
[2.375s] -- Found Python3: /usr/bin/python3 (found version "3.12.3") found components: Interpreter Development NumPy Development.Module Development.Embed 
[2.420s] -- Found ament_cmake_flake8: 0.17.4 (/workspace/jazzy_ws/install/share/ament_cmake_flake8/cmake)
[2.421s] -- Found ament_cmake_pep257: 0.17.4 (/workspace/jazzy_ws/install/share/ament_cmake_pep257/cmake)
[2.427s] -- Configuring done (2.3s)
[2.465s] -- Generating done (0.0s)
[2.475s] -- Build files have been written to: /workspace/jazzy_ws/build/tf2_msgs
[2.483s] Invoked command in '/workspace/jazzy_ws/build/tf2_msgs' returned '0': AMENT_PREFIX_PATH=/workspace/jazzy_ws/install CMAKE_PREFIX_PATH=/workspace/jazzy_ws/install LD_LIBRARY_PATH=/workspace/jazzy_ws/install/lib:/workspace/jazzy_ws/install/opt/mimick_vendor/lib PATH=/workspace/jazzy_ws/install/bin:/workspace/jazzy_ws/install/opt/uncrustify_vendor/bin:${PATH} PKG_CONFIG_PATH=/workspace/jazzy_ws/install/lib/x86_64-linux-gnu/pkgconfig:/workspace/jazzy_ws/install/lib/pkgconfig PYTHONPATH=/workspace/jazzy_ws/install/lib/python3.12/site-packages /usr/bin/cmake /workspace/jazzy_ws/src/geometry2/tf2_msgs -DCMAKE_INSTALL_PREFIX=/workspace/jazzy_ws/install
[2.484s] Invoking command in '/workspace/jazzy_ws/build/tf2_msgs': AMENT_PREFIX_PATH=/workspace/jazzy_ws/install CMAKE_PREFIX_PATH=/workspace/jazzy_ws/install LD_LIBRARY_PATH=/workspace/jazzy_ws/install/lib:/workspace/jazzy_ws/install/opt/mimick_vendor/lib PATH=/workspace/jazzy_ws/install/bin:/workspace/jazzy_ws/install/opt/uncrustify_vendor/bin:${PATH} PKG_CONFIG_PATH=/workspace/jazzy_ws/install/lib/x86_64-linux-gnu/pkgconfig:/workspace/jazzy_ws/install/lib/pkgconfig PYTHONPATH=/workspace/jazzy_ws/install/lib/python3.12/site-packages /usr/bin/cmake --build /workspace/jazzy_ws/build/tf2_msgs -- -j24 -l24
[2.520s] [  1%] Generating type hashes for ROS interfaces
[2.525s] [  1%] Built target ament_cmake_python_copy_tf2_msgs
[2.664s] running egg_info
[2.671s] creating tf2_msgs.egg-info
[2.671s] writing tf2_msgs.egg-info/PKG-INFO
[2.671s] writing dependency_links to tf2_msgs.egg-info/dependency_links.txt
[2.671s] writing top-level names to tf2_msgs.egg-info/top_level.txt
[2.671s] writing manifest file 'tf2_msgs.egg-info/SOURCES.txt'
[2.694s] reading manifest file 'tf2_msgs.egg-info/SOURCES.txt'
[2.694s] writing manifest file 'tf2_msgs.egg-info/SOURCES.txt'
[2.717s] [  1%] Built target ament_cmake_python_build_tf2_msgs_egg
[2.734s] [  1%] Built target tf2_msgs__rosidl_generator_type_description
[2.742s] [  3%] Generating C code for ROS interfaces
[2.751s] [  4%] Generating C++ code for ROS interfaces
[3.186s] [  4%] Built target tf2_msgs__cpp
[3.287s] [  6%] Building C object CMakeFiles/tf2_msgs__rosidl_generator_c.dir/rosidl_generator_c/tf2_msgs/msg/detail/tf2_error__description.c.o
[3.296s] [  7%] Building C object CMakeFiles/tf2_msgs__rosidl_generator_c.dir/rosidl_generator_c/tf2_msgs/action/detail/lookup_transform__description.c.o
[3.299s] [  9%] Building C object CMakeFiles/tf2_msgs__rosidl_generator_c.dir/rosidl_generator_c/tf2_msgs/srv/detail/frame_graph__type_support.c.o
[3.299s] [ 10%] Building C object CMakeFiles/tf2_msgs__rosidl_generator_c.dir/rosidl_generator_c/tf2_msgs/msg/detail/tf2_error__functions.c.o
[3.306s] [ 12%] Building C object CMakeFiles/tf2_msgs__rosidl_generator_c.dir/rosidl_generator_c/tf2_msgs/msg/detail/tf_message__functions.c.o
[3.306s] [ 14%] Building C object CMakeFiles/tf2_msgs__rosidl_generator_c.dir/rosidl_generator_c/tf2_msgs/action/detail/lookup_transform__functions.c.o
[3.306s] [ 15%] Building C object CMakeFiles/tf2_msgs__rosidl_generator_c.dir/rosidl_generator_c/tf2_msgs/msg/detail/tf_message__type_support.c.o
[3.306s] [ 17%] Building C object CMakeFiles/tf2_msgs__rosidl_generator_c.dir/rosidl_generator_c/tf2_msgs/srv/detail/frame_graph__description.c.o
[3.307s] [ 18%] Building C object CMakeFiles/tf2_msgs__rosidl_generator_c.dir/rosidl_generator_c/tf2_msgs/msg/detail/tf_message__description.c.o
[3.309s] [ 21%] Building C object CMakeFiles/tf2_msgs__rosidl_generator_c.dir/rosidl_generator_c/tf2_msgs/srv/detail/frame_graph__functions.c.o
[3.309s] [ 21%] Building C object CMakeFiles/tf2_msgs__rosidl_generator_c.dir/rosidl_generator_c/tf2_msgs/action/detail/lookup_transform__type_support.c.o
[3.315s] [ 23%] Building C object CMakeFiles/tf2_msgs__rosidl_generator_c.dir/rosidl_generator_c/tf2_msgs/msg/detail/tf2_error__type_support.c.o
[3.629s] [ 25%] Linking C shared library libtf2_msgs__rosidl_generator_c.so
[3.743s] [ 25%] Built target tf2_msgs__rosidl_generator_c
[3.764s] [ 26%] Generating C++ type support dispatch for ROS interfaces
[3.766s] [ 28%] Generating C type support dispatch for ROS interfaces
[3.766s] [ 29%] Generating C type support for eProsima Fast-RTPS
[3.776s] [ 31%] Generating C introspection for ROS interfaces
[3.776s] [ 32%] Generating C++ introspection for ROS interfaces
[3.776s] [ 34%] Generating C++ type support for eProsima Fast-RTPS
[4.902s] [ 35%] Building CXX object CMakeFiles/tf2_msgs__rosidl_typesupport_fastrtps_cpp.dir/rosidl_typesupport_fastrtps_cpp/tf2_msgs/msg/detail/dds_fastrtps/tf2_error__type_support.cpp.o
[4.903s] [ 37%] Building CXX object CMakeFiles/tf2_msgs__rosidl_typesupport_fastrtps_cpp.dir/rosidl_typesupport_fastrtps_cpp/tf2_msgs/msg/detail/dds_fastrtps/tf_message__type_support.cpp.o
[4.918s] [ 39%] Building CXX object CMakeFiles/tf2_msgs__rosidl_typesupport_fastrtps_cpp.dir/rosidl_typesupport_fastrtps_cpp/tf2_msgs/srv/detail/dds_fastrtps/frame_graph__type_support.cpp.o
[4.922s] [ 40%] Building CXX object CMakeFiles/tf2_msgs__rosidl_typesupport_fastrtps_cpp.dir/rosidl_typesupport_fastrtps_cpp/tf2_msgs/action/detail/dds_fastrtps/lookup_transform__type_support.cpp.o
[4.961s] [ 42%] Building CXX object CMakeFiles/tf2_msgs__rosidl_typesupport_c.dir/rosidl_typesupport_c/tf2_msgs/msg/tf2_error__type_support.cpp.o
[4.965s] [ 43%] Building CXX object CMakeFiles/tf2_msgs__rosidl_typesupport_c.dir/rosidl_typesupport_c/tf2_msgs/msg/tf_message__type_support.cpp.o
[4.967s] [ 45%] Building CXX object CMakeFiles/tf2_msgs__rosidl_typesupport_c.dir/rosidl_typesupport_c/tf2_msgs/srv/frame_graph__type_support.cpp.o
[4.980s] [ 46%] Building CXX object CMakeFiles/tf2_msgs__rosidl_typesupport_c.dir/rosidl_typesupport_c/tf2_msgs/action/lookup_transform__type_support.cpp.o
[5.032s] [ 50%] Building CXX object CMakeFiles/tf2_msgs__rosidl_typesupport_cpp.dir/rosidl_typesupport_cpp/tf2_msgs/action/lookup_transform__type_support.cpp.o
[5.033s] [ 48%] Building CXX object CMakeFiles/tf2_msgs__rosidl_typesupport_cpp.dir/rosidl_typesupport_cpp/tf2_msgs/msg/tf2_error__type_support.cpp.o
[5.033s] [ 51%] Building CXX object CMakeFiles/tf2_msgs__rosidl_typesupport_cpp.dir/rosidl_typesupport_cpp/tf2_msgs/srv/frame_graph__type_support.cpp.o
[5.043s] [ 53%] Building CXX object CMakeFiles/tf2_msgs__rosidl_typesupport_cpp.dir/rosidl_typesupport_cpp/tf2_msgs/msg/tf_message__type_support.cpp.o
[5.076s] [ 54%] Linking CXX shared library libtf2_msgs__rosidl_typesupport_c.so
[5.115s] [ 56%] Building C object CMakeFiles/tf2_msgs__rosidl_typesupport_introspection_c.dir/rosidl_typesupport_introspection_c/tf2_msgs/msg/detail/tf2_error__type_support.c.o
[5.119s] [ 60%] Building C object CMakeFiles/tf2_msgs__rosidl_typesupport_introspection_c.dir/rosidl_typesupport_introspection_c/tf2_msgs/msg/detail/tf_message__type_support.c.o
[5.119s] [ 57%] Building C object CMakeFiles/tf2_msgs__rosidl_typesupport_introspection_c.dir/rosidl_typesupport_introspection_c/tf2_msgs/srv/detail/frame_graph__type_support.c.o
[5.121s] [ 59%] Building C object CMakeFiles/tf2_msgs__rosidl_typesupport_introspection_c.dir/rosidl_typesupport_introspection_c/tf2_msgs/action/detail/lookup_transform__type_support.c.o
[5.140s] [ 60%] Built target tf2_msgs__rosidl_typesupport_c
[5.248s] [ 62%] Linking C shared library libtf2_msgs__rosidl_typesupport_introspection_c.so
[5.257s] [ 64%] Building CXX object CMakeFiles/tf2_msgs__rosidl_typesupport_introspection_cpp.dir/rosidl_typesupport_introspection_cpp/tf2_msgs/msg/detail/tf2_error__type_support.cpp.o
[5.263s] [ 65%] Building CXX object CMakeFiles/tf2_msgs__rosidl_typesupport_introspection_cpp.dir/rosidl_typesupport_introspection_cpp/tf2_msgs/msg/detail/tf_message__type_support.cpp.o
[5.266s] [ 68%] Building CXX object CMakeFiles/tf2_msgs__rosidl_typesupport_introspection_cpp.dir/rosidl_typesupport_introspection_cpp/tf2_msgs/srv/detail/frame_graph__type_support.cpp.o
[5.270s] [ 67%] Building CXX object CMakeFiles/tf2_msgs__rosidl_typesupport_introspection_cpp.dir/rosidl_typesupport_introspection_cpp/tf2_msgs/action/detail/lookup_transform__type_support.cpp.o
[5.298s] [ 68%] Built target tf2_msgs__rosidl_typesupport_introspection_c
[5.675s] [ 70%] Building CXX object CMakeFiles/tf2_msgs__rosidl_typesupport_fastrtps_c.dir/rosidl_typesupport_fastrtps_c/tf2_msgs/msg/detail/tf2_error__type_support_c.cpp.o
[5.676s] [ 71%] Building CXX object CMakeFiles/tf2_msgs__rosidl_typesupport_fastrtps_c.dir/rosidl_typesupport_fastrtps_c/tf2_msgs/msg/detail/tf_message__type_support_c.cpp.o
[5.677s] [ 73%] Building CXX object CMakeFiles/tf2_msgs__rosidl_typesupport_fastrtps_c.dir/rosidl_typesupport_fastrtps_c/tf2_msgs/action/detail/lookup_transform__type_support_c.cpp.o
[5.677s] [ 75%] Building CXX object CMakeFiles/tf2_msgs__rosidl_typesupport_fastrtps_c.dir/rosidl_typesupport_fastrtps_c/tf2_msgs/srv/detail/frame_graph__type_support_c.cpp.o
[5.751s] [ 76%] Linking CXX shared library libtf2_msgs__rosidl_typesupport_cpp.so
[5.911s] [ 76%] Built target tf2_msgs__rosidl_typesupport_cpp
[5.968s] [ 78%] Linking CXX shared library libtf2_msgs__rosidl_typesupport_fastrtps_cpp.so
[6.066s] [ 78%] Built target tf2_msgs__rosidl_typesupport_fastrtps_cpp
[6.167s] [ 79%] Linking CXX shared library libtf2_msgs__rosidl_typesupport_introspection_cpp.so
[6.505s] [ 79%] Built target tf2_msgs__rosidl_typesupport_introspection_cpp
[6.802s] [ 81%] Linking CXX shared library libtf2_msgs__rosidl_typesupport_fastrtps_c.so
[7.064s] [ 81%] Built target tf2_msgs__rosidl_typesupport_fastrtps_c
[7.116s] [ 81%] Built target tf2_msgs
[7.138s] [ 82%] Generating Python code for ROS interfaces
[8.239s] [ 82%] Built target tf2_msgs__py
[8.251s] [ 85%] Building C object CMakeFiles/tf2_msgs__rosidl_generator_py.dir/rosidl_generator_py/tf2_msgs/msg/_tf2_error_s.c.o
[8.251s] [ 89%] Building C object CMakeFiles/tf2_msgs__rosidl_generator_py.dir/rosidl_generator_py/tf2_msgs/msg/_tf_message_s.c.o
[8.251s] [ 89%] Building C object CMakeFiles/tf2_msgs__rosidl_generator_py.dir/rosidl_generator_py/tf2_msgs/srv/_frame_graph_s.c.o
[8.251s] [ 89%] Building C object CMakeFiles/tf2_msgs__rosidl_generator_py.dir/rosidl_generator_py/tf2_msgs/action/_lookup_transform_s.c.o
[8.377s] [ 90%] Linking C shared library libtf2_msgs__rosidl_generator_py.so
[8.410s] [ 90%] Built target tf2_msgs__rosidl_generator_py
[8.422s] [ 93%] Building C object CMakeFiles/tf2_msgs_s__rosidl_typesupport_fastrtps_c.dir/rosidl_generator_py/tf2_msgs/_tf2_msgs_s.ep.rosidl_typesupport_fastrtps_c.c.o
[8.422s] [ 93%] Building C object CMakeFiles/tf2_msgs_s__rosidl_typesupport_introspection_c.dir/rosidl_generator_py/tf2_msgs/_tf2_msgs_s.ep.rosidl_typesupport_introspection_c.c.o
[8.422s] [ 95%] Building C object CMakeFiles/tf2_msgs_s__rosidl_typesupport_c.dir/rosidl_generator_py/tf2_msgs/_tf2_msgs_s.ep.rosidl_typesupport_c.c.o
[8.505s] [ 96%] Linking C shared module rosidl_generator_py/tf2_msgs/tf2_msgs_s__rosidl_typesupport_introspection_c.so
[8.508s] [ 98%] Linking C shared module rosidl_generator_py/tf2_msgs/tf2_msgs_s__rosidl_typesupport_c.so
[8.510s] [100%] Linking C shared module rosidl_generator_py/tf2_msgs/tf2_msgs_s__rosidl_typesupport_fastrtps_c.so
[8.526s] [100%] Built target tf2_msgs_s__rosidl_typesupport_introspection_c
[8.526s] [100%] Built target tf2_msgs_s__rosidl_typesupport_c
[8.529s] [100%] Built target tf2_msgs_s__rosidl_typesupport_fastrtps_c
[8.535s] Invoked command in '/workspace/jazzy_ws/build/tf2_msgs' returned '0': AMENT_PREFIX_PATH=/workspace/jazzy_ws/install CMAKE_PREFIX_PATH=/workspace/jazzy_ws/install LD_LIBRARY_PATH=/workspace/jazzy_ws/install/lib:/workspace/jazzy_ws/install/opt/mimick_vendor/lib PATH=/workspace/jazzy_ws/install/bin:/workspace/jazzy_ws/install/opt/uncrustify_vendor/bin:${PATH} PKG_CONFIG_PATH=/workspace/jazzy_ws/install/lib/x86_64-linux-gnu/pkgconfig:/workspace/jazzy_ws/install/lib/pkgconfig PYTHONPATH=/workspace/jazzy_ws/install/lib/python3.12/site-packages /usr/bin/cmake --build /workspace/jazzy_ws/build/tf2_msgs -- -j24 -l24
[8.536s] Invoking command in '/workspace/jazzy_ws/build/tf2_msgs': AMENT_PREFIX_PATH=/workspace/jazzy_ws/install CMAKE_PREFIX_PATH=/workspace/jazzy_ws/install LD_LIBRARY_PATH=/workspace/jazzy_ws/install/lib:/workspace/jazzy_ws/install/opt/mimick_vendor/lib PATH=/workspace/jazzy_ws/install/bin:/workspace/jazzy_ws/install/opt/uncrustify_vendor/bin:${PATH} PKG_CONFIG_PATH=/workspace/jazzy_ws/install/lib/x86_64-linux-gnu/pkgconfig:/workspace/jazzy_ws/install/lib/pkgconfig PYTHONPATH=/workspace/jazzy_ws/install/lib/python3.12/site-packages /usr/bin/cmake --install /workspace/jazzy_ws/build/tf2_msgs
[8.541s] -- Install configuration: ""
[8.541s] -- Installing: /workspace/jazzy_ws/install/share/ament_index/resource_index/rosidl_interfaces/tf2_msgs
[8.541s] -- Installing: /workspace/jazzy_ws/install/share/tf2_msgs/msg/TF2Error.json
[8.541s] -- Installing: /workspace/jazzy_ws/install/share/tf2_msgs/msg/TFMessage.json
[8.541s] -- Installing: /workspace/jazzy_ws/install/share/tf2_msgs/srv/FrameGraph.json
[8.541s] -- Installing: /workspace/jazzy_ws/install/share/tf2_msgs/action/LookupTransform.json
[8.541s] -- Installing: /workspace/jazzy_ws/install/include/tf2_msgs/tf2_msgs
[8.541s] -- Installing: /workspace/jazzy_ws/install/include/tf2_msgs/tf2_msgs/msg
[8.541s] -- Installing: /workspace/jazzy_ws/install/include/tf2_msgs/tf2_msgs/msg/detail
[8.541s] -- Installing: /workspace/jazzy_ws/install/include/tf2_msgs/tf2_msgs/msg/detail/tf_message__functions.h
[8.541s] -- Installing: /workspace/jazzy_ws/install/include/tf2_msgs/tf2_msgs/msg/detail/tf2_error__type_support.c
[8.541s] -- Installing: /workspace/jazzy_ws/install/include/tf2_msgs/tf2_msgs/msg/detail/tf_message__type_support.h
[8.541s] -- Installing: /workspace/jazzy_ws/install/include/tf2_msgs/tf2_msgs/msg/detail/tf2_error__struct.h
[8.542s] -- Installing: /workspace/jazzy_ws/install/include/tf2_msgs/tf2_msgs/msg/detail/tf2_error__functions.h
[8.542s] -- Installing: /workspace/jazzy_ws/install/include/tf2_msgs/tf2_msgs/msg/detail/tf_message__struct.h
[8.542s] -- Installing: /workspace/jazzy_ws/install/include/tf2_msgs/tf2_msgs/msg/detail/tf_message__description.c
[8.542s] -- Installing: /workspace/jazzy_ws/install/include/tf2_msgs/tf2_msgs/msg/detail/tf2_error__functions.c
[8.542s] -- Installing: /workspace/jazzy_ws/install/include/tf2_msgs/tf2_msgs/msg/detail/tf2_error__description.c
[8.542s] -- Installing: /workspace/jazzy_ws/install/include/tf2_msgs/tf2_msgs/msg/detail/tf_message__type_support.c
[8.542s] -- Installing: /workspace/jazzy_ws/install/include/tf2_msgs/tf2_msgs/msg/detail/tf_message__functions.c
[8.542s] -- Installing: /workspace/jazzy_ws/install/include/tf2_msgs/tf2_msgs/msg/detail/tf2_error__type_support.h
[8.542s] -- Installing: /workspace/jazzy_ws/install/include/tf2_msgs/tf2_msgs/msg/tf_message.h
[8.542s] -- Installing: /workspace/jazzy_ws/install/include/tf2_msgs/tf2_msgs/msg/tf2_error.h
[8.542s] -- Installing: /workspace/jazzy_ws/install/include/tf2_msgs/tf2_msgs/msg/rosidl_generator_c__visibility_control.h
[8.542s] -- Installing: /workspace/jazzy_ws/install/include/tf2_msgs/tf2_msgs/srv
[8.542s] -- Installing: /workspace/jazzy_ws/install/include/tf2_msgs/tf2_msgs/srv/detail
[8.542s] -- Installing: /workspace/jazzy_ws/install/include/tf2_msgs/tf2_msgs/srv/detail/frame_graph__struct.h
[8.543s] -- Installing: /workspace/jazzy_ws/install/include/tf2_msgs/tf2_msgs/srv/detail/frame_graph__functions.h
[8.543s] -- Installing: /workspace/jazzy_ws/install/include/tf2_msgs/tf2_msgs/srv/detail/frame_graph__type_support.c
[8.543s] -- Installing: /workspace/jazzy_ws/install/include/tf2_msgs/tf2_msgs/srv/detail/frame_graph__type_support.h
[8.543s] -- Installing: /workspace/jazzy_ws/install/include/tf2_msgs/tf2_msgs/srv/detail/frame_graph__description.c
[8.543s] -- Installing: /workspace/jazzy_ws/install/include/tf2_msgs/tf2_msgs/srv/detail/frame_graph__functions.c
[8.543s] -- Installing: /workspace/jazzy_ws/install/include/tf2_msgs/tf2_msgs/srv/frame_graph.h
[8.543s] -- Installing: /workspace/jazzy_ws/install/include/tf2_msgs/tf2_msgs/action
[8.543s] -- Installing: /workspace/jazzy_ws/install/include/tf2_msgs/tf2_msgs/action/detail
[8.543s] -- Installing: /workspace/jazzy_ws/install/include/tf2_msgs/tf2_msgs/action/detail/lookup_transform__functions.c
[8.543s] -- Installing: /workspace/jazzy_ws/install/include/tf2_msgs/tf2_msgs/action/detail/lookup_transform__description.c
[8.543s] -- Installing: /workspace/jazzy_ws/install/include/tf2_msgs/tf2_msgs/action/detail/lookup_transform__type_support.h
[8.543s] -- Installing: /workspace/jazzy_ws/install/include/tf2_msgs/tf2_msgs/action/detail/lookup_transform__struct.h
[8.543s] -- Installing: /workspace/jazzy_ws/install/include/tf2_msgs/tf2_msgs/action/detail/lookup_transform__functions.h
[8.544s] -- Installing: /workspace/jazzy_ws/install/include/tf2_msgs/tf2_msgs/action/detail/lookup_transform__type_support.c
[8.544s] -- Installing: /workspace/jazzy_ws/install/include/tf2_msgs/tf2_msgs/action/lookup_transform.h
[8.544s] -- Installing: /workspace/jazzy_ws/install/share/tf2_msgs/environment/library_path.sh
[8.544s] -- Installing: /workspace/jazzy_ws/install/share/tf2_msgs/environment/library_path.dsv
[8.544s] -- Installing: /workspace/jazzy_ws/install/lib/libtf2_msgs__rosidl_generator_c.so
[8.544s] -- Set non-toolchain portion of runtime path of "/workspace/jazzy_ws/install/lib/libtf2_msgs__rosidl_generator_c.so" to ""
[8.544s] -- Up-to-date: /workspace/jazzy_ws/install/include/tf2_msgs/tf2_msgs
[8.544s] -- Up-to-date: /workspace/jazzy_ws/install/include/tf2_msgs/tf2_msgs/msg
[8.544s] -- Up-to-date: /workspace/jazzy_ws/install/include/tf2_msgs/tf2_msgs/msg/detail
[8.544s] -- Installing: /workspace/jazzy_ws/install/include/tf2_msgs/tf2_msgs/msg/detail/tf2_error__rosidl_typesupport_fastrtps_c.h
[8.545s] -- Installing: /workspace/jazzy_ws/install/include/tf2_msgs/tf2_msgs/msg/detail/tf_message__rosidl_typesupport_fastrtps_c.h
[8.545s] -- Installing: /workspace/jazzy_ws/install/include/tf2_msgs/tf2_msgs/msg/rosidl_typesupport_fastrtps_c__visibility_control.h
[8.545s] -- Up-to-date: /workspace/jazzy_ws/install/include/tf2_msgs/tf2_msgs/srv
[8.545s] -- Up-to-date: /workspace/jazzy_ws/install/include/tf2_msgs/tf2_msgs/srv/detail
[8.545s] -- Installing: /workspace/jazzy_ws/install/include/tf2_msgs/tf2_msgs/srv/detail/frame_graph__rosidl_typesupport_fastrtps_c.h
[8.545s] -- Up-to-date: /workspace/jazzy_ws/install/include/tf2_msgs/tf2_msgs/action
[8.545s] -- Up-to-date: /workspace/jazzy_ws/install/include/tf2_msgs/tf2_msgs/action/detail
[8.545s] -- Installing: /workspace/jazzy_ws/install/include/tf2_msgs/tf2_msgs/action/detail/lookup_transform__rosidl_typesupport_fastrtps_c.h
[8.545s] -- Installing: /workspace/jazzy_ws/install/lib/libtf2_msgs__rosidl_typesupport_fastrtps_c.so
[8.545s] -- Set non-toolchain portion of runtime path of "/workspace/jazzy_ws/install/lib/libtf2_msgs__rosidl_typesupport_fastrtps_c.so" to ""
[8.545s] -- Up-to-date: /workspace/jazzy_ws/install/include/tf2_msgs/tf2_msgs
[8.545s] -- Up-to-date: /workspace/jazzy_ws/install/include/tf2_msgs/tf2_msgs/msg
[8.545s] -- Up-to-date: /workspace/jazzy_ws/install/include/tf2_msgs/tf2_msgs/msg/detail
[8.545s] -- Installing: /workspace/jazzy_ws/install/include/tf2_msgs/tf2_msgs/msg/detail/tf2_error__type_support.c
[8.545s] -- Installing: /workspace/jazzy_ws/install/include/tf2_msgs/tf2_msgs/msg/detail/tf_message__type_support.c
[8.545s] -- Installing: /workspace/jazzy_ws/install/include/tf2_msgs/tf2_msgs/msg/detail/tf_message__rosidl_typesupport_introspection_c.h
[8.545s] -- Installing: /workspace/jazzy_ws/install/include/tf2_msgs/tf2_msgs/msg/detail/tf2_error__rosidl_typesupport_introspection_c.h
[8.546s] -- Installing: /workspace/jazzy_ws/install/include/tf2_msgs/tf2_msgs/msg/rosidl_typesupport_introspection_c__visibility_control.h
[8.546s] -- Up-to-date: /workspace/jazzy_ws/install/include/tf2_msgs/tf2_msgs/srv
[8.546s] -- Up-to-date: /workspace/jazzy_ws/install/include/tf2_msgs/tf2_msgs/srv/detail
[8.546s] -- Installing: /workspace/jazzy_ws/install/include/tf2_msgs/tf2_msgs/srv/detail/frame_graph__rosidl_typesupport_introspection_c.h
[8.546s] -- Installing: /workspace/jazzy_ws/install/include/tf2_msgs/tf2_msgs/srv/detail/frame_graph__type_support.c
[8.546s] -- Up-to-date: /workspace/jazzy_ws/install/include/tf2_msgs/tf2_msgs/action
[8.546s] -- Up-to-date: /workspace/jazzy_ws/install/include/tf2_msgs/tf2_msgs/action/detail
[8.546s] -- Installing: /workspace/jazzy_ws/install/include/tf2_msgs/tf2_msgs/action/detail/lookup_transform__rosidl_typesupport_introspection_c.h
[8.546s] -- Installing: /workspace/jazzy_ws/install/include/tf2_msgs/tf2_msgs/action/detail/lookup_transform__type_support.c
[8.546s] -- Installing: /workspace/jazzy_ws/install/lib/libtf2_msgs__rosidl_typesupport_introspection_c.so
[8.546s] -- Set non-toolchain portion of runtime path of "/workspace/jazzy_ws/install/lib/libtf2_msgs__rosidl_typesupport_introspection_c.so" to ""
[8.546s] -- Installing: /workspace/jazzy_ws/install/lib/libtf2_msgs__rosidl_typesupport_c.so
[8.547s] -- Set non-toolchain portion of runtime path of "/workspace/jazzy_ws/install/lib/libtf2_msgs__rosidl_typesupport_c.so" to ""
[8.547s] -- Up-to-date: /workspace/jazzy_ws/install/include/tf2_msgs/tf2_msgs
[8.547s] -- Up-to-date: /workspace/jazzy_ws/install/include/tf2_msgs/tf2_msgs/msg
[8.547s] -- Up-to-date: /workspace/jazzy_ws/install/include/tf2_msgs/tf2_msgs/msg/detail
[8.547s] -- Installing: /workspace/jazzy_ws/install/include/tf2_msgs/tf2_msgs/msg/detail/tf2_error__traits.hpp
[8.547s] -- Installing: /workspace/jazzy_ws/install/include/tf2_msgs/tf2_msgs/msg/detail/tf2_error__builder.hpp
[8.547s] -- Installing: /workspace/jazzy_ws/install/include/tf2_msgs/tf2_msgs/msg/detail/tf_message__struct.hpp
[8.547s] -- Installing: /workspace/jazzy_ws/install/include/tf2_msgs/tf2_msgs/msg/detail/tf2_error__struct.hpp
[8.547s] -- Installing: /workspace/jazzy_ws/install/include/tf2_msgs/tf2_msgs/msg/detail/tf_message__traits.hpp
[8.547s] -- Installing: /workspace/jazzy_ws/install/include/tf2_msgs/tf2_msgs/msg/detail/tf_message__builder.hpp
[8.547s] -- Installing: /workspace/jazzy_ws/install/include/tf2_msgs/tf2_msgs/msg/detail/tf_message__type_support.hpp
[8.547s] -- Installing: /workspace/jazzy_ws/install/include/tf2_msgs/tf2_msgs/msg/detail/tf2_error__type_support.hpp
[8.547s] -- Installing: /workspace/jazzy_ws/install/include/tf2_msgs/tf2_msgs/msg/tf2_error.hpp
[8.547s] -- Installing: /workspace/jazzy_ws/install/include/tf2_msgs/tf2_msgs/msg/rosidl_generator_cpp__visibility_control.hpp
[8.547s] -- Installing: /workspace/jazzy_ws/install/include/tf2_msgs/tf2_msgs/msg/tf_message.hpp
[8.547s] -- Up-to-date: /workspace/jazzy_ws/install/include/tf2_msgs/tf2_msgs/srv
[8.548s] -- Up-to-date: /workspace/jazzy_ws/install/include/tf2_msgs/tf2_msgs/srv/detail
[8.548s] -- Installing: /workspace/jazzy_ws/install/include/tf2_msgs/tf2_msgs/srv/detail/frame_graph__traits.hpp
[8.548s] -- Installing: /workspace/jazzy_ws/install/include/tf2_msgs/tf2_msgs/srv/detail/frame_graph__struct.hpp
[8.548s] -- Installing: /workspace/jazzy_ws/install/include/tf2_msgs/tf2_msgs/srv/detail/frame_graph__type_support.hpp
[8.548s] -- Installing: /workspace/jazzy_ws/install/include/tf2_msgs/tf2_msgs/srv/detail/frame_graph__builder.hpp
[8.548s] -- Installing: /workspace/jazzy_ws/install/include/tf2_msgs/tf2_msgs/srv/frame_graph.hpp
[8.548s] -- Up-to-date: /workspace/jazzy_ws/install/include/tf2_msgs/tf2_msgs/action
[8.548s] -- Up-to-date: /workspace/jazzy_ws/install/include/tf2_msgs/tf2_msgs/action/detail
[8.548s] -- Installing: /workspace/jazzy_ws/install/include/tf2_msgs/tf2_msgs/action/detail/lookup_transform__type_support.hpp
[8.548s] -- Installing: /workspace/jazzy_ws/install/include/tf2_msgs/tf2_msgs/action/detail/lookup_transform__struct.hpp
[8.548s] -- Installing: /workspace/jazzy_ws/install/include/tf2_msgs/tf2_msgs/action/detail/lookup_transform__builder.hpp
[8.548s] -- Installing: /workspace/jazzy_ws/install/include/tf2_msgs/tf2_msgs/action/detail/lookup_transform__traits.hpp
[8.548s] -- Installing: /workspace/jazzy_ws/install/include/tf2_msgs/tf2_msgs/action/lookup_transform.hpp
[8.548s] -- Up-to-date: /workspace/jazzy_ws/install/include/tf2_msgs/tf2_msgs
[8.548s] -- Up-to-date: /workspace/jazzy_ws/install/include/tf2_msgs/tf2_msgs/msg
[8.548s] -- Up-to-date: /workspace/jazzy_ws/install/include/tf2_msgs/tf2_msgs/msg/detail
[8.549s] -- Installing: /workspace/jazzy_ws/install/include/tf2_msgs/tf2_msgs/msg/detail/tf2_error__rosidl_typesupport_fastrtps_cpp.hpp
[8.549s] -- Installing: /workspace/jazzy_ws/install/include/tf2_msgs/tf2_msgs/msg/detail/dds_fastrtps
[8.549s] -- Installing: /workspace/jazzy_ws/install/include/tf2_msgs/tf2_msgs/msg/detail/tf_message__rosidl_typesupport_fastrtps_cpp.hpp
[8.549s] -- Installing: /workspace/jazzy_ws/install/include/tf2_msgs/tf2_msgs/msg/rosidl_typesupport_fastrtps_cpp__visibility_control.h
[8.549s] -- Up-to-date: /workspace/jazzy_ws/install/include/tf2_msgs/tf2_msgs/srv
[8.549s] -- Up-to-date: /workspace/jazzy_ws/install/include/tf2_msgs/tf2_msgs/srv/detail
[8.549s] -- Installing: /workspace/jazzy_ws/install/include/tf2_msgs/tf2_msgs/srv/detail/frame_graph__rosidl_typesupport_fastrtps_cpp.hpp
[8.549s] -- Installing: /workspace/jazzy_ws/install/include/tf2_msgs/tf2_msgs/srv/detail/dds_fastrtps
[8.549s] -- Up-to-date: /workspace/jazzy_ws/install/include/tf2_msgs/tf2_msgs/action
[8.549s] -- Up-to-date: /workspace/jazzy_ws/install/include/tf2_msgs/tf2_msgs/action/detail
[8.549s] -- Installing: /workspace/jazzy_ws/install/include/tf2_msgs/tf2_msgs/action/detail/lookup_transform__rosidl_typesupport_fastrtps_cpp.hpp
[8.549s] -- Installing: /workspace/jazzy_ws/install/include/tf2_msgs/tf2_msgs/action/detail/dds_fastrtps
[8.549s] -- Installing: /workspace/jazzy_ws/install/lib/libtf2_msgs__rosidl_typesupport_fastrtps_cpp.so
[8.550s] -- Set non-toolchain portion of runtime path of "/workspace/jazzy_ws/install/lib/libtf2_msgs__rosidl_typesupport_fastrtps_cpp.so" to ""
[8.550s] -- Up-to-date: /workspace/jazzy_ws/install/include/tf2_msgs/tf2_msgs
[8.550s] -- Up-to-date: /workspace/jazzy_ws/install/include/tf2_msgs/tf2_msgs/msg
[8.550s] -- Up-to-date: /workspace/jazzy_ws/install/include/tf2_msgs/tf2_msgs/msg/detail
[8.550s] -- Installing: /workspace/jazzy_ws/install/include/tf2_msgs/tf2_msgs/msg/detail/tf2_error__type_support.cpp
[8.550s] -- Installing: /workspace/jazzy_ws/install/include/tf2_msgs/tf2_msgs/msg/detail/tf2_error__rosidl_typesupport_introspection_cpp.hpp
[8.550s] -- Installing: /workspace/jazzy_ws/install/include/tf2_msgs/tf2_msgs/msg/detail/tf_message__type_support.cpp
[8.550s] -- Installing: /workspace/jazzy_ws/install/include/tf2_msgs/tf2_msgs/msg/detail/tf_message__rosidl_typesupport_introspection_cpp.hpp
[8.550s] -- Up-to-date: /workspace/jazzy_ws/install/include/tf2_msgs/tf2_msgs/srv
[8.550s] -- Up-to-date: /workspace/jazzy_ws/install/include/tf2_msgs/tf2_msgs/srv/detail
[8.550s] -- Installing: /workspace/jazzy_ws/install/include/tf2_msgs/tf2_msgs/srv/detail/frame_graph__type_support.cpp
[8.550s] -- Installing: /workspace/jazzy_ws/install/include/tf2_msgs/tf2_msgs/srv/detail/frame_graph__rosidl_typesupport_introspection_cpp.hpp
[8.550s] -- Up-to-date: /workspace/jazzy_ws/install/include/tf2_msgs/tf2_msgs/action
[8.550s] -- Up-to-date: /workspace/jazzy_ws/install/include/tf2_msgs/tf2_msgs/action/detail
[8.550s] -- Installing: /workspace/jazzy_ws/install/include/tf2_msgs/tf2_msgs/action/detail/lookup_transform__type_support.cpp
[8.550s] -- Installing: /workspace/jazzy_ws/install/include/tf2_msgs/tf2_msgs/action/detail/lookup_transform__rosidl_typesupport_introspection_cpp.hpp
[8.550s] -- Installing: /workspace/jazzy_ws/install/lib/libtf2_msgs__rosidl_typesupport_introspection_cpp.so
[8.551s] -- Set non-toolchain portion of runtime path of "/workspace/jazzy_ws/install/lib/libtf2_msgs__rosidl_typesupport_introspection_cpp.so" to ""
[8.551s] -- Installing: /workspace/jazzy_ws/install/lib/libtf2_msgs__rosidl_typesupport_cpp.so
[8.551s] -- Set non-toolchain portion of runtime path of "/workspace/jazzy_ws/install/lib/libtf2_msgs__rosidl_typesupport_cpp.so" to ""
[8.551s] -- Installing: /workspace/jazzy_ws/install/share/tf2_msgs/environment/pythonpath.sh
[8.551s] -- Installing: /workspace/jazzy_ws/install/share/tf2_msgs/environment/pythonpath.dsv
[8.551s] -- Installing: /workspace/jazzy_ws/install/lib/python3.12/site-packages/tf2_msgs-0.36.19-py3.12.egg-info
[8.551s] -- Installing: /workspace/jazzy_ws/install/lib/python3.12/site-packages/tf2_msgs-0.36.19-py3.12.egg-info/PKG-INFO
[8.551s] -- Installing: /workspace/jazzy_ws/install/lib/python3.12/site-packages/tf2_msgs-0.36.19-py3.12.egg-info/SOURCES.txt
[8.551s] -- Installing: /workspace/jazzy_ws/install/lib/python3.12/site-packages/tf2_msgs-0.36.19-py3.12.egg-info/top_level.txt
[8.552s] -- Installing: /workspace/jazzy_ws/install/lib/python3.12/site-packages/tf2_msgs-0.36.19-py3.12.egg-info/dependency_links.txt
[8.552s] -- Installing: /workspace/jazzy_ws/install/lib/python3.12/site-packages/tf2_msgs
[8.552s] -- Installing: /workspace/jazzy_ws/install/lib/python3.12/site-packages/tf2_msgs/_tf2_msgs_s.ep.rosidl_typesupport_introspection_c.c
[8.552s] -- Installing: /workspace/jazzy_ws/install/lib/python3.12/site-packages/tf2_msgs/tf2_msgs_s__rosidl_typesupport_introspection_c.so
[8.552s] -- Installing: /workspace/jazzy_ws/install/lib/python3.12/site-packages/tf2_msgs/_tf2_msgs_s.ep.rosidl_typesupport_fastrtps_c.c
[8.552s] -- Installing: /workspace/jazzy_ws/install/lib/python3.12/site-packages/tf2_msgs/msg
[8.552s] -- Installing: /workspace/jazzy_ws/install/lib/python3.12/site-packages/tf2_msgs/msg/_tf2_error_s.c
[8.552s] -- Installing: /workspace/jazzy_ws/install/lib/python3.12/site-packages/tf2_msgs/msg/__init__.py
[8.552s] -- Installing: /workspace/jazzy_ws/install/lib/python3.12/site-packages/tf2_msgs/msg/_tf_message.py
[8.552s] -- Installing: /workspace/jazzy_ws/install/lib/python3.12/site-packages/tf2_msgs/msg/_tf_message_s.c
[8.552s] -- Installing: /workspace/jazzy_ws/install/lib/python3.12/site-packages/tf2_msgs/msg/_tf2_error.py
[8.552s] -- Installing: /workspace/jazzy_ws/install/lib/python3.12/site-packages/tf2_msgs/__init__.py
[8.552s] -- Installing: /workspace/jazzy_ws/install/lib/python3.12/site-packages/tf2_msgs/tf2_msgs_s__rosidl_typesupport_fastrtps_c.so
[8.553s] -- Installing: /workspace/jazzy_ws/install/lib/python3.12/site-packages/tf2_msgs/srv
[8.553s] -- Installing: /workspace/jazzy_ws/install/lib/python3.12/site-packages/tf2_msgs/srv/_frame_graph_s.c
[8.553s] -- Installing: /workspace/jazzy_ws/install/lib/python3.12/site-packages/tf2_msgs/srv/__init__.py
[8.553s] -- Installing: /workspace/jazzy_ws/install/lib/python3.12/site-packages/tf2_msgs/srv/_frame_graph.py
[8.553s] -- Installing: /workspace/jazzy_ws/install/lib/python3.12/site-packages/tf2_msgs/_tf2_msgs_s.ep.rosidl_typesupport_c.c
[8.553s] -- Installing: /workspace/jazzy_ws/install/lib/python3.12/site-packages/tf2_msgs/action
[8.553s] -- Installing: /workspace/jazzy_ws/install/lib/python3.12/site-packages/tf2_msgs/action/_lookup_transform.py
[8.553s] -- Installing: /workspace/jazzy_ws/install/lib/python3.12/site-packages/tf2_msgs/action/__init__.py
[8.553s] -- Installing: /workspace/jazzy_ws/install/lib/python3.12/site-packages/tf2_msgs/action/_lookup_transform_s.c
[8.553s] -- Installing: /workspace/jazzy_ws/install/lib/python3.12/site-packages/tf2_msgs/tf2_msgs_s__rosidl_typesupport_c.so
[8.590s] Listing '/workspace/jazzy_ws/install/lib/python3.12/site-packages/tf2_msgs'...
[8.590s] Compiling '/workspace/jazzy_ws/install/lib/python3.12/site-packages/tf2_msgs/__init__.py'...
[8.590s] Listing '/workspace/jazzy_ws/install/lib/python3.12/site-packages/tf2_msgs/action'...
[8.590s] Compiling '/workspace/jazzy_ws/install/lib/python3.12/site-packages/tf2_msgs/action/__init__.py'...
[8.590s] Compiling '/workspace/jazzy_ws/install/lib/python3.12/site-packages/tf2_msgs/action/_lookup_transform.py'...
[8.590s] Listing '/workspace/jazzy_ws/install/lib/python3.12/site-packages/tf2_msgs/msg'...
[8.590s] Compiling '/workspace/jazzy_ws/install/lib/python3.12/site-packages/tf2_msgs/msg/__init__.py'...
[8.590s] Compiling '/workspace/jazzy_ws/install/lib/python3.12/site-packages/tf2_msgs/msg/_tf2_error.py'...
[8.590s] Compiling '/workspace/jazzy_ws/install/lib/python3.12/site-packages/tf2_msgs/msg/_tf_message.py'...
[8.590s] Listing '/workspace/jazzy_ws/install/lib/python3.12/site-packages/tf2_msgs/srv'...
[8.590s] Compiling '/workspace/jazzy_ws/install/lib/python3.12/site-packages/tf2_msgs/srv/__init__.py'...
[8.590s] Compiling '/workspace/jazzy_ws/install/lib/python3.12/site-packages/tf2_msgs/srv/_frame_graph.py'...
[8.594s] -- Installing: /workspace/jazzy_ws/install/lib/python3.12/site-packages/tf2_msgs/tf2_msgs_s__rosidl_typesupport_fastrtps_c.so
[8.594s] -- Set non-toolchain portion of runtime path of "/workspace/jazzy_ws/install/lib/python3.12/site-packages/tf2_msgs/tf2_msgs_s__rosidl_typesupport_fastrtps_c.so" to ""
[8.594s] -- Installing: /workspace/jazzy_ws/install/lib/python3.12/site-packages/tf2_msgs/tf2_msgs_s__rosidl_typesupport_introspection_c.so
[8.594s] -- Set non-toolchain portion of runtime path of "/workspace/jazzy_ws/install/lib/python3.12/site-packages/tf2_msgs/tf2_msgs_s__rosidl_typesupport_introspection_c.so" to ""
[8.594s] -- Installing: /workspace/jazzy_ws/install/lib/python3.12/site-packages/tf2_msgs/tf2_msgs_s__rosidl_typesupport_c.so
[8.594s] -- Set non-toolchain portion of runtime path of "/workspace/jazzy_ws/install/lib/python3.12/site-packages/tf2_msgs/tf2_msgs_s__rosidl_typesupport_c.so" to ""
[8.595s] -- Installing: /workspace/jazzy_ws/install/lib/libtf2_msgs__rosidl_generator_py.so
[8.595s] -- Set non-toolchain portion of runtime path of "/workspace/jazzy_ws/install/lib/libtf2_msgs__rosidl_generator_py.so" to ""
[8.595s] -- Installing: /workspace/jazzy_ws/install/share/tf2_msgs/msg/TF2Error.idl
[8.595s] -- Installing: /workspace/jazzy_ws/install/share/tf2_msgs/msg/TFMessage.idl
[8.595s] -- Installing: /workspace/jazzy_ws/install/share/tf2_msgs/srv/FrameGraph.idl
[8.595s] -- Installing: /workspace/jazzy_ws/install/share/tf2_msgs/action/LookupTransform.idl
[8.595s] -- Installing: /workspace/jazzy_ws/install/share/tf2_msgs/msg/TF2Error.msg
[8.595s] -- Installing: /workspace/jazzy_ws/install/share/tf2_msgs/msg/TFMessage.msg
[8.595s] -- Installing: /workspace/jazzy_ws/install/share/tf2_msgs/srv/FrameGraph.srv
[8.595s] -- Installing: /workspace/jazzy_ws/install/share/tf2_msgs/action/LookupTransform.action
[8.595s] -- Installing: /workspace/jazzy_ws/install/share/tf2_msgs/tfmessage_bridge_mapping_rule.yaml
[8.596s] -- Installing: /workspace/jazzy_ws/install/share/ament_index/resource_index/package_run_dependencies/tf2_msgs
[8.596s] -- Installing: /workspace/jazzy_ws/install/share/ament_index/resource_index/parent_prefix_path/tf2_msgs
[8.596s] -- Installing: /workspace/jazzy_ws/install/share/tf2_msgs/environment/ament_prefix_path.sh
[8.596s] -- Installing: /workspace/jazzy_ws/install/share/tf2_msgs/environment/ament_prefix_path.dsv
[8.596s] -- Installing: /workspace/jazzy_ws/install/share/tf2_msgs/environment/path.sh
[8.596s] -- Installing: /workspace/jazzy_ws/install/share/tf2_msgs/environment/path.dsv
[8.596s] -- Installing: /workspace/jazzy_ws/install/share/tf2_msgs/local_setup.bash
[8.596s] -- Installing: /workspace/jazzy_ws/install/share/tf2_msgs/local_setup.sh
[8.596s] -- Installing: /workspace/jazzy_ws/install/share/tf2_msgs/local_setup.zsh
[8.596s] -- Installing: /workspace/jazzy_ws/install/share/tf2_msgs/local_setup.dsv
[8.596s] -- Installing: /workspace/jazzy_ws/install/share/tf2_msgs/package.dsv
[8.597s] -- Installing: /workspace/jazzy_ws/install/share/ament_index/resource_index/packages/tf2_msgs
[8.597s] -- Installing: /workspace/jazzy_ws/install/share/tf2_msgs/cmake/export_tf2_msgs__rosidl_generator_cExport.cmake
[8.597s] -- Installing: /workspace/jazzy_ws/install/share/tf2_msgs/cmake/export_tf2_msgs__rosidl_generator_cExport-noconfig.cmake
[8.597s] -- Installing: /workspace/jazzy_ws/install/share/tf2_msgs/cmake/export_tf2_msgs__rosidl_typesupport_fastrtps_cExport.cmake
[8.597s] -- Installing: /workspace/jazzy_ws/install/share/tf2_msgs/cmake/export_tf2_msgs__rosidl_typesupport_fastrtps_cExport-noconfig.cmake
[8.597s] -- Installing: /workspace/jazzy_ws/install/share/tf2_msgs/cmake/tf2_msgs__rosidl_typesupport_introspection_cExport.cmake
[8.597s] -- Installing: /workspace/jazzy_ws/install/share/tf2_msgs/cmake/tf2_msgs__rosidl_typesupport_introspection_cExport-noconfig.cmake
[8.597s] -- Installing: /workspace/jazzy_ws/install/share/tf2_msgs/cmake/tf2_msgs__rosidl_typesupport_cExport.cmake
[8.597s] -- Installing: /workspace/jazzy_ws/install/share/tf2_msgs/cmake/tf2_msgs__rosidl_typesupport_cExport-noconfig.cmake
[8.597s] -- Installing: /workspace/jazzy_ws/install/share/tf2_msgs/cmake/export_tf2_msgs__rosidl_generator_cppExport.cmake
[8.598s] -- Installing: /workspace/jazzy_ws/install/share/tf2_msgs/cmake/export_tf2_msgs__rosidl_typesupport_fastrtps_cppExport.cmake
[8.598s] -- Installing: /workspace/jazzy_ws/install/share/tf2_msgs/cmake/export_tf2_msgs__rosidl_typesupport_fastrtps_cppExport-noconfig.cmake
[8.598s] -- Installing: /workspace/jazzy_ws/install/share/tf2_msgs/cmake/tf2_msgs__rosidl_typesupport_introspection_cppExport.cmake
[8.598s] -- Installing: /workspace/jazzy_ws/install/share/tf2_msgs/cmake/tf2_msgs__rosidl_typesupport_introspection_cppExport-noconfig.cmake
[8.598s] -- Installing: /workspace/jazzy_ws/install/share/tf2_msgs/cmake/tf2_msgs__rosidl_typesupport_cppExport.cmake
[8.598s] -- Installing: /workspace/jazzy_ws/install/share/tf2_msgs/cmake/tf2_msgs__rosidl_typesupport_cppExport-noconfig.cmake
[8.598s] -- Installing: /workspace/jazzy_ws/install/share/tf2_msgs/cmake/export_tf2_msgs__rosidl_generator_pyExport.cmake
[8.598s] -- Installing: /workspace/jazzy_ws/install/share/tf2_msgs/cmake/export_tf2_msgs__rosidl_generator_pyExport-noconfig.cmake
[8.598s] -- Installing: /workspace/jazzy_ws/install/share/tf2_msgs/cmake/rosidl_cmake-extras.cmake
[8.598s] -- Installing: /workspace/jazzy_ws/install/share/tf2_msgs/cmake/ament_cmake_export_dependencies-extras.cmake
[8.598s] -- Installing: /workspace/jazzy_ws/install/share/tf2_msgs/cmake/ament_cmake_export_include_directories-extras.cmake
[8.599s] -- Installing: /workspace/jazzy_ws/install/share/tf2_msgs/cmake/ament_cmake_export_libraries-extras.cmake
[8.599s] -- Installing: /workspace/jazzy_ws/install/share/tf2_msgs/cmake/ament_cmake_export_targets-extras.cmake
[8.599s] -- Installing: /workspace/jazzy_ws/install/share/tf2_msgs/cmake/rosidl_cmake_export_typesupport_targets-extras.cmake
[8.599s] -- Installing: /workspace/jazzy_ws/install/share/tf2_msgs/cmake/rosidl_cmake_export_typesupport_libraries-extras.cmake
[8.599s] -- Installing: /workspace/jazzy_ws/install/share/tf2_msgs/cmake/tf2_msgsConfig.cmake
[8.599s] -- Installing: /workspace/jazzy_ws/install/share/tf2_msgs/cmake/tf2_msgsConfig-version.cmake
[8.599s] -- Installing: /workspace/jazzy_ws/install/share/tf2_msgs/package.xml
[8.600s] Invoked command in '/workspace/jazzy_ws/build/tf2_msgs' returned '0': AMENT_PREFIX_PATH=/workspace/jazzy_ws/install CMAKE_PREFIX_PATH=/workspace/jazzy_ws/install LD_LIBRARY_PATH=/workspace/jazzy_ws/install/lib:/workspace/jazzy_ws/install/opt/mimick_vendor/lib PATH=/workspace/jazzy_ws/install/bin:/workspace/jazzy_ws/install/opt/uncrustify_vendor/bin:${PATH} PKG_CONFIG_PATH=/workspace/jazzy_ws/install/lib/x86_64-linux-gnu/pkgconfig:/workspace/jazzy_ws/install/lib/pkgconfig PYTHONPATH=/workspace/jazzy_ws/install/lib/python3.12/site-packages /usr/bin/cmake --install /workspace/jazzy_ws/build/tf2_msgs
