[0.020s] Invoking command in '/workspace/jazzy_ws/build/ament_cmake_flake8': AMENT_PREFIX_PATH=/workspace/jazzy_ws/install CMAKE_PREFIX_PATH=/workspace/jazzy_ws/install LD_LIBRARY_PATH=/workspace/jazzy_ws/install/lib PATH=/workspace/jazzy_ws/install/bin:${PATH} PYTHONPATH=/workspace/jazzy_ws/install/lib/python3.12/site-packages /usr/bin/cmake /workspace/jazzy_ws/src/ament_lint/ament_cmake_flake8 -DCMAKE_INSTALL_PREFIX=/workspace/jazzy_ws/install
[0.028s] -- Found ament_cmake_core: 2.5.5 (/workspace/jazzy_ws/install/share/ament_cmake_core/cmake)
[0.121s] -- Found Python3: /usr/bin/python3 (found version "3.12.3") found components: Interpreter 
[0.178s] -- Found ament_cmake_test: 2.5.5 (/workspace/jazzy_ws/install/share/ament_cmake_test/cmake)
[0.235s] -- Found ament_cmake_copyright: 0.17.4 (/workspace/jazzy_ws/install/share/ament_cmake_copyright/cmake)
[0.235s] -- Found ament_cmake_lint_cmake: 0.17.4 (/workspace/jazzy_ws/install/share/ament_cmake_lint_cmake/cmake)
[0.236s] -- Configuring done (0.2s)
[0.237s] -- Generating done (0.0s)
[0.238s] -- Build files have been written to: /workspace/jazzy_ws/build/ament_cmake_flake8
[0.240s] Invoked command in '/workspace/jazzy_ws/build/ament_cmake_flake8' returned '0': AMENT_PREFIX_PATH=/workspace/jazzy_ws/install CMAKE_PREFIX_PATH=/workspace/jazzy_ws/install LD_LIBRARY_PATH=/workspace/jazzy_ws/install/lib PATH=/workspace/jazzy_ws/install/bin:${PATH} PYTHONPATH=/workspace/jazzy_ws/install/lib/python3.12/site-packages /usr/bin/cmake /workspace/jazzy_ws/src/ament_lint/ament_cmake_flake8 -DCMAKE_INSTALL_PREFIX=/workspace/jazzy_ws/install
[0.240s] Invoking command in '/workspace/jazzy_ws/build/ament_cmake_flake8': AMENT_PREFIX_PATH=/workspace/jazzy_ws/install CMAKE_PREFIX_PATH=/workspace/jazzy_ws/install LD_LIBRARY_PATH=/workspace/jazzy_ws/install/lib PATH=/workspace/jazzy_ws/install/bin:${PATH} PYTHONPATH=/workspace/jazzy_ws/install/lib/python3.12/site-packages /usr/bin/cmake --build /workspace/jazzy_ws/build/ament_cmake_flake8 -- -j24 -l24
[0.262s] Invoked command in '/workspace/jazzy_ws/build/ament_cmake_flake8' returned '0': AMENT_PREFIX_PATH=/workspace/jazzy_ws/install CMAKE_PREFIX_PATH=/workspace/jazzy_ws/install LD_LIBRARY_PATH=/workspace/jazzy_ws/install/lib PATH=/workspace/jazzy_ws/install/bin:${PATH} PYTHONPATH=/workspace/jazzy_ws/install/lib/python3.12/site-packages /usr/bin/cmake --build /workspace/jazzy_ws/build/ament_cmake_flake8 -- -j24 -l24
[0.262s] Invoking command in '/workspace/jazzy_ws/build/ament_cmake_flake8': AMENT_PREFIX_PATH=/workspace/jazzy_ws/install CMAKE_PREFIX_PATH=/workspace/jazzy_ws/install LD_LIBRARY_PATH=/workspace/jazzy_ws/install/lib PATH=/workspace/jazzy_ws/install/bin:${PATH} PYTHONPATH=/workspace/jazzy_ws/install/lib/python3.12/site-packages /usr/bin/cmake --install /workspace/jazzy_ws/build/ament_cmake_flake8
[0.266s] -- Install configuration: ""
[0.266s] -- Installing: /workspace/jazzy_ws/install/share/ament_index/resource_index/package_run_dependencies/ament_cmake_flake8
[0.266s] -- Installing: /workspace/jazzy_ws/install/share/ament_index/resource_index/parent_prefix_path/ament_cmake_flake8
[0.266s] -- Installing: /workspace/jazzy_ws/install/share/ament_cmake_flake8/environment/ament_prefix_path.sh
[0.268s] -- Installing: /workspace/jazzy_ws/install/share/ament_cmake_flake8/environment/ament_prefix_path.dsv
[0.268s] -- Installing: /workspace/jazzy_ws/install/share/ament_cmake_flake8/environment/path.sh
[0.268s] -- Installing: /workspace/jazzy_ws/install/share/ament_cmake_flake8/environment/path.dsv
[0.268s] -- Installing: /workspace/jazzy_ws/install/share/ament_cmake_flake8/local_setup.bash
[0.268s] -- Installing: /workspace/jazzy_ws/install/share/ament_cmake_flake8/local_setup.sh
[0.268s] -- Installing: /workspace/jazzy_ws/install/share/ament_cmake_flake8/local_setup.zsh
[0.268s] -- Installing: /workspace/jazzy_ws/install/share/ament_cmake_flake8/local_setup.dsv
[0.268s] -- Installing: /workspace/jazzy_ws/install/share/ament_cmake_flake8/package.dsv
[0.268s] -- Installing: /workspace/jazzy_ws/install/share/ament_index/resource_index/packages/ament_cmake_flake8
[0.268s] -- Installing: /workspace/jazzy_ws/install/share/ament_cmake_flake8/cmake/ament_cmake_flake8-extras.cmake
[0.269s] -- Installing: /workspace/jazzy_ws/install/share/ament_cmake_flake8/cmake/ament_cmake_flake8Config.cmake
[0.269s] -- Installing: /workspace/jazzy_ws/install/share/ament_cmake_flake8/cmake/ament_cmake_flake8Config-version.cmake
[0.269s] -- Installing: /workspace/jazzy_ws/install/share/ament_cmake_flake8/package.xml
[0.269s] -- Up-to-date: /workspace/jazzy_ws/install/share/ament_cmake_flake8/cmake
[0.269s] -- Installing: /workspace/jazzy_ws/install/share/ament_cmake_flake8/cmake/ament_cmake_flake8_lint_hook.cmake
[0.269s] -- Installing: /workspace/jazzy_ws/install/share/ament_cmake_flake8/cmake/ament_flake8.cmake
[0.270s] Invoked command in '/workspace/jazzy_ws/build/ament_cmake_flake8' returned '0': AMENT_PREFIX_PATH=/workspace/jazzy_ws/install CMAKE_PREFIX_PATH=/workspace/jazzy_ws/install LD_LIBRARY_PATH=/workspace/jazzy_ws/install/lib PATH=/workspace/jazzy_ws/install/bin:${PATH} PYTHONPATH=/workspace/jazzy_ws/install/lib/python3.12/site-packages /usr/bin/cmake --install /workspace/jazzy_ws/build/ament_cmake_flake8
