[0.041s] Invoking command in '/workspace/jazzy_ws/build/fastrtps_cmake_module': AMENT_PREFIX_PATH=/workspace/jazzy_ws/install CMAKE_PREFIX_PATH=/workspace/jazzy_ws/install LD_LIBRARY_PATH=/workspace/jazzy_ws/install/lib PATH=/workspace/jazzy_ws/install/bin:/workspace/jazzy_ws/install/opt/uncrustify_vendor/bin:${PATH} PKG_CONFIG_PATH=/workspace/jazzy_ws/install/lib/x86_64-linux-gnu/pkgconfig:/workspace/jazzy_ws/install/lib/pkgconfig PYTHONPATH=/workspace/jazzy_ws/install/lib/python3.12/site-packages /usr/bin/cmake /workspace/jazzy_ws/src/rosidl_typesupport_fastrtps/fastrtps_cmake_module -DCMAKE_INSTALL_PREFIX=/workspace/jazzy_ws/install
[0.071s] -- The C compiler identification is GNU 13.3.0
[0.102s] -- The CXX compiler identification is GNU 13.3.0
[0.110s] -- Detecting C compiler ABI info
[0.159s] -- Detecting C compiler ABI info - done
[0.163s] -- Check for working C compiler: /usr/bin/cc - skipped
[0.163s] -- Detecting C compile features
[0.163s] -- Detecting C compile features - done
[0.169s] -- Detecting CXX compiler ABI info
[0.225s] -- Detecting CXX compiler ABI info - done
[0.229s] -- Check for working CXX compiler: /usr/bin/c++ - skipped
[0.229s] -- Detecting CXX compile features
[0.230s] -- Detecting CXX compile features - done
[0.230s] -- Found ament_cmake: 2.5.5 (/workspace/jazzy_ws/install/share/ament_cmake/cmake)
[0.313s] -- Found Python3: /usr/bin/python3 (found version "3.12.3") found components: Interpreter 
[0.356s] -- Found ament_lint_auto: 0.17.4 (/workspace/jazzy_ws/install/share/ament_lint_auto/cmake)
[0.416s] -- Added test 'copyright' to check source files copyright and LICENSE
[0.422s] -- Added test 'lint_cmake' to check CMake code style
[0.425s] -- Added test 'xmllint' to check XML markup files
[0.425s] -- Configuring done (0.4s)
[0.427s] -- Generating done (0.0s)
[0.429s] -- Build files have been written to: /workspace/jazzy_ws/build/fastrtps_cmake_module
[0.431s] Invoked command in '/workspace/jazzy_ws/build/fastrtps_cmake_module' returned '0': AMENT_PREFIX_PATH=/workspace/jazzy_ws/install CMAKE_PREFIX_PATH=/workspace/jazzy_ws/install LD_LIBRARY_PATH=/workspace/jazzy_ws/install/lib PATH=/workspace/jazzy_ws/install/bin:/workspace/jazzy_ws/install/opt/uncrustify_vendor/bin:${PATH} PKG_CONFIG_PATH=/workspace/jazzy_ws/install/lib/x86_64-linux-gnu/pkgconfig:/workspace/jazzy_ws/install/lib/pkgconfig PYTHONPATH=/workspace/jazzy_ws/install/lib/python3.12/site-packages /usr/bin/cmake /workspace/jazzy_ws/src/rosidl_typesupport_fastrtps/fastrtps_cmake_module -DCMAKE_INSTALL_PREFIX=/workspace/jazzy_ws/install
[0.432s] Invoking command in '/workspace/jazzy_ws/build/fastrtps_cmake_module': AMENT_PREFIX_PATH=/workspace/jazzy_ws/install CMAKE_PREFIX_PATH=/workspace/jazzy_ws/install LD_LIBRARY_PATH=/workspace/jazzy_ws/install/lib PATH=/workspace/jazzy_ws/install/bin:/workspace/jazzy_ws/install/opt/uncrustify_vendor/bin:${PATH} PKG_CONFIG_PATH=/workspace/jazzy_ws/install/lib/x86_64-linux-gnu/pkgconfig:/workspace/jazzy_ws/install/lib/pkgconfig PYTHONPATH=/workspace/jazzy_ws/install/lib/python3.12/site-packages /usr/bin/cmake --build /workspace/jazzy_ws/build/fastrtps_cmake_module -- -j24 -l24
[0.453s] Invoked command in '/workspace/jazzy_ws/build/fastrtps_cmake_module' returned '0': AMENT_PREFIX_PATH=/workspace/jazzy_ws/install CMAKE_PREFIX_PATH=/workspace/jazzy_ws/install LD_LIBRARY_PATH=/workspace/jazzy_ws/install/lib PATH=/workspace/jazzy_ws/install/bin:/workspace/jazzy_ws/install/opt/uncrustify_vendor/bin:${PATH} PKG_CONFIG_PATH=/workspace/jazzy_ws/install/lib/x86_64-linux-gnu/pkgconfig:/workspace/jazzy_ws/install/lib/pkgconfig PYTHONPATH=/workspace/jazzy_ws/install/lib/python3.12/site-packages /usr/bin/cmake --build /workspace/jazzy_ws/build/fastrtps_cmake_module -- -j24 -l24
[0.453s] Invoking command in '/workspace/jazzy_ws/build/fastrtps_cmake_module': AMENT_PREFIX_PATH=/workspace/jazzy_ws/install CMAKE_PREFIX_PATH=/workspace/jazzy_ws/install LD_LIBRARY_PATH=/workspace/jazzy_ws/install/lib PATH=/workspace/jazzy_ws/install/bin:/workspace/jazzy_ws/install/opt/uncrustify_vendor/bin:${PATH} PKG_CONFIG_PATH=/workspace/jazzy_ws/install/lib/x86_64-linux-gnu/pkgconfig:/workspace/jazzy_ws/install/lib/pkgconfig PYTHONPATH=/workspace/jazzy_ws/install/lib/python3.12/site-packages /usr/bin/cmake --install /workspace/jazzy_ws/build/fastrtps_cmake_module
[0.457s] -- Install configuration: ""
[0.457s] -- Installing: /workspace/jazzy_ws/install/share/ament_index/resource_index/package_run_dependencies/fastrtps_cmake_module
[0.458s] -- Installing: /workspace/jazzy_ws/install/share/ament_index/resource_index/parent_prefix_path/fastrtps_cmake_module
[0.458s] -- Installing: /workspace/jazzy_ws/install/share/fastrtps_cmake_module/environment/ament_prefix_path.sh
[0.458s] -- Installing: /workspace/jazzy_ws/install/share/fastrtps_cmake_module/environment/ament_prefix_path.dsv
[0.458s] -- Installing: /workspace/jazzy_ws/install/share/fastrtps_cmake_module/environment/path.sh
[0.458s] -- Installing: /workspace/jazzy_ws/install/share/fastrtps_cmake_module/environment/path.dsv
[0.458s] -- Installing: /workspace/jazzy_ws/install/share/fastrtps_cmake_module/local_setup.bash
[0.458s] -- Installing: /workspace/jazzy_ws/install/share/fastrtps_cmake_module/local_setup.sh
[0.458s] -- Installing: /workspace/jazzy_ws/install/share/fastrtps_cmake_module/local_setup.zsh
[0.458s] -- Installing: /workspace/jazzy_ws/install/share/fastrtps_cmake_module/local_setup.dsv
[0.458s] -- Installing: /workspace/jazzy_ws/install/share/fastrtps_cmake_module/package.dsv
[0.459s] -- Installing: /workspace/jazzy_ws/install/share/ament_index/resource_index/packages/fastrtps_cmake_module
[0.459s] -- Installing: /workspace/jazzy_ws/install/share/fastrtps_cmake_module/cmake/fastrtps_cmake_module-extras.cmake
[0.459s] -- Installing: /workspace/jazzy_ws/install/share/fastrtps_cmake_module/cmake/fastrtps_cmake_moduleConfig.cmake
[0.459s] -- Installing: /workspace/jazzy_ws/install/share/fastrtps_cmake_module/cmake/fastrtps_cmake_moduleConfig-version.cmake
[0.459s] -- Installing: /workspace/jazzy_ws/install/share/fastrtps_cmake_module/package.xml
[0.459s] -- Up-to-date: /workspace/jazzy_ws/install/share/fastrtps_cmake_module/cmake
[0.459s] -- Installing: /workspace/jazzy_ws/install/share/fastrtps_cmake_module/cmake/Modules
[0.459s] -- Installing: /workspace/jazzy_ws/install/share/fastrtps_cmake_module/cmake/Modules/FindFastRTPS.cmake
[0.460s] Invoked command in '/workspace/jazzy_ws/build/fastrtps_cmake_module' returned '0': AMENT_PREFIX_PATH=/workspace/jazzy_ws/install CMAKE_PREFIX_PATH=/workspace/jazzy_ws/install LD_LIBRARY_PATH=/workspace/jazzy_ws/install/lib PATH=/workspace/jazzy_ws/install/bin:/workspace/jazzy_ws/install/opt/uncrustify_vendor/bin:${PATH} PKG_CONFIG_PATH=/workspace/jazzy_ws/install/lib/x86_64-linux-gnu/pkgconfig:/workspace/jazzy_ws/install/lib/pkgconfig PYTHONPATH=/workspace/jazzy_ws/install/lib/python3.12/site-packages /usr/bin/cmake --install /workspace/jazzy_ws/build/fastrtps_cmake_module
