-- Setting build type to 'Release' as none was specified.
-- The C compiler identification is GNU 13.3.0
-- The CXX compiler identification is GNU 13.3.0
-- Detecting C compiler ABI info
-- Detecting C compiler ABI info - done
-- Check for working C compiler: /usr/bin/cc - skipped
-- Detecting C compile features
-- Detecting C compile features - done
-- Detecting CXX compiler ABI info
-- Detecting CXX compiler ABI info - done
-- Check for working CXX compiler: /usr/bin/c++ - skipped
-- Detecting CXX compile features
-- Detecting CXX compile features - done
-- Version: 2.14.5
-- Performing Test SUPPORTS_NOTFOUND
-- Performing Test SUPPORTS_NOTFOUND - Success
-- Enforced cxx_std_11 CMake feature
-- Found fastcdr
-- Found Asio 1.28.1: /usr/include
-- Found Asio
-- Found TinyXML2: /usr/lib/x86_64-linux-gnu/cmake/tinyxml2
-- Found TinyXML2
-- Found foonathan_memory: /workspace/jazzy_ws/install/lib/foonathan_memory/cmake
-- Looking for pthread.h
-- Looking for pthread.h - found
-- Looking for pthread_kill
-- Looking for pthread_kill - not found
-- Looking for pthread_create in pthreads
-- Looking for pthread_create in pthreads - not found
-- Looking for pthread_create in pthread
-- Looking for pthread_create in pthread - found
-- Found Threads: TRUE  
-- Thirdparty/boost compiled OK
-- Found OpenSSL: /usr/lib/x86_64-linux-gnu/libcrypto.so (found version "3.0.13")  
-- OpenSSL library 3.0.13 found...
-- Not using a GNU compiler on Windows.
-- Performing Test ATOMIC_WITHOUT_LIB
-- Performing Test ATOMIC_WITHOUT_LIB - Success
-- Forcing third party shared_mutex
-- Performing Test HAS_VERSION_SCRIPT_SUPPORT
-- Performing Test HAS_VERSION_SCRIPT_SUPPORT - Success
-- Using linker version script to select exported symbols
-- Enforced cxx_std_14 CMake feature
-- EPROSIMA_TEST_DNS_NOT_SET_UP: '2'
-- Configuring done (1.4s)
-- Generating done (0.0s)
-- Build files have been written to: /workspace/jazzy_ws/build/fastrtps
[  0%] Building CXX object src/cpp/CMakeFiles/fastrtps.dir/fastdds/topic/DDSSQLFilter/DDSFilterExpression.cpp.o
[  2%] Building CXX object src/cpp/CMakeFiles/fastrtps.dir/fastdds/topic/DDSSQLFilter/DDSFilterCompoundCondition.cpp.o
[  2%] Building CXX object src/cpp/CMakeFiles/fastrtps.dir/fastdds/topic/DDSSQLFilter/DDSFilterExpressionParser.cpp.o
[  3%] Building CXX object src/cpp/CMakeFiles/fastrtps.dir/fastdds/topic/DDSSQLFilter/DDSFilterField.cpp.o
[  3%] Building CXX object src/cpp/CMakeFiles/fastrtps.dir/fastdds/topic/DDSSQLFilter/DDSFilterParameter.cpp.o
[  3%] Building CXX object src/cpp/CMakeFiles/fastrtps.dir/fastdds/topic/DDSSQLFilter/DDSFilterFactory.cpp.o
[  3%] Building CXX object src/cpp/CMakeFiles/fastrtps.dir/fastdds/topic/DDSSQLFilter/DDSFilterPredicate.cpp.o
[  5%] Building CXX object src/cpp/CMakeFiles/fastrtps.dir/fastdds/topic/DDSSQLFilter/DDSFilterValue.cpp.o
[  5%] Building CXX object src/cpp/CMakeFiles/fastrtps.dir/fastdds/log/Log.cpp.o
[  5%] Building CXX object src/cpp/CMakeFiles/fastrtps.dir/fastdds/log/StdoutErrConsumer.cpp.o
[  5%] Building CXX object src/cpp/CMakeFiles/fastrtps.dir/fastdds/log/OStreamConsumer.cpp.o
[  5%] Building CXX object src/cpp/CMakeFiles/fastrtps.dir/fastdds/log/StdoutConsumer.cpp.o
[  6%] Building CXX object src/cpp/CMakeFiles/fastrtps.dir/rtps/common/GuidPrefix_t.cpp.o
[  6%] Building CXX object src/cpp/CMakeFiles/fastrtps.dir/fastdds/log/FileConsumer.cpp.o
[  6%] Building CXX object src/cpp/CMakeFiles/fastrtps.dir/rtps/common/LocatorWithMask.cpp.o
[  6%] Building CXX object src/cpp/CMakeFiles/fastrtps.dir/rtps/resources/TimedEventImpl.cpp.o
[  7%] Building CXX object src/cpp/CMakeFiles/fastrtps.dir/rtps/common/Time_t.cpp.o
[  7%] Building CXX object src/cpp/CMakeFiles/fastrtps.dir/rtps/writer/LivelinessManager.cpp.o
[  8%] Building CXX object src/cpp/CMakeFiles/fastrtps.dir/rtps/writer/LocatorSelectorSender.cpp.o
[  9%] Building CXX object src/cpp/CMakeFiles/fastrtps.dir/rtps/resources/TimedEvent.cpp.o
[  9%] Building CXX object src/cpp/CMakeFiles/fastrtps.dir/rtps/resources/ResourceEvent.cpp.o
[ 10%] Building CXX object src/cpp/CMakeFiles/fastrtps.dir/rtps/writer/StatefulWriter.cpp.o
[ 10%] Building CXX object src/cpp/CMakeFiles/fastrtps.dir/rtps/writer/RTPSWriter.cpp.o
[ 10%] Building CXX object src/cpp/CMakeFiles/fastrtps.dir/rtps/writer/ReaderProxy.cpp.o
[ 10%] Building CXX object src/cpp/CMakeFiles/fastrtps.dir/rtps/writer/StatelessWriter.cpp.o
[ 10%] Building CXX object src/cpp/CMakeFiles/fastrtps.dir/rtps/history/CacheChangePool.cpp.o
[ 11%] Building CXX object src/cpp/CMakeFiles/fastrtps.dir/rtps/writer/ReaderLocator.cpp.o
[ 12%] Building CXX object src/cpp/CMakeFiles/fastrtps.dir/rtps/history/History.cpp.o
[ 12%] Building CXX object src/cpp/CMakeFiles/fastrtps.dir/rtps/history/WriterHistory.cpp.o
[ 12%] Building CXX object src/cpp/CMakeFiles/fastrtps.dir/rtps/history/ReaderHistory.cpp.o
[ 13%] Building CXX object src/cpp/CMakeFiles/fastrtps.dir/rtps/history/TopicPayloadPool.cpp.o
[ 13%] Building CXX object src/cpp/CMakeFiles/fastrtps.dir/rtps/history/TopicPayloadPoolRegistry.cpp.o
[ 14%] Building CXX object src/cpp/CMakeFiles/fastrtps.dir/rtps/DataSharing/DataSharingPayloadPool.cpp.o
[ 14%] Building CXX object src/cpp/CMakeFiles/fastrtps.dir/rtps/DataSharing/DataSharingListener.cpp.o
[ 14%] Building CXX object src/cpp/CMakeFiles/fastrtps.dir/rtps/DataSharing/DataSharingNotification.cpp.o
[ 15%] Building CXX object src/cpp/CMakeFiles/fastrtps.dir/rtps/reader/WriterProxy.cpp.o
[ 15%] Building CXX object src/cpp/CMakeFiles/fastrtps.dir/rtps/reader/reader_utils.cpp.o
[ 16%] Building CXX object src/cpp/CMakeFiles/fastrtps.dir/rtps/reader/StatefulReader.cpp.o
[ 16%] Building CXX object src/cpp/CMakeFiles/fastrtps.dir/rtps/reader/StatelessReader.cpp.o
[ 17%] Building CXX object src/cpp/CMakeFiles/fastrtps.dir/rtps/reader/RTPSReader.cpp.o
[ 17%] Building CXX object src/cpp/CMakeFiles/fastrtps.dir/rtps/messages/RTPSMessageCreator.cpp.o
[ 17%] Building CXX object src/cpp/CMakeFiles/fastrtps.dir/rtps/messages/RTPSMessageGroup.cpp.o
[ 18%] Building CXX object src/cpp/CMakeFiles/fastrtps.dir/rtps/messages/RTPSGapBuilder.cpp.o
[ 18%] Building CXX object src/cpp/CMakeFiles/fastrtps.dir/rtps/messages/SendBuffersManager.cpp.o
[ 19%] Building CXX object src/cpp/CMakeFiles/fastrtps.dir/rtps/messages/MessageReceiver.cpp.o
[ 19%] Building CXX object src/cpp/CMakeFiles/fastrtps.dir/rtps/network/NetworkConfiguration.cpp.o
[ 19%] Building CXX object src/cpp/CMakeFiles/fastrtps.dir/rtps/network/NetworkFactory.cpp.o
[ 20%] Building CXX object src/cpp/CMakeFiles/fastrtps.dir/rtps/network/ReceiverResource.cpp.o
[ 20%] Building CXX object src/cpp/CMakeFiles/fastrtps.dir/rtps/network/utils/external_locators.cpp.o
[ 21%] Building CXX object src/cpp/CMakeFiles/fastrtps.dir/rtps/network/utils/netmask_filter.cpp.o
[ 21%] Building CXX object src/cpp/CMakeFiles/fastrtps.dir/rtps/network/utils/network.cpp.o
[ 21%] Building CXX object src/cpp/CMakeFiles/fastrtps.dir/rtps/attributes/RTPSParticipantAttributes.cpp.o
[ 22%] Building CXX object src/cpp/CMakeFiles/fastrtps.dir/rtps/participant/RTPSParticipant.cpp.o
[ 22%] Building CXX object src/cpp/CMakeFiles/fastrtps.dir/rtps/participant/RTPSParticipantImpl.cpp.o
[ 23%] Building CXX object src/cpp/CMakeFiles/fastrtps.dir/rtps/RTPSDomain.cpp.o
[ 23%] Building CXX object src/cpp/CMakeFiles/fastrtps.dir/fastrtps_deprecated/Domain.cpp.o
[ 23%] Building CXX object src/cpp/CMakeFiles/fastrtps.dir/fastrtps_deprecated/participant/Participant.cpp.o
[ 24%] Building CXX object src/cpp/CMakeFiles/fastrtps.dir/fastrtps_deprecated/participant/ParticipantImpl.cpp.o
[ 24%] Building CXX object src/cpp/CMakeFiles/fastrtps.dir/fastrtps_deprecated/publisher/Publisher.cpp.o
[ 25%] Building CXX object src/cpp/CMakeFiles/fastrtps.dir/fastrtps_deprecated/publisher/PublisherImpl.cpp.o
[ 25%] Building CXX object src/cpp/CMakeFiles/fastrtps.dir/fastrtps_deprecated/publisher/PublisherHistory.cpp.o
[ 25%] Building CXX object src/cpp/CMakeFiles/fastrtps.dir/fastrtps_deprecated/subscriber/Subscriber.cpp.o
[ 26%] Building CXX object src/cpp/CMakeFiles/fastrtps.dir/fastrtps_deprecated/subscriber/SubscriberImpl.cpp.o
[ 26%] Building CXX object src/cpp/CMakeFiles/fastrtps.dir/fastrtps_deprecated/subscriber/SubscriberHistory.cpp.o
[ 27%] Building CXX object src/cpp/CMakeFiles/fastrtps.dir/fastdds/publisher/DataWriter.cpp.o
[ 27%] Building CXX object src/cpp/CMakeFiles/fastrtps.dir/fastdds/publisher/DataWriterImpl.cpp.o
[ 27%] Building CXX object src/cpp/CMakeFiles/fastrtps.dir/fastdds/publisher/DataWriterHistory.cpp.o
[ 28%] Building CXX object src/cpp/CMakeFiles/fastrtps.dir/fastdds/topic/ContentFilteredTopic.cpp.o
[ 28%] Building CXX object src/cpp/CMakeFiles/fastrtps.dir/fastdds/topic/ContentFilteredTopicImpl.cpp.o
[ 29%] Building CXX object src/cpp/CMakeFiles/fastrtps.dir/fastdds/topic/Topic.cpp.o
[ 29%] Building CXX object src/cpp/CMakeFiles/fastrtps.dir/fastdds/topic/TopicImpl.cpp.o
[ 29%] Building CXX object src/cpp/CMakeFiles/fastrtps.dir/fastdds/topic/TopicProxyFactory.cpp.o
[ 30%] Building CXX object src/cpp/CMakeFiles/fastrtps.dir/fastdds/topic/TypeSupport.cpp.o
[ 30%] Building CXX object src/cpp/CMakeFiles/fastrtps.dir/fastdds/topic/TopicDataType.cpp.o
[ 31%] Building CXX object src/cpp/CMakeFiles/fastrtps.dir/fastdds/topic/qos/TopicQos.cpp.o
[ 31%] Building CXX object src/cpp/CMakeFiles/fastrtps.dir/fastdds/publisher/qos/DataWriterQos.cpp.o
[ 31%] Building CXX object src/cpp/CMakeFiles/fastrtps.dir/fastdds/subscriber/qos/DataReaderQos.cpp.o
[ 32%] Building CXX object src/cpp/CMakeFiles/fastrtps.dir/fastdds/publisher/PublisherImpl.cpp.o
[ 32%] Building CXX object src/cpp/CMakeFiles/fastrtps.dir/fastdds/publisher/qos/PublisherQos.cpp.o
[ 33%] Building CXX object src/cpp/CMakeFiles/fastrtps.dir/fastdds/publisher/Publisher.cpp.o
[ 33%] Building CXX object src/cpp/CMakeFiles/fastrtps.dir/fastdds/subscriber/SubscriberImpl.cpp.o
[ 34%] Building CXX object src/cpp/CMakeFiles/fastrtps.dir/fastdds/subscriber/qos/SubscriberQos.cpp.o
[ 34%] Building CXX object src/cpp/CMakeFiles/fastrtps.dir/fastdds/subscriber/Subscriber.cpp.o
[ 34%] Building CXX object src/cpp/CMakeFiles/fastrtps.dir/fastdds/subscriber/DataReader.cpp.o
[ 35%] Building CXX object src/cpp/CMakeFiles/fastrtps.dir/fastdds/subscriber/DataReaderImpl.cpp.o
[ 35%] Building CXX object src/cpp/CMakeFiles/fastrtps.dir/fastdds/subscriber/ReadCondition.cpp.o
[ 36%] Building CXX object src/cpp/CMakeFiles/fastrtps.dir/fastdds/subscriber/history/DataReaderHistory.cpp.o
[ 36%] Building CXX object src/cpp/CMakeFiles/fastrtps.dir/fastdds/domain/DomainParticipantFactory.cpp.o
[ 36%] Building CXX object src/cpp/CMakeFiles/fastrtps.dir/fastdds/domain/DomainParticipantImpl.cpp.o
[ 37%] Building CXX object src/cpp/CMakeFiles/fastrtps.dir/fastdds/domain/DomainParticipant.cpp.o
[ 37%] Building CXX object src/cpp/CMakeFiles/fastrtps.dir/fastdds/domain/qos/DomainParticipantQos.cpp.o
[ 38%] Building CXX object src/cpp/CMakeFiles/fastrtps.dir/fastdds/domain/qos/DomainParticipantFactoryQos.cpp.o
[ 38%] Building CXX object src/cpp/CMakeFiles/fastrtps.dir/fastdds/builtin/typelookup/common/TypeLookupTypes.cpp.o
[ 38%] Building CXX object src/cpp/CMakeFiles/fastrtps.dir/fastdds/builtin/common/RPCHeadersImpl.cpp.o
[ 39%] Building CXX object src/cpp/CMakeFiles/fastrtps.dir/fastdds/builtin/typelookup/TypeLookupManager.cpp.o
[ 39%] Building CXX object src/cpp/CMakeFiles/fastrtps.dir/fastdds/builtin/typelookup/TypeLookupRequestListener.cpp.o
[ 40%] Building CXX object src/cpp/CMakeFiles/fastrtps.dir/fastdds/builtin/typelookup/TypeLookupReplyListener.cpp.o
[ 40%] Building CXX object src/cpp/CMakeFiles/fastrtps.dir/rtps/transport/TransportInterface.cpp.o
[ 40%] Building CXX object src/cpp/CMakeFiles/fastrtps.dir/rtps/transport/ChainingTransport.cpp.o
[ 41%] Building CXX object src/cpp/CMakeFiles/fastrtps.dir/rtps/transport/ChannelResource.cpp.o
[ 41%] Building CXX object src/cpp/CMakeFiles/fastrtps.dir/rtps/transport/network/NetmaskFilterKind.cpp.o
[ 42%] Building CXX object src/cpp/CMakeFiles/fastrtps.dir/rtps/transport/network/NetworkInterface.cpp.o
[ 42%] Building CXX object src/cpp/CMakeFiles/fastrtps.dir/rtps/transport/network/NetworkInterfaceWithFilter.cpp.o
[ 42%] Building CXX object src/cpp/CMakeFiles/fastrtps.dir/rtps/transport/PortBasedTransportDescriptor.cpp.o
[ 43%] Building CXX object src/cpp/CMakeFiles/fastrtps.dir/rtps/transport/shared_mem/SharedMemTransportDescriptor.cpp.o
[ 43%] Building CXX object src/cpp/CMakeFiles/fastrtps.dir/rtps/transport/tcp/RTCPMessageManager.cpp.o
[ 44%] Building CXX object src/cpp/CMakeFiles/fastrtps.dir/rtps/transport/tcp/TCPControlMessage.cpp.o
[ 44%] Building CXX object src/cpp/CMakeFiles/fastrtps.dir/rtps/transport/TCPAcceptor.cpp.o
[ 44%] Building CXX object src/cpp/CMakeFiles/fastrtps.dir/rtps/transport/TCPAcceptorBasic.cpp.o
[ 45%] Building CXX object src/cpp/CMakeFiles/fastrtps.dir/rtps/transport/TCPChannelResource.cpp.o
[ 45%] Building CXX object src/cpp/CMakeFiles/fastrtps.dir/rtps/transport/TCPChannelResourceBasic.cpp.o
[ 46%] Building CXX object src/cpp/CMakeFiles/fastrtps.dir/rtps/transport/TCPTransportInterface.cpp.o
[ 46%] Building CXX object src/cpp/CMakeFiles/fastrtps.dir/rtps/transport/TCPv4Transport.cpp.o
[ 46%] Building CXX object src/cpp/CMakeFiles/fastrtps.dir/rtps/transport/TCPv6Transport.cpp.o
[ 47%] Building CXX object src/cpp/CMakeFiles/fastrtps.dir/rtps/transport/test_UDPv4Transport.cpp.o
[ 47%] Building CXX object src/cpp/CMakeFiles/fastrtps.dir/rtps/transport/UDPChannelResource.cpp.o
[ 48%] Building CXX object src/cpp/CMakeFiles/fastrtps.dir/rtps/transport/UDPTransportInterface.cpp.o
[ 48%] Building CXX object src/cpp/CMakeFiles/fastrtps.dir/rtps/transport/UDPv4Transport.cpp.o
[ 48%] Building CXX object src/cpp/CMakeFiles/fastrtps.dir/rtps/transport/UDPv6Transport.cpp.o
[ 49%] Building CXX object src/cpp/CMakeFiles/fastrtps.dir/dynamic-types/AnnotationDescriptor.cpp.o
[ 49%] Building CXX object src/cpp/CMakeFiles/fastrtps.dir/dynamic-types/AnnotationParameterValue.cpp.o
[ 50%] Building CXX object src/cpp/CMakeFiles/fastrtps.dir/dynamic-types/DynamicData.cpp.o
[ 50%] Building CXX object src/cpp/CMakeFiles/fastrtps.dir/dynamic-types/DynamicDataFactory.cpp.o
[ 51%] Building CXX object src/cpp/CMakeFiles/fastrtps.dir/dynamic-types/DynamicType.cpp.o
[ 51%] Building CXX object src/cpp/CMakeFiles/fastrtps.dir/dynamic-types/DynamicPubSubType.cpp.o
[ 51%] Building CXX object src/cpp/CMakeFiles/fastrtps.dir/dynamic-types/DynamicTypePtr.cpp.o
[ 52%] Building CXX object src/cpp/CMakeFiles/fastrtps.dir/dynamic-types/DynamicDataPtr.cpp.o
[ 52%] Building CXX object src/cpp/CMakeFiles/fastrtps.dir/dynamic-types/DynamicTypeBuilder.cpp.o
[ 53%] Building CXX object src/cpp/CMakeFiles/fastrtps.dir/dynamic-types/DynamicTypeBuilderPtr.cpp.o
[ 53%] Building CXX object src/cpp/CMakeFiles/fastrtps.dir/dynamic-types/DynamicTypeBuilderFactory.cpp.o
[ 53%] Building CXX object src/cpp/CMakeFiles/fastrtps.dir/dynamic-types/DynamicTypeMember.cpp.o
[ 54%] Building CXX object src/cpp/CMakeFiles/fastrtps.dir/dynamic-types/MemberDescriptor.cpp.o
[ 54%] Building CXX object src/cpp/CMakeFiles/fastrtps.dir/dynamic-types/TypeDescriptor.cpp.o
[ 55%] Building CXX object src/cpp/CMakeFiles/fastrtps.dir/dynamic-types/TypeIdentifier.cpp.o
[ 55%] Building CXX object src/cpp/CMakeFiles/fastrtps.dir/dynamic-types/TypeIdentifierTypes.cpp.o
[ 55%] Building CXX object src/cpp/CMakeFiles/fastrtps.dir/dynamic-types/TypeObject.cpp.o
[ 56%] Building CXX object src/cpp/CMakeFiles/fastrtps.dir/dynamic-types/TypeObjectHashId.cpp.o
[ 56%] Building CXX object src/cpp/CMakeFiles/fastrtps.dir/dynamic-types/TypeObjectFactory.cpp.o
[ 57%] Building CXX object src/cpp/CMakeFiles/fastrtps.dir/dynamic-types/TypeNamesGenerator.cpp.o
[ 57%] Building CXX object src/cpp/CMakeFiles/fastrtps.dir/dynamic-types/TypesBase.cpp.o
[ 57%] Building CXX object src/cpp/CMakeFiles/fastrtps.dir/dynamic-types/BuiltinAnnotationsTypeObject.cpp.o
[ 58%] Building CXX object src/cpp/CMakeFiles/fastrtps.dir/dynamic-types/DynamicDataHelper.cpp.o
[ 58%] Building CXX object src/cpp/CMakeFiles/fastrtps.dir/fastrtps_deprecated/attributes/TopicAttributes.cpp.o
[ 59%] Building CXX object src/cpp/CMakeFiles/fastrtps.dir/fastdds/core/Entity.cpp.o
[ 59%] Building CXX object src/cpp/CMakeFiles/fastrtps.dir/fastdds/core/condition/Condition.cpp.o
[ 59%] Building CXX object src/cpp/CMakeFiles/fastrtps.dir/fastdds/core/condition/ConditionNotifier.cpp.o
[ 60%] Building CXX object src/cpp/CMakeFiles/fastrtps.dir/fastdds/core/condition/GuardCondition.cpp.o
[ 60%] Building CXX object src/cpp/CMakeFiles/fastrtps.dir/fastdds/core/condition/StatusCondition.cpp.o
[ 61%] Building CXX object src/cpp/CMakeFiles/fastrtps.dir/fastdds/core/condition/StatusConditionImpl.cpp.o
[ 61%] Building CXX object src/cpp/CMakeFiles/fastrtps.dir/fastdds/core/condition/WaitSet.cpp.o
[ 61%] Building CXX object src/cpp/CMakeFiles/fastrtps.dir/fastdds/core/condition/WaitSetImpl.cpp.o
[ 62%] Building CXX object src/cpp/CMakeFiles/fastrtps.dir/fastdds/core/policy/ParameterList.cpp.o
[ 62%] Building CXX object src/cpp/CMakeFiles/fastrtps.dir/fastdds/core/policy/QosPolicyUtils.cpp.o
[ 63%] Building CXX object src/cpp/CMakeFiles/fastrtps.dir/fastdds/publisher/qos/WriterQos.cpp.o
[ 63%] Building CXX object src/cpp/CMakeFiles/fastrtps.dir/fastdds/subscriber/qos/ReaderQos.cpp.o
[ 63%] Building CXX object src/cpp/CMakeFiles/fastrtps.dir/fastdds/utils/QosConverters.cpp.o
[ 64%] Building CXX object src/cpp/CMakeFiles/fastrtps.dir/rtps/builtin/BuiltinProtocols.cpp.o
[ 64%] Building CXX object src/cpp/CMakeFiles/fastrtps.dir/rtps/builtin/discovery/participant/DirectMessageSender.cpp.o
[ 65%] Building CXX object src/cpp/CMakeFiles/fastrtps.dir/rtps/builtin/discovery/participant/PDP.cpp.o
[ 65%] Building CXX object src/cpp/CMakeFiles/fastrtps.dir/rtps/builtin/discovery/participant/ServerAttributes.cpp.o
[ 65%] Building CXX object src/cpp/CMakeFiles/fastrtps.dir/rtps/builtin/discovery/participant/PDPSimple.cpp.o
[ 66%] Building CXX object src/cpp/CMakeFiles/fastrtps.dir/rtps/builtin/discovery/participant/simple/PDPStatelessWriter.cpp.o
[ 66%] Building CXX object src/cpp/CMakeFiles/fastrtps.dir/rtps/builtin/discovery/participant/PDPListener.cpp.o
[ 67%] Building CXX object src/cpp/CMakeFiles/fastrtps.dir/rtps/builtin/discovery/endpoint/EDP.cpp.o
[ 67%] Building CXX object src/cpp/CMakeFiles/fastrtps.dir/rtps/builtin/discovery/endpoint/EDPSimple.cpp.o
[ 68%] Building CXX object src/cpp/CMakeFiles/fastrtps.dir/rtps/builtin/discovery/endpoint/EDPSimpleListeners.cpp.o
[ 68%] Building CXX object src/cpp/CMakeFiles/fastrtps.dir/rtps/builtin/discovery/endpoint/EDPStatic.cpp.o
[ 68%] Building CXX object src/cpp/CMakeFiles/fastrtps.dir/rtps/builtin/liveliness/WLP.cpp.o
[ 69%] Building CXX object src/cpp/CMakeFiles/fastrtps.dir/rtps/builtin/liveliness/WLPListener.cpp.o
[ 69%] Building CXX object src/cpp/CMakeFiles/fastrtps.dir/rtps/builtin/data/ParticipantProxyData.cpp.o
[ 70%] Building CXX object src/cpp/CMakeFiles/fastrtps.dir/rtps/builtin/data/WriterProxyData.cpp.o
[ 70%] Building CXX object src/cpp/CMakeFiles/fastrtps.dir/rtps/builtin/data/ReaderProxyData.cpp.o
[ 70%] Building CXX object src/cpp/CMakeFiles/fastrtps.dir/rtps/flowcontrol/ThroughputControllerDescriptor.cpp.o
[ 71%] Building CXX object src/cpp/CMakeFiles/fastrtps.dir/rtps/flowcontrol/FlowControllerConsts.cpp.o
[ 71%] Building CXX object src/cpp/CMakeFiles/fastrtps.dir/rtps/flowcontrol/FlowControllerFactory.cpp.o
[ 72%] Building CXX object src/cpp/CMakeFiles/fastrtps.dir/rtps/exceptions/Exception.cpp.o
[ 72%] Building CXX object src/cpp/CMakeFiles/fastrtps.dir/rtps/attributes/PropertyPolicy.cpp.o
[ 72%] Building CXX object src/cpp/CMakeFiles/fastrtps.dir/rtps/attributes/ThreadSettings.cpp.o
[ 73%] Building CXX object src/cpp/CMakeFiles/fastrtps.dir/rtps/common/Token.cpp.o
[ 73%] Building CXX object src/cpp/CMakeFiles/fastrtps.dir/rtps/xmlparser/XMLParserCommon.cpp.o
[ 74%] Building CXX object src/cpp/CMakeFiles/fastrtps.dir/rtps/xmlparser/XMLElementParser.cpp.o
[ 74%] Building CXX object src/cpp/CMakeFiles/fastrtps.dir/rtps/xmlparser/XMLDynamicParser.cpp.o
[ 74%] Building CXX object src/cpp/CMakeFiles/fastrtps.dir/rtps/xmlparser/XMLEndpointParser.cpp.o
[ 75%] Building CXX object src/cpp/CMakeFiles/fastrtps.dir/rtps/xmlparser/XMLParser.cpp.o
[ 75%] Building CXX object src/cpp/CMakeFiles/fastrtps.dir/rtps/xmlparser/XMLProfileManager.cpp.o
[ 76%] Building CXX object src/cpp/CMakeFiles/fastrtps.dir/rtps/writer/PersistentWriter.cpp.o
[ 76%] Building CXX object src/cpp/CMakeFiles/fastrtps.dir/rtps/writer/StatelessPersistentWriter.cpp.o
[ 76%] Building CXX object src/cpp/CMakeFiles/fastrtps.dir/rtps/writer/StatefulPersistentWriter.cpp.o
[ 77%] Building CXX object src/cpp/CMakeFiles/fastrtps.dir/rtps/reader/StatelessPersistentReader.cpp.o
[ 77%] Building CXX object src/cpp/CMakeFiles/fastrtps.dir/rtps/reader/StatefulPersistentReader.cpp.o
[ 78%] Building CXX object src/cpp/CMakeFiles/fastrtps.dir/rtps/persistence/PersistenceFactory.cpp.o
[ 78%] Building CXX object src/cpp/CMakeFiles/fastrtps.dir/rtps/builtin/discovery/database/backup/SharedBackupFunctions.cpp.o
[ 78%] Building CXX object src/cpp/CMakeFiles/fastrtps.dir/rtps/builtin/discovery/endpoint/EDPClient.cpp.o
[ 79%] Building CXX object src/cpp/CMakeFiles/fastrtps.dir/rtps/builtin/discovery/endpoint/EDPServer.cpp.o
[ 79%] Building CXX object src/cpp/CMakeFiles/fastrtps.dir/rtps/builtin/discovery/endpoint/EDPServerListeners.cpp.o
[ 80%] Building CXX object src/cpp/CMakeFiles/fastrtps.dir/rtps/builtin/discovery/database/DiscoveryDataBase.cpp.o
[ 80%] Building CXX object src/cpp/CMakeFiles/fastrtps.dir/rtps/builtin/discovery/database/DiscoveryParticipantInfo.cpp.o
[ 80%] Building CXX object src/cpp/CMakeFiles/fastrtps.dir/rtps/builtin/discovery/database/DiscoveryParticipantsAckStatus.cpp.o
[ 81%] Building CXX object src/cpp/CMakeFiles/fastrtps.dir/rtps/builtin/discovery/database/DiscoverySharedInfo.cpp.o
[ 81%] Building CXX object src/cpp/CMakeFiles/fastrtps.dir/rtps/builtin/discovery/participant/PDPClient.cpp.o
[ 82%] Building CXX object src/cpp/CMakeFiles/fastrtps.dir/rtps/builtin/discovery/participant/PDPServer.cpp.o
[ 82%] Building CXX object src/cpp/CMakeFiles/fastrtps.dir/rtps/builtin/discovery/participant/PDPServerListener.cpp.o
[ 82%] Building CXX object src/cpp/CMakeFiles/fastrtps.dir/rtps/builtin/discovery/participant/timedevent/DSClientEvent.cpp.o
[ 83%] Building CXX object src/cpp/CMakeFiles/fastrtps.dir/rtps/builtin/discovery/participant/timedevent/DServerEvent.cpp.o
[ 83%] Building CXX object src/cpp/CMakeFiles/fastrtps.dir/utils/IPFinder.cpp.o
[ 84%] Building CXX object src/cpp/CMakeFiles/fastrtps.dir/utils/md5.cpp.o
[ 84%] Building CXX object src/cpp/CMakeFiles/fastrtps.dir/utils/StringMatching.cpp.o
[ 85%] Building CXX object src/cpp/CMakeFiles/fastrtps.dir/utils/IPLocator.cpp.o
[ 85%] Building CXX object src/cpp/CMakeFiles/fastrtps.dir/utils/System.cpp.o
[ 85%] Building CXX object src/cpp/CMakeFiles/fastrtps.dir/utils/SystemInfo.cpp.o
[ 86%] Building CXX object src/cpp/CMakeFiles/fastrtps.dir/utils/TimedConditionVariable.cpp.o
[ 86%] Building CXX object src/cpp/CMakeFiles/fastrtps.dir/utils/string_convert.cpp.o
[ 87%] Building CXX object src/cpp/CMakeFiles/fastrtps.dir/utils/UnitsParser.cpp.o
[ 87%] Building CXX object src/cpp/CMakeFiles/fastrtps.dir/dds/core/types.cpp.o
[ 87%] Building CXX object src/cpp/CMakeFiles/fastrtps.dir/dds/core/Exception.cpp.o
[ 88%] Building CXX object src/cpp/CMakeFiles/fastrtps.dir/dds/domain/DomainParticipant.cpp.o
[ 89%] Building CXX object src/cpp/CMakeFiles/fastrtps.dir/dds/pub/AnyDataWriter.cpp.o
[ 89%] Building CXX object src/cpp/CMakeFiles/fastrtps.dir/dds/pub/Publisher.cpp.o
[ 89%] Building CXX object src/cpp/CMakeFiles/fastrtps.dir/dds/pub/DataWriter.cpp.o
[ 89%] Building CXX object src/cpp/CMakeFiles/fastrtps.dir/dds/sub/Subscriber.cpp.o
[ 90%] Building CXX object src/cpp/CMakeFiles/fastrtps.dir/dds/sub/DataReader.cpp.o
[ 90%] Building CXX object src/cpp/CMakeFiles/fastrtps.dir/dds/topic/Topic.cpp.o
[ 91%] Building CXX object src/cpp/CMakeFiles/fastrtps.dir/statistics/fastdds/domain/DomainParticipant.cpp.o
[ 91%] Building CXX object src/cpp/CMakeFiles/fastrtps.dir/statistics/fastdds/publisher/qos/DataWriterQos.cpp.o
[ 91%] Building CXX object src/cpp/CMakeFiles/fastrtps.dir/statistics/fastdds/subscriber/qos/DataReaderQos.cpp.o
[ 92%] Building CXX object src/cpp/CMakeFiles/fastrtps.dir/statistics/fastdds/domain/DomainParticipantImpl.cpp.o
[ 92%] Building CXX object src/cpp/CMakeFiles/fastrtps.dir/statistics/fastdds/domain/DomainParticipantStatisticsListener.cpp.o
[ 93%] Building CXX object src/cpp/CMakeFiles/fastrtps.dir/statistics/rtps/monitor-service/MonitorService.cpp.o
[ 93%] Building CXX object src/cpp/CMakeFiles/fastrtps.dir/statistics/rtps/monitor-service/MonitorServiceListener.cpp.o
[ 93%] Building CXX object src/cpp/CMakeFiles/fastrtps.dir/statistics/rtps/reader/StatisticsReaderImpl.cpp.o
[ 94%] Building CXX object src/cpp/CMakeFiles/fastrtps.dir/statistics/rtps/StatisticsBase.cpp.o
[ 94%] Building CXX object src/cpp/CMakeFiles/fastrtps.dir/statistics/rtps/writer/StatisticsWriterImpl.cpp.o
[ 95%] Building CXX object src/cpp/CMakeFiles/fastrtps.dir/statistics/types/typesPubSubTypes.cxx.o
[ 95%] Building CXX object src/cpp/CMakeFiles/fastrtps.dir/statistics/types/types.cxx.o
[ 95%] Building CXX object src/cpp/CMakeFiles/fastrtps.dir/statistics/types/typesv1.cxx.o
[ 96%] Building CXX object src/cpp/CMakeFiles/fastrtps.dir/statistics/types/monitorservice_types.cxx.o
[ 96%] Building CXX object src/cpp/CMakeFiles/fastrtps.dir/statistics/types/monitorservice_typesv1.cxx.o
[ 97%] Building CXX object src/cpp/CMakeFiles/fastrtps.dir/statistics/types/monitorservice_typesPubSubTypes.cxx.o
[ 97%] Building CXX object src/cpp/CMakeFiles/fastrtps.dir/rtps/transport/shared_mem/test_SharedMemTransport.cpp.o
[ 97%] Building CXX object src/cpp/CMakeFiles/fastrtps.dir/rtps/transport/shared_mem/SharedMemTransport.cpp.o
[ 98%] Building CXX object src/cpp/CMakeFiles/fastrtps.dir/rtps/transport/TCPChannelResourceSecure.cpp.o
[ 99%] Building CXX object src/cpp/CMakeFiles/fastrtps.dir/rtps/persistence/SQLite3PersistenceService.cpp.o
[ 98%] Building CXX object src/cpp/CMakeFiles/fastrtps.dir/rtps/transport/TCPAcceptorSecure.cpp.o
[ 99%] Building C object src/cpp/CMakeFiles/fastrtps.dir/rtps/persistence/sqlite3.c.o
[100%] Linking CXX shared library libfastrtps.so
[100%] Built target fastrtps
[100%] Building CXX object tools/fds/CMakeFiles/fast-discovery-server.dir/server.cpp.o
[100%] Linking CXX executable fast-discovery-server-1.0.1
[100%] Built target fast-discovery-server
-- Install configuration: "Release"
-- Installing: /workspace/jazzy_ws/install/include/fastrtps
-- Installing: /workspace/jazzy_ws/install/include/fastrtps/fastrtps_all.h
-- Installing: /workspace/jazzy_ws/install/include/fastrtps/common
-- Installing: /workspace/jazzy_ws/install/include/fastrtps/common/KeyedChanges.h
-- Installing: /workspace/jazzy_ws/install/include/fastrtps/utils
-- Installing: /workspace/jazzy_ws/install/include/fastrtps/utils/RefCountedPointer.hpp
-- Installing: /workspace/jazzy_ws/install/include/fastrtps/utils/TimedConditionVariable.hpp
-- Installing: /workspace/jazzy_ws/install/include/fastrtps/utils/TimedMutex.hpp
-- Installing: /workspace/jazzy_ws/install/include/fastrtps/utils/TimeConversion.h
-- Installing: /workspace/jazzy_ws/install/include/fastrtps/utils/fixed_size_string.hpp
-- Installing: /workspace/jazzy_ws/install/include/fastrtps/utils/fixed_size_bitmap.hpp
-- Installing: /workspace/jazzy_ws/install/include/fastrtps/utils/shared_mutex.hpp
-- Installing: /workspace/jazzy_ws/install/include/fastrtps/utils/Semaphore.h
-- Installing: /workspace/jazzy_ws/install/include/fastrtps/utils/string_convert.hpp
-- Installing: /workspace/jazzy_ws/install/include/fastrtps/utils/StringMatching.h
-- Installing: /workspace/jazzy_ws/install/include/fastrtps/utils/md5.h
-- Installing: /workspace/jazzy_ws/install/include/fastrtps/utils/DBQueue.h
-- Installing: /workspace/jazzy_ws/install/include/fastrtps/utils/IPLocator.h
-- Installing: /workspace/jazzy_ws/install/include/fastrtps/utils/collections
-- Installing: /workspace/jazzy_ws/install/include/fastrtps/utils/collections/ResourceLimitedVector.hpp
-- Installing: /workspace/jazzy_ws/install/include/fastrtps/utils/collections/ResourceLimitedContainerConfig.hpp
-- Installing: /workspace/jazzy_ws/install/include/fastrtps/utils/collections/foonathan_memory_helpers.hpp
-- Installing: /workspace/jazzy_ws/install/include/fastrtps/utils/IPFinder.h
-- Installing: /workspace/jazzy_ws/install/include/fastrtps/utils/UnitsParser.hpp
-- Installing: /workspace/jazzy_ws/install/include/fastrtps/utils/ProxyPool.hpp
-- Installing: /workspace/jazzy_ws/install/include/fastrtps/utils/System.h
-- Installing: /workspace/jazzy_ws/install/include/fastrtps/attributes
-- Installing: /workspace/jazzy_ws/install/include/fastrtps/attributes/RequesterAttributes.hpp
-- Installing: /workspace/jazzy_ws/install/include/fastrtps/attributes/ReplierAttributes.hpp
-- Installing: /workspace/jazzy_ws/install/include/fastrtps/attributes/ParticipantAttributes.h
-- Installing: /workspace/jazzy_ws/install/include/fastrtps/attributes/SubscriberAttributes.h
-- Installing: /workspace/jazzy_ws/install/include/fastrtps/attributes/all_attributes.h
-- Installing: /workspace/jazzy_ws/install/include/fastrtps/attributes/TopicAttributes.h
-- Installing: /workspace/jazzy_ws/install/include/fastrtps/attributes/PublisherAttributes.h
-- Installing: /workspace/jazzy_ws/install/include/fastrtps/attributes/LibrarySettingsAttributes.h
-- Installing: /workspace/jazzy_ws/install/include/fastrtps/rtps
-- Installing: /workspace/jazzy_ws/install/include/fastrtps/rtps/rtps_fwd.h
-- Installing: /workspace/jazzy_ws/install/include/fastrtps/rtps/common
-- Installing: /workspace/jazzy_ws/install/include/fastrtps/rtps/common/FragmentNumber.h
-- Installing: /workspace/jazzy_ws/install/include/fastrtps/rtps/common/WriteParams.h
-- Installing: /workspace/jazzy_ws/install/include/fastrtps/rtps/common/Token.h
-- Installing: /workspace/jazzy_ws/install/include/fastrtps/rtps/common/Types.h
-- Installing: /workspace/jazzy_ws/install/include/fastrtps/rtps/common/SequenceNumber.h
-- Installing: /workspace/jazzy_ws/install/include/fastrtps/rtps/common/BinaryProperty.h
-- Installing: /workspace/jazzy_ws/install/include/fastrtps/rtps/common/Guid.h
-- Installing: /workspace/jazzy_ws/install/include/fastrtps/rtps/common/SerializedPayload.h
-- Installing: /workspace/jazzy_ws/install/include/fastrtps/rtps/common/RemoteLocators.hpp
-- Installing: /workspace/jazzy_ws/install/include/fastrtps/rtps/common/SampleIdentity.h
-- Installing: /workspace/jazzy_ws/install/include/fastrtps/rtps/common/Locator.h
-- Installing: /workspace/jazzy_ws/install/include/fastrtps/rtps/common/Property.h
-- Installing: /workspace/jazzy_ws/install/include/fastrtps/rtps/common/CDRMessage_t.h
-- Installing: /workspace/jazzy_ws/install/include/fastrtps/rtps/common/LocatorListComparisons.hpp
-- Installing: /workspace/jazzy_ws/install/include/fastrtps/rtps/common/LocatorSelector.hpp
-- Installing: /workspace/jazzy_ws/install/include/fastrtps/rtps/common/all_common.h
-- Installing: /workspace/jazzy_ws/install/include/fastrtps/rtps/common/PortParameters.h
-- Installing: /workspace/jazzy_ws/install/include/fastrtps/rtps/common/MatchingInfo.h
-- Installing: /workspace/jazzy_ws/install/include/fastrtps/rtps/common/CacheChange.h
-- Installing: /workspace/jazzy_ws/install/include/fastrtps/rtps/common/Time_t.h
-- Installing: /workspace/jazzy_ws/install/include/fastrtps/rtps/common/LocatorSelectorEntry.hpp
-- Installing: /workspace/jazzy_ws/install/include/fastrtps/rtps/common/InstanceHandle.h
-- Installing: /workspace/jazzy_ws/install/include/fastrtps/rtps/attributes
-- Installing: /workspace/jazzy_ws/install/include/fastrtps/rtps/attributes/EndpointAttributes.h
-- Installing: /workspace/jazzy_ws/install/include/fastrtps/rtps/attributes/ReaderAttributes.h
-- Installing: /workspace/jazzy_ws/install/include/fastrtps/rtps/attributes/PropertyPolicy.h
-- Installing: /workspace/jazzy_ws/install/include/fastrtps/rtps/attributes/ServerAttributes.h
-- Installing: /workspace/jazzy_ws/install/include/fastrtps/rtps/attributes/HistoryAttributes.h
-- Installing: /workspace/jazzy_ws/install/include/fastrtps/rtps/attributes/WriterAttributes.h
-- Installing: /workspace/jazzy_ws/install/include/fastrtps/rtps/attributes/RTPSParticipantAllocationAttributes.hpp
-- Installing: /workspace/jazzy_ws/install/include/fastrtps/rtps/attributes/RTPSParticipantAttributes.h
-- Installing: /workspace/jazzy_ws/install/include/fastrtps/rtps/resources
-- Installing: /workspace/jazzy_ws/install/include/fastrtps/rtps/resources/ResourceManagement.h
-- Installing: /workspace/jazzy_ws/install/include/fastrtps/rtps/resources/ResourceEvent.h
-- Installing: /workspace/jazzy_ws/install/include/fastrtps/rtps/resources/TimedEvent.h
-- Installing: /workspace/jazzy_ws/install/include/fastrtps/rtps/security
-- Installing: /workspace/jazzy_ws/install/include/fastrtps/rtps/security/accesscontrol
-- Installing: /workspace/jazzy_ws/install/include/fastrtps/rtps/security/accesscontrol/SecurityMaskUtilities.h
-- Installing: /workspace/jazzy_ws/install/include/fastrtps/rtps/security/accesscontrol/EndpointSecurityAttributes.h
-- Installing: /workspace/jazzy_ws/install/include/fastrtps/rtps/security/accesscontrol/AccessControl.h
-- Installing: /workspace/jazzy_ws/install/include/fastrtps/rtps/security/accesscontrol/ParticipantSecurityAttributes.h
-- Installing: /workspace/jazzy_ws/install/include/fastrtps/rtps/security/common
-- Installing: /workspace/jazzy_ws/install/include/fastrtps/rtps/security/common/Handle.h
-- Installing: /workspace/jazzy_ws/install/include/fastrtps/rtps/security/common/ParticipantGenericMessage.h
-- Installing: /workspace/jazzy_ws/install/include/fastrtps/rtps/security/common/SharedSecretHandle.h
-- Installing: /workspace/jazzy_ws/install/include/fastrtps/rtps/security/authentication
-- Installing: /workspace/jazzy_ws/install/include/fastrtps/rtps/security/authentication/Authentication.h
-- Installing: /workspace/jazzy_ws/install/include/fastrtps/rtps/security/authentication/Handshake.h
-- Installing: /workspace/jazzy_ws/install/include/fastrtps/rtps/security/exceptions
-- Installing: /workspace/jazzy_ws/install/include/fastrtps/rtps/security/exceptions/SecurityException.h
-- Installing: /workspace/jazzy_ws/install/include/fastrtps/rtps/security/cryptography
-- Installing: /workspace/jazzy_ws/install/include/fastrtps/rtps/security/cryptography/CryptoTransform.h
-- Installing: /workspace/jazzy_ws/install/include/fastrtps/rtps/security/cryptography/CryptoTypes.h
-- Installing: /workspace/jazzy_ws/install/include/fastrtps/rtps/security/cryptography/Cryptography.h
-- Installing: /workspace/jazzy_ws/install/include/fastrtps/rtps/security/cryptography/CryptoKeyFactory.h
-- Installing: /workspace/jazzy_ws/install/include/fastrtps/rtps/security/cryptography/CryptoKeyExchange.h
-- Installing: /workspace/jazzy_ws/install/include/fastrtps/rtps/Endpoint.h
-- Installing: /workspace/jazzy_ws/install/include/fastrtps/rtps/reader
-- Installing: /workspace/jazzy_ws/install/include/fastrtps/rtps/reader/StatefulReader.h
-- Installing: /workspace/jazzy_ws/install/include/fastrtps/rtps/reader/ReaderDiscoveryInfo.h
-- Installing: /workspace/jazzy_ws/install/include/fastrtps/rtps/reader/StatefulPersistentReader.h
-- Installing: /workspace/jazzy_ws/install/include/fastrtps/rtps/reader/StatelessReader.h
-- Installing: /workspace/jazzy_ws/install/include/fastrtps/rtps/reader/RTPSReader.h
-- Installing: /workspace/jazzy_ws/install/include/fastrtps/rtps/reader/ReaderListener.h
-- Installing: /workspace/jazzy_ws/install/include/fastrtps/rtps/reader/StatelessPersistentReader.h
-- Installing: /workspace/jazzy_ws/install/include/fastrtps/rtps/exceptions
-- Installing: /workspace/jazzy_ws/install/include/fastrtps/rtps/exceptions/Exception.h
-- Installing: /workspace/jazzy_ws/install/include/fastrtps/rtps/builtin
-- Installing: /workspace/jazzy_ws/install/include/fastrtps/rtps/builtin/liveliness
-- Installing: /workspace/jazzy_ws/install/include/fastrtps/rtps/builtin/liveliness/WLP.h
-- Installing: /workspace/jazzy_ws/install/include/fastrtps/rtps/builtin/liveliness/WLPListener.h
-- Installing: /workspace/jazzy_ws/install/include/fastrtps/rtps/builtin/discovery
-- Installing: /workspace/jazzy_ws/install/include/fastrtps/rtps/builtin/discovery/endpoint
-- Installing: /workspace/jazzy_ws/install/include/fastrtps/rtps/builtin/discovery/endpoint/EDP.h
-- Installing: /workspace/jazzy_ws/install/include/fastrtps/rtps/builtin/discovery/endpoint/EDPStatic.h
-- Installing: /workspace/jazzy_ws/install/include/fastrtps/rtps/builtin/discovery/endpoint/EDPSimple.h
-- Installing: /workspace/jazzy_ws/install/include/fastrtps/rtps/builtin/discovery/participant
-- Installing: /workspace/jazzy_ws/install/include/fastrtps/rtps/builtin/discovery/participant/PDPListener.h
-- Installing: /workspace/jazzy_ws/install/include/fastrtps/rtps/builtin/discovery/participant/PDP.h
-- Installing: /workspace/jazzy_ws/install/include/fastrtps/rtps/builtin/discovery/participant/PDPSimple.h
-- Installing: /workspace/jazzy_ws/install/include/fastrtps/rtps/builtin/BuiltinProtocols.h
-- Installing: /workspace/jazzy_ws/install/include/fastrtps/rtps/builtin/data
-- Installing: /workspace/jazzy_ws/install/include/fastrtps/rtps/builtin/data/ReaderProxyData.h
-- Installing: /workspace/jazzy_ws/install/include/fastrtps/rtps/builtin/data/ParticipantProxyData.h
-- Installing: /workspace/jazzy_ws/install/include/fastrtps/rtps/builtin/data/WriterProxyData.h
-- Installing: /workspace/jazzy_ws/install/include/fastrtps/rtps/flowcontrol
-- Installing: /workspace/jazzy_ws/install/include/fastrtps/rtps/flowcontrol/ThroughputControllerDescriptor.h
-- Installing: /workspace/jazzy_ws/install/include/fastrtps/rtps/rtps_all.h
-- Installing: /workspace/jazzy_ws/install/include/fastrtps/rtps/history
-- Installing: /workspace/jazzy_ws/install/include/fastrtps/rtps/history/ReaderHistory.h
-- Installing: /workspace/jazzy_ws/install/include/fastrtps/rtps/history/History.h
-- Installing: /workspace/jazzy_ws/install/include/fastrtps/rtps/history/WriterHistory.h
-- Installing: /workspace/jazzy_ws/install/include/fastrtps/rtps/network
-- Installing: /workspace/jazzy_ws/install/include/fastrtps/rtps/network/SenderResource.h
-- Installing: /workspace/jazzy_ws/install/include/fastrtps/rtps/writer
-- Installing: /workspace/jazzy_ws/install/include/fastrtps/rtps/writer/ReaderLocator.h
-- Installing: /workspace/jazzy_ws/install/include/fastrtps/rtps/writer/StatefulPersistentWriter.h
-- Installing: /workspace/jazzy_ws/install/include/fastrtps/rtps/writer/LivelinessData.h
-- Installing: /workspace/jazzy_ws/install/include/fastrtps/rtps/writer/LivelinessManager.h
-- Installing: /workspace/jazzy_ws/install/include/fastrtps/rtps/writer/PersistentWriter.h
-- Installing: /workspace/jazzy_ws/install/include/fastrtps/rtps/writer/WriterDiscoveryInfo.h
-- Installing: /workspace/jazzy_ws/install/include/fastrtps/rtps/writer/ReaderProxy.h
-- Installing: /workspace/jazzy_ws/install/include/fastrtps/rtps/writer/StatefulWriter.h
-- Installing: /workspace/jazzy_ws/install/include/fastrtps/rtps/writer/RTPSWriter.h
-- Installing: /workspace/jazzy_ws/install/include/fastrtps/rtps/writer/StatelessPersistentWriter.h
-- Installing: /workspace/jazzy_ws/install/include/fastrtps/rtps/writer/StatelessWriter.h
-- Installing: /workspace/jazzy_ws/install/include/fastrtps/rtps/writer/WriterListener.h
-- Installing: /workspace/jazzy_ws/install/include/fastrtps/rtps/participant
-- Installing: /workspace/jazzy_ws/install/include/fastrtps/rtps/participant/RTPSParticipant.h
-- Installing: /workspace/jazzy_ws/install/include/fastrtps/rtps/participant/RTPSParticipantListener.h
-- Installing: /workspace/jazzy_ws/install/include/fastrtps/rtps/participant/ParticipantDiscoveryInfo.h
-- Installing: /workspace/jazzy_ws/install/include/fastrtps/rtps/messages
-- Installing: /workspace/jazzy_ws/install/include/fastrtps/rtps/messages/MessageReceiver.h
-- Installing: /workspace/jazzy_ws/install/include/fastrtps/rtps/messages/RTPSMessageGroup.h
-- Installing: /workspace/jazzy_ws/install/include/fastrtps/rtps/messages/RTPSMessageSenderInterface.hpp
-- Installing: /workspace/jazzy_ws/install/include/fastrtps/rtps/messages/CDRMessage.h
-- Installing: /workspace/jazzy_ws/install/include/fastrtps/rtps/messages/RTPSMessageCreator.h
-- Installing: /workspace/jazzy_ws/install/include/fastrtps/rtps/messages/RTPS_messages.h
-- Installing: /workspace/jazzy_ws/install/include/fastrtps/rtps/RTPSDomain.h
-- Installing: /workspace/jazzy_ws/install/include/fastrtps/eProsima_auto_link.h
-- Installing: /workspace/jazzy_ws/install/include/fastrtps/transport
-- Installing: /workspace/jazzy_ws/install/include/fastrtps/transport/TransportReceiverInterface.h
-- Installing: /workspace/jazzy_ws/install/include/fastrtps/transport/UDPv6TransportDescriptor.h
-- Installing: /workspace/jazzy_ws/install/include/fastrtps/transport/test_UDPv4TransportDescriptor.h
-- Installing: /workspace/jazzy_ws/install/include/fastrtps/transport/TCPTransportDescriptor.h
-- Installing: /workspace/jazzy_ws/install/include/fastrtps/transport/TransportInterface.h
-- Installing: /workspace/jazzy_ws/install/include/fastrtps/transport/TCPv4TransportDescriptor.h
-- Installing: /workspace/jazzy_ws/install/include/fastrtps/transport/UDPTransportDescriptor.h
-- Installing: /workspace/jazzy_ws/install/include/fastrtps/transport/SocketTransportDescriptor.h
-- Installing: /workspace/jazzy_ws/install/include/fastrtps/transport/TransportDescriptorInterface.h
-- Installing: /workspace/jazzy_ws/install/include/fastrtps/transport/UDPv4TransportDescriptor.h
-- Installing: /workspace/jazzy_ws/install/include/fastrtps/transport/TCPv6TransportDescriptor.h
-- Installing: /workspace/jazzy_ws/install/include/fastrtps/fastrtps_dll.h
-- Installing: /workspace/jazzy_ws/install/include/fastrtps/publisher
-- Installing: /workspace/jazzy_ws/install/include/fastrtps/publisher/PublisherHistory.h
-- Installing: /workspace/jazzy_ws/install/include/fastrtps/publisher/Publisher.h
-- Installing: /workspace/jazzy_ws/install/include/fastrtps/publisher/PublisherListener.h
-- Installing: /workspace/jazzy_ws/install/include/fastrtps/fastrtps_fwd.h
-- Installing: /workspace/jazzy_ws/install/include/fastrtps/xmlparser
-- Installing: /workspace/jazzy_ws/install/include/fastrtps/xmlparser/XMLEndpointParser.h
-- Installing: /workspace/jazzy_ws/install/include/fastrtps/xmlparser/XMLTree.h
-- Installing: /workspace/jazzy_ws/install/include/fastrtps/xmlparser/XMLProfileManager.h
-- Installing: /workspace/jazzy_ws/install/include/fastrtps/xmlparser/XMLParser.h
-- Installing: /workspace/jazzy_ws/install/include/fastrtps/xmlparser/XMLParserCommon.h
-- Installing: /workspace/jazzy_ws/install/include/fastrtps/subscriber
-- Installing: /workspace/jazzy_ws/install/include/fastrtps/subscriber/SubscriberHistory.h
-- Installing: /workspace/jazzy_ws/install/include/fastrtps/subscriber/SubscriberListener.h
-- Installing: /workspace/jazzy_ws/install/include/fastrtps/subscriber/SampleInfo.h
-- Installing: /workspace/jazzy_ws/install/include/fastrtps/subscriber/Subscriber.h
-- Installing: /workspace/jazzy_ws/install/include/fastrtps/config
-- Installing: /workspace/jazzy_ws/install/include/fastrtps/config/doxygen_modules.h
-- Installing: /workspace/jazzy_ws/install/include/fastrtps/TopicDataType.h
-- Installing: /workspace/jazzy_ws/install/include/fastrtps/qos
-- Installing: /workspace/jazzy_ws/install/include/fastrtps/qos/DeadlineMissedStatus.h
-- Installing: /workspace/jazzy_ws/install/include/fastrtps/qos/QosPolicies.h
-- Installing: /workspace/jazzy_ws/install/include/fastrtps/qos/LivelinessChangedStatus.h
-- Installing: /workspace/jazzy_ws/install/include/fastrtps/qos/IncompatibleQosStatus.hpp
-- Installing: /workspace/jazzy_ws/install/include/fastrtps/qos/SampleRejectedStatus.hpp
-- Installing: /workspace/jazzy_ws/install/include/fastrtps/qos/LivelinessLostStatus.h
-- Installing: /workspace/jazzy_ws/install/include/fastrtps/qos/WriterQos.h
-- Installing: /workspace/jazzy_ws/install/include/fastrtps/qos/ReaderQos.h
-- Installing: /workspace/jazzy_ws/install/include/fastrtps/qos/ParameterTypes.h
-- Installing: /workspace/jazzy_ws/install/include/fastrtps/Domain.h
-- Installing: /workspace/jazzy_ws/install/include/fastrtps/participant
-- Installing: /workspace/jazzy_ws/install/include/fastrtps/participant/ParticipantListener.h
-- Installing: /workspace/jazzy_ws/install/include/fastrtps/participant/Participant.h
-- Installing: /workspace/jazzy_ws/install/include/fastrtps/log
-- Installing: /workspace/jazzy_ws/install/include/fastrtps/log/Colors.h
-- Installing: /workspace/jazzy_ws/install/include/fastrtps/log/StdoutConsumer.h
-- Installing: /workspace/jazzy_ws/install/include/fastrtps/log/Log.h
-- Installing: /workspace/jazzy_ws/install/include/fastrtps/log/FileConsumer.h
-- Installing: /workspace/jazzy_ws/install/include/fastrtps/types
-- Installing: /workspace/jazzy_ws/install/include/fastrtps/types/TypesBase.h
-- Installing: /workspace/jazzy_ws/install/include/fastrtps/types/DynamicPubSubType.h
-- Installing: /workspace/jazzy_ws/install/include/fastrtps/types/TypeObjectFactory.h
-- Installing: /workspace/jazzy_ws/install/include/fastrtps/types/DynamicTypeMember.h
-- Installing: /workspace/jazzy_ws/install/include/fastrtps/types/AnnotationParameterValue.h
-- Installing: /workspace/jazzy_ws/install/include/fastrtps/types/TypeObjectHashId.h
-- Installing: /workspace/jazzy_ws/install/include/fastrtps/types/DynamicTypeBuilder.h
-- Installing: /workspace/jazzy_ws/install/include/fastrtps/types/DynamicDataHelper.hpp
-- Installing: /workspace/jazzy_ws/install/include/fastrtps/types/TypeDescriptor.h
-- Installing: /workspace/jazzy_ws/install/include/fastrtps/types/MemberDescriptor.h
-- Installing: /workspace/jazzy_ws/install/include/fastrtps/types/BuiltinAnnotationsTypeObject.h
-- Installing: /workspace/jazzy_ws/install/include/fastrtps/types/DynamicType.h
-- Installing: /workspace/jazzy_ws/install/include/fastrtps/types/DynamicTypePtr.h
-- Installing: /workspace/jazzy_ws/install/include/fastrtps/types/DynamicDataPtr.h
-- Installing: /workspace/jazzy_ws/install/include/fastrtps/types/DynamicTypeBuilderPtr.h
-- Installing: /workspace/jazzy_ws/install/include/fastrtps/types/TypeObject.h
-- Installing: /workspace/jazzy_ws/install/include/fastrtps/types/TypeIdentifierTypes.h
-- Installing: /workspace/jazzy_ws/install/include/fastrtps/types/AnnotationDescriptor.h
-- Installing: /workspace/jazzy_ws/install/include/fastrtps/types/DynamicData.h
-- Installing: /workspace/jazzy_ws/install/include/fastrtps/types/DynamicTypeBuilderFactory.h
-- Installing: /workspace/jazzy_ws/install/include/fastrtps/types/DynamicLoanableSequence.hpp
-- Installing: /workspace/jazzy_ws/install/include/fastrtps/types/TypeIdentifier.h
-- Installing: /workspace/jazzy_ws/install/include/fastrtps/types/DynamicDataFactory.h
-- Installing: /workspace/jazzy_ws/install/include/fastrtps/types/TypeNamesGenerator.h
-- Installing: /workspace/jazzy_ws/install/include/fastdds
-- Installing: /workspace/jazzy_ws/install/include/fastdds/statistics
-- Installing: /workspace/jazzy_ws/install/include/fastdds/statistics/IListeners.hpp
-- Installing: /workspace/jazzy_ws/install/include/fastdds/statistics/topic_names.hpp
-- Installing: /workspace/jazzy_ws/install/include/fastdds/statistics/rtps
-- Installing: /workspace/jazzy_ws/install/include/fastdds/statistics/rtps/monitor_service
-- Installing: /workspace/jazzy_ws/install/include/fastdds/statistics/rtps/monitor_service/connections_fwd.hpp
-- Installing: /workspace/jazzy_ws/install/include/fastdds/statistics/rtps/monitor_service/interfaces
-- Installing: /workspace/jazzy_ws/install/include/fastdds/statistics/rtps/monitor_service/interfaces/IProxyQueryable.hpp
-- Installing: /workspace/jazzy_ws/install/include/fastdds/statistics/rtps/StatisticsCommon.hpp
-- Installing: /workspace/jazzy_ws/install/include/fastdds/statistics/dds
-- Installing: /workspace/jazzy_ws/install/include/fastdds/statistics/dds/domain
-- Installing: /workspace/jazzy_ws/install/include/fastdds/statistics/dds/domain/DomainParticipant.hpp
-- Installing: /workspace/jazzy_ws/install/include/fastdds/statistics/dds/publisher
-- Installing: /workspace/jazzy_ws/install/include/fastdds/statistics/dds/publisher/qos
-- Installing: /workspace/jazzy_ws/install/include/fastdds/statistics/dds/publisher/qos/DataWriterQos.hpp
-- Installing: /workspace/jazzy_ws/install/include/fastdds/statistics/dds/subscriber
-- Installing: /workspace/jazzy_ws/install/include/fastdds/statistics/dds/subscriber/qos
-- Installing: /workspace/jazzy_ws/install/include/fastdds/statistics/dds/subscriber/qos/DataReaderQos.hpp
-- Installing: /workspace/jazzy_ws/install/include/fastdds/rtps
-- Installing: /workspace/jazzy_ws/install/include/fastdds/rtps/rtps_fwd.h
-- Installing: /workspace/jazzy_ws/install/include/fastdds/rtps/common
-- Installing: /workspace/jazzy_ws/install/include/fastdds/rtps/common/FragmentNumber.h
-- Installing: /workspace/jazzy_ws/install/include/fastdds/rtps/common/CdrSerialization.hpp
-- Installing: /workspace/jazzy_ws/install/include/fastdds/rtps/common/WriteParams.h
-- Installing: /workspace/jazzy_ws/install/include/fastdds/rtps/common/ChangeKind_t.hpp
-- Installing: /workspace/jazzy_ws/install/include/fastdds/rtps/common/Token.h
-- Installing: /workspace/jazzy_ws/install/include/fastdds/rtps/common/LocatorsIterator.hpp
-- Installing: /workspace/jazzy_ws/install/include/fastdds/rtps/common/Types.h
-- Installing: /workspace/jazzy_ws/install/include/fastdds/rtps/common/SequenceNumber.h
-- Installing: /workspace/jazzy_ws/install/include/fastdds/rtps/common/BinaryProperty.h
-- Installing: /workspace/jazzy_ws/install/include/fastdds/rtps/common/Guid.h
-- Installing: /workspace/jazzy_ws/install/include/fastdds/rtps/common/GuidPrefix_t.hpp
-- Installing: /workspace/jazzy_ws/install/include/fastdds/rtps/common/LocatorList.hpp
-- Installing: /workspace/jazzy_ws/install/include/fastdds/rtps/common/EntityId_t.hpp
-- Installing: /workspace/jazzy_ws/install/include/fastdds/rtps/common/SerializedPayload.h
-- Installing: /workspace/jazzy_ws/install/include/fastdds/rtps/common/RemoteLocators.hpp
-- Installing: /workspace/jazzy_ws/install/include/fastdds/rtps/common/SampleIdentity.h
-- Installing: /workspace/jazzy_ws/install/include/fastdds/rtps/common/Locator.h
-- Installing: /workspace/jazzy_ws/install/include/fastdds/rtps/common/Property.h
-- Installing: /workspace/jazzy_ws/install/include/fastdds/rtps/common/LocatorWithMask.hpp
-- Installing: /workspace/jazzy_ws/install/include/fastdds/rtps/common/CDRMessage_t.h
-- Installing: /workspace/jazzy_ws/install/include/fastdds/rtps/common/LocatorListComparisons.hpp
-- Installing: /workspace/jazzy_ws/install/include/fastdds/rtps/common/LocatorSelector.hpp
-- Installing: /workspace/jazzy_ws/install/include/fastdds/rtps/common/all_common.h
-- Installing: /workspace/jazzy_ws/install/include/fastdds/rtps/common/PortParameters.h
-- Installing: /workspace/jazzy_ws/install/include/fastdds/rtps/common/MatchingInfo.h
-- Installing: /workspace/jazzy_ws/install/include/fastdds/rtps/common/CacheChange.h
-- Installing: /workspace/jazzy_ws/install/include/fastdds/rtps/common/Time_t.h
-- Installing: /workspace/jazzy_ws/install/include/fastdds/rtps/common/LocatorSelectorEntry.hpp
-- Installing: /workspace/jazzy_ws/install/include/fastdds/rtps/common/VendorId_t.hpp
-- Installing: /workspace/jazzy_ws/install/include/fastdds/rtps/common/InstanceHandle.h
-- Installing: /workspace/jazzy_ws/install/include/fastdds/rtps/attributes
-- Installing: /workspace/jazzy_ws/install/include/fastdds/rtps/attributes/ExternalLocators.hpp
-- Installing: /workspace/jazzy_ws/install/include/fastdds/rtps/attributes/EndpointAttributes.h
-- Installing: /workspace/jazzy_ws/install/include/fastdds/rtps/attributes/ReaderAttributes.h
-- Installing: /workspace/jazzy_ws/install/include/fastdds/rtps/attributes/PropertyPolicy.h
-- Installing: /workspace/jazzy_ws/install/include/fastdds/rtps/attributes/ServerAttributes.h
-- Installing: /workspace/jazzy_ws/install/include/fastdds/rtps/attributes/HistoryAttributes.h
-- Installing: /workspace/jazzy_ws/install/include/fastdds/rtps/attributes/BuiltinTransports.hpp
-- Installing: /workspace/jazzy_ws/install/include/fastdds/rtps/attributes/ThreadSettings.hpp
-- Installing: /workspace/jazzy_ws/install/include/fastdds/rtps/attributes/WriterAttributes.h
-- Installing: /workspace/jazzy_ws/install/include/fastdds/rtps/attributes/RTPSParticipantAllocationAttributes.hpp
-- Installing: /workspace/jazzy_ws/install/include/fastdds/rtps/attributes/RTPSParticipantAttributes.h
-- Installing: /workspace/jazzy_ws/install/include/fastdds/rtps/resources
-- Installing: /workspace/jazzy_ws/install/include/fastdds/rtps/resources/ResourceManagement.h
-- Installing: /workspace/jazzy_ws/install/include/fastdds/rtps/resources/ResourceEvent.h
-- Installing: /workspace/jazzy_ws/install/include/fastdds/rtps/resources/TimedEvent.h
-- Installing: /workspace/jazzy_ws/install/include/fastdds/rtps/transport
-- Installing: /workspace/jazzy_ws/install/include/fastdds/rtps/transport/TransportReceiverInterface.h
-- Installing: /workspace/jazzy_ws/install/include/fastdds/rtps/transport/UDPv6TransportDescriptor.h
-- Installing: /workspace/jazzy_ws/install/include/fastdds/rtps/transport/test_UDPv4TransportDescriptor.h
-- Installing: /workspace/jazzy_ws/install/include/fastdds/rtps/transport/TCPTransportDescriptor.h
-- Installing: /workspace/jazzy_ws/install/include/fastdds/rtps/transport/TransportInterface.h
-- Installing: /workspace/jazzy_ws/install/include/fastdds/rtps/transport/TCPv4TransportDescriptor.h
-- Installing: /workspace/jazzy_ws/install/include/fastdds/rtps/transport/UDPTransportDescriptor.h
-- Installing: /workspace/jazzy_ws/install/include/fastdds/rtps/transport/PortBasedTransportDescriptor.hpp
-- Installing: /workspace/jazzy_ws/install/include/fastdds/rtps/transport/ChainingTransportDescriptor.h
-- Installing: /workspace/jazzy_ws/install/include/fastdds/rtps/transport/network
-- Installing: /workspace/jazzy_ws/install/include/fastdds/rtps/transport/network/BlockedNetworkInterface.hpp
-- Installing: /workspace/jazzy_ws/install/include/fastdds/rtps/transport/network/NetworkInterface.hpp
-- Installing: /workspace/jazzy_ws/install/include/fastdds/rtps/transport/network/AllowedNetworkInterface.hpp
-- Installing: /workspace/jazzy_ws/install/include/fastdds/rtps/transport/network/NetmaskFilterKind.hpp
-- Installing: /workspace/jazzy_ws/install/include/fastdds/rtps/transport/network/NetworkInterfaceWithFilter.hpp
-- Installing: /workspace/jazzy_ws/install/include/fastdds/rtps/transport/shared_mem
-- Installing: /workspace/jazzy_ws/install/include/fastdds/rtps/transport/shared_mem/SharedMemTransportDescriptor.h
-- Installing: /workspace/jazzy_ws/install/include/fastdds/rtps/transport/SenderResource.h
-- Installing: /workspace/jazzy_ws/install/include/fastdds/rtps/transport/SocketTransportDescriptor.h
-- Installing: /workspace/jazzy_ws/install/include/fastdds/rtps/transport/ChainingTransport.h
-- Installing: /workspace/jazzy_ws/install/include/fastdds/rtps/transport/TransportDescriptorInterface.h
-- Installing: /workspace/jazzy_ws/install/include/fastdds/rtps/transport/UDPv4TransportDescriptor.h
-- Installing: /workspace/jazzy_ws/install/include/fastdds/rtps/transport/TCPv6TransportDescriptor.h
-- Installing: /workspace/jazzy_ws/install/include/fastdds/rtps/security
-- Installing: /workspace/jazzy_ws/install/include/fastdds/rtps/security/accesscontrol
-- Installing: /workspace/jazzy_ws/install/include/fastdds/rtps/security/accesscontrol/SecurityMaskUtilities.h
-- Installing: /workspace/jazzy_ws/install/include/fastdds/rtps/security/accesscontrol/EndpointSecurityAttributes.h
-- Installing: /workspace/jazzy_ws/install/include/fastdds/rtps/security/accesscontrol/AccessControl.h
-- Installing: /workspace/jazzy_ws/install/include/fastdds/rtps/security/accesscontrol/ParticipantSecurityAttributes.h
-- Installing: /workspace/jazzy_ws/install/include/fastdds/rtps/security/common
-- Installing: /workspace/jazzy_ws/install/include/fastdds/rtps/security/common/Handle.h
-- Installing: /workspace/jazzy_ws/install/include/fastdds/rtps/security/common/ParticipantGenericMessage.h
-- Installing: /workspace/jazzy_ws/install/include/fastdds/rtps/security/common/SharedSecretHandle.h
-- Installing: /workspace/jazzy_ws/install/include/fastdds/rtps/security/authentication
-- Installing: /workspace/jazzy_ws/install/include/fastdds/rtps/security/authentication/Authentication.h
-- Installing: /workspace/jazzy_ws/install/include/fastdds/rtps/security/authentication/Handshake.h
-- Installing: /workspace/jazzy_ws/install/include/fastdds/rtps/security/logging
-- Installing: /workspace/jazzy_ws/install/include/fastdds/rtps/security/logging/Logging.h
-- Installing: /workspace/jazzy_ws/install/include/fastdds/rtps/security/logging/LoggingLevel.h
-- Installing: /workspace/jazzy_ws/install/include/fastdds/rtps/security/logging/BuiltinLoggingType.h
-- Installing: /workspace/jazzy_ws/install/include/fastdds/rtps/security/logging/NameValuePair.h
-- Installing: /workspace/jazzy_ws/install/include/fastdds/rtps/security/logging/LogOptions.h
-- Installing: /workspace/jazzy_ws/install/include/fastdds/rtps/security/exceptions
-- Installing: /workspace/jazzy_ws/install/include/fastdds/rtps/security/exceptions/SecurityException.h
-- Installing: /workspace/jazzy_ws/install/include/fastdds/rtps/security/cryptography
-- Installing: /workspace/jazzy_ws/install/include/fastdds/rtps/security/cryptography/CryptoTransform.h
-- Installing: /workspace/jazzy_ws/install/include/fastdds/rtps/security/cryptography/CryptoTypes.h
-- Installing: /workspace/jazzy_ws/install/include/fastdds/rtps/security/cryptography/Cryptography.h
-- Installing: /workspace/jazzy_ws/install/include/fastdds/rtps/security/cryptography/CryptoKeyFactory.h
-- Installing: /workspace/jazzy_ws/install/include/fastdds/rtps/security/cryptography/CryptoKeyExchange.h
-- Installing: /workspace/jazzy_ws/install/include/fastdds/rtps/Endpoint.h
-- Installing: /workspace/jazzy_ws/install/include/fastdds/rtps/interfaces
-- Installing: /workspace/jazzy_ws/install/include/fastdds/rtps/interfaces/IReaderDataFilter.hpp
-- Installing: /workspace/jazzy_ws/install/include/fastdds/rtps/reader
-- Installing: /workspace/jazzy_ws/install/include/fastdds/rtps/reader/StatefulReader.h
-- Installing: /workspace/jazzy_ws/install/include/fastdds/rtps/reader/ReaderDiscoveryInfo.h
-- Installing: /workspace/jazzy_ws/install/include/fastdds/rtps/reader/StatefulPersistentReader.h
-- Installing: /workspace/jazzy_ws/install/include/fastdds/rtps/reader/StatelessReader.h
-- Installing: /workspace/jazzy_ws/install/include/fastdds/rtps/reader/RTPSReader.h
-- Installing: /workspace/jazzy_ws/install/include/fastdds/rtps/reader/LocalReaderPointer.hpp
-- Installing: /workspace/jazzy_ws/install/include/fastdds/rtps/reader/ReaderListener.h
-- Installing: /workspace/jazzy_ws/install/include/fastdds/rtps/reader/StatelessPersistentReader.h
-- Installing: /workspace/jazzy_ws/install/include/fastdds/rtps/exceptions
-- Installing: /workspace/jazzy_ws/install/include/fastdds/rtps/exceptions/Exception.h
-- Installing: /workspace/jazzy_ws/install/include/fastdds/rtps/builtin
-- Installing: /workspace/jazzy_ws/install/include/fastdds/rtps/builtin/liveliness
-- Installing: /workspace/jazzy_ws/install/include/fastdds/rtps/builtin/liveliness/WLP.h
-- Installing: /workspace/jazzy_ws/install/include/fastdds/rtps/builtin/liveliness/WLPListener.h
-- Installing: /workspace/jazzy_ws/install/include/fastdds/rtps/builtin/discovery
-- Installing: /workspace/jazzy_ws/install/include/fastdds/rtps/builtin/discovery/endpoint
-- Installing: /workspace/jazzy_ws/install/include/fastdds/rtps/builtin/discovery/endpoint/EDP.h
-- Installing: /workspace/jazzy_ws/install/include/fastdds/rtps/builtin/discovery/endpoint/EDPStatic.h
-- Installing: /workspace/jazzy_ws/install/include/fastdds/rtps/builtin/discovery/endpoint/EDPSimple.h
-- Installing: /workspace/jazzy_ws/install/include/fastdds/rtps/builtin/discovery/participant
-- Installing: /workspace/jazzy_ws/install/include/fastdds/rtps/builtin/discovery/participant/PDPListener.h
-- Installing: /workspace/jazzy_ws/install/include/fastdds/rtps/builtin/discovery/participant/PDP.h
-- Installing: /workspace/jazzy_ws/install/include/fastdds/rtps/builtin/discovery/participant/PDPSimple.h
-- Installing: /workspace/jazzy_ws/install/include/fastdds/rtps/builtin/BuiltinProtocols.h
-- Installing: /workspace/jazzy_ws/install/include/fastdds/rtps/builtin/data
-- Installing: /workspace/jazzy_ws/install/include/fastdds/rtps/builtin/data/ReaderProxyData.h
-- Installing: /workspace/jazzy_ws/install/include/fastdds/rtps/builtin/data/ParticipantProxyData.h
-- Installing: /workspace/jazzy_ws/install/include/fastdds/rtps/builtin/data/BuiltinEndpoints.hpp
-- Installing: /workspace/jazzy_ws/install/include/fastdds/rtps/builtin/data/NetworkConfiguration.hpp
-- Installing: /workspace/jazzy_ws/install/include/fastdds/rtps/builtin/data/ContentFilterProperty.hpp
-- Installing: /workspace/jazzy_ws/install/include/fastdds/rtps/builtin/data/WriterProxyData.h
-- Installing: /workspace/jazzy_ws/install/include/fastdds/rtps/flowcontrol
-- Installing: /workspace/jazzy_ws/install/include/fastdds/rtps/flowcontrol/ThroughputControllerDescriptor.h
-- Installing: /workspace/jazzy_ws/install/include/fastdds/rtps/flowcontrol/FlowControllerSchedulerPolicy.hpp
-- Installing: /workspace/jazzy_ws/install/include/fastdds/rtps/flowcontrol/FlowControllerDescriptor.hpp
-- Installing: /workspace/jazzy_ws/install/include/fastdds/rtps/flowcontrol/FlowControllerConsts.hpp
-- Installing: /workspace/jazzy_ws/install/include/fastdds/rtps/rtps_all.h
-- Installing: /workspace/jazzy_ws/install/include/fastdds/rtps/history
-- Installing: /workspace/jazzy_ws/install/include/fastdds/rtps/history/IPayloadPool.h
-- Installing: /workspace/jazzy_ws/install/include/fastdds/rtps/history/ReaderHistory.h
-- Installing: /workspace/jazzy_ws/install/include/fastdds/rtps/history/History.h
-- Installing: /workspace/jazzy_ws/install/include/fastdds/rtps/history/WriterHistory.h
-- Installing: /workspace/jazzy_ws/install/include/fastdds/rtps/history/IChangePool.h
-- Installing: /workspace/jazzy_ws/install/include/fastdds/rtps/network
-- Installing: /workspace/jazzy_ws/install/include/fastdds/rtps/network/SenderResource.h
-- Installing: /workspace/jazzy_ws/install/include/fastdds/rtps/writer
-- Installing: /workspace/jazzy_ws/install/include/fastdds/rtps/writer/ReaderLocator.h
-- Installing: /workspace/jazzy_ws/install/include/fastdds/rtps/writer/IReaderDataFilter.hpp
-- Installing: /workspace/jazzy_ws/install/include/fastdds/rtps/writer/StatefulPersistentWriter.h
-- Installing: /workspace/jazzy_ws/install/include/fastdds/rtps/writer/LocatorSelectorSender.hpp
-- Installing: /workspace/jazzy_ws/install/include/fastdds/rtps/writer/ChangeForReader.h
-- Installing: /workspace/jazzy_ws/install/include/fastdds/rtps/writer/LivelinessData.h
-- Installing: /workspace/jazzy_ws/install/include/fastdds/rtps/writer/LivelinessManager.h
-- Installing: /workspace/jazzy_ws/install/include/fastdds/rtps/writer/PersistentWriter.h
-- Installing: /workspace/jazzy_ws/install/include/fastdds/rtps/writer/WriterDiscoveryInfo.h
-- Installing: /workspace/jazzy_ws/install/include/fastdds/rtps/writer/DeliveryRetCode.hpp
-- Installing: /workspace/jazzy_ws/install/include/fastdds/rtps/writer/ReaderProxy.h
-- Installing: /workspace/jazzy_ws/install/include/fastdds/rtps/writer/StatefulWriter.h
-- Installing: /workspace/jazzy_ws/install/include/fastdds/rtps/writer/RTPSWriter.h
-- Installing: /workspace/jazzy_ws/install/include/fastdds/rtps/writer/StatelessPersistentWriter.h
-- Installing: /workspace/jazzy_ws/install/include/fastdds/rtps/writer/StatelessWriter.h
-- Installing: /workspace/jazzy_ws/install/include/fastdds/rtps/writer/WriterListener.h
-- Installing: /workspace/jazzy_ws/install/include/fastdds/rtps/participant
-- Installing: /workspace/jazzy_ws/install/include/fastdds/rtps/participant/RTPSParticipant.h
-- Installing: /workspace/jazzy_ws/install/include/fastdds/rtps/participant/RTPSParticipantListener.h
-- Installing: /workspace/jazzy_ws/install/include/fastdds/rtps/participant/ParticipantDiscoveryInfo.h
-- Installing: /workspace/jazzy_ws/install/include/fastdds/rtps/messages
-- Installing: /workspace/jazzy_ws/install/include/fastdds/rtps/messages/MessageReceiver.h
-- Installing: /workspace/jazzy_ws/install/include/fastdds/rtps/messages/RTPSMessageGroup.h
-- Installing: /workspace/jazzy_ws/install/include/fastdds/rtps/messages/RTPSMessageSenderInterface.hpp
-- Installing: /workspace/jazzy_ws/install/include/fastdds/rtps/messages/CDRMessage.h
-- Installing: /workspace/jazzy_ws/install/include/fastdds/rtps/messages/RTPSMessageCreator.h
-- Installing: /workspace/jazzy_ws/install/include/fastdds/rtps/messages/RTPS_messages.h
-- Installing: /workspace/jazzy_ws/install/include/fastdds/rtps/messages/CDRMessage.hpp
-- Installing: /workspace/jazzy_ws/install/include/fastdds/rtps/RTPSDomain.h
-- Installing: /workspace/jazzy_ws/install/include/fastdds/dds
-- Installing: /workspace/jazzy_ws/install/include/fastdds/dds/common
-- Installing: /workspace/jazzy_ws/install/include/fastdds/dds/common/InstanceHandle.hpp
-- Installing: /workspace/jazzy_ws/install/include/fastdds/dds/domain
-- Installing: /workspace/jazzy_ws/install/include/fastdds/dds/domain/DomainParticipantFactory.hpp
-- Installing: /workspace/jazzy_ws/install/include/fastdds/dds/domain/DomainParticipantListener.hpp
-- Installing: /workspace/jazzy_ws/install/include/fastdds/dds/domain/qos
-- Installing: /workspace/jazzy_ws/install/include/fastdds/dds/domain/qos/DomainParticipantQos.hpp
-- Installing: /workspace/jazzy_ws/install/include/fastdds/dds/domain/qos/DomainParticipantFactoryQos.hpp
-- Installing: /workspace/jazzy_ws/install/include/fastdds/dds/domain/DomainParticipant.hpp
-- Installing: /workspace/jazzy_ws/install/include/fastdds/dds/publisher
-- Installing: /workspace/jazzy_ws/install/include/fastdds/dds/publisher/DataWriter.hpp
-- Installing: /workspace/jazzy_ws/install/include/fastdds/dds/publisher/DataWriterListener.hpp
-- Installing: /workspace/jazzy_ws/install/include/fastdds/dds/publisher/Publisher.hpp
-- Installing: /workspace/jazzy_ws/install/include/fastdds/dds/publisher/PublisherListener.hpp
-- Installing: /workspace/jazzy_ws/install/include/fastdds/dds/publisher/qos
-- Installing: /workspace/jazzy_ws/install/include/fastdds/dds/publisher/qos/DataWriterQos.hpp
-- Installing: /workspace/jazzy_ws/install/include/fastdds/dds/publisher/qos/PublisherQos.hpp
-- Installing: /workspace/jazzy_ws/install/include/fastdds/dds/publisher/qos/WriterQos.hpp
-- Installing: /workspace/jazzy_ws/install/include/fastdds/dds/topic
-- Installing: /workspace/jazzy_ws/install/include/fastdds/dds/topic/ContentFilteredTopic.hpp
-- Installing: /workspace/jazzy_ws/install/include/fastdds/dds/topic/Topic.hpp
-- Installing: /workspace/jazzy_ws/install/include/fastdds/dds/topic/IContentFilter.hpp
-- Installing: /workspace/jazzy_ws/install/include/fastdds/dds/topic/TypeSupport.hpp
-- Installing: /workspace/jazzy_ws/install/include/fastdds/dds/topic/IContentFilterFactory.hpp
-- Installing: /workspace/jazzy_ws/install/include/fastdds/dds/topic/TopicDataType.hpp
-- Installing: /workspace/jazzy_ws/install/include/fastdds/dds/topic/TopicDescription.hpp
-- Installing: /workspace/jazzy_ws/install/include/fastdds/dds/topic/qos
-- Installing: /workspace/jazzy_ws/install/include/fastdds/dds/topic/qos/TopicQos.hpp
-- Installing: /workspace/jazzy_ws/install/include/fastdds/dds/topic/TopicListener.hpp
-- Installing: /workspace/jazzy_ws/install/include/fastdds/dds/builtin
-- Installing: /workspace/jazzy_ws/install/include/fastdds/dds/builtin/common
-- Installing: /workspace/jazzy_ws/install/include/fastdds/dds/builtin/common/Types.hpp
-- Installing: /workspace/jazzy_ws/install/include/fastdds/dds/builtin/common/ReplyHeader.hpp
-- Installing: /workspace/jazzy_ws/install/include/fastdds/dds/builtin/common/RequestHeader.hpp
-- Installing: /workspace/jazzy_ws/install/include/fastdds/dds/builtin/topic
-- Installing: /workspace/jazzy_ws/install/include/fastdds/dds/builtin/topic/TopicBuiltinTopicData.hpp
-- Installing: /workspace/jazzy_ws/install/include/fastdds/dds/builtin/topic/BuiltinTopicKey.hpp
-- Installing: /workspace/jazzy_ws/install/include/fastdds/dds/builtin/topic/SubscriptionBuiltinTopicData.hpp
-- Installing: /workspace/jazzy_ws/install/include/fastdds/dds/builtin/topic/ParticipantBuiltinTopicData.hpp
-- Installing: /workspace/jazzy_ws/install/include/fastdds/dds/builtin/topic/PublicationBuiltinTopicData.hpp
-- Installing: /workspace/jazzy_ws/install/include/fastdds/dds/builtin/typelookup
-- Installing: /workspace/jazzy_ws/install/include/fastdds/dds/builtin/typelookup/common
-- Installing: /workspace/jazzy_ws/install/include/fastdds/dds/builtin/typelookup/common/TypeLookupTypes.hpp
-- Installing: /workspace/jazzy_ws/install/include/fastdds/dds/builtin/typelookup/TypeLookupRequestListener.hpp
-- Installing: /workspace/jazzy_ws/install/include/fastdds/dds/builtin/typelookup/TypeLookupReplyListener.hpp
-- Installing: /workspace/jazzy_ws/install/include/fastdds/dds/builtin/typelookup/TypeLookupManager.hpp
-- Installing: /workspace/jazzy_ws/install/include/fastdds/dds/subscriber
-- Installing: /workspace/jazzy_ws/install/include/fastdds/dds/subscriber/ViewState.hpp
-- Installing: /workspace/jazzy_ws/install/include/fastdds/dds/subscriber/ReadCondition.hpp
-- Installing: /workspace/jazzy_ws/install/include/fastdds/dds/subscriber/SampleState.hpp
-- Installing: /workspace/jazzy_ws/install/include/fastdds/dds/subscriber/DataReaderListener.hpp
-- Installing: /workspace/jazzy_ws/install/include/fastdds/dds/subscriber/SampleInfo.hpp
-- Installing: /workspace/jazzy_ws/install/include/fastdds/dds/subscriber/InstanceState.hpp
-- Installing: /workspace/jazzy_ws/install/include/fastdds/dds/subscriber/Subscriber.hpp
-- Installing: /workspace/jazzy_ws/install/include/fastdds/dds/subscriber/DataReader.hpp
-- Installing: /workspace/jazzy_ws/install/include/fastdds/dds/subscriber/qos
-- Installing: /workspace/jazzy_ws/install/include/fastdds/dds/subscriber/qos/DataReaderQos.hpp
-- Installing: /workspace/jazzy_ws/install/include/fastdds/dds/subscriber/qos/ReaderQos.hpp
-- Installing: /workspace/jazzy_ws/install/include/fastdds/dds/subscriber/qos/SubscriberQos.hpp
-- Installing: /workspace/jazzy_ws/install/include/fastdds/dds/subscriber/SubscriberListener.hpp
-- Installing: /workspace/jazzy_ws/install/include/fastdds/dds/core
-- Installing: /workspace/jazzy_ws/install/include/fastdds/dds/core/UserAllocatedSequence.hpp
-- Installing: /workspace/jazzy_ws/install/include/fastdds/dds/core/status
-- Installing: /workspace/jazzy_ws/install/include/fastdds/dds/core/status/DeadlineMissedStatus.hpp
-- Installing: /workspace/jazzy_ws/install/include/fastdds/dds/core/status/StatusMask.hpp
-- Installing: /workspace/jazzy_ws/install/include/fastdds/dds/core/status/IncompatibleQosStatus.hpp
-- Installing: /workspace/jazzy_ws/install/include/fastdds/dds/core/status/SubscriptionMatchedStatus.hpp
-- Installing: /workspace/jazzy_ws/install/include/fastdds/dds/core/status/PublicationMatchedStatus.hpp
-- Installing: /workspace/jazzy_ws/install/include/fastdds/dds/core/status/LivelinessChangedStatus.hpp
-- Installing: /workspace/jazzy_ws/install/include/fastdds/dds/core/status/SampleRejectedStatus.hpp
-- Installing: /workspace/jazzy_ws/install/include/fastdds/dds/core/status/MatchedStatus.hpp
-- Installing: /workspace/jazzy_ws/install/include/fastdds/dds/core/status/BaseStatus.hpp
-- Installing: /workspace/jazzy_ws/install/include/fastdds/dds/core/StackAllocatedSequence.hpp
-- Installing: /workspace/jazzy_ws/install/include/fastdds/dds/core/LoanableArray.hpp
-- Installing: /workspace/jazzy_ws/install/include/fastdds/dds/core/LoanableCollection.hpp
-- Installing: /workspace/jazzy_ws/install/include/fastdds/dds/core/Entity.hpp
-- Installing: /workspace/jazzy_ws/install/include/fastdds/dds/core/LoanableSequence.hpp
-- Installing: /workspace/jazzy_ws/install/include/fastdds/dds/core/LoanableTypedCollection.hpp
-- Installing: /workspace/jazzy_ws/install/include/fastdds/dds/core/policy
-- Installing: /workspace/jazzy_ws/install/include/fastdds/dds/core/policy/ReaderDataLifecycleQosPolicy.hpp
-- Installing: /workspace/jazzy_ws/install/include/fastdds/dds/core/policy/ParameterTypes.hpp
-- Installing: /workspace/jazzy_ws/install/include/fastdds/dds/core/policy/QosPolicies.hpp
-- Installing: /workspace/jazzy_ws/install/include/fastdds/dds/core/policy/WriterDataLifecycleQosPolicy.hpp
-- Installing: /workspace/jazzy_ws/install/include/fastdds/dds/core/condition
-- Installing: /workspace/jazzy_ws/install/include/fastdds/dds/core/condition/StatusCondition.hpp
-- Installing: /workspace/jazzy_ws/install/include/fastdds/dds/core/condition/GuardCondition.hpp
-- Installing: /workspace/jazzy_ws/install/include/fastdds/dds/core/condition/Condition.hpp
-- Installing: /workspace/jazzy_ws/install/include/fastdds/dds/core/condition/WaitSet.hpp
-- Installing: /workspace/jazzy_ws/install/include/fastdds/dds/log
-- Installing: /workspace/jazzy_ws/install/include/fastdds/dds/log/FileConsumer.hpp
-- Installing: /workspace/jazzy_ws/install/include/fastdds/dds/log/Colors.hpp
-- Installing: /workspace/jazzy_ws/install/include/fastdds/dds/log/StdoutErrConsumer.hpp
-- Installing: /workspace/jazzy_ws/install/include/fastdds/dds/log/Log.hpp
-- Installing: /workspace/jazzy_ws/install/include/fastdds/dds/log/StdoutConsumer.hpp
-- Installing: /workspace/jazzy_ws/install/include/fastdds/dds/log/OStreamConsumer.hpp
-- Installing: /workspace/jazzy_ws/install/include/fastrtps/config.h
-- Up-to-date: /workspace/jazzy_ws/install/include/fastdds/statistics
-- Up-to-date: /workspace/jazzy_ws/install/include/fastdds/statistics/rtps
-- Up-to-date: /workspace/jazzy_ws/install/include/fastdds/statistics/rtps/monitor_service
-- Up-to-date: /workspace/jazzy_ws/install/include/fastdds/statistics/rtps/monitor_service/interfaces
-- Installing: /workspace/jazzy_ws/install/include/fastdds/statistics/monitorservice_types.idl
-- Up-to-date: /workspace/jazzy_ws/install/include/fastdds/statistics/dds
-- Up-to-date: /workspace/jazzy_ws/install/include/fastdds/statistics/dds/domain
-- Up-to-date: /workspace/jazzy_ws/install/include/fastdds/statistics/dds/publisher
-- Up-to-date: /workspace/jazzy_ws/install/include/fastdds/statistics/dds/publisher/qos
-- Up-to-date: /workspace/jazzy_ws/install/include/fastdds/statistics/dds/subscriber
-- Up-to-date: /workspace/jazzy_ws/install/include/fastdds/statistics/dds/subscriber/qos
-- Installing: /workspace/jazzy_ws/install/include/fastdds/statistics/types.idl
-- Installing: /workspace/jazzy_ws/install/lib/libfastrtps.so.2.14.5
-- Installing: /workspace/jazzy_ws/install/lib/libfastrtps.so.2.14
-- Set non-toolchain portion of runtime path of "/workspace/jazzy_ws/install/lib/libfastrtps.so.2.14.5" to ""
-- Installing: /workspace/jazzy_ws/install/lib/libfastrtps.so
-- Installing: /workspace/jazzy_ws/install/share/fastrtps/cmake/fastrtps-shared-targets.cmake
-- Installing: /workspace/jazzy_ws/install/share/fastrtps/cmake/fastrtps-shared-targets-release.cmake
-- Installing: /workspace/jazzy_ws/install/share/fastrtps/cmake/fastrtps-config.cmake
-- Installing: /workspace/jazzy_ws/install/share/fastrtps/cmake/fastrtps-config-version.cmake
-- Installing: /workspace/jazzy_ws/install/include/fastdds/thirdparty/optionparser
-- Installing: /workspace/jazzy_ws/install/include/fastdds/thirdparty/optionparser/optionparser.hpp
-- Installing: /workspace/jazzy_ws/install/include/fastdds/thirdparty/optionparser/optionparser
-- Installing: /workspace/jazzy_ws/install/include/fastdds/thirdparty/optionparser/optionparser/optionparser.h
-- Installing: /workspace/jazzy_ws/install/share/fastrtps/cmake/optionparser-targets.cmake
-- Installing: /workspace/jazzy_ws/install/bin/fast-discovery-server-1.0.1
-- Set non-toolchain portion of runtime path of "/workspace/jazzy_ws/install/bin/fast-discovery-server-1.0.1" to ""
-- Installing: /workspace/jazzy_ws/install/share/fastrtps/cmake/fast-discovery-server-targets.cmake
-- Installing: /workspace/jazzy_ws/install/share/fastrtps/cmake/fast-discovery-server-targets-release.cmake
-- Installing: /workspace/jazzy_ws/install/share/fastRTPS_profiles.xsd
-- Installing: /workspace/jazzy_ws/install/tools/fastdds
-- Installing: /workspace/jazzy_ws/install/tools/fastdds/shm
-- Installing: /workspace/jazzy_ws/install/tools/fastdds/shm/parser.py
-- Installing: /workspace/jazzy_ws/install/tools/fastdds/shm/clean.py
-- Installing: /workspace/jazzy_ws/install/tools/fastdds/fastdds.py
-- Installing: /workspace/jazzy_ws/install/tools/fastdds/xml_ci
-- Installing: /workspace/jazzy_ws/install/tools/fastdds/xml_ci/validate.py
-- Installing: /workspace/jazzy_ws/install/tools/fastdds/xml_ci/parser.py
-- Installing: /workspace/jazzy_ws/install/tools/fastdds/discovery
-- Installing: /workspace/jazzy_ws/install/tools/fastdds/discovery/parser.py
-- Up-to-date: /workspace/jazzy_ws/install/bin
-- Installing: /workspace/jazzy_ws/install/bin/fastdds
-- Installing: /workspace/jazzy_ws/install/bin/ros-discovery
-- Installing: /workspace/jazzy_ws/install/share/fastrtps/LICENSE
-- Up-to-date: /workspace/jazzy_ws/install/share/fastRTPS_profiles.xsd
-- Installing: /workspace/jazzy_ws/install/share/fastdds_static_discovery.xsd
