[0.024s] Invoking command in '/workspace/jazzy_ws/build/fastrtps': AMENT_PREFIX_PATH=/workspace/jazzy_ws/install CMAKE_PREFIX_PATH=/workspace/jazzy_ws/install LD_LIBRARY_PATH=/workspace/jazzy_ws/install/lib PATH=/workspace/jazzy_ws/install/bin:${PATH} PKG_CONFIG_PATH=/workspace/jazzy_ws/install/lib/x86_64-linux-gnu/pkgconfig:/workspace/jazzy_ws/install/lib/pkgconfig PYTHONPATH=/workspace/jazzy_ws/install/lib/python3.12/site-packages /usr/bin/cmake /workspace/jazzy_ws/src/fastrtps -DCMAKE_INSTALL_PREFIX=/workspace/jazzy_ws/install
[0.028s] -- Setting build type to 'Release' as none was specified.
[0.053s] -- The C compiler identification is GNU 13.3.0
[0.090s] -- The CXX compiler identification is GNU 13.3.0
[0.090s] -- Detecting C compiler ABI info
[0.132s] -- Detecting C compiler ABI info - done
[0.138s] -- Check for working C compiler: /usr/bin/cc - skipped
[0.138s] -- Detecting C compile features
[0.138s] -- Detecting C compile features - done
[0.142s] -- Detecting CXX compiler ABI info
[0.191s] -- Detecting CXX compiler ABI info - done
[0.198s] -- Check for working CXX compiler: /usr/bin/c++ - skipped
[0.198s] -- Detecting CXX compile features
[0.199s] -- Detecting CXX compile features - done
[0.199s] -- Version: 2.14.5
[0.200s] -- Performing Test SUPPORTS_NOTFOUND
[0.245s] -- Performing Test SUPPORTS_NOTFOUND - Success
[0.245s] -- Enforced cxx_std_11 CMake feature
[0.246s] -- Found fastcdr
[0.251s] -- Found Asio 1.28.1: /usr/include
[0.251s] -- Found Asio
[0.251s] -- Found TinyXML2: /usr/lib/x86_64-linux-gnu/cmake/tinyxml2
[0.252s] -- Found TinyXML2
[0.252s] -- Found foonathan_memory: /workspace/jazzy_ws/install/lib/foonathan_memory/cmake
[0.253s] -- Looking for pthread.h
[0.296s] -- Looking for pthread.h - found
[0.296s] -- Looking for pthread_kill
[0.317s] -- Looking for pthread_kill - not found
[0.318s] -- Looking for pthread_create in pthreads
[0.363s] -- Looking for pthread_create in pthreads - not found
[0.363s] -- Looking for pthread_create in pthread
[0.398s] -- Looking for pthread_create in pthread - found
[0.399s] -- Found Threads: TRUE  
[1.015s] -- Thirdparty/boost compiled OK
[1.049s] -- Found OpenSSL: /usr/lib/x86_64-linux-gnu/libcrypto.so (found version "3.0.13")  
[1.049s] -- OpenSSL library 3.0.13 found...
[1.049s] -- Not using a GNU compiler on Windows.
[1.051s] -- Performing Test ATOMIC_WITHOUT_LIB
[1.133s] -- Performing Test ATOMIC_WITHOUT_LIB - Success
[1.302s] -- Forcing third party shared_mutex
[1.303s] -- Performing Test HAS_VERSION_SCRIPT_SUPPORT
[1.355s] -- Performing Test HAS_VERSION_SCRIPT_SUPPORT - Success
[1.355s] -- Using linker version script to select exported symbols
[1.361s] -- Enforced cxx_std_14 CMake feature
[1.469s] -- EPROSIMA_TEST_DNS_NOT_SET_UP: '2'
[1.470s] -- Configuring done (1.4s)
[1.501s] -- Generating done (0.0s)
[1.507s] -- Build files have been written to: /workspace/jazzy_ws/build/fastrtps
[1.510s] Invoked command in '/workspace/jazzy_ws/build/fastrtps' returned '0': AMENT_PREFIX_PATH=/workspace/jazzy_ws/install CMAKE_PREFIX_PATH=/workspace/jazzy_ws/install LD_LIBRARY_PATH=/workspace/jazzy_ws/install/lib PATH=/workspace/jazzy_ws/install/bin:${PATH} PKG_CONFIG_PATH=/workspace/jazzy_ws/install/lib/x86_64-linux-gnu/pkgconfig:/workspace/jazzy_ws/install/lib/pkgconfig PYTHONPATH=/workspace/jazzy_ws/install/lib/python3.12/site-packages /usr/bin/cmake /workspace/jazzy_ws/src/fastrtps -DCMAKE_INSTALL_PREFIX=/workspace/jazzy_ws/install
[1.511s] Invoking command in '/workspace/jazzy_ws/build/fastrtps': AMENT_PREFIX_PATH=/workspace/jazzy_ws/install CMAKE_PREFIX_PATH=/workspace/jazzy_ws/install LD_LIBRARY_PATH=/workspace/jazzy_ws/install/lib PATH=/workspace/jazzy_ws/install/bin:${PATH} PKG_CONFIG_PATH=/workspace/jazzy_ws/install/lib/x86_64-linux-gnu/pkgconfig:/workspace/jazzy_ws/install/lib/pkgconfig PYTHONPATH=/workspace/jazzy_ws/install/lib/python3.12/site-packages /usr/bin/cmake --build /workspace/jazzy_ws/build/fastrtps -- -j24 -l24
[1.547s] [  0%] Building CXX object src/cpp/CMakeFiles/fastrtps.dir/fastdds/topic/DDSSQLFilter/DDSFilterExpression.cpp.o
[1.548s] [  2%] Building CXX object src/cpp/CMakeFiles/fastrtps.dir/fastdds/topic/DDSSQLFilter/DDSFilterCompoundCondition.cpp.o
[1.548s] [  2%] Building CXX object src/cpp/CMakeFiles/fastrtps.dir/fastdds/topic/DDSSQLFilter/DDSFilterExpressionParser.cpp.o
[1.548s] [  3%] Building CXX object src/cpp/CMakeFiles/fastrtps.dir/fastdds/topic/DDSSQLFilter/DDSFilterField.cpp.o
[1.548s] [  3%] Building CXX object src/cpp/CMakeFiles/fastrtps.dir/fastdds/topic/DDSSQLFilter/DDSFilterParameter.cpp.o
[1.548s] [  3%] Building CXX object src/cpp/CMakeFiles/fastrtps.dir/fastdds/topic/DDSSQLFilter/DDSFilterFactory.cpp.o
[1.548s] [  3%] Building CXX object src/cpp/CMakeFiles/fastrtps.dir/fastdds/topic/DDSSQLFilter/DDSFilterPredicate.cpp.o
[1.550s] [  5%] Building CXX object src/cpp/CMakeFiles/fastrtps.dir/fastdds/topic/DDSSQLFilter/DDSFilterValue.cpp.o
[1.550s] [  5%] Building CXX object src/cpp/CMakeFiles/fastrtps.dir/fastdds/log/Log.cpp.o
[1.550s] [  5%] Building CXX object src/cpp/CMakeFiles/fastrtps.dir/fastdds/log/StdoutErrConsumer.cpp.o
[1.550s] [  5%] Building CXX object src/cpp/CMakeFiles/fastrtps.dir/fastdds/log/OStreamConsumer.cpp.o
[1.550s] [  5%] Building CXX object src/cpp/CMakeFiles/fastrtps.dir/fastdds/log/StdoutConsumer.cpp.o
[1.560s] [  6%] Building CXX object src/cpp/CMakeFiles/fastrtps.dir/rtps/common/GuidPrefix_t.cpp.o
[1.560s] [  6%] Building CXX object src/cpp/CMakeFiles/fastrtps.dir/fastdds/log/FileConsumer.cpp.o
[1.564s] [  6%] Building CXX object src/cpp/CMakeFiles/fastrtps.dir/rtps/common/LocatorWithMask.cpp.o
[1.564s] [  6%] Building CXX object src/cpp/CMakeFiles/fastrtps.dir/rtps/resources/TimedEventImpl.cpp.o
[1.564s] [  7%] Building CXX object src/cpp/CMakeFiles/fastrtps.dir/rtps/common/Time_t.cpp.o
[1.565s] [  7%] Building CXX object src/cpp/CMakeFiles/fastrtps.dir/rtps/writer/LivelinessManager.cpp.o
[1.565s] [  8%] Building CXX object src/cpp/CMakeFiles/fastrtps.dir/rtps/writer/LocatorSelectorSender.cpp.o
[1.565s] [  9%] Building CXX object src/cpp/CMakeFiles/fastrtps.dir/rtps/resources/TimedEvent.cpp.o
[1.566s] [  9%] Building CXX object src/cpp/CMakeFiles/fastrtps.dir/rtps/resources/ResourceEvent.cpp.o
[1.568s] [ 10%] Building CXX object src/cpp/CMakeFiles/fastrtps.dir/rtps/writer/StatefulWriter.cpp.o
[1.573s] [ 10%] Building CXX object src/cpp/CMakeFiles/fastrtps.dir/rtps/writer/RTPSWriter.cpp.o
[1.586s] [ 10%] Building CXX object src/cpp/CMakeFiles/fastrtps.dir/rtps/writer/ReaderProxy.cpp.o
[1.723s] [ 10%] Building CXX object src/cpp/CMakeFiles/fastrtps.dir/rtps/writer/StatelessWriter.cpp.o
[1.917s] [ 10%] Building CXX object src/cpp/CMakeFiles/fastrtps.dir/rtps/history/CacheChangePool.cpp.o
[1.917s] [ 11%] Building CXX object src/cpp/CMakeFiles/fastrtps.dir/rtps/writer/ReaderLocator.cpp.o
[1.921s] [ 12%] Building CXX object src/cpp/CMakeFiles/fastrtps.dir/rtps/history/History.cpp.o
[1.938s] [ 12%] Building CXX object src/cpp/CMakeFiles/fastrtps.dir/rtps/history/WriterHistory.cpp.o
[1.941s] [ 12%] Building CXX object src/cpp/CMakeFiles/fastrtps.dir/rtps/history/ReaderHistory.cpp.o
[2.010s] [ 13%] Building CXX object src/cpp/CMakeFiles/fastrtps.dir/rtps/history/TopicPayloadPool.cpp.o
[2.066s] [ 13%] Building CXX object src/cpp/CMakeFiles/fastrtps.dir/rtps/history/TopicPayloadPoolRegistry.cpp.o
[2.094s] [ 14%] Building CXX object src/cpp/CMakeFiles/fastrtps.dir/rtps/DataSharing/DataSharingPayloadPool.cpp.o
[2.141s] [ 14%] Building CXX object src/cpp/CMakeFiles/fastrtps.dir/rtps/DataSharing/DataSharingListener.cpp.o
[2.402s] [ 14%] Building CXX object src/cpp/CMakeFiles/fastrtps.dir/rtps/DataSharing/DataSharingNotification.cpp.o
[2.402s] [ 15%] Building CXX object src/cpp/CMakeFiles/fastrtps.dir/rtps/reader/WriterProxy.cpp.o
[2.402s] [ 15%] Building CXX object src/cpp/CMakeFiles/fastrtps.dir/rtps/reader/reader_utils.cpp.o
[2.402s] [ 16%] Building CXX object src/cpp/CMakeFiles/fastrtps.dir/rtps/reader/StatefulReader.cpp.o
[2.402s] [ 16%] Building CXX object src/cpp/CMakeFiles/fastrtps.dir/rtps/reader/StatelessReader.cpp.o
[2.472s] [ 17%] Building CXX object src/cpp/CMakeFiles/fastrtps.dir/rtps/reader/RTPSReader.cpp.o
[2.705s] [ 17%] Building CXX object src/cpp/CMakeFiles/fastrtps.dir/rtps/messages/RTPSMessageCreator.cpp.o
[2.715s] [ 17%] Building CXX object src/cpp/CMakeFiles/fastrtps.dir/rtps/messages/RTPSMessageGroup.cpp.o
[2.862s] [ 18%] Building CXX object src/cpp/CMakeFiles/fastrtps.dir/rtps/messages/RTPSGapBuilder.cpp.o
[2.865s] [ 18%] Building CXX object src/cpp/CMakeFiles/fastrtps.dir/rtps/messages/SendBuffersManager.cpp.o
[3.134s] [ 19%] Building CXX object src/cpp/CMakeFiles/fastrtps.dir/rtps/messages/MessageReceiver.cpp.o
[3.272s] [ 19%] Building CXX object src/cpp/CMakeFiles/fastrtps.dir/rtps/network/NetworkConfiguration.cpp.o
[3.363s] [ 19%] Building CXX object src/cpp/CMakeFiles/fastrtps.dir/rtps/network/NetworkFactory.cpp.o
[3.530s] [ 20%] Building CXX object src/cpp/CMakeFiles/fastrtps.dir/rtps/network/ReceiverResource.cpp.o
[3.796s] [ 20%] Building CXX object src/cpp/CMakeFiles/fastrtps.dir/rtps/network/utils/external_locators.cpp.o
[3.859s] [ 21%] Building CXX object src/cpp/CMakeFiles/fastrtps.dir/rtps/network/utils/netmask_filter.cpp.o
[3.861s] [ 21%] Building CXX object src/cpp/CMakeFiles/fastrtps.dir/rtps/network/utils/network.cpp.o
[3.991s] [ 21%] Building CXX object src/cpp/CMakeFiles/fastrtps.dir/rtps/attributes/RTPSParticipantAttributes.cpp.o
[4.106s] [ 22%] Building CXX object src/cpp/CMakeFiles/fastrtps.dir/rtps/participant/RTPSParticipant.cpp.o
[4.122s] [ 22%] Building CXX object src/cpp/CMakeFiles/fastrtps.dir/rtps/participant/RTPSParticipantImpl.cpp.o
[4.235s] [ 23%] Building CXX object src/cpp/CMakeFiles/fastrtps.dir/rtps/RTPSDomain.cpp.o
[4.583s] [ 23%] Building CXX object src/cpp/CMakeFiles/fastrtps.dir/fastrtps_deprecated/Domain.cpp.o
[4.744s] [ 23%] Building CXX object src/cpp/CMakeFiles/fastrtps.dir/fastrtps_deprecated/participant/Participant.cpp.o
[5.176s] [ 24%] Building CXX object src/cpp/CMakeFiles/fastrtps.dir/fastrtps_deprecated/participant/ParticipantImpl.cpp.o
[5.251s] [ 24%] Building CXX object src/cpp/CMakeFiles/fastrtps.dir/fastrtps_deprecated/publisher/Publisher.cpp.o
[5.505s] [ 25%] Building CXX object src/cpp/CMakeFiles/fastrtps.dir/fastrtps_deprecated/publisher/PublisherImpl.cpp.o
[5.641s] [ 25%] Building CXX object src/cpp/CMakeFiles/fastrtps.dir/fastrtps_deprecated/publisher/PublisherHistory.cpp.o
[5.662s] [ 25%] Building CXX object src/cpp/CMakeFiles/fastrtps.dir/fastrtps_deprecated/subscriber/Subscriber.cpp.o
[5.680s] [ 26%] Building CXX object src/cpp/CMakeFiles/fastrtps.dir/fastrtps_deprecated/subscriber/SubscriberImpl.cpp.o
[5.719s] [ 26%] Building CXX object src/cpp/CMakeFiles/fastrtps.dir/fastrtps_deprecated/subscriber/SubscriberHistory.cpp.o
[5.774s] [ 27%] Building CXX object src/cpp/CMakeFiles/fastrtps.dir/fastdds/publisher/DataWriter.cpp.o
[5.807s] [ 27%] Building CXX object src/cpp/CMakeFiles/fastrtps.dir/fastdds/publisher/DataWriterImpl.cpp.o
[5.820s] [ 27%] Building CXX object src/cpp/CMakeFiles/fastrtps.dir/fastdds/publisher/DataWriterHistory.cpp.o
[5.914s] [ 28%] Building CXX object src/cpp/CMakeFiles/fastrtps.dir/fastdds/topic/ContentFilteredTopic.cpp.o
[5.973s] [ 28%] Building CXX object src/cpp/CMakeFiles/fastrtps.dir/fastdds/topic/ContentFilteredTopicImpl.cpp.o
[6.045s] [ 29%] Building CXX object src/cpp/CMakeFiles/fastrtps.dir/fastdds/topic/Topic.cpp.o
[6.078s] [ 29%] Building CXX object src/cpp/CMakeFiles/fastrtps.dir/fastdds/topic/TopicImpl.cpp.o
[6.480s] [ 29%] Building CXX object src/cpp/CMakeFiles/fastrtps.dir/fastdds/topic/TopicProxyFactory.cpp.o
[6.543s] [ 30%] Building CXX object src/cpp/CMakeFiles/fastrtps.dir/fastdds/topic/TypeSupport.cpp.o
[6.780s] [ 30%] Building CXX object src/cpp/CMakeFiles/fastrtps.dir/fastdds/topic/TopicDataType.cpp.o
[6.962s] [ 31%] Building CXX object src/cpp/CMakeFiles/fastrtps.dir/fastdds/topic/qos/TopicQos.cpp.o
[7.033s] [ 31%] Building CXX object src/cpp/CMakeFiles/fastrtps.dir/fastdds/publisher/qos/DataWriterQos.cpp.o
[7.090s] [ 31%] Building CXX object src/cpp/CMakeFiles/fastrtps.dir/fastdds/subscriber/qos/DataReaderQos.cpp.o
[7.171s] [ 32%] Building CXX object src/cpp/CMakeFiles/fastrtps.dir/fastdds/publisher/PublisherImpl.cpp.o
[7.376s] [ 32%] Building CXX object src/cpp/CMakeFiles/fastrtps.dir/fastdds/publisher/qos/PublisherQos.cpp.o
[7.421s] [ 33%] Building CXX object src/cpp/CMakeFiles/fastrtps.dir/fastdds/publisher/Publisher.cpp.o
[7.439s] [ 33%] Building CXX object src/cpp/CMakeFiles/fastrtps.dir/fastdds/subscriber/SubscriberImpl.cpp.o
[7.458s] [ 34%] Building CXX object src/cpp/CMakeFiles/fastrtps.dir/fastdds/subscriber/qos/SubscriberQos.cpp.o
[7.661s] [ 34%] Building CXX object src/cpp/CMakeFiles/fastrtps.dir/fastdds/subscriber/Subscriber.cpp.o
[7.760s] [ 34%] Building CXX object src/cpp/CMakeFiles/fastrtps.dir/fastdds/subscriber/DataReader.cpp.o
[7.862s] [ 35%] Building CXX object src/cpp/CMakeFiles/fastrtps.dir/fastdds/subscriber/DataReaderImpl.cpp.o
[7.970s] [ 35%] Building CXX object src/cpp/CMakeFiles/fastrtps.dir/fastdds/subscriber/ReadCondition.cpp.o
[8.062s] [ 36%] Building CXX object src/cpp/CMakeFiles/fastrtps.dir/fastdds/subscriber/history/DataReaderHistory.cpp.o
[8.097s] [ 36%] Building CXX object src/cpp/CMakeFiles/fastrtps.dir/fastdds/domain/DomainParticipantFactory.cpp.o
[8.156s] [ 36%] Building CXX object src/cpp/CMakeFiles/fastrtps.dir/fastdds/domain/DomainParticipantImpl.cpp.o
[8.234s] [ 37%] Building CXX object src/cpp/CMakeFiles/fastrtps.dir/fastdds/domain/DomainParticipant.cpp.o
[8.234s] [ 37%] Building CXX object src/cpp/CMakeFiles/fastrtps.dir/fastdds/domain/qos/DomainParticipantQos.cpp.o
[8.306s] [ 38%] Building CXX object src/cpp/CMakeFiles/fastrtps.dir/fastdds/domain/qos/DomainParticipantFactoryQos.cpp.o
[8.393s] [ 38%] Building CXX object src/cpp/CMakeFiles/fastrtps.dir/fastdds/builtin/typelookup/common/TypeLookupTypes.cpp.o
[8.440s] [ 38%] Building CXX object src/cpp/CMakeFiles/fastrtps.dir/fastdds/builtin/common/RPCHeadersImpl.cpp.o
[8.645s] [ 39%] Building CXX object src/cpp/CMakeFiles/fastrtps.dir/fastdds/builtin/typelookup/TypeLookupManager.cpp.o
[8.662s] [ 39%] Building CXX object src/cpp/CMakeFiles/fastrtps.dir/fastdds/builtin/typelookup/TypeLookupRequestListener.cpp.o
[8.667s] [ 40%] Building CXX object src/cpp/CMakeFiles/fastrtps.dir/fastdds/builtin/typelookup/TypeLookupReplyListener.cpp.o
[8.678s] [ 40%] Building CXX object src/cpp/CMakeFiles/fastrtps.dir/rtps/transport/TransportInterface.cpp.o
[8.697s] [ 40%] Building CXX object src/cpp/CMakeFiles/fastrtps.dir/rtps/transport/ChainingTransport.cpp.o
[8.739s] [ 41%] Building CXX object src/cpp/CMakeFiles/fastrtps.dir/rtps/transport/ChannelResource.cpp.o
[8.876s] [ 41%] Building CXX object src/cpp/CMakeFiles/fastrtps.dir/rtps/transport/network/NetmaskFilterKind.cpp.o
[8.921s] [ 42%] Building CXX object src/cpp/CMakeFiles/fastrtps.dir/rtps/transport/network/NetworkInterface.cpp.o
[9.034s] [ 42%] Building CXX object src/cpp/CMakeFiles/fastrtps.dir/rtps/transport/network/NetworkInterfaceWithFilter.cpp.o
[9.154s] [ 42%] Building CXX object src/cpp/CMakeFiles/fastrtps.dir/rtps/transport/PortBasedTransportDescriptor.cpp.o
[9.224s] [ 43%] Building CXX object src/cpp/CMakeFiles/fastrtps.dir/rtps/transport/shared_mem/SharedMemTransportDescriptor.cpp.o
[9.237s] [ 43%] Building CXX object src/cpp/CMakeFiles/fastrtps.dir/rtps/transport/tcp/RTCPMessageManager.cpp.o
[9.246s] [ 44%] Building CXX object src/cpp/CMakeFiles/fastrtps.dir/rtps/transport/tcp/TCPControlMessage.cpp.o
[9.265s] [ 44%] Building CXX object src/cpp/CMakeFiles/fastrtps.dir/rtps/transport/TCPAcceptor.cpp.o
[9.278s] [ 44%] Building CXX object src/cpp/CMakeFiles/fastrtps.dir/rtps/transport/TCPAcceptorBasic.cpp.o
[9.371s] [ 45%] Building CXX object src/cpp/CMakeFiles/fastrtps.dir/rtps/transport/TCPChannelResource.cpp.o
[9.400s] [ 45%] Building CXX object src/cpp/CMakeFiles/fastrtps.dir/rtps/transport/TCPChannelResourceBasic.cpp.o
[9.646s] [ 46%] Building CXX object src/cpp/CMakeFiles/fastrtps.dir/rtps/transport/TCPTransportInterface.cpp.o
[9.834s] [ 46%] Building CXX object src/cpp/CMakeFiles/fastrtps.dir/rtps/transport/TCPv4Transport.cpp.o
[9.880s] [ 46%] Building CXX object src/cpp/CMakeFiles/fastrtps.dir/rtps/transport/TCPv6Transport.cpp.o
[9.987s] [ 47%] Building CXX object src/cpp/CMakeFiles/fastrtps.dir/rtps/transport/test_UDPv4Transport.cpp.o
[10.154s] [ 47%] Building CXX object src/cpp/CMakeFiles/fastrtps.dir/rtps/transport/UDPChannelResource.cpp.o
[10.313s] [ 48%] Building CXX object src/cpp/CMakeFiles/fastrtps.dir/rtps/transport/UDPTransportInterface.cpp.o
[10.501s] [ 48%] Building CXX object src/cpp/CMakeFiles/fastrtps.dir/rtps/transport/UDPv4Transport.cpp.o
[10.658s] [ 48%] Building CXX object src/cpp/CMakeFiles/fastrtps.dir/rtps/transport/UDPv6Transport.cpp.o
[10.801s] [ 49%] Building CXX object src/cpp/CMakeFiles/fastrtps.dir/dynamic-types/AnnotationDescriptor.cpp.o
[10.983s] [ 49%] Building CXX object src/cpp/CMakeFiles/fastrtps.dir/dynamic-types/AnnotationParameterValue.cpp.o
[11.206s] [ 50%] Building CXX object src/cpp/CMakeFiles/fastrtps.dir/dynamic-types/DynamicData.cpp.o
[11.603s] [ 50%] Building CXX object src/cpp/CMakeFiles/fastrtps.dir/dynamic-types/DynamicDataFactory.cpp.o
[12.133s] [ 51%] Building CXX object src/cpp/CMakeFiles/fastrtps.dir/dynamic-types/DynamicType.cpp.o
[12.295s] [ 51%] Building CXX object src/cpp/CMakeFiles/fastrtps.dir/dynamic-types/DynamicPubSubType.cpp.o
[12.701s] [ 51%] Building CXX object src/cpp/CMakeFiles/fastrtps.dir/dynamic-types/DynamicTypePtr.cpp.o
[12.743s] [ 52%] Building CXX object src/cpp/CMakeFiles/fastrtps.dir/dynamic-types/DynamicDataPtr.cpp.o
[12.817s] [ 52%] Building CXX object src/cpp/CMakeFiles/fastrtps.dir/dynamic-types/DynamicTypeBuilder.cpp.o
[12.855s] [ 53%] Building CXX object src/cpp/CMakeFiles/fastrtps.dir/dynamic-types/DynamicTypeBuilderPtr.cpp.o
[12.941s] [ 53%] Building CXX object src/cpp/CMakeFiles/fastrtps.dir/dynamic-types/DynamicTypeBuilderFactory.cpp.o
[13.009s] [ 53%] Building CXX object src/cpp/CMakeFiles/fastrtps.dir/dynamic-types/DynamicTypeMember.cpp.o
[13.014s] [ 54%] Building CXX object src/cpp/CMakeFiles/fastrtps.dir/dynamic-types/MemberDescriptor.cpp.o
[13.052s] [ 54%] Building CXX object src/cpp/CMakeFiles/fastrtps.dir/dynamic-types/TypeDescriptor.cpp.o
[13.130s] [ 55%] Building CXX object src/cpp/CMakeFiles/fastrtps.dir/dynamic-types/TypeIdentifier.cpp.o
[13.188s] [ 55%] Building CXX object src/cpp/CMakeFiles/fastrtps.dir/dynamic-types/TypeIdentifierTypes.cpp.o
[13.258s] [ 55%] Building CXX object src/cpp/CMakeFiles/fastrtps.dir/dynamic-types/TypeObject.cpp.o
[13.285s] [ 56%] Building CXX object src/cpp/CMakeFiles/fastrtps.dir/dynamic-types/TypeObjectHashId.cpp.o
[13.344s] [ 56%] Building CXX object src/cpp/CMakeFiles/fastrtps.dir/dynamic-types/TypeObjectFactory.cpp.o
[13.406s] [ 57%] Building CXX object src/cpp/CMakeFiles/fastrtps.dir/dynamic-types/TypeNamesGenerator.cpp.o
[13.490s] [ 57%] Building CXX object src/cpp/CMakeFiles/fastrtps.dir/dynamic-types/TypesBase.cpp.o
[13.685s] [ 57%] Building CXX object src/cpp/CMakeFiles/fastrtps.dir/dynamic-types/BuiltinAnnotationsTypeObject.cpp.o
[13.729s] [ 58%] Building CXX object src/cpp/CMakeFiles/fastrtps.dir/dynamic-types/DynamicDataHelper.cpp.o
[13.808s] [ 58%] Building CXX object src/cpp/CMakeFiles/fastrtps.dir/fastrtps_deprecated/attributes/TopicAttributes.cpp.o
[13.898s] [ 59%] Building CXX object src/cpp/CMakeFiles/fastrtps.dir/fastdds/core/Entity.cpp.o
[13.958s] [ 59%] Building CXX object src/cpp/CMakeFiles/fastrtps.dir/fastdds/core/condition/Condition.cpp.o
[13.990s] [ 59%] Building CXX object src/cpp/CMakeFiles/fastrtps.dir/fastdds/core/condition/ConditionNotifier.cpp.o
[13.993s] [ 60%] Building CXX object src/cpp/CMakeFiles/fastrtps.dir/fastdds/core/condition/GuardCondition.cpp.o
[14.069s] [ 60%] Building CXX object src/cpp/CMakeFiles/fastrtps.dir/fastdds/core/condition/StatusCondition.cpp.o
[14.131s] [ 61%] Building CXX object src/cpp/CMakeFiles/fastrtps.dir/fastdds/core/condition/StatusConditionImpl.cpp.o
[14.166s] [ 61%] Building CXX object src/cpp/CMakeFiles/fastrtps.dir/fastdds/core/condition/WaitSet.cpp.o
[14.234s] [ 61%] Building CXX object src/cpp/CMakeFiles/fastrtps.dir/fastdds/core/condition/WaitSetImpl.cpp.o
[14.283s] [ 62%] Building CXX object src/cpp/CMakeFiles/fastrtps.dir/fastdds/core/policy/ParameterList.cpp.o
[14.344s] [ 62%] Building CXX object src/cpp/CMakeFiles/fastrtps.dir/fastdds/core/policy/QosPolicyUtils.cpp.o
[14.389s] [ 63%] Building CXX object src/cpp/CMakeFiles/fastrtps.dir/fastdds/publisher/qos/WriterQos.cpp.o
[14.461s] [ 63%] Building CXX object src/cpp/CMakeFiles/fastrtps.dir/fastdds/subscriber/qos/ReaderQos.cpp.o
[14.557s] [ 63%] Building CXX object src/cpp/CMakeFiles/fastrtps.dir/fastdds/utils/QosConverters.cpp.o
[14.579s] [ 64%] Building CXX object src/cpp/CMakeFiles/fastrtps.dir/rtps/builtin/BuiltinProtocols.cpp.o
[14.590s] [ 64%] Building CXX object src/cpp/CMakeFiles/fastrtps.dir/rtps/builtin/discovery/participant/DirectMessageSender.cpp.o
[14.593s] [ 65%] Building CXX object src/cpp/CMakeFiles/fastrtps.dir/rtps/builtin/discovery/participant/PDP.cpp.o
[14.638s] [ 65%] Building CXX object src/cpp/CMakeFiles/fastrtps.dir/rtps/builtin/discovery/participant/ServerAttributes.cpp.o
[14.741s] [ 65%] Building CXX object src/cpp/CMakeFiles/fastrtps.dir/rtps/builtin/discovery/participant/PDPSimple.cpp.o
[14.793s] [ 66%] Building CXX object src/cpp/CMakeFiles/fastrtps.dir/rtps/builtin/discovery/participant/simple/PDPStatelessWriter.cpp.o
[14.860s] [ 66%] Building CXX object src/cpp/CMakeFiles/fastrtps.dir/rtps/builtin/discovery/participant/PDPListener.cpp.o
[14.987s] [ 67%] Building CXX object src/cpp/CMakeFiles/fastrtps.dir/rtps/builtin/discovery/endpoint/EDP.cpp.o
[15.009s] [ 67%] Building CXX object src/cpp/CMakeFiles/fastrtps.dir/rtps/builtin/discovery/endpoint/EDPSimple.cpp.o
[15.058s] [ 68%] Building CXX object src/cpp/CMakeFiles/fastrtps.dir/rtps/builtin/discovery/endpoint/EDPSimpleListeners.cpp.o
[15.152s] [ 68%] Building CXX object src/cpp/CMakeFiles/fastrtps.dir/rtps/builtin/discovery/endpoint/EDPStatic.cpp.o
[15.186s] [ 68%] Building CXX object src/cpp/CMakeFiles/fastrtps.dir/rtps/builtin/liveliness/WLP.cpp.o
[15.232s] [ 69%] Building CXX object src/cpp/CMakeFiles/fastrtps.dir/rtps/builtin/liveliness/WLPListener.cpp.o
[15.721s] [ 69%] Building CXX object src/cpp/CMakeFiles/fastrtps.dir/rtps/builtin/data/ParticipantProxyData.cpp.o
[15.737s] [ 70%] Building CXX object src/cpp/CMakeFiles/fastrtps.dir/rtps/builtin/data/WriterProxyData.cpp.o
[15.768s] [ 70%] Building CXX object src/cpp/CMakeFiles/fastrtps.dir/rtps/builtin/data/ReaderProxyData.cpp.o
[16.117s] [ 70%] Building CXX object src/cpp/CMakeFiles/fastrtps.dir/rtps/flowcontrol/ThroughputControllerDescriptor.cpp.o
[16.167s] [ 71%] Building CXX object src/cpp/CMakeFiles/fastrtps.dir/rtps/flowcontrol/FlowControllerConsts.cpp.o
[16.200s] [ 71%] Building CXX object src/cpp/CMakeFiles/fastrtps.dir/rtps/flowcontrol/FlowControllerFactory.cpp.o
[16.276s] [ 72%] Building CXX object src/cpp/CMakeFiles/fastrtps.dir/rtps/exceptions/Exception.cpp.o
[16.415s] [ 72%] Building CXX object src/cpp/CMakeFiles/fastrtps.dir/rtps/attributes/PropertyPolicy.cpp.o
[16.471s] [ 72%] Building CXX object src/cpp/CMakeFiles/fastrtps.dir/rtps/attributes/ThreadSettings.cpp.o
[16.531s] [ 73%] Building CXX object src/cpp/CMakeFiles/fastrtps.dir/rtps/common/Token.cpp.o
[16.550s] [ 73%] Building CXX object src/cpp/CMakeFiles/fastrtps.dir/rtps/xmlparser/XMLParserCommon.cpp.o
[16.563s] [ 74%] Building CXX object src/cpp/CMakeFiles/fastrtps.dir/rtps/xmlparser/XMLElementParser.cpp.o
[16.595s] [ 74%] Building CXX object src/cpp/CMakeFiles/fastrtps.dir/rtps/xmlparser/XMLDynamicParser.cpp.o
[16.606s] [ 74%] Building CXX object src/cpp/CMakeFiles/fastrtps.dir/rtps/xmlparser/XMLEndpointParser.cpp.o
[16.815s] [ 75%] Building CXX object src/cpp/CMakeFiles/fastrtps.dir/rtps/xmlparser/XMLParser.cpp.o
[16.835s] [ 75%] Building CXX object src/cpp/CMakeFiles/fastrtps.dir/rtps/xmlparser/XMLProfileManager.cpp.o
[16.916s] [ 76%] Building CXX object src/cpp/CMakeFiles/fastrtps.dir/rtps/writer/PersistentWriter.cpp.o
[17.005s] [ 76%] Building CXX object src/cpp/CMakeFiles/fastrtps.dir/rtps/writer/StatelessPersistentWriter.cpp.o
[17.059s] [ 76%] Building CXX object src/cpp/CMakeFiles/fastrtps.dir/rtps/writer/StatefulPersistentWriter.cpp.o
[17.106s] [ 77%] Building CXX object src/cpp/CMakeFiles/fastrtps.dir/rtps/reader/StatelessPersistentReader.cpp.o
[17.220s] [ 77%] Building CXX object src/cpp/CMakeFiles/fastrtps.dir/rtps/reader/StatefulPersistentReader.cpp.o
[17.660s] [ 78%] Building CXX object src/cpp/CMakeFiles/fastrtps.dir/rtps/persistence/PersistenceFactory.cpp.o
[17.724s] [ 78%] Building CXX object src/cpp/CMakeFiles/fastrtps.dir/rtps/builtin/discovery/database/backup/SharedBackupFunctions.cpp.o
[17.961s] [ 78%] Building CXX object src/cpp/CMakeFiles/fastrtps.dir/rtps/builtin/discovery/endpoint/EDPClient.cpp.o
[18.224s] [ 79%] Building CXX object src/cpp/CMakeFiles/fastrtps.dir/rtps/builtin/discovery/endpoint/EDPServer.cpp.o
[18.285s] [ 79%] Building CXX object src/cpp/CMakeFiles/fastrtps.dir/rtps/builtin/discovery/endpoint/EDPServerListeners.cpp.o
[18.347s] [ 80%] Building CXX object src/cpp/CMakeFiles/fastrtps.dir/rtps/builtin/discovery/database/DiscoveryDataBase.cpp.o
[18.438s] [ 80%] Building CXX object src/cpp/CMakeFiles/fastrtps.dir/rtps/builtin/discovery/database/DiscoveryParticipantInfo.cpp.o
[18.452s] [ 80%] Building CXX object src/cpp/CMakeFiles/fastrtps.dir/rtps/builtin/discovery/database/DiscoveryParticipantsAckStatus.cpp.o
[18.461s] [ 81%] Building CXX object src/cpp/CMakeFiles/fastrtps.dir/rtps/builtin/discovery/database/DiscoverySharedInfo.cpp.o
[18.586s] [ 81%] Building CXX object src/cpp/CMakeFiles/fastrtps.dir/rtps/builtin/discovery/participant/PDPClient.cpp.o
[18.587s] [ 82%] Building CXX object src/cpp/CMakeFiles/fastrtps.dir/rtps/builtin/discovery/participant/PDPServer.cpp.o
[18.609s] [ 82%] Building CXX object src/cpp/CMakeFiles/fastrtps.dir/rtps/builtin/discovery/participant/PDPServerListener.cpp.o
[18.689s] [ 82%] Building CXX object src/cpp/CMakeFiles/fastrtps.dir/rtps/builtin/discovery/participant/timedevent/DSClientEvent.cpp.o
[18.702s] [ 83%] Building CXX object src/cpp/CMakeFiles/fastrtps.dir/rtps/builtin/discovery/participant/timedevent/DServerEvent.cpp.o
[18.787s] [ 83%] Building CXX object src/cpp/CMakeFiles/fastrtps.dir/utils/IPFinder.cpp.o
[19.126s] [ 84%] Building CXX object src/cpp/CMakeFiles/fastrtps.dir/utils/md5.cpp.o
[19.221s] [ 84%] Building CXX object src/cpp/CMakeFiles/fastrtps.dir/utils/StringMatching.cpp.o
[19.423s] [ 85%] Building CXX object src/cpp/CMakeFiles/fastrtps.dir/utils/IPLocator.cpp.o
[19.431s] [ 85%] Building CXX object src/cpp/CMakeFiles/fastrtps.dir/utils/System.cpp.o
[19.466s] [ 85%] Building CXX object src/cpp/CMakeFiles/fastrtps.dir/utils/SystemInfo.cpp.o
[19.735s] [ 86%] Building CXX object src/cpp/CMakeFiles/fastrtps.dir/utils/TimedConditionVariable.cpp.o
[19.794s] [ 86%] Building CXX object src/cpp/CMakeFiles/fastrtps.dir/utils/string_convert.cpp.o
[19.862s] [ 87%] Building CXX object src/cpp/CMakeFiles/fastrtps.dir/utils/UnitsParser.cpp.o
[19.875s] [ 87%] Building CXX object src/cpp/CMakeFiles/fastrtps.dir/dds/core/types.cpp.o
[19.908s] [ 87%] Building CXX object src/cpp/CMakeFiles/fastrtps.dir/dds/core/Exception.cpp.o
[19.986s] [ 88%] Building CXX object src/cpp/CMakeFiles/fastrtps.dir/dds/domain/DomainParticipant.cpp.o
[20.140s] [ 89%] Building CXX object src/cpp/CMakeFiles/fastrtps.dir/dds/pub/AnyDataWriter.cpp.o
[20.149s] [ 89%] Building CXX object src/cpp/CMakeFiles/fastrtps.dir/dds/pub/Publisher.cpp.o
[20.160s] [ 89%] Building CXX object src/cpp/CMakeFiles/fastrtps.dir/dds/pub/DataWriter.cpp.o
[20.196s] [ 89%] Building CXX object src/cpp/CMakeFiles/fastrtps.dir/dds/sub/Subscriber.cpp.o
[20.267s] [ 90%] Building CXX object src/cpp/CMakeFiles/fastrtps.dir/dds/sub/DataReader.cpp.o
[20.485s] [ 90%] Building CXX object src/cpp/CMakeFiles/fastrtps.dir/dds/topic/Topic.cpp.o
[20.573s] [ 91%] Building CXX object src/cpp/CMakeFiles/fastrtps.dir/statistics/fastdds/domain/DomainParticipant.cpp.o
[20.967s] [ 91%] Building CXX object src/cpp/CMakeFiles/fastrtps.dir/statistics/fastdds/publisher/qos/DataWriterQos.cpp.o
[21.286s] [ 91%] Building CXX object src/cpp/CMakeFiles/fastrtps.dir/statistics/fastdds/subscriber/qos/DataReaderQos.cpp.o
[21.414s] [ 92%] Building CXX object src/cpp/CMakeFiles/fastrtps.dir/statistics/fastdds/domain/DomainParticipantImpl.cpp.o
[21.666s] [ 92%] Building CXX object src/cpp/CMakeFiles/fastrtps.dir/statistics/fastdds/domain/DomainParticipantStatisticsListener.cpp.o
[21.691s] [ 93%] Building CXX object src/cpp/CMakeFiles/fastrtps.dir/statistics/rtps/monitor-service/MonitorService.cpp.o
[21.776s] [ 93%] Building CXX object src/cpp/CMakeFiles/fastrtps.dir/statistics/rtps/monitor-service/MonitorServiceListener.cpp.o
[22.063s] [ 93%] Building CXX object src/cpp/CMakeFiles/fastrtps.dir/statistics/rtps/reader/StatisticsReaderImpl.cpp.o
[22.195s] [ 94%] Building CXX object src/cpp/CMakeFiles/fastrtps.dir/statistics/rtps/StatisticsBase.cpp.o
[22.364s] [ 94%] Building CXX object src/cpp/CMakeFiles/fastrtps.dir/statistics/rtps/writer/StatisticsWriterImpl.cpp.o
[22.421s] [ 95%] Building CXX object src/cpp/CMakeFiles/fastrtps.dir/statistics/types/typesPubSubTypes.cxx.o
[22.479s] [ 95%] Building CXX object src/cpp/CMakeFiles/fastrtps.dir/statistics/types/types.cxx.o
[22.621s] [ 95%] Building CXX object src/cpp/CMakeFiles/fastrtps.dir/statistics/types/typesv1.cxx.o
[22.644s] [ 96%] Building CXX object src/cpp/CMakeFiles/fastrtps.dir/statistics/types/monitorservice_types.cxx.o
[22.751s] [ 96%] Building CXX object src/cpp/CMakeFiles/fastrtps.dir/statistics/types/monitorservice_typesv1.cxx.o
[22.890s] [ 97%] Building CXX object src/cpp/CMakeFiles/fastrtps.dir/statistics/types/monitorservice_typesPubSubTypes.cxx.o
[22.965s] [ 97%] Building CXX object src/cpp/CMakeFiles/fastrtps.dir/rtps/transport/shared_mem/test_SharedMemTransport.cpp.o
[22.965s] [ 97%] Building CXX object src/cpp/CMakeFiles/fastrtps.dir/rtps/transport/shared_mem/SharedMemTransport.cpp.o
[23.027s] [ 98%] Building CXX object src/cpp/CMakeFiles/fastrtps.dir/rtps/transport/TCPChannelResourceSecure.cpp.o
[23.089s] [ 99%] Building CXX object src/cpp/CMakeFiles/fastrtps.dir/rtps/persistence/SQLite3PersistenceService.cpp.o
[23.089s] [ 98%] Building CXX object src/cpp/CMakeFiles/fastrtps.dir/rtps/transport/TCPAcceptorSecure.cpp.o
[23.123s] [ 99%] Building C object src/cpp/CMakeFiles/fastrtps.dir/rtps/persistence/sqlite3.c.o
[41.455s] [100%] Linking CXX shared library libfastrtps.so
[41.704s] [100%] Built target fastrtps
[41.714s] [100%] Building CXX object tools/fds/CMakeFiles/fast-discovery-server.dir/server.cpp.o
[43.504s] [100%] Linking CXX executable fast-discovery-server-1.0.1
[43.620s] [100%] Built target fast-discovery-server
[43.626s] Invoked command in '/workspace/jazzy_ws/build/fastrtps' returned '0': AMENT_PREFIX_PATH=/workspace/jazzy_ws/install CMAKE_PREFIX_PATH=/workspace/jazzy_ws/install LD_LIBRARY_PATH=/workspace/jazzy_ws/install/lib PATH=/workspace/jazzy_ws/install/bin:${PATH} PKG_CONFIG_PATH=/workspace/jazzy_ws/install/lib/x86_64-linux-gnu/pkgconfig:/workspace/jazzy_ws/install/lib/pkgconfig PYTHONPATH=/workspace/jazzy_ws/install/lib/python3.12/site-packages /usr/bin/cmake --build /workspace/jazzy_ws/build/fastrtps -- -j24 -l24
[43.626s] Invoking command in '/workspace/jazzy_ws/build/fastrtps': AMENT_PREFIX_PATH=/workspace/jazzy_ws/install CMAKE_PREFIX_PATH=/workspace/jazzy_ws/install LD_LIBRARY_PATH=/workspace/jazzy_ws/install/lib PATH=/workspace/jazzy_ws/install/bin:${PATH} PKG_CONFIG_PATH=/workspace/jazzy_ws/install/lib/x86_64-linux-gnu/pkgconfig:/workspace/jazzy_ws/install/lib/pkgconfig PYTHONPATH=/workspace/jazzy_ws/install/lib/python3.12/site-packages /usr/bin/cmake --install /workspace/jazzy_ws/build/fastrtps
[43.630s] -- Install configuration: "Release"
[43.630s] -- Installing: /workspace/jazzy_ws/install/include/fastrtps
[43.630s] -- Installing: /workspace/jazzy_ws/install/include/fastrtps/fastrtps_all.h
[43.630s] -- Installing: /workspace/jazzy_ws/install/include/fastrtps/common
[43.630s] -- Installing: /workspace/jazzy_ws/install/include/fastrtps/common/KeyedChanges.h
[43.630s] -- Installing: /workspace/jazzy_ws/install/include/fastrtps/utils
[43.630s] -- Installing: /workspace/jazzy_ws/install/include/fastrtps/utils/RefCountedPointer.hpp
[43.631s] -- Installing: /workspace/jazzy_ws/install/include/fastrtps/utils/TimedConditionVariable.hpp
[43.631s] -- Installing: /workspace/jazzy_ws/install/include/fastrtps/utils/TimedMutex.hpp
[43.631s] -- Installing: /workspace/jazzy_ws/install/include/fastrtps/utils/TimeConversion.h
[43.631s] -- Installing: /workspace/jazzy_ws/install/include/fastrtps/utils/fixed_size_string.hpp
[43.631s] -- Installing: /workspace/jazzy_ws/install/include/fastrtps/utils/fixed_size_bitmap.hpp
[43.631s] -- Installing: /workspace/jazzy_ws/install/include/fastrtps/utils/shared_mutex.hpp
[43.631s] -- Installing: /workspace/jazzy_ws/install/include/fastrtps/utils/Semaphore.h
[43.631s] -- Installing: /workspace/jazzy_ws/install/include/fastrtps/utils/string_convert.hpp
[43.631s] -- Installing: /workspace/jazzy_ws/install/include/fastrtps/utils/StringMatching.h
[43.631s] -- Installing: /workspace/jazzy_ws/install/include/fastrtps/utils/md5.h
[43.631s] -- Installing: /workspace/jazzy_ws/install/include/fastrtps/utils/DBQueue.h
[43.631s] -- Installing: /workspace/jazzy_ws/install/include/fastrtps/utils/IPLocator.h
[43.631s] -- Installing: /workspace/jazzy_ws/install/include/fastrtps/utils/collections
[43.631s] -- Installing: /workspace/jazzy_ws/install/include/fastrtps/utils/collections/ResourceLimitedVector.hpp
[43.631s] -- Installing: /workspace/jazzy_ws/install/include/fastrtps/utils/collections/ResourceLimitedContainerConfig.hpp
[43.632s] -- Installing: /workspace/jazzy_ws/install/include/fastrtps/utils/collections/foonathan_memory_helpers.hpp
[43.632s] -- Installing: /workspace/jazzy_ws/install/include/fastrtps/utils/IPFinder.h
[43.632s] -- Installing: /workspace/jazzy_ws/install/include/fastrtps/utils/UnitsParser.hpp
[43.632s] -- Installing: /workspace/jazzy_ws/install/include/fastrtps/utils/ProxyPool.hpp
[43.632s] -- Installing: /workspace/jazzy_ws/install/include/fastrtps/utils/System.h
[43.632s] -- Installing: /workspace/jazzy_ws/install/include/fastrtps/attributes
[43.632s] -- Installing: /workspace/jazzy_ws/install/include/fastrtps/attributes/RequesterAttributes.hpp
[43.632s] -- Installing: /workspace/jazzy_ws/install/include/fastrtps/attributes/ReplierAttributes.hpp
[43.632s] -- Installing: /workspace/jazzy_ws/install/include/fastrtps/attributes/ParticipantAttributes.h
[43.632s] -- Installing: /workspace/jazzy_ws/install/include/fastrtps/attributes/SubscriberAttributes.h
[43.632s] -- Installing: /workspace/jazzy_ws/install/include/fastrtps/attributes/all_attributes.h
[43.632s] -- Installing: /workspace/jazzy_ws/install/include/fastrtps/attributes/TopicAttributes.h
[43.632s] -- Installing: /workspace/jazzy_ws/install/include/fastrtps/attributes/PublisherAttributes.h
[43.632s] -- Installing: /workspace/jazzy_ws/install/include/fastrtps/attributes/LibrarySettingsAttributes.h
[43.632s] -- Installing: /workspace/jazzy_ws/install/include/fastrtps/rtps
[43.632s] -- Installing: /workspace/jazzy_ws/install/include/fastrtps/rtps/rtps_fwd.h
[43.633s] -- Installing: /workspace/jazzy_ws/install/include/fastrtps/rtps/common
[43.633s] -- Installing: /workspace/jazzy_ws/install/include/fastrtps/rtps/common/FragmentNumber.h
[43.633s] -- Installing: /workspace/jazzy_ws/install/include/fastrtps/rtps/common/WriteParams.h
[43.633s] -- Installing: /workspace/jazzy_ws/install/include/fastrtps/rtps/common/Token.h
[43.633s] -- Installing: /workspace/jazzy_ws/install/include/fastrtps/rtps/common/Types.h
[43.633s] -- Installing: /workspace/jazzy_ws/install/include/fastrtps/rtps/common/SequenceNumber.h
[43.633s] -- Installing: /workspace/jazzy_ws/install/include/fastrtps/rtps/common/BinaryProperty.h
[43.633s] -- Installing: /workspace/jazzy_ws/install/include/fastrtps/rtps/common/Guid.h
[43.633s] -- Installing: /workspace/jazzy_ws/install/include/fastrtps/rtps/common/SerializedPayload.h
[43.633s] -- Installing: /workspace/jazzy_ws/install/include/fastrtps/rtps/common/RemoteLocators.hpp
[43.633s] -- Installing: /workspace/jazzy_ws/install/include/fastrtps/rtps/common/SampleIdentity.h
[43.633s] -- Installing: /workspace/jazzy_ws/install/include/fastrtps/rtps/common/Locator.h
[43.633s] -- Installing: /workspace/jazzy_ws/install/include/fastrtps/rtps/common/Property.h
[43.633s] -- Installing: /workspace/jazzy_ws/install/include/fastrtps/rtps/common/CDRMessage_t.h
[43.633s] -- Installing: /workspace/jazzy_ws/install/include/fastrtps/rtps/common/LocatorListComparisons.hpp
[43.633s] -- Installing: /workspace/jazzy_ws/install/include/fastrtps/rtps/common/LocatorSelector.hpp
[43.634s] -- Installing: /workspace/jazzy_ws/install/include/fastrtps/rtps/common/all_common.h
[43.634s] -- Installing: /workspace/jazzy_ws/install/include/fastrtps/rtps/common/PortParameters.h
[43.634s] -- Installing: /workspace/jazzy_ws/install/include/fastrtps/rtps/common/MatchingInfo.h
[43.634s] -- Installing: /workspace/jazzy_ws/install/include/fastrtps/rtps/common/CacheChange.h
[43.634s] -- Installing: /workspace/jazzy_ws/install/include/fastrtps/rtps/common/Time_t.h
[43.634s] -- Installing: /workspace/jazzy_ws/install/include/fastrtps/rtps/common/LocatorSelectorEntry.hpp
[43.634s] -- Installing: /workspace/jazzy_ws/install/include/fastrtps/rtps/common/InstanceHandle.h
[43.634s] -- Installing: /workspace/jazzy_ws/install/include/fastrtps/rtps/attributes
[43.634s] -- Installing: /workspace/jazzy_ws/install/include/fastrtps/rtps/attributes/EndpointAttributes.h
[43.634s] -- Installing: /workspace/jazzy_ws/install/include/fastrtps/rtps/attributes/ReaderAttributes.h
[43.634s] -- Installing: /workspace/jazzy_ws/install/include/fastrtps/rtps/attributes/PropertyPolicy.h
[43.634s] -- Installing: /workspace/jazzy_ws/install/include/fastrtps/rtps/attributes/ServerAttributes.h
[43.634s] -- Installing: /workspace/jazzy_ws/install/include/fastrtps/rtps/attributes/HistoryAttributes.h
[43.634s] -- Installing: /workspace/jazzy_ws/install/include/fastrtps/rtps/attributes/WriterAttributes.h
[43.634s] -- Installing: /workspace/jazzy_ws/install/include/fastrtps/rtps/attributes/RTPSParticipantAllocationAttributes.hpp
[43.635s] -- Installing: /workspace/jazzy_ws/install/include/fastrtps/rtps/attributes/RTPSParticipantAttributes.h
[43.635s] -- Installing: /workspace/jazzy_ws/install/include/fastrtps/rtps/resources
[43.635s] -- Installing: /workspace/jazzy_ws/install/include/fastrtps/rtps/resources/ResourceManagement.h
[43.635s] -- Installing: /workspace/jazzy_ws/install/include/fastrtps/rtps/resources/ResourceEvent.h
[43.635s] -- Installing: /workspace/jazzy_ws/install/include/fastrtps/rtps/resources/TimedEvent.h
[43.635s] -- Installing: /workspace/jazzy_ws/install/include/fastrtps/rtps/security
[43.635s] -- Installing: /workspace/jazzy_ws/install/include/fastrtps/rtps/security/accesscontrol
[43.635s] -- Installing: /workspace/jazzy_ws/install/include/fastrtps/rtps/security/accesscontrol/SecurityMaskUtilities.h
[43.635s] -- Installing: /workspace/jazzy_ws/install/include/fastrtps/rtps/security/accesscontrol/EndpointSecurityAttributes.h
[43.635s] -- Installing: /workspace/jazzy_ws/install/include/fastrtps/rtps/security/accesscontrol/AccessControl.h
[43.635s] -- Installing: /workspace/jazzy_ws/install/include/fastrtps/rtps/security/accesscontrol/ParticipantSecurityAttributes.h
[43.635s] -- Installing: /workspace/jazzy_ws/install/include/fastrtps/rtps/security/common
[43.635s] -- Installing: /workspace/jazzy_ws/install/include/fastrtps/rtps/security/common/Handle.h
[43.635s] -- Installing: /workspace/jazzy_ws/install/include/fastrtps/rtps/security/common/ParticipantGenericMessage.h
[43.635s] -- Installing: /workspace/jazzy_ws/install/include/fastrtps/rtps/security/common/SharedSecretHandle.h
[43.635s] -- Installing: /workspace/jazzy_ws/install/include/fastrtps/rtps/security/authentication
[43.635s] -- Installing: /workspace/jazzy_ws/install/include/fastrtps/rtps/security/authentication/Authentication.h
[43.636s] -- Installing: /workspace/jazzy_ws/install/include/fastrtps/rtps/security/authentication/Handshake.h
[43.636s] -- Installing: /workspace/jazzy_ws/install/include/fastrtps/rtps/security/exceptions
[43.636s] -- Installing: /workspace/jazzy_ws/install/include/fastrtps/rtps/security/exceptions/SecurityException.h
[43.636s] -- Installing: /workspace/jazzy_ws/install/include/fastrtps/rtps/security/cryptography
[43.636s] -- Installing: /workspace/jazzy_ws/install/include/fastrtps/rtps/security/cryptography/CryptoTransform.h
[43.636s] -- Installing: /workspace/jazzy_ws/install/include/fastrtps/rtps/security/cryptography/CryptoTypes.h
[43.636s] -- Installing: /workspace/jazzy_ws/install/include/fastrtps/rtps/security/cryptography/Cryptography.h
[43.636s] -- Installing: /workspace/jazzy_ws/install/include/fastrtps/rtps/security/cryptography/CryptoKeyFactory.h
[43.636s] -- Installing: /workspace/jazzy_ws/install/include/fastrtps/rtps/security/cryptography/CryptoKeyExchange.h
[43.636s] -- Installing: /workspace/jazzy_ws/install/include/fastrtps/rtps/Endpoint.h
[43.636s] -- Installing: /workspace/jazzy_ws/install/include/fastrtps/rtps/reader
[43.636s] -- Installing: /workspace/jazzy_ws/install/include/fastrtps/rtps/reader/StatefulReader.h
[43.636s] -- Installing: /workspace/jazzy_ws/install/include/fastrtps/rtps/reader/ReaderDiscoveryInfo.h
[43.637s] -- Installing: /workspace/jazzy_ws/install/include/fastrtps/rtps/reader/StatefulPersistentReader.h
[43.637s] -- Installing: /workspace/jazzy_ws/install/include/fastrtps/rtps/reader/StatelessReader.h
[43.637s] -- Installing: /workspace/jazzy_ws/install/include/fastrtps/rtps/reader/RTPSReader.h
[43.637s] -- Installing: /workspace/jazzy_ws/install/include/fastrtps/rtps/reader/ReaderListener.h
[43.637s] -- Installing: /workspace/jazzy_ws/install/include/fastrtps/rtps/reader/StatelessPersistentReader.h
[43.637s] -- Installing: /workspace/jazzy_ws/install/include/fastrtps/rtps/exceptions
[43.637s] -- Installing: /workspace/jazzy_ws/install/include/fastrtps/rtps/exceptions/Exception.h
[43.637s] -- Installing: /workspace/jazzy_ws/install/include/fastrtps/rtps/builtin
[43.637s] -- Installing: /workspace/jazzy_ws/install/include/fastrtps/rtps/builtin/liveliness
[43.637s] -- Installing: /workspace/jazzy_ws/install/include/fastrtps/rtps/builtin/liveliness/WLP.h
[43.637s] -- Installing: /workspace/jazzy_ws/install/include/fastrtps/rtps/builtin/liveliness/WLPListener.h
[43.637s] -- Installing: /workspace/jazzy_ws/install/include/fastrtps/rtps/builtin/discovery
[43.637s] -- Installing: /workspace/jazzy_ws/install/include/fastrtps/rtps/builtin/discovery/endpoint
[43.637s] -- Installing: /workspace/jazzy_ws/install/include/fastrtps/rtps/builtin/discovery/endpoint/EDP.h
[43.637s] -- Installing: /workspace/jazzy_ws/install/include/fastrtps/rtps/builtin/discovery/endpoint/EDPStatic.h
[43.637s] -- Installing: /workspace/jazzy_ws/install/include/fastrtps/rtps/builtin/discovery/endpoint/EDPSimple.h
[43.637s] -- Installing: /workspace/jazzy_ws/install/include/fastrtps/rtps/builtin/discovery/participant
[43.637s] -- Installing: /workspace/jazzy_ws/install/include/fastrtps/rtps/builtin/discovery/participant/PDPListener.h
[43.637s] -- Installing: /workspace/jazzy_ws/install/include/fastrtps/rtps/builtin/discovery/participant/PDP.h
[43.638s] -- Installing: /workspace/jazzy_ws/install/include/fastrtps/rtps/builtin/discovery/participant/PDPSimple.h
[43.638s] -- Installing: /workspace/jazzy_ws/install/include/fastrtps/rtps/builtin/BuiltinProtocols.h
[43.638s] -- Installing: /workspace/jazzy_ws/install/include/fastrtps/rtps/builtin/data
[43.638s] -- Installing: /workspace/jazzy_ws/install/include/fastrtps/rtps/builtin/data/ReaderProxyData.h
[43.638s] -- Installing: /workspace/jazzy_ws/install/include/fastrtps/rtps/builtin/data/ParticipantProxyData.h
[43.638s] -- Installing: /workspace/jazzy_ws/install/include/fastrtps/rtps/builtin/data/WriterProxyData.h
[43.638s] -- Installing: /workspace/jazzy_ws/install/include/fastrtps/rtps/flowcontrol
[43.638s] -- Installing: /workspace/jazzy_ws/install/include/fastrtps/rtps/flowcontrol/ThroughputControllerDescriptor.h
[43.638s] -- Installing: /workspace/jazzy_ws/install/include/fastrtps/rtps/rtps_all.h
[43.638s] -- Installing: /workspace/jazzy_ws/install/include/fastrtps/rtps/history
[43.638s] -- Installing: /workspace/jazzy_ws/install/include/fastrtps/rtps/history/ReaderHistory.h
[43.638s] -- Installing: /workspace/jazzy_ws/install/include/fastrtps/rtps/history/History.h
[43.638s] -- Installing: /workspace/jazzy_ws/install/include/fastrtps/rtps/history/WriterHistory.h
[43.638s] -- Installing: /workspace/jazzy_ws/install/include/fastrtps/rtps/network
[43.638s] -- Installing: /workspace/jazzy_ws/install/include/fastrtps/rtps/network/SenderResource.h
[43.638s] -- Installing: /workspace/jazzy_ws/install/include/fastrtps/rtps/writer
[43.639s] -- Installing: /workspace/jazzy_ws/install/include/fastrtps/rtps/writer/ReaderLocator.h
[43.639s] -- Installing: /workspace/jazzy_ws/install/include/fastrtps/rtps/writer/StatefulPersistentWriter.h
[43.639s] -- Installing: /workspace/jazzy_ws/install/include/fastrtps/rtps/writer/LivelinessData.h
[43.639s] -- Installing: /workspace/jazzy_ws/install/include/fastrtps/rtps/writer/LivelinessManager.h
[43.639s] -- Installing: /workspace/jazzy_ws/install/include/fastrtps/rtps/writer/PersistentWriter.h
[43.639s] -- Installing: /workspace/jazzy_ws/install/include/fastrtps/rtps/writer/WriterDiscoveryInfo.h
[43.639s] -- Installing: /workspace/jazzy_ws/install/include/fastrtps/rtps/writer/ReaderProxy.h
[43.639s] -- Installing: /workspace/jazzy_ws/install/include/fastrtps/rtps/writer/StatefulWriter.h
[43.639s] -- Installing: /workspace/jazzy_ws/install/include/fastrtps/rtps/writer/RTPSWriter.h
[43.639s] -- Installing: /workspace/jazzy_ws/install/include/fastrtps/rtps/writer/StatelessPersistentWriter.h
[43.639s] -- Installing: /workspace/jazzy_ws/install/include/fastrtps/rtps/writer/StatelessWriter.h
[43.639s] -- Installing: /workspace/jazzy_ws/install/include/fastrtps/rtps/writer/WriterListener.h
[43.639s] -- Installing: /workspace/jazzy_ws/install/include/fastrtps/rtps/participant
[43.639s] -- Installing: /workspace/jazzy_ws/install/include/fastrtps/rtps/participant/RTPSParticipant.h
[43.639s] -- Installing: /workspace/jazzy_ws/install/include/fastrtps/rtps/participant/RTPSParticipantListener.h
[43.639s] -- Installing: /workspace/jazzy_ws/install/include/fastrtps/rtps/participant/ParticipantDiscoveryInfo.h
[43.640s] -- Installing: /workspace/jazzy_ws/install/include/fastrtps/rtps/messages
[43.640s] -- Installing: /workspace/jazzy_ws/install/include/fastrtps/rtps/messages/MessageReceiver.h
[43.640s] -- Installing: /workspace/jazzy_ws/install/include/fastrtps/rtps/messages/RTPSMessageGroup.h
[43.640s] -- Installing: /workspace/jazzy_ws/install/include/fastrtps/rtps/messages/RTPSMessageSenderInterface.hpp
[43.640s] -- Installing: /workspace/jazzy_ws/install/include/fastrtps/rtps/messages/CDRMessage.h
[43.640s] -- Installing: /workspace/jazzy_ws/install/include/fastrtps/rtps/messages/RTPSMessageCreator.h
[43.640s] -- Installing: /workspace/jazzy_ws/install/include/fastrtps/rtps/messages/RTPS_messages.h
[43.640s] -- Installing: /workspace/jazzy_ws/install/include/fastrtps/rtps/RTPSDomain.h
[43.640s] -- Installing: /workspace/jazzy_ws/install/include/fastrtps/eProsima_auto_link.h
[43.640s] -- Installing: /workspace/jazzy_ws/install/include/fastrtps/transport
[43.640s] -- Installing: /workspace/jazzy_ws/install/include/fastrtps/transport/TransportReceiverInterface.h
[43.640s] -- Installing: /workspace/jazzy_ws/install/include/fastrtps/transport/UDPv6TransportDescriptor.h
[43.640s] -- Installing: /workspace/jazzy_ws/install/include/fastrtps/transport/test_UDPv4TransportDescriptor.h
[43.640s] -- Installing: /workspace/jazzy_ws/install/include/fastrtps/transport/TCPTransportDescriptor.h
[43.640s] -- Installing: /workspace/jazzy_ws/install/include/fastrtps/transport/TransportInterface.h
[43.640s] -- Installing: /workspace/jazzy_ws/install/include/fastrtps/transport/TCPv4TransportDescriptor.h
[43.641s] -- Installing: /workspace/jazzy_ws/install/include/fastrtps/transport/UDPTransportDescriptor.h
[43.641s] -- Installing: /workspace/jazzy_ws/install/include/fastrtps/transport/SocketTransportDescriptor.h
[43.641s] -- Installing: /workspace/jazzy_ws/install/include/fastrtps/transport/TransportDescriptorInterface.h
[43.641s] -- Installing: /workspace/jazzy_ws/install/include/fastrtps/transport/UDPv4TransportDescriptor.h
[43.641s] -- Installing: /workspace/jazzy_ws/install/include/fastrtps/transport/TCPv6TransportDescriptor.h
[43.641s] -- Installing: /workspace/jazzy_ws/install/include/fastrtps/fastrtps_dll.h
[43.641s] -- Installing: /workspace/jazzy_ws/install/include/fastrtps/publisher
[43.641s] -- Installing: /workspace/jazzy_ws/install/include/fastrtps/publisher/PublisherHistory.h
[43.641s] -- Installing: /workspace/jazzy_ws/install/include/fastrtps/publisher/Publisher.h
[43.641s] -- Installing: /workspace/jazzy_ws/install/include/fastrtps/publisher/PublisherListener.h
[43.641s] -- Installing: /workspace/jazzy_ws/install/include/fastrtps/fastrtps_fwd.h
[43.641s] -- Installing: /workspace/jazzy_ws/install/include/fastrtps/xmlparser
[43.641s] -- Installing: /workspace/jazzy_ws/install/include/fastrtps/xmlparser/XMLEndpointParser.h
[43.641s] -- Installing: /workspace/jazzy_ws/install/include/fastrtps/xmlparser/XMLTree.h
[43.641s] -- Installing: /workspace/jazzy_ws/install/include/fastrtps/xmlparser/XMLProfileManager.h
[43.641s] -- Installing: /workspace/jazzy_ws/install/include/fastrtps/xmlparser/XMLParser.h
[43.641s] -- Installing: /workspace/jazzy_ws/install/include/fastrtps/xmlparser/XMLParserCommon.h
[43.642s] -- Installing: /workspace/jazzy_ws/install/include/fastrtps/subscriber
[43.642s] -- Installing: /workspace/jazzy_ws/install/include/fastrtps/subscriber/SubscriberHistory.h
[43.642s] -- Installing: /workspace/jazzy_ws/install/include/fastrtps/subscriber/SubscriberListener.h
[43.642s] -- Installing: /workspace/jazzy_ws/install/include/fastrtps/subscriber/SampleInfo.h
[43.642s] -- Installing: /workspace/jazzy_ws/install/include/fastrtps/subscriber/Subscriber.h
[43.642s] -- Installing: /workspace/jazzy_ws/install/include/fastrtps/config
[43.642s] -- Installing: /workspace/jazzy_ws/install/include/fastrtps/config/doxygen_modules.h
[43.642s] -- Installing: /workspace/jazzy_ws/install/include/fastrtps/TopicDataType.h
[43.642s] -- Installing: /workspace/jazzy_ws/install/include/fastrtps/qos
[43.642s] -- Installing: /workspace/jazzy_ws/install/include/fastrtps/qos/DeadlineMissedStatus.h
[43.642s] -- Installing: /workspace/jazzy_ws/install/include/fastrtps/qos/QosPolicies.h
[43.642s] -- Installing: /workspace/jazzy_ws/install/include/fastrtps/qos/LivelinessChangedStatus.h
[43.642s] -- Installing: /workspace/jazzy_ws/install/include/fastrtps/qos/IncompatibleQosStatus.hpp
[43.642s] -- Installing: /workspace/jazzy_ws/install/include/fastrtps/qos/SampleRejectedStatus.hpp
[43.642s] -- Installing: /workspace/jazzy_ws/install/include/fastrtps/qos/LivelinessLostStatus.h
[43.642s] -- Installing: /workspace/jazzy_ws/install/include/fastrtps/qos/WriterQos.h
[43.642s] -- Installing: /workspace/jazzy_ws/install/include/fastrtps/qos/ReaderQos.h
[43.643s] -- Installing: /workspace/jazzy_ws/install/include/fastrtps/qos/ParameterTypes.h
[43.643s] -- Installing: /workspace/jazzy_ws/install/include/fastrtps/Domain.h
[43.643s] -- Installing: /workspace/jazzy_ws/install/include/fastrtps/participant
[43.643s] -- Installing: /workspace/jazzy_ws/install/include/fastrtps/participant/ParticipantListener.h
[43.643s] -- Installing: /workspace/jazzy_ws/install/include/fastrtps/participant/Participant.h
[43.643s] -- Installing: /workspace/jazzy_ws/install/include/fastrtps/log
[43.643s] -- Installing: /workspace/jazzy_ws/install/include/fastrtps/log/Colors.h
[43.643s] -- Installing: /workspace/jazzy_ws/install/include/fastrtps/log/StdoutConsumer.h
[43.643s] -- Installing: /workspace/jazzy_ws/install/include/fastrtps/log/Log.h
[43.643s] -- Installing: /workspace/jazzy_ws/install/include/fastrtps/log/FileConsumer.h
[43.643s] -- Installing: /workspace/jazzy_ws/install/include/fastrtps/types
[43.643s] -- Installing: /workspace/jazzy_ws/install/include/fastrtps/types/TypesBase.h
[43.643s] -- Installing: /workspace/jazzy_ws/install/include/fastrtps/types/DynamicPubSubType.h
[43.643s] -- Installing: /workspace/jazzy_ws/install/include/fastrtps/types/TypeObjectFactory.h
[43.643s] -- Installing: /workspace/jazzy_ws/install/include/fastrtps/types/DynamicTypeMember.h
[43.643s] -- Installing: /workspace/jazzy_ws/install/include/fastrtps/types/AnnotationParameterValue.h
[43.643s] -- Installing: /workspace/jazzy_ws/install/include/fastrtps/types/TypeObjectHashId.h
[43.644s] -- Installing: /workspace/jazzy_ws/install/include/fastrtps/types/DynamicTypeBuilder.h
[43.644s] -- Installing: /workspace/jazzy_ws/install/include/fastrtps/types/DynamicDataHelper.hpp
[43.644s] -- Installing: /workspace/jazzy_ws/install/include/fastrtps/types/TypeDescriptor.h
[43.644s] -- Installing: /workspace/jazzy_ws/install/include/fastrtps/types/MemberDescriptor.h
[43.644s] -- Installing: /workspace/jazzy_ws/install/include/fastrtps/types/BuiltinAnnotationsTypeObject.h
[43.644s] -- Installing: /workspace/jazzy_ws/install/include/fastrtps/types/DynamicType.h
[43.644s] -- Installing: /workspace/jazzy_ws/install/include/fastrtps/types/DynamicTypePtr.h
[43.644s] -- Installing: /workspace/jazzy_ws/install/include/fastrtps/types/DynamicDataPtr.h
[43.644s] -- Installing: /workspace/jazzy_ws/install/include/fastrtps/types/DynamicTypeBuilderPtr.h
[43.644s] -- Installing: /workspace/jazzy_ws/install/include/fastrtps/types/TypeObject.h
[43.644s] -- Installing: /workspace/jazzy_ws/install/include/fastrtps/types/TypeIdentifierTypes.h
[43.644s] -- Installing: /workspace/jazzy_ws/install/include/fastrtps/types/AnnotationDescriptor.h
[43.644s] -- Installing: /workspace/jazzy_ws/install/include/fastrtps/types/DynamicData.h
[43.644s] -- Installing: /workspace/jazzy_ws/install/include/fastrtps/types/DynamicTypeBuilderFactory.h
[43.645s] -- Installing: /workspace/jazzy_ws/install/include/fastrtps/types/DynamicLoanableSequence.hpp
[43.645s] -- Installing: /workspace/jazzy_ws/install/include/fastrtps/types/TypeIdentifier.h
[43.645s] -- Installing: /workspace/jazzy_ws/install/include/fastrtps/types/DynamicDataFactory.h
[43.645s] -- Installing: /workspace/jazzy_ws/install/include/fastrtps/types/TypeNamesGenerator.h
[43.645s] -- Installing: /workspace/jazzy_ws/install/include/fastdds
[43.645s] -- Installing: /workspace/jazzy_ws/install/include/fastdds/statistics
[43.645s] -- Installing: /workspace/jazzy_ws/install/include/fastdds/statistics/IListeners.hpp
[43.645s] -- Installing: /workspace/jazzy_ws/install/include/fastdds/statistics/topic_names.hpp
[43.645s] -- Installing: /workspace/jazzy_ws/install/include/fastdds/statistics/rtps
[43.645s] -- Installing: /workspace/jazzy_ws/install/include/fastdds/statistics/rtps/monitor_service
[43.645s] -- Installing: /workspace/jazzy_ws/install/include/fastdds/statistics/rtps/monitor_service/connections_fwd.hpp
[43.645s] -- Installing: /workspace/jazzy_ws/install/include/fastdds/statistics/rtps/monitor_service/interfaces
[43.645s] -- Installing: /workspace/jazzy_ws/install/include/fastdds/statistics/rtps/monitor_service/interfaces/IProxyQueryable.hpp
[43.645s] -- Installing: /workspace/jazzy_ws/install/include/fastdds/statistics/rtps/StatisticsCommon.hpp
[43.645s] -- Installing: /workspace/jazzy_ws/install/include/fastdds/statistics/dds
[43.645s] -- Installing: /workspace/jazzy_ws/install/include/fastdds/statistics/dds/domain
[43.646s] -- Installing: /workspace/jazzy_ws/install/include/fastdds/statistics/dds/domain/DomainParticipant.hpp
[43.646s] -- Installing: /workspace/jazzy_ws/install/include/fastdds/statistics/dds/publisher
[43.646s] -- Installing: /workspace/jazzy_ws/install/include/fastdds/statistics/dds/publisher/qos
[43.646s] -- Installing: /workspace/jazzy_ws/install/include/fastdds/statistics/dds/publisher/qos/DataWriterQos.hpp
[43.646s] -- Installing: /workspace/jazzy_ws/install/include/fastdds/statistics/dds/subscriber
[43.646s] -- Installing: /workspace/jazzy_ws/install/include/fastdds/statistics/dds/subscriber/qos
[43.646s] -- Installing: /workspace/jazzy_ws/install/include/fastdds/statistics/dds/subscriber/qos/DataReaderQos.hpp
[43.646s] -- Installing: /workspace/jazzy_ws/install/include/fastdds/rtps
[43.646s] -- Installing: /workspace/jazzy_ws/install/include/fastdds/rtps/rtps_fwd.h
[43.646s] -- Installing: /workspace/jazzy_ws/install/include/fastdds/rtps/common
[43.646s] -- Installing: /workspace/jazzy_ws/install/include/fastdds/rtps/common/FragmentNumber.h
[43.646s] -- Installing: /workspace/jazzy_ws/install/include/fastdds/rtps/common/CdrSerialization.hpp
[43.646s] -- Installing: /workspace/jazzy_ws/install/include/fastdds/rtps/common/WriteParams.h
[43.646s] -- Installing: /workspace/jazzy_ws/install/include/fastdds/rtps/common/ChangeKind_t.hpp
[43.646s] -- Installing: /workspace/jazzy_ws/install/include/fastdds/rtps/common/Token.h
[43.646s] -- Installing: /workspace/jazzy_ws/install/include/fastdds/rtps/common/LocatorsIterator.hpp
[43.646s] -- Installing: /workspace/jazzy_ws/install/include/fastdds/rtps/common/Types.h
[43.646s] -- Installing: /workspace/jazzy_ws/install/include/fastdds/rtps/common/SequenceNumber.h
[43.647s] -- Installing: /workspace/jazzy_ws/install/include/fastdds/rtps/common/BinaryProperty.h
[43.647s] -- Installing: /workspace/jazzy_ws/install/include/fastdds/rtps/common/Guid.h
[43.647s] -- Installing: /workspace/jazzy_ws/install/include/fastdds/rtps/common/GuidPrefix_t.hpp
[43.647s] -- Installing: /workspace/jazzy_ws/install/include/fastdds/rtps/common/LocatorList.hpp
[43.647s] -- Installing: /workspace/jazzy_ws/install/include/fastdds/rtps/common/EntityId_t.hpp
[43.647s] -- Installing: /workspace/jazzy_ws/install/include/fastdds/rtps/common/SerializedPayload.h
[43.647s] -- Installing: /workspace/jazzy_ws/install/include/fastdds/rtps/common/RemoteLocators.hpp
[43.647s] -- Installing: /workspace/jazzy_ws/install/include/fastdds/rtps/common/SampleIdentity.h
[43.647s] -- Installing: /workspace/jazzy_ws/install/include/fastdds/rtps/common/Locator.h
[43.647s] -- Installing: /workspace/jazzy_ws/install/include/fastdds/rtps/common/Property.h
[43.647s] -- Installing: /workspace/jazzy_ws/install/include/fastdds/rtps/common/LocatorWithMask.hpp
[43.647s] -- Installing: /workspace/jazzy_ws/install/include/fastdds/rtps/common/CDRMessage_t.h
[43.647s] -- Installing: /workspace/jazzy_ws/install/include/fastdds/rtps/common/LocatorListComparisons.hpp
[43.647s] -- Installing: /workspace/jazzy_ws/install/include/fastdds/rtps/common/LocatorSelector.hpp
[43.647s] -- Installing: /workspace/jazzy_ws/install/include/fastdds/rtps/common/all_common.h
[43.648s] -- Installing: /workspace/jazzy_ws/install/include/fastdds/rtps/common/PortParameters.h
[43.648s] -- Installing: /workspace/jazzy_ws/install/include/fastdds/rtps/common/MatchingInfo.h
[43.648s] -- Installing: /workspace/jazzy_ws/install/include/fastdds/rtps/common/CacheChange.h
[43.648s] -- Installing: /workspace/jazzy_ws/install/include/fastdds/rtps/common/Time_t.h
[43.648s] -- Installing: /workspace/jazzy_ws/install/include/fastdds/rtps/common/LocatorSelectorEntry.hpp
[43.648s] -- Installing: /workspace/jazzy_ws/install/include/fastdds/rtps/common/VendorId_t.hpp
[43.648s] -- Installing: /workspace/jazzy_ws/install/include/fastdds/rtps/common/InstanceHandle.h
[43.648s] -- Installing: /workspace/jazzy_ws/install/include/fastdds/rtps/attributes
[43.648s] -- Installing: /workspace/jazzy_ws/install/include/fastdds/rtps/attributes/ExternalLocators.hpp
[43.648s] -- Installing: /workspace/jazzy_ws/install/include/fastdds/rtps/attributes/EndpointAttributes.h
[43.648s] -- Installing: /workspace/jazzy_ws/install/include/fastdds/rtps/attributes/ReaderAttributes.h
[43.648s] -- Installing: /workspace/jazzy_ws/install/include/fastdds/rtps/attributes/PropertyPolicy.h
[43.648s] -- Installing: /workspace/jazzy_ws/install/include/fastdds/rtps/attributes/ServerAttributes.h
[43.648s] -- Installing: /workspace/jazzy_ws/install/include/fastdds/rtps/attributes/HistoryAttributes.h
[43.648s] -- Installing: /workspace/jazzy_ws/install/include/fastdds/rtps/attributes/BuiltinTransports.hpp
[43.648s] -- Installing: /workspace/jazzy_ws/install/include/fastdds/rtps/attributes/ThreadSettings.hpp
[43.649s] -- Installing: /workspace/jazzy_ws/install/include/fastdds/rtps/attributes/WriterAttributes.h
[43.649s] -- Installing: /workspace/jazzy_ws/install/include/fastdds/rtps/attributes/RTPSParticipantAllocationAttributes.hpp
[43.649s] -- Installing: /workspace/jazzy_ws/install/include/fastdds/rtps/attributes/RTPSParticipantAttributes.h
[43.649s] -- Installing: /workspace/jazzy_ws/install/include/fastdds/rtps/resources
[43.649s] -- Installing: /workspace/jazzy_ws/install/include/fastdds/rtps/resources/ResourceManagement.h
[43.649s] -- Installing: /workspace/jazzy_ws/install/include/fastdds/rtps/resources/ResourceEvent.h
[43.649s] -- Installing: /workspace/jazzy_ws/install/include/fastdds/rtps/resources/TimedEvent.h
[43.649s] -- Installing: /workspace/jazzy_ws/install/include/fastdds/rtps/transport
[43.649s] -- Installing: /workspace/jazzy_ws/install/include/fastdds/rtps/transport/TransportReceiverInterface.h
[43.649s] -- Installing: /workspace/jazzy_ws/install/include/fastdds/rtps/transport/UDPv6TransportDescriptor.h
[43.649s] -- Installing: /workspace/jazzy_ws/install/include/fastdds/rtps/transport/test_UDPv4TransportDescriptor.h
[43.649s] -- Installing: /workspace/jazzy_ws/install/include/fastdds/rtps/transport/TCPTransportDescriptor.h
[43.649s] -- Installing: /workspace/jazzy_ws/install/include/fastdds/rtps/transport/TransportInterface.h
[43.649s] -- Installing: /workspace/jazzy_ws/install/include/fastdds/rtps/transport/TCPv4TransportDescriptor.h
[43.649s] -- Installing: /workspace/jazzy_ws/install/include/fastdds/rtps/transport/UDPTransportDescriptor.h
[43.649s] -- Installing: /workspace/jazzy_ws/install/include/fastdds/rtps/transport/PortBasedTransportDescriptor.hpp
[43.650s] -- Installing: /workspace/jazzy_ws/install/include/fastdds/rtps/transport/ChainingTransportDescriptor.h
[43.650s] -- Installing: /workspace/jazzy_ws/install/include/fastdds/rtps/transport/network
[43.650s] -- Installing: /workspace/jazzy_ws/install/include/fastdds/rtps/transport/network/BlockedNetworkInterface.hpp
[43.650s] -- Installing: /workspace/jazzy_ws/install/include/fastdds/rtps/transport/network/NetworkInterface.hpp
[43.650s] -- Installing: /workspace/jazzy_ws/install/include/fastdds/rtps/transport/network/AllowedNetworkInterface.hpp
[43.650s] -- Installing: /workspace/jazzy_ws/install/include/fastdds/rtps/transport/network/NetmaskFilterKind.hpp
[43.650s] -- Installing: /workspace/jazzy_ws/install/include/fastdds/rtps/transport/network/NetworkInterfaceWithFilter.hpp
[43.650s] -- Installing: /workspace/jazzy_ws/install/include/fastdds/rtps/transport/shared_mem
[43.650s] -- Installing: /workspace/jazzy_ws/install/include/fastdds/rtps/transport/shared_mem/SharedMemTransportDescriptor.h
[43.650s] -- Installing: /workspace/jazzy_ws/install/include/fastdds/rtps/transport/SenderResource.h
[43.650s] -- Installing: /workspace/jazzy_ws/install/include/fastdds/rtps/transport/SocketTransportDescriptor.h
[43.650s] -- Installing: /workspace/jazzy_ws/install/include/fastdds/rtps/transport/ChainingTransport.h
[43.650s] -- Installing: /workspace/jazzy_ws/install/include/fastdds/rtps/transport/TransportDescriptorInterface.h
[43.650s] -- Installing: /workspace/jazzy_ws/install/include/fastdds/rtps/transport/UDPv4TransportDescriptor.h
[43.650s] -- Installing: /workspace/jazzy_ws/install/include/fastdds/rtps/transport/TCPv6TransportDescriptor.h
[43.651s] -- Installing: /workspace/jazzy_ws/install/include/fastdds/rtps/security
[43.651s] -- Installing: /workspace/jazzy_ws/install/include/fastdds/rtps/security/accesscontrol
[43.651s] -- Installing: /workspace/jazzy_ws/install/include/fastdds/rtps/security/accesscontrol/SecurityMaskUtilities.h
[43.651s] -- Installing: /workspace/jazzy_ws/install/include/fastdds/rtps/security/accesscontrol/EndpointSecurityAttributes.h
[43.651s] -- Installing: /workspace/jazzy_ws/install/include/fastdds/rtps/security/accesscontrol/AccessControl.h
[43.651s] -- Installing: /workspace/jazzy_ws/install/include/fastdds/rtps/security/accesscontrol/ParticipantSecurityAttributes.h
[43.651s] -- Installing: /workspace/jazzy_ws/install/include/fastdds/rtps/security/common
[43.651s] -- Installing: /workspace/jazzy_ws/install/include/fastdds/rtps/security/common/Handle.h
[43.651s] -- Installing: /workspace/jazzy_ws/install/include/fastdds/rtps/security/common/ParticipantGenericMessage.h
[43.651s] -- Installing: /workspace/jazzy_ws/install/include/fastdds/rtps/security/common/SharedSecretHandle.h
[43.651s] -- Installing: /workspace/jazzy_ws/install/include/fastdds/rtps/security/authentication
[43.651s] -- Installing: /workspace/jazzy_ws/install/include/fastdds/rtps/security/authentication/Authentication.h
[43.652s] -- Installing: /workspace/jazzy_ws/install/include/fastdds/rtps/security/authentication/Handshake.h
[43.652s] -- Installing: /workspace/jazzy_ws/install/include/fastdds/rtps/security/logging
[43.652s] -- Installing: /workspace/jazzy_ws/install/include/fastdds/rtps/security/logging/Logging.h
[43.652s] -- Installing: /workspace/jazzy_ws/install/include/fastdds/rtps/security/logging/LoggingLevel.h
[43.652s] -- Installing: /workspace/jazzy_ws/install/include/fastdds/rtps/security/logging/BuiltinLoggingType.h
[43.652s] -- Installing: /workspace/jazzy_ws/install/include/fastdds/rtps/security/logging/NameValuePair.h
[43.652s] -- Installing: /workspace/jazzy_ws/install/include/fastdds/rtps/security/logging/LogOptions.h
[43.652s] -- Installing: /workspace/jazzy_ws/install/include/fastdds/rtps/security/exceptions
[43.652s] -- Installing: /workspace/jazzy_ws/install/include/fastdds/rtps/security/exceptions/SecurityException.h
[43.652s] -- Installing: /workspace/jazzy_ws/install/include/fastdds/rtps/security/cryptography
[43.652s] -- Installing: /workspace/jazzy_ws/install/include/fastdds/rtps/security/cryptography/CryptoTransform.h
[43.652s] -- Installing: /workspace/jazzy_ws/install/include/fastdds/rtps/security/cryptography/CryptoTypes.h
[43.652s] -- Installing: /workspace/jazzy_ws/install/include/fastdds/rtps/security/cryptography/Cryptography.h
[43.652s] -- Installing: /workspace/jazzy_ws/install/include/fastdds/rtps/security/cryptography/CryptoKeyFactory.h
[43.652s] -- Installing: /workspace/jazzy_ws/install/include/fastdds/rtps/security/cryptography/CryptoKeyExchange.h
[43.652s] -- Installing: /workspace/jazzy_ws/install/include/fastdds/rtps/Endpoint.h
[43.652s] -- Installing: /workspace/jazzy_ws/install/include/fastdds/rtps/interfaces
[43.652s] -- Installing: /workspace/jazzy_ws/install/include/fastdds/rtps/interfaces/IReaderDataFilter.hpp
[43.652s] -- Installing: /workspace/jazzy_ws/install/include/fastdds/rtps/reader
[43.652s] -- Installing: /workspace/jazzy_ws/install/include/fastdds/rtps/reader/StatefulReader.h
[43.653s] -- Installing: /workspace/jazzy_ws/install/include/fastdds/rtps/reader/ReaderDiscoveryInfo.h
[43.653s] -- Installing: /workspace/jazzy_ws/install/include/fastdds/rtps/reader/StatefulPersistentReader.h
[43.653s] -- Installing: /workspace/jazzy_ws/install/include/fastdds/rtps/reader/StatelessReader.h
[43.653s] -- Installing: /workspace/jazzy_ws/install/include/fastdds/rtps/reader/RTPSReader.h
[43.653s] -- Installing: /workspace/jazzy_ws/install/include/fastdds/rtps/reader/LocalReaderPointer.hpp
[43.653s] -- Installing: /workspace/jazzy_ws/install/include/fastdds/rtps/reader/ReaderListener.h
[43.653s] -- Installing: /workspace/jazzy_ws/install/include/fastdds/rtps/reader/StatelessPersistentReader.h
[43.653s] -- Installing: /workspace/jazzy_ws/install/include/fastdds/rtps/exceptions
[43.653s] -- Installing: /workspace/jazzy_ws/install/include/fastdds/rtps/exceptions/Exception.h
[43.653s] -- Installing: /workspace/jazzy_ws/install/include/fastdds/rtps/builtin
[43.653s] -- Installing: /workspace/jazzy_ws/install/include/fastdds/rtps/builtin/liveliness
[43.653s] -- Installing: /workspace/jazzy_ws/install/include/fastdds/rtps/builtin/liveliness/WLP.h
[43.653s] -- Installing: /workspace/jazzy_ws/install/include/fastdds/rtps/builtin/liveliness/WLPListener.h
[43.653s] -- Installing: /workspace/jazzy_ws/install/include/fastdds/rtps/builtin/discovery
[43.653s] -- Installing: /workspace/jazzy_ws/install/include/fastdds/rtps/builtin/discovery/endpoint
[43.653s] -- Installing: /workspace/jazzy_ws/install/include/fastdds/rtps/builtin/discovery/endpoint/EDP.h
[43.653s] -- Installing: /workspace/jazzy_ws/install/include/fastdds/rtps/builtin/discovery/endpoint/EDPStatic.h
[43.654s] -- Installing: /workspace/jazzy_ws/install/include/fastdds/rtps/builtin/discovery/endpoint/EDPSimple.h
[43.654s] -- Installing: /workspace/jazzy_ws/install/include/fastdds/rtps/builtin/discovery/participant
[43.654s] -- Installing: /workspace/jazzy_ws/install/include/fastdds/rtps/builtin/discovery/participant/PDPListener.h
[43.654s] -- Installing: /workspace/jazzy_ws/install/include/fastdds/rtps/builtin/discovery/participant/PDP.h
[43.654s] -- Installing: /workspace/jazzy_ws/install/include/fastdds/rtps/builtin/discovery/participant/PDPSimple.h
[43.654s] -- Installing: /workspace/jazzy_ws/install/include/fastdds/rtps/builtin/BuiltinProtocols.h
[43.654s] -- Installing: /workspace/jazzy_ws/install/include/fastdds/rtps/builtin/data
[43.655s] -- Installing: /workspace/jazzy_ws/install/include/fastdds/rtps/builtin/data/ReaderProxyData.h
[43.655s] -- Installing: /workspace/jazzy_ws/install/include/fastdds/rtps/builtin/data/ParticipantProxyData.h
[43.655s] -- Installing: /workspace/jazzy_ws/install/include/fastdds/rtps/builtin/data/BuiltinEndpoints.hpp
[43.655s] -- Installing: /workspace/jazzy_ws/install/include/fastdds/rtps/builtin/data/NetworkConfiguration.hpp
[43.655s] -- Installing: /workspace/jazzy_ws/install/include/fastdds/rtps/builtin/data/ContentFilterProperty.hpp
[43.655s] -- Installing: /workspace/jazzy_ws/install/include/fastdds/rtps/builtin/data/WriterProxyData.h
[43.655s] -- Installing: /workspace/jazzy_ws/install/include/fastdds/rtps/flowcontrol
[43.655s] -- Installing: /workspace/jazzy_ws/install/include/fastdds/rtps/flowcontrol/ThroughputControllerDescriptor.h
[43.655s] -- Installing: /workspace/jazzy_ws/install/include/fastdds/rtps/flowcontrol/FlowControllerSchedulerPolicy.hpp
[43.655s] -- Installing: /workspace/jazzy_ws/install/include/fastdds/rtps/flowcontrol/FlowControllerDescriptor.hpp
[43.655s] -- Installing: /workspace/jazzy_ws/install/include/fastdds/rtps/flowcontrol/FlowControllerConsts.hpp
[43.655s] -- Installing: /workspace/jazzy_ws/install/include/fastdds/rtps/rtps_all.h
[43.655s] -- Installing: /workspace/jazzy_ws/install/include/fastdds/rtps/history
[43.655s] -- Installing: /workspace/jazzy_ws/install/include/fastdds/rtps/history/IPayloadPool.h
[43.656s] -- Installing: /workspace/jazzy_ws/install/include/fastdds/rtps/history/ReaderHistory.h
[43.656s] -- Installing: /workspace/jazzy_ws/install/include/fastdds/rtps/history/History.h
[43.656s] -- Installing: /workspace/jazzy_ws/install/include/fastdds/rtps/history/WriterHistory.h
[43.656s] -- Installing: /workspace/jazzy_ws/install/include/fastdds/rtps/history/IChangePool.h
[43.656s] -- Installing: /workspace/jazzy_ws/install/include/fastdds/rtps/network
[43.656s] -- Installing: /workspace/jazzy_ws/install/include/fastdds/rtps/network/SenderResource.h
[43.656s] -- Installing: /workspace/jazzy_ws/install/include/fastdds/rtps/writer
[43.656s] -- Installing: /workspace/jazzy_ws/install/include/fastdds/rtps/writer/ReaderLocator.h
[43.656s] -- Installing: /workspace/jazzy_ws/install/include/fastdds/rtps/writer/IReaderDataFilter.hpp
[43.656s] -- Installing: /workspace/jazzy_ws/install/include/fastdds/rtps/writer/StatefulPersistentWriter.h
[43.656s] -- Installing: /workspace/jazzy_ws/install/include/fastdds/rtps/writer/LocatorSelectorSender.hpp
[43.656s] -- Installing: /workspace/jazzy_ws/install/include/fastdds/rtps/writer/ChangeForReader.h
[43.656s] -- Installing: /workspace/jazzy_ws/install/include/fastdds/rtps/writer/LivelinessData.h
[43.656s] -- Installing: /workspace/jazzy_ws/install/include/fastdds/rtps/writer/LivelinessManager.h
[43.656s] -- Installing: /workspace/jazzy_ws/install/include/fastdds/rtps/writer/PersistentWriter.h
[43.656s] -- Installing: /workspace/jazzy_ws/install/include/fastdds/rtps/writer/WriterDiscoveryInfo.h
[43.656s] -- Installing: /workspace/jazzy_ws/install/include/fastdds/rtps/writer/DeliveryRetCode.hpp
[43.657s] -- Installing: /workspace/jazzy_ws/install/include/fastdds/rtps/writer/ReaderProxy.h
[43.657s] -- Installing: /workspace/jazzy_ws/install/include/fastdds/rtps/writer/StatefulWriter.h
[43.657s] -- Installing: /workspace/jazzy_ws/install/include/fastdds/rtps/writer/RTPSWriter.h
[43.657s] -- Installing: /workspace/jazzy_ws/install/include/fastdds/rtps/writer/StatelessPersistentWriter.h
[43.657s] -- Installing: /workspace/jazzy_ws/install/include/fastdds/rtps/writer/StatelessWriter.h
[43.657s] -- Installing: /workspace/jazzy_ws/install/include/fastdds/rtps/writer/WriterListener.h
[43.658s] -- Installing: /workspace/jazzy_ws/install/include/fastdds/rtps/participant
[43.658s] -- Installing: /workspace/jazzy_ws/install/include/fastdds/rtps/participant/RTPSParticipant.h
[43.658s] -- Installing: /workspace/jazzy_ws/install/include/fastdds/rtps/participant/RTPSParticipantListener.h
[43.658s] -- Installing: /workspace/jazzy_ws/install/include/fastdds/rtps/participant/ParticipantDiscoveryInfo.h
[43.658s] -- Installing: /workspace/jazzy_ws/install/include/fastdds/rtps/messages
[43.658s] -- Installing: /workspace/jazzy_ws/install/include/fastdds/rtps/messages/MessageReceiver.h
[43.658s] -- Installing: /workspace/jazzy_ws/install/include/fastdds/rtps/messages/RTPSMessageGroup.h
[43.658s] -- Installing: /workspace/jazzy_ws/install/include/fastdds/rtps/messages/RTPSMessageSenderInterface.hpp
[43.658s] -- Installing: /workspace/jazzy_ws/install/include/fastdds/rtps/messages/CDRMessage.h
[43.658s] -- Installing: /workspace/jazzy_ws/install/include/fastdds/rtps/messages/RTPSMessageCreator.h
[43.658s] -- Installing: /workspace/jazzy_ws/install/include/fastdds/rtps/messages/RTPS_messages.h
[43.658s] -- Installing: /workspace/jazzy_ws/install/include/fastdds/rtps/messages/CDRMessage.hpp
[43.658s] -- Installing: /workspace/jazzy_ws/install/include/fastdds/rtps/RTPSDomain.h
[43.658s] -- Installing: /workspace/jazzy_ws/install/include/fastdds/dds
[43.658s] -- Installing: /workspace/jazzy_ws/install/include/fastdds/dds/common
[43.658s] -- Installing: /workspace/jazzy_ws/install/include/fastdds/dds/common/InstanceHandle.hpp
[43.658s] -- Installing: /workspace/jazzy_ws/install/include/fastdds/dds/domain
[43.658s] -- Installing: /workspace/jazzy_ws/install/include/fastdds/dds/domain/DomainParticipantFactory.hpp
[43.658s] -- Installing: /workspace/jazzy_ws/install/include/fastdds/dds/domain/DomainParticipantListener.hpp
[43.658s] -- Installing: /workspace/jazzy_ws/install/include/fastdds/dds/domain/qos
[43.658s] -- Installing: /workspace/jazzy_ws/install/include/fastdds/dds/domain/qos/DomainParticipantQos.hpp
[43.658s] -- Installing: /workspace/jazzy_ws/install/include/fastdds/dds/domain/qos/DomainParticipantFactoryQos.hpp
[43.658s] -- Installing: /workspace/jazzy_ws/install/include/fastdds/dds/domain/DomainParticipant.hpp
[43.658s] -- Installing: /workspace/jazzy_ws/install/include/fastdds/dds/publisher
[43.658s] -- Installing: /workspace/jazzy_ws/install/include/fastdds/dds/publisher/DataWriter.hpp
[43.658s] -- Installing: /workspace/jazzy_ws/install/include/fastdds/dds/publisher/DataWriterListener.hpp
[43.658s] -- Installing: /workspace/jazzy_ws/install/include/fastdds/dds/publisher/Publisher.hpp
[43.659s] -- Installing: /workspace/jazzy_ws/install/include/fastdds/dds/publisher/PublisherListener.hpp
[43.659s] -- Installing: /workspace/jazzy_ws/install/include/fastdds/dds/publisher/qos
[43.659s] -- Installing: /workspace/jazzy_ws/install/include/fastdds/dds/publisher/qos/DataWriterQos.hpp
[43.659s] -- Installing: /workspace/jazzy_ws/install/include/fastdds/dds/publisher/qos/PublisherQos.hpp
[43.659s] -- Installing: /workspace/jazzy_ws/install/include/fastdds/dds/publisher/qos/WriterQos.hpp
[43.659s] -- Installing: /workspace/jazzy_ws/install/include/fastdds/dds/topic
[43.659s] -- Installing: /workspace/jazzy_ws/install/include/fastdds/dds/topic/ContentFilteredTopic.hpp
[43.659s] -- Installing: /workspace/jazzy_ws/install/include/fastdds/dds/topic/Topic.hpp
[43.659s] -- Installing: /workspace/jazzy_ws/install/include/fastdds/dds/topic/IContentFilter.hpp
[43.659s] -- Installing: /workspace/jazzy_ws/install/include/fastdds/dds/topic/TypeSupport.hpp
[43.659s] -- Installing: /workspace/jazzy_ws/install/include/fastdds/dds/topic/IContentFilterFactory.hpp
[43.659s] -- Installing: /workspace/jazzy_ws/install/include/fastdds/dds/topic/TopicDataType.hpp
[43.659s] -- Installing: /workspace/jazzy_ws/install/include/fastdds/dds/topic/TopicDescription.hpp
[43.659s] -- Installing: /workspace/jazzy_ws/install/include/fastdds/dds/topic/qos
[43.659s] -- Installing: /workspace/jazzy_ws/install/include/fastdds/dds/topic/qos/TopicQos.hpp
[43.659s] -- Installing: /workspace/jazzy_ws/install/include/fastdds/dds/topic/TopicListener.hpp
[43.659s] -- Installing: /workspace/jazzy_ws/install/include/fastdds/dds/builtin
[43.659s] -- Installing: /workspace/jazzy_ws/install/include/fastdds/dds/builtin/common
[43.659s] -- Installing: /workspace/jazzy_ws/install/include/fastdds/dds/builtin/common/Types.hpp
[43.659s] -- Installing: /workspace/jazzy_ws/install/include/fastdds/dds/builtin/common/ReplyHeader.hpp
[43.659s] -- Installing: /workspace/jazzy_ws/install/include/fastdds/dds/builtin/common/RequestHeader.hpp
[43.659s] -- Installing: /workspace/jazzy_ws/install/include/fastdds/dds/builtin/topic
[43.659s] -- Installing: /workspace/jazzy_ws/install/include/fastdds/dds/builtin/topic/TopicBuiltinTopicData.hpp
[43.659s] -- Installing: /workspace/jazzy_ws/install/include/fastdds/dds/builtin/topic/BuiltinTopicKey.hpp
[43.659s] -- Installing: /workspace/jazzy_ws/install/include/fastdds/dds/builtin/topic/SubscriptionBuiltinTopicData.hpp
[43.659s] -- Installing: /workspace/jazzy_ws/install/include/fastdds/dds/builtin/topic/ParticipantBuiltinTopicData.hpp
[43.659s] -- Installing: /workspace/jazzy_ws/install/include/fastdds/dds/builtin/topic/PublicationBuiltinTopicData.hpp
[43.659s] -- Installing: /workspace/jazzy_ws/install/include/fastdds/dds/builtin/typelookup
[43.659s] -- Installing: /workspace/jazzy_ws/install/include/fastdds/dds/builtin/typelookup/common
[43.659s] -- Installing: /workspace/jazzy_ws/install/include/fastdds/dds/builtin/typelookup/common/TypeLookupTypes.hpp
[43.660s] -- Installing: /workspace/jazzy_ws/install/include/fastdds/dds/builtin/typelookup/TypeLookupRequestListener.hpp
[43.660s] -- Installing: /workspace/jazzy_ws/install/include/fastdds/dds/builtin/typelookup/TypeLookupReplyListener.hpp
[43.660s] -- Installing: /workspace/jazzy_ws/install/include/fastdds/dds/builtin/typelookup/TypeLookupManager.hpp
[43.660s] -- Installing: /workspace/jazzy_ws/install/include/fastdds/dds/subscriber
[43.660s] -- Installing: /workspace/jazzy_ws/install/include/fastdds/dds/subscriber/ViewState.hpp
[43.660s] -- Installing: /workspace/jazzy_ws/install/include/fastdds/dds/subscriber/ReadCondition.hpp
[43.660s] -- Installing: /workspace/jazzy_ws/install/include/fastdds/dds/subscriber/SampleState.hpp
[43.660s] -- Installing: /workspace/jazzy_ws/install/include/fastdds/dds/subscriber/DataReaderListener.hpp
[43.660s] -- Installing: /workspace/jazzy_ws/install/include/fastdds/dds/subscriber/SampleInfo.hpp
[43.660s] -- Installing: /workspace/jazzy_ws/install/include/fastdds/dds/subscriber/InstanceState.hpp
[43.660s] -- Installing: /workspace/jazzy_ws/install/include/fastdds/dds/subscriber/Subscriber.hpp
[43.660s] -- Installing: /workspace/jazzy_ws/install/include/fastdds/dds/subscriber/DataReader.hpp
[43.660s] -- Installing: /workspace/jazzy_ws/install/include/fastdds/dds/subscriber/qos
[43.660s] -- Installing: /workspace/jazzy_ws/install/include/fastdds/dds/subscriber/qos/DataReaderQos.hpp
[43.660s] -- Installing: /workspace/jazzy_ws/install/include/fastdds/dds/subscriber/qos/ReaderQos.hpp
[43.660s] -- Installing: /workspace/jazzy_ws/install/include/fastdds/dds/subscriber/qos/SubscriberQos.hpp
[43.660s] -- Installing: /workspace/jazzy_ws/install/include/fastdds/dds/subscriber/SubscriberListener.hpp
[43.660s] -- Installing: /workspace/jazzy_ws/install/include/fastdds/dds/core
[43.660s] -- Installing: /workspace/jazzy_ws/install/include/fastdds/dds/core/UserAllocatedSequence.hpp
[43.660s] -- Installing: /workspace/jazzy_ws/install/include/fastdds/dds/core/status
[43.660s] -- Installing: /workspace/jazzy_ws/install/include/fastdds/dds/core/status/DeadlineMissedStatus.hpp
[43.660s] -- Installing: /workspace/jazzy_ws/install/include/fastdds/dds/core/status/StatusMask.hpp
[43.660s] -- Installing: /workspace/jazzy_ws/install/include/fastdds/dds/core/status/IncompatibleQosStatus.hpp
[43.661s] -- Installing: /workspace/jazzy_ws/install/include/fastdds/dds/core/status/SubscriptionMatchedStatus.hpp
[43.661s] -- Installing: /workspace/jazzy_ws/install/include/fastdds/dds/core/status/PublicationMatchedStatus.hpp
[43.661s] -- Installing: /workspace/jazzy_ws/install/include/fastdds/dds/core/status/LivelinessChangedStatus.hpp
[43.661s] -- Installing: /workspace/jazzy_ws/install/include/fastdds/dds/core/status/SampleRejectedStatus.hpp
[43.661s] -- Installing: /workspace/jazzy_ws/install/include/fastdds/dds/core/status/MatchedStatus.hpp
[43.661s] -- Installing: /workspace/jazzy_ws/install/include/fastdds/dds/core/status/BaseStatus.hpp
[43.661s] -- Installing: /workspace/jazzy_ws/install/include/fastdds/dds/core/StackAllocatedSequence.hpp
[43.661s] -- Installing: /workspace/jazzy_ws/install/include/fastdds/dds/core/LoanableArray.hpp
[43.661s] -- Installing: /workspace/jazzy_ws/install/include/fastdds/dds/core/LoanableCollection.hpp
[43.661s] -- Installing: /workspace/jazzy_ws/install/include/fastdds/dds/core/Entity.hpp
[43.661s] -- Installing: /workspace/jazzy_ws/install/include/fastdds/dds/core/LoanableSequence.hpp
[43.661s] -- Installing: /workspace/jazzy_ws/install/include/fastdds/dds/core/LoanableTypedCollection.hpp
[43.661s] -- Installing: /workspace/jazzy_ws/install/include/fastdds/dds/core/policy
[43.661s] -- Installing: /workspace/jazzy_ws/install/include/fastdds/dds/core/policy/ReaderDataLifecycleQosPolicy.hpp
[43.661s] -- Installing: /workspace/jazzy_ws/install/include/fastdds/dds/core/policy/ParameterTypes.hpp
[43.661s] -- Installing: /workspace/jazzy_ws/install/include/fastdds/dds/core/policy/QosPolicies.hpp
[43.661s] -- Installing: /workspace/jazzy_ws/install/include/fastdds/dds/core/policy/WriterDataLifecycleQosPolicy.hpp
[43.661s] -- Installing: /workspace/jazzy_ws/install/include/fastdds/dds/core/condition
[43.661s] -- Installing: /workspace/jazzy_ws/install/include/fastdds/dds/core/condition/StatusCondition.hpp
[43.661s] -- Installing: /workspace/jazzy_ws/install/include/fastdds/dds/core/condition/GuardCondition.hpp
[43.661s] -- Installing: /workspace/jazzy_ws/install/include/fastdds/dds/core/condition/Condition.hpp
[43.661s] -- Installing: /workspace/jazzy_ws/install/include/fastdds/dds/core/condition/WaitSet.hpp
[43.661s] -- Installing: /workspace/jazzy_ws/install/include/fastdds/dds/log
[43.661s] -- Installing: /workspace/jazzy_ws/install/include/fastdds/dds/log/FileConsumer.hpp
[43.662s] -- Installing: /workspace/jazzy_ws/install/include/fastdds/dds/log/Colors.hpp
[43.662s] -- Installing: /workspace/jazzy_ws/install/include/fastdds/dds/log/StdoutErrConsumer.hpp
[43.662s] -- Installing: /workspace/jazzy_ws/install/include/fastdds/dds/log/Log.hpp
[43.662s] -- Installing: /workspace/jazzy_ws/install/include/fastdds/dds/log/StdoutConsumer.hpp
[43.662s] -- Installing: /workspace/jazzy_ws/install/include/fastdds/dds/log/OStreamConsumer.hpp
[43.662s] -- Installing: /workspace/jazzy_ws/install/include/fastrtps/config.h
[43.662s] -- Up-to-date: /workspace/jazzy_ws/install/include/fastdds/statistics
[43.662s] -- Up-to-date: /workspace/jazzy_ws/install/include/fastdds/statistics/rtps
[43.662s] -- Up-to-date: /workspace/jazzy_ws/install/include/fastdds/statistics/rtps/monitor_service
[43.662s] -- Up-to-date: /workspace/jazzy_ws/install/include/fastdds/statistics/rtps/monitor_service/interfaces
[43.662s] -- Installing: /workspace/jazzy_ws/install/include/fastdds/statistics/monitorservice_types.idl
[43.662s] -- Up-to-date: /workspace/jazzy_ws/install/include/fastdds/statistics/dds
[43.662s] -- Up-to-date: /workspace/jazzy_ws/install/include/fastdds/statistics/dds/domain
[43.662s] -- Up-to-date: /workspace/jazzy_ws/install/include/fastdds/statistics/dds/publisher
[43.662s] -- Up-to-date: /workspace/jazzy_ws/install/include/fastdds/statistics/dds/publisher/qos
[43.662s] -- Up-to-date: /workspace/jazzy_ws/install/include/fastdds/statistics/dds/subscriber
[43.662s] -- Up-to-date: /workspace/jazzy_ws/install/include/fastdds/statistics/dds/subscriber/qos
[43.662s] -- Installing: /workspace/jazzy_ws/install/include/fastdds/statistics/types.idl
[43.662s] -- Installing: /workspace/jazzy_ws/install/lib/libfastrtps.so.2.14.5
[43.667s] -- Installing: /workspace/jazzy_ws/install/lib/libfastrtps.so.2.14
[43.667s] -- Set non-toolchain portion of runtime path of "/workspace/jazzy_ws/install/lib/libfastrtps.so.2.14.5" to ""
[43.667s] -- Installing: /workspace/jazzy_ws/install/lib/libfastrtps.so
[43.667s] -- Installing: /workspace/jazzy_ws/install/share/fastrtps/cmake/fastrtps-shared-targets.cmake
[43.668s] -- Installing: /workspace/jazzy_ws/install/share/fastrtps/cmake/fastrtps-shared-targets-release.cmake
[43.668s] -- Installing: /workspace/jazzy_ws/install/share/fastrtps/cmake/fastrtps-config.cmake
[43.668s] -- Installing: /workspace/jazzy_ws/install/share/fastrtps/cmake/fastrtps-config-version.cmake
[43.668s] -- Installing: /workspace/jazzy_ws/install/include/fastdds/thirdparty/optionparser
[43.668s] -- Installing: /workspace/jazzy_ws/install/include/fastdds/thirdparty/optionparser/optionparser.hpp
[43.668s] -- Installing: /workspace/jazzy_ws/install/include/fastdds/thirdparty/optionparser/optionparser
[43.668s] -- Installing: /workspace/jazzy_ws/install/include/fastdds/thirdparty/optionparser/optionparser/optionparser.h
[43.668s] -- Installing: /workspace/jazzy_ws/install/share/fastrtps/cmake/optionparser-targets.cmake
[43.668s] -- Installing: /workspace/jazzy_ws/install/bin/fast-discovery-server-1.0.1
[43.668s] -- Set non-toolchain portion of runtime path of "/workspace/jazzy_ws/install/bin/fast-discovery-server-1.0.1" to ""
[43.668s] -- Installing: /workspace/jazzy_ws/install/share/fastrtps/cmake/fast-discovery-server-targets.cmake
[43.668s] -- Installing: /workspace/jazzy_ws/install/share/fastrtps/cmake/fast-discovery-server-targets-release.cmake
[43.668s] -- Installing: /workspace/jazzy_ws/install/share/fastRTPS_profiles.xsd
[43.671s] -- Installing: /workspace/jazzy_ws/install/tools/fastdds
[43.671s] -- Installing: /workspace/jazzy_ws/install/tools/fastdds/shm
[43.671s] -- Installing: /workspace/jazzy_ws/install/tools/fastdds/shm/parser.py
[43.671s] -- Installing: /workspace/jazzy_ws/install/tools/fastdds/shm/clean.py
[43.671s] -- Installing: /workspace/jazzy_ws/install/tools/fastdds/fastdds.py
[43.672s] -- Installing: /workspace/jazzy_ws/install/tools/fastdds/xml_ci
[43.672s] -- Installing: /workspace/jazzy_ws/install/tools/fastdds/xml_ci/validate.py
[43.672s] -- Installing: /workspace/jazzy_ws/install/tools/fastdds/xml_ci/parser.py
[43.672s] -- Installing: /workspace/jazzy_ws/install/tools/fastdds/discovery
[43.672s] -- Installing: /workspace/jazzy_ws/install/tools/fastdds/discovery/parser.py
[43.672s] -- Up-to-date: /workspace/jazzy_ws/install/bin
[43.672s] -- Installing: /workspace/jazzy_ws/install/bin/fastdds
[43.672s] -- Installing: /workspace/jazzy_ws/install/bin/ros-discovery
[43.672s] -- Installing: /workspace/jazzy_ws/install/share/fastrtps/LICENSE
[43.672s] -- Up-to-date: /workspace/jazzy_ws/install/share/fastRTPS_profiles.xsd
[43.672s] -- Installing: /workspace/jazzy_ws/install/share/fastdds_static_discovery.xsd
[43.673s] Invoked command in '/workspace/jazzy_ws/build/fastrtps' returned '0': AMENT_PREFIX_PATH=/workspace/jazzy_ws/install CMAKE_PREFIX_PATH=/workspace/jazzy_ws/install LD_LIBRARY_PATH=/workspace/jazzy_ws/install/lib PATH=/workspace/jazzy_ws/install/bin:${PATH} PKG_CONFIG_PATH=/workspace/jazzy_ws/install/lib/x86_64-linux-gnu/pkgconfig:/workspace/jazzy_ws/install/lib/pkgconfig PYTHONPATH=/workspace/jazzy_ws/install/lib/python3.12/site-packages /usr/bin/cmake --install /workspace/jazzy_ws/build/fastrtps
