/workspace/jazzy_ws/install/lib/python3.12/site-packages/ros2topic/__init__.py
/workspace/jazzy_ws/install/lib/python3.12/site-packages/ros2topic/verb/__init__.py
/workspace/jazzy_ws/install/lib/python3.12/site-packages/ros2topic/verb/info.py
/workspace/jazzy_ws/install/lib/python3.12/site-packages/ros2topic/verb/find.py
/workspace/jazzy_ws/install/lib/python3.12/site-packages/ros2topic/verb/list.py
/workspace/jazzy_ws/install/lib/python3.12/site-packages/ros2topic/verb/echo.py
/workspace/jazzy_ws/install/lib/python3.12/site-packages/ros2topic/verb/bw.py
/workspace/jazzy_ws/install/lib/python3.12/site-packages/ros2topic/verb/delay.py
/workspace/jazzy_ws/install/lib/python3.12/site-packages/ros2topic/verb/hz.py
/workspace/jazzy_ws/install/lib/python3.12/site-packages/ros2topic/verb/type.py
/workspace/jazzy_ws/install/lib/python3.12/site-packages/ros2topic/verb/pub.py
/workspace/jazzy_ws/install/lib/python3.12/site-packages/ros2topic/command/topic.py
/workspace/jazzy_ws/install/lib/python3.12/site-packages/ros2topic/command/__init__.py
/workspace/jazzy_ws/install/lib/python3.12/site-packages/ros2topic/api/__init__.py
/workspace/jazzy_ws/install/lib/python3.12/site-packages/ros2topic/__pycache__/__init__.cpython-312.pyc
/workspace/jazzy_ws/install/lib/python3.12/site-packages/ros2topic/verb/__pycache__/__init__.cpython-312.pyc
/workspace/jazzy_ws/install/lib/python3.12/site-packages/ros2topic/verb/__pycache__/info.cpython-312.pyc
/workspace/jazzy_ws/install/lib/python3.12/site-packages/ros2topic/verb/__pycache__/find.cpython-312.pyc
/workspace/jazzy_ws/install/lib/python3.12/site-packages/ros2topic/verb/__pycache__/list.cpython-312.pyc
/workspace/jazzy_ws/install/lib/python3.12/site-packages/ros2topic/verb/__pycache__/echo.cpython-312.pyc
/workspace/jazzy_ws/install/lib/python3.12/site-packages/ros2topic/verb/__pycache__/bw.cpython-312.pyc
/workspace/jazzy_ws/install/lib/python3.12/site-packages/ros2topic/verb/__pycache__/delay.cpython-312.pyc
/workspace/jazzy_ws/install/lib/python3.12/site-packages/ros2topic/verb/__pycache__/hz.cpython-312.pyc
/workspace/jazzy_ws/install/lib/python3.12/site-packages/ros2topic/verb/__pycache__/type.cpython-312.pyc
/workspace/jazzy_ws/install/lib/python3.12/site-packages/ros2topic/verb/__pycache__/pub.cpython-312.pyc
/workspace/jazzy_ws/install/lib/python3.12/site-packages/ros2topic/command/__pycache__/topic.cpython-312.pyc
/workspace/jazzy_ws/install/lib/python3.12/site-packages/ros2topic/command/__pycache__/__init__.cpython-312.pyc
/workspace/jazzy_ws/install/lib/python3.12/site-packages/ros2topic/api/__pycache__/__init__.cpython-312.pyc
/workspace/jazzy_ws/install/share/ros2topic/package.xml
/workspace/jazzy_ws/install/share/ament_index/resource_index/packages/ros2topic
/workspace/jazzy_ws/install/lib/python3.12/site-packages/ros2topic-0.32.8-py3.12.egg-info/PKG-INFO
/workspace/jazzy_ws/install/lib/python3.12/site-packages/ros2topic-0.32.8-py3.12.egg-info/SOURCES.txt
/workspace/jazzy_ws/install/lib/python3.12/site-packages/ros2topic-0.32.8-py3.12.egg-info/zip-safe
/workspace/jazzy_ws/install/lib/python3.12/site-packages/ros2topic-0.32.8-py3.12.egg-info/requires.txt
/workspace/jazzy_ws/install/lib/python3.12/site-packages/ros2topic-0.32.8-py3.12.egg-info/top_level.txt
/workspace/jazzy_ws/install/lib/python3.12/site-packages/ros2topic-0.32.8-py3.12.egg-info/entry_points.txt
/workspace/jazzy_ws/install/lib/python3.12/site-packages/ros2topic-0.32.8-py3.12.egg-info/dependency_links.txt
