[0.805s] Invoking command in '/workspace/jazzy_ws/src/launch/launch_yaml': AMENT_PREFIX_PATH=/workspace/jazzy_ws/install CMAKE_PREFIX_PATH=/workspace/jazzy_ws/install LD_LIBRARY_PATH=/workspace/jazzy_ws/install/lib PATH=/workspace/jazzy_ws/install/bin:${PATH} PYTHONPATH=/workspace/jazzy_ws/build/launch_yaml/prefix_override:/usr/lib/python3/dist-packages/colcon_core/task/python/colcon_distutils_commands:/workspace/jazzy_ws/install/lib/python3.12/site-packages:/workspace/jazzy_ws/install/lib/python3.12/site-packages /usr/bin/python3 -W ignore:setup.py install is deprecated -W ignore:easy_install command is deprecated setup.py egg_info --egg-base ../../../build/launch_yaml build --build-base /workspace/jazzy_ws/build/launch_yaml/build install --record /workspace/jazzy_ws/build/launch_yaml/install.log --single-version-externally-managed install_data
[0.889s] /usr/local/lib/python3.12/dist-packages/setuptools/_distutils/dist.py:287: UserWarning: Unknown distribution option: 'tests_require'
[0.889s]   warnings.warn(msg)
[0.934s] /usr/local/lib/python3.12/dist-packages/setuptools/dist.py:765: SetuptoolsDeprecationWarning: License classifiers are deprecated.
[0.934s] !!
[0.934s] 
[0.934s]         ********************************************************************************
[0.934s]         Please consider removing the following classifiers in favor of a SPDX license expression:
[0.934s] 
[0.934s]         License :: OSI Approved :: Apache Software License
[0.934s] 
[0.934s]         See https://packaging.python.org/en/latest/guides/writing-pyproject-toml/#license for details.
[0.934s]         ********************************************************************************
[0.934s] 
[0.934s] !!
[0.934s]   self._finalize_license_expression()
[0.935s] running egg_info
[0.935s] creating ../../../build/launch_yaml/launch_yaml.egg-info
[0.935s] writing ../../../build/launch_yaml/launch_yaml.egg-info/PKG-INFO
[0.935s] writing dependency_links to ../../../build/launch_yaml/launch_yaml.egg-info/dependency_links.txt
[0.935s] writing entry points to ../../../build/launch_yaml/launch_yaml.egg-info/entry_points.txt
[0.935s] writing requirements to ../../../build/launch_yaml/launch_yaml.egg-info/requires.txt
[0.935s] writing top-level names to ../../../build/launch_yaml/launch_yaml.egg-info/top_level.txt
[0.935s] writing manifest file '../../../build/launch_yaml/launch_yaml.egg-info/SOURCES.txt'
[0.935s] reading manifest file '../../../build/launch_yaml/launch_yaml.egg-info/SOURCES.txt'
[0.935s] writing manifest file '../../../build/launch_yaml/launch_yaml.egg-info/SOURCES.txt'
[0.935s] running build
[0.935s] running build_py
[0.935s] creating /workspace/jazzy_ws/build/launch_yaml/build/lib/launch_yaml
[0.936s] copying launch_yaml/__init__.py -> /workspace/jazzy_ws/build/launch_yaml/build/lib/launch_yaml
[0.936s] copying launch_yaml/entity.py -> /workspace/jazzy_ws/build/launch_yaml/build/lib/launch_yaml
[0.936s] copying launch_yaml/parser.py -> /workspace/jazzy_ws/build/launch_yaml/build/lib/launch_yaml
[0.936s] creating /workspace/jazzy_ws/build/launch_yaml/build/lib/launch_yaml/launch_description_sources
[0.936s] copying launch_yaml/launch_description_sources/yaml_launch_description_source.py -> /workspace/jazzy_ws/build/launch_yaml/build/lib/launch_yaml/launch_description_sources
[0.936s] copying launch_yaml/launch_description_sources/__init__.py -> /workspace/jazzy_ws/build/launch_yaml/build/lib/launch_yaml/launch_description_sources
[0.936s] running install
[0.936s] running install_lib
[0.936s] creating /workspace/jazzy_ws/install/lib/python3.12/site-packages/launch_yaml
[0.936s] copying /workspace/jazzy_ws/build/launch_yaml/build/lib/launch_yaml/__init__.py -> /workspace/jazzy_ws/install/lib/python3.12/site-packages/launch_yaml
[0.936s] creating /workspace/jazzy_ws/install/lib/python3.12/site-packages/launch_yaml/launch_description_sources
[0.936s] copying /workspace/jazzy_ws/build/launch_yaml/build/lib/launch_yaml/launch_description_sources/yaml_launch_description_source.py -> /workspace/jazzy_ws/install/lib/python3.12/site-packages/launch_yaml/launch_description_sources
[0.936s] copying /workspace/jazzy_ws/build/launch_yaml/build/lib/launch_yaml/launch_description_sources/__init__.py -> /workspace/jazzy_ws/install/lib/python3.12/site-packages/launch_yaml/launch_description_sources
[0.936s] copying /workspace/jazzy_ws/build/launch_yaml/build/lib/launch_yaml/entity.py -> /workspace/jazzy_ws/install/lib/python3.12/site-packages/launch_yaml
[0.936s] copying /workspace/jazzy_ws/build/launch_yaml/build/lib/launch_yaml/parser.py -> /workspace/jazzy_ws/install/lib/python3.12/site-packages/launch_yaml
[0.936s] byte-compiling /workspace/jazzy_ws/install/lib/python3.12/site-packages/launch_yaml/__init__.py to __init__.cpython-312.pyc
[0.936s] byte-compiling /workspace/jazzy_ws/install/lib/python3.12/site-packages/launch_yaml/launch_description_sources/yaml_launch_description_source.py to yaml_launch_description_source.cpython-312.pyc
[0.936s] byte-compiling /workspace/jazzy_ws/install/lib/python3.12/site-packages/launch_yaml/launch_description_sources/__init__.py to __init__.cpython-312.pyc
[0.936s] byte-compiling /workspace/jazzy_ws/install/lib/python3.12/site-packages/launch_yaml/entity.py to entity.cpython-312.pyc
[0.936s] byte-compiling /workspace/jazzy_ws/install/lib/python3.12/site-packages/launch_yaml/parser.py to parser.cpython-312.pyc
[0.937s] running install_data
[0.937s] copying package.xml -> /workspace/jazzy_ws/install/share/launch_yaml
[0.937s] copying resource/launch_yaml -> /workspace/jazzy_ws/install/share/ament_index/resource_index/packages
[0.937s] running install_egg_info
[0.937s] Copying ../../../build/launch_yaml/launch_yaml.egg-info to /workspace/jazzy_ws/install/lib/python3.12/site-packages/launch_yaml-3.4.10-py3.12.egg-info
[0.937s] running install_scripts
[0.943s] writing list of installed files to '/workspace/jazzy_ws/build/launch_yaml/install.log'
[0.953s] Invoked command in '/workspace/jazzy_ws/src/launch/launch_yaml' returned '0': AMENT_PREFIX_PATH=/workspace/jazzy_ws/install CMAKE_PREFIX_PATH=/workspace/jazzy_ws/install LD_LIBRARY_PATH=/workspace/jazzy_ws/install/lib PATH=/workspace/jazzy_ws/install/bin:${PATH} PYTHONPATH=/workspace/jazzy_ws/build/launch_yaml/prefix_override:/usr/lib/python3/dist-packages/colcon_core/task/python/colcon_distutils_commands:/workspace/jazzy_ws/install/lib/python3.12/site-packages:/workspace/jazzy_ws/install/lib/python3.12/site-packages /usr/bin/python3 -W ignore:setup.py install is deprecated -W ignore:easy_install command is deprecated setup.py egg_info --egg-base ../../../build/launch_yaml build --build-base /workspace/jazzy_ws/build/launch_yaml/build install --record /workspace/jazzy_ws/build/launch_yaml/install.log --single-version-externally-managed install_data
