-- The C compiler identification is GNU 13.3.0
-- The CXX compiler identification is GNU 13.3.0
-- Detecting C compiler ABI info
-- Detecting C compiler ABI info - done
-- Check for working C compiler: /usr/bin/cc - skipped
-- Detecting C compile features
-- Detecting C compile features - done
-- Detecting CXX compiler ABI info
-- Detecting CXX compiler ABI info - done
-- Check for working CXX compiler: /usr/bin/c++ - skipped
-- Detecting CXX compile features
-- Detecting CXX compile features - done
-- Found ament_cmake: 2.5.5 (/workspace/jazzy_ws/install/share/ament_cmake/cmake)
-- Found Python3: /usr/bin/python3 (found version "3.12.3") found components: Interpreter 
-- Found rcpputils: 2.11.3 (/workspace/jazzy_ws/install/share/rcpputils/cmake)
-- Found rmw: 7.3.3 (/workspace/jazzy_ws/install/share/rmw/cmake)
-- Found rosidl_default_generators: 1.6.0 (/workspace/jazzy_ws/install/share/rosidl_default_generators/cmake)
-- Using all available rosidl_typesupport_c: rosidl_typesupport_fastrtps_c;rosidl_typesupport_introspection_c
-- Using all available rosidl_typesupport_cpp: rosidl_typesupport_fastrtps_cpp;rosidl_typesupport_introspection_cpp
-- Found rosidl_adapter: 4.6.7 (/workspace/jazzy_ws/install/share/rosidl_adapter/cmake)
-- Found ament_cmake_ros: 0.12.0 (/workspace/jazzy_ws/install/share/ament_cmake_ros/cmake)
-- Using all available rosidl_typesupport_c: rosidl_typesupport_fastrtps_c;rosidl_typesupport_introspection_c
-- Using all available rosidl_typesupport_cpp: rosidl_typesupport_fastrtps_cpp;rosidl_typesupport_introspection_cpp
-- Found python_cmake_module: 0.11.1 (/workspace/jazzy_ws/install/share/python_cmake_module/cmake)
-- Found PythonExtra: /usr/bin/python3  
-- Found Python3: /usr/bin/python3 (found version "3.12.3") found components: Interpreter Development NumPy Development.Module Development.Embed 
-- Found ament_lint_auto: 0.17.4 (/workspace/jazzy_ws/install/share/ament_lint_auto/cmake)
-- Found gmock sources under '/workspace/jazzy_ws/install/src/gmock_vendor': C++ tests using 'Google Mock' will be built
-- Found gtest sources under '/workspace/jazzy_ws/install/src/gtest_vendor': C++ tests using 'Google Test' will be built
-- Performance tests are disabled by default, so Google Benchmark tests will be skipped. To enable these tests, set the CMake variable 'AMENT_RUN_PERFORMANCE_TESTS'.
-- Added test 'copyright' to check source files copyright and LICENSE
-- Added test 'cppcheck' to perform static code analysis on C / C++ code
-- Configured cppcheck include dirs: /workspace/jazzy_ws/install/include;$<BUILD_INTERFACE:/workspace/jazzy_ws/src/rmw_dds_common/include>
-- Configured cppcheck exclude dirs and/or files: 
-- Added test 'cpplint' to check C / C++ code against the Google style
-- Configured cpplint exclude dirs and/or files: 
-- Added test 'lint_cmake' to check CMake code style
-- Added test 'uncrustify' to check C / C++ code style
-- Configured uncrustify additional arguments: 
-- Added test 'xmllint' to check XML markup files
-- Configuring done (1.8s)
-- Generating done (0.0s)
-- Build files have been written to: /workspace/jazzy_ws/build/rmw_dds_common
[  1%] Generating type hashes for ROS interfaces
[  3%] Building CXX object gmock/CMakeFiles/gmock_main.dir/src/gmock_main.cc.o
[  5%] Building CXX object gmock/CMakeFiles/gmock.dir/workspace/jazzy_ws/install/src/gtest_vendor/src/gtest-all.cc.o
[  5%] Built target ament_cmake_python_copy_rmw_dds_common
[  5%] Building CXX object gmock/CMakeFiles/gmock.dir/src/gmock-all.cc.o
running egg_info
[  5%] Built target rmw_dds_common__rosidl_generator_type_description
creating rmw_dds_common.egg-info
writing rmw_dds_common.egg-info/PKG-INFO
writing dependency_links to rmw_dds_common.egg-info/dependency_links.txt
writing top-level names to rmw_dds_common.egg-info/top_level.txt
writing manifest file 'rmw_dds_common.egg-info/SOURCES.txt'
[  6%] Generating C code for ROS interfaces
[  7%] Generating C++ code for ROS interfaces
reading manifest file 'rmw_dds_common.egg-info/SOURCES.txt'
writing manifest file 'rmw_dds_common.egg-info/SOURCES.txt'
[  7%] Built target ament_cmake_python_build_rmw_dds_common_egg
[  8%] Building C object CMakeFiles/rmw_dds_common__rosidl_generator_c.dir/rosidl_generator_c/rmw_dds_common/msg/detail/gid__description.c.o
[ 10%] Building C object CMakeFiles/rmw_dds_common__rosidl_generator_c.dir/rosidl_generator_c/rmw_dds_common/msg/detail/gid__type_support.c.o
[ 11%] Building C object CMakeFiles/rmw_dds_common__rosidl_generator_c.dir/rosidl_generator_c/rmw_dds_common/msg/detail/participant_entities_info__functions.c.o
[ 14%] Building C object CMakeFiles/rmw_dds_common__rosidl_generator_c.dir/rosidl_generator_c/rmw_dds_common/msg/detail/participant_entities_info__type_support.c.o
[ 14%] Building C object CMakeFiles/rmw_dds_common__rosidl_generator_c.dir/rosidl_generator_c/rmw_dds_common/msg/detail/node_entities_info__functions.c.o
[ 15%] Building C object CMakeFiles/rmw_dds_common__rosidl_generator_c.dir/rosidl_generator_c/rmw_dds_common/msg/detail/participant_entities_info__description.c.o
[ 16%] Building C object CMakeFiles/rmw_dds_common__rosidl_generator_c.dir/rosidl_generator_c/rmw_dds_common/msg/detail/gid__functions.c.o
[ 17%] Building C object CMakeFiles/rmw_dds_common__rosidl_generator_c.dir/rosidl_generator_c/rmw_dds_common/msg/detail/node_entities_info__description.c.o
[ 19%] Building C object CMakeFiles/rmw_dds_common__rosidl_generator_c.dir/rosidl_generator_c/rmw_dds_common/msg/detail/node_entities_info__type_support.c.o
[ 19%] Built target rmw_dds_common__cpp
[ 20%] Linking C shared library librmw_dds_common__rosidl_generator_c.so
[ 20%] Built target rmw_dds_common__rosidl_generator_c
[ 24%] Generating C type support for eProsima Fast-RTPS
[ 24%] Generating C++ type support dispatch for ROS interfaces
[ 24%] Generating C introspection for ROS interfaces
[ 25%] Generating C type support dispatch for ROS interfaces
[ 26%] Generating C++ introspection for ROS interfaces
[ 28%] Generating C++ type support for eProsima Fast-RTPS
[ 29%] Building CXX object CMakeFiles/rmw_dds_common__rosidl_typesupport_c.dir/rosidl_typesupport_c/rmw_dds_common/msg/participant_entities_info__type_support.cpp.o
[ 30%] Building CXX object CMakeFiles/rmw_dds_common__rosidl_typesupport_c.dir/rosidl_typesupport_c/rmw_dds_common/msg/node_entities_info__type_support.cpp.o
[ 32%] Building CXX object CMakeFiles/rmw_dds_common__rosidl_typesupport_c.dir/rosidl_typesupport_c/rmw_dds_common/msg/gid__type_support.cpp.o
[ 34%] Building CXX object CMakeFiles/rmw_dds_common__rosidl_typesupport_introspection_cpp.dir/rosidl_typesupport_introspection_cpp/rmw_dds_common/msg/detail/gid__type_support.cpp.o
[ 34%] Building CXX object CMakeFiles/rmw_dds_common__rosidl_typesupport_introspection_cpp.dir/rosidl_typesupport_introspection_cpp/rmw_dds_common/msg/detail/node_entities_info__type_support.cpp.o
[ 35%] Building CXX object CMakeFiles/rmw_dds_common__rosidl_typesupport_introspection_cpp.dir/rosidl_typesupport_introspection_cpp/rmw_dds_common/msg/detail/participant_entities_info__type_support.cpp.o
[ 37%] Building CXX object CMakeFiles/rmw_dds_common__rosidl_typesupport_cpp.dir/rosidl_typesupport_cpp/rmw_dds_common/msg/gid__type_support.cpp.o
[ 38%] Building C object CMakeFiles/rmw_dds_common__rosidl_typesupport_introspection_c.dir/rosidl_typesupport_introspection_c/rmw_dds_common/msg/detail/gid__type_support.c.o
[ 39%] Building CXX object CMakeFiles/rmw_dds_common__rosidl_typesupport_cpp.dir/rosidl_typesupport_cpp/rmw_dds_common/msg/node_entities_info__type_support.cpp.o
[ 41%] Building C object CMakeFiles/rmw_dds_common__rosidl_typesupport_introspection_c.dir/rosidl_typesupport_introspection_c/rmw_dds_common/msg/detail/node_entities_info__type_support.c.o
[ 42%] Building CXX object CMakeFiles/rmw_dds_common__rosidl_typesupport_cpp.dir/rosidl_typesupport_cpp/rmw_dds_common/msg/participant_entities_info__type_support.cpp.o
[ 43%] Building C object CMakeFiles/rmw_dds_common__rosidl_typesupport_introspection_c.dir/rosidl_typesupport_introspection_c/rmw_dds_common/msg/detail/participant_entities_info__type_support.c.o
[ 44%] Linking CXX static library libgmock_main.a
[ 46%] Linking CXX shared library librmw_dds_common__rosidl_typesupport_c.so
[ 46%] Built target gmock_main
[ 47%] Building CXX object CMakeFiles/rmw_dds_common__rosidl_typesupport_fastrtps_c.dir/rosidl_typesupport_fastrtps_c/rmw_dds_common/msg/detail/node_entities_info__type_support_c.cpp.o
[ 48%] Building CXX object CMakeFiles/rmw_dds_common__rosidl_typesupport_fastrtps_c.dir/rosidl_typesupport_fastrtps_c/rmw_dds_common/msg/detail/gid__type_support_c.cpp.o
[ 50%] Building CXX object CMakeFiles/rmw_dds_common__rosidl_typesupport_fastrtps_cpp.dir/rosidl_typesupport_fastrtps_cpp/rmw_dds_common/msg/detail/dds_fastrtps/gid__type_support.cpp.o
[ 50%] Built target rmw_dds_common__rosidl_typesupport_c
[ 51%] Building CXX object CMakeFiles/rmw_dds_common__rosidl_typesupport_fastrtps_cpp.dir/rosidl_typesupport_fastrtps_cpp/rmw_dds_common/msg/detail/dds_fastrtps/node_entities_info__type_support.cpp.o
[ 52%] Building CXX object CMakeFiles/rmw_dds_common__rosidl_typesupport_fastrtps_c.dir/rosidl_typesupport_fastrtps_c/rmw_dds_common/msg/detail/participant_entities_info__type_support_c.cpp.o
[ 53%] Linking C shared library librmw_dds_common__rosidl_typesupport_introspection_c.so
[ 55%] Building CXX object CMakeFiles/rmw_dds_common__rosidl_typesupport_fastrtps_cpp.dir/rosidl_typesupport_fastrtps_cpp/rmw_dds_common/msg/detail/dds_fastrtps/participant_entities_info__type_support.cpp.o
[ 55%] Built target rmw_dds_common__rosidl_typesupport_introspection_c
[ 56%] Linking CXX shared library librmw_dds_common__rosidl_typesupport_cpp.so
[ 56%] Built target rmw_dds_common__rosidl_typesupport_cpp
[ 57%] Linking CXX shared library librmw_dds_common__rosidl_typesupport_introspection_cpp.so
[ 57%] Built target rmw_dds_common__rosidl_typesupport_introspection_cpp
[ 58%] Linking CXX shared library librmw_dds_common__rosidl_typesupport_fastrtps_c.so
[ 58%] Built target rmw_dds_common__rosidl_typesupport_fastrtps_c
[ 60%] Linking CXX shared library librmw_dds_common__rosidl_typesupport_fastrtps_cpp.so
[ 60%] Built target rmw_dds_common__rosidl_typesupport_fastrtps_cpp
[ 60%] Built target rmw_dds_common
[ 61%] Generating Python code for ROS interfaces
[ 62%] Building CXX object CMakeFiles/rmw_dds_common_library.dir/src/time_utils.cpp.o
[ 64%] Building CXX object CMakeFiles/rmw_dds_common_library.dir/src/qos.cpp.o
[ 65%] Building CXX object CMakeFiles/rmw_dds_common_library.dir/src/context.cpp.o
[ 66%] Building CXX object CMakeFiles/rmw_dds_common_library.dir/src/graph_cache.cpp.o
[ 67%] Building CXX object CMakeFiles/rmw_dds_common_library.dir/src/gid_utils.cpp.o
[ 69%] Building CXX object CMakeFiles/rmw_dds_common_library.dir/src/security.cpp.o
[ 69%] Built target rmw_dds_common__py
[ 70%] Building C object CMakeFiles/rmw_dds_common__rosidl_generator_py.dir/rosidl_generator_py/rmw_dds_common/msg/_gid_s.c.o
[ 73%] Building C object CMakeFiles/rmw_dds_common__rosidl_generator_py.dir/rosidl_generator_py/rmw_dds_common/msg/_participant_entities_info_s.c.o
[ 73%] Building C object CMakeFiles/rmw_dds_common__rosidl_generator_py.dir/rosidl_generator_py/rmw_dds_common/msg/_node_entities_info_s.c.o
[ 74%] Linking C shared library librmw_dds_common__rosidl_generator_py.so
[ 74%] Built target rmw_dds_common__rosidl_generator_py
[ 76%] Building C object CMakeFiles/rmw_dds_common_s__rosidl_typesupport_introspection_c.dir/rosidl_generator_py/rmw_dds_common/_rmw_dds_common_s.ep.rosidl_typesupport_introspection_c.c.o
[ 76%] Building C object CMakeFiles/rmw_dds_common_s__rosidl_typesupport_c.dir/rosidl_generator_py/rmw_dds_common/_rmw_dds_common_s.ep.rosidl_typesupport_c.c.o
[ 78%] Building C object CMakeFiles/rmw_dds_common_s__rosidl_typesupport_fastrtps_c.dir/rosidl_generator_py/rmw_dds_common/_rmw_dds_common_s.ep.rosidl_typesupport_fastrtps_c.c.o
[ 79%] Linking C shared module rosidl_generator_py/rmw_dds_common/rmw_dds_common_s__rosidl_typesupport_c.so
[ 80%] Linking C shared module rosidl_generator_py/rmw_dds_common/rmw_dds_common_s__rosidl_typesupport_introspection_c.so
[ 82%] Linking C shared module rosidl_generator_py/rmw_dds_common/rmw_dds_common_s__rosidl_typesupport_fastrtps_c.so
[ 82%] Built target rmw_dds_common_s__rosidl_typesupport_c
[ 82%] Built target rmw_dds_common_s__rosidl_typesupport_introspection_c
[ 82%] Built target rmw_dds_common_s__rosidl_typesupport_fastrtps_c
[ 83%] Linking CXX shared library librmw_dds_common.so
[ 83%] Built target rmw_dds_common_library
[ 84%] Building CXX object CMakeFiles/benchmark_graph_cache.dir/test/benchmark/benchmark_graph_cache.cpp.o
[ 85%] Linking CXX static library libgmock.a
[ 85%] Built target gmock
[ 87%] Building CXX object CMakeFiles/test_qos.dir/test/test_qos.cpp.o
[ 88%] Building CXX object CMakeFiles/test_graph_cache.dir/test/test_graph_cache.cpp.o
[ 89%] Building CXX object CMakeFiles/test_gid_utils.dir/test/test_gid_utils.cpp.o
[ 91%] Building CXX object CMakeFiles/test_time_utils.dir/test/test_time_utils.cpp.o
[ 92%] Building CXX object CMakeFiles/test_security.dir/test/test_security.cpp.o
[ 93%] Linking CXX executable benchmark_graph_cache
[ 93%] Built target benchmark_graph_cache
[ 94%] Linking CXX executable test_gid_utils
[ 96%] Linking CXX executable test_time_utils
[ 96%] Built target test_gid_utils
[ 96%] Built target test_time_utils
[ 97%] Linking CXX executable test_qos
[ 97%] Built target test_qos
[ 98%] Linking CXX executable test_security
[ 98%] Built target test_security
[100%] Linking CXX executable test_graph_cache
[100%] Built target test_graph_cache
-- Install configuration: ""
-- Installing: /workspace/jazzy_ws/install/share/ament_index/resource_index/rosidl_interfaces/rmw_dds_common
-- Installing: /workspace/jazzy_ws/install/share/rmw_dds_common/msg/Gid.json
-- Installing: /workspace/jazzy_ws/install/share/rmw_dds_common/msg/NodeEntitiesInfo.json
-- Installing: /workspace/jazzy_ws/install/share/rmw_dds_common/msg/ParticipantEntitiesInfo.json
-- Installing: /workspace/jazzy_ws/install/include/rmw_dds_common/rmw_dds_common
-- Installing: /workspace/jazzy_ws/install/include/rmw_dds_common/rmw_dds_common/msg
-- Installing: /workspace/jazzy_ws/install/include/rmw_dds_common/rmw_dds_common/msg/detail
-- Installing: /workspace/jazzy_ws/install/include/rmw_dds_common/rmw_dds_common/msg/detail/node_entities_info__type_support.c
-- Installing: /workspace/jazzy_ws/install/include/rmw_dds_common/rmw_dds_common/msg/detail/participant_entities_info__description.c
-- Installing: /workspace/jazzy_ws/install/include/rmw_dds_common/rmw_dds_common/msg/detail/gid__functions.c
-- Installing: /workspace/jazzy_ws/install/include/rmw_dds_common/rmw_dds_common/msg/detail/node_entities_info__struct.h
-- Installing: /workspace/jazzy_ws/install/include/rmw_dds_common/rmw_dds_common/msg/detail/node_entities_info__description.c
-- Installing: /workspace/jazzy_ws/install/include/rmw_dds_common/rmw_dds_common/msg/detail/gid__description.c
-- Installing: /workspace/jazzy_ws/install/include/rmw_dds_common/rmw_dds_common/msg/detail/participant_entities_info__type_support.h
-- Installing: /workspace/jazzy_ws/install/include/rmw_dds_common/rmw_dds_common/msg/detail/participant_entities_info__functions.c
-- Installing: /workspace/jazzy_ws/install/include/rmw_dds_common/rmw_dds_common/msg/detail/participant_entities_info__type_support.c
-- Installing: /workspace/jazzy_ws/install/include/rmw_dds_common/rmw_dds_common/msg/detail/gid__type_support.h
-- Installing: /workspace/jazzy_ws/install/include/rmw_dds_common/rmw_dds_common/msg/detail/node_entities_info__functions.c
-- Installing: /workspace/jazzy_ws/install/include/rmw_dds_common/rmw_dds_common/msg/detail/participant_entities_info__struct.h
-- Installing: /workspace/jazzy_ws/install/include/rmw_dds_common/rmw_dds_common/msg/detail/node_entities_info__type_support.h
-- Installing: /workspace/jazzy_ws/install/include/rmw_dds_common/rmw_dds_common/msg/detail/node_entities_info__functions.h
-- Installing: /workspace/jazzy_ws/install/include/rmw_dds_common/rmw_dds_common/msg/detail/participant_entities_info__functions.h
-- Installing: /workspace/jazzy_ws/install/include/rmw_dds_common/rmw_dds_common/msg/detail/gid__functions.h
-- Installing: /workspace/jazzy_ws/install/include/rmw_dds_common/rmw_dds_common/msg/detail/gid__struct.h
-- Installing: /workspace/jazzy_ws/install/include/rmw_dds_common/rmw_dds_common/msg/detail/gid__type_support.c
-- Installing: /workspace/jazzy_ws/install/include/rmw_dds_common/rmw_dds_common/msg/node_entities_info.h
-- Installing: /workspace/jazzy_ws/install/include/rmw_dds_common/rmw_dds_common/msg/gid.h
-- Installing: /workspace/jazzy_ws/install/include/rmw_dds_common/rmw_dds_common/msg/participant_entities_info.h
-- Installing: /workspace/jazzy_ws/install/include/rmw_dds_common/rmw_dds_common/msg/rosidl_generator_c__visibility_control.h
-- Installing: /workspace/jazzy_ws/install/share/rmw_dds_common/environment/library_path.sh
-- Installing: /workspace/jazzy_ws/install/share/rmw_dds_common/environment/library_path.dsv
-- Installing: /workspace/jazzy_ws/install/lib/librmw_dds_common__rosidl_generator_c.so
-- Set non-toolchain portion of runtime path of "/workspace/jazzy_ws/install/lib/librmw_dds_common__rosidl_generator_c.so" to ""
-- Up-to-date: /workspace/jazzy_ws/install/include/rmw_dds_common/rmw_dds_common
-- Up-to-date: /workspace/jazzy_ws/install/include/rmw_dds_common/rmw_dds_common/msg
-- Up-to-date: /workspace/jazzy_ws/install/include/rmw_dds_common/rmw_dds_common/msg/detail
-- Installing: /workspace/jazzy_ws/install/include/rmw_dds_common/rmw_dds_common/msg/detail/participant_entities_info__rosidl_typesupport_fastrtps_c.h
-- Installing: /workspace/jazzy_ws/install/include/rmw_dds_common/rmw_dds_common/msg/detail/gid__rosidl_typesupport_fastrtps_c.h
-- Installing: /workspace/jazzy_ws/install/include/rmw_dds_common/rmw_dds_common/msg/detail/node_entities_info__rosidl_typesupport_fastrtps_c.h
-- Installing: /workspace/jazzy_ws/install/include/rmw_dds_common/rmw_dds_common/msg/rosidl_typesupport_fastrtps_c__visibility_control.h
-- Installing: /workspace/jazzy_ws/install/lib/librmw_dds_common__rosidl_typesupport_fastrtps_c.so
-- Set non-toolchain portion of runtime path of "/workspace/jazzy_ws/install/lib/librmw_dds_common__rosidl_typesupport_fastrtps_c.so" to ""
-- Up-to-date: /workspace/jazzy_ws/install/include/rmw_dds_common/rmw_dds_common
-- Up-to-date: /workspace/jazzy_ws/install/include/rmw_dds_common/rmw_dds_common/msg
-- Up-to-date: /workspace/jazzy_ws/install/include/rmw_dds_common/rmw_dds_common/msg/detail
-- Installing: /workspace/jazzy_ws/install/include/rmw_dds_common/rmw_dds_common/msg/detail/node_entities_info__type_support.c
-- Installing: /workspace/jazzy_ws/install/include/rmw_dds_common/rmw_dds_common/msg/detail/gid__rosidl_typesupport_introspection_c.h
-- Installing: /workspace/jazzy_ws/install/include/rmw_dds_common/rmw_dds_common/msg/detail/participant_entities_info__type_support.c
-- Installing: /workspace/jazzy_ws/install/include/rmw_dds_common/rmw_dds_common/msg/detail/node_entities_info__rosidl_typesupport_introspection_c.h
-- Installing: /workspace/jazzy_ws/install/include/rmw_dds_common/rmw_dds_common/msg/detail/participant_entities_info__rosidl_typesupport_introspection_c.h
-- Installing: /workspace/jazzy_ws/install/include/rmw_dds_common/rmw_dds_common/msg/detail/gid__type_support.c
-- Installing: /workspace/jazzy_ws/install/include/rmw_dds_common/rmw_dds_common/msg/rosidl_typesupport_introspection_c__visibility_control.h
-- Installing: /workspace/jazzy_ws/install/lib/librmw_dds_common__rosidl_typesupport_introspection_c.so
-- Set non-toolchain portion of runtime path of "/workspace/jazzy_ws/install/lib/librmw_dds_common__rosidl_typesupport_introspection_c.so" to ""
-- Installing: /workspace/jazzy_ws/install/lib/librmw_dds_common__rosidl_typesupport_c.so
-- Set non-toolchain portion of runtime path of "/workspace/jazzy_ws/install/lib/librmw_dds_common__rosidl_typesupport_c.so" to ""
-- Up-to-date: /workspace/jazzy_ws/install/include/rmw_dds_common/rmw_dds_common
-- Up-to-date: /workspace/jazzy_ws/install/include/rmw_dds_common/rmw_dds_common/msg
-- Up-to-date: /workspace/jazzy_ws/install/include/rmw_dds_common/rmw_dds_common/msg/detail
-- Installing: /workspace/jazzy_ws/install/include/rmw_dds_common/rmw_dds_common/msg/detail/node_entities_info__type_support.hpp
-- Installing: /workspace/jazzy_ws/install/include/rmw_dds_common/rmw_dds_common/msg/detail/node_entities_info__builder.hpp
-- Installing: /workspace/jazzy_ws/install/include/rmw_dds_common/rmw_dds_common/msg/detail/node_entities_info__traits.hpp
-- Installing: /workspace/jazzy_ws/install/include/rmw_dds_common/rmw_dds_common/msg/detail/participant_entities_info__builder.hpp
-- Installing: /workspace/jazzy_ws/install/include/rmw_dds_common/rmw_dds_common/msg/detail/gid__traits.hpp
-- Installing: /workspace/jazzy_ws/install/include/rmw_dds_common/rmw_dds_common/msg/detail/gid__builder.hpp
-- Installing: /workspace/jazzy_ws/install/include/rmw_dds_common/rmw_dds_common/msg/detail/gid__type_support.hpp
-- Installing: /workspace/jazzy_ws/install/include/rmw_dds_common/rmw_dds_common/msg/detail/participant_entities_info__traits.hpp
-- Installing: /workspace/jazzy_ws/install/include/rmw_dds_common/rmw_dds_common/msg/detail/node_entities_info__struct.hpp
-- Installing: /workspace/jazzy_ws/install/include/rmw_dds_common/rmw_dds_common/msg/detail/participant_entities_info__type_support.hpp
-- Installing: /workspace/jazzy_ws/install/include/rmw_dds_common/rmw_dds_common/msg/detail/gid__struct.hpp
-- Installing: /workspace/jazzy_ws/install/include/rmw_dds_common/rmw_dds_common/msg/detail/participant_entities_info__struct.hpp
-- Installing: /workspace/jazzy_ws/install/include/rmw_dds_common/rmw_dds_common/msg/gid.hpp
-- Installing: /workspace/jazzy_ws/install/include/rmw_dds_common/rmw_dds_common/msg/rosidl_generator_cpp__visibility_control.hpp
-- Installing: /workspace/jazzy_ws/install/include/rmw_dds_common/rmw_dds_common/msg/participant_entities_info.hpp
-- Installing: /workspace/jazzy_ws/install/include/rmw_dds_common/rmw_dds_common/msg/node_entities_info.hpp
-- Up-to-date: /workspace/jazzy_ws/install/include/rmw_dds_common/rmw_dds_common
-- Up-to-date: /workspace/jazzy_ws/install/include/rmw_dds_common/rmw_dds_common/msg
-- Up-to-date: /workspace/jazzy_ws/install/include/rmw_dds_common/rmw_dds_common/msg/detail
-- Installing: /workspace/jazzy_ws/install/include/rmw_dds_common/rmw_dds_common/msg/detail/participant_entities_info__rosidl_typesupport_fastrtps_cpp.hpp
-- Installing: /workspace/jazzy_ws/install/include/rmw_dds_common/rmw_dds_common/msg/detail/node_entities_info__rosidl_typesupport_fastrtps_cpp.hpp
-- Installing: /workspace/jazzy_ws/install/include/rmw_dds_common/rmw_dds_common/msg/detail/dds_fastrtps
-- Installing: /workspace/jazzy_ws/install/include/rmw_dds_common/rmw_dds_common/msg/detail/gid__rosidl_typesupport_fastrtps_cpp.hpp
-- Installing: /workspace/jazzy_ws/install/include/rmw_dds_common/rmw_dds_common/msg/rosidl_typesupport_fastrtps_cpp__visibility_control.h
-- Installing: /workspace/jazzy_ws/install/lib/librmw_dds_common__rosidl_typesupport_fastrtps_cpp.so
-- Set non-toolchain portion of runtime path of "/workspace/jazzy_ws/install/lib/librmw_dds_common__rosidl_typesupport_fastrtps_cpp.so" to ""
-- Up-to-date: /workspace/jazzy_ws/install/include/rmw_dds_common/rmw_dds_common
-- Up-to-date: /workspace/jazzy_ws/install/include/rmw_dds_common/rmw_dds_common/msg
-- Up-to-date: /workspace/jazzy_ws/install/include/rmw_dds_common/rmw_dds_common/msg/detail
-- Installing: /workspace/jazzy_ws/install/include/rmw_dds_common/rmw_dds_common/msg/detail/node_entities_info__type_support.cpp
-- Installing: /workspace/jazzy_ws/install/include/rmw_dds_common/rmw_dds_common/msg/detail/participant_entities_info__type_support.cpp
-- Installing: /workspace/jazzy_ws/install/include/rmw_dds_common/rmw_dds_common/msg/detail/node_entities_info__rosidl_typesupport_introspection_cpp.hpp
-- Installing: /workspace/jazzy_ws/install/include/rmw_dds_common/rmw_dds_common/msg/detail/participant_entities_info__rosidl_typesupport_introspection_cpp.hpp
-- Installing: /workspace/jazzy_ws/install/include/rmw_dds_common/rmw_dds_common/msg/detail/gid__type_support.cpp
-- Installing: /workspace/jazzy_ws/install/include/rmw_dds_common/rmw_dds_common/msg/detail/gid__rosidl_typesupport_introspection_cpp.hpp
-- Installing: /workspace/jazzy_ws/install/lib/librmw_dds_common__rosidl_typesupport_introspection_cpp.so
-- Set non-toolchain portion of runtime path of "/workspace/jazzy_ws/install/lib/librmw_dds_common__rosidl_typesupport_introspection_cpp.so" to ""
-- Installing: /workspace/jazzy_ws/install/lib/librmw_dds_common__rosidl_typesupport_cpp.so
-- Set non-toolchain portion of runtime path of "/workspace/jazzy_ws/install/lib/librmw_dds_common__rosidl_typesupport_cpp.so" to ""
-- Installing: /workspace/jazzy_ws/install/share/rmw_dds_common/environment/pythonpath.sh
-- Installing: /workspace/jazzy_ws/install/share/rmw_dds_common/environment/pythonpath.dsv
-- Installing: /workspace/jazzy_ws/install/lib/python3.12/site-packages/rmw_dds_common-3.1.1-py3.12.egg-info
-- Installing: /workspace/jazzy_ws/install/lib/python3.12/site-packages/rmw_dds_common-3.1.1-py3.12.egg-info/PKG-INFO
-- Installing: /workspace/jazzy_ws/install/lib/python3.12/site-packages/rmw_dds_common-3.1.1-py3.12.egg-info/SOURCES.txt
-- Installing: /workspace/jazzy_ws/install/lib/python3.12/site-packages/rmw_dds_common-3.1.1-py3.12.egg-info/top_level.txt
-- Installing: /workspace/jazzy_ws/install/lib/python3.12/site-packages/rmw_dds_common-3.1.1-py3.12.egg-info/dependency_links.txt
-- Installing: /workspace/jazzy_ws/install/lib/python3.12/site-packages/rmw_dds_common
-- Installing: /workspace/jazzy_ws/install/lib/python3.12/site-packages/rmw_dds_common/rmw_dds_common_s__rosidl_typesupport_introspection_c.so
-- Installing: /workspace/jazzy_ws/install/lib/python3.12/site-packages/rmw_dds_common/msg
-- Installing: /workspace/jazzy_ws/install/lib/python3.12/site-packages/rmw_dds_common/msg/_gid_s.c
-- Installing: /workspace/jazzy_ws/install/lib/python3.12/site-packages/rmw_dds_common/msg/__init__.py
-- Installing: /workspace/jazzy_ws/install/lib/python3.12/site-packages/rmw_dds_common/msg/_participant_entities_info_s.c
-- Installing: /workspace/jazzy_ws/install/lib/python3.12/site-packages/rmw_dds_common/msg/_participant_entities_info.py
-- Installing: /workspace/jazzy_ws/install/lib/python3.12/site-packages/rmw_dds_common/msg/_gid.py
-- Installing: /workspace/jazzy_ws/install/lib/python3.12/site-packages/rmw_dds_common/msg/_node_entities_info_s.c
-- Installing: /workspace/jazzy_ws/install/lib/python3.12/site-packages/rmw_dds_common/msg/_node_entities_info.py
-- Installing: /workspace/jazzy_ws/install/lib/python3.12/site-packages/rmw_dds_common/__init__.py
-- Installing: /workspace/jazzy_ws/install/lib/python3.12/site-packages/rmw_dds_common/_rmw_dds_common_s.ep.rosidl_typesupport_fastrtps_c.c
-- Installing: /workspace/jazzy_ws/install/lib/python3.12/site-packages/rmw_dds_common/rmw_dds_common_s__rosidl_typesupport_c.so
-- Installing: /workspace/jazzy_ws/install/lib/python3.12/site-packages/rmw_dds_common/_rmw_dds_common_s.ep.rosidl_typesupport_c.c
-- Installing: /workspace/jazzy_ws/install/lib/python3.12/site-packages/rmw_dds_common/_rmw_dds_common_s.ep.rosidl_typesupport_introspection_c.c
-- Installing: /workspace/jazzy_ws/install/lib/python3.12/site-packages/rmw_dds_common/rmw_dds_common_s__rosidl_typesupport_fastrtps_c.so
Listing '/workspace/jazzy_ws/install/lib/python3.12/site-packages/rmw_dds_common'...
Compiling '/workspace/jazzy_ws/install/lib/python3.12/site-packages/rmw_dds_common/__init__.py'...
Listing '/workspace/jazzy_ws/install/lib/python3.12/site-packages/rmw_dds_common/msg'...
Compiling '/workspace/jazzy_ws/install/lib/python3.12/site-packages/rmw_dds_common/msg/__init__.py'...
Compiling '/workspace/jazzy_ws/install/lib/python3.12/site-packages/rmw_dds_common/msg/_gid.py'...
Compiling '/workspace/jazzy_ws/install/lib/python3.12/site-packages/rmw_dds_common/msg/_node_entities_info.py'...
Compiling '/workspace/jazzy_ws/install/lib/python3.12/site-packages/rmw_dds_common/msg/_participant_entities_info.py'...
-- Installing: /workspace/jazzy_ws/install/lib/python3.12/site-packages/rmw_dds_common/rmw_dds_common_s__rosidl_typesupport_fastrtps_c.so
-- Set non-toolchain portion of runtime path of "/workspace/jazzy_ws/install/lib/python3.12/site-packages/rmw_dds_common/rmw_dds_common_s__rosidl_typesupport_fastrtps_c.so" to ""
-- Installing: /workspace/jazzy_ws/install/lib/python3.12/site-packages/rmw_dds_common/rmw_dds_common_s__rosidl_typesupport_introspection_c.so
-- Set non-toolchain portion of runtime path of "/workspace/jazzy_ws/install/lib/python3.12/site-packages/rmw_dds_common/rmw_dds_common_s__rosidl_typesupport_introspection_c.so" to ""
-- Installing: /workspace/jazzy_ws/install/lib/python3.12/site-packages/rmw_dds_common/rmw_dds_common_s__rosidl_typesupport_c.so
-- Set non-toolchain portion of runtime path of "/workspace/jazzy_ws/install/lib/python3.12/site-packages/rmw_dds_common/rmw_dds_common_s__rosidl_typesupport_c.so" to ""
-- Installing: /workspace/jazzy_ws/install/lib/librmw_dds_common__rosidl_generator_py.so
-- Set non-toolchain portion of runtime path of "/workspace/jazzy_ws/install/lib/librmw_dds_common__rosidl_generator_py.so" to ""
-- Installing: /workspace/jazzy_ws/install/share/rmw_dds_common/msg/Gid.idl
-- Installing: /workspace/jazzy_ws/install/share/rmw_dds_common/msg/NodeEntitiesInfo.idl
-- Installing: /workspace/jazzy_ws/install/share/rmw_dds_common/msg/ParticipantEntitiesInfo.idl
-- Installing: /workspace/jazzy_ws/install/share/rmw_dds_common/msg/Gid.msg
-- Installing: /workspace/jazzy_ws/install/share/rmw_dds_common/msg/NodeEntitiesInfo.msg
-- Installing: /workspace/jazzy_ws/install/share/rmw_dds_common/msg/ParticipantEntitiesInfo.msg
-- Installing: /workspace/jazzy_ws/install/lib/librmw_dds_common.so
-- Set non-toolchain portion of runtime path of "/workspace/jazzy_ws/install/lib/librmw_dds_common.so" to ""
-- Up-to-date: /workspace/jazzy_ws/install/include/rmw_dds_common
-- Up-to-date: /workspace/jazzy_ws/install/include/rmw_dds_common/rmw_dds_common
-- Installing: /workspace/jazzy_ws/install/include/rmw_dds_common/rmw_dds_common/time_utils.hpp
-- Installing: /workspace/jazzy_ws/install/include/rmw_dds_common/rmw_dds_common/qos.hpp
-- Installing: /workspace/jazzy_ws/install/include/rmw_dds_common/rmw_dds_common/visibility_control.h
-- Installing: /workspace/jazzy_ws/install/include/rmw_dds_common/rmw_dds_common/graph_cache.hpp
-- Installing: /workspace/jazzy_ws/install/include/rmw_dds_common/rmw_dds_common/context.hpp
-- Installing: /workspace/jazzy_ws/install/include/rmw_dds_common/rmw_dds_common/gid_utils.hpp
-- Installing: /workspace/jazzy_ws/install/include/rmw_dds_common/rmw_dds_common/security.hpp
-- Installing: /workspace/jazzy_ws/install/share/ament_index/resource_index/package_run_dependencies/rmw_dds_common
-- Installing: /workspace/jazzy_ws/install/share/ament_index/resource_index/parent_prefix_path/rmw_dds_common
-- Installing: /workspace/jazzy_ws/install/share/rmw_dds_common/environment/ament_prefix_path.sh
-- Installing: /workspace/jazzy_ws/install/share/rmw_dds_common/environment/ament_prefix_path.dsv
-- Installing: /workspace/jazzy_ws/install/share/rmw_dds_common/environment/path.sh
-- Installing: /workspace/jazzy_ws/install/share/rmw_dds_common/environment/path.dsv
-- Installing: /workspace/jazzy_ws/install/share/rmw_dds_common/local_setup.bash
-- Installing: /workspace/jazzy_ws/install/share/rmw_dds_common/local_setup.sh
-- Installing: /workspace/jazzy_ws/install/share/rmw_dds_common/local_setup.zsh
-- Installing: /workspace/jazzy_ws/install/share/rmw_dds_common/local_setup.dsv
-- Installing: /workspace/jazzy_ws/install/share/rmw_dds_common/package.dsv
-- Installing: /workspace/jazzy_ws/install/share/ament_index/resource_index/packages/rmw_dds_common
-- Installing: /workspace/jazzy_ws/install/share/rmw_dds_common/cmake/export_rmw_dds_common__rosidl_generator_cExport.cmake
-- Installing: /workspace/jazzy_ws/install/share/rmw_dds_common/cmake/export_rmw_dds_common__rosidl_generator_cExport-noconfig.cmake
-- Installing: /workspace/jazzy_ws/install/share/rmw_dds_common/cmake/export_rmw_dds_common__rosidl_typesupport_fastrtps_cExport.cmake
-- Installing: /workspace/jazzy_ws/install/share/rmw_dds_common/cmake/export_rmw_dds_common__rosidl_typesupport_fastrtps_cExport-noconfig.cmake
-- Installing: /workspace/jazzy_ws/install/share/rmw_dds_common/cmake/rmw_dds_common__rosidl_typesupport_introspection_cExport.cmake
-- Installing: /workspace/jazzy_ws/install/share/rmw_dds_common/cmake/rmw_dds_common__rosidl_typesupport_introspection_cExport-noconfig.cmake
-- Installing: /workspace/jazzy_ws/install/share/rmw_dds_common/cmake/rmw_dds_common__rosidl_typesupport_cExport.cmake
-- Installing: /workspace/jazzy_ws/install/share/rmw_dds_common/cmake/rmw_dds_common__rosidl_typesupport_cExport-noconfig.cmake
-- Installing: /workspace/jazzy_ws/install/share/rmw_dds_common/cmake/export_rmw_dds_common__rosidl_generator_cppExport.cmake
-- Installing: /workspace/jazzy_ws/install/share/rmw_dds_common/cmake/export_rmw_dds_common__rosidl_typesupport_fastrtps_cppExport.cmake
-- Installing: /workspace/jazzy_ws/install/share/rmw_dds_common/cmake/export_rmw_dds_common__rosidl_typesupport_fastrtps_cppExport-noconfig.cmake
-- Installing: /workspace/jazzy_ws/install/share/rmw_dds_common/cmake/rmw_dds_common__rosidl_typesupport_introspection_cppExport.cmake
-- Installing: /workspace/jazzy_ws/install/share/rmw_dds_common/cmake/rmw_dds_common__rosidl_typesupport_introspection_cppExport-noconfig.cmake
-- Installing: /workspace/jazzy_ws/install/share/rmw_dds_common/cmake/rmw_dds_common__rosidl_typesupport_cppExport.cmake
-- Installing: /workspace/jazzy_ws/install/share/rmw_dds_common/cmake/rmw_dds_common__rosidl_typesupport_cppExport-noconfig.cmake
-- Installing: /workspace/jazzy_ws/install/share/rmw_dds_common/cmake/export_rmw_dds_common__rosidl_generator_pyExport.cmake
-- Installing: /workspace/jazzy_ws/install/share/rmw_dds_common/cmake/export_rmw_dds_common__rosidl_generator_pyExport-noconfig.cmake
-- Installing: /workspace/jazzy_ws/install/share/rmw_dds_common/cmake/rmw_dds_common_libraryExport.cmake
-- Installing: /workspace/jazzy_ws/install/share/rmw_dds_common/cmake/rmw_dds_common_libraryExport-noconfig.cmake
-- Installing: /workspace/jazzy_ws/install/share/rmw_dds_common/cmake/ament_cmake_export_dependencies-extras.cmake
-- Installing: /workspace/jazzy_ws/install/share/rmw_dds_common/cmake/rosidl_cmake-extras.cmake
-- Installing: /workspace/jazzy_ws/install/share/rmw_dds_common/cmake/ament_cmake_export_include_directories-extras.cmake
-- Installing: /workspace/jazzy_ws/install/share/rmw_dds_common/cmake/ament_cmake_export_libraries-extras.cmake
-- Installing: /workspace/jazzy_ws/install/share/rmw_dds_common/cmake/ament_cmake_export_targets-extras.cmake
-- Installing: /workspace/jazzy_ws/install/share/rmw_dds_common/cmake/rosidl_cmake_export_typesupport_targets-extras.cmake
-- Installing: /workspace/jazzy_ws/install/share/rmw_dds_common/cmake/rosidl_cmake_export_typesupport_libraries-extras.cmake
-- Installing: /workspace/jazzy_ws/install/share/rmw_dds_common/cmake/rmw_dds_commonConfig.cmake
-- Installing: /workspace/jazzy_ws/install/share/rmw_dds_common/cmake/rmw_dds_commonConfig-version.cmake
-- Installing: /workspace/jazzy_ws/install/share/rmw_dds_common/package.xml
