[0.098s] Invoking command in '/workspace/jazzy_ws/build/rmw_dds_common': AMENT_PREFIX_PATH=/workspace/jazzy_ws/install CMAKE_PREFIX_PATH=/workspace/jazzy_ws/install LD_LIBRARY_PATH=/workspace/jazzy_ws/install/lib:/workspace/jazzy_ws/install/opt/mimick_vendor/lib PATH=/workspace/jazzy_ws/install/bin:/workspace/jazzy_ws/install/opt/uncrustify_vendor/bin:${PATH} PKG_CONFIG_PATH=/workspace/jazzy_ws/install/lib/x86_64-linux-gnu/pkgconfig:/workspace/jazzy_ws/install/lib/pkgconfig PYTHONPATH=/workspace/jazzy_ws/install/lib/python3.12/site-packages /usr/bin/cmake /workspace/jazzy_ws/src/rmw_dds_common -DCMAKE_INSTALL_PREFIX=/workspace/jazzy_ws/install
[0.127s] -- The C compiler identification is GNU 13.3.0
[0.159s] -- The CXX compiler identification is GNU 13.3.0
[0.167s] -- Detecting C compiler ABI info
[0.212s] -- Detecting C compiler ABI info - done
[0.217s] -- Check for working C compiler: /usr/bin/cc - skipped
[0.218s] -- Detecting C compile features
[0.218s] -- Detecting C compile features - done
[0.223s] -- Detecting CXX compiler ABI info
[0.275s] -- Detecting CXX compiler ABI info - done
[0.279s] -- Check for working CXX compiler: /usr/bin/c++ - skipped
[0.279s] -- Detecting CXX compile features
[0.279s] -- Detecting CXX compile features - done
[0.280s] -- Found ament_cmake: 2.5.5 (/workspace/jazzy_ws/install/share/ament_cmake/cmake)
[0.346s] -- Found Python3: /usr/bin/python3 (found version "3.12.3") found components: Interpreter 
[0.398s] -- Found rcpputils: 2.11.3 (/workspace/jazzy_ws/install/share/rcpputils/cmake)
[0.404s] -- Found rmw: 7.3.3 (/workspace/jazzy_ws/install/share/rmw/cmake)
[0.411s] -- Found rosidl_default_generators: 1.6.0 (/workspace/jazzy_ws/install/share/rosidl_default_generators/cmake)
[0.412s] -- Using all available rosidl_typesupport_c: rosidl_typesupport_fastrtps_c;rosidl_typesupport_introspection_c
[0.425s] -- Using all available rosidl_typesupport_cpp: rosidl_typesupport_fastrtps_cpp;rosidl_typesupport_introspection_cpp
[0.441s] -- Found rosidl_adapter: 4.6.7 (/workspace/jazzy_ws/install/share/rosidl_adapter/cmake)
[0.733s] -- Found ament_cmake_ros: 0.12.0 (/workspace/jazzy_ws/install/share/ament_cmake_ros/cmake)
[0.935s] -- Using all available rosidl_typesupport_c: rosidl_typesupport_fastrtps_c;rosidl_typesupport_introspection_c
[1.218s] -- Using all available rosidl_typesupport_cpp: rosidl_typesupport_fastrtps_cpp;rosidl_typesupport_introspection_cpp
[1.219s] -- Found python_cmake_module: 0.11.1 (/workspace/jazzy_ws/install/share/python_cmake_module/cmake)
[1.287s] -- Found PythonExtra: /usr/bin/python3  
[1.660s] -- Found Python3: /usr/bin/python3 (found version "3.12.3") found components: Interpreter Development NumPy Development.Module Development.Embed 
[1.678s] -- Found ament_lint_auto: 0.17.4 (/workspace/jazzy_ws/install/share/ament_lint_auto/cmake)
[1.834s] -- Found gmock sources under '/workspace/jazzy_ws/install/src/gmock_vendor': C++ tests using 'Google Mock' will be built
[1.838s] -- Found gtest sources under '/workspace/jazzy_ws/install/src/gtest_vendor': C++ tests using 'Google Test' will be built
[1.846s] -- Performance tests are disabled by default, so Google Benchmark tests will be skipped. To enable these tests, set the CMake variable 'AMENT_RUN_PERFORMANCE_TESTS'.
[1.848s] -- Added test 'copyright' to check source files copyright and LICENSE
[1.866s] -- Added test 'cppcheck' to perform static code analysis on C / C++ code
[1.866s] -- Configured cppcheck include dirs: /workspace/jazzy_ws/install/include;$<BUILD_INTERFACE:/workspace/jazzy_ws/src/rmw_dds_common/include>
[1.866s] -- Configured cppcheck exclude dirs and/or files: 
[1.866s] -- Added test 'cpplint' to check C / C++ code against the Google style
[1.866s] -- Configured cpplint exclude dirs and/or files: 
[1.866s] -- Added test 'lint_cmake' to check CMake code style
[1.866s] -- Added test 'uncrustify' to check C / C++ code style
[1.866s] -- Configured uncrustify additional arguments: 
[1.866s] -- Added test 'xmllint' to check XML markup files
[1.870s] -- Configuring done (1.8s)
[1.914s] -- Generating done (0.0s)
[1.942s] -- Build files have been written to: /workspace/jazzy_ws/build/rmw_dds_common
[1.951s] Invoked command in '/workspace/jazzy_ws/build/rmw_dds_common' returned '0': AMENT_PREFIX_PATH=/workspace/jazzy_ws/install CMAKE_PREFIX_PATH=/workspace/jazzy_ws/install LD_LIBRARY_PATH=/workspace/jazzy_ws/install/lib:/workspace/jazzy_ws/install/opt/mimick_vendor/lib PATH=/workspace/jazzy_ws/install/bin:/workspace/jazzy_ws/install/opt/uncrustify_vendor/bin:${PATH} PKG_CONFIG_PATH=/workspace/jazzy_ws/install/lib/x86_64-linux-gnu/pkgconfig:/workspace/jazzy_ws/install/lib/pkgconfig PYTHONPATH=/workspace/jazzy_ws/install/lib/python3.12/site-packages /usr/bin/cmake /workspace/jazzy_ws/src/rmw_dds_common -DCMAKE_INSTALL_PREFIX=/workspace/jazzy_ws/install
[1.951s] Invoking command in '/workspace/jazzy_ws/build/rmw_dds_common': AMENT_PREFIX_PATH=/workspace/jazzy_ws/install CMAKE_PREFIX_PATH=/workspace/jazzy_ws/install LD_LIBRARY_PATH=/workspace/jazzy_ws/install/lib:/workspace/jazzy_ws/install/opt/mimick_vendor/lib PATH=/workspace/jazzy_ws/install/bin:/workspace/jazzy_ws/install/opt/uncrustify_vendor/bin:${PATH} PKG_CONFIG_PATH=/workspace/jazzy_ws/install/lib/x86_64-linux-gnu/pkgconfig:/workspace/jazzy_ws/install/lib/pkgconfig PYTHONPATH=/workspace/jazzy_ws/install/lib/python3.12/site-packages /usr/bin/cmake --build /workspace/jazzy_ws/build/rmw_dds_common -- -j24 -l24
[1.981s] [  1%] Generating type hashes for ROS interfaces
[1.988s] [  3%] Building CXX object gmock/CMakeFiles/gmock_main.dir/src/gmock_main.cc.o
[1.989s] [  5%] Building CXX object gmock/CMakeFiles/gmock.dir/workspace/jazzy_ws/install/src/gtest_vendor/src/gtest-all.cc.o
[1.991s] [  5%] Built target ament_cmake_python_copy_rmw_dds_common
[1.991s] [  5%] Building CXX object gmock/CMakeFiles/gmock.dir/src/gmock-all.cc.o
[2.091s] running egg_info
[2.092s] [  5%] Built target rmw_dds_common__rosidl_generator_type_description
[2.096s] creating rmw_dds_common.egg-info
[2.096s] writing rmw_dds_common.egg-info/PKG-INFO
[2.096s] writing dependency_links to rmw_dds_common.egg-info/dependency_links.txt
[2.096s] writing top-level names to rmw_dds_common.egg-info/top_level.txt
[2.097s] writing manifest file 'rmw_dds_common.egg-info/SOURCES.txt'
[2.097s] [  6%] Generating C code for ROS interfaces
[2.103s] [  7%] Generating C++ code for ROS interfaces
[2.113s] reading manifest file 'rmw_dds_common.egg-info/SOURCES.txt'
[2.113s] writing manifest file 'rmw_dds_common.egg-info/SOURCES.txt'
[2.132s] [  7%] Built target ament_cmake_python_build_rmw_dds_common_egg
[2.310s] [  8%] Building C object CMakeFiles/rmw_dds_common__rosidl_generator_c.dir/rosidl_generator_c/rmw_dds_common/msg/detail/gid__description.c.o
[2.310s] [ 10%] Building C object CMakeFiles/rmw_dds_common__rosidl_generator_c.dir/rosidl_generator_c/rmw_dds_common/msg/detail/gid__type_support.c.o
[2.316s] [ 11%] Building C object CMakeFiles/rmw_dds_common__rosidl_generator_c.dir/rosidl_generator_c/rmw_dds_common/msg/detail/participant_entities_info__functions.c.o
[2.316s] [ 14%] Building C object CMakeFiles/rmw_dds_common__rosidl_generator_c.dir/rosidl_generator_c/rmw_dds_common/msg/detail/participant_entities_info__type_support.c.o
[2.316s] [ 14%] Building C object CMakeFiles/rmw_dds_common__rosidl_generator_c.dir/rosidl_generator_c/rmw_dds_common/msg/detail/node_entities_info__functions.c.o
[2.317s] [ 15%] Building C object CMakeFiles/rmw_dds_common__rosidl_generator_c.dir/rosidl_generator_c/rmw_dds_common/msg/detail/participant_entities_info__description.c.o
[2.323s] [ 16%] Building C object CMakeFiles/rmw_dds_common__rosidl_generator_c.dir/rosidl_generator_c/rmw_dds_common/msg/detail/gid__functions.c.o
[2.323s] [ 17%] Building C object CMakeFiles/rmw_dds_common__rosidl_generator_c.dir/rosidl_generator_c/rmw_dds_common/msg/detail/node_entities_info__description.c.o
[2.328s] [ 19%] Building C object CMakeFiles/rmw_dds_common__rosidl_generator_c.dir/rosidl_generator_c/rmw_dds_common/msg/detail/node_entities_info__type_support.c.o
[2.339s] [ 19%] Built target rmw_dds_common__cpp
[2.369s] [ 20%] Linking C shared library librmw_dds_common__rosidl_generator_c.so
[2.394s] [ 20%] Built target rmw_dds_common__rosidl_generator_c
[2.401s] [ 24%] Generating C type support for eProsima Fast-RTPS
[2.401s] [ 24%] Generating C++ type support dispatch for ROS interfaces
[2.401s] [ 24%] Generating C introspection for ROS interfaces
[2.401s] [ 25%] Generating C type support dispatch for ROS interfaces
[2.401s] [ 26%] Generating C++ introspection for ROS interfaces
[2.401s] [ 28%] Generating C++ type support for eProsima Fast-RTPS
[2.572s] [ 29%] Building CXX object CMakeFiles/rmw_dds_common__rosidl_typesupport_c.dir/rosidl_typesupport_c/rmw_dds_common/msg/participant_entities_info__type_support.cpp.o
[2.572s] [ 30%] Building CXX object CMakeFiles/rmw_dds_common__rosidl_typesupport_c.dir/rosidl_typesupport_c/rmw_dds_common/msg/node_entities_info__type_support.cpp.o
[2.576s] [ 32%] Building CXX object CMakeFiles/rmw_dds_common__rosidl_typesupport_c.dir/rosidl_typesupport_c/rmw_dds_common/msg/gid__type_support.cpp.o
[2.587s] [ 34%] Building CXX object CMakeFiles/rmw_dds_common__rosidl_typesupport_introspection_cpp.dir/rosidl_typesupport_introspection_cpp/rmw_dds_common/msg/detail/gid__type_support.cpp.o
[2.587s] [ 34%] Building CXX object CMakeFiles/rmw_dds_common__rosidl_typesupport_introspection_cpp.dir/rosidl_typesupport_introspection_cpp/rmw_dds_common/msg/detail/node_entities_info__type_support.cpp.o
[2.587s] [ 35%] Building CXX object CMakeFiles/rmw_dds_common__rosidl_typesupport_introspection_cpp.dir/rosidl_typesupport_introspection_cpp/rmw_dds_common/msg/detail/participant_entities_info__type_support.cpp.o
[2.596s] [ 37%] Building CXX object CMakeFiles/rmw_dds_common__rosidl_typesupport_cpp.dir/rosidl_typesupport_cpp/rmw_dds_common/msg/gid__type_support.cpp.o
[2.599s] [ 38%] Building C object CMakeFiles/rmw_dds_common__rosidl_typesupport_introspection_c.dir/rosidl_typesupport_introspection_c/rmw_dds_common/msg/detail/gid__type_support.c.o
[2.600s] [ 39%] Building CXX object CMakeFiles/rmw_dds_common__rosidl_typesupport_cpp.dir/rosidl_typesupport_cpp/rmw_dds_common/msg/node_entities_info__type_support.cpp.o
[2.606s] [ 41%] Building C object CMakeFiles/rmw_dds_common__rosidl_typesupport_introspection_c.dir/rosidl_typesupport_introspection_c/rmw_dds_common/msg/detail/node_entities_info__type_support.c.o
[2.606s] [ 42%] Building CXX object CMakeFiles/rmw_dds_common__rosidl_typesupport_cpp.dir/rosidl_typesupport_cpp/rmw_dds_common/msg/participant_entities_info__type_support.cpp.o
[2.607s] [ 43%] Building C object CMakeFiles/rmw_dds_common__rosidl_typesupport_introspection_c.dir/rosidl_typesupport_introspection_c/rmw_dds_common/msg/detail/participant_entities_info__type_support.c.o
[2.607s] [ 44%] Linking CXX static library libgmock_main.a
[2.613s] [ 46%] Linking CXX shared library librmw_dds_common__rosidl_typesupport_c.so
[2.627s] [ 46%] Built target gmock_main
[2.635s] [ 47%] Building CXX object CMakeFiles/rmw_dds_common__rosidl_typesupport_fastrtps_c.dir/rosidl_typesupport_fastrtps_c/rmw_dds_common/msg/detail/node_entities_info__type_support_c.cpp.o
[2.636s] [ 48%] Building CXX object CMakeFiles/rmw_dds_common__rosidl_typesupport_fastrtps_c.dir/rosidl_typesupport_fastrtps_c/rmw_dds_common/msg/detail/gid__type_support_c.cpp.o
[2.641s] [ 50%] Building CXX object CMakeFiles/rmw_dds_common__rosidl_typesupport_fastrtps_cpp.dir/rosidl_typesupport_fastrtps_cpp/rmw_dds_common/msg/detail/dds_fastrtps/gid__type_support.cpp.o
[2.641s] [ 50%] Built target rmw_dds_common__rosidl_typesupport_c
[2.641s] [ 51%] Building CXX object CMakeFiles/rmw_dds_common__rosidl_typesupport_fastrtps_cpp.dir/rosidl_typesupport_fastrtps_cpp/rmw_dds_common/msg/detail/dds_fastrtps/node_entities_info__type_support.cpp.o
[2.644s] [ 52%] Building CXX object CMakeFiles/rmw_dds_common__rosidl_typesupport_fastrtps_c.dir/rosidl_typesupport_fastrtps_c/rmw_dds_common/msg/detail/participant_entities_info__type_support_c.cpp.o
[2.646s] [ 53%] Linking C shared library librmw_dds_common__rosidl_typesupport_introspection_c.so
[2.654s] [ 55%] Building CXX object CMakeFiles/rmw_dds_common__rosidl_typesupport_fastrtps_cpp.dir/rosidl_typesupport_fastrtps_cpp/rmw_dds_common/msg/detail/dds_fastrtps/participant_entities_info__type_support.cpp.o
[2.676s] [ 55%] Built target rmw_dds_common__rosidl_typesupport_introspection_c
[2.846s] [ 56%] Linking CXX shared library librmw_dds_common__rosidl_typesupport_cpp.so
[2.897s] [ 56%] Built target rmw_dds_common__rosidl_typesupport_cpp
[2.914s] [ 57%] Linking CXX shared library librmw_dds_common__rosidl_typesupport_introspection_cpp.so
[2.972s] [ 57%] Built target rmw_dds_common__rosidl_typesupport_introspection_cpp
[3.055s] [ 58%] Linking CXX shared library librmw_dds_common__rosidl_typesupport_fastrtps_c.so
[3.121s] [ 58%] Built target rmw_dds_common__rosidl_typesupport_fastrtps_c
[3.166s] [ 60%] Linking CXX shared library librmw_dds_common__rosidl_typesupport_fastrtps_cpp.so
[3.237s] [ 60%] Built target rmw_dds_common__rosidl_typesupport_fastrtps_cpp
[3.249s] [ 60%] Built target rmw_dds_common
[3.262s] [ 61%] Generating Python code for ROS interfaces
[3.266s] [ 62%] Building CXX object CMakeFiles/rmw_dds_common_library.dir/src/time_utils.cpp.o
[3.269s] [ 64%] Building CXX object CMakeFiles/rmw_dds_common_library.dir/src/qos.cpp.o
[3.269s] [ 65%] Building CXX object CMakeFiles/rmw_dds_common_library.dir/src/context.cpp.o
[3.272s] [ 66%] Building CXX object CMakeFiles/rmw_dds_common_library.dir/src/graph_cache.cpp.o
[3.272s] [ 67%] Building CXX object CMakeFiles/rmw_dds_common_library.dir/src/gid_utils.cpp.o
[3.275s] [ 69%] Building CXX object CMakeFiles/rmw_dds_common_library.dir/src/security.cpp.o
[3.562s] [ 69%] Built target rmw_dds_common__py
[3.574s] [ 70%] Building C object CMakeFiles/rmw_dds_common__rosidl_generator_py.dir/rosidl_generator_py/rmw_dds_common/msg/_gid_s.c.o
[3.574s] [ 73%] Building C object CMakeFiles/rmw_dds_common__rosidl_generator_py.dir/rosidl_generator_py/rmw_dds_common/msg/_participant_entities_info_s.c.o
[3.574s] [ 73%] Building C object CMakeFiles/rmw_dds_common__rosidl_generator_py.dir/rosidl_generator_py/rmw_dds_common/msg/_node_entities_info_s.c.o
[3.663s] [ 74%] Linking C shared library librmw_dds_common__rosidl_generator_py.so
[3.691s] [ 74%] Built target rmw_dds_common__rosidl_generator_py
[3.705s] [ 76%] Building C object CMakeFiles/rmw_dds_common_s__rosidl_typesupport_introspection_c.dir/rosidl_generator_py/rmw_dds_common/_rmw_dds_common_s.ep.rosidl_typesupport_introspection_c.c.o
[3.705s] [ 76%] Building C object CMakeFiles/rmw_dds_common_s__rosidl_typesupport_c.dir/rosidl_generator_py/rmw_dds_common/_rmw_dds_common_s.ep.rosidl_typesupport_c.c.o
[3.705s] [ 78%] Building C object CMakeFiles/rmw_dds_common_s__rosidl_typesupport_fastrtps_c.dir/rosidl_generator_py/rmw_dds_common/_rmw_dds_common_s.ep.rosidl_typesupport_fastrtps_c.c.o
[3.780s] [ 79%] Linking C shared module rosidl_generator_py/rmw_dds_common/rmw_dds_common_s__rosidl_typesupport_c.so
[3.781s] [ 80%] Linking C shared module rosidl_generator_py/rmw_dds_common/rmw_dds_common_s__rosidl_typesupport_introspection_c.so
[3.782s] [ 82%] Linking C shared module rosidl_generator_py/rmw_dds_common/rmw_dds_common_s__rosidl_typesupport_fastrtps_c.so
[3.802s] [ 82%] Built target rmw_dds_common_s__rosidl_typesupport_c
[3.803s] [ 82%] Built target rmw_dds_common_s__rosidl_typesupport_introspection_c
[3.806s] [ 82%] Built target rmw_dds_common_s__rosidl_typesupport_fastrtps_c
[4.160s] [ 83%] Linking CXX shared library librmw_dds_common.so
[4.239s] [ 83%] Built target rmw_dds_common_library
[4.253s] [ 84%] Building CXX object CMakeFiles/benchmark_graph_cache.dir/test/benchmark/benchmark_graph_cache.cpp.o
[4.666s] [ 85%] Linking CXX static library libgmock.a
[4.864s] [ 85%] Built target gmock
[4.908s] [ 87%] Building CXX object CMakeFiles/test_qos.dir/test/test_qos.cpp.o
[4.915s] [ 88%] Building CXX object CMakeFiles/test_graph_cache.dir/test/test_graph_cache.cpp.o
[4.946s] [ 89%] Building CXX object CMakeFiles/test_gid_utils.dir/test/test_gid_utils.cpp.o
[4.974s] [ 91%] Building CXX object CMakeFiles/test_time_utils.dir/test/test_time_utils.cpp.o
[4.979s] [ 92%] Building CXX object CMakeFiles/test_security.dir/test/test_security.cpp.o
[5.594s] [ 93%] Linking CXX executable benchmark_graph_cache
[5.781s] [ 93%] Built target benchmark_graph_cache
[6.052s] [ 94%] Linking CXX executable test_gid_utils
[6.111s] [ 96%] Linking CXX executable test_time_utils
[6.239s] [ 96%] Built target test_gid_utils
[6.341s] [ 96%] Built target test_time_utils
[6.366s] [ 97%] Linking CXX executable test_qos
[6.630s] [ 97%] Built target test_qos
[6.665s] [ 98%] Linking CXX executable test_security
[6.845s] [ 98%] Built target test_security
[8.335s] [100%] Linking CXX executable test_graph_cache
[8.812s] [100%] Built target test_graph_cache
[8.841s] Invoked command in '/workspace/jazzy_ws/build/rmw_dds_common' returned '0': AMENT_PREFIX_PATH=/workspace/jazzy_ws/install CMAKE_PREFIX_PATH=/workspace/jazzy_ws/install LD_LIBRARY_PATH=/workspace/jazzy_ws/install/lib:/workspace/jazzy_ws/install/opt/mimick_vendor/lib PATH=/workspace/jazzy_ws/install/bin:/workspace/jazzy_ws/install/opt/uncrustify_vendor/bin:${PATH} PKG_CONFIG_PATH=/workspace/jazzy_ws/install/lib/x86_64-linux-gnu/pkgconfig:/workspace/jazzy_ws/install/lib/pkgconfig PYTHONPATH=/workspace/jazzy_ws/install/lib/python3.12/site-packages /usr/bin/cmake --build /workspace/jazzy_ws/build/rmw_dds_common -- -j24 -l24
[8.841s] Invoking command in '/workspace/jazzy_ws/build/rmw_dds_common': AMENT_PREFIX_PATH=/workspace/jazzy_ws/install CMAKE_PREFIX_PATH=/workspace/jazzy_ws/install LD_LIBRARY_PATH=/workspace/jazzy_ws/install/lib:/workspace/jazzy_ws/install/opt/mimick_vendor/lib PATH=/workspace/jazzy_ws/install/bin:/workspace/jazzy_ws/install/opt/uncrustify_vendor/bin:${PATH} PKG_CONFIG_PATH=/workspace/jazzy_ws/install/lib/x86_64-linux-gnu/pkgconfig:/workspace/jazzy_ws/install/lib/pkgconfig PYTHONPATH=/workspace/jazzy_ws/install/lib/python3.12/site-packages /usr/bin/cmake --install /workspace/jazzy_ws/build/rmw_dds_common
[8.863s] -- Install configuration: ""
[8.863s] -- Installing: /workspace/jazzy_ws/install/share/ament_index/resource_index/rosidl_interfaces/rmw_dds_common
[8.864s] -- Installing: /workspace/jazzy_ws/install/share/rmw_dds_common/msg/Gid.json
[8.867s] -- Installing: /workspace/jazzy_ws/install/share/rmw_dds_common/msg/NodeEntitiesInfo.json
[8.867s] -- Installing: /workspace/jazzy_ws/install/share/rmw_dds_common/msg/ParticipantEntitiesInfo.json
[8.867s] -- Installing: /workspace/jazzy_ws/install/include/rmw_dds_common/rmw_dds_common
[8.867s] -- Installing: /workspace/jazzy_ws/install/include/rmw_dds_common/rmw_dds_common/msg
[8.871s] -- Installing: /workspace/jazzy_ws/install/include/rmw_dds_common/rmw_dds_common/msg/detail
[8.871s] -- Installing: /workspace/jazzy_ws/install/include/rmw_dds_common/rmw_dds_common/msg/detail/node_entities_info__type_support.c
[8.871s] -- Installing: /workspace/jazzy_ws/install/include/rmw_dds_common/rmw_dds_common/msg/detail/participant_entities_info__description.c
[8.871s] -- Installing: /workspace/jazzy_ws/install/include/rmw_dds_common/rmw_dds_common/msg/detail/gid__functions.c
[8.871s] -- Installing: /workspace/jazzy_ws/install/include/rmw_dds_common/rmw_dds_common/msg/detail/node_entities_info__struct.h
[8.871s] -- Installing: /workspace/jazzy_ws/install/include/rmw_dds_common/rmw_dds_common/msg/detail/node_entities_info__description.c
[8.871s] -- Installing: /workspace/jazzy_ws/install/include/rmw_dds_common/rmw_dds_common/msg/detail/gid__description.c
[8.871s] -- Installing: /workspace/jazzy_ws/install/include/rmw_dds_common/rmw_dds_common/msg/detail/participant_entities_info__type_support.h
[8.871s] -- Installing: /workspace/jazzy_ws/install/include/rmw_dds_common/rmw_dds_common/msg/detail/participant_entities_info__functions.c
[8.871s] -- Installing: /workspace/jazzy_ws/install/include/rmw_dds_common/rmw_dds_common/msg/detail/participant_entities_info__type_support.c
[8.871s] -- Installing: /workspace/jazzy_ws/install/include/rmw_dds_common/rmw_dds_common/msg/detail/gid__type_support.h
[8.871s] -- Installing: /workspace/jazzy_ws/install/include/rmw_dds_common/rmw_dds_common/msg/detail/node_entities_info__functions.c
[8.871s] -- Installing: /workspace/jazzy_ws/install/include/rmw_dds_common/rmw_dds_common/msg/detail/participant_entities_info__struct.h
[8.871s] -- Installing: /workspace/jazzy_ws/install/include/rmw_dds_common/rmw_dds_common/msg/detail/node_entities_info__type_support.h
[8.871s] -- Installing: /workspace/jazzy_ws/install/include/rmw_dds_common/rmw_dds_common/msg/detail/node_entities_info__functions.h
[8.871s] -- Installing: /workspace/jazzy_ws/install/include/rmw_dds_common/rmw_dds_common/msg/detail/participant_entities_info__functions.h
[8.871s] -- Installing: /workspace/jazzy_ws/install/include/rmw_dds_common/rmw_dds_common/msg/detail/gid__functions.h
[8.871s] -- Installing: /workspace/jazzy_ws/install/include/rmw_dds_common/rmw_dds_common/msg/detail/gid__struct.h
[8.871s] -- Installing: /workspace/jazzy_ws/install/include/rmw_dds_common/rmw_dds_common/msg/detail/gid__type_support.c
[8.871s] -- Installing: /workspace/jazzy_ws/install/include/rmw_dds_common/rmw_dds_common/msg/node_entities_info.h
[8.872s] -- Installing: /workspace/jazzy_ws/install/include/rmw_dds_common/rmw_dds_common/msg/gid.h
[8.872s] -- Installing: /workspace/jazzy_ws/install/include/rmw_dds_common/rmw_dds_common/msg/participant_entities_info.h
[8.872s] -- Installing: /workspace/jazzy_ws/install/include/rmw_dds_common/rmw_dds_common/msg/rosidl_generator_c__visibility_control.h
[8.872s] -- Installing: /workspace/jazzy_ws/install/share/rmw_dds_common/environment/library_path.sh
[8.872s] -- Installing: /workspace/jazzy_ws/install/share/rmw_dds_common/environment/library_path.dsv
[8.872s] -- Installing: /workspace/jazzy_ws/install/lib/librmw_dds_common__rosidl_generator_c.so
[8.881s] -- Set non-toolchain portion of runtime path of "/workspace/jazzy_ws/install/lib/librmw_dds_common__rosidl_generator_c.so" to ""
[8.881s] -- Up-to-date: /workspace/jazzy_ws/install/include/rmw_dds_common/rmw_dds_common
[8.882s] -- Up-to-date: /workspace/jazzy_ws/install/include/rmw_dds_common/rmw_dds_common/msg
[8.882s] -- Up-to-date: /workspace/jazzy_ws/install/include/rmw_dds_common/rmw_dds_common/msg/detail
[8.882s] -- Installing: /workspace/jazzy_ws/install/include/rmw_dds_common/rmw_dds_common/msg/detail/participant_entities_info__rosidl_typesupport_fastrtps_c.h
[8.882s] -- Installing: /workspace/jazzy_ws/install/include/rmw_dds_common/rmw_dds_common/msg/detail/gid__rosidl_typesupport_fastrtps_c.h
[8.882s] -- Installing: /workspace/jazzy_ws/install/include/rmw_dds_common/rmw_dds_common/msg/detail/node_entities_info__rosidl_typesupport_fastrtps_c.h
[8.882s] -- Installing: /workspace/jazzy_ws/install/include/rmw_dds_common/rmw_dds_common/msg/rosidl_typesupport_fastrtps_c__visibility_control.h
[8.882s] -- Installing: /workspace/jazzy_ws/install/lib/librmw_dds_common__rosidl_typesupport_fastrtps_c.so
[8.882s] -- Set non-toolchain portion of runtime path of "/workspace/jazzy_ws/install/lib/librmw_dds_common__rosidl_typesupport_fastrtps_c.so" to ""
[8.882s] -- Up-to-date: /workspace/jazzy_ws/install/include/rmw_dds_common/rmw_dds_common
[8.882s] -- Up-to-date: /workspace/jazzy_ws/install/include/rmw_dds_common/rmw_dds_common/msg
[8.882s] -- Up-to-date: /workspace/jazzy_ws/install/include/rmw_dds_common/rmw_dds_common/msg/detail
[8.882s] -- Installing: /workspace/jazzy_ws/install/include/rmw_dds_common/rmw_dds_common/msg/detail/node_entities_info__type_support.c
[8.882s] -- Installing: /workspace/jazzy_ws/install/include/rmw_dds_common/rmw_dds_common/msg/detail/gid__rosidl_typesupport_introspection_c.h
[8.882s] -- Installing: /workspace/jazzy_ws/install/include/rmw_dds_common/rmw_dds_common/msg/detail/participant_entities_info__type_support.c
[8.882s] -- Installing: /workspace/jazzy_ws/install/include/rmw_dds_common/rmw_dds_common/msg/detail/node_entities_info__rosidl_typesupport_introspection_c.h
[8.882s] -- Installing: /workspace/jazzy_ws/install/include/rmw_dds_common/rmw_dds_common/msg/detail/participant_entities_info__rosidl_typesupport_introspection_c.h
[8.882s] -- Installing: /workspace/jazzy_ws/install/include/rmw_dds_common/rmw_dds_common/msg/detail/gid__type_support.c
[8.882s] -- Installing: /workspace/jazzy_ws/install/include/rmw_dds_common/rmw_dds_common/msg/rosidl_typesupport_introspection_c__visibility_control.h
[8.882s] -- Installing: /workspace/jazzy_ws/install/lib/librmw_dds_common__rosidl_typesupport_introspection_c.so
[8.882s] -- Set non-toolchain portion of runtime path of "/workspace/jazzy_ws/install/lib/librmw_dds_common__rosidl_typesupport_introspection_c.so" to ""
[8.882s] -- Installing: /workspace/jazzy_ws/install/lib/librmw_dds_common__rosidl_typesupport_c.so
[8.882s] -- Set non-toolchain portion of runtime path of "/workspace/jazzy_ws/install/lib/librmw_dds_common__rosidl_typesupport_c.so" to ""
[8.882s] -- Up-to-date: /workspace/jazzy_ws/install/include/rmw_dds_common/rmw_dds_common
[8.883s] -- Up-to-date: /workspace/jazzy_ws/install/include/rmw_dds_common/rmw_dds_common/msg
[8.883s] -- Up-to-date: /workspace/jazzy_ws/install/include/rmw_dds_common/rmw_dds_common/msg/detail
[8.883s] -- Installing: /workspace/jazzy_ws/install/include/rmw_dds_common/rmw_dds_common/msg/detail/node_entities_info__type_support.hpp
[8.891s] -- Installing: /workspace/jazzy_ws/install/include/rmw_dds_common/rmw_dds_common/msg/detail/node_entities_info__builder.hpp
[8.891s] -- Installing: /workspace/jazzy_ws/install/include/rmw_dds_common/rmw_dds_common/msg/detail/node_entities_info__traits.hpp
[8.891s] -- Installing: /workspace/jazzy_ws/install/include/rmw_dds_common/rmw_dds_common/msg/detail/participant_entities_info__builder.hpp
[8.891s] -- Installing: /workspace/jazzy_ws/install/include/rmw_dds_common/rmw_dds_common/msg/detail/gid__traits.hpp
[8.891s] -- Installing: /workspace/jazzy_ws/install/include/rmw_dds_common/rmw_dds_common/msg/detail/gid__builder.hpp
[8.891s] -- Installing: /workspace/jazzy_ws/install/include/rmw_dds_common/rmw_dds_common/msg/detail/gid__type_support.hpp
[8.891s] -- Installing: /workspace/jazzy_ws/install/include/rmw_dds_common/rmw_dds_common/msg/detail/participant_entities_info__traits.hpp
[8.891s] -- Installing: /workspace/jazzy_ws/install/include/rmw_dds_common/rmw_dds_common/msg/detail/node_entities_info__struct.hpp
[8.891s] -- Installing: /workspace/jazzy_ws/install/include/rmw_dds_common/rmw_dds_common/msg/detail/participant_entities_info__type_support.hpp
[8.891s] -- Installing: /workspace/jazzy_ws/install/include/rmw_dds_common/rmw_dds_common/msg/detail/gid__struct.hpp
[8.891s] -- Installing: /workspace/jazzy_ws/install/include/rmw_dds_common/rmw_dds_common/msg/detail/participant_entities_info__struct.hpp
[8.891s] -- Installing: /workspace/jazzy_ws/install/include/rmw_dds_common/rmw_dds_common/msg/gid.hpp
[8.892s] -- Installing: /workspace/jazzy_ws/install/include/rmw_dds_common/rmw_dds_common/msg/rosidl_generator_cpp__visibility_control.hpp
[8.892s] -- Installing: /workspace/jazzy_ws/install/include/rmw_dds_common/rmw_dds_common/msg/participant_entities_info.hpp
[8.892s] -- Installing: /workspace/jazzy_ws/install/include/rmw_dds_common/rmw_dds_common/msg/node_entities_info.hpp
[8.892s] -- Up-to-date: /workspace/jazzy_ws/install/include/rmw_dds_common/rmw_dds_common
[8.904s] -- Up-to-date: /workspace/jazzy_ws/install/include/rmw_dds_common/rmw_dds_common/msg
[8.904s] -- Up-to-date: /workspace/jazzy_ws/install/include/rmw_dds_common/rmw_dds_common/msg/detail
[8.904s] -- Installing: /workspace/jazzy_ws/install/include/rmw_dds_common/rmw_dds_common/msg/detail/participant_entities_info__rosidl_typesupport_fastrtps_cpp.hpp
[8.904s] -- Installing: /workspace/jazzy_ws/install/include/rmw_dds_common/rmw_dds_common/msg/detail/node_entities_info__rosidl_typesupport_fastrtps_cpp.hpp
[8.904s] -- Installing: /workspace/jazzy_ws/install/include/rmw_dds_common/rmw_dds_common/msg/detail/dds_fastrtps
[8.904s] -- Installing: /workspace/jazzy_ws/install/include/rmw_dds_common/rmw_dds_common/msg/detail/gid__rosidl_typesupport_fastrtps_cpp.hpp
[8.904s] -- Installing: /workspace/jazzy_ws/install/include/rmw_dds_common/rmw_dds_common/msg/rosidl_typesupport_fastrtps_cpp__visibility_control.h
[8.905s] -- Installing: /workspace/jazzy_ws/install/lib/librmw_dds_common__rosidl_typesupport_fastrtps_cpp.so
[8.905s] -- Set non-toolchain portion of runtime path of "/workspace/jazzy_ws/install/lib/librmw_dds_common__rosidl_typesupport_fastrtps_cpp.so" to ""
[8.905s] -- Up-to-date: /workspace/jazzy_ws/install/include/rmw_dds_common/rmw_dds_common
[8.905s] -- Up-to-date: /workspace/jazzy_ws/install/include/rmw_dds_common/rmw_dds_common/msg
[8.905s] -- Up-to-date: /workspace/jazzy_ws/install/include/rmw_dds_common/rmw_dds_common/msg/detail
[8.905s] -- Installing: /workspace/jazzy_ws/install/include/rmw_dds_common/rmw_dds_common/msg/detail/node_entities_info__type_support.cpp
[8.905s] -- Installing: /workspace/jazzy_ws/install/include/rmw_dds_common/rmw_dds_common/msg/detail/participant_entities_info__type_support.cpp
[8.905s] -- Installing: /workspace/jazzy_ws/install/include/rmw_dds_common/rmw_dds_common/msg/detail/node_entities_info__rosidl_typesupport_introspection_cpp.hpp
[8.905s] -- Installing: /workspace/jazzy_ws/install/include/rmw_dds_common/rmw_dds_common/msg/detail/participant_entities_info__rosidl_typesupport_introspection_cpp.hpp
[8.905s] -- Installing: /workspace/jazzy_ws/install/include/rmw_dds_common/rmw_dds_common/msg/detail/gid__type_support.cpp
[8.905s] -- Installing: /workspace/jazzy_ws/install/include/rmw_dds_common/rmw_dds_common/msg/detail/gid__rosidl_typesupport_introspection_cpp.hpp
[8.905s] -- Installing: /workspace/jazzy_ws/install/lib/librmw_dds_common__rosidl_typesupport_introspection_cpp.so
[8.905s] -- Set non-toolchain portion of runtime path of "/workspace/jazzy_ws/install/lib/librmw_dds_common__rosidl_typesupport_introspection_cpp.so" to ""
[8.905s] -- Installing: /workspace/jazzy_ws/install/lib/librmw_dds_common__rosidl_typesupport_cpp.so
[8.905s] -- Set non-toolchain portion of runtime path of "/workspace/jazzy_ws/install/lib/librmw_dds_common__rosidl_typesupport_cpp.so" to ""
[8.905s] -- Installing: /workspace/jazzy_ws/install/share/rmw_dds_common/environment/pythonpath.sh
[8.905s] -- Installing: /workspace/jazzy_ws/install/share/rmw_dds_common/environment/pythonpath.dsv
[8.905s] -- Installing: /workspace/jazzy_ws/install/lib/python3.12/site-packages/rmw_dds_common-3.1.1-py3.12.egg-info
[8.905s] -- Installing: /workspace/jazzy_ws/install/lib/python3.12/site-packages/rmw_dds_common-3.1.1-py3.12.egg-info/PKG-INFO
[8.905s] -- Installing: /workspace/jazzy_ws/install/lib/python3.12/site-packages/rmw_dds_common-3.1.1-py3.12.egg-info/SOURCES.txt
[8.905s] -- Installing: /workspace/jazzy_ws/install/lib/python3.12/site-packages/rmw_dds_common-3.1.1-py3.12.egg-info/top_level.txt
[8.905s] -- Installing: /workspace/jazzy_ws/install/lib/python3.12/site-packages/rmw_dds_common-3.1.1-py3.12.egg-info/dependency_links.txt
[8.905s] -- Installing: /workspace/jazzy_ws/install/lib/python3.12/site-packages/rmw_dds_common
[8.905s] -- Installing: /workspace/jazzy_ws/install/lib/python3.12/site-packages/rmw_dds_common/rmw_dds_common_s__rosidl_typesupport_introspection_c.so
[8.905s] -- Installing: /workspace/jazzy_ws/install/lib/python3.12/site-packages/rmw_dds_common/msg
[8.911s] -- Installing: /workspace/jazzy_ws/install/lib/python3.12/site-packages/rmw_dds_common/msg/_gid_s.c
[8.911s] -- Installing: /workspace/jazzy_ws/install/lib/python3.12/site-packages/rmw_dds_common/msg/__init__.py
[8.911s] -- Installing: /workspace/jazzy_ws/install/lib/python3.12/site-packages/rmw_dds_common/msg/_participant_entities_info_s.c
[8.912s] -- Installing: /workspace/jazzy_ws/install/lib/python3.12/site-packages/rmw_dds_common/msg/_participant_entities_info.py
[8.912s] -- Installing: /workspace/jazzy_ws/install/lib/python3.12/site-packages/rmw_dds_common/msg/_gid.py
[8.912s] -- Installing: /workspace/jazzy_ws/install/lib/python3.12/site-packages/rmw_dds_common/msg/_node_entities_info_s.c
[8.912s] -- Installing: /workspace/jazzy_ws/install/lib/python3.12/site-packages/rmw_dds_common/msg/_node_entities_info.py
[8.912s] -- Installing: /workspace/jazzy_ws/install/lib/python3.12/site-packages/rmw_dds_common/__init__.py
[8.912s] -- Installing: /workspace/jazzy_ws/install/lib/python3.12/site-packages/rmw_dds_common/_rmw_dds_common_s.ep.rosidl_typesupport_fastrtps_c.c
[8.912s] -- Installing: /workspace/jazzy_ws/install/lib/python3.12/site-packages/rmw_dds_common/rmw_dds_common_s__rosidl_typesupport_c.so
[8.912s] -- Installing: /workspace/jazzy_ws/install/lib/python3.12/site-packages/rmw_dds_common/_rmw_dds_common_s.ep.rosidl_typesupport_c.c
[8.912s] -- Installing: /workspace/jazzy_ws/install/lib/python3.12/site-packages/rmw_dds_common/_rmw_dds_common_s.ep.rosidl_typesupport_introspection_c.c
[8.912s] -- Installing: /workspace/jazzy_ws/install/lib/python3.12/site-packages/rmw_dds_common/rmw_dds_common_s__rosidl_typesupport_fastrtps_c.so
[9.032s] Listing '/workspace/jazzy_ws/install/lib/python3.12/site-packages/rmw_dds_common'...
[9.032s] Compiling '/workspace/jazzy_ws/install/lib/python3.12/site-packages/rmw_dds_common/__init__.py'...
[9.032s] Listing '/workspace/jazzy_ws/install/lib/python3.12/site-packages/rmw_dds_common/msg'...
[9.032s] Compiling '/workspace/jazzy_ws/install/lib/python3.12/site-packages/rmw_dds_common/msg/__init__.py'...
[9.032s] Compiling '/workspace/jazzy_ws/install/lib/python3.12/site-packages/rmw_dds_common/msg/_gid.py'...
[9.032s] Compiling '/workspace/jazzy_ws/install/lib/python3.12/site-packages/rmw_dds_common/msg/_node_entities_info.py'...
[9.033s] Compiling '/workspace/jazzy_ws/install/lib/python3.12/site-packages/rmw_dds_common/msg/_participant_entities_info.py'...
[9.060s] -- Installing: /workspace/jazzy_ws/install/lib/python3.12/site-packages/rmw_dds_common/rmw_dds_common_s__rosidl_typesupport_fastrtps_c.so
[9.061s] -- Set non-toolchain portion of runtime path of "/workspace/jazzy_ws/install/lib/python3.12/site-packages/rmw_dds_common/rmw_dds_common_s__rosidl_typesupport_fastrtps_c.so" to ""
[9.061s] -- Installing: /workspace/jazzy_ws/install/lib/python3.12/site-packages/rmw_dds_common/rmw_dds_common_s__rosidl_typesupport_introspection_c.so
[9.061s] -- Set non-toolchain portion of runtime path of "/workspace/jazzy_ws/install/lib/python3.12/site-packages/rmw_dds_common/rmw_dds_common_s__rosidl_typesupport_introspection_c.so" to ""
[9.061s] -- Installing: /workspace/jazzy_ws/install/lib/python3.12/site-packages/rmw_dds_common/rmw_dds_common_s__rosidl_typesupport_c.so
[9.061s] -- Set non-toolchain portion of runtime path of "/workspace/jazzy_ws/install/lib/python3.12/site-packages/rmw_dds_common/rmw_dds_common_s__rosidl_typesupport_c.so" to ""
[9.061s] -- Installing: /workspace/jazzy_ws/install/lib/librmw_dds_common__rosidl_generator_py.so
[9.061s] -- Set non-toolchain portion of runtime path of "/workspace/jazzy_ws/install/lib/librmw_dds_common__rosidl_generator_py.so" to ""
[9.061s] -- Installing: /workspace/jazzy_ws/install/share/rmw_dds_common/msg/Gid.idl
[9.061s] -- Installing: /workspace/jazzy_ws/install/share/rmw_dds_common/msg/NodeEntitiesInfo.idl
[9.061s] -- Installing: /workspace/jazzy_ws/install/share/rmw_dds_common/msg/ParticipantEntitiesInfo.idl
[9.061s] -- Installing: /workspace/jazzy_ws/install/share/rmw_dds_common/msg/Gid.msg
[9.061s] -- Installing: /workspace/jazzy_ws/install/share/rmw_dds_common/msg/NodeEntitiesInfo.msg
[9.061s] -- Installing: /workspace/jazzy_ws/install/share/rmw_dds_common/msg/ParticipantEntitiesInfo.msg
[9.061s] -- Installing: /workspace/jazzy_ws/install/lib/librmw_dds_common.so
[9.069s] -- Set non-toolchain portion of runtime path of "/workspace/jazzy_ws/install/lib/librmw_dds_common.so" to ""
[9.069s] -- Up-to-date: /workspace/jazzy_ws/install/include/rmw_dds_common
[9.069s] -- Up-to-date: /workspace/jazzy_ws/install/include/rmw_dds_common/rmw_dds_common
[9.074s] -- Installing: /workspace/jazzy_ws/install/include/rmw_dds_common/rmw_dds_common/time_utils.hpp
[9.074s] -- Installing: /workspace/jazzy_ws/install/include/rmw_dds_common/rmw_dds_common/qos.hpp
[9.074s] -- Installing: /workspace/jazzy_ws/install/include/rmw_dds_common/rmw_dds_common/visibility_control.h
[9.075s] -- Installing: /workspace/jazzy_ws/install/include/rmw_dds_common/rmw_dds_common/graph_cache.hpp
[9.075s] -- Installing: /workspace/jazzy_ws/install/include/rmw_dds_common/rmw_dds_common/context.hpp
[9.075s] -- Installing: /workspace/jazzy_ws/install/include/rmw_dds_common/rmw_dds_common/gid_utils.hpp
[9.075s] -- Installing: /workspace/jazzy_ws/install/include/rmw_dds_common/rmw_dds_common/security.hpp
[9.075s] -- Installing: /workspace/jazzy_ws/install/share/ament_index/resource_index/package_run_dependencies/rmw_dds_common
[9.075s] -- Installing: /workspace/jazzy_ws/install/share/ament_index/resource_index/parent_prefix_path/rmw_dds_common
[9.075s] -- Installing: /workspace/jazzy_ws/install/share/rmw_dds_common/environment/ament_prefix_path.sh
[9.075s] -- Installing: /workspace/jazzy_ws/install/share/rmw_dds_common/environment/ament_prefix_path.dsv
[9.075s] -- Installing: /workspace/jazzy_ws/install/share/rmw_dds_common/environment/path.sh
[9.075s] -- Installing: /workspace/jazzy_ws/install/share/rmw_dds_common/environment/path.dsv
[9.075s] -- Installing: /workspace/jazzy_ws/install/share/rmw_dds_common/local_setup.bash
[9.075s] -- Installing: /workspace/jazzy_ws/install/share/rmw_dds_common/local_setup.sh
[9.075s] -- Installing: /workspace/jazzy_ws/install/share/rmw_dds_common/local_setup.zsh
[9.075s] -- Installing: /workspace/jazzy_ws/install/share/rmw_dds_common/local_setup.dsv
[9.075s] -- Installing: /workspace/jazzy_ws/install/share/rmw_dds_common/package.dsv
[9.075s] -- Installing: /workspace/jazzy_ws/install/share/ament_index/resource_index/packages/rmw_dds_common
[9.075s] -- Installing: /workspace/jazzy_ws/install/share/rmw_dds_common/cmake/export_rmw_dds_common__rosidl_generator_cExport.cmake
[9.075s] -- Installing: /workspace/jazzy_ws/install/share/rmw_dds_common/cmake/export_rmw_dds_common__rosidl_generator_cExport-noconfig.cmake
[9.078s] -- Installing: /workspace/jazzy_ws/install/share/rmw_dds_common/cmake/export_rmw_dds_common__rosidl_typesupport_fastrtps_cExport.cmake
[9.078s] -- Installing: /workspace/jazzy_ws/install/share/rmw_dds_common/cmake/export_rmw_dds_common__rosidl_typesupport_fastrtps_cExport-noconfig.cmake
[9.078s] -- Installing: /workspace/jazzy_ws/install/share/rmw_dds_common/cmake/rmw_dds_common__rosidl_typesupport_introspection_cExport.cmake
[9.078s] -- Installing: /workspace/jazzy_ws/install/share/rmw_dds_common/cmake/rmw_dds_common__rosidl_typesupport_introspection_cExport-noconfig.cmake
[9.078s] -- Installing: /workspace/jazzy_ws/install/share/rmw_dds_common/cmake/rmw_dds_common__rosidl_typesupport_cExport.cmake
[9.079s] -- Installing: /workspace/jazzy_ws/install/share/rmw_dds_common/cmake/rmw_dds_common__rosidl_typesupport_cExport-noconfig.cmake
[9.079s] -- Installing: /workspace/jazzy_ws/install/share/rmw_dds_common/cmake/export_rmw_dds_common__rosidl_generator_cppExport.cmake
[9.079s] -- Installing: /workspace/jazzy_ws/install/share/rmw_dds_common/cmake/export_rmw_dds_common__rosidl_typesupport_fastrtps_cppExport.cmake
[9.079s] -- Installing: /workspace/jazzy_ws/install/share/rmw_dds_common/cmake/export_rmw_dds_common__rosidl_typesupport_fastrtps_cppExport-noconfig.cmake
[9.079s] -- Installing: /workspace/jazzy_ws/install/share/rmw_dds_common/cmake/rmw_dds_common__rosidl_typesupport_introspection_cppExport.cmake
[9.079s] -- Installing: /workspace/jazzy_ws/install/share/rmw_dds_common/cmake/rmw_dds_common__rosidl_typesupport_introspection_cppExport-noconfig.cmake
[9.079s] -- Installing: /workspace/jazzy_ws/install/share/rmw_dds_common/cmake/rmw_dds_common__rosidl_typesupport_cppExport.cmake
[9.079s] -- Installing: /workspace/jazzy_ws/install/share/rmw_dds_common/cmake/rmw_dds_common__rosidl_typesupport_cppExport-noconfig.cmake
[9.079s] -- Installing: /workspace/jazzy_ws/install/share/rmw_dds_common/cmake/export_rmw_dds_common__rosidl_generator_pyExport.cmake
[9.079s] -- Installing: /workspace/jazzy_ws/install/share/rmw_dds_common/cmake/export_rmw_dds_common__rosidl_generator_pyExport-noconfig.cmake
[9.079s] -- Installing: /workspace/jazzy_ws/install/share/rmw_dds_common/cmake/rmw_dds_common_libraryExport.cmake
[9.079s] -- Installing: /workspace/jazzy_ws/install/share/rmw_dds_common/cmake/rmw_dds_common_libraryExport-noconfig.cmake
[9.079s] -- Installing: /workspace/jazzy_ws/install/share/rmw_dds_common/cmake/ament_cmake_export_dependencies-extras.cmake
[9.079s] -- Installing: /workspace/jazzy_ws/install/share/rmw_dds_common/cmake/rosidl_cmake-extras.cmake
[9.079s] -- Installing: /workspace/jazzy_ws/install/share/rmw_dds_common/cmake/ament_cmake_export_include_directories-extras.cmake
[9.079s] -- Installing: /workspace/jazzy_ws/install/share/rmw_dds_common/cmake/ament_cmake_export_libraries-extras.cmake
[9.079s] -- Installing: /workspace/jazzy_ws/install/share/rmw_dds_common/cmake/ament_cmake_export_targets-extras.cmake
[9.079s] -- Installing: /workspace/jazzy_ws/install/share/rmw_dds_common/cmake/rosidl_cmake_export_typesupport_targets-extras.cmake
[9.084s] -- Installing: /workspace/jazzy_ws/install/share/rmw_dds_common/cmake/rosidl_cmake_export_typesupport_libraries-extras.cmake
[9.084s] -- Installing: /workspace/jazzy_ws/install/share/rmw_dds_common/cmake/rmw_dds_commonConfig.cmake
[9.084s] -- Installing: /workspace/jazzy_ws/install/share/rmw_dds_common/cmake/rmw_dds_commonConfig-version.cmake
[9.084s] -- Installing: /workspace/jazzy_ws/install/share/rmw_dds_common/package.xml
[9.088s] Invoked command in '/workspace/jazzy_ws/build/rmw_dds_common' returned '0': AMENT_PREFIX_PATH=/workspace/jazzy_ws/install CMAKE_PREFIX_PATH=/workspace/jazzy_ws/install LD_LIBRARY_PATH=/workspace/jazzy_ws/install/lib:/workspace/jazzy_ws/install/opt/mimick_vendor/lib PATH=/workspace/jazzy_ws/install/bin:/workspace/jazzy_ws/install/opt/uncrustify_vendor/bin:${PATH} PKG_CONFIG_PATH=/workspace/jazzy_ws/install/lib/x86_64-linux-gnu/pkgconfig:/workspace/jazzy_ws/install/lib/pkgconfig PYTHONPATH=/workspace/jazzy_ws/install/lib/python3.12/site-packages /usr/bin/cmake --install /workspace/jazzy_ws/build/rmw_dds_common
