[0.020s] Invoking command in '/workspace/jazzy_ws/build/pybind11_vendor': AMENT_PREFIX_PATH=/workspace/jazzy_ws/install CMAKE_PREFIX_PATH=/workspace/jazzy_ws/install LD_LIBRARY_PATH=/workspace/jazzy_ws/install/lib PATH=/workspace/jazzy_ws/install/bin:${PATH} PKG_CONFIG_PATH=/workspace/jazzy_ws/install/lib/x86_64-linux-gnu/pkgconfig:/workspace/jazzy_ws/install/lib/pkgconfig PYTHONPATH=/workspace/jazzy_ws/install/lib/python3.12/site-packages /usr/bin/cmake /workspace/jazzy_ws/src/pybind11_vendor -DCMAKE_INSTALL_PREFIX=/workspace/jazzy_ws/install
[0.053s] -- The CXX compiler identification is GNU 13.3.0
[0.061s] -- Detecting CXX compiler ABI info
[0.109s] -- Detecting CXX compiler ABI info - done
[0.115s] -- Check for working CXX compiler: /usr/bin/c++ - skipped
[0.115s] -- Detecting CXX compile features
[0.115s] -- Detecting CXX compile features - done
[0.116s] -- Found ament_cmake: 2.5.5 (/workspace/jazzy_ws/install/share/ament_cmake/cmake)
[0.181s] -- Found Python3: /usr/bin/python3 (found version "3.12.3") found components: Interpreter 
[0.230s] -- Found ament_cmake_vendor_package: 2.5.5 (/workspace/jazzy_ws/install/share/ament_cmake_vendor_package/cmake)
[0.251s] -- Performing Test HAS_FLTO_AUTO
[0.318s] -- Performing Test HAS_FLTO_AUTO - Success
[0.318s] -- Skipping vendor package build for 'pybind11_vendor', which is already satisfied
[0.366s] -- Configuring done (0.3s)
[0.368s] -- Generating done (0.0s)
[0.368s] -- Build files have been written to: /workspace/jazzy_ws/build/pybind11_vendor
[0.370s] Invoked command in '/workspace/jazzy_ws/build/pybind11_vendor' returned '0': AMENT_PREFIX_PATH=/workspace/jazzy_ws/install CMAKE_PREFIX_PATH=/workspace/jazzy_ws/install LD_LIBRARY_PATH=/workspace/jazzy_ws/install/lib PATH=/workspace/jazzy_ws/install/bin:${PATH} PKG_CONFIG_PATH=/workspace/jazzy_ws/install/lib/x86_64-linux-gnu/pkgconfig:/workspace/jazzy_ws/install/lib/pkgconfig PYTHONPATH=/workspace/jazzy_ws/install/lib/python3.12/site-packages /usr/bin/cmake /workspace/jazzy_ws/src/pybind11_vendor -DCMAKE_INSTALL_PREFIX=/workspace/jazzy_ws/install
[0.371s] Invoking command in '/workspace/jazzy_ws/build/pybind11_vendor': AMENT_PREFIX_PATH=/workspace/jazzy_ws/install CMAKE_PREFIX_PATH=/workspace/jazzy_ws/install LD_LIBRARY_PATH=/workspace/jazzy_ws/install/lib PATH=/workspace/jazzy_ws/install/bin:${PATH} PKG_CONFIG_PATH=/workspace/jazzy_ws/install/lib/x86_64-linux-gnu/pkgconfig:/workspace/jazzy_ws/install/lib/pkgconfig PYTHONPATH=/workspace/jazzy_ws/install/lib/python3.12/site-packages /usr/bin/cmake --build /workspace/jazzy_ws/build/pybind11_vendor -- -j24 -l24
[0.389s] Invoked command in '/workspace/jazzy_ws/build/pybind11_vendor' returned '0': AMENT_PREFIX_PATH=/workspace/jazzy_ws/install CMAKE_PREFIX_PATH=/workspace/jazzy_ws/install LD_LIBRARY_PATH=/workspace/jazzy_ws/install/lib PATH=/workspace/jazzy_ws/install/bin:${PATH} PKG_CONFIG_PATH=/workspace/jazzy_ws/install/lib/x86_64-linux-gnu/pkgconfig:/workspace/jazzy_ws/install/lib/pkgconfig PYTHONPATH=/workspace/jazzy_ws/install/lib/python3.12/site-packages /usr/bin/cmake --build /workspace/jazzy_ws/build/pybind11_vendor -- -j24 -l24
[0.390s] Invoking command in '/workspace/jazzy_ws/build/pybind11_vendor': AMENT_PREFIX_PATH=/workspace/jazzy_ws/install CMAKE_PREFIX_PATH=/workspace/jazzy_ws/install LD_LIBRARY_PATH=/workspace/jazzy_ws/install/lib PATH=/workspace/jazzy_ws/install/bin:${PATH} PKG_CONFIG_PATH=/workspace/jazzy_ws/install/lib/x86_64-linux-gnu/pkgconfig:/workspace/jazzy_ws/install/lib/pkgconfig PYTHONPATH=/workspace/jazzy_ws/install/lib/python3.12/site-packages /usr/bin/cmake --install /workspace/jazzy_ws/build/pybind11_vendor
[0.393s] -- Install configuration: ""
[0.393s] -- Installing: /workspace/jazzy_ws/install/share/ament_index/resource_index/package_run_dependencies/pybind11_vendor
[0.393s] -- Installing: /workspace/jazzy_ws/install/share/ament_index/resource_index/parent_prefix_path/pybind11_vendor
[0.393s] -- Installing: /workspace/jazzy_ws/install/share/pybind11_vendor/environment/ament_prefix_path.sh
[0.393s] -- Installing: /workspace/jazzy_ws/install/share/pybind11_vendor/environment/ament_prefix_path.dsv
[0.394s] -- Installing: /workspace/jazzy_ws/install/share/pybind11_vendor/environment/path.sh
[0.394s] -- Installing: /workspace/jazzy_ws/install/share/pybind11_vendor/environment/path.dsv
[0.394s] -- Installing: /workspace/jazzy_ws/install/share/pybind11_vendor/local_setup.bash
[0.394s] -- Installing: /workspace/jazzy_ws/install/share/pybind11_vendor/local_setup.sh
[0.394s] -- Installing: /workspace/jazzy_ws/install/share/pybind11_vendor/local_setup.zsh
[0.394s] -- Installing: /workspace/jazzy_ws/install/share/pybind11_vendor/local_setup.dsv
[0.394s] -- Installing: /workspace/jazzy_ws/install/share/pybind11_vendor/package.dsv
[0.394s] -- Installing: /workspace/jazzy_ws/install/share/ament_index/resource_index/packages/pybind11_vendor
[0.394s] -- Installing: /workspace/jazzy_ws/install/share/pybind11_vendor/cmake/pybind11_vendor-extras.cmake
[0.394s] -- Installing: /workspace/jazzy_ws/install/share/pybind11_vendor/cmake/pybind11_vendorConfig.cmake
[0.394s] -- Installing: /workspace/jazzy_ws/install/share/pybind11_vendor/cmake/pybind11_vendorConfig-version.cmake
[0.394s] -- Installing: /workspace/jazzy_ws/install/share/pybind11_vendor/package.xml
[0.395s] Invoked command in '/workspace/jazzy_ws/build/pybind11_vendor' returned '0': AMENT_PREFIX_PATH=/workspace/jazzy_ws/install CMAKE_PREFIX_PATH=/workspace/jazzy_ws/install LD_LIBRARY_PATH=/workspace/jazzy_ws/install/lib PATH=/workspace/jazzy_ws/install/bin:${PATH} PKG_CONFIG_PATH=/workspace/jazzy_ws/install/lib/x86_64-linux-gnu/pkgconfig:/workspace/jazzy_ws/install/lib/pkgconfig PYTHONPATH=/workspace/jazzy_ws/install/lib/python3.12/site-packages /usr/bin/cmake --install /workspace/jazzy_ws/build/pybind11_vendor
