-- The C compiler identification is GNU 13.3.0
-- The CXX compiler identification is GNU 13.3.0
-- Detecting C compiler ABI info
-- Detecting C compiler ABI info - done
-- Check for working C compiler: /usr/bin/cc - skipped
-- Detecting C compile features
-- Detecting C compile features - done
-- Detecting CXX compiler ABI info
-- Detecting CXX compiler ABI info - done
-- Check for working CXX compiler: /usr/bin/c++ - skipped
-- Detecting CXX compile features
-- Detecting CXX compile features - done
-- Found ament_cmake: 2.5.5 (/workspace/jazzy_ws/install/share/ament_cmake/cmake)
-- Found Python3: /usr/bin/python3 (found version "3.12.3") found components: Interpreter 
-- Found rcutils: 6.7.5 (/workspace/jazzy_ws/install/share/rcutils/cmake)
-- Found rcpputils: 2.11.3 (/workspace/jazzy_ws/install/share/rcpputils/cmake)
-- Found rmw: 7.3.3 (/workspace/jazzy_ws/install/share/rmw/cmake)
-- Found rmw_dds_common: 3.1.1 (/workspace/jazzy_ws/install/share/rmw_dds_common/cmake)
-- Found rosidl_generator_c: 4.6.7 (/workspace/jazzy_ws/install/share/rosidl_generator_c/cmake)
-- Found rosidl_generator_cpp: 4.6.7 (/workspace/jazzy_ws/install/share/rosidl_generator_cpp/cmake)
-- Using all available rosidl_typesupport_c: rosidl_typesupport_fastrtps_c;rosidl_typesupport_introspection_c
-- Using all available rosidl_typesupport_cpp: rosidl_typesupport_fastrtps_cpp;rosidl_typesupport_introspection_cpp
-- Found tracetools: 8.2.5 (/workspace/jazzy_ws/install/share/tracetools/cmake)
-- Found rti_connext_dds_cmake_module: 0.22.3 (/workspace/jazzy_ws/install/share/rti_connext_dds_cmake_module/cmake)
-- Loaded RTI Connext DDS environment:
-- - RTI Connext DDS Professional:
--   - Found: false
--   - Version: 
--   - Directory: 
--   - Architecture: 
-- - RTI Connext DDS Micro:
--   - Found: false
--   - Version: 
--   - Directory: 
--   - Architecture: 
-- no CONNEXTDDS_DIR nor NDDSHOME specified
-- Invalid CONNEXTDDS_DIR = ''
-- RTI Connext DDS Professional not found. Skipping library rmw_connextdds_common_pro
-- Invalid CONNEXTDDS_DIR = ''
-- Invalid RTIMEHOME = ''
-- RTIMEHOME not found
-- RTI Connext DDS Micro not found. Skipping library rmw_connextdds_common_micro
-- Found ament_lint_auto: 0.17.4 (/workspace/jazzy_ws/install/share/ament_lint_auto/cmake)
-- Added test 'copyright' to check source files copyright and LICENSE
-- Added test 'cppcheck' to perform static code analysis on C / C++ code
-- Configured cppcheck include dirs: 
-- Configured cppcheck exclude dirs and/or files: 
-- Added test 'cpplint' to check C / C++ code against the Google style
-- Configured cpplint exclude dirs and/or files: 
-- Added test 'lint_cmake' to check CMake code style
-- Added test 'uncrustify' to check C / C++ code style
-- Configured uncrustify additional arguments: 
-- Added test 'xmllint' to check XML markup files
-- Configuring done (1.7s)
-- Generating done (0.0s)
-- Build files have been written to: /workspace/jazzy_ws/build/rmw_connextdds_common
-- Install configuration: "Release"
-- Up-to-date: /workspace/jazzy_ws/install/include
-- Installing: /workspace/jazzy_ws/install/include/rmw_connextdds
-- Installing: /workspace/jazzy_ws/install/include/rmw_connextdds/discovery.hpp
-- Installing: /workspace/jazzy_ws/install/include/rmw_connextdds/rmw_api_impl.hpp
-- Installing: /workspace/jazzy_ws/install/include/rmw_connextdds/demangle.hpp
-- Installing: /workspace/jazzy_ws/install/include/rmw_connextdds/dds_api_rtime.hpp
-- Installing: /workspace/jazzy_ws/install/include/rmw_connextdds/visibility_control.h
-- Installing: /workspace/jazzy_ws/install/include/rmw_connextdds/dds_api.hpp
-- Installing: /workspace/jazzy_ws/install/include/rmw_connextdds/resource_limits.hpp
-- Installing: /workspace/jazzy_ws/install/include/rmw_connextdds/graph_cache.hpp
-- Installing: /workspace/jazzy_ws/install/include/rmw_connextdds/context.hpp
-- Installing: /workspace/jazzy_ws/install/include/rmw_connextdds/rmw_waitset_std.hpp
-- Installing: /workspace/jazzy_ws/install/include/rmw_connextdds/rmw_impl.hpp
-- Installing: /workspace/jazzy_ws/install/include/rmw_connextdds/custom_sql_filter.hpp
-- Installing: /workspace/jazzy_ws/install/include/rmw_connextdds/namespace_prefix.hpp
-- Installing: /workspace/jazzy_ws/install/include/rmw_connextdds/rtime_ext.h
-- Installing: /workspace/jazzy_ws/install/include/rmw_connextdds/static_config.hpp
-- Installing: /workspace/jazzy_ws/install/include/rmw_connextdds/type_support.hpp
-- Installing: /workspace/jazzy_ws/install/include/rmw_connextdds/scope_exit.hpp
-- Installing: /workspace/jazzy_ws/install/include/rmw_connextdds/log.hpp
-- Installing: /workspace/jazzy_ws/install/include/rmw_connextdds/typecode.hpp
-- Installing: /workspace/jazzy_ws/install/include/rmw_connextdds/dds_api_ndds.hpp
-- Installing: /workspace/jazzy_ws/install/share/ament_index/resource_index/package_run_dependencies/rmw_connextdds_common
-- Installing: /workspace/jazzy_ws/install/share/ament_index/resource_index/parent_prefix_path/rmw_connextdds_common
-- Installing: /workspace/jazzy_ws/install/share/rmw_connextdds_common/environment/ament_prefix_path.sh
-- Installing: /workspace/jazzy_ws/install/share/rmw_connextdds_common/environment/ament_prefix_path.dsv
-- Installing: /workspace/jazzy_ws/install/share/rmw_connextdds_common/environment/path.sh
-- Installing: /workspace/jazzy_ws/install/share/rmw_connextdds_common/environment/path.dsv
-- Installing: /workspace/jazzy_ws/install/share/rmw_connextdds_common/local_setup.bash
-- Installing: /workspace/jazzy_ws/install/share/rmw_connextdds_common/local_setup.sh
-- Installing: /workspace/jazzy_ws/install/share/rmw_connextdds_common/local_setup.zsh
-- Installing: /workspace/jazzy_ws/install/share/rmw_connextdds_common/local_setup.dsv
-- Installing: /workspace/jazzy_ws/install/share/rmw_connextdds_common/package.dsv
-- Installing: /workspace/jazzy_ws/install/share/ament_index/resource_index/packages/rmw_connextdds_common
-- Installing: /workspace/jazzy_ws/install/share/rmw_connextdds_common/cmake/ament_cmake_export_dependencies-extras.cmake
-- Installing: /workspace/jazzy_ws/install/share/rmw_connextdds_common/cmake/rmw_connextdds_commonConfig.cmake
-- Installing: /workspace/jazzy_ws/install/share/rmw_connextdds_common/cmake/rmw_connextdds_commonConfig-version.cmake
-- Installing: /workspace/jazzy_ws/install/share/rmw_connextdds_common/package.xml
