-- The C compiler identification is GNU 13.3.0
-- The CXX compiler identification is GNU 13.3.0
-- Detecting C compiler ABI info
-- Detecting C compiler ABI info - done
-- Check for working C compiler: /usr/bin/cc - skipped
-- Detecting C compile features
-- Detecting C compile features - done
-- Detecting CXX compiler ABI info
-- Detecting CXX compiler ABI info - done
-- Check for working CXX compiler: /usr/bin/c++ - skipped
-- Detecting CXX compile features
-- Detecting CXX compile features - done
-- Found ament_cmake_ros: 0.12.0 (/workspace/jazzy_ws/install/share/ament_cmake_ros/cmake)
-- Found Python3: /usr/bin/python3 (found version "3.12.3") found components: Interpreter 
-- Found rosidl_dynamic_typesupport: 0.1.2 (/workspace/jazzy_ws/install/share/rosidl_dynamic_typesupport/cmake)
-- Found rcpputils: 2.11.3 (/workspace/jazzy_ws/install/share/rcpputils/cmake)
-- Found rmw_dds_common: 3.1.1 (/workspace/jazzy_ws/install/share/rmw_dds_common/cmake)
-- Found rosidl_generator_c: 4.6.7 (/workspace/jazzy_ws/install/share/rosidl_generator_c/cmake)
-- Found rosidl_generator_cpp: 4.6.7 (/workspace/jazzy_ws/install/share/rosidl_generator_cpp/cmake)
-- Using all available rosidl_typesupport_c: rosidl_typesupport_fastrtps_c;rosidl_typesupport_introspection_c
-- Using all available rosidl_typesupport_cpp: rosidl_typesupport_fastrtps_cpp;rosidl_typesupport_introspection_cpp
-- Found tracetools: 8.2.5 (/workspace/jazzy_ws/install/share/tracetools/cmake)
-- Found OpenSSL: /usr/lib/x86_64-linux-gnu/libcrypto.so (found version "3.0.13")  
-- Found FastRTPS: /workspace/jazzy_ws/install/include (Required is at least version "2.13") 
-- Found ament_lint_auto: 0.17.4 (/workspace/jazzy_ws/install/share/ament_lint_auto/cmake)
-- Found gtest sources under '/workspace/jazzy_ws/install/src/gtest_vendor': C++ tests using 'Google Test' will be built
-- Performing Test CMAKE_HAVE_LIBC_PTHREAD
-- Performing Test CMAKE_HAVE_LIBC_PTHREAD - Success
-- Found Threads: TRUE  
-- Found gmock sources under '/workspace/jazzy_ws/install/src/gmock_vendor': C++ tests using 'Google Mock' will be built
-- Added test 'copyright' to check source files copyright and LICENSE
-- Added test 'cppcheck' to perform static code analysis on C / C++ code
-- Configured cppcheck include dirs: $<BUILD_INTERFACE:/workspace/jazzy_ws/src/rmw_fastrtps/rmw_fastrtps_shared_cpp/include>
-- Configured cppcheck exclude dirs and/or files: 
-- Added test 'cpplint' to check C / C++ code against the Google style
-- Configured cpplint exclude dirs and/or files: 
-- Added test 'lint_cmake' to check CMake code style
-- Added test 'uncrustify' to check C / C++ code style
-- Configured uncrustify additional arguments: 
-- Added test 'xmllint' to check XML markup files
-- Configuring done (2.1s)
-- Generating done (0.0s)
-- Build files have been written to: /workspace/jazzy_ws/build/rmw_fastrtps_shared_cpp
[  1%] Building CXX object gtest/CMakeFiles/gtest_main.dir/src/gtest_main.cc.o
[  2%] Building CXX object gmock/CMakeFiles/gmock.dir/src/gmock-all.cc.o
[  4%] Building CXX object gmock/CMakeFiles/gmock.dir/workspace/jazzy_ws/install/src/gtest_vendor/src/gtest-all.cc.o
[  5%] Building CXX object CMakeFiles/rmw_fastrtps_shared_cpp.dir/src/namespace_prefix.cpp.o
[  6%] Building CXX object CMakeFiles/rmw_fastrtps_shared_cpp.dir/src/create_rmw_gid.cpp.o
[  9%] Building CXX object CMakeFiles/rmw_fastrtps_shared_cpp.dir/src/demangle.cpp.o
[ 10%] Building CXX object CMakeFiles/rmw_fastrtps_shared_cpp.dir/src/rmw_client.cpp.o
[ 12%] Building CXX object gmock/CMakeFiles/gmock_main.dir/src/gmock_main.cc.o
[ 13%] Building CXX object CMakeFiles/rmw_fastrtps_shared_cpp.dir/src/qos.cpp.o
[ 15%] Building CXX object CMakeFiles/rmw_fastrtps_shared_cpp.dir/src/custom_publisher_info.cpp.o
[ 16%] Building CXX object CMakeFiles/rmw_fastrtps_shared_cpp.dir/src/participant.cpp.o
[ 17%] Building CXX object gtest/CMakeFiles/gtest.dir/src/gtest-all.cc.o
[ 19%] Building CXX object CMakeFiles/rmw_fastrtps_shared_cpp.dir/src/rmw_event.cpp.o
[ 19%] Building CXX object CMakeFiles/rmw_fastrtps_shared_cpp.dir/src/custom_subscriber_info.cpp.o
[ 20%] Building CXX object CMakeFiles/rmw_fastrtps_shared_cpp.dir/src/rmw_features.cpp.o
[ 21%] Building CXX object CMakeFiles/rmw_fastrtps_shared_cpp.dir/src/publisher.cpp.o
[ 23%] Building CXX object CMakeFiles/rmw_fastrtps_shared_cpp.dir/src/listener_thread.cpp.o
[ 24%] Building CXX object CMakeFiles/rmw_fastrtps_shared_cpp.dir/src/custom_participant_info.cpp.o
[ 27%] Building CXX object CMakeFiles/rmw_fastrtps_shared_cpp.dir/src/init_rmw_context_impl.cpp.o
[ 28%] Building CXX object CMakeFiles/rmw_fastrtps_shared_cpp.dir/src/rmw_compare_gids_equal.cpp.o
[ 27%] Building CXX object CMakeFiles/rmw_fastrtps_shared_cpp.dir/src/rmw_get_gid_for_client.cpp.o
[ 30%] Building CXX object CMakeFiles/rmw_fastrtps_shared_cpp.dir/src/rmw_count.cpp.o
[ 31%] Building CXX object CMakeFiles/rmw_fastrtps_shared_cpp.dir/src/rmw_get_endpoint_network_flow.cpp.o
[ 32%] Building CXX object CMakeFiles/rmw_fastrtps_shared_cpp.dir/src/rmw_get_gid_for_publisher.cpp.o
[ 34%] Building CXX object CMakeFiles/rmw_fastrtps_shared_cpp.dir/src/rmw_get_topic_endpoint_info.cpp.o
[ 35%] Building CXX object CMakeFiles/rmw_fastrtps_shared_cpp.dir/src/rmw_guard_condition.cpp.o
[ 36%] Building CXX object CMakeFiles/rmw_fastrtps_shared_cpp.dir/src/rmw_init.cpp.o
[ 38%] Building CXX object CMakeFiles/rmw_fastrtps_shared_cpp.dir/src/rmw_logging.cpp.o
[ 39%] Building CXX object CMakeFiles/rmw_fastrtps_shared_cpp.dir/src/rmw_node.cpp.o
[ 41%] Building CXX object CMakeFiles/rmw_fastrtps_shared_cpp.dir/src/rmw_node_info_and_types.cpp.o
[ 42%] Building CXX object CMakeFiles/rmw_fastrtps_shared_cpp.dir/src/rmw_node_names.cpp.o
[ 43%] Building CXX object CMakeFiles/rmw_fastrtps_shared_cpp.dir/src/rmw_publish.cpp.o
[ 45%] Building CXX object CMakeFiles/rmw_fastrtps_shared_cpp.dir/src/rmw_publisher.cpp.o
[ 46%] Linking CXX static library libgmock_main.a
[ 47%] Building CXX object CMakeFiles/rmw_fastrtps_shared_cpp.dir/src/rmw_qos.cpp.o
[ 47%] Built target gmock_main
[ 49%] Building CXX object CMakeFiles/rmw_fastrtps_shared_cpp.dir/src/rmw_request.cpp.o
[ 50%] Building CXX object CMakeFiles/rmw_fastrtps_shared_cpp.dir/src/rmw_response.cpp.o
[ 52%] Linking CXX static library libgtest_main.a
[ 52%] Built target gtest_main
[ 53%] Building CXX object CMakeFiles/rmw_fastrtps_shared_cpp.dir/src/rmw_service.cpp.o
[ 54%] Building CXX object CMakeFiles/rmw_fastrtps_shared_cpp.dir/src/rmw_security_logging.cpp.o
[ 56%] Building CXX object CMakeFiles/rmw_fastrtps_shared_cpp.dir/src/rmw_service_names_and_types.cpp.o
[ 57%] Building CXX object CMakeFiles/rmw_fastrtps_shared_cpp.dir/src/rmw_service_server_is_available.cpp.o
[ 58%] Building CXX object CMakeFiles/rmw_fastrtps_shared_cpp.dir/src/rmw_subscription.cpp.o
[ 60%] Building CXX object CMakeFiles/rmw_fastrtps_shared_cpp.dir/src/rmw_take.cpp.o
[ 61%] Building CXX object CMakeFiles/rmw_fastrtps_shared_cpp.dir/src/rmw_topic_names_and_types.cpp.o
[ 63%] Building CXX object CMakeFiles/rmw_fastrtps_shared_cpp.dir/src/rmw_trigger_guard_condition.cpp.o
[ 64%] Building CXX object CMakeFiles/rmw_fastrtps_shared_cpp.dir/src/rmw_wait.cpp.o
[ 65%] Linking CXX static library libgtest.a
[ 67%] Building CXX object CMakeFiles/rmw_fastrtps_shared_cpp.dir/src/rmw_wait_set.cpp.o
[ 68%] Building CXX object CMakeFiles/rmw_fastrtps_shared_cpp.dir/src/subscription.cpp.o
[ 68%] Built target gtest
[ 69%] Building CXX object CMakeFiles/rmw_fastrtps_shared_cpp.dir/src/time_utils.cpp.o
[ 71%] Building CXX object CMakeFiles/rmw_fastrtps_shared_cpp.dir/src/TypeSupport_impl.cpp.o
[ 72%] Building CXX object CMakeFiles/rmw_fastrtps_shared_cpp.dir/src/utils.cpp.o
[ 73%] Linking CXX static library libgmock.a
[ 73%] Built target gmock
[ 75%] Linking CXX shared library librmw_fastrtps_shared_cpp.so
[ 75%] Built target rmw_fastrtps_shared_cpp
[ 83%] Building CXX object test/CMakeFiles/test_logging.dir/test_logging.cpp.o
[ 83%] Building CXX object test/CMakeFiles/test_rmw_qos_to_dds_attributes.dir/test_rmw_qos_to_dds_attributes.cpp.o
[ 87%] Building CXX object test/CMakeFiles/test_rmw_init_options.dir/test_rmw_init_options.cpp.o
[ 83%] Building CXX object test/CMakeFiles/test_dds_attributes_to_rmw_qos.dir/test_dds_attributes_to_rmw_qos.cpp.o
[ 86%] Building CXX object test/CMakeFiles/test_guid_utils.dir/test_guid_utils.cpp.o
[ 87%] Building CXX object test/CMakeFiles/test_security_logging.dir/test_security_logging.cpp.o
[ 87%] Building CXX object test/CMakeFiles/test_dds_qos_to_rmw_qos.dir/test_dds_qos_to_rmw_qos.cpp.o
[ 87%] Building CXX object test/CMakeFiles/test_qos_profile_check_compatible.dir/test_qos_profile_check_compatible.cpp.o
[ 87%] Building CXX object test/CMakeFiles/test_names.dir/test_names.cpp.o
[ 89%] Linking CXX executable test_rmw_init_options
[ 90%] Linking CXX executable test_qos_profile_check_compatible
[ 91%] Linking CXX executable test_guid_utils
[ 93%] Linking CXX executable test_names
[ 94%] Linking CXX executable test_logging
[ 94%] Built target test_qos_profile_check_compatible
[ 94%] Built target test_guid_utils
[ 94%] Built target test_rmw_init_options
[ 95%] Linking CXX executable test_security_logging
[ 95%] Built target test_names
[ 95%] Built target test_logging
[ 95%] Built target test_security_logging
[ 97%] Linking CXX executable test_dds_attributes_to_rmw_qos
[ 98%] Linking CXX executable test_dds_qos_to_rmw_qos
[100%] Linking CXX executable test_rmw_qos_to_dds_attributes
[100%] Built target test_dds_attributes_to_rmw_qos
[100%] Built target test_dds_qos_to_rmw_qos
[100%] Built target test_rmw_qos_to_dds_attributes
-- Install configuration: ""
-- Installing: /workspace/jazzy_ws/install/share/rmw_fastrtps_shared_cpp/environment/library_path.sh
-- Installing: /workspace/jazzy_ws/install/share/rmw_fastrtps_shared_cpp/environment/library_path.dsv
-- Installing: /workspace/jazzy_ws/install/share/ament_index/resource_index/package_run_dependencies/rmw_fastrtps_shared_cpp
-- Installing: /workspace/jazzy_ws/install/share/ament_index/resource_index/parent_prefix_path/rmw_fastrtps_shared_cpp
-- Installing: /workspace/jazzy_ws/install/share/rmw_fastrtps_shared_cpp/environment/ament_prefix_path.sh
-- Installing: /workspace/jazzy_ws/install/share/rmw_fastrtps_shared_cpp/environment/ament_prefix_path.dsv
-- Installing: /workspace/jazzy_ws/install/share/rmw_fastrtps_shared_cpp/environment/path.sh
-- Installing: /workspace/jazzy_ws/install/share/rmw_fastrtps_shared_cpp/environment/path.dsv
-- Installing: /workspace/jazzy_ws/install/share/rmw_fastrtps_shared_cpp/local_setup.bash
-- Installing: /workspace/jazzy_ws/install/share/rmw_fastrtps_shared_cpp/local_setup.sh
-- Installing: /workspace/jazzy_ws/install/share/rmw_fastrtps_shared_cpp/local_setup.zsh
-- Installing: /workspace/jazzy_ws/install/share/rmw_fastrtps_shared_cpp/local_setup.dsv
-- Installing: /workspace/jazzy_ws/install/share/rmw_fastrtps_shared_cpp/package.dsv
-- Installing: /workspace/jazzy_ws/install/share/ament_index/resource_index/packages/rmw_fastrtps_shared_cpp
-- Installing: /workspace/jazzy_ws/install/share/rmw_fastrtps_shared_cpp/cmake/rmw_fastrtps_shared_cppExport.cmake
-- Installing: /workspace/jazzy_ws/install/share/rmw_fastrtps_shared_cpp/cmake/rmw_fastrtps_shared_cppExport-noconfig.cmake
-- Installing: /workspace/jazzy_ws/install/share/rmw_fastrtps_shared_cpp/cmake/ament_cmake_export_include_directories-extras.cmake
-- Installing: /workspace/jazzy_ws/install/share/rmw_fastrtps_shared_cpp/cmake/ament_cmake_export_libraries-extras.cmake
-- Installing: /workspace/jazzy_ws/install/share/rmw_fastrtps_shared_cpp/cmake/ament_cmake_export_targets-extras.cmake
-- Installing: /workspace/jazzy_ws/install/share/rmw_fastrtps_shared_cpp/cmake/ament_cmake_export_dependencies-extras.cmake
-- Installing: /workspace/jazzy_ws/install/share/rmw_fastrtps_shared_cpp/cmake/rmw_fastrtps_shared_cpp-extras.cmake
-- Installing: /workspace/jazzy_ws/install/share/rmw_fastrtps_shared_cpp/cmake/rmw_fastrtps_shared_cppConfig.cmake
-- Installing: /workspace/jazzy_ws/install/share/rmw_fastrtps_shared_cpp/cmake/rmw_fastrtps_shared_cppConfig-version.cmake
-- Installing: /workspace/jazzy_ws/install/share/rmw_fastrtps_shared_cpp/package.xml
-- Installing: /workspace/jazzy_ws/install/include/rmw_fastrtps_shared_cpp
-- Installing: /workspace/jazzy_ws/install/include/rmw_fastrtps_shared_cpp/rmw_fastrtps_shared_cpp
-- Installing: /workspace/jazzy_ws/install/include/rmw_fastrtps_shared_cpp/rmw_fastrtps_shared_cpp/custom_service_info.hpp
-- Installing: /workspace/jazzy_ws/install/include/rmw_fastrtps_shared_cpp/rmw_fastrtps_shared_cpp/qos.hpp
-- Installing: /workspace/jazzy_ws/install/include/rmw_fastrtps_shared_cpp/rmw_fastrtps_shared_cpp/custom_subscriber_info.hpp
-- Installing: /workspace/jazzy_ws/install/include/rmw_fastrtps_shared_cpp/rmw_fastrtps_shared_cpp/custom_client_info.hpp
-- Installing: /workspace/jazzy_ws/install/include/rmw_fastrtps_shared_cpp/rmw_fastrtps_shared_cpp/visibility_control.h
-- Installing: /workspace/jazzy_ws/install/include/rmw_fastrtps_shared_cpp/rmw_fastrtps_shared_cpp/TypeSupport.hpp
-- Installing: /workspace/jazzy_ws/install/include/rmw_fastrtps_shared_cpp/rmw_fastrtps_shared_cpp/init_rmw_context_impl.hpp
-- Installing: /workspace/jazzy_ws/install/include/rmw_fastrtps_shared_cpp/rmw_fastrtps_shared_cpp/custom_participant_info.hpp
-- Installing: /workspace/jazzy_ws/install/include/rmw_fastrtps_shared_cpp/rmw_fastrtps_shared_cpp/listener_thread.hpp
-- Installing: /workspace/jazzy_ws/install/include/rmw_fastrtps_shared_cpp/rmw_fastrtps_shared_cpp/rmw_context_impl.hpp
-- Installing: /workspace/jazzy_ws/install/include/rmw_fastrtps_shared_cpp/rmw_fastrtps_shared_cpp/utils.hpp
-- Installing: /workspace/jazzy_ws/install/include/rmw_fastrtps_shared_cpp/rmw_fastrtps_shared_cpp/locked_object.hpp
-- Installing: /workspace/jazzy_ws/install/include/rmw_fastrtps_shared_cpp/rmw_fastrtps_shared_cpp/custom_event_info.hpp
-- Installing: /workspace/jazzy_ws/install/include/rmw_fastrtps_shared_cpp/rmw_fastrtps_shared_cpp/rmw_init.hpp
-- Installing: /workspace/jazzy_ws/install/include/rmw_fastrtps_shared_cpp/rmw_fastrtps_shared_cpp/rmw_security_logging.hpp
-- Installing: /workspace/jazzy_ws/install/include/rmw_fastrtps_shared_cpp/rmw_fastrtps_shared_cpp/create_rmw_gid.hpp
-- Installing: /workspace/jazzy_ws/install/include/rmw_fastrtps_shared_cpp/rmw_fastrtps_shared_cpp/rmw_common.hpp
-- Installing: /workspace/jazzy_ws/install/include/rmw_fastrtps_shared_cpp/rmw_fastrtps_shared_cpp/publisher.hpp
-- Installing: /workspace/jazzy_ws/install/include/rmw_fastrtps_shared_cpp/rmw_fastrtps_shared_cpp/namespace_prefix.hpp
-- Installing: /workspace/jazzy_ws/install/include/rmw_fastrtps_shared_cpp/rmw_fastrtps_shared_cpp/guid_utils.hpp
-- Installing: /workspace/jazzy_ws/install/include/rmw_fastrtps_shared_cpp/rmw_fastrtps_shared_cpp/participant.hpp
-- Installing: /workspace/jazzy_ws/install/include/rmw_fastrtps_shared_cpp/rmw_fastrtps_shared_cpp/names.hpp
-- Installing: /workspace/jazzy_ws/install/include/rmw_fastrtps_shared_cpp/rmw_fastrtps_shared_cpp/custom_publisher_info.hpp
-- Installing: /workspace/jazzy_ws/install/include/rmw_fastrtps_shared_cpp/rmw_fastrtps_shared_cpp/subscription.hpp
-- Installing: /workspace/jazzy_ws/install/lib/librmw_fastrtps_shared_cpp.so
-- Set non-toolchain portion of runtime path of "/workspace/jazzy_ws/install/lib/librmw_fastrtps_shared_cpp.so" to ""
