[0.816s] Invoking command in '/workspace/jazzy_ws/build/rmw_fastrtps_shared_cpp': AMENT_PREFIX_PATH=/workspace/jazzy_ws/install CMAKE_PREFIX_PATH=/workspace/jazzy_ws/install LD_LIBRARY_PATH=/workspace/jazzy_ws/install/lib:/workspace/jazzy_ws/install/opt/mimick_vendor/lib PATH=/workspace/jazzy_ws/install/bin:/workspace/jazzy_ws/install/opt/uncrustify_vendor/bin:${PATH} PKG_CONFIG_PATH=/workspace/jazzy_ws/install/lib/x86_64-linux-gnu/pkgconfig:/workspace/jazzy_ws/install/lib/pkgconfig PYTHONPATH=/workspace/jazzy_ws/install/lib/python3.12/site-packages /usr/bin/cmake /workspace/jazzy_ws/src/rmw_fastrtps/rmw_fastrtps_shared_cpp -DCMAKE_INSTALL_PREFIX=/workspace/jazzy_ws/install
[0.910s] -- The C compiler identification is GNU 13.3.0
[1.121s] -- The CXX compiler identification is GNU 13.3.0
[1.155s] -- Detecting C compiler ABI info
[1.370s] -- Detecting C compiler ABI info - done
[1.394s] -- Check for working C compiler: /usr/bin/cc - skipped
[1.394s] -- Detecting C compile features
[1.394s] -- Detecting C compile features - done
[1.405s] -- Detecting CXX compiler ABI info
[1.691s] -- Detecting CXX compiler ABI info - done
[1.714s] -- Check for working CXX compiler: /usr/bin/c++ - skipped
[1.715s] -- Detecting CXX compile features
[1.718s] -- Detecting CXX compile features - done
[1.718s] -- Found ament_cmake_ros: 0.12.0 (/workspace/jazzy_ws/install/share/ament_cmake_ros/cmake)
[2.058s] -- Found Python3: /usr/bin/python3 (found version "3.12.3") found components: Interpreter 
[2.190s] -- Found rosidl_dynamic_typesupport: 0.1.2 (/workspace/jazzy_ws/install/share/rosidl_dynamic_typesupport/cmake)
[2.239s] -- Found rcpputils: 2.11.3 (/workspace/jazzy_ws/install/share/rcpputils/cmake)
[2.251s] -- Found rmw_dds_common: 3.1.1 (/workspace/jazzy_ws/install/share/rmw_dds_common/cmake)
[2.269s] -- Found rosidl_generator_c: 4.6.7 (/workspace/jazzy_ws/install/share/rosidl_generator_c/cmake)
[2.301s] -- Found rosidl_generator_cpp: 4.6.7 (/workspace/jazzy_ws/install/share/rosidl_generator_cpp/cmake)
[2.327s] -- Using all available rosidl_typesupport_c: rosidl_typesupport_fastrtps_c;rosidl_typesupport_introspection_c
[2.361s] -- Using all available rosidl_typesupport_cpp: rosidl_typesupport_fastrtps_cpp;rosidl_typesupport_introspection_cpp
[2.408s] -- Found tracetools: 8.2.5 (/workspace/jazzy_ws/install/share/tracetools/cmake)
[2.517s] -- Found OpenSSL: /usr/lib/x86_64-linux-gnu/libcrypto.so (found version "3.0.13")  
[2.553s] -- Found FastRTPS: /workspace/jazzy_ws/install/include (Required is at least version "2.13") 
[2.553s] -- Found ament_lint_auto: 0.17.4 (/workspace/jazzy_ws/install/share/ament_lint_auto/cmake)
[2.732s] -- Found gtest sources under '/workspace/jazzy_ws/install/src/gtest_vendor': C++ tests using 'Google Test' will be built
[2.734s] -- Performing Test CMAKE_HAVE_LIBC_PTHREAD
[2.862s] -- Performing Test CMAKE_HAVE_LIBC_PTHREAD - Success
[2.863s] -- Found Threads: TRUE  
[2.867s] -- Found gmock sources under '/workspace/jazzy_ws/install/src/gmock_vendor': C++ tests using 'Google Mock' will be built
[2.880s] -- Added test 'copyright' to check source files copyright and LICENSE
[2.887s] -- Added test 'cppcheck' to perform static code analysis on C / C++ code
[2.887s] -- Configured cppcheck include dirs: $<BUILD_INTERFACE:/workspace/jazzy_ws/src/rmw_fastrtps/rmw_fastrtps_shared_cpp/include>
[2.887s] -- Configured cppcheck exclude dirs and/or files: 
[2.894s] -- Added test 'cpplint' to check C / C++ code against the Google style
[2.894s] -- Configured cpplint exclude dirs and/or files: 
[2.896s] -- Added test 'lint_cmake' to check CMake code style
[2.903s] -- Added test 'uncrustify' to check C / C++ code style
[2.903s] -- Configured uncrustify additional arguments: 
[2.905s] -- Added test 'xmllint' to check XML markup files
[2.908s] -- Configuring done (2.1s)
[2.939s] -- Generating done (0.0s)
[2.948s] -- Build files have been written to: /workspace/jazzy_ws/build/rmw_fastrtps_shared_cpp
[2.954s] Invoked command in '/workspace/jazzy_ws/build/rmw_fastrtps_shared_cpp' returned '0': AMENT_PREFIX_PATH=/workspace/jazzy_ws/install CMAKE_PREFIX_PATH=/workspace/jazzy_ws/install LD_LIBRARY_PATH=/workspace/jazzy_ws/install/lib:/workspace/jazzy_ws/install/opt/mimick_vendor/lib PATH=/workspace/jazzy_ws/install/bin:/workspace/jazzy_ws/install/opt/uncrustify_vendor/bin:${PATH} PKG_CONFIG_PATH=/workspace/jazzy_ws/install/lib/x86_64-linux-gnu/pkgconfig:/workspace/jazzy_ws/install/lib/pkgconfig PYTHONPATH=/workspace/jazzy_ws/install/lib/python3.12/site-packages /usr/bin/cmake /workspace/jazzy_ws/src/rmw_fastrtps/rmw_fastrtps_shared_cpp -DCMAKE_INSTALL_PREFIX=/workspace/jazzy_ws/install
[2.958s] Invoking command in '/workspace/jazzy_ws/build/rmw_fastrtps_shared_cpp': AMENT_PREFIX_PATH=/workspace/jazzy_ws/install CMAKE_PREFIX_PATH=/workspace/jazzy_ws/install LD_LIBRARY_PATH=/workspace/jazzy_ws/install/lib:/workspace/jazzy_ws/install/opt/mimick_vendor/lib PATH=/workspace/jazzy_ws/install/bin:/workspace/jazzy_ws/install/opt/uncrustify_vendor/bin:${PATH} PKG_CONFIG_PATH=/workspace/jazzy_ws/install/lib/x86_64-linux-gnu/pkgconfig:/workspace/jazzy_ws/install/lib/pkgconfig PYTHONPATH=/workspace/jazzy_ws/install/lib/python3.12/site-packages /usr/bin/cmake --build /workspace/jazzy_ws/build/rmw_fastrtps_shared_cpp -- -j24 -l24
[3.030s] [  1%] Building CXX object gtest/CMakeFiles/gtest_main.dir/src/gtest_main.cc.o
[3.039s] [  2%] Building CXX object gmock/CMakeFiles/gmock.dir/src/gmock-all.cc.o
[3.040s] [  4%] Building CXX object gmock/CMakeFiles/gmock.dir/workspace/jazzy_ws/install/src/gtest_vendor/src/gtest-all.cc.o
[3.047s] [  5%] Building CXX object CMakeFiles/rmw_fastrtps_shared_cpp.dir/src/namespace_prefix.cpp.o
[3.047s] [  6%] Building CXX object CMakeFiles/rmw_fastrtps_shared_cpp.dir/src/create_rmw_gid.cpp.o
[3.051s] [  9%] Building CXX object CMakeFiles/rmw_fastrtps_shared_cpp.dir/src/demangle.cpp.o
[3.051s] [ 10%] Building CXX object CMakeFiles/rmw_fastrtps_shared_cpp.dir/src/rmw_client.cpp.o
[3.051s] [ 12%] Building CXX object gmock/CMakeFiles/gmock_main.dir/src/gmock_main.cc.o
[3.051s] [ 13%] Building CXX object CMakeFiles/rmw_fastrtps_shared_cpp.dir/src/qos.cpp.o
[3.051s] [ 15%] Building CXX object CMakeFiles/rmw_fastrtps_shared_cpp.dir/src/custom_publisher_info.cpp.o
[3.051s] [ 16%] Building CXX object CMakeFiles/rmw_fastrtps_shared_cpp.dir/src/participant.cpp.o
[3.052s] [ 17%] Building CXX object gtest/CMakeFiles/gtest.dir/src/gtest-all.cc.o
[3.054s] [ 19%] Building CXX object CMakeFiles/rmw_fastrtps_shared_cpp.dir/src/rmw_event.cpp.o
[3.054s] [ 19%] Building CXX object CMakeFiles/rmw_fastrtps_shared_cpp.dir/src/custom_subscriber_info.cpp.o
[3.056s] [ 20%] Building CXX object CMakeFiles/rmw_fastrtps_shared_cpp.dir/src/rmw_features.cpp.o
[3.056s] [ 21%] Building CXX object CMakeFiles/rmw_fastrtps_shared_cpp.dir/src/publisher.cpp.o
[3.056s] [ 23%] Building CXX object CMakeFiles/rmw_fastrtps_shared_cpp.dir/src/listener_thread.cpp.o
[3.061s] [ 24%] Building CXX object CMakeFiles/rmw_fastrtps_shared_cpp.dir/src/custom_participant_info.cpp.o
[3.061s] [ 27%] Building CXX object CMakeFiles/rmw_fastrtps_shared_cpp.dir/src/init_rmw_context_impl.cpp.o
[3.064s] [ 28%] Building CXX object CMakeFiles/rmw_fastrtps_shared_cpp.dir/src/rmw_compare_gids_equal.cpp.o
[3.065s] [ 27%] Building CXX object CMakeFiles/rmw_fastrtps_shared_cpp.dir/src/rmw_get_gid_for_client.cpp.o
[3.065s] [ 30%] Building CXX object CMakeFiles/rmw_fastrtps_shared_cpp.dir/src/rmw_count.cpp.o
[3.071s] [ 31%] Building CXX object CMakeFiles/rmw_fastrtps_shared_cpp.dir/src/rmw_get_endpoint_network_flow.cpp.o
[3.106s] [ 32%] Building CXX object CMakeFiles/rmw_fastrtps_shared_cpp.dir/src/rmw_get_gid_for_publisher.cpp.o
[3.306s] [ 34%] Building CXX object CMakeFiles/rmw_fastrtps_shared_cpp.dir/src/rmw_get_topic_endpoint_info.cpp.o
[3.497s] [ 35%] Building CXX object CMakeFiles/rmw_fastrtps_shared_cpp.dir/src/rmw_guard_condition.cpp.o
[3.605s] [ 36%] Building CXX object CMakeFiles/rmw_fastrtps_shared_cpp.dir/src/rmw_init.cpp.o
[3.894s] [ 38%] Building CXX object CMakeFiles/rmw_fastrtps_shared_cpp.dir/src/rmw_logging.cpp.o
[4.184s] [ 39%] Building CXX object CMakeFiles/rmw_fastrtps_shared_cpp.dir/src/rmw_node.cpp.o
[4.427s] [ 41%] Building CXX object CMakeFiles/rmw_fastrtps_shared_cpp.dir/src/rmw_node_info_and_types.cpp.o
[4.707s] [ 42%] Building CXX object CMakeFiles/rmw_fastrtps_shared_cpp.dir/src/rmw_node_names.cpp.o
[5.275s] [ 43%] Building CXX object CMakeFiles/rmw_fastrtps_shared_cpp.dir/src/rmw_publish.cpp.o
[5.462s] [ 45%] Building CXX object CMakeFiles/rmw_fastrtps_shared_cpp.dir/src/rmw_publisher.cpp.o
[6.293s] [ 46%] Linking CXX static library libgmock_main.a
[6.348s] [ 47%] Building CXX object CMakeFiles/rmw_fastrtps_shared_cpp.dir/src/rmw_qos.cpp.o
[6.367s] [ 47%] Built target gmock_main
[6.392s] [ 49%] Building CXX object CMakeFiles/rmw_fastrtps_shared_cpp.dir/src/rmw_request.cpp.o
[6.429s] [ 50%] Building CXX object CMakeFiles/rmw_fastrtps_shared_cpp.dir/src/rmw_response.cpp.o
[6.450s] [ 52%] Linking CXX static library libgtest_main.a
[6.527s] [ 52%] Built target gtest_main
[6.543s] [ 53%] Building CXX object CMakeFiles/rmw_fastrtps_shared_cpp.dir/src/rmw_service.cpp.o
[6.566s] [ 54%] Building CXX object CMakeFiles/rmw_fastrtps_shared_cpp.dir/src/rmw_security_logging.cpp.o
[6.639s] [ 56%] Building CXX object CMakeFiles/rmw_fastrtps_shared_cpp.dir/src/rmw_service_names_and_types.cpp.o
[7.028s] [ 57%] Building CXX object CMakeFiles/rmw_fastrtps_shared_cpp.dir/src/rmw_service_server_is_available.cpp.o
[7.114s] [ 58%] Building CXX object CMakeFiles/rmw_fastrtps_shared_cpp.dir/src/rmw_subscription.cpp.o
[7.204s] [ 60%] Building CXX object CMakeFiles/rmw_fastrtps_shared_cpp.dir/src/rmw_take.cpp.o
[7.275s] [ 61%] Building CXX object CMakeFiles/rmw_fastrtps_shared_cpp.dir/src/rmw_topic_names_and_types.cpp.o
[7.482s] [ 63%] Building CXX object CMakeFiles/rmw_fastrtps_shared_cpp.dir/src/rmw_trigger_guard_condition.cpp.o
[7.775s] [ 64%] Building CXX object CMakeFiles/rmw_fastrtps_shared_cpp.dir/src/rmw_wait.cpp.o
[7.914s] [ 65%] Linking CXX static library libgtest.a
[7.923s] [ 67%] Building CXX object CMakeFiles/rmw_fastrtps_shared_cpp.dir/src/rmw_wait_set.cpp.o
[8.000s] [ 68%] Building CXX object CMakeFiles/rmw_fastrtps_shared_cpp.dir/src/subscription.cpp.o
[8.030s] [ 68%] Built target gtest
[8.057s] [ 69%] Building CXX object CMakeFiles/rmw_fastrtps_shared_cpp.dir/src/time_utils.cpp.o
[8.166s] [ 71%] Building CXX object CMakeFiles/rmw_fastrtps_shared_cpp.dir/src/TypeSupport_impl.cpp.o
[8.424s] [ 72%] Building CXX object CMakeFiles/rmw_fastrtps_shared_cpp.dir/src/utils.cpp.o
[9.970s] [ 73%] Linking CXX static library libgmock.a
[10.011s] [ 73%] Built target gmock
[10.031s] [ 75%] Linking CXX shared library librmw_fastrtps_shared_cpp.so
[10.240s] [ 75%] Built target rmw_fastrtps_shared_cpp
[10.252s] [ 83%] Building CXX object test/CMakeFiles/test_logging.dir/test_logging.cpp.o
[10.253s] [ 83%] Building CXX object test/CMakeFiles/test_rmw_qos_to_dds_attributes.dir/test_rmw_qos_to_dds_attributes.cpp.o
[10.253s] [ 87%] Building CXX object test/CMakeFiles/test_rmw_init_options.dir/test_rmw_init_options.cpp.o
[10.253s] [ 83%] Building CXX object test/CMakeFiles/test_dds_attributes_to_rmw_qos.dir/test_dds_attributes_to_rmw_qos.cpp.o
[10.253s] [ 86%] Building CXX object test/CMakeFiles/test_guid_utils.dir/test_guid_utils.cpp.o
[10.253s] [ 87%] Building CXX object test/CMakeFiles/test_security_logging.dir/test_security_logging.cpp.o
[10.253s] [ 87%] Building CXX object test/CMakeFiles/test_dds_qos_to_rmw_qos.dir/test_dds_qos_to_rmw_qos.cpp.o
[10.253s] [ 87%] Building CXX object test/CMakeFiles/test_qos_profile_check_compatible.dir/test_qos_profile_check_compatible.cpp.o
[10.253s] [ 87%] Building CXX object test/CMakeFiles/test_names.dir/test_names.cpp.o
[10.900s] [ 89%] Linking CXX executable test_rmw_init_options
[10.909s] [ 90%] Linking CXX executable test_qos_profile_check_compatible
[10.955s] [ 91%] Linking CXX executable test_guid_utils
[10.960s] [ 93%] Linking CXX executable test_names
[11.070s] [ 94%] Linking CXX executable test_logging
[11.137s] [ 94%] Built target test_qos_profile_check_compatible
[11.172s] [ 94%] Built target test_guid_utils
[11.264s] [ 94%] Built target test_rmw_init_options
[11.277s] [ 95%] Linking CXX executable test_security_logging
[11.319s] [ 95%] Built target test_names
[11.382s] [ 95%] Built target test_logging
[11.461s] [ 95%] Built target test_security_logging
[11.836s] [ 97%] Linking CXX executable test_dds_attributes_to_rmw_qos
[11.913s] [ 98%] Linking CXX executable test_dds_qos_to_rmw_qos
[12.029s] [100%] Linking CXX executable test_rmw_qos_to_dds_attributes
[12.082s] [100%] Built target test_dds_attributes_to_rmw_qos
[12.187s] [100%] Built target test_dds_qos_to_rmw_qos
[12.347s] [100%] Built target test_rmw_qos_to_dds_attributes
[12.355s] Invoked command in '/workspace/jazzy_ws/build/rmw_fastrtps_shared_cpp' returned '0': AMENT_PREFIX_PATH=/workspace/jazzy_ws/install CMAKE_PREFIX_PATH=/workspace/jazzy_ws/install LD_LIBRARY_PATH=/workspace/jazzy_ws/install/lib:/workspace/jazzy_ws/install/opt/mimick_vendor/lib PATH=/workspace/jazzy_ws/install/bin:/workspace/jazzy_ws/install/opt/uncrustify_vendor/bin:${PATH} PKG_CONFIG_PATH=/workspace/jazzy_ws/install/lib/x86_64-linux-gnu/pkgconfig:/workspace/jazzy_ws/install/lib/pkgconfig PYTHONPATH=/workspace/jazzy_ws/install/lib/python3.12/site-packages /usr/bin/cmake --build /workspace/jazzy_ws/build/rmw_fastrtps_shared_cpp -- -j24 -l24
[12.356s] Invoking command in '/workspace/jazzy_ws/build/rmw_fastrtps_shared_cpp': AMENT_PREFIX_PATH=/workspace/jazzy_ws/install CMAKE_PREFIX_PATH=/workspace/jazzy_ws/install LD_LIBRARY_PATH=/workspace/jazzy_ws/install/lib:/workspace/jazzy_ws/install/opt/mimick_vendor/lib PATH=/workspace/jazzy_ws/install/bin:/workspace/jazzy_ws/install/opt/uncrustify_vendor/bin:${PATH} PKG_CONFIG_PATH=/workspace/jazzy_ws/install/lib/x86_64-linux-gnu/pkgconfig:/workspace/jazzy_ws/install/lib/pkgconfig PYTHONPATH=/workspace/jazzy_ws/install/lib/python3.12/site-packages /usr/bin/cmake --install /workspace/jazzy_ws/build/rmw_fastrtps_shared_cpp
[12.362s] -- Install configuration: ""
[12.362s] -- Installing: /workspace/jazzy_ws/install/share/rmw_fastrtps_shared_cpp/environment/library_path.sh
[12.362s] -- Installing: /workspace/jazzy_ws/install/share/rmw_fastrtps_shared_cpp/environment/library_path.dsv
[12.363s] -- Installing: /workspace/jazzy_ws/install/share/ament_index/resource_index/package_run_dependencies/rmw_fastrtps_shared_cpp
[12.363s] -- Installing: /workspace/jazzy_ws/install/share/ament_index/resource_index/parent_prefix_path/rmw_fastrtps_shared_cpp
[12.363s] -- Installing: /workspace/jazzy_ws/install/share/rmw_fastrtps_shared_cpp/environment/ament_prefix_path.sh
[12.363s] -- Installing: /workspace/jazzy_ws/install/share/rmw_fastrtps_shared_cpp/environment/ament_prefix_path.dsv
[12.363s] -- Installing: /workspace/jazzy_ws/install/share/rmw_fastrtps_shared_cpp/environment/path.sh
[12.363s] -- Installing: /workspace/jazzy_ws/install/share/rmw_fastrtps_shared_cpp/environment/path.dsv
[12.363s] -- Installing: /workspace/jazzy_ws/install/share/rmw_fastrtps_shared_cpp/local_setup.bash
[12.363s] -- Installing: /workspace/jazzy_ws/install/share/rmw_fastrtps_shared_cpp/local_setup.sh
[12.364s] -- Installing: /workspace/jazzy_ws/install/share/rmw_fastrtps_shared_cpp/local_setup.zsh
[12.364s] -- Installing: /workspace/jazzy_ws/install/share/rmw_fastrtps_shared_cpp/local_setup.dsv
[12.364s] -- Installing: /workspace/jazzy_ws/install/share/rmw_fastrtps_shared_cpp/package.dsv
[12.364s] -- Installing: /workspace/jazzy_ws/install/share/ament_index/resource_index/packages/rmw_fastrtps_shared_cpp
[12.364s] -- Installing: /workspace/jazzy_ws/install/share/rmw_fastrtps_shared_cpp/cmake/rmw_fastrtps_shared_cppExport.cmake
[12.364s] -- Installing: /workspace/jazzy_ws/install/share/rmw_fastrtps_shared_cpp/cmake/rmw_fastrtps_shared_cppExport-noconfig.cmake
[12.364s] -- Installing: /workspace/jazzy_ws/install/share/rmw_fastrtps_shared_cpp/cmake/ament_cmake_export_include_directories-extras.cmake
[12.365s] -- Installing: /workspace/jazzy_ws/install/share/rmw_fastrtps_shared_cpp/cmake/ament_cmake_export_libraries-extras.cmake
[12.365s] -- Installing: /workspace/jazzy_ws/install/share/rmw_fastrtps_shared_cpp/cmake/ament_cmake_export_targets-extras.cmake
[12.365s] -- Installing: /workspace/jazzy_ws/install/share/rmw_fastrtps_shared_cpp/cmake/ament_cmake_export_dependencies-extras.cmake
[12.365s] -- Installing: /workspace/jazzy_ws/install/share/rmw_fastrtps_shared_cpp/cmake/rmw_fastrtps_shared_cpp-extras.cmake
[12.365s] -- Installing: /workspace/jazzy_ws/install/share/rmw_fastrtps_shared_cpp/cmake/rmw_fastrtps_shared_cppConfig.cmake
[12.365s] -- Installing: /workspace/jazzy_ws/install/share/rmw_fastrtps_shared_cpp/cmake/rmw_fastrtps_shared_cppConfig-version.cmake
[12.365s] -- Installing: /workspace/jazzy_ws/install/share/rmw_fastrtps_shared_cpp/package.xml
[12.365s] -- Installing: /workspace/jazzy_ws/install/include/rmw_fastrtps_shared_cpp
[12.366s] -- Installing: /workspace/jazzy_ws/install/include/rmw_fastrtps_shared_cpp/rmw_fastrtps_shared_cpp
[12.366s] -- Installing: /workspace/jazzy_ws/install/include/rmw_fastrtps_shared_cpp/rmw_fastrtps_shared_cpp/custom_service_info.hpp
[12.366s] -- Installing: /workspace/jazzy_ws/install/include/rmw_fastrtps_shared_cpp/rmw_fastrtps_shared_cpp/qos.hpp
[12.366s] -- Installing: /workspace/jazzy_ws/install/include/rmw_fastrtps_shared_cpp/rmw_fastrtps_shared_cpp/custom_subscriber_info.hpp
[12.366s] -- Installing: /workspace/jazzy_ws/install/include/rmw_fastrtps_shared_cpp/rmw_fastrtps_shared_cpp/custom_client_info.hpp
[12.366s] -- Installing: /workspace/jazzy_ws/install/include/rmw_fastrtps_shared_cpp/rmw_fastrtps_shared_cpp/visibility_control.h
[12.366s] -- Installing: /workspace/jazzy_ws/install/include/rmw_fastrtps_shared_cpp/rmw_fastrtps_shared_cpp/TypeSupport.hpp
[12.366s] -- Installing: /workspace/jazzy_ws/install/include/rmw_fastrtps_shared_cpp/rmw_fastrtps_shared_cpp/init_rmw_context_impl.hpp
[12.366s] -- Installing: /workspace/jazzy_ws/install/include/rmw_fastrtps_shared_cpp/rmw_fastrtps_shared_cpp/custom_participant_info.hpp
[12.366s] -- Installing: /workspace/jazzy_ws/install/include/rmw_fastrtps_shared_cpp/rmw_fastrtps_shared_cpp/listener_thread.hpp
[12.368s] -- Installing: /workspace/jazzy_ws/install/include/rmw_fastrtps_shared_cpp/rmw_fastrtps_shared_cpp/rmw_context_impl.hpp
[12.368s] -- Installing: /workspace/jazzy_ws/install/include/rmw_fastrtps_shared_cpp/rmw_fastrtps_shared_cpp/utils.hpp
[12.368s] -- Installing: /workspace/jazzy_ws/install/include/rmw_fastrtps_shared_cpp/rmw_fastrtps_shared_cpp/locked_object.hpp
[12.368s] -- Installing: /workspace/jazzy_ws/install/include/rmw_fastrtps_shared_cpp/rmw_fastrtps_shared_cpp/custom_event_info.hpp
[12.368s] -- Installing: /workspace/jazzy_ws/install/include/rmw_fastrtps_shared_cpp/rmw_fastrtps_shared_cpp/rmw_init.hpp
[12.368s] -- Installing: /workspace/jazzy_ws/install/include/rmw_fastrtps_shared_cpp/rmw_fastrtps_shared_cpp/rmw_security_logging.hpp
[12.368s] -- Installing: /workspace/jazzy_ws/install/include/rmw_fastrtps_shared_cpp/rmw_fastrtps_shared_cpp/create_rmw_gid.hpp
[12.368s] -- Installing: /workspace/jazzy_ws/install/include/rmw_fastrtps_shared_cpp/rmw_fastrtps_shared_cpp/rmw_common.hpp
[12.368s] -- Installing: /workspace/jazzy_ws/install/include/rmw_fastrtps_shared_cpp/rmw_fastrtps_shared_cpp/publisher.hpp
[12.368s] -- Installing: /workspace/jazzy_ws/install/include/rmw_fastrtps_shared_cpp/rmw_fastrtps_shared_cpp/namespace_prefix.hpp
[12.368s] -- Installing: /workspace/jazzy_ws/install/include/rmw_fastrtps_shared_cpp/rmw_fastrtps_shared_cpp/guid_utils.hpp
[12.368s] -- Installing: /workspace/jazzy_ws/install/include/rmw_fastrtps_shared_cpp/rmw_fastrtps_shared_cpp/participant.hpp
[12.369s] -- Installing: /workspace/jazzy_ws/install/include/rmw_fastrtps_shared_cpp/rmw_fastrtps_shared_cpp/names.hpp
[12.369s] -- Installing: /workspace/jazzy_ws/install/include/rmw_fastrtps_shared_cpp/rmw_fastrtps_shared_cpp/custom_publisher_info.hpp
[12.369s] -- Installing: /workspace/jazzy_ws/install/include/rmw_fastrtps_shared_cpp/rmw_fastrtps_shared_cpp/subscription.hpp
[12.369s] -- Installing: /workspace/jazzy_ws/install/lib/librmw_fastrtps_shared_cpp.so
[12.370s] -- Set non-toolchain portion of runtime path of "/workspace/jazzy_ws/install/lib/librmw_fastrtps_shared_cpp.so" to ""
[12.372s] Invoked command in '/workspace/jazzy_ws/build/rmw_fastrtps_shared_cpp' returned '0': AMENT_PREFIX_PATH=/workspace/jazzy_ws/install CMAKE_PREFIX_PATH=/workspace/jazzy_ws/install LD_LIBRARY_PATH=/workspace/jazzy_ws/install/lib:/workspace/jazzy_ws/install/opt/mimick_vendor/lib PATH=/workspace/jazzy_ws/install/bin:/workspace/jazzy_ws/install/opt/uncrustify_vendor/bin:${PATH} PKG_CONFIG_PATH=/workspace/jazzy_ws/install/lib/x86_64-linux-gnu/pkgconfig:/workspace/jazzy_ws/install/lib/pkgconfig PYTHONPATH=/workspace/jazzy_ws/install/lib/python3.12/site-packages /usr/bin/cmake --install /workspace/jazzy_ws/build/rmw_fastrtps_shared_cpp
