[0.008s] Invoking command in '/workspace/jazzy_ws/build/ament_cmake_export_interfaces': AMENT_PREFIX_PATH=/workspace/jazzy_ws/install CMAKE_PREFIX_PATH=/workspace/jazzy_ws/install LD_LIBRARY_PATH=/workspace/jazzy_ws/install/lib PATH=/workspace/jazzy_ws/install/bin:${PATH} PYTHONPATH=/workspace/jazzy_ws/install/lib/python3.12/site-packages /usr/bin/cmake /workspace/jazzy_ws/src/ament_cmake/ament_cmake_export_interfaces -DCMAKE_INSTALL_PREFIX=/workspace/jazzy_ws/install
[0.015s] -- Found ament_cmake_core: 2.5.5 (/workspace/jazzy_ws/install/share/ament_cmake_core/cmake)
[0.092s] -- Found Python3: /usr/bin/python3 (found version "3.12.3") found components: Interpreter 
[0.280s] -- Configuring done (0.2s)
[0.280s] -- Generating done (0.0s)
[0.280s] -- Build files have been written to: /workspace/jazzy_ws/build/ament_cmake_export_interfaces
[0.281s] Invoked command in '/workspace/jazzy_ws/build/ament_cmake_export_interfaces' returned '0': AMENT_PREFIX_PATH=/workspace/jazzy_ws/install CMAKE_PREFIX_PATH=/workspace/jazzy_ws/install LD_LIBRARY_PATH=/workspace/jazzy_ws/install/lib PATH=/workspace/jazzy_ws/install/bin:${PATH} PYTHONPATH=/workspace/jazzy_ws/install/lib/python3.12/site-packages /usr/bin/cmake /workspace/jazzy_ws/src/ament_cmake/ament_cmake_export_interfaces -DCMAKE_INSTALL_PREFIX=/workspace/jazzy_ws/install
[0.281s] Invoking command in '/workspace/jazzy_ws/build/ament_cmake_export_interfaces': AMENT_PREFIX_PATH=/workspace/jazzy_ws/install CMAKE_PREFIX_PATH=/workspace/jazzy_ws/install LD_LIBRARY_PATH=/workspace/jazzy_ws/install/lib PATH=/workspace/jazzy_ws/install/bin:${PATH} PYTHONPATH=/workspace/jazzy_ws/install/lib/python3.12/site-packages /usr/bin/cmake --build /workspace/jazzy_ws/build/ament_cmake_export_interfaces -- -j24 -l24
[0.299s] Invoked command in '/workspace/jazzy_ws/build/ament_cmake_export_interfaces' returned '0': AMENT_PREFIX_PATH=/workspace/jazzy_ws/install CMAKE_PREFIX_PATH=/workspace/jazzy_ws/install LD_LIBRARY_PATH=/workspace/jazzy_ws/install/lib PATH=/workspace/jazzy_ws/install/bin:${PATH} PYTHONPATH=/workspace/jazzy_ws/install/lib/python3.12/site-packages /usr/bin/cmake --build /workspace/jazzy_ws/build/ament_cmake_export_interfaces -- -j24 -l24
[0.299s] Invoking command in '/workspace/jazzy_ws/build/ament_cmake_export_interfaces': AMENT_PREFIX_PATH=/workspace/jazzy_ws/install CMAKE_PREFIX_PATH=/workspace/jazzy_ws/install LD_LIBRARY_PATH=/workspace/jazzy_ws/install/lib PATH=/workspace/jazzy_ws/install/bin:${PATH} PYTHONPATH=/workspace/jazzy_ws/install/lib/python3.12/site-packages /usr/bin/cmake --install /workspace/jazzy_ws/build/ament_cmake_export_interfaces
[0.303s] -- Install configuration: ""
[0.303s] -- Installing: /workspace/jazzy_ws/install/share/ament_index/resource_index/package_run_dependencies/ament_cmake_export_interfaces
[0.304s] -- Installing: /workspace/jazzy_ws/install/share/ament_index/resource_index/parent_prefix_path/ament_cmake_export_interfaces
[0.304s] -- Installing: /workspace/jazzy_ws/install/share/ament_cmake_export_interfaces/environment/ament_prefix_path.sh
[0.304s] -- Installing: /workspace/jazzy_ws/install/share/ament_cmake_export_interfaces/environment/ament_prefix_path.dsv
[0.318s] -- Installing: /workspace/jazzy_ws/install/share/ament_cmake_export_interfaces/environment/path.sh
[0.318s] -- Installing: /workspace/jazzy_ws/install/share/ament_cmake_export_interfaces/environment/path.dsv
[0.318s] -- Installing: /workspace/jazzy_ws/install/share/ament_cmake_export_interfaces/local_setup.bash
[0.318s] -- Installing: /workspace/jazzy_ws/install/share/ament_cmake_export_interfaces/local_setup.sh
[0.318s] -- Installing: /workspace/jazzy_ws/install/share/ament_cmake_export_interfaces/local_setup.zsh
[0.318s] -- Installing: /workspace/jazzy_ws/install/share/ament_cmake_export_interfaces/local_setup.dsv
[0.318s] -- Installing: /workspace/jazzy_ws/install/share/ament_cmake_export_interfaces/package.dsv
[0.318s] -- Installing: /workspace/jazzy_ws/install/share/ament_index/resource_index/packages/ament_cmake_export_interfaces
[0.318s] -- Installing: /workspace/jazzy_ws/install/share/ament_cmake_export_interfaces/cmake/ament_cmake_export_interfaces-extras.cmake
[0.318s] -- Installing: /workspace/jazzy_ws/install/share/ament_cmake_export_interfaces/cmake/ament_cmake_export_interfacesConfig.cmake
[0.318s] -- Installing: /workspace/jazzy_ws/install/share/ament_cmake_export_interfaces/cmake/ament_cmake_export_interfacesConfig-version.cmake
[0.318s] -- Installing: /workspace/jazzy_ws/install/share/ament_cmake_export_interfaces/package.xml
[0.318s] -- Up-to-date: /workspace/jazzy_ws/install/share/ament_cmake_export_interfaces/cmake
[0.318s] -- Installing: /workspace/jazzy_ws/install/share/ament_cmake_export_interfaces/cmake/ament_export_interfaces.cmake
[0.318s] -- Installing: /workspace/jazzy_ws/install/share/ament_cmake_export_interfaces/cmake/ament_cmake_export_interfaces-extras.cmake.in
[0.318s] -- Installing: /workspace/jazzy_ws/install/share/ament_cmake_export_interfaces/cmake/ament_cmake_export_interfaces_package_hook.cmake
[0.343s] Invoked command in '/workspace/jazzy_ws/build/ament_cmake_export_interfaces' returned '0': AMENT_PREFIX_PATH=/workspace/jazzy_ws/install CMAKE_PREFIX_PATH=/workspace/jazzy_ws/install LD_LIBRARY_PATH=/workspace/jazzy_ws/install/lib PATH=/workspace/jazzy_ws/install/bin:${PATH} PYTHONPATH=/workspace/jazzy_ws/install/lib/python3.12/site-packages /usr/bin/cmake --install /workspace/jazzy_ws/build/ament_cmake_export_interfaces
