-- The C compiler identification is GNU 13.3.0
-- The CXX compiler identification is GNU 13.3.0
-- Detecting C compiler ABI info
-- Detecting C compiler ABI info - done
-- Check for working C compiler: /usr/bin/cc - skipped
-- Detecting C compile features
-- Detecting C compile features - done
-- Detecting CXX compiler ABI info
-- Detecting CXX compiler ABI info - done
-- Check for working CXX compiler: /usr/bin/c++ - skipped
-- Detecting CXX compile features
-- Detecting CXX compile features - done
-- Found ament_cmake: 2.5.5 (/workspace/jazzy_ws/install/share/ament_cmake/cmake)
-- Found Python3: /usr/bin/python3 (found version "3.12.3") found components: Interpreter 
-- Found ament_lint_auto: 0.17.4 (/workspace/jazzy_ws/install/share/ament_lint_auto/cmake)
-- Added test 'copyright' to check source files copyright and LICENSE
-- Added test 'flake8' to check Python code syntax and style conventions
-- Configured 'flake8' exclude dirs and/or files: 
-- Added test 'lint_cmake' to check CMake code style
-- Added test 'pep257' to check Python code against some of the docstring style conventions in PEP 257
-- Added test 'xmllint' to check XML markup files
-- Configuring done (0.7s)
-- Generating done (0.0s)
-- Build files have been written to: /workspace/jazzy_ws/build/rosidl_generator_cpp
Built target ament_cmake_python_copy_rosidl_generator_cpp_setup
Built target ament_cmake_python_copy_rosidl_generator_cpp
running egg_info
creating rosidl_generator_cpp.egg-info
writing rosidl_generator_cpp.egg-info/PKG-INFO
writing dependency_links to rosidl_generator_cpp.egg-info/dependency_links.txt
writing entry points to rosidl_generator_cpp.egg-info/entry_points.txt
writing top-level names to rosidl_generator_cpp.egg-info/top_level.txt
writing manifest file 'rosidl_generator_cpp.egg-info/SOURCES.txt'
reading manifest file 'rosidl_generator_cpp.egg-info/SOURCES.txt'
writing manifest file 'rosidl_generator_cpp.egg-info/SOURCES.txt'
Built target ament_cmake_python_build_rosidl_generator_cpp_egg
-- Install configuration: ""
-- Installing: /workspace/jazzy_ws/install/share/ament_index/resource_index/rosidl_generator_packages/rosidl_generator_cpp
-- Installing: /workspace/jazzy_ws/install/share/rosidl_generator_cpp/environment/pythonpath.sh
-- Installing: /workspace/jazzy_ws/install/share/rosidl_generator_cpp/environment/pythonpath.dsv
-- Installing: /workspace/jazzy_ws/install/lib/python3.12/site-packages/rosidl_generator_cpp-4.6.7-py3.12.egg-info
-- Installing: /workspace/jazzy_ws/install/lib/python3.12/site-packages/rosidl_generator_cpp-4.6.7-py3.12.egg-info/PKG-INFO
-- Installing: /workspace/jazzy_ws/install/lib/python3.12/site-packages/rosidl_generator_cpp-4.6.7-py3.12.egg-info/SOURCES.txt
-- Installing: /workspace/jazzy_ws/install/lib/python3.12/site-packages/rosidl_generator_cpp-4.6.7-py3.12.egg-info/top_level.txt
-- Installing: /workspace/jazzy_ws/install/lib/python3.12/site-packages/rosidl_generator_cpp-4.6.7-py3.12.egg-info/entry_points.txt
-- Installing: /workspace/jazzy_ws/install/lib/python3.12/site-packages/rosidl_generator_cpp-4.6.7-py3.12.egg-info/dependency_links.txt
-- Installing: /workspace/jazzy_ws/install/lib/python3.12/site-packages/rosidl_generator_cpp
-- Installing: /workspace/jazzy_ws/install/lib/python3.12/site-packages/rosidl_generator_cpp/cli.py
-- Installing: /workspace/jazzy_ws/install/lib/python3.12/site-packages/rosidl_generator_cpp/__init__.py
Listing '/workspace/jazzy_ws/install/lib/python3.12/site-packages/rosidl_generator_cpp'...
Compiling '/workspace/jazzy_ws/install/lib/python3.12/site-packages/rosidl_generator_cpp/__init__.py'...
Compiling '/workspace/jazzy_ws/install/lib/python3.12/site-packages/rosidl_generator_cpp/cli.py'...
-- Installing: /workspace/jazzy_ws/install/share/ament_index/resource_index/package_run_dependencies/rosidl_generator_cpp
-- Installing: /workspace/jazzy_ws/install/share/ament_index/resource_index/parent_prefix_path/rosidl_generator_cpp
-- Installing: /workspace/jazzy_ws/install/share/rosidl_generator_cpp/environment/ament_prefix_path.sh
-- Installing: /workspace/jazzy_ws/install/share/rosidl_generator_cpp/environment/ament_prefix_path.dsv
-- Installing: /workspace/jazzy_ws/install/share/rosidl_generator_cpp/environment/path.sh
-- Installing: /workspace/jazzy_ws/install/share/rosidl_generator_cpp/environment/path.dsv
-- Installing: /workspace/jazzy_ws/install/share/rosidl_generator_cpp/local_setup.bash
-- Installing: /workspace/jazzy_ws/install/share/rosidl_generator_cpp/local_setup.sh
-- Installing: /workspace/jazzy_ws/install/share/rosidl_generator_cpp/local_setup.zsh
-- Installing: /workspace/jazzy_ws/install/share/rosidl_generator_cpp/local_setup.dsv
-- Installing: /workspace/jazzy_ws/install/share/rosidl_generator_cpp/package.dsv
-- Installing: /workspace/jazzy_ws/install/share/ament_index/resource_index/packages/rosidl_generator_cpp
-- Installing: /workspace/jazzy_ws/install/share/rosidl_generator_cpp/cmake/rosidl_generator_cpp-extras.cmake
-- Installing: /workspace/jazzy_ws/install/share/rosidl_generator_cpp/cmake/rosidl_generator_cppConfig.cmake
-- Installing: /workspace/jazzy_ws/install/share/rosidl_generator_cpp/cmake/rosidl_generator_cppConfig-version.cmake
-- Installing: /workspace/jazzy_ws/install/share/rosidl_generator_cpp/package.xml
-- Installing: /workspace/jazzy_ws/install/lib/rosidl_generator_cpp/rosidl_generator_cpp
-- Up-to-date: /workspace/jazzy_ws/install/share/rosidl_generator_cpp/cmake
-- Installing: /workspace/jazzy_ws/install/share/rosidl_generator_cpp/cmake/register_cpp.cmake
-- Installing: /workspace/jazzy_ws/install/share/rosidl_generator_cpp/cmake/rosidl_generator_cpp_generate_interfaces.cmake
-- Installing: /workspace/jazzy_ws/install/share/rosidl_generator_cpp/resource
-- Installing: /workspace/jazzy_ws/install/share/rosidl_generator_cpp/resource/msg__traits.hpp.em
-- Installing: /workspace/jazzy_ws/install/share/rosidl_generator_cpp/resource/idl__struct.hpp.em
-- Installing: /workspace/jazzy_ws/install/share/rosidl_generator_cpp/resource/action__traits.hpp.em
-- Installing: /workspace/jazzy_ws/install/share/rosidl_generator_cpp/resource/action__builder.hpp.em
-- Installing: /workspace/jazzy_ws/install/share/rosidl_generator_cpp/resource/srv__struct.hpp.em
-- Installing: /workspace/jazzy_ws/install/share/rosidl_generator_cpp/resource/idl__builder.hpp.em
-- Installing: /workspace/jazzy_ws/install/share/rosidl_generator_cpp/resource/msg__struct.hpp.em
-- Installing: /workspace/jazzy_ws/install/share/rosidl_generator_cpp/resource/rosidl_generator_cpp__visibility_control.hpp.in
-- Installing: /workspace/jazzy_ws/install/share/rosidl_generator_cpp/resource/msg__builder.hpp.em
-- Installing: /workspace/jazzy_ws/install/share/rosidl_generator_cpp/resource/action__type_support.hpp.em
-- Installing: /workspace/jazzy_ws/install/share/rosidl_generator_cpp/resource/msg__type_support.hpp.em
-- Installing: /workspace/jazzy_ws/install/share/rosidl_generator_cpp/resource/action__struct.hpp.em
-- Installing: /workspace/jazzy_ws/install/share/rosidl_generator_cpp/resource/srv__builder.hpp.em
-- Installing: /workspace/jazzy_ws/install/share/rosidl_generator_cpp/resource/idl__traits.hpp.em
-- Installing: /workspace/jazzy_ws/install/share/rosidl_generator_cpp/resource/idl__type_support.hpp.em
-- Installing: /workspace/jazzy_ws/install/share/rosidl_generator_cpp/resource/srv__type_support.hpp.em
-- Installing: /workspace/jazzy_ws/install/share/rosidl_generator_cpp/resource/srv__traits.hpp.em
-- Installing: /workspace/jazzy_ws/install/share/rosidl_generator_cpp/resource/idl.hpp.em
