[0.433s] Invoking command in '/workspace/jazzy_ws/build/rosidl_generator_cpp': AMENT_PREFIX_PATH=/workspace/jazzy_ws/install CMAKE_PREFIX_PATH=/workspace/jazzy_ws/install LD_LIBRARY_PATH=/workspace/jazzy_ws/install/lib:/workspace/jazzy_ws/install/opt/mimick_vendor/lib PATH=/workspace/jazzy_ws/install/bin:/workspace/jazzy_ws/install/opt/uncrustify_vendor/bin:${PATH} PKG_CONFIG_PATH=/workspace/jazzy_ws/install/lib/x86_64-linux-gnu/pkgconfig:/workspace/jazzy_ws/install/lib/pkgconfig PYTHONPATH=/workspace/jazzy_ws/install/lib/python3.12/site-packages /usr/bin/cmake /workspace/jazzy_ws/src/rosidl/rosidl_generator_cpp -DCMAKE_INSTALL_PREFIX=/workspace/jazzy_ws/install
[0.509s] -- The C compiler identification is GNU 13.3.0
[0.581s] -- The CXX compiler identification is GNU 13.3.0
[0.613s] -- Detecting C compiler ABI info
[0.677s] -- Detecting C compiler ABI info - done
[0.683s] -- Check for working C compiler: /usr/bin/cc - skipped
[0.683s] -- Detecting C compile features
[0.684s] -- Detecting C compile features - done
[0.691s] -- Detecting CXX compiler ABI info
[0.768s] -- Detecting CXX compiler ABI info - done
[0.775s] -- Check for working CXX compiler: /usr/bin/c++ - skipped
[0.776s] -- Detecting CXX compile features
[0.776s] -- Detecting CXX compile features - done
[0.777s] -- Found ament_cmake: 2.5.5 (/workspace/jazzy_ws/install/share/ament_cmake/cmake)
[0.877s] -- Found Python3: /usr/bin/python3 (found version "3.12.3") found components: Interpreter 
[1.057s] -- Found ament_lint_auto: 0.17.4 (/workspace/jazzy_ws/install/share/ament_lint_auto/cmake)
[1.138s] -- Added test 'copyright' to check source files copyright and LICENSE
[1.145s] -- Added test 'flake8' to check Python code syntax and style conventions
[1.145s] -- Configured 'flake8' exclude dirs and/or files: 
[1.146s] -- Added test 'lint_cmake' to check CMake code style
[1.147s] -- Added test 'pep257' to check Python code against some of the docstring style conventions in PEP 257
[1.151s] -- Added test 'xmllint' to check XML markup files
[1.152s] -- Configuring done (0.7s)
[1.156s] -- Generating done (0.0s)
[1.157s] -- Build files have been written to: /workspace/jazzy_ws/build/rosidl_generator_cpp
[1.161s] Invoked command in '/workspace/jazzy_ws/build/rosidl_generator_cpp' returned '0': AMENT_PREFIX_PATH=/workspace/jazzy_ws/install CMAKE_PREFIX_PATH=/workspace/jazzy_ws/install LD_LIBRARY_PATH=/workspace/jazzy_ws/install/lib:/workspace/jazzy_ws/install/opt/mimick_vendor/lib PATH=/workspace/jazzy_ws/install/bin:/workspace/jazzy_ws/install/opt/uncrustify_vendor/bin:${PATH} PKG_CONFIG_PATH=/workspace/jazzy_ws/install/lib/x86_64-linux-gnu/pkgconfig:/workspace/jazzy_ws/install/lib/pkgconfig PYTHONPATH=/workspace/jazzy_ws/install/lib/python3.12/site-packages /usr/bin/cmake /workspace/jazzy_ws/src/rosidl/rosidl_generator_cpp -DCMAKE_INSTALL_PREFIX=/workspace/jazzy_ws/install
[1.161s] Invoking command in '/workspace/jazzy_ws/build/rosidl_generator_cpp': AMENT_PREFIX_PATH=/workspace/jazzy_ws/install CMAKE_PREFIX_PATH=/workspace/jazzy_ws/install LD_LIBRARY_PATH=/workspace/jazzy_ws/install/lib:/workspace/jazzy_ws/install/opt/mimick_vendor/lib PATH=/workspace/jazzy_ws/install/bin:/workspace/jazzy_ws/install/opt/uncrustify_vendor/bin:${PATH} PKG_CONFIG_PATH=/workspace/jazzy_ws/install/lib/x86_64-linux-gnu/pkgconfig:/workspace/jazzy_ws/install/lib/pkgconfig PYTHONPATH=/workspace/jazzy_ws/install/lib/python3.12/site-packages /usr/bin/cmake --build /workspace/jazzy_ws/build/rosidl_generator_cpp -- -j24 -l24
[1.197s] Built target ament_cmake_python_copy_rosidl_generator_cpp_setup
[1.198s] Built target ament_cmake_python_copy_rosidl_generator_cpp
[1.318s] running egg_info
[1.323s] creating rosidl_generator_cpp.egg-info
[1.323s] writing rosidl_generator_cpp.egg-info/PKG-INFO
[1.323s] writing dependency_links to rosidl_generator_cpp.egg-info/dependency_links.txt
[1.323s] writing entry points to rosidl_generator_cpp.egg-info/entry_points.txt
[1.323s] writing top-level names to rosidl_generator_cpp.egg-info/top_level.txt
[1.324s] writing manifest file 'rosidl_generator_cpp.egg-info/SOURCES.txt'
[1.340s] reading manifest file 'rosidl_generator_cpp.egg-info/SOURCES.txt'
[1.340s] writing manifest file 'rosidl_generator_cpp.egg-info/SOURCES.txt'
[1.375s] Built target ament_cmake_python_build_rosidl_generator_cpp_egg
[1.375s] Invoked command in '/workspace/jazzy_ws/build/rosidl_generator_cpp' returned '0': AMENT_PREFIX_PATH=/workspace/jazzy_ws/install CMAKE_PREFIX_PATH=/workspace/jazzy_ws/install LD_LIBRARY_PATH=/workspace/jazzy_ws/install/lib:/workspace/jazzy_ws/install/opt/mimick_vendor/lib PATH=/workspace/jazzy_ws/install/bin:/workspace/jazzy_ws/install/opt/uncrustify_vendor/bin:${PATH} PKG_CONFIG_PATH=/workspace/jazzy_ws/install/lib/x86_64-linux-gnu/pkgconfig:/workspace/jazzy_ws/install/lib/pkgconfig PYTHONPATH=/workspace/jazzy_ws/install/lib/python3.12/site-packages /usr/bin/cmake --build /workspace/jazzy_ws/build/rosidl_generator_cpp -- -j24 -l24
[1.375s] Invoking command in '/workspace/jazzy_ws/build/rosidl_generator_cpp': AMENT_PREFIX_PATH=/workspace/jazzy_ws/install CMAKE_PREFIX_PATH=/workspace/jazzy_ws/install LD_LIBRARY_PATH=/workspace/jazzy_ws/install/lib:/workspace/jazzy_ws/install/opt/mimick_vendor/lib PATH=/workspace/jazzy_ws/install/bin:/workspace/jazzy_ws/install/opt/uncrustify_vendor/bin:${PATH} PKG_CONFIG_PATH=/workspace/jazzy_ws/install/lib/x86_64-linux-gnu/pkgconfig:/workspace/jazzy_ws/install/lib/pkgconfig PYTHONPATH=/workspace/jazzy_ws/install/lib/python3.12/site-packages /usr/bin/cmake --install /workspace/jazzy_ws/build/rosidl_generator_cpp
[1.380s] -- Install configuration: ""
[1.380s] -- Installing: /workspace/jazzy_ws/install/share/ament_index/resource_index/rosidl_generator_packages/rosidl_generator_cpp
[1.380s] -- Installing: /workspace/jazzy_ws/install/share/rosidl_generator_cpp/environment/pythonpath.sh
[1.380s] -- Installing: /workspace/jazzy_ws/install/share/rosidl_generator_cpp/environment/pythonpath.dsv
[1.381s] -- Installing: /workspace/jazzy_ws/install/lib/python3.12/site-packages/rosidl_generator_cpp-4.6.7-py3.12.egg-info
[1.381s] -- Installing: /workspace/jazzy_ws/install/lib/python3.12/site-packages/rosidl_generator_cpp-4.6.7-py3.12.egg-info/PKG-INFO
[1.381s] -- Installing: /workspace/jazzy_ws/install/lib/python3.12/site-packages/rosidl_generator_cpp-4.6.7-py3.12.egg-info/SOURCES.txt
[1.381s] -- Installing: /workspace/jazzy_ws/install/lib/python3.12/site-packages/rosidl_generator_cpp-4.6.7-py3.12.egg-info/top_level.txt
[1.381s] -- Installing: /workspace/jazzy_ws/install/lib/python3.12/site-packages/rosidl_generator_cpp-4.6.7-py3.12.egg-info/entry_points.txt
[1.381s] -- Installing: /workspace/jazzy_ws/install/lib/python3.12/site-packages/rosidl_generator_cpp-4.6.7-py3.12.egg-info/dependency_links.txt
[1.381s] -- Installing: /workspace/jazzy_ws/install/lib/python3.12/site-packages/rosidl_generator_cpp
[1.381s] -- Installing: /workspace/jazzy_ws/install/lib/python3.12/site-packages/rosidl_generator_cpp/cli.py
[1.381s] -- Installing: /workspace/jazzy_ws/install/lib/python3.12/site-packages/rosidl_generator_cpp/__init__.py
[1.407s] Listing '/workspace/jazzy_ws/install/lib/python3.12/site-packages/rosidl_generator_cpp'...
[1.407s] Compiling '/workspace/jazzy_ws/install/lib/python3.12/site-packages/rosidl_generator_cpp/__init__.py'...
[1.407s] Compiling '/workspace/jazzy_ws/install/lib/python3.12/site-packages/rosidl_generator_cpp/cli.py'...
[1.410s] -- Installing: /workspace/jazzy_ws/install/share/ament_index/resource_index/package_run_dependencies/rosidl_generator_cpp
[1.411s] -- Installing: /workspace/jazzy_ws/install/share/ament_index/resource_index/parent_prefix_path/rosidl_generator_cpp
[1.411s] -- Installing: /workspace/jazzy_ws/install/share/rosidl_generator_cpp/environment/ament_prefix_path.sh
[1.411s] -- Installing: /workspace/jazzy_ws/install/share/rosidl_generator_cpp/environment/ament_prefix_path.dsv
[1.411s] -- Installing: /workspace/jazzy_ws/install/share/rosidl_generator_cpp/environment/path.sh
[1.411s] -- Installing: /workspace/jazzy_ws/install/share/rosidl_generator_cpp/environment/path.dsv
[1.411s] -- Installing: /workspace/jazzy_ws/install/share/rosidl_generator_cpp/local_setup.bash
[1.411s] -- Installing: /workspace/jazzy_ws/install/share/rosidl_generator_cpp/local_setup.sh
[1.412s] -- Installing: /workspace/jazzy_ws/install/share/rosidl_generator_cpp/local_setup.zsh
[1.412s] -- Installing: /workspace/jazzy_ws/install/share/rosidl_generator_cpp/local_setup.dsv
[1.412s] -- Installing: /workspace/jazzy_ws/install/share/rosidl_generator_cpp/package.dsv
[1.412s] -- Installing: /workspace/jazzy_ws/install/share/ament_index/resource_index/packages/rosidl_generator_cpp
[1.412s] -- Installing: /workspace/jazzy_ws/install/share/rosidl_generator_cpp/cmake/rosidl_generator_cpp-extras.cmake
[1.412s] -- Installing: /workspace/jazzy_ws/install/share/rosidl_generator_cpp/cmake/rosidl_generator_cppConfig.cmake
[1.412s] -- Installing: /workspace/jazzy_ws/install/share/rosidl_generator_cpp/cmake/rosidl_generator_cppConfig-version.cmake
[1.412s] -- Installing: /workspace/jazzy_ws/install/share/rosidl_generator_cpp/package.xml
[1.412s] -- Installing: /workspace/jazzy_ws/install/lib/rosidl_generator_cpp/rosidl_generator_cpp
[1.412s] -- Up-to-date: /workspace/jazzy_ws/install/share/rosidl_generator_cpp/cmake
[1.412s] -- Installing: /workspace/jazzy_ws/install/share/rosidl_generator_cpp/cmake/register_cpp.cmake
[1.412s] -- Installing: /workspace/jazzy_ws/install/share/rosidl_generator_cpp/cmake/rosidl_generator_cpp_generate_interfaces.cmake
[1.413s] -- Installing: /workspace/jazzy_ws/install/share/rosidl_generator_cpp/resource
[1.413s] -- Installing: /workspace/jazzy_ws/install/share/rosidl_generator_cpp/resource/msg__traits.hpp.em
[1.413s] -- Installing: /workspace/jazzy_ws/install/share/rosidl_generator_cpp/resource/idl__struct.hpp.em
[1.413s] -- Installing: /workspace/jazzy_ws/install/share/rosidl_generator_cpp/resource/action__traits.hpp.em
[1.413s] -- Installing: /workspace/jazzy_ws/install/share/rosidl_generator_cpp/resource/action__builder.hpp.em
[1.413s] -- Installing: /workspace/jazzy_ws/install/share/rosidl_generator_cpp/resource/srv__struct.hpp.em
[1.413s] -- Installing: /workspace/jazzy_ws/install/share/rosidl_generator_cpp/resource/idl__builder.hpp.em
[1.413s] -- Installing: /workspace/jazzy_ws/install/share/rosidl_generator_cpp/resource/msg__struct.hpp.em
[1.413s] -- Installing: /workspace/jazzy_ws/install/share/rosidl_generator_cpp/resource/rosidl_generator_cpp__visibility_control.hpp.in
[1.414s] -- Installing: /workspace/jazzy_ws/install/share/rosidl_generator_cpp/resource/msg__builder.hpp.em
[1.414s] -- Installing: /workspace/jazzy_ws/install/share/rosidl_generator_cpp/resource/action__type_support.hpp.em
[1.414s] -- Installing: /workspace/jazzy_ws/install/share/rosidl_generator_cpp/resource/msg__type_support.hpp.em
[1.414s] -- Installing: /workspace/jazzy_ws/install/share/rosidl_generator_cpp/resource/action__struct.hpp.em
[1.414s] -- Installing: /workspace/jazzy_ws/install/share/rosidl_generator_cpp/resource/srv__builder.hpp.em
[1.414s] -- Installing: /workspace/jazzy_ws/install/share/rosidl_generator_cpp/resource/idl__traits.hpp.em
[1.414s] -- Installing: /workspace/jazzy_ws/install/share/rosidl_generator_cpp/resource/idl__type_support.hpp.em
[1.414s] -- Installing: /workspace/jazzy_ws/install/share/rosidl_generator_cpp/resource/srv__type_support.hpp.em
[1.414s] -- Installing: /workspace/jazzy_ws/install/share/rosidl_generator_cpp/resource/srv__traits.hpp.em
[1.414s] -- Installing: /workspace/jazzy_ws/install/share/rosidl_generator_cpp/resource/idl.hpp.em
[1.415s] Invoked command in '/workspace/jazzy_ws/build/rosidl_generator_cpp' returned '0': AMENT_PREFIX_PATH=/workspace/jazzy_ws/install CMAKE_PREFIX_PATH=/workspace/jazzy_ws/install LD_LIBRARY_PATH=/workspace/jazzy_ws/install/lib:/workspace/jazzy_ws/install/opt/mimick_vendor/lib PATH=/workspace/jazzy_ws/install/bin:/workspace/jazzy_ws/install/opt/uncrustify_vendor/bin:${PATH} PKG_CONFIG_PATH=/workspace/jazzy_ws/install/lib/x86_64-linux-gnu/pkgconfig:/workspace/jazzy_ws/install/lib/pkgconfig PYTHONPATH=/workspace/jazzy_ws/install/lib/python3.12/site-packages /usr/bin/cmake --install /workspace/jazzy_ws/build/rosidl_generator_cpp
