/workspace/jazzy_ws/install/lib/python3.12/site-packages/ros2doctor/__init__.py
/workspace/jazzy_ws/install/lib/python3.12/site-packages/ros2doctor/verb/hello.py
/workspace/jazzy_ws/install/lib/python3.12/site-packages/ros2doctor/verb/__init__.py
/workspace/jazzy_ws/install/lib/python3.12/site-packages/ros2doctor/command/__init__.py
/workspace/jazzy_ws/install/lib/python3.12/site-packages/ros2doctor/command/doctor.py
/workspace/jazzy_ws/install/lib/python3.12/site-packages/ros2doctor/api/package.py
/workspace/jazzy_ws/install/lib/python3.12/site-packages/ros2doctor/api/format.py
/workspace/jazzy_ws/install/lib/python3.12/site-packages/ros2doctor/api/rmw.py
/workspace/jazzy_ws/install/lib/python3.12/site-packages/ros2doctor/api/topic.py
/workspace/jazzy_ws/install/lib/python3.12/site-packages/ros2doctor/api/__init__.py
/workspace/jazzy_ws/install/lib/python3.12/site-packages/ros2doctor/api/platform.py
/workspace/jazzy_ws/install/lib/python3.12/site-packages/ros2doctor/api/qos_compatibility.py
/workspace/jazzy_ws/install/lib/python3.12/site-packages/ros2doctor/api/network.py
/workspace/jazzy_ws/install/lib/python3.12/site-packages/ros2doctor/__pycache__/__init__.cpython-312.pyc
/workspace/jazzy_ws/install/lib/python3.12/site-packages/ros2doctor/verb/__pycache__/hello.cpython-312.pyc
/workspace/jazzy_ws/install/lib/python3.12/site-packages/ros2doctor/verb/__pycache__/__init__.cpython-312.pyc
/workspace/jazzy_ws/install/lib/python3.12/site-packages/ros2doctor/command/__pycache__/__init__.cpython-312.pyc
/workspace/jazzy_ws/install/lib/python3.12/site-packages/ros2doctor/command/__pycache__/doctor.cpython-312.pyc
/workspace/jazzy_ws/install/lib/python3.12/site-packages/ros2doctor/api/__pycache__/package.cpython-312.pyc
/workspace/jazzy_ws/install/lib/python3.12/site-packages/ros2doctor/api/__pycache__/format.cpython-312.pyc
/workspace/jazzy_ws/install/lib/python3.12/site-packages/ros2doctor/api/__pycache__/rmw.cpython-312.pyc
/workspace/jazzy_ws/install/lib/python3.12/site-packages/ros2doctor/api/__pycache__/topic.cpython-312.pyc
/workspace/jazzy_ws/install/lib/python3.12/site-packages/ros2doctor/api/__pycache__/__init__.cpython-312.pyc
/workspace/jazzy_ws/install/lib/python3.12/site-packages/ros2doctor/api/__pycache__/platform.cpython-312.pyc
/workspace/jazzy_ws/install/lib/python3.12/site-packages/ros2doctor/api/__pycache__/qos_compatibility.cpython-312.pyc
/workspace/jazzy_ws/install/lib/python3.12/site-packages/ros2doctor/api/__pycache__/network.cpython-312.pyc
/workspace/jazzy_ws/install/share/ros2doctor/package.xml
/workspace/jazzy_ws/install/share/ament_index/resource_index/packages/ros2doctor
/workspace/jazzy_ws/install/lib/python3.12/site-packages/ros2doctor-0.32.8-py3.12.egg-info/PKG-INFO
/workspace/jazzy_ws/install/lib/python3.12/site-packages/ros2doctor-0.32.8-py3.12.egg-info/SOURCES.txt
/workspace/jazzy_ws/install/lib/python3.12/site-packages/ros2doctor-0.32.8-py3.12.egg-info/zip-safe
/workspace/jazzy_ws/install/lib/python3.12/site-packages/ros2doctor-0.32.8-py3.12.egg-info/requires.txt
/workspace/jazzy_ws/install/lib/python3.12/site-packages/ros2doctor-0.32.8-py3.12.egg-info/top_level.txt
/workspace/jazzy_ws/install/lib/python3.12/site-packages/ros2doctor-0.32.8-py3.12.egg-info/entry_points.txt
/workspace/jazzy_ws/install/lib/python3.12/site-packages/ros2doctor-0.32.8-py3.12.egg-info/dependency_links.txt
