-- The C compiler identification is GNU 13.3.0
-- The CXX compiler identification is GNU 13.3.0
-- Detecting C compiler ABI info
-- Detecting C compiler ABI info - done
-- Check for working C compiler: /usr/bin/cc - skipped
-- Detecting C compile features
-- Detecting C compile features - done
-- Detecting CXX compiler ABI info
-- Detecting CXX compiler ABI info - done
-- Check for working CXX compiler: /usr/bin/c++ - skipped
-- Detecting CXX compile features
-- Detecting CXX compile features - done
-- Found ament_cmake: 2.5.5 (/workspace/jazzy_ws/install/share/ament_cmake/cmake)
-- Found Python3: /usr/bin/python3 (found version "3.12.3") found components: Interpreter 
-- Found rosidl_core_generators: 0.2.0 (/workspace/jazzy_ws/install/share/rosidl_core_generators/cmake)
-- Using all available rosidl_typesupport_c: rosidl_typesupport_fastrtps_c;rosidl_typesupport_introspection_c
-- Using all available rosidl_typesupport_cpp: rosidl_typesupport_fastrtps_cpp;rosidl_typesupport_introspection_cpp
-- Found rosidl_adapter: 4.6.7 (/workspace/jazzy_ws/install/share/rosidl_adapter/cmake)
-- Found ament_cmake_cppcheck: 0.17.4 (/workspace/jazzy_ws/install/share/ament_cmake_cppcheck/cmake)
-- Found ament_cmake_cpplint: 0.17.4 (/workspace/jazzy_ws/install/share/ament_cmake_cpplint/cmake)
-- Found ament_cmake_uncrustify: 0.17.4 (/workspace/jazzy_ws/install/share/ament_cmake_uncrustify/cmake)
-- Found ament_cmake_ros: 0.12.0 (/workspace/jazzy_ws/install/share/ament_cmake_ros/cmake)
-- Using all available rosidl_typesupport_c: rosidl_typesupport_fastrtps_c;rosidl_typesupport_introspection_c
-- Using all available rosidl_typesupport_cpp: rosidl_typesupport_fastrtps_cpp;rosidl_typesupport_introspection_cpp
-- Found python_cmake_module: 0.11.1 (/workspace/jazzy_ws/install/share/python_cmake_module/cmake)
-- Found PythonExtra: /usr/bin/python3  
-- Found Python3: /usr/bin/python3 (found version "3.12.3") found components: Interpreter Development NumPy Development.Module Development.Embed 
-- Found ament_cmake_flake8: 0.17.4 (/workspace/jazzy_ws/install/share/ament_cmake_flake8/cmake)
-- Found ament_cmake_pep257: 0.17.4 (/workspace/jazzy_ws/install/share/ament_cmake_pep257/cmake)
-- Found ament_lint_auto: 0.17.4 (/workspace/jazzy_ws/install/share/ament_lint_auto/cmake)
-- Added test 'copyright' to check source files copyright and LICENSE
-- Added test 'lint_cmake' to check CMake code style
-- Added test 'xmllint' to check XML markup files
-- Configuring done (1.5s)
-- Generating done (0.0s)
-- Build files have been written to: /workspace/jazzy_ws/build/type_description_interfaces
[  1%] Generating type hashes for ROS interfaces
[  1%] Built target ament_cmake_python_copy_type_description_interfaces
running egg_info
creating type_description_interfaces.egg-info
writing type_description_interfaces.egg-info/PKG-INFO
writing dependency_links to type_description_interfaces.egg-info/dependency_links.txt
writing top-level names to type_description_interfaces.egg-info/top_level.txt
writing manifest file 'type_description_interfaces.egg-info/SOURCES.txt'
reading manifest file 'type_description_interfaces.egg-info/SOURCES.txt'
writing manifest file 'type_description_interfaces.egg-info/SOURCES.txt'
[  1%] Built target ament_cmake_python_build_type_description_interfaces_egg
[  1%] Built target type_description_interfaces__rosidl_generator_type_description
[  2%] Generating C code for ROS interfaces
[  3%] Generating C++ code for ROS interfaces
[  3%] Built target type_description_interfaces__cpp
[  5%] Building C object CMakeFiles/type_description_interfaces__rosidl_generator_c.dir/rosidl_generator_c/type_description_interfaces/msg/detail/field__description.c.o
[  5%] Building C object CMakeFiles/type_description_interfaces__rosidl_generator_c.dir/rosidl_generator_c/type_description_interfaces/msg/detail/field__functions.c.o
[  6%] Building C object CMakeFiles/type_description_interfaces__rosidl_generator_c.dir/rosidl_generator_c/type_description_interfaces/msg/detail/field__type_support.c.o
[  7%] Building C object CMakeFiles/type_description_interfaces__rosidl_generator_c.dir/rosidl_generator_c/type_description_interfaces/msg/detail/field_type__description.c.o
[  8%] Building C object CMakeFiles/type_description_interfaces__rosidl_generator_c.dir/rosidl_generator_c/type_description_interfaces/msg/detail/field_type__functions.c.o
[  9%] Building C object CMakeFiles/type_description_interfaces__rosidl_generator_c.dir/rosidl_generator_c/type_description_interfaces/msg/detail/field_type__type_support.c.o
[ 10%] Building C object CMakeFiles/type_description_interfaces__rosidl_generator_c.dir/rosidl_generator_c/type_description_interfaces/msg/detail/individual_type_description__functions.c.o
[ 12%] Building C object CMakeFiles/type_description_interfaces__rosidl_generator_c.dir/rosidl_generator_c/type_description_interfaces/msg/detail/individual_type_description__type_support.c.o
[ 12%] Building C object CMakeFiles/type_description_interfaces__rosidl_generator_c.dir/rosidl_generator_c/type_description_interfaces/msg/detail/individual_type_description__description.c.o
[ 13%] Building C object CMakeFiles/type_description_interfaces__rosidl_generator_c.dir/rosidl_generator_c/type_description_interfaces/msg/detail/key_value__type_support.c.o
[ 15%] Building C object CMakeFiles/type_description_interfaces__rosidl_generator_c.dir/rosidl_generator_c/type_description_interfaces/msg/detail/key_value__functions.c.o
[ 15%] Building C object CMakeFiles/type_description_interfaces__rosidl_generator_c.dir/rosidl_generator_c/type_description_interfaces/msg/detail/key_value__description.c.o
[ 17%] Building C object CMakeFiles/type_description_interfaces__rosidl_generator_c.dir/rosidl_generator_c/type_description_interfaces/msg/detail/type_description__functions.c.o
[ 18%] Building C object CMakeFiles/type_description_interfaces__rosidl_generator_c.dir/rosidl_generator_c/type_description_interfaces/msg/detail/type_description__description.c.o
[ 19%] Building C object CMakeFiles/type_description_interfaces__rosidl_generator_c.dir/rosidl_generator_c/type_description_interfaces/msg/detail/type_source__type_support.c.o
[ 21%] Building C object CMakeFiles/type_description_interfaces__rosidl_generator_c.dir/rosidl_generator_c/type_description_interfaces/srv/detail/get_type_description__description.c.o
[ 21%] Building C object CMakeFiles/type_description_interfaces__rosidl_generator_c.dir/rosidl_generator_c/type_description_interfaces/srv/detail/get_type_description__functions.c.o
[ 24%] Building C object CMakeFiles/type_description_interfaces__rosidl_generator_c.dir/rosidl_generator_c/type_description_interfaces/msg/detail/type_description__type_support.c.o
[ 22%] Building C object CMakeFiles/type_description_interfaces__rosidl_generator_c.dir/rosidl_generator_c/type_description_interfaces/msg/detail/type_source__functions.c.o
[ 24%] Building C object CMakeFiles/type_description_interfaces__rosidl_generator_c.dir/rosidl_generator_c/type_description_interfaces/msg/detail/type_source__description.c.o
[ 25%] Building C object CMakeFiles/type_description_interfaces__rosidl_generator_c.dir/rosidl_generator_c/type_description_interfaces/srv/detail/get_type_description__type_support.c.o
[ 26%] Linking C shared library libtype_description_interfaces__rosidl_generator_c.so
[ 26%] Built target type_description_interfaces__rosidl_generator_c
[ 29%] Generating C++ type support dispatch for ROS interfaces
[ 29%] Generating C type support dispatch for ROS interfaces
[ 29%] Generating C introspection for ROS interfaces
[ 30%] Generating C type support for eProsima Fast-RTPS
[ 31%] Generating C++ type support for eProsima Fast-RTPS
[ 32%] Generating C++ introspection for ROS interfaces
[ 38%] Building CXX object CMakeFiles/type_description_interfaces__rosidl_typesupport_cpp.dir/rosidl_typesupport_cpp/type_description_interfaces/msg/key_value__type_support.cpp.o
[ 38%] Building CXX object CMakeFiles/type_description_interfaces__rosidl_typesupport_cpp.dir/rosidl_typesupport_cpp/type_description_interfaces/srv/get_type_description__type_support.cpp.o
[ 38%] Building CXX object CMakeFiles/type_description_interfaces__rosidl_typesupport_cpp.dir/rosidl_typesupport_cpp/type_description_interfaces/msg/field__type_support.cpp.o
[ 38%] Building CXX object CMakeFiles/type_description_interfaces__rosidl_typesupport_cpp.dir/rosidl_typesupport_cpp/type_description_interfaces/msg/individual_type_description__type_support.cpp.o
[ 39%] Building CXX object CMakeFiles/type_description_interfaces__rosidl_typesupport_cpp.dir/rosidl_typesupport_cpp/type_description_interfaces/msg/type_source__type_support.cpp.o
[ 38%] Building CXX object CMakeFiles/type_description_interfaces__rosidl_typesupport_cpp.dir/rosidl_typesupport_cpp/type_description_interfaces/msg/field_type__type_support.cpp.o
[ 40%] Building CXX object CMakeFiles/type_description_interfaces__rosidl_typesupport_cpp.dir/rosidl_typesupport_cpp/type_description_interfaces/msg/type_description__type_support.cpp.o
[ 41%] Building CXX object CMakeFiles/type_description_interfaces__rosidl_typesupport_c.dir/rosidl_typesupport_c/type_description_interfaces/msg/field_type__type_support.cpp.o
[ 42%] Building CXX object CMakeFiles/type_description_interfaces__rosidl_typesupport_c.dir/rosidl_typesupport_c/type_description_interfaces/msg/field__type_support.cpp.o
[ 43%] Building CXX object CMakeFiles/type_description_interfaces__rosidl_typesupport_c.dir/rosidl_typesupport_c/type_description_interfaces/msg/key_value__type_support.cpp.o
[ 45%] Building CXX object CMakeFiles/type_description_interfaces__rosidl_typesupport_c.dir/rosidl_typesupport_c/type_description_interfaces/msg/type_description__type_support.cpp.o
[ 45%] Building CXX object CMakeFiles/type_description_interfaces__rosidl_typesupport_c.dir/rosidl_typesupport_c/type_description_interfaces/msg/individual_type_description__type_support.cpp.o
[ 46%] Building CXX object CMakeFiles/type_description_interfaces__rosidl_typesupport_c.dir/rosidl_typesupport_c/type_description_interfaces/msg/type_source__type_support.cpp.o
[ 47%] Building CXX object CMakeFiles/type_description_interfaces__rosidl_typesupport_c.dir/rosidl_typesupport_c/type_description_interfaces/srv/get_type_description__type_support.cpp.o
[ 48%] Building CXX object CMakeFiles/type_description_interfaces__rosidl_typesupport_introspection_cpp.dir/rosidl_typesupport_introspection_cpp/type_description_interfaces/msg/detail/field__type_support.cpp.o
[ 50%] Building CXX object CMakeFiles/type_description_interfaces__rosidl_typesupport_introspection_cpp.dir/rosidl_typesupport_introspection_cpp/type_description_interfaces/msg/detail/field_type__type_support.cpp.o
[ 51%] Building CXX object CMakeFiles/type_description_interfaces__rosidl_typesupport_introspection_cpp.dir/rosidl_typesupport_introspection_cpp/type_description_interfaces/msg/detail/key_value__type_support.cpp.o
[ 52%] Building CXX object CMakeFiles/type_description_interfaces__rosidl_typesupport_introspection_cpp.dir/rosidl_typesupport_introspection_cpp/type_description_interfaces/msg/detail/individual_type_description__type_support.cpp.o
[ 53%] Building CXX object CMakeFiles/type_description_interfaces__rosidl_typesupport_introspection_cpp.dir/rosidl_typesupport_introspection_cpp/type_description_interfaces/msg/detail/type_description__type_support.cpp.o
[ 54%] Building CXX object CMakeFiles/type_description_interfaces__rosidl_typesupport_introspection_cpp.dir/rosidl_typesupport_introspection_cpp/type_description_interfaces/msg/detail/type_source__type_support.cpp.o
[ 55%] Building CXX object CMakeFiles/type_description_interfaces__rosidl_typesupport_introspection_cpp.dir/rosidl_typesupport_introspection_cpp/type_description_interfaces/srv/detail/get_type_description__type_support.cpp.o
[ 56%] Linking CXX shared library libtype_description_interfaces__rosidl_typesupport_c.so
[ 61%] Building C object CMakeFiles/type_description_interfaces__rosidl_typesupport_introspection_c.dir/rosidl_typesupport_introspection_c/type_description_interfaces/msg/detail/field__type_support.c.o
[ 61%] Building C object CMakeFiles/type_description_interfaces__rosidl_typesupport_introspection_c.dir/rosidl_typesupport_introspection_c/type_description_interfaces/msg/detail/individual_type_description__type_support.c.o
[ 61%] Building C object CMakeFiles/type_description_interfaces__rosidl_typesupport_introspection_c.dir/rosidl_typesupport_introspection_c/type_description_interfaces/msg/detail/key_value__type_support.c.o
[ 62%] Building C object CMakeFiles/type_description_interfaces__rosidl_typesupport_introspection_c.dir/rosidl_typesupport_introspection_c/type_description_interfaces/msg/detail/type_source__type_support.c.o
[ 62%] Building C object CMakeFiles/type_description_interfaces__rosidl_typesupport_introspection_c.dir/rosidl_typesupport_introspection_c/type_description_interfaces/msg/detail/type_description__type_support.c.o
[ 61%] Building C object CMakeFiles/type_description_interfaces__rosidl_typesupport_introspection_c.dir/rosidl_typesupport_introspection_c/type_description_interfaces/msg/detail/field_type__type_support.c.o
[ 63%] Building C object CMakeFiles/type_description_interfaces__rosidl_typesupport_introspection_c.dir/rosidl_typesupport_introspection_c/type_description_interfaces/srv/detail/get_type_description__type_support.c.o
[ 63%] Built target type_description_interfaces__rosidl_typesupport_c
[ 65%] Building CXX object CMakeFiles/type_description_interfaces__rosidl_typesupport_fastrtps_cpp.dir/rosidl_typesupport_fastrtps_cpp/type_description_interfaces/msg/detail/dds_fastrtps/field_type__type_support.cpp.o
[ 65%] Building CXX object CMakeFiles/type_description_interfaces__rosidl_typesupport_fastrtps_cpp.dir/rosidl_typesupport_fastrtps_cpp/type_description_interfaces/msg/detail/dds_fastrtps/field__type_support.cpp.o
[ 67%] Building CXX object CMakeFiles/type_description_interfaces__rosidl_typesupport_fastrtps_cpp.dir/rosidl_typesupport_fastrtps_cpp/type_description_interfaces/msg/detail/dds_fastrtps/individual_type_description__type_support.cpp.o
[ 68%] Building CXX object CMakeFiles/type_description_interfaces__rosidl_typesupport_fastrtps_cpp.dir/rosidl_typesupport_fastrtps_cpp/type_description_interfaces/msg/detail/dds_fastrtps/key_value__type_support.cpp.o
[ 70%] Building CXX object CMakeFiles/type_description_interfaces__rosidl_typesupport_fastrtps_cpp.dir/rosidl_typesupport_fastrtps_cpp/type_description_interfaces/msg/detail/dds_fastrtps/type_source__type_support.cpp.o
[ 70%] Linking C shared library libtype_description_interfaces__rosidl_typesupport_introspection_c.so
[ 71%] Building CXX object CMakeFiles/type_description_interfaces__rosidl_typesupport_fastrtps_cpp.dir/rosidl_typesupport_fastrtps_cpp/type_description_interfaces/srv/detail/dds_fastrtps/get_type_description__type_support.cpp.o
[ 72%] Building CXX object CMakeFiles/type_description_interfaces__rosidl_typesupport_fastrtps_cpp.dir/rosidl_typesupport_fastrtps_cpp/type_description_interfaces/msg/detail/dds_fastrtps/type_description__type_support.cpp.o
[ 73%] Building CXX object CMakeFiles/type_description_interfaces__rosidl_typesupport_fastrtps_c.dir/rosidl_typesupport_fastrtps_c/type_description_interfaces/msg/detail/field_type__type_support_c.cpp.o
[ 74%] Building CXX object CMakeFiles/type_description_interfaces__rosidl_typesupport_fastrtps_c.dir/rosidl_typesupport_fastrtps_c/type_description_interfaces/msg/detail/field__type_support_c.cpp.o
[ 74%] Built target type_description_interfaces__rosidl_typesupport_introspection_c
[ 75%] Building CXX object CMakeFiles/type_description_interfaces__rosidl_typesupport_fastrtps_c.dir/rosidl_typesupport_fastrtps_c/type_description_interfaces/msg/detail/key_value__type_support_c.cpp.o
[ 76%] Building CXX object CMakeFiles/type_description_interfaces__rosidl_typesupport_fastrtps_c.dir/rosidl_typesupport_fastrtps_c/type_description_interfaces/msg/detail/individual_type_description__type_support_c.cpp.o
[ 77%] Building CXX object CMakeFiles/type_description_interfaces__rosidl_typesupport_fastrtps_c.dir/rosidl_typesupport_fastrtps_c/type_description_interfaces/msg/detail/type_description__type_support_c.cpp.o
[ 78%] Building CXX object CMakeFiles/type_description_interfaces__rosidl_typesupport_fastrtps_c.dir/rosidl_typesupport_fastrtps_c/type_description_interfaces/msg/detail/type_source__type_support_c.cpp.o
[ 79%] Building CXX object CMakeFiles/type_description_interfaces__rosidl_typesupport_fastrtps_c.dir/rosidl_typesupport_fastrtps_c/type_description_interfaces/srv/detail/get_type_description__type_support_c.cpp.o
[ 80%] Linking CXX shared library libtype_description_interfaces__rosidl_typesupport_cpp.so
[ 80%] Built target type_description_interfaces__rosidl_typesupport_cpp
[ 81%] Linking CXX shared library libtype_description_interfaces__rosidl_typesupport_fastrtps_c.so
[ 82%] Linking CXX shared library libtype_description_interfaces__rosidl_typesupport_introspection_cpp.so
[ 82%] Built target type_description_interfaces__rosidl_typesupport_fastrtps_c
[ 82%] Built target type_description_interfaces__rosidl_typesupport_introspection_cpp
[ 84%] Linking CXX shared library libtype_description_interfaces__rosidl_typesupport_fastrtps_cpp.so
[ 84%] Built target type_description_interfaces__rosidl_typesupport_fastrtps_cpp
[ 84%] Built target type_description_interfaces
[ 85%] Generating Python code for ROS interfaces
[ 85%] Built target type_description_interfaces__py
[ 89%] Building C object CMakeFiles/type_description_interfaces__rosidl_generator_py.dir/rosidl_generator_py/type_description_interfaces/msg/_type_description_s.c.o
[ 89%] Building C object CMakeFiles/type_description_interfaces__rosidl_generator_py.dir/rosidl_generator_py/type_description_interfaces/msg/_field_s.c.o
[ 89%] Building C object CMakeFiles/type_description_interfaces__rosidl_generator_py.dir/rosidl_generator_py/type_description_interfaces/msg/_individual_type_description_s.c.o
[ 90%] Building C object CMakeFiles/type_description_interfaces__rosidl_generator_py.dir/rosidl_generator_py/type_description_interfaces/srv/_get_type_description_s.c.o
[ 91%] Building C object CMakeFiles/type_description_interfaces__rosidl_generator_py.dir/rosidl_generator_py/type_description_interfaces/msg/_field_type_s.c.o
[ 89%] Building C object CMakeFiles/type_description_interfaces__rosidl_generator_py.dir/rosidl_generator_py/type_description_interfaces/msg/_key_value_s.c.o
[ 92%] Building C object CMakeFiles/type_description_interfaces__rosidl_generator_py.dir/rosidl_generator_py/type_description_interfaces/msg/_type_source_s.c.o
[ 93%] Linking C shared library libtype_description_interfaces__rosidl_generator_py.so
[ 93%] Built target type_description_interfaces__rosidl_generator_py
[ 96%] Building C object CMakeFiles/type_description_interfaces_s__rosidl_typesupport_fastrtps_c.dir/rosidl_generator_py/type_description_interfaces/_type_description_interfaces_s.ep.rosidl_typesupport_fastrtps_c.c.o
[ 96%] Building C object CMakeFiles/type_description_interfaces_s__rosidl_typesupport_c.dir/rosidl_generator_py/type_description_interfaces/_type_description_interfaces_s.ep.rosidl_typesupport_c.c.o
[ 96%] Building C object CMakeFiles/type_description_interfaces_s__rosidl_typesupport_introspection_c.dir/rosidl_generator_py/type_description_interfaces/_type_description_interfaces_s.ep.rosidl_typesupport_introspection_c.c.o
[ 97%] Linking C shared module rosidl_generator_py/type_description_interfaces/type_description_interfaces_s__rosidl_typesupport_introspection_c.so
[100%] Linking C shared module rosidl_generator_py/type_description_interfaces/type_description_interfaces_s__rosidl_typesupport_fastrtps_c.so
[100%] Linking C shared module rosidl_generator_py/type_description_interfaces/type_description_interfaces_s__rosidl_typesupport_c.so
[100%] Built target type_description_interfaces_s__rosidl_typesupport_introspection_c
[100%] Built target type_description_interfaces_s__rosidl_typesupport_fastrtps_c
[100%] Built target type_description_interfaces_s__rosidl_typesupport_c
-- Install configuration: ""
-- Installing: /workspace/jazzy_ws/install/share/ament_index/resource_index/rosidl_interfaces/type_description_interfaces
-- Installing: /workspace/jazzy_ws/install/share/type_description_interfaces/msg/Field.json
-- Installing: /workspace/jazzy_ws/install/share/type_description_interfaces/msg/FieldType.json
-- Installing: /workspace/jazzy_ws/install/share/type_description_interfaces/msg/IndividualTypeDescription.json
-- Installing: /workspace/jazzy_ws/install/share/type_description_interfaces/msg/KeyValue.json
-- Installing: /workspace/jazzy_ws/install/share/type_description_interfaces/msg/TypeDescription.json
-- Installing: /workspace/jazzy_ws/install/share/type_description_interfaces/msg/TypeSource.json
-- Installing: /workspace/jazzy_ws/install/share/type_description_interfaces/srv/GetTypeDescription.json
-- Installing: /workspace/jazzy_ws/install/include/type_description_interfaces/type_description_interfaces
-- Installing: /workspace/jazzy_ws/install/include/type_description_interfaces/type_description_interfaces/msg
-- Installing: /workspace/jazzy_ws/install/include/type_description_interfaces/type_description_interfaces/msg/detail
-- Installing: /workspace/jazzy_ws/install/include/type_description_interfaces/type_description_interfaces/msg/detail/type_source__description.c
-- Installing: /workspace/jazzy_ws/install/include/type_description_interfaces/type_description_interfaces/msg/detail/type_description__functions.h
-- Installing: /workspace/jazzy_ws/install/include/type_description_interfaces/type_description_interfaces/msg/detail/type_description__struct.h
-- Installing: /workspace/jazzy_ws/install/include/type_description_interfaces/type_description_interfaces/msg/detail/individual_type_description__struct.h
-- Installing: /workspace/jazzy_ws/install/include/type_description_interfaces/type_description_interfaces/msg/detail/field__struct.h
-- Installing: /workspace/jazzy_ws/install/include/type_description_interfaces/type_description_interfaces/msg/detail/individual_type_description__description.c
-- Installing: /workspace/jazzy_ws/install/include/type_description_interfaces/type_description_interfaces/msg/detail/field__type_support.h
-- Installing: /workspace/jazzy_ws/install/include/type_description_interfaces/type_description_interfaces/msg/detail/key_value__functions.h
-- Installing: /workspace/jazzy_ws/install/include/type_description_interfaces/type_description_interfaces/msg/detail/field_type__type_support.h
-- Installing: /workspace/jazzy_ws/install/include/type_description_interfaces/type_description_interfaces/msg/detail/type_source__type_support.c
-- Installing: /workspace/jazzy_ws/install/include/type_description_interfaces/type_description_interfaces/msg/detail/field_type__struct.h
-- Installing: /workspace/jazzy_ws/install/include/type_description_interfaces/type_description_interfaces/msg/detail/individual_type_description__functions.h
-- Installing: /workspace/jazzy_ws/install/include/type_description_interfaces/type_description_interfaces/msg/detail/type_description__description.c
-- Installing: /workspace/jazzy_ws/install/include/type_description_interfaces/type_description_interfaces/msg/detail/type_description__functions.c
-- Installing: /workspace/jazzy_ws/install/include/type_description_interfaces/type_description_interfaces/msg/detail/individual_type_description__type_support.h
-- Installing: /workspace/jazzy_ws/install/include/type_description_interfaces/type_description_interfaces/msg/detail/field_type__functions.c
-- Installing: /workspace/jazzy_ws/install/include/type_description_interfaces/type_description_interfaces/msg/detail/type_source__functions.h
-- Installing: /workspace/jazzy_ws/install/include/type_description_interfaces/type_description_interfaces/msg/detail/field_type__description.c
-- Installing: /workspace/jazzy_ws/install/include/type_description_interfaces/type_description_interfaces/msg/detail/type_description__type_support.c
-- Installing: /workspace/jazzy_ws/install/include/type_description_interfaces/type_description_interfaces/msg/detail/field__type_support.c
-- Installing: /workspace/jazzy_ws/install/include/type_description_interfaces/type_description_interfaces/msg/detail/field__description.c
-- Installing: /workspace/jazzy_ws/install/include/type_description_interfaces/type_description_interfaces/msg/detail/type_source__type_support.h
-- Installing: /workspace/jazzy_ws/install/include/type_description_interfaces/type_description_interfaces/msg/detail/individual_type_description__type_support.c
-- Installing: /workspace/jazzy_ws/install/include/type_description_interfaces/type_description_interfaces/msg/detail/type_description__type_support.h
-- Installing: /workspace/jazzy_ws/install/include/type_description_interfaces/type_description_interfaces/msg/detail/field_type__type_support.c
-- Installing: /workspace/jazzy_ws/install/include/type_description_interfaces/type_description_interfaces/msg/detail/field_type__functions.h
-- Installing: /workspace/jazzy_ws/install/include/type_description_interfaces/type_description_interfaces/msg/detail/key_value__struct.h
-- Installing: /workspace/jazzy_ws/install/include/type_description_interfaces/type_description_interfaces/msg/detail/key_value__type_support.h
-- Installing: /workspace/jazzy_ws/install/include/type_description_interfaces/type_description_interfaces/msg/detail/individual_type_description__functions.c
-- Installing: /workspace/jazzy_ws/install/include/type_description_interfaces/type_description_interfaces/msg/detail/key_value__functions.c
-- Installing: /workspace/jazzy_ws/install/include/type_description_interfaces/type_description_interfaces/msg/detail/field__functions.c
-- Installing: /workspace/jazzy_ws/install/include/type_description_interfaces/type_description_interfaces/msg/detail/type_source__struct.h
-- Installing: /workspace/jazzy_ws/install/include/type_description_interfaces/type_description_interfaces/msg/detail/key_value__type_support.c
-- Installing: /workspace/jazzy_ws/install/include/type_description_interfaces/type_description_interfaces/msg/detail/field__functions.h
-- Installing: /workspace/jazzy_ws/install/include/type_description_interfaces/type_description_interfaces/msg/detail/key_value__description.c
-- Installing: /workspace/jazzy_ws/install/include/type_description_interfaces/type_description_interfaces/msg/detail/type_source__functions.c
-- Installing: /workspace/jazzy_ws/install/include/type_description_interfaces/type_description_interfaces/msg/key_value.h
-- Installing: /workspace/jazzy_ws/install/include/type_description_interfaces/type_description_interfaces/msg/field_type.h
-- Installing: /workspace/jazzy_ws/install/include/type_description_interfaces/type_description_interfaces/msg/field.h
-- Installing: /workspace/jazzy_ws/install/include/type_description_interfaces/type_description_interfaces/msg/individual_type_description.h
-- Installing: /workspace/jazzy_ws/install/include/type_description_interfaces/type_description_interfaces/msg/type_source.h
-- Installing: /workspace/jazzy_ws/install/include/type_description_interfaces/type_description_interfaces/msg/type_description.h
-- Installing: /workspace/jazzy_ws/install/include/type_description_interfaces/type_description_interfaces/msg/rosidl_generator_c__visibility_control.h
-- Installing: /workspace/jazzy_ws/install/include/type_description_interfaces/type_description_interfaces/srv
-- Installing: /workspace/jazzy_ws/install/include/type_description_interfaces/type_description_interfaces/srv/detail
-- Installing: /workspace/jazzy_ws/install/include/type_description_interfaces/type_description_interfaces/srv/detail/get_type_description__description.c
-- Installing: /workspace/jazzy_ws/install/include/type_description_interfaces/type_description_interfaces/srv/detail/get_type_description__struct.h
-- Installing: /workspace/jazzy_ws/install/include/type_description_interfaces/type_description_interfaces/srv/detail/get_type_description__functions.h
-- Installing: /workspace/jazzy_ws/install/include/type_description_interfaces/type_description_interfaces/srv/detail/get_type_description__type_support.h
-- Installing: /workspace/jazzy_ws/install/include/type_description_interfaces/type_description_interfaces/srv/detail/get_type_description__type_support.c
-- Installing: /workspace/jazzy_ws/install/include/type_description_interfaces/type_description_interfaces/srv/detail/get_type_description__functions.c
-- Installing: /workspace/jazzy_ws/install/include/type_description_interfaces/type_description_interfaces/srv/get_type_description.h
-- Installing: /workspace/jazzy_ws/install/share/type_description_interfaces/environment/library_path.sh
-- Installing: /workspace/jazzy_ws/install/share/type_description_interfaces/environment/library_path.dsv
-- Installing: /workspace/jazzy_ws/install/lib/libtype_description_interfaces__rosidl_generator_c.so
-- Set non-toolchain portion of runtime path of "/workspace/jazzy_ws/install/lib/libtype_description_interfaces__rosidl_generator_c.so" to ""
-- Up-to-date: /workspace/jazzy_ws/install/include/type_description_interfaces/type_description_interfaces
-- Up-to-date: /workspace/jazzy_ws/install/include/type_description_interfaces/type_description_interfaces/msg
-- Up-to-date: /workspace/jazzy_ws/install/include/type_description_interfaces/type_description_interfaces/msg/detail
-- Installing: /workspace/jazzy_ws/install/include/type_description_interfaces/type_description_interfaces/msg/detail/type_source__rosidl_typesupport_fastrtps_c.h
-- Installing: /workspace/jazzy_ws/install/include/type_description_interfaces/type_description_interfaces/msg/detail/type_description__rosidl_typesupport_fastrtps_c.h
-- Installing: /workspace/jazzy_ws/install/include/type_description_interfaces/type_description_interfaces/msg/detail/field__rosidl_typesupport_fastrtps_c.h
-- Installing: /workspace/jazzy_ws/install/include/type_description_interfaces/type_description_interfaces/msg/detail/key_value__rosidl_typesupport_fastrtps_c.h
-- Installing: /workspace/jazzy_ws/install/include/type_description_interfaces/type_description_interfaces/msg/detail/individual_type_description__rosidl_typesupport_fastrtps_c.h
-- Installing: /workspace/jazzy_ws/install/include/type_description_interfaces/type_description_interfaces/msg/detail/field_type__rosidl_typesupport_fastrtps_c.h
-- Installing: /workspace/jazzy_ws/install/include/type_description_interfaces/type_description_interfaces/msg/rosidl_typesupport_fastrtps_c__visibility_control.h
-- Up-to-date: /workspace/jazzy_ws/install/include/type_description_interfaces/type_description_interfaces/srv
-- Up-to-date: /workspace/jazzy_ws/install/include/type_description_interfaces/type_description_interfaces/srv/detail
-- Installing: /workspace/jazzy_ws/install/include/type_description_interfaces/type_description_interfaces/srv/detail/get_type_description__rosidl_typesupport_fastrtps_c.h
-- Installing: /workspace/jazzy_ws/install/lib/libtype_description_interfaces__rosidl_typesupport_fastrtps_c.so
-- Set non-toolchain portion of runtime path of "/workspace/jazzy_ws/install/lib/libtype_description_interfaces__rosidl_typesupport_fastrtps_c.so" to ""
-- Up-to-date: /workspace/jazzy_ws/install/include/type_description_interfaces/type_description_interfaces
-- Up-to-date: /workspace/jazzy_ws/install/include/type_description_interfaces/type_description_interfaces/msg
-- Up-to-date: /workspace/jazzy_ws/install/include/type_description_interfaces/type_description_interfaces/msg/detail
-- Installing: /workspace/jazzy_ws/install/include/type_description_interfaces/type_description_interfaces/msg/detail/field_type__rosidl_typesupport_introspection_c.h
-- Installing: /workspace/jazzy_ws/install/include/type_description_interfaces/type_description_interfaces/msg/detail/type_description__rosidl_typesupport_introspection_c.h
-- Installing: /workspace/jazzy_ws/install/include/type_description_interfaces/type_description_interfaces/msg/detail/key_value__rosidl_typesupport_introspection_c.h
-- Up-to-date: /workspace/jazzy_ws/install/include/type_description_interfaces/type_description_interfaces/msg/detail/type_source__type_support.c
-- Installing: /workspace/jazzy_ws/install/include/type_description_interfaces/type_description_interfaces/msg/detail/individual_type_description__rosidl_typesupport_introspection_c.h
-- Up-to-date: /workspace/jazzy_ws/install/include/type_description_interfaces/type_description_interfaces/msg/detail/type_description__type_support.c
-- Up-to-date: /workspace/jazzy_ws/install/include/type_description_interfaces/type_description_interfaces/msg/detail/field__type_support.c
-- Installing: /workspace/jazzy_ws/install/include/type_description_interfaces/type_description_interfaces/msg/detail/type_source__rosidl_typesupport_introspection_c.h
-- Up-to-date: /workspace/jazzy_ws/install/include/type_description_interfaces/type_description_interfaces/msg/detail/individual_type_description__type_support.c
-- Up-to-date: /workspace/jazzy_ws/install/include/type_description_interfaces/type_description_interfaces/msg/detail/field_type__type_support.c
-- Installing: /workspace/jazzy_ws/install/include/type_description_interfaces/type_description_interfaces/msg/detail/field__rosidl_typesupport_introspection_c.h
-- Up-to-date: /workspace/jazzy_ws/install/include/type_description_interfaces/type_description_interfaces/msg/detail/key_value__type_support.c
-- Installing: /workspace/jazzy_ws/install/include/type_description_interfaces/type_description_interfaces/msg/rosidl_typesupport_introspection_c__visibility_control.h
-- Up-to-date: /workspace/jazzy_ws/install/include/type_description_interfaces/type_description_interfaces/srv
-- Up-to-date: /workspace/jazzy_ws/install/include/type_description_interfaces/type_description_interfaces/srv/detail
-- Installing: /workspace/jazzy_ws/install/include/type_description_interfaces/type_description_interfaces/srv/detail/get_type_description__rosidl_typesupport_introspection_c.h
-- Up-to-date: /workspace/jazzy_ws/install/include/type_description_interfaces/type_description_interfaces/srv/detail/get_type_description__type_support.c
-- Installing: /workspace/jazzy_ws/install/lib/libtype_description_interfaces__rosidl_typesupport_introspection_c.so
-- Set non-toolchain portion of runtime path of "/workspace/jazzy_ws/install/lib/libtype_description_interfaces__rosidl_typesupport_introspection_c.so" to ""
-- Installing: /workspace/jazzy_ws/install/lib/libtype_description_interfaces__rosidl_typesupport_c.so
-- Set non-toolchain portion of runtime path of "/workspace/jazzy_ws/install/lib/libtype_description_interfaces__rosidl_typesupport_c.so" to ""
-- Up-to-date: /workspace/jazzy_ws/install/include/type_description_interfaces/type_description_interfaces
-- Up-to-date: /workspace/jazzy_ws/install/include/type_description_interfaces/type_description_interfaces/msg
-- Up-to-date: /workspace/jazzy_ws/install/include/type_description_interfaces/type_description_interfaces/msg/detail
-- Installing: /workspace/jazzy_ws/install/include/type_description_interfaces/type_description_interfaces/msg/detail/field_type__traits.hpp
-- Installing: /workspace/jazzy_ws/install/include/type_description_interfaces/type_description_interfaces/msg/detail/field_type__type_support.hpp
-- Installing: /workspace/jazzy_ws/install/include/type_description_interfaces/type_description_interfaces/msg/detail/field_type__builder.hpp
-- Installing: /workspace/jazzy_ws/install/include/type_description_interfaces/type_description_interfaces/msg/detail/key_value__type_support.hpp
-- Installing: /workspace/jazzy_ws/install/include/type_description_interfaces/type_description_interfaces/msg/detail/field__struct.hpp
-- Installing: /workspace/jazzy_ws/install/include/type_description_interfaces/type_description_interfaces/msg/detail/type_source__traits.hpp
-- Installing: /workspace/jazzy_ws/install/include/type_description_interfaces/type_description_interfaces/msg/detail/field__builder.hpp
-- Installing: /workspace/jazzy_ws/install/include/type_description_interfaces/type_description_interfaces/msg/detail/type_source__builder.hpp
-- Installing: /workspace/jazzy_ws/install/include/type_description_interfaces/type_description_interfaces/msg/detail/field_type__struct.hpp
-- Installing: /workspace/jazzy_ws/install/include/type_description_interfaces/type_description_interfaces/msg/detail/type_description__traits.hpp
-- Installing: /workspace/jazzy_ws/install/include/type_description_interfaces/type_description_interfaces/msg/detail/individual_type_description__type_support.hpp
-- Installing: /workspace/jazzy_ws/install/include/type_description_interfaces/type_description_interfaces/msg/detail/key_value__traits.hpp
-- Installing: /workspace/jazzy_ws/install/include/type_description_interfaces/type_description_interfaces/msg/detail/individual_type_description__struct.hpp
-- Installing: /workspace/jazzy_ws/install/include/type_description_interfaces/type_description_interfaces/msg/detail/individual_type_description__builder.hpp
-- Installing: /workspace/jazzy_ws/install/include/type_description_interfaces/type_description_interfaces/msg/detail/type_source__struct.hpp
-- Installing: /workspace/jazzy_ws/install/include/type_description_interfaces/type_description_interfaces/msg/detail/type_description__type_support.hpp
-- Installing: /workspace/jazzy_ws/install/include/type_description_interfaces/type_description_interfaces/msg/detail/type_description__builder.hpp
-- Installing: /workspace/jazzy_ws/install/include/type_description_interfaces/type_description_interfaces/msg/detail/field__traits.hpp
-- Installing: /workspace/jazzy_ws/install/include/type_description_interfaces/type_description_interfaces/msg/detail/type_description__struct.hpp
-- Installing: /workspace/jazzy_ws/install/include/type_description_interfaces/type_description_interfaces/msg/detail/key_value__builder.hpp
-- Installing: /workspace/jazzy_ws/install/include/type_description_interfaces/type_description_interfaces/msg/detail/field__type_support.hpp
-- Installing: /workspace/jazzy_ws/install/include/type_description_interfaces/type_description_interfaces/msg/detail/individual_type_description__traits.hpp
-- Installing: /workspace/jazzy_ws/install/include/type_description_interfaces/type_description_interfaces/msg/detail/type_source__type_support.hpp
-- Installing: /workspace/jazzy_ws/install/include/type_description_interfaces/type_description_interfaces/msg/detail/key_value__struct.hpp
-- Installing: /workspace/jazzy_ws/install/include/type_description_interfaces/type_description_interfaces/msg/key_value.hpp
-- Installing: /workspace/jazzy_ws/install/include/type_description_interfaces/type_description_interfaces/msg/rosidl_generator_cpp__visibility_control.hpp
-- Installing: /workspace/jazzy_ws/install/include/type_description_interfaces/type_description_interfaces/msg/field.hpp
-- Installing: /workspace/jazzy_ws/install/include/type_description_interfaces/type_description_interfaces/msg/individual_type_description.hpp
-- Installing: /workspace/jazzy_ws/install/include/type_description_interfaces/type_description_interfaces/msg/type_source.hpp
-- Installing: /workspace/jazzy_ws/install/include/type_description_interfaces/type_description_interfaces/msg/field_type.hpp
-- Installing: /workspace/jazzy_ws/install/include/type_description_interfaces/type_description_interfaces/msg/type_description.hpp
-- Up-to-date: /workspace/jazzy_ws/install/include/type_description_interfaces/type_description_interfaces/srv
-- Up-to-date: /workspace/jazzy_ws/install/include/type_description_interfaces/type_description_interfaces/srv/detail
-- Installing: /workspace/jazzy_ws/install/include/type_description_interfaces/type_description_interfaces/srv/detail/get_type_description__type_support.hpp
-- Installing: /workspace/jazzy_ws/install/include/type_description_interfaces/type_description_interfaces/srv/detail/get_type_description__traits.hpp
-- Installing: /workspace/jazzy_ws/install/include/type_description_interfaces/type_description_interfaces/srv/detail/get_type_description__builder.hpp
-- Installing: /workspace/jazzy_ws/install/include/type_description_interfaces/type_description_interfaces/srv/detail/get_type_description__struct.hpp
-- Installing: /workspace/jazzy_ws/install/include/type_description_interfaces/type_description_interfaces/srv/get_type_description.hpp
-- Up-to-date: /workspace/jazzy_ws/install/include/type_description_interfaces/type_description_interfaces
-- Up-to-date: /workspace/jazzy_ws/install/include/type_description_interfaces/type_description_interfaces/msg
-- Up-to-date: /workspace/jazzy_ws/install/include/type_description_interfaces/type_description_interfaces/msg/detail
-- Installing: /workspace/jazzy_ws/install/include/type_description_interfaces/type_description_interfaces/msg/detail/key_value__rosidl_typesupport_fastrtps_cpp.hpp
-- Installing: /workspace/jazzy_ws/install/include/type_description_interfaces/type_description_interfaces/msg/detail/type_source__rosidl_typesupport_fastrtps_cpp.hpp
-- Installing: /workspace/jazzy_ws/install/include/type_description_interfaces/type_description_interfaces/msg/detail/field__rosidl_typesupport_fastrtps_cpp.hpp
-- Installing: /workspace/jazzy_ws/install/include/type_description_interfaces/type_description_interfaces/msg/detail/type_description__rosidl_typesupport_fastrtps_cpp.hpp
-- Installing: /workspace/jazzy_ws/install/include/type_description_interfaces/type_description_interfaces/msg/detail/dds_fastrtps
-- Installing: /workspace/jazzy_ws/install/include/type_description_interfaces/type_description_interfaces/msg/detail/field_type__rosidl_typesupport_fastrtps_cpp.hpp
-- Installing: /workspace/jazzy_ws/install/include/type_description_interfaces/type_description_interfaces/msg/detail/individual_type_description__rosidl_typesupport_fastrtps_cpp.hpp
-- Installing: /workspace/jazzy_ws/install/include/type_description_interfaces/type_description_interfaces/msg/rosidl_typesupport_fastrtps_cpp__visibility_control.h
-- Up-to-date: /workspace/jazzy_ws/install/include/type_description_interfaces/type_description_interfaces/srv
-- Up-to-date: /workspace/jazzy_ws/install/include/type_description_interfaces/type_description_interfaces/srv/detail
-- Installing: /workspace/jazzy_ws/install/include/type_description_interfaces/type_description_interfaces/srv/detail/get_type_description__rosidl_typesupport_fastrtps_cpp.hpp
-- Installing: /workspace/jazzy_ws/install/include/type_description_interfaces/type_description_interfaces/srv/detail/dds_fastrtps
-- Installing: /workspace/jazzy_ws/install/lib/libtype_description_interfaces__rosidl_typesupport_fastrtps_cpp.so
-- Set non-toolchain portion of runtime path of "/workspace/jazzy_ws/install/lib/libtype_description_interfaces__rosidl_typesupport_fastrtps_cpp.so" to ""
-- Up-to-date: /workspace/jazzy_ws/install/include/type_description_interfaces/type_description_interfaces
-- Up-to-date: /workspace/jazzy_ws/install/include/type_description_interfaces/type_description_interfaces/msg
-- Up-to-date: /workspace/jazzy_ws/install/include/type_description_interfaces/type_description_interfaces/msg/detail
-- Installing: /workspace/jazzy_ws/install/include/type_description_interfaces/type_description_interfaces/msg/detail/individual_type_description__type_support.cpp
-- Installing: /workspace/jazzy_ws/install/include/type_description_interfaces/type_description_interfaces/msg/detail/field__rosidl_typesupport_introspection_cpp.hpp
-- Installing: /workspace/jazzy_ws/install/include/type_description_interfaces/type_description_interfaces/msg/detail/type_description__type_support.cpp
-- Installing: /workspace/jazzy_ws/install/include/type_description_interfaces/type_description_interfaces/msg/detail/field__type_support.cpp
-- Installing: /workspace/jazzy_ws/install/include/type_description_interfaces/type_description_interfaces/msg/detail/type_description__rosidl_typesupport_introspection_cpp.hpp
-- Installing: /workspace/jazzy_ws/install/include/type_description_interfaces/type_description_interfaces/msg/detail/key_value__type_support.cpp
-- Installing: /workspace/jazzy_ws/install/include/type_description_interfaces/type_description_interfaces/msg/detail/type_source__type_support.cpp
-- Installing: /workspace/jazzy_ws/install/include/type_description_interfaces/type_description_interfaces/msg/detail/individual_type_description__rosidl_typesupport_introspection_cpp.hpp
-- Installing: /workspace/jazzy_ws/install/include/type_description_interfaces/type_description_interfaces/msg/detail/field_type__rosidl_typesupport_introspection_cpp.hpp
-- Installing: /workspace/jazzy_ws/install/include/type_description_interfaces/type_description_interfaces/msg/detail/type_source__rosidl_typesupport_introspection_cpp.hpp
-- Installing: /workspace/jazzy_ws/install/include/type_description_interfaces/type_description_interfaces/msg/detail/key_value__rosidl_typesupport_introspection_cpp.hpp
-- Installing: /workspace/jazzy_ws/install/include/type_description_interfaces/type_description_interfaces/msg/detail/field_type__type_support.cpp
-- Up-to-date: /workspace/jazzy_ws/install/include/type_description_interfaces/type_description_interfaces/srv
-- Up-to-date: /workspace/jazzy_ws/install/include/type_description_interfaces/type_description_interfaces/srv/detail
-- Installing: /workspace/jazzy_ws/install/include/type_description_interfaces/type_description_interfaces/srv/detail/get_type_description__type_support.cpp
-- Installing: /workspace/jazzy_ws/install/include/type_description_interfaces/type_description_interfaces/srv/detail/get_type_description__rosidl_typesupport_introspection_cpp.hpp
-- Installing: /workspace/jazzy_ws/install/lib/libtype_description_interfaces__rosidl_typesupport_introspection_cpp.so
-- Set non-toolchain portion of runtime path of "/workspace/jazzy_ws/install/lib/libtype_description_interfaces__rosidl_typesupport_introspection_cpp.so" to ""
-- Installing: /workspace/jazzy_ws/install/lib/libtype_description_interfaces__rosidl_typesupport_cpp.so
-- Set non-toolchain portion of runtime path of "/workspace/jazzy_ws/install/lib/libtype_description_interfaces__rosidl_typesupport_cpp.so" to ""
-- Installing: /workspace/jazzy_ws/install/share/type_description_interfaces/environment/pythonpath.sh
-- Installing: /workspace/jazzy_ws/install/share/type_description_interfaces/environment/pythonpath.dsv
-- Installing: /workspace/jazzy_ws/install/lib/python3.12/site-packages/type_description_interfaces-2.0.3-py3.12.egg-info
-- Installing: /workspace/jazzy_ws/install/lib/python3.12/site-packages/type_description_interfaces-2.0.3-py3.12.egg-info/PKG-INFO
-- Installing: /workspace/jazzy_ws/install/lib/python3.12/site-packages/type_description_interfaces-2.0.3-py3.12.egg-info/SOURCES.txt
-- Installing: /workspace/jazzy_ws/install/lib/python3.12/site-packages/type_description_interfaces-2.0.3-py3.12.egg-info/top_level.txt
-- Installing: /workspace/jazzy_ws/install/lib/python3.12/site-packages/type_description_interfaces-2.0.3-py3.12.egg-info/dependency_links.txt
-- Installing: /workspace/jazzy_ws/install/lib/python3.12/site-packages/type_description_interfaces
-- Installing: /workspace/jazzy_ws/install/lib/python3.12/site-packages/type_description_interfaces/_type_description_interfaces_s.ep.rosidl_typesupport_c.c
-- Installing: /workspace/jazzy_ws/install/lib/python3.12/site-packages/type_description_interfaces/msg
-- Installing: /workspace/jazzy_ws/install/lib/python3.12/site-packages/type_description_interfaces/msg/_type_source_s.c
-- Installing: /workspace/jazzy_ws/install/lib/python3.12/site-packages/type_description_interfaces/msg/_field_type.py
-- Installing: /workspace/jazzy_ws/install/lib/python3.12/site-packages/type_description_interfaces/msg/_key_value_s.c
-- Installing: /workspace/jazzy_ws/install/lib/python3.12/site-packages/type_description_interfaces/msg/_field_type_s.c
-- Installing: /workspace/jazzy_ws/install/lib/python3.12/site-packages/type_description_interfaces/msg/_field_s.c
-- Installing: /workspace/jazzy_ws/install/lib/python3.12/site-packages/type_description_interfaces/msg/__init__.py
-- Installing: /workspace/jazzy_ws/install/lib/python3.12/site-packages/type_description_interfaces/msg/_type_source.py
-- Installing: /workspace/jazzy_ws/install/lib/python3.12/site-packages/type_description_interfaces/msg/_field.py
-- Installing: /workspace/jazzy_ws/install/lib/python3.12/site-packages/type_description_interfaces/msg/_type_description.py
-- Installing: /workspace/jazzy_ws/install/lib/python3.12/site-packages/type_description_interfaces/msg/_key_value.py
-- Installing: /workspace/jazzy_ws/install/lib/python3.12/site-packages/type_description_interfaces/msg/_type_description_s.c
-- Installing: /workspace/jazzy_ws/install/lib/python3.12/site-packages/type_description_interfaces/msg/_individual_type_description_s.c
-- Installing: /workspace/jazzy_ws/install/lib/python3.12/site-packages/type_description_interfaces/msg/_individual_type_description.py
-- Installing: /workspace/jazzy_ws/install/lib/python3.12/site-packages/type_description_interfaces/_type_description_interfaces_s.ep.rosidl_typesupport_introspection_c.c
-- Installing: /workspace/jazzy_ws/install/lib/python3.12/site-packages/type_description_interfaces/__init__.py
-- Installing: /workspace/jazzy_ws/install/lib/python3.12/site-packages/type_description_interfaces/type_description_interfaces_s__rosidl_typesupport_introspection_c.so
-- Installing: /workspace/jazzy_ws/install/lib/python3.12/site-packages/type_description_interfaces/_type_description_interfaces_s.ep.rosidl_typesupport_fastrtps_c.c
-- Installing: /workspace/jazzy_ws/install/lib/python3.12/site-packages/type_description_interfaces/srv
-- Installing: /workspace/jazzy_ws/install/lib/python3.12/site-packages/type_description_interfaces/srv/_get_type_description.py
-- Installing: /workspace/jazzy_ws/install/lib/python3.12/site-packages/type_description_interfaces/srv/__init__.py
-- Installing: /workspace/jazzy_ws/install/lib/python3.12/site-packages/type_description_interfaces/srv/_get_type_description_s.c
-- Installing: /workspace/jazzy_ws/install/lib/python3.12/site-packages/type_description_interfaces/type_description_interfaces_s__rosidl_typesupport_c.so
-- Installing: /workspace/jazzy_ws/install/lib/python3.12/site-packages/type_description_interfaces/type_description_interfaces_s__rosidl_typesupport_fastrtps_c.so
Listing '/workspace/jazzy_ws/install/lib/python3.12/site-packages/type_description_interfaces'...
Compiling '/workspace/jazzy_ws/install/lib/python3.12/site-packages/type_description_interfaces/__init__.py'...
Listing '/workspace/jazzy_ws/install/lib/python3.12/site-packages/type_description_interfaces/msg'...
Compiling '/workspace/jazzy_ws/install/lib/python3.12/site-packages/type_description_interfaces/msg/__init__.py'...
Compiling '/workspace/jazzy_ws/install/lib/python3.12/site-packages/type_description_interfaces/msg/_field.py'...
Compiling '/workspace/jazzy_ws/install/lib/python3.12/site-packages/type_description_interfaces/msg/_field_type.py'...
Compiling '/workspace/jazzy_ws/install/lib/python3.12/site-packages/type_description_interfaces/msg/_individual_type_description.py'...
Compiling '/workspace/jazzy_ws/install/lib/python3.12/site-packages/type_description_interfaces/msg/_key_value.py'...
Compiling '/workspace/jazzy_ws/install/lib/python3.12/site-packages/type_description_interfaces/msg/_type_description.py'...
Compiling '/workspace/jazzy_ws/install/lib/python3.12/site-packages/type_description_interfaces/msg/_type_source.py'...
Listing '/workspace/jazzy_ws/install/lib/python3.12/site-packages/type_description_interfaces/srv'...
Compiling '/workspace/jazzy_ws/install/lib/python3.12/site-packages/type_description_interfaces/srv/__init__.py'...
Compiling '/workspace/jazzy_ws/install/lib/python3.12/site-packages/type_description_interfaces/srv/_get_type_description.py'...
-- Installing: /workspace/jazzy_ws/install/lib/python3.12/site-packages/type_description_interfaces/type_description_interfaces_s__rosidl_typesupport_fastrtps_c.so
-- Set non-toolchain portion of runtime path of "/workspace/jazzy_ws/install/lib/python3.12/site-packages/type_description_interfaces/type_description_interfaces_s__rosidl_typesupport_fastrtps_c.so" to ""
-- Installing: /workspace/jazzy_ws/install/lib/python3.12/site-packages/type_description_interfaces/type_description_interfaces_s__rosidl_typesupport_introspection_c.so
-- Set non-toolchain portion of runtime path of "/workspace/jazzy_ws/install/lib/python3.12/site-packages/type_description_interfaces/type_description_interfaces_s__rosidl_typesupport_introspection_c.so" to ""
-- Installing: /workspace/jazzy_ws/install/lib/python3.12/site-packages/type_description_interfaces/type_description_interfaces_s__rosidl_typesupport_c.so
-- Set non-toolchain portion of runtime path of "/workspace/jazzy_ws/install/lib/python3.12/site-packages/type_description_interfaces/type_description_interfaces_s__rosidl_typesupport_c.so" to ""
-- Installing: /workspace/jazzy_ws/install/lib/libtype_description_interfaces__rosidl_generator_py.so
-- Set non-toolchain portion of runtime path of "/workspace/jazzy_ws/install/lib/libtype_description_interfaces__rosidl_generator_py.so" to ""
-- Installing: /workspace/jazzy_ws/install/share/type_description_interfaces/msg/Field.idl
-- Installing: /workspace/jazzy_ws/install/share/type_description_interfaces/msg/FieldType.idl
-- Installing: /workspace/jazzy_ws/install/share/type_description_interfaces/msg/IndividualTypeDescription.idl
-- Installing: /workspace/jazzy_ws/install/share/type_description_interfaces/msg/KeyValue.idl
-- Installing: /workspace/jazzy_ws/install/share/type_description_interfaces/msg/TypeDescription.idl
-- Installing: /workspace/jazzy_ws/install/share/type_description_interfaces/msg/TypeSource.idl
-- Installing: /workspace/jazzy_ws/install/share/type_description_interfaces/srv/GetTypeDescription.idl
-- Installing: /workspace/jazzy_ws/install/share/type_description_interfaces/msg/Field.msg
-- Installing: /workspace/jazzy_ws/install/share/type_description_interfaces/msg/FieldType.msg
-- Installing: /workspace/jazzy_ws/install/share/type_description_interfaces/msg/IndividualTypeDescription.msg
-- Installing: /workspace/jazzy_ws/install/share/type_description_interfaces/msg/KeyValue.msg
-- Installing: /workspace/jazzy_ws/install/share/type_description_interfaces/msg/TypeDescription.msg
-- Installing: /workspace/jazzy_ws/install/share/type_description_interfaces/msg/TypeSource.msg
-- Installing: /workspace/jazzy_ws/install/share/type_description_interfaces/srv/GetTypeDescription.srv
-- Installing: /workspace/jazzy_ws/install/share/ament_index/resource_index/package_run_dependencies/type_description_interfaces
-- Installing: /workspace/jazzy_ws/install/share/ament_index/resource_index/parent_prefix_path/type_description_interfaces
-- Installing: /workspace/jazzy_ws/install/share/type_description_interfaces/environment/ament_prefix_path.sh
-- Installing: /workspace/jazzy_ws/install/share/type_description_interfaces/environment/ament_prefix_path.dsv
-- Installing: /workspace/jazzy_ws/install/share/type_description_interfaces/environment/path.sh
-- Installing: /workspace/jazzy_ws/install/share/type_description_interfaces/environment/path.dsv
-- Installing: /workspace/jazzy_ws/install/share/type_description_interfaces/local_setup.bash
-- Installing: /workspace/jazzy_ws/install/share/type_description_interfaces/local_setup.sh
-- Installing: /workspace/jazzy_ws/install/share/type_description_interfaces/local_setup.zsh
-- Installing: /workspace/jazzy_ws/install/share/type_description_interfaces/local_setup.dsv
-- Installing: /workspace/jazzy_ws/install/share/type_description_interfaces/package.dsv
-- Installing: /workspace/jazzy_ws/install/share/ament_index/resource_index/packages/type_description_interfaces
-- Installing: /workspace/jazzy_ws/install/share/type_description_interfaces/cmake/export_type_description_interfaces__rosidl_generator_cExport.cmake
-- Installing: /workspace/jazzy_ws/install/share/type_description_interfaces/cmake/export_type_description_interfaces__rosidl_generator_cExport-noconfig.cmake
-- Installing: /workspace/jazzy_ws/install/share/type_description_interfaces/cmake/export_type_description_interfaces__rosidl_typesupport_fastrtps_cExport.cmake
-- Installing: /workspace/jazzy_ws/install/share/type_description_interfaces/cmake/export_type_description_interfaces__rosidl_typesupport_fastrtps_cExport-noconfig.cmake
-- Installing: /workspace/jazzy_ws/install/share/type_description_interfaces/cmake/type_description_interfaces__rosidl_typesupport_introspection_cExport.cmake
-- Installing: /workspace/jazzy_ws/install/share/type_description_interfaces/cmake/type_description_interfaces__rosidl_typesupport_introspection_cExport-noconfig.cmake
-- Installing: /workspace/jazzy_ws/install/share/type_description_interfaces/cmake/type_description_interfaces__rosidl_typesupport_cExport.cmake
-- Installing: /workspace/jazzy_ws/install/share/type_description_interfaces/cmake/type_description_interfaces__rosidl_typesupport_cExport-noconfig.cmake
-- Installing: /workspace/jazzy_ws/install/share/type_description_interfaces/cmake/export_type_description_interfaces__rosidl_generator_cppExport.cmake
-- Installing: /workspace/jazzy_ws/install/share/type_description_interfaces/cmake/export_type_description_interfaces__rosidl_typesupport_fastrtps_cppExport.cmake
-- Installing: /workspace/jazzy_ws/install/share/type_description_interfaces/cmake/export_type_description_interfaces__rosidl_typesupport_fastrtps_cppExport-noconfig.cmake
-- Installing: /workspace/jazzy_ws/install/share/type_description_interfaces/cmake/type_description_interfaces__rosidl_typesupport_introspection_cppExport.cmake
-- Installing: /workspace/jazzy_ws/install/share/type_description_interfaces/cmake/type_description_interfaces__rosidl_typesupport_introspection_cppExport-noconfig.cmake
-- Installing: /workspace/jazzy_ws/install/share/type_description_interfaces/cmake/type_description_interfaces__rosidl_typesupport_cppExport.cmake
-- Installing: /workspace/jazzy_ws/install/share/type_description_interfaces/cmake/type_description_interfaces__rosidl_typesupport_cppExport-noconfig.cmake
-- Installing: /workspace/jazzy_ws/install/share/type_description_interfaces/cmake/export_type_description_interfaces__rosidl_generator_pyExport.cmake
-- Installing: /workspace/jazzy_ws/install/share/type_description_interfaces/cmake/export_type_description_interfaces__rosidl_generator_pyExport-noconfig.cmake
-- Installing: /workspace/jazzy_ws/install/share/type_description_interfaces/cmake/rosidl_cmake-extras.cmake
-- Installing: /workspace/jazzy_ws/install/share/type_description_interfaces/cmake/ament_cmake_export_dependencies-extras.cmake
-- Installing: /workspace/jazzy_ws/install/share/type_description_interfaces/cmake/ament_cmake_export_include_directories-extras.cmake
-- Installing: /workspace/jazzy_ws/install/share/type_description_interfaces/cmake/ament_cmake_export_libraries-extras.cmake
-- Installing: /workspace/jazzy_ws/install/share/type_description_interfaces/cmake/ament_cmake_export_targets-extras.cmake
-- Installing: /workspace/jazzy_ws/install/share/type_description_interfaces/cmake/rosidl_cmake_export_typesupport_targets-extras.cmake
-- Installing: /workspace/jazzy_ws/install/share/type_description_interfaces/cmake/rosidl_cmake_export_typesupport_libraries-extras.cmake
-- Installing: /workspace/jazzy_ws/install/share/type_description_interfaces/cmake/type_description_interfacesConfig.cmake
-- Installing: /workspace/jazzy_ws/install/share/type_description_interfaces/cmake/type_description_interfacesConfig-version.cmake
-- Installing: /workspace/jazzy_ws/install/share/type_description_interfaces/package.xml
