[0.084s] Invoking command in '/workspace/jazzy_ws/build/type_description_interfaces': AMENT_PREFIX_PATH=/workspace/jazzy_ws/install CMAKE_PREFIX_PATH=/workspace/jazzy_ws/install LD_LIBRARY_PATH=/workspace/jazzy_ws/install/lib:/workspace/jazzy_ws/install/opt/mimick_vendor/lib PATH=/workspace/jazzy_ws/install/bin:/workspace/jazzy_ws/install/opt/uncrustify_vendor/bin:${PATH} PKG_CONFIG_PATH=/workspace/jazzy_ws/install/lib/x86_64-linux-gnu/pkgconfig:/workspace/jazzy_ws/install/lib/pkgconfig PYTHONPATH=/workspace/jazzy_ws/install/lib/python3.12/site-packages /usr/bin/cmake /workspace/jazzy_ws/src/rcl_interfaces/type_description_interfaces -DCMAKE_INSTALL_PREFIX=/workspace/jazzy_ws/install
[0.114s] -- The C compiler identification is GNU 13.3.0
[0.142s] -- The CXX compiler identification is GNU 13.3.0
[0.150s] -- Detecting C compiler ABI info
[0.192s] -- Detecting C compiler ABI info - done
[0.197s] -- Check for working C compiler: /usr/bin/cc - skipped
[0.197s] -- Detecting C compile features
[0.197s] -- Detecting C compile features - done
[0.202s] -- Detecting CXX compiler ABI info
[0.250s] -- Detecting CXX compiler ABI info - done
[0.256s] -- Check for working CXX compiler: /usr/bin/c++ - skipped
[0.256s] -- Detecting CXX compile features
[0.256s] -- Detecting CXX compile features - done
[0.257s] -- Found ament_cmake: 2.5.5 (/workspace/jazzy_ws/install/share/ament_cmake/cmake)
[0.322s] -- Found Python3: /usr/bin/python3 (found version "3.12.3") found components: Interpreter 
[0.372s] -- Found rosidl_core_generators: 0.2.0 (/workspace/jazzy_ws/install/share/rosidl_core_generators/cmake)
[0.373s] -- Using all available rosidl_typesupport_c: rosidl_typesupport_fastrtps_c;rosidl_typesupport_introspection_c
[0.393s] -- Using all available rosidl_typesupport_cpp: rosidl_typesupport_fastrtps_cpp;rosidl_typesupport_introspection_cpp
[0.411s] -- Found rosidl_adapter: 4.6.7 (/workspace/jazzy_ws/install/share/rosidl_adapter/cmake)
[0.712s] -- Found ament_cmake_cppcheck: 0.17.4 (/workspace/jazzy_ws/install/share/ament_cmake_cppcheck/cmake)
[0.712s] -- Found ament_cmake_cpplint: 0.17.4 (/workspace/jazzy_ws/install/share/ament_cmake_cpplint/cmake)
[0.713s] -- Found ament_cmake_uncrustify: 0.17.4 (/workspace/jazzy_ws/install/share/ament_cmake_uncrustify/cmake)
[0.714s] -- Found ament_cmake_ros: 0.12.0 (/workspace/jazzy_ws/install/share/ament_cmake_ros/cmake)
[0.908s] -- Using all available rosidl_typesupport_c: rosidl_typesupport_fastrtps_c;rosidl_typesupport_introspection_c
[1.162s] -- Using all available rosidl_typesupport_cpp: rosidl_typesupport_fastrtps_cpp;rosidl_typesupport_introspection_cpp
[1.163s] -- Found python_cmake_module: 0.11.1 (/workspace/jazzy_ws/install/share/python_cmake_module/cmake)
[1.224s] -- Found PythonExtra: /usr/bin/python3  
[1.513s] -- Found Python3: /usr/bin/python3 (found version "3.12.3") found components: Interpreter Development NumPy Development.Module Development.Embed 
[1.532s] -- Found ament_cmake_flake8: 0.17.4 (/workspace/jazzy_ws/install/share/ament_cmake_flake8/cmake)
[1.532s] -- Found ament_cmake_pep257: 0.17.4 (/workspace/jazzy_ws/install/share/ament_cmake_pep257/cmake)
[1.534s] -- Found ament_lint_auto: 0.17.4 (/workspace/jazzy_ws/install/share/ament_lint_auto/cmake)
[1.545s] -- Added test 'copyright' to check source files copyright and LICENSE
[1.546s] -- Added test 'lint_cmake' to check CMake code style
[1.546s] -- Added test 'xmllint' to check XML markup files
[1.548s] -- Configuring done (1.5s)
[1.575s] -- Generating done (0.0s)
[1.582s] -- Build files have been written to: /workspace/jazzy_ws/build/type_description_interfaces
[1.588s] Invoked command in '/workspace/jazzy_ws/build/type_description_interfaces' returned '0': AMENT_PREFIX_PATH=/workspace/jazzy_ws/install CMAKE_PREFIX_PATH=/workspace/jazzy_ws/install LD_LIBRARY_PATH=/workspace/jazzy_ws/install/lib:/workspace/jazzy_ws/install/opt/mimick_vendor/lib PATH=/workspace/jazzy_ws/install/bin:/workspace/jazzy_ws/install/opt/uncrustify_vendor/bin:${PATH} PKG_CONFIG_PATH=/workspace/jazzy_ws/install/lib/x86_64-linux-gnu/pkgconfig:/workspace/jazzy_ws/install/lib/pkgconfig PYTHONPATH=/workspace/jazzy_ws/install/lib/python3.12/site-packages /usr/bin/cmake /workspace/jazzy_ws/src/rcl_interfaces/type_description_interfaces -DCMAKE_INSTALL_PREFIX=/workspace/jazzy_ws/install
[1.589s] Invoking command in '/workspace/jazzy_ws/build/type_description_interfaces': AMENT_PREFIX_PATH=/workspace/jazzy_ws/install CMAKE_PREFIX_PATH=/workspace/jazzy_ws/install LD_LIBRARY_PATH=/workspace/jazzy_ws/install/lib:/workspace/jazzy_ws/install/opt/mimick_vendor/lib PATH=/workspace/jazzy_ws/install/bin:/workspace/jazzy_ws/install/opt/uncrustify_vendor/bin:${PATH} PKG_CONFIG_PATH=/workspace/jazzy_ws/install/lib/x86_64-linux-gnu/pkgconfig:/workspace/jazzy_ws/install/lib/pkgconfig PYTHONPATH=/workspace/jazzy_ws/install/lib/python3.12/site-packages /usr/bin/cmake --build /workspace/jazzy_ws/build/type_description_interfaces -- -j24 -l24
[1.614s] [  1%] Generating type hashes for ROS interfaces
[1.618s] [  1%] Built target ament_cmake_python_copy_type_description_interfaces
[1.709s] running egg_info
[1.714s] creating type_description_interfaces.egg-info
[1.714s] writing type_description_interfaces.egg-info/PKG-INFO
[1.714s] writing dependency_links to type_description_interfaces.egg-info/dependency_links.txt
[1.714s] writing top-level names to type_description_interfaces.egg-info/top_level.txt
[1.714s] writing manifest file 'type_description_interfaces.egg-info/SOURCES.txt'
[1.727s] reading manifest file 'type_description_interfaces.egg-info/SOURCES.txt'
[1.727s] writing manifest file 'type_description_interfaces.egg-info/SOURCES.txt'
[1.745s] [  1%] Built target ament_cmake_python_build_type_description_interfaces_egg
[2.104s] [  1%] Built target type_description_interfaces__rosidl_generator_type_description
[2.109s] [  2%] Generating C code for ROS interfaces
[2.116s] [  3%] Generating C++ code for ROS interfaces
[2.735s] [  3%] Built target type_description_interfaces__cpp
[2.791s] [  5%] Building C object CMakeFiles/type_description_interfaces__rosidl_generator_c.dir/rosidl_generator_c/type_description_interfaces/msg/detail/field__description.c.o
[2.791s] [  5%] Building C object CMakeFiles/type_description_interfaces__rosidl_generator_c.dir/rosidl_generator_c/type_description_interfaces/msg/detail/field__functions.c.o
[2.791s] [  6%] Building C object CMakeFiles/type_description_interfaces__rosidl_generator_c.dir/rosidl_generator_c/type_description_interfaces/msg/detail/field__type_support.c.o
[2.791s] [  7%] Building C object CMakeFiles/type_description_interfaces__rosidl_generator_c.dir/rosidl_generator_c/type_description_interfaces/msg/detail/field_type__description.c.o
[2.791s] [  8%] Building C object CMakeFiles/type_description_interfaces__rosidl_generator_c.dir/rosidl_generator_c/type_description_interfaces/msg/detail/field_type__functions.c.o
[2.791s] [  9%] Building C object CMakeFiles/type_description_interfaces__rosidl_generator_c.dir/rosidl_generator_c/type_description_interfaces/msg/detail/field_type__type_support.c.o
[2.792s] [ 10%] Building C object CMakeFiles/type_description_interfaces__rosidl_generator_c.dir/rosidl_generator_c/type_description_interfaces/msg/detail/individual_type_description__functions.c.o
[2.792s] [ 12%] Building C object CMakeFiles/type_description_interfaces__rosidl_generator_c.dir/rosidl_generator_c/type_description_interfaces/msg/detail/individual_type_description__type_support.c.o
[2.792s] [ 12%] Building C object CMakeFiles/type_description_interfaces__rosidl_generator_c.dir/rosidl_generator_c/type_description_interfaces/msg/detail/individual_type_description__description.c.o
[2.793s] [ 13%] Building C object CMakeFiles/type_description_interfaces__rosidl_generator_c.dir/rosidl_generator_c/type_description_interfaces/msg/detail/key_value__type_support.c.o
[2.793s] [ 15%] Building C object CMakeFiles/type_description_interfaces__rosidl_generator_c.dir/rosidl_generator_c/type_description_interfaces/msg/detail/key_value__functions.c.o
[2.793s] [ 15%] Building C object CMakeFiles/type_description_interfaces__rosidl_generator_c.dir/rosidl_generator_c/type_description_interfaces/msg/detail/key_value__description.c.o
[2.793s] [ 17%] Building C object CMakeFiles/type_description_interfaces__rosidl_generator_c.dir/rosidl_generator_c/type_description_interfaces/msg/detail/type_description__functions.c.o
[2.793s] [ 18%] Building C object CMakeFiles/type_description_interfaces__rosidl_generator_c.dir/rosidl_generator_c/type_description_interfaces/msg/detail/type_description__description.c.o
[2.793s] [ 19%] Building C object CMakeFiles/type_description_interfaces__rosidl_generator_c.dir/rosidl_generator_c/type_description_interfaces/msg/detail/type_source__type_support.c.o
[2.793s] [ 21%] Building C object CMakeFiles/type_description_interfaces__rosidl_generator_c.dir/rosidl_generator_c/type_description_interfaces/srv/detail/get_type_description__description.c.o
[2.793s] [ 21%] Building C object CMakeFiles/type_description_interfaces__rosidl_generator_c.dir/rosidl_generator_c/type_description_interfaces/srv/detail/get_type_description__functions.c.o
[2.794s] [ 24%] Building C object CMakeFiles/type_description_interfaces__rosidl_generator_c.dir/rosidl_generator_c/type_description_interfaces/msg/detail/type_description__type_support.c.o
[2.794s] [ 22%] Building C object CMakeFiles/type_description_interfaces__rosidl_generator_c.dir/rosidl_generator_c/type_description_interfaces/msg/detail/type_source__functions.c.o
[2.794s] [ 24%] Building C object CMakeFiles/type_description_interfaces__rosidl_generator_c.dir/rosidl_generator_c/type_description_interfaces/msg/detail/type_source__description.c.o
[2.796s] [ 25%] Building C object CMakeFiles/type_description_interfaces__rosidl_generator_c.dir/rosidl_generator_c/type_description_interfaces/srv/detail/get_type_description__type_support.c.o
[2.843s] [ 26%] Linking C shared library libtype_description_interfaces__rosidl_generator_c.so
[2.865s] [ 26%] Built target type_description_interfaces__rosidl_generator_c
[2.870s] [ 29%] Generating C++ type support dispatch for ROS interfaces
[2.870s] [ 29%] Generating C type support dispatch for ROS interfaces
[2.870s] [ 29%] Generating C introspection for ROS interfaces
[2.871s] [ 30%] Generating C type support for eProsima Fast-RTPS
[2.871s] [ 31%] Generating C++ type support for eProsima Fast-RTPS
[2.871s] [ 32%] Generating C++ introspection for ROS interfaces
[3.398s] [ 38%] Building CXX object CMakeFiles/type_description_interfaces__rosidl_typesupport_cpp.dir/rosidl_typesupport_cpp/type_description_interfaces/msg/key_value__type_support.cpp.o
[3.398s] [ 38%] Building CXX object CMakeFiles/type_description_interfaces__rosidl_typesupport_cpp.dir/rosidl_typesupport_cpp/type_description_interfaces/srv/get_type_description__type_support.cpp.o
[3.398s] [ 38%] Building CXX object CMakeFiles/type_description_interfaces__rosidl_typesupport_cpp.dir/rosidl_typesupport_cpp/type_description_interfaces/msg/field__type_support.cpp.o
[3.398s] [ 38%] Building CXX object CMakeFiles/type_description_interfaces__rosidl_typesupport_cpp.dir/rosidl_typesupport_cpp/type_description_interfaces/msg/individual_type_description__type_support.cpp.o
[3.399s] [ 39%] Building CXX object CMakeFiles/type_description_interfaces__rosidl_typesupport_cpp.dir/rosidl_typesupport_cpp/type_description_interfaces/msg/type_source__type_support.cpp.o
[3.399s] [ 38%] Building CXX object CMakeFiles/type_description_interfaces__rosidl_typesupport_cpp.dir/rosidl_typesupport_cpp/type_description_interfaces/msg/field_type__type_support.cpp.o
[3.399s] [ 40%] Building CXX object CMakeFiles/type_description_interfaces__rosidl_typesupport_cpp.dir/rosidl_typesupport_cpp/type_description_interfaces/msg/type_description__type_support.cpp.o
[3.412s] [ 41%] Building CXX object CMakeFiles/type_description_interfaces__rosidl_typesupport_c.dir/rosidl_typesupport_c/type_description_interfaces/msg/field_type__type_support.cpp.o
[3.412s] [ 42%] Building CXX object CMakeFiles/type_description_interfaces__rosidl_typesupport_c.dir/rosidl_typesupport_c/type_description_interfaces/msg/field__type_support.cpp.o
[3.412s] [ 43%] Building CXX object CMakeFiles/type_description_interfaces__rosidl_typesupport_c.dir/rosidl_typesupport_c/type_description_interfaces/msg/key_value__type_support.cpp.o
[3.414s] [ 45%] Building CXX object CMakeFiles/type_description_interfaces__rosidl_typesupport_c.dir/rosidl_typesupport_c/type_description_interfaces/msg/type_description__type_support.cpp.o
[3.414s] [ 45%] Building CXX object CMakeFiles/type_description_interfaces__rosidl_typesupport_c.dir/rosidl_typesupport_c/type_description_interfaces/msg/individual_type_description__type_support.cpp.o
[3.416s] [ 46%] Building CXX object CMakeFiles/type_description_interfaces__rosidl_typesupport_c.dir/rosidl_typesupport_c/type_description_interfaces/msg/type_source__type_support.cpp.o
[3.416s] [ 47%] Building CXX object CMakeFiles/type_description_interfaces__rosidl_typesupport_c.dir/rosidl_typesupport_c/type_description_interfaces/srv/get_type_description__type_support.cpp.o
[3.424s] [ 48%] Building CXX object CMakeFiles/type_description_interfaces__rosidl_typesupport_introspection_cpp.dir/rosidl_typesupport_introspection_cpp/type_description_interfaces/msg/detail/field__type_support.cpp.o
[3.424s] [ 50%] Building CXX object CMakeFiles/type_description_interfaces__rosidl_typesupport_introspection_cpp.dir/rosidl_typesupport_introspection_cpp/type_description_interfaces/msg/detail/field_type__type_support.cpp.o
[3.426s] [ 51%] Building CXX object CMakeFiles/type_description_interfaces__rosidl_typesupport_introspection_cpp.dir/rosidl_typesupport_introspection_cpp/type_description_interfaces/msg/detail/key_value__type_support.cpp.o
[3.429s] [ 52%] Building CXX object CMakeFiles/type_description_interfaces__rosidl_typesupport_introspection_cpp.dir/rosidl_typesupport_introspection_cpp/type_description_interfaces/msg/detail/individual_type_description__type_support.cpp.o
[3.431s] [ 53%] Building CXX object CMakeFiles/type_description_interfaces__rosidl_typesupport_introspection_cpp.dir/rosidl_typesupport_introspection_cpp/type_description_interfaces/msg/detail/type_description__type_support.cpp.o
[3.431s] [ 54%] Building CXX object CMakeFiles/type_description_interfaces__rosidl_typesupport_introspection_cpp.dir/rosidl_typesupport_introspection_cpp/type_description_interfaces/msg/detail/type_source__type_support.cpp.o
[3.435s] [ 55%] Building CXX object CMakeFiles/type_description_interfaces__rosidl_typesupport_introspection_cpp.dir/rosidl_typesupport_introspection_cpp/type_description_interfaces/srv/detail/get_type_description__type_support.cpp.o
[3.444s] [ 56%] Linking CXX shared library libtype_description_interfaces__rosidl_typesupport_c.so
[3.461s] [ 61%] Building C object CMakeFiles/type_description_interfaces__rosidl_typesupport_introspection_c.dir/rosidl_typesupport_introspection_c/type_description_interfaces/msg/detail/field__type_support.c.o
[3.461s] [ 61%] Building C object CMakeFiles/type_description_interfaces__rosidl_typesupport_introspection_c.dir/rosidl_typesupport_introspection_c/type_description_interfaces/msg/detail/individual_type_description__type_support.c.o
[3.461s] [ 61%] Building C object CMakeFiles/type_description_interfaces__rosidl_typesupport_introspection_c.dir/rosidl_typesupport_introspection_c/type_description_interfaces/msg/detail/key_value__type_support.c.o
[3.461s] [ 62%] Building C object CMakeFiles/type_description_interfaces__rosidl_typesupport_introspection_c.dir/rosidl_typesupport_introspection_c/type_description_interfaces/msg/detail/type_source__type_support.c.o
[3.461s] [ 62%] Building C object CMakeFiles/type_description_interfaces__rosidl_typesupport_introspection_c.dir/rosidl_typesupport_introspection_c/type_description_interfaces/msg/detail/type_description__type_support.c.o
[3.461s] [ 61%] Building C object CMakeFiles/type_description_interfaces__rosidl_typesupport_introspection_c.dir/rosidl_typesupport_introspection_c/type_description_interfaces/msg/detail/field_type__type_support.c.o
[3.462s] [ 63%] Building C object CMakeFiles/type_description_interfaces__rosidl_typesupport_introspection_c.dir/rosidl_typesupport_introspection_c/type_description_interfaces/srv/detail/get_type_description__type_support.c.o
[3.471s] [ 63%] Built target type_description_interfaces__rosidl_typesupport_c
[3.502s] [ 65%] Building CXX object CMakeFiles/type_description_interfaces__rosidl_typesupport_fastrtps_cpp.dir/rosidl_typesupport_fastrtps_cpp/type_description_interfaces/msg/detail/dds_fastrtps/field_type__type_support.cpp.o
[3.502s] [ 65%] Building CXX object CMakeFiles/type_description_interfaces__rosidl_typesupport_fastrtps_cpp.dir/rosidl_typesupport_fastrtps_cpp/type_description_interfaces/msg/detail/dds_fastrtps/field__type_support.cpp.o
[3.507s] [ 67%] Building CXX object CMakeFiles/type_description_interfaces__rosidl_typesupport_fastrtps_cpp.dir/rosidl_typesupport_fastrtps_cpp/type_description_interfaces/msg/detail/dds_fastrtps/individual_type_description__type_support.cpp.o
[3.508s] [ 68%] Building CXX object CMakeFiles/type_description_interfaces__rosidl_typesupport_fastrtps_cpp.dir/rosidl_typesupport_fastrtps_cpp/type_description_interfaces/msg/detail/dds_fastrtps/key_value__type_support.cpp.o
[3.513s] [ 70%] Building CXX object CMakeFiles/type_description_interfaces__rosidl_typesupport_fastrtps_cpp.dir/rosidl_typesupport_fastrtps_cpp/type_description_interfaces/msg/detail/dds_fastrtps/type_source__type_support.cpp.o
[3.513s] [ 70%] Linking C shared library libtype_description_interfaces__rosidl_typesupport_introspection_c.so
[3.514s] [ 71%] Building CXX object CMakeFiles/type_description_interfaces__rosidl_typesupport_fastrtps_cpp.dir/rosidl_typesupport_fastrtps_cpp/type_description_interfaces/srv/detail/dds_fastrtps/get_type_description__type_support.cpp.o
[3.514s] [ 72%] Building CXX object CMakeFiles/type_description_interfaces__rosidl_typesupport_fastrtps_cpp.dir/rosidl_typesupport_fastrtps_cpp/type_description_interfaces/msg/detail/dds_fastrtps/type_description__type_support.cpp.o
[3.517s] [ 73%] Building CXX object CMakeFiles/type_description_interfaces__rosidl_typesupport_fastrtps_c.dir/rosidl_typesupport_fastrtps_c/type_description_interfaces/msg/detail/field_type__type_support_c.cpp.o
[3.521s] [ 74%] Building CXX object CMakeFiles/type_description_interfaces__rosidl_typesupport_fastrtps_c.dir/rosidl_typesupport_fastrtps_c/type_description_interfaces/msg/detail/field__type_support_c.cpp.o
[3.551s] [ 74%] Built target type_description_interfaces__rosidl_typesupport_introspection_c
[3.561s] [ 75%] Building CXX object CMakeFiles/type_description_interfaces__rosidl_typesupport_fastrtps_c.dir/rosidl_typesupport_fastrtps_c/type_description_interfaces/msg/detail/key_value__type_support_c.cpp.o
[3.563s] [ 76%] Building CXX object CMakeFiles/type_description_interfaces__rosidl_typesupport_fastrtps_c.dir/rosidl_typesupport_fastrtps_c/type_description_interfaces/msg/detail/individual_type_description__type_support_c.cpp.o
[3.563s] [ 77%] Building CXX object CMakeFiles/type_description_interfaces__rosidl_typesupport_fastrtps_c.dir/rosidl_typesupport_fastrtps_c/type_description_interfaces/msg/detail/type_description__type_support_c.cpp.o
[3.565s] [ 78%] Building CXX object CMakeFiles/type_description_interfaces__rosidl_typesupport_fastrtps_c.dir/rosidl_typesupport_fastrtps_c/type_description_interfaces/msg/detail/type_source__type_support_c.cpp.o
[3.591s] [ 79%] Building CXX object CMakeFiles/type_description_interfaces__rosidl_typesupport_fastrtps_c.dir/rosidl_typesupport_fastrtps_c/type_description_interfaces/srv/detail/get_type_description__type_support_c.cpp.o
[3.672s] [ 80%] Linking CXX shared library libtype_description_interfaces__rosidl_typesupport_cpp.so
[3.727s] [ 80%] Built target type_description_interfaces__rosidl_typesupport_cpp
[3.836s] [ 81%] Linking CXX shared library libtype_description_interfaces__rosidl_typesupport_fastrtps_c.so
[3.865s] [ 82%] Linking CXX shared library libtype_description_interfaces__rosidl_typesupport_introspection_cpp.so
[3.879s] [ 82%] Built target type_description_interfaces__rosidl_typesupport_fastrtps_c
[3.909s] [ 82%] Built target type_description_interfaces__rosidl_typesupport_introspection_cpp
[3.918s] [ 84%] Linking CXX shared library libtype_description_interfaces__rosidl_typesupport_fastrtps_cpp.so
[3.962s] [ 84%] Built target type_description_interfaces__rosidl_typesupport_fastrtps_cpp
[3.971s] [ 84%] Built target type_description_interfaces
[3.981s] [ 85%] Generating Python code for ROS interfaces
[5.063s] [ 85%] Built target type_description_interfaces__py
[5.075s] [ 89%] Building C object CMakeFiles/type_description_interfaces__rosidl_generator_py.dir/rosidl_generator_py/type_description_interfaces/msg/_type_description_s.c.o
[5.075s] [ 89%] Building C object CMakeFiles/type_description_interfaces__rosidl_generator_py.dir/rosidl_generator_py/type_description_interfaces/msg/_field_s.c.o
[5.075s] [ 89%] Building C object CMakeFiles/type_description_interfaces__rosidl_generator_py.dir/rosidl_generator_py/type_description_interfaces/msg/_individual_type_description_s.c.o
[5.075s] [ 90%] Building C object CMakeFiles/type_description_interfaces__rosidl_generator_py.dir/rosidl_generator_py/type_description_interfaces/srv/_get_type_description_s.c.o
[5.076s] [ 91%] Building C object CMakeFiles/type_description_interfaces__rosidl_generator_py.dir/rosidl_generator_py/type_description_interfaces/msg/_field_type_s.c.o
[5.076s] [ 89%] Building C object CMakeFiles/type_description_interfaces__rosidl_generator_py.dir/rosidl_generator_py/type_description_interfaces/msg/_key_value_s.c.o
[5.076s] [ 92%] Building C object CMakeFiles/type_description_interfaces__rosidl_generator_py.dir/rosidl_generator_py/type_description_interfaces/msg/_type_source_s.c.o
[5.155s] [ 93%] Linking C shared library libtype_description_interfaces__rosidl_generator_py.so
[5.182s] [ 93%] Built target type_description_interfaces__rosidl_generator_py
[5.194s] [ 96%] Building C object CMakeFiles/type_description_interfaces_s__rosidl_typesupport_fastrtps_c.dir/rosidl_generator_py/type_description_interfaces/_type_description_interfaces_s.ep.rosidl_typesupport_fastrtps_c.c.o
[5.194s] [ 96%] Building C object CMakeFiles/type_description_interfaces_s__rosidl_typesupport_c.dir/rosidl_generator_py/type_description_interfaces/_type_description_interfaces_s.ep.rosidl_typesupport_c.c.o
[5.194s] [ 96%] Building C object CMakeFiles/type_description_interfaces_s__rosidl_typesupport_introspection_c.dir/rosidl_generator_py/type_description_interfaces/_type_description_interfaces_s.ep.rosidl_typesupport_introspection_c.c.o
[5.261s] [ 97%] Linking C shared module rosidl_generator_py/type_description_interfaces/type_description_interfaces_s__rosidl_typesupport_introspection_c.so
[5.261s] [100%] Linking C shared module rosidl_generator_py/type_description_interfaces/type_description_interfaces_s__rosidl_typesupport_fastrtps_c.so
[5.261s] [100%] Linking C shared module rosidl_generator_py/type_description_interfaces/type_description_interfaces_s__rosidl_typesupport_c.so
[5.280s] [100%] Built target type_description_interfaces_s__rosidl_typesupport_introspection_c
[5.280s] [100%] Built target type_description_interfaces_s__rosidl_typesupport_fastrtps_c
[5.280s] [100%] Built target type_description_interfaces_s__rosidl_typesupport_c
[5.287s] Invoked command in '/workspace/jazzy_ws/build/type_description_interfaces' returned '0': AMENT_PREFIX_PATH=/workspace/jazzy_ws/install CMAKE_PREFIX_PATH=/workspace/jazzy_ws/install LD_LIBRARY_PATH=/workspace/jazzy_ws/install/lib:/workspace/jazzy_ws/install/opt/mimick_vendor/lib PATH=/workspace/jazzy_ws/install/bin:/workspace/jazzy_ws/install/opt/uncrustify_vendor/bin:${PATH} PKG_CONFIG_PATH=/workspace/jazzy_ws/install/lib/x86_64-linux-gnu/pkgconfig:/workspace/jazzy_ws/install/lib/pkgconfig PYTHONPATH=/workspace/jazzy_ws/install/lib/python3.12/site-packages /usr/bin/cmake --build /workspace/jazzy_ws/build/type_description_interfaces -- -j24 -l24
[5.288s] Invoking command in '/workspace/jazzy_ws/build/type_description_interfaces': AMENT_PREFIX_PATH=/workspace/jazzy_ws/install CMAKE_PREFIX_PATH=/workspace/jazzy_ws/install LD_LIBRARY_PATH=/workspace/jazzy_ws/install/lib:/workspace/jazzy_ws/install/opt/mimick_vendor/lib PATH=/workspace/jazzy_ws/install/bin:/workspace/jazzy_ws/install/opt/uncrustify_vendor/bin:${PATH} PKG_CONFIG_PATH=/workspace/jazzy_ws/install/lib/x86_64-linux-gnu/pkgconfig:/workspace/jazzy_ws/install/lib/pkgconfig PYTHONPATH=/workspace/jazzy_ws/install/lib/python3.12/site-packages /usr/bin/cmake --install /workspace/jazzy_ws/build/type_description_interfaces
[5.293s] -- Install configuration: ""
[5.293s] -- Installing: /workspace/jazzy_ws/install/share/ament_index/resource_index/rosidl_interfaces/type_description_interfaces
[5.293s] -- Installing: /workspace/jazzy_ws/install/share/type_description_interfaces/msg/Field.json
[5.293s] -- Installing: /workspace/jazzy_ws/install/share/type_description_interfaces/msg/FieldType.json
[5.293s] -- Installing: /workspace/jazzy_ws/install/share/type_description_interfaces/msg/IndividualTypeDescription.json
[5.293s] -- Installing: /workspace/jazzy_ws/install/share/type_description_interfaces/msg/KeyValue.json
[5.293s] -- Installing: /workspace/jazzy_ws/install/share/type_description_interfaces/msg/TypeDescription.json
[5.293s] -- Installing: /workspace/jazzy_ws/install/share/type_description_interfaces/msg/TypeSource.json
[5.293s] -- Installing: /workspace/jazzy_ws/install/share/type_description_interfaces/srv/GetTypeDescription.json
[5.293s] -- Installing: /workspace/jazzy_ws/install/include/type_description_interfaces/type_description_interfaces
[5.293s] -- Installing: /workspace/jazzy_ws/install/include/type_description_interfaces/type_description_interfaces/msg
[5.293s] -- Installing: /workspace/jazzy_ws/install/include/type_description_interfaces/type_description_interfaces/msg/detail
[5.293s] -- Installing: /workspace/jazzy_ws/install/include/type_description_interfaces/type_description_interfaces/msg/detail/type_source__description.c
[5.294s] -- Installing: /workspace/jazzy_ws/install/include/type_description_interfaces/type_description_interfaces/msg/detail/type_description__functions.h
[5.294s] -- Installing: /workspace/jazzy_ws/install/include/type_description_interfaces/type_description_interfaces/msg/detail/type_description__struct.h
[5.294s] -- Installing: /workspace/jazzy_ws/install/include/type_description_interfaces/type_description_interfaces/msg/detail/individual_type_description__struct.h
[5.294s] -- Installing: /workspace/jazzy_ws/install/include/type_description_interfaces/type_description_interfaces/msg/detail/field__struct.h
[5.294s] -- Installing: /workspace/jazzy_ws/install/include/type_description_interfaces/type_description_interfaces/msg/detail/individual_type_description__description.c
[5.294s] -- Installing: /workspace/jazzy_ws/install/include/type_description_interfaces/type_description_interfaces/msg/detail/field__type_support.h
[5.294s] -- Installing: /workspace/jazzy_ws/install/include/type_description_interfaces/type_description_interfaces/msg/detail/key_value__functions.h
[5.294s] -- Installing: /workspace/jazzy_ws/install/include/type_description_interfaces/type_description_interfaces/msg/detail/field_type__type_support.h
[5.294s] -- Installing: /workspace/jazzy_ws/install/include/type_description_interfaces/type_description_interfaces/msg/detail/type_source__type_support.c
[5.294s] -- Installing: /workspace/jazzy_ws/install/include/type_description_interfaces/type_description_interfaces/msg/detail/field_type__struct.h
[5.294s] -- Installing: /workspace/jazzy_ws/install/include/type_description_interfaces/type_description_interfaces/msg/detail/individual_type_description__functions.h
[5.294s] -- Installing: /workspace/jazzy_ws/install/include/type_description_interfaces/type_description_interfaces/msg/detail/type_description__description.c
[5.294s] -- Installing: /workspace/jazzy_ws/install/include/type_description_interfaces/type_description_interfaces/msg/detail/type_description__functions.c
[5.294s] -- Installing: /workspace/jazzy_ws/install/include/type_description_interfaces/type_description_interfaces/msg/detail/individual_type_description__type_support.h
[5.295s] -- Installing: /workspace/jazzy_ws/install/include/type_description_interfaces/type_description_interfaces/msg/detail/field_type__functions.c
[5.295s] -- Installing: /workspace/jazzy_ws/install/include/type_description_interfaces/type_description_interfaces/msg/detail/type_source__functions.h
[5.295s] -- Installing: /workspace/jazzy_ws/install/include/type_description_interfaces/type_description_interfaces/msg/detail/field_type__description.c
[5.295s] -- Installing: /workspace/jazzy_ws/install/include/type_description_interfaces/type_description_interfaces/msg/detail/type_description__type_support.c
[5.295s] -- Installing: /workspace/jazzy_ws/install/include/type_description_interfaces/type_description_interfaces/msg/detail/field__type_support.c
[5.295s] -- Installing: /workspace/jazzy_ws/install/include/type_description_interfaces/type_description_interfaces/msg/detail/field__description.c
[5.295s] -- Installing: /workspace/jazzy_ws/install/include/type_description_interfaces/type_description_interfaces/msg/detail/type_source__type_support.h
[5.295s] -- Installing: /workspace/jazzy_ws/install/include/type_description_interfaces/type_description_interfaces/msg/detail/individual_type_description__type_support.c
[5.295s] -- Installing: /workspace/jazzy_ws/install/include/type_description_interfaces/type_description_interfaces/msg/detail/type_description__type_support.h
[5.295s] -- Installing: /workspace/jazzy_ws/install/include/type_description_interfaces/type_description_interfaces/msg/detail/field_type__type_support.c
[5.295s] -- Installing: /workspace/jazzy_ws/install/include/type_description_interfaces/type_description_interfaces/msg/detail/field_type__functions.h
[5.295s] -- Installing: /workspace/jazzy_ws/install/include/type_description_interfaces/type_description_interfaces/msg/detail/key_value__struct.h
[5.295s] -- Installing: /workspace/jazzy_ws/install/include/type_description_interfaces/type_description_interfaces/msg/detail/key_value__type_support.h
[5.295s] -- Installing: /workspace/jazzy_ws/install/include/type_description_interfaces/type_description_interfaces/msg/detail/individual_type_description__functions.c
[5.295s] -- Installing: /workspace/jazzy_ws/install/include/type_description_interfaces/type_description_interfaces/msg/detail/key_value__functions.c
[5.296s] -- Installing: /workspace/jazzy_ws/install/include/type_description_interfaces/type_description_interfaces/msg/detail/field__functions.c
[5.296s] -- Installing: /workspace/jazzy_ws/install/include/type_description_interfaces/type_description_interfaces/msg/detail/type_source__struct.h
[5.296s] -- Installing: /workspace/jazzy_ws/install/include/type_description_interfaces/type_description_interfaces/msg/detail/key_value__type_support.c
[5.296s] -- Installing: /workspace/jazzy_ws/install/include/type_description_interfaces/type_description_interfaces/msg/detail/field__functions.h
[5.296s] -- Installing: /workspace/jazzy_ws/install/include/type_description_interfaces/type_description_interfaces/msg/detail/key_value__description.c
[5.296s] -- Installing: /workspace/jazzy_ws/install/include/type_description_interfaces/type_description_interfaces/msg/detail/type_source__functions.c
[5.296s] -- Installing: /workspace/jazzy_ws/install/include/type_description_interfaces/type_description_interfaces/msg/key_value.h
[5.296s] -- Installing: /workspace/jazzy_ws/install/include/type_description_interfaces/type_description_interfaces/msg/field_type.h
[5.296s] -- Installing: /workspace/jazzy_ws/install/include/type_description_interfaces/type_description_interfaces/msg/field.h
[5.296s] -- Installing: /workspace/jazzy_ws/install/include/type_description_interfaces/type_description_interfaces/msg/individual_type_description.h
[5.296s] -- Installing: /workspace/jazzy_ws/install/include/type_description_interfaces/type_description_interfaces/msg/type_source.h
[5.296s] -- Installing: /workspace/jazzy_ws/install/include/type_description_interfaces/type_description_interfaces/msg/type_description.h
[5.296s] -- Installing: /workspace/jazzy_ws/install/include/type_description_interfaces/type_description_interfaces/msg/rosidl_generator_c__visibility_control.h
[5.297s] -- Installing: /workspace/jazzy_ws/install/include/type_description_interfaces/type_description_interfaces/srv
[5.297s] -- Installing: /workspace/jazzy_ws/install/include/type_description_interfaces/type_description_interfaces/srv/detail
[5.297s] -- Installing: /workspace/jazzy_ws/install/include/type_description_interfaces/type_description_interfaces/srv/detail/get_type_description__description.c
[5.297s] -- Installing: /workspace/jazzy_ws/install/include/type_description_interfaces/type_description_interfaces/srv/detail/get_type_description__struct.h
[5.297s] -- Installing: /workspace/jazzy_ws/install/include/type_description_interfaces/type_description_interfaces/srv/detail/get_type_description__functions.h
[5.297s] -- Installing: /workspace/jazzy_ws/install/include/type_description_interfaces/type_description_interfaces/srv/detail/get_type_description__type_support.h
[5.297s] -- Installing: /workspace/jazzy_ws/install/include/type_description_interfaces/type_description_interfaces/srv/detail/get_type_description__type_support.c
[5.297s] -- Installing: /workspace/jazzy_ws/install/include/type_description_interfaces/type_description_interfaces/srv/detail/get_type_description__functions.c
[5.297s] -- Installing: /workspace/jazzy_ws/install/include/type_description_interfaces/type_description_interfaces/srv/get_type_description.h
[5.297s] -- Installing: /workspace/jazzy_ws/install/share/type_description_interfaces/environment/library_path.sh
[5.297s] -- Installing: /workspace/jazzy_ws/install/share/type_description_interfaces/environment/library_path.dsv
[5.297s] -- Installing: /workspace/jazzy_ws/install/lib/libtype_description_interfaces__rosidl_generator_c.so
[5.298s] -- Set non-toolchain portion of runtime path of "/workspace/jazzy_ws/install/lib/libtype_description_interfaces__rosidl_generator_c.so" to ""
[5.298s] -- Up-to-date: /workspace/jazzy_ws/install/include/type_description_interfaces/type_description_interfaces
[5.298s] -- Up-to-date: /workspace/jazzy_ws/install/include/type_description_interfaces/type_description_interfaces/msg
[5.298s] -- Up-to-date: /workspace/jazzy_ws/install/include/type_description_interfaces/type_description_interfaces/msg/detail
[5.298s] -- Installing: /workspace/jazzy_ws/install/include/type_description_interfaces/type_description_interfaces/msg/detail/type_source__rosidl_typesupport_fastrtps_c.h
[5.298s] -- Installing: /workspace/jazzy_ws/install/include/type_description_interfaces/type_description_interfaces/msg/detail/type_description__rosidl_typesupport_fastrtps_c.h
[5.298s] -- Installing: /workspace/jazzy_ws/install/include/type_description_interfaces/type_description_interfaces/msg/detail/field__rosidl_typesupport_fastrtps_c.h
[5.298s] -- Installing: /workspace/jazzy_ws/install/include/type_description_interfaces/type_description_interfaces/msg/detail/key_value__rosidl_typesupport_fastrtps_c.h
[5.298s] -- Installing: /workspace/jazzy_ws/install/include/type_description_interfaces/type_description_interfaces/msg/detail/individual_type_description__rosidl_typesupport_fastrtps_c.h
[5.298s] -- Installing: /workspace/jazzy_ws/install/include/type_description_interfaces/type_description_interfaces/msg/detail/field_type__rosidl_typesupport_fastrtps_c.h
[5.298s] -- Installing: /workspace/jazzy_ws/install/include/type_description_interfaces/type_description_interfaces/msg/rosidl_typesupport_fastrtps_c__visibility_control.h
[5.298s] -- Up-to-date: /workspace/jazzy_ws/install/include/type_description_interfaces/type_description_interfaces/srv
[5.298s] -- Up-to-date: /workspace/jazzy_ws/install/include/type_description_interfaces/type_description_interfaces/srv/detail
[5.298s] -- Installing: /workspace/jazzy_ws/install/include/type_description_interfaces/type_description_interfaces/srv/detail/get_type_description__rosidl_typesupport_fastrtps_c.h
[5.299s] -- Installing: /workspace/jazzy_ws/install/lib/libtype_description_interfaces__rosidl_typesupport_fastrtps_c.so
[5.299s] -- Set non-toolchain portion of runtime path of "/workspace/jazzy_ws/install/lib/libtype_description_interfaces__rosidl_typesupport_fastrtps_c.so" to ""
[5.299s] -- Up-to-date: /workspace/jazzy_ws/install/include/type_description_interfaces/type_description_interfaces
[5.299s] -- Up-to-date: /workspace/jazzy_ws/install/include/type_description_interfaces/type_description_interfaces/msg
[5.299s] -- Up-to-date: /workspace/jazzy_ws/install/include/type_description_interfaces/type_description_interfaces/msg/detail
[5.299s] -- Installing: /workspace/jazzy_ws/install/include/type_description_interfaces/type_description_interfaces/msg/detail/field_type__rosidl_typesupport_introspection_c.h
[5.299s] -- Installing: /workspace/jazzy_ws/install/include/type_description_interfaces/type_description_interfaces/msg/detail/type_description__rosidl_typesupport_introspection_c.h
[5.299s] -- Installing: /workspace/jazzy_ws/install/include/type_description_interfaces/type_description_interfaces/msg/detail/key_value__rosidl_typesupport_introspection_c.h
[5.299s] -- Up-to-date: /workspace/jazzy_ws/install/include/type_description_interfaces/type_description_interfaces/msg/detail/type_source__type_support.c
[5.299s] -- Installing: /workspace/jazzy_ws/install/include/type_description_interfaces/type_description_interfaces/msg/detail/individual_type_description__rosidl_typesupport_introspection_c.h
[5.299s] -- Up-to-date: /workspace/jazzy_ws/install/include/type_description_interfaces/type_description_interfaces/msg/detail/type_description__type_support.c
[5.299s] -- Up-to-date: /workspace/jazzy_ws/install/include/type_description_interfaces/type_description_interfaces/msg/detail/field__type_support.c
[5.299s] -- Installing: /workspace/jazzy_ws/install/include/type_description_interfaces/type_description_interfaces/msg/detail/type_source__rosidl_typesupport_introspection_c.h
[5.299s] -- Up-to-date: /workspace/jazzy_ws/install/include/type_description_interfaces/type_description_interfaces/msg/detail/individual_type_description__type_support.c
[5.299s] -- Up-to-date: /workspace/jazzy_ws/install/include/type_description_interfaces/type_description_interfaces/msg/detail/field_type__type_support.c
[5.299s] -- Installing: /workspace/jazzy_ws/install/include/type_description_interfaces/type_description_interfaces/msg/detail/field__rosidl_typesupport_introspection_c.h
[5.299s] -- Up-to-date: /workspace/jazzy_ws/install/include/type_description_interfaces/type_description_interfaces/msg/detail/key_value__type_support.c
[5.299s] -- Installing: /workspace/jazzy_ws/install/include/type_description_interfaces/type_description_interfaces/msg/rosidl_typesupport_introspection_c__visibility_control.h
[5.299s] -- Up-to-date: /workspace/jazzy_ws/install/include/type_description_interfaces/type_description_interfaces/srv
[5.299s] -- Up-to-date: /workspace/jazzy_ws/install/include/type_description_interfaces/type_description_interfaces/srv/detail
[5.300s] -- Installing: /workspace/jazzy_ws/install/include/type_description_interfaces/type_description_interfaces/srv/detail/get_type_description__rosidl_typesupport_introspection_c.h
[5.300s] -- Up-to-date: /workspace/jazzy_ws/install/include/type_description_interfaces/type_description_interfaces/srv/detail/get_type_description__type_support.c
[5.300s] -- Installing: /workspace/jazzy_ws/install/lib/libtype_description_interfaces__rosidl_typesupport_introspection_c.so
[5.300s] -- Set non-toolchain portion of runtime path of "/workspace/jazzy_ws/install/lib/libtype_description_interfaces__rosidl_typesupport_introspection_c.so" to ""
[5.300s] -- Installing: /workspace/jazzy_ws/install/lib/libtype_description_interfaces__rosidl_typesupport_c.so
[5.300s] -- Set non-toolchain portion of runtime path of "/workspace/jazzy_ws/install/lib/libtype_description_interfaces__rosidl_typesupport_c.so" to ""
[5.300s] -- Up-to-date: /workspace/jazzy_ws/install/include/type_description_interfaces/type_description_interfaces
[5.300s] -- Up-to-date: /workspace/jazzy_ws/install/include/type_description_interfaces/type_description_interfaces/msg
[5.300s] -- Up-to-date: /workspace/jazzy_ws/install/include/type_description_interfaces/type_description_interfaces/msg/detail
[5.300s] -- Installing: /workspace/jazzy_ws/install/include/type_description_interfaces/type_description_interfaces/msg/detail/field_type__traits.hpp
[5.300s] -- Installing: /workspace/jazzy_ws/install/include/type_description_interfaces/type_description_interfaces/msg/detail/field_type__type_support.hpp
[5.300s] -- Installing: /workspace/jazzy_ws/install/include/type_description_interfaces/type_description_interfaces/msg/detail/field_type__builder.hpp
[5.300s] -- Installing: /workspace/jazzy_ws/install/include/type_description_interfaces/type_description_interfaces/msg/detail/key_value__type_support.hpp
[5.300s] -- Installing: /workspace/jazzy_ws/install/include/type_description_interfaces/type_description_interfaces/msg/detail/field__struct.hpp
[5.300s] -- Installing: /workspace/jazzy_ws/install/include/type_description_interfaces/type_description_interfaces/msg/detail/type_source__traits.hpp
[5.300s] -- Installing: /workspace/jazzy_ws/install/include/type_description_interfaces/type_description_interfaces/msg/detail/field__builder.hpp
[5.300s] -- Installing: /workspace/jazzy_ws/install/include/type_description_interfaces/type_description_interfaces/msg/detail/type_source__builder.hpp
[5.301s] -- Installing: /workspace/jazzy_ws/install/include/type_description_interfaces/type_description_interfaces/msg/detail/field_type__struct.hpp
[5.301s] -- Installing: /workspace/jazzy_ws/install/include/type_description_interfaces/type_description_interfaces/msg/detail/type_description__traits.hpp
[5.301s] -- Installing: /workspace/jazzy_ws/install/include/type_description_interfaces/type_description_interfaces/msg/detail/individual_type_description__type_support.hpp
[5.301s] -- Installing: /workspace/jazzy_ws/install/include/type_description_interfaces/type_description_interfaces/msg/detail/key_value__traits.hpp
[5.301s] -- Installing: /workspace/jazzy_ws/install/include/type_description_interfaces/type_description_interfaces/msg/detail/individual_type_description__struct.hpp
[5.301s] -- Installing: /workspace/jazzy_ws/install/include/type_description_interfaces/type_description_interfaces/msg/detail/individual_type_description__builder.hpp
[5.301s] -- Installing: /workspace/jazzy_ws/install/include/type_description_interfaces/type_description_interfaces/msg/detail/type_source__struct.hpp
[5.301s] -- Installing: /workspace/jazzy_ws/install/include/type_description_interfaces/type_description_interfaces/msg/detail/type_description__type_support.hpp
[5.301s] -- Installing: /workspace/jazzy_ws/install/include/type_description_interfaces/type_description_interfaces/msg/detail/type_description__builder.hpp
[5.301s] -- Installing: /workspace/jazzy_ws/install/include/type_description_interfaces/type_description_interfaces/msg/detail/field__traits.hpp
[5.301s] -- Installing: /workspace/jazzy_ws/install/include/type_description_interfaces/type_description_interfaces/msg/detail/type_description__struct.hpp
[5.301s] -- Installing: /workspace/jazzy_ws/install/include/type_description_interfaces/type_description_interfaces/msg/detail/key_value__builder.hpp
[5.301s] -- Installing: /workspace/jazzy_ws/install/include/type_description_interfaces/type_description_interfaces/msg/detail/field__type_support.hpp
[5.302s] -- Installing: /workspace/jazzy_ws/install/include/type_description_interfaces/type_description_interfaces/msg/detail/individual_type_description__traits.hpp
[5.302s] -- Installing: /workspace/jazzy_ws/install/include/type_description_interfaces/type_description_interfaces/msg/detail/type_source__type_support.hpp
[5.302s] -- Installing: /workspace/jazzy_ws/install/include/type_description_interfaces/type_description_interfaces/msg/detail/key_value__struct.hpp
[5.302s] -- Installing: /workspace/jazzy_ws/install/include/type_description_interfaces/type_description_interfaces/msg/key_value.hpp
[5.302s] -- Installing: /workspace/jazzy_ws/install/include/type_description_interfaces/type_description_interfaces/msg/rosidl_generator_cpp__visibility_control.hpp
[5.302s] -- Installing: /workspace/jazzy_ws/install/include/type_description_interfaces/type_description_interfaces/msg/field.hpp
[5.302s] -- Installing: /workspace/jazzy_ws/install/include/type_description_interfaces/type_description_interfaces/msg/individual_type_description.hpp
[5.302s] -- Installing: /workspace/jazzy_ws/install/include/type_description_interfaces/type_description_interfaces/msg/type_source.hpp
[5.302s] -- Installing: /workspace/jazzy_ws/install/include/type_description_interfaces/type_description_interfaces/msg/field_type.hpp
[5.302s] -- Installing: /workspace/jazzy_ws/install/include/type_description_interfaces/type_description_interfaces/msg/type_description.hpp
[5.302s] -- Up-to-date: /workspace/jazzy_ws/install/include/type_description_interfaces/type_description_interfaces/srv
[5.302s] -- Up-to-date: /workspace/jazzy_ws/install/include/type_description_interfaces/type_description_interfaces/srv/detail
[5.302s] -- Installing: /workspace/jazzy_ws/install/include/type_description_interfaces/type_description_interfaces/srv/detail/get_type_description__type_support.hpp
[5.302s] -- Installing: /workspace/jazzy_ws/install/include/type_description_interfaces/type_description_interfaces/srv/detail/get_type_description__traits.hpp
[5.302s] -- Installing: /workspace/jazzy_ws/install/include/type_description_interfaces/type_description_interfaces/srv/detail/get_type_description__builder.hpp
[5.303s] -- Installing: /workspace/jazzy_ws/install/include/type_description_interfaces/type_description_interfaces/srv/detail/get_type_description__struct.hpp
[5.303s] -- Installing: /workspace/jazzy_ws/install/include/type_description_interfaces/type_description_interfaces/srv/get_type_description.hpp
[5.303s] -- Up-to-date: /workspace/jazzy_ws/install/include/type_description_interfaces/type_description_interfaces
[5.303s] -- Up-to-date: /workspace/jazzy_ws/install/include/type_description_interfaces/type_description_interfaces/msg
[5.303s] -- Up-to-date: /workspace/jazzy_ws/install/include/type_description_interfaces/type_description_interfaces/msg/detail
[5.303s] -- Installing: /workspace/jazzy_ws/install/include/type_description_interfaces/type_description_interfaces/msg/detail/key_value__rosidl_typesupport_fastrtps_cpp.hpp
[5.303s] -- Installing: /workspace/jazzy_ws/install/include/type_description_interfaces/type_description_interfaces/msg/detail/type_source__rosidl_typesupport_fastrtps_cpp.hpp
[5.303s] -- Installing: /workspace/jazzy_ws/install/include/type_description_interfaces/type_description_interfaces/msg/detail/field__rosidl_typesupport_fastrtps_cpp.hpp
[5.303s] -- Installing: /workspace/jazzy_ws/install/include/type_description_interfaces/type_description_interfaces/msg/detail/type_description__rosidl_typesupport_fastrtps_cpp.hpp
[5.303s] -- Installing: /workspace/jazzy_ws/install/include/type_description_interfaces/type_description_interfaces/msg/detail/dds_fastrtps
[5.303s] -- Installing: /workspace/jazzy_ws/install/include/type_description_interfaces/type_description_interfaces/msg/detail/field_type__rosidl_typesupport_fastrtps_cpp.hpp
[5.303s] -- Installing: /workspace/jazzy_ws/install/include/type_description_interfaces/type_description_interfaces/msg/detail/individual_type_description__rosidl_typesupport_fastrtps_cpp.hpp
[5.303s] -- Installing: /workspace/jazzy_ws/install/include/type_description_interfaces/type_description_interfaces/msg/rosidl_typesupport_fastrtps_cpp__visibility_control.h
[5.303s] -- Up-to-date: /workspace/jazzy_ws/install/include/type_description_interfaces/type_description_interfaces/srv
[5.303s] -- Up-to-date: /workspace/jazzy_ws/install/include/type_description_interfaces/type_description_interfaces/srv/detail
[5.303s] -- Installing: /workspace/jazzy_ws/install/include/type_description_interfaces/type_description_interfaces/srv/detail/get_type_description__rosidl_typesupport_fastrtps_cpp.hpp
[5.304s] -- Installing: /workspace/jazzy_ws/install/include/type_description_interfaces/type_description_interfaces/srv/detail/dds_fastrtps
[5.304s] -- Installing: /workspace/jazzy_ws/install/lib/libtype_description_interfaces__rosidl_typesupport_fastrtps_cpp.so
[5.304s] -- Set non-toolchain portion of runtime path of "/workspace/jazzy_ws/install/lib/libtype_description_interfaces__rosidl_typesupport_fastrtps_cpp.so" to ""
[5.304s] -- Up-to-date: /workspace/jazzy_ws/install/include/type_description_interfaces/type_description_interfaces
[5.304s] -- Up-to-date: /workspace/jazzy_ws/install/include/type_description_interfaces/type_description_interfaces/msg
[5.304s] -- Up-to-date: /workspace/jazzy_ws/install/include/type_description_interfaces/type_description_interfaces/msg/detail
[5.304s] -- Installing: /workspace/jazzy_ws/install/include/type_description_interfaces/type_description_interfaces/msg/detail/individual_type_description__type_support.cpp
[5.304s] -- Installing: /workspace/jazzy_ws/install/include/type_description_interfaces/type_description_interfaces/msg/detail/field__rosidl_typesupport_introspection_cpp.hpp
[5.304s] -- Installing: /workspace/jazzy_ws/install/include/type_description_interfaces/type_description_interfaces/msg/detail/type_description__type_support.cpp
[5.304s] -- Installing: /workspace/jazzy_ws/install/include/type_description_interfaces/type_description_interfaces/msg/detail/field__type_support.cpp
[5.304s] -- Installing: /workspace/jazzy_ws/install/include/type_description_interfaces/type_description_interfaces/msg/detail/type_description__rosidl_typesupport_introspection_cpp.hpp
[5.304s] -- Installing: /workspace/jazzy_ws/install/include/type_description_interfaces/type_description_interfaces/msg/detail/key_value__type_support.cpp
[5.304s] -- Installing: /workspace/jazzy_ws/install/include/type_description_interfaces/type_description_interfaces/msg/detail/type_source__type_support.cpp
[5.305s] -- Installing: /workspace/jazzy_ws/install/include/type_description_interfaces/type_description_interfaces/msg/detail/individual_type_description__rosidl_typesupport_introspection_cpp.hpp
[5.305s] -- Installing: /workspace/jazzy_ws/install/include/type_description_interfaces/type_description_interfaces/msg/detail/field_type__rosidl_typesupport_introspection_cpp.hpp
[5.305s] -- Installing: /workspace/jazzy_ws/install/include/type_description_interfaces/type_description_interfaces/msg/detail/type_source__rosidl_typesupport_introspection_cpp.hpp
[5.305s] -- Installing: /workspace/jazzy_ws/install/include/type_description_interfaces/type_description_interfaces/msg/detail/key_value__rosidl_typesupport_introspection_cpp.hpp
[5.305s] -- Installing: /workspace/jazzy_ws/install/include/type_description_interfaces/type_description_interfaces/msg/detail/field_type__type_support.cpp
[5.305s] -- Up-to-date: /workspace/jazzy_ws/install/include/type_description_interfaces/type_description_interfaces/srv
[5.305s] -- Up-to-date: /workspace/jazzy_ws/install/include/type_description_interfaces/type_description_interfaces/srv/detail
[5.305s] -- Installing: /workspace/jazzy_ws/install/include/type_description_interfaces/type_description_interfaces/srv/detail/get_type_description__type_support.cpp
[5.305s] -- Installing: /workspace/jazzy_ws/install/include/type_description_interfaces/type_description_interfaces/srv/detail/get_type_description__rosidl_typesupport_introspection_cpp.hpp
[5.305s] -- Installing: /workspace/jazzy_ws/install/lib/libtype_description_interfaces__rosidl_typesupport_introspection_cpp.so
[5.306s] -- Set non-toolchain portion of runtime path of "/workspace/jazzy_ws/install/lib/libtype_description_interfaces__rosidl_typesupport_introspection_cpp.so" to ""
[5.306s] -- Installing: /workspace/jazzy_ws/install/lib/libtype_description_interfaces__rosidl_typesupport_cpp.so
[5.306s] -- Set non-toolchain portion of runtime path of "/workspace/jazzy_ws/install/lib/libtype_description_interfaces__rosidl_typesupport_cpp.so" to ""
[5.306s] -- Installing: /workspace/jazzy_ws/install/share/type_description_interfaces/environment/pythonpath.sh
[5.306s] -- Installing: /workspace/jazzy_ws/install/share/type_description_interfaces/environment/pythonpath.dsv
[5.306s] -- Installing: /workspace/jazzy_ws/install/lib/python3.12/site-packages/type_description_interfaces-2.0.3-py3.12.egg-info
[5.306s] -- Installing: /workspace/jazzy_ws/install/lib/python3.12/site-packages/type_description_interfaces-2.0.3-py3.12.egg-info/PKG-INFO
[5.306s] -- Installing: /workspace/jazzy_ws/install/lib/python3.12/site-packages/type_description_interfaces-2.0.3-py3.12.egg-info/SOURCES.txt
[5.306s] -- Installing: /workspace/jazzy_ws/install/lib/python3.12/site-packages/type_description_interfaces-2.0.3-py3.12.egg-info/top_level.txt
[5.306s] -- Installing: /workspace/jazzy_ws/install/lib/python3.12/site-packages/type_description_interfaces-2.0.3-py3.12.egg-info/dependency_links.txt
[5.306s] -- Installing: /workspace/jazzy_ws/install/lib/python3.12/site-packages/type_description_interfaces
[5.306s] -- Installing: /workspace/jazzy_ws/install/lib/python3.12/site-packages/type_description_interfaces/_type_description_interfaces_s.ep.rosidl_typesupport_c.c
[5.307s] -- Installing: /workspace/jazzy_ws/install/lib/python3.12/site-packages/type_description_interfaces/msg
[5.307s] -- Installing: /workspace/jazzy_ws/install/lib/python3.12/site-packages/type_description_interfaces/msg/_type_source_s.c
[5.307s] -- Installing: /workspace/jazzy_ws/install/lib/python3.12/site-packages/type_description_interfaces/msg/_field_type.py
[5.307s] -- Installing: /workspace/jazzy_ws/install/lib/python3.12/site-packages/type_description_interfaces/msg/_key_value_s.c
[5.307s] -- Installing: /workspace/jazzy_ws/install/lib/python3.12/site-packages/type_description_interfaces/msg/_field_type_s.c
[5.307s] -- Installing: /workspace/jazzy_ws/install/lib/python3.12/site-packages/type_description_interfaces/msg/_field_s.c
[5.307s] -- Installing: /workspace/jazzy_ws/install/lib/python3.12/site-packages/type_description_interfaces/msg/__init__.py
[5.307s] -- Installing: /workspace/jazzy_ws/install/lib/python3.12/site-packages/type_description_interfaces/msg/_type_source.py
[5.307s] -- Installing: /workspace/jazzy_ws/install/lib/python3.12/site-packages/type_description_interfaces/msg/_field.py
[5.307s] -- Installing: /workspace/jazzy_ws/install/lib/python3.12/site-packages/type_description_interfaces/msg/_type_description.py
[5.307s] -- Installing: /workspace/jazzy_ws/install/lib/python3.12/site-packages/type_description_interfaces/msg/_key_value.py
[5.307s] -- Installing: /workspace/jazzy_ws/install/lib/python3.12/site-packages/type_description_interfaces/msg/_type_description_s.c
[5.307s] -- Installing: /workspace/jazzy_ws/install/lib/python3.12/site-packages/type_description_interfaces/msg/_individual_type_description_s.c
[5.307s] -- Installing: /workspace/jazzy_ws/install/lib/python3.12/site-packages/type_description_interfaces/msg/_individual_type_description.py
[5.307s] -- Installing: /workspace/jazzy_ws/install/lib/python3.12/site-packages/type_description_interfaces/_type_description_interfaces_s.ep.rosidl_typesupport_introspection_c.c
[5.308s] -- Installing: /workspace/jazzy_ws/install/lib/python3.12/site-packages/type_description_interfaces/__init__.py
[5.308s] -- Installing: /workspace/jazzy_ws/install/lib/python3.12/site-packages/type_description_interfaces/type_description_interfaces_s__rosidl_typesupport_introspection_c.so
[5.308s] -- Installing: /workspace/jazzy_ws/install/lib/python3.12/site-packages/type_description_interfaces/_type_description_interfaces_s.ep.rosidl_typesupport_fastrtps_c.c
[5.308s] -- Installing: /workspace/jazzy_ws/install/lib/python3.12/site-packages/type_description_interfaces/srv
[5.308s] -- Installing: /workspace/jazzy_ws/install/lib/python3.12/site-packages/type_description_interfaces/srv/_get_type_description.py
[5.308s] -- Installing: /workspace/jazzy_ws/install/lib/python3.12/site-packages/type_description_interfaces/srv/__init__.py
[5.308s] -- Installing: /workspace/jazzy_ws/install/lib/python3.12/site-packages/type_description_interfaces/srv/_get_type_description_s.c
[5.308s] -- Installing: /workspace/jazzy_ws/install/lib/python3.12/site-packages/type_description_interfaces/type_description_interfaces_s__rosidl_typesupport_c.so
[5.308s] -- Installing: /workspace/jazzy_ws/install/lib/python3.12/site-packages/type_description_interfaces/type_description_interfaces_s__rosidl_typesupport_fastrtps_c.so
[5.339s] Listing '/workspace/jazzy_ws/install/lib/python3.12/site-packages/type_description_interfaces'...
[5.339s] Compiling '/workspace/jazzy_ws/install/lib/python3.12/site-packages/type_description_interfaces/__init__.py'...
[5.339s] Listing '/workspace/jazzy_ws/install/lib/python3.12/site-packages/type_description_interfaces/msg'...
[5.339s] Compiling '/workspace/jazzy_ws/install/lib/python3.12/site-packages/type_description_interfaces/msg/__init__.py'...
[5.339s] Compiling '/workspace/jazzy_ws/install/lib/python3.12/site-packages/type_description_interfaces/msg/_field.py'...
[5.339s] Compiling '/workspace/jazzy_ws/install/lib/python3.12/site-packages/type_description_interfaces/msg/_field_type.py'...
[5.339s] Compiling '/workspace/jazzy_ws/install/lib/python3.12/site-packages/type_description_interfaces/msg/_individual_type_description.py'...
[5.339s] Compiling '/workspace/jazzy_ws/install/lib/python3.12/site-packages/type_description_interfaces/msg/_key_value.py'...
[5.339s] Compiling '/workspace/jazzy_ws/install/lib/python3.12/site-packages/type_description_interfaces/msg/_type_description.py'...
[5.339s] Compiling '/workspace/jazzy_ws/install/lib/python3.12/site-packages/type_description_interfaces/msg/_type_source.py'...
[5.339s] Listing '/workspace/jazzy_ws/install/lib/python3.12/site-packages/type_description_interfaces/srv'...
[5.339s] Compiling '/workspace/jazzy_ws/install/lib/python3.12/site-packages/type_description_interfaces/srv/__init__.py'...
[5.340s] Compiling '/workspace/jazzy_ws/install/lib/python3.12/site-packages/type_description_interfaces/srv/_get_type_description.py'...
[5.343s] -- Installing: /workspace/jazzy_ws/install/lib/python3.12/site-packages/type_description_interfaces/type_description_interfaces_s__rosidl_typesupport_fastrtps_c.so
[5.344s] -- Set non-toolchain portion of runtime path of "/workspace/jazzy_ws/install/lib/python3.12/site-packages/type_description_interfaces/type_description_interfaces_s__rosidl_typesupport_fastrtps_c.so" to ""
[5.344s] -- Installing: /workspace/jazzy_ws/install/lib/python3.12/site-packages/type_description_interfaces/type_description_interfaces_s__rosidl_typesupport_introspection_c.so
[5.344s] -- Set non-toolchain portion of runtime path of "/workspace/jazzy_ws/install/lib/python3.12/site-packages/type_description_interfaces/type_description_interfaces_s__rosidl_typesupport_introspection_c.so" to ""
[5.344s] -- Installing: /workspace/jazzy_ws/install/lib/python3.12/site-packages/type_description_interfaces/type_description_interfaces_s__rosidl_typesupport_c.so
[5.344s] -- Set non-toolchain portion of runtime path of "/workspace/jazzy_ws/install/lib/python3.12/site-packages/type_description_interfaces/type_description_interfaces_s__rosidl_typesupport_c.so" to ""
[5.344s] -- Installing: /workspace/jazzy_ws/install/lib/libtype_description_interfaces__rosidl_generator_py.so
[5.344s] -- Set non-toolchain portion of runtime path of "/workspace/jazzy_ws/install/lib/libtype_description_interfaces__rosidl_generator_py.so" to ""
[5.345s] -- Installing: /workspace/jazzy_ws/install/share/type_description_interfaces/msg/Field.idl
[5.345s] -- Installing: /workspace/jazzy_ws/install/share/type_description_interfaces/msg/FieldType.idl
[5.345s] -- Installing: /workspace/jazzy_ws/install/share/type_description_interfaces/msg/IndividualTypeDescription.idl
[5.345s] -- Installing: /workspace/jazzy_ws/install/share/type_description_interfaces/msg/KeyValue.idl
[5.345s] -- Installing: /workspace/jazzy_ws/install/share/type_description_interfaces/msg/TypeDescription.idl
[5.345s] -- Installing: /workspace/jazzy_ws/install/share/type_description_interfaces/msg/TypeSource.idl
[5.345s] -- Installing: /workspace/jazzy_ws/install/share/type_description_interfaces/srv/GetTypeDescription.idl
[5.345s] -- Installing: /workspace/jazzy_ws/install/share/type_description_interfaces/msg/Field.msg
[5.345s] -- Installing: /workspace/jazzy_ws/install/share/type_description_interfaces/msg/FieldType.msg
[5.345s] -- Installing: /workspace/jazzy_ws/install/share/type_description_interfaces/msg/IndividualTypeDescription.msg
[5.345s] -- Installing: /workspace/jazzy_ws/install/share/type_description_interfaces/msg/KeyValue.msg
[5.345s] -- Installing: /workspace/jazzy_ws/install/share/type_description_interfaces/msg/TypeDescription.msg
[5.345s] -- Installing: /workspace/jazzy_ws/install/share/type_description_interfaces/msg/TypeSource.msg
[5.345s] -- Installing: /workspace/jazzy_ws/install/share/type_description_interfaces/srv/GetTypeDescription.srv
[5.346s] -- Installing: /workspace/jazzy_ws/install/share/ament_index/resource_index/package_run_dependencies/type_description_interfaces
[5.346s] -- Installing: /workspace/jazzy_ws/install/share/ament_index/resource_index/parent_prefix_path/type_description_interfaces
[5.346s] -- Installing: /workspace/jazzy_ws/install/share/type_description_interfaces/environment/ament_prefix_path.sh
[5.346s] -- Installing: /workspace/jazzy_ws/install/share/type_description_interfaces/environment/ament_prefix_path.dsv
[5.346s] -- Installing: /workspace/jazzy_ws/install/share/type_description_interfaces/environment/path.sh
[5.346s] -- Installing: /workspace/jazzy_ws/install/share/type_description_interfaces/environment/path.dsv
[5.346s] -- Installing: /workspace/jazzy_ws/install/share/type_description_interfaces/local_setup.bash
[5.346s] -- Installing: /workspace/jazzy_ws/install/share/type_description_interfaces/local_setup.sh
[5.346s] -- Installing: /workspace/jazzy_ws/install/share/type_description_interfaces/local_setup.zsh
[5.346s] -- Installing: /workspace/jazzy_ws/install/share/type_description_interfaces/local_setup.dsv
[5.346s] -- Installing: /workspace/jazzy_ws/install/share/type_description_interfaces/package.dsv
[5.346s] -- Installing: /workspace/jazzy_ws/install/share/ament_index/resource_index/packages/type_description_interfaces
[5.346s] -- Installing: /workspace/jazzy_ws/install/share/type_description_interfaces/cmake/export_type_description_interfaces__rosidl_generator_cExport.cmake
[5.347s] -- Installing: /workspace/jazzy_ws/install/share/type_description_interfaces/cmake/export_type_description_interfaces__rosidl_generator_cExport-noconfig.cmake
[5.347s] -- Installing: /workspace/jazzy_ws/install/share/type_description_interfaces/cmake/export_type_description_interfaces__rosidl_typesupport_fastrtps_cExport.cmake
[5.347s] -- Installing: /workspace/jazzy_ws/install/share/type_description_interfaces/cmake/export_type_description_interfaces__rosidl_typesupport_fastrtps_cExport-noconfig.cmake
[5.347s] -- Installing: /workspace/jazzy_ws/install/share/type_description_interfaces/cmake/type_description_interfaces__rosidl_typesupport_introspection_cExport.cmake
[5.347s] -- Installing: /workspace/jazzy_ws/install/share/type_description_interfaces/cmake/type_description_interfaces__rosidl_typesupport_introspection_cExport-noconfig.cmake
[5.347s] -- Installing: /workspace/jazzy_ws/install/share/type_description_interfaces/cmake/type_description_interfaces__rosidl_typesupport_cExport.cmake
[5.347s] -- Installing: /workspace/jazzy_ws/install/share/type_description_interfaces/cmake/type_description_interfaces__rosidl_typesupport_cExport-noconfig.cmake
[5.347s] -- Installing: /workspace/jazzy_ws/install/share/type_description_interfaces/cmake/export_type_description_interfaces__rosidl_generator_cppExport.cmake
[5.347s] -- Installing: /workspace/jazzy_ws/install/share/type_description_interfaces/cmake/export_type_description_interfaces__rosidl_typesupport_fastrtps_cppExport.cmake
[5.347s] -- Installing: /workspace/jazzy_ws/install/share/type_description_interfaces/cmake/export_type_description_interfaces__rosidl_typesupport_fastrtps_cppExport-noconfig.cmake
[5.347s] -- Installing: /workspace/jazzy_ws/install/share/type_description_interfaces/cmake/type_description_interfaces__rosidl_typesupport_introspection_cppExport.cmake
[5.348s] -- Installing: /workspace/jazzy_ws/install/share/type_description_interfaces/cmake/type_description_interfaces__rosidl_typesupport_introspection_cppExport-noconfig.cmake
[5.348s] -- Installing: /workspace/jazzy_ws/install/share/type_description_interfaces/cmake/type_description_interfaces__rosidl_typesupport_cppExport.cmake
[5.348s] -- Installing: /workspace/jazzy_ws/install/share/type_description_interfaces/cmake/type_description_interfaces__rosidl_typesupport_cppExport-noconfig.cmake
[5.348s] -- Installing: /workspace/jazzy_ws/install/share/type_description_interfaces/cmake/export_type_description_interfaces__rosidl_generator_pyExport.cmake
[5.348s] -- Installing: /workspace/jazzy_ws/install/share/type_description_interfaces/cmake/export_type_description_interfaces__rosidl_generator_pyExport-noconfig.cmake
[5.348s] -- Installing: /workspace/jazzy_ws/install/share/type_description_interfaces/cmake/rosidl_cmake-extras.cmake
[5.348s] -- Installing: /workspace/jazzy_ws/install/share/type_description_interfaces/cmake/ament_cmake_export_dependencies-extras.cmake
[5.348s] -- Installing: /workspace/jazzy_ws/install/share/type_description_interfaces/cmake/ament_cmake_export_include_directories-extras.cmake
[5.348s] -- Installing: /workspace/jazzy_ws/install/share/type_description_interfaces/cmake/ament_cmake_export_libraries-extras.cmake
[5.348s] -- Installing: /workspace/jazzy_ws/install/share/type_description_interfaces/cmake/ament_cmake_export_targets-extras.cmake
[5.348s] -- Installing: /workspace/jazzy_ws/install/share/type_description_interfaces/cmake/rosidl_cmake_export_typesupport_targets-extras.cmake
[5.349s] -- Installing: /workspace/jazzy_ws/install/share/type_description_interfaces/cmake/rosidl_cmake_export_typesupport_libraries-extras.cmake
[5.349s] -- Installing: /workspace/jazzy_ws/install/share/type_description_interfaces/cmake/type_description_interfacesConfig.cmake
[5.349s] -- Installing: /workspace/jazzy_ws/install/share/type_description_interfaces/cmake/type_description_interfacesConfig-version.cmake
[5.349s] -- Installing: /workspace/jazzy_ws/install/share/type_description_interfaces/package.xml
[5.350s] Invoked command in '/workspace/jazzy_ws/build/type_description_interfaces' returned '0': AMENT_PREFIX_PATH=/workspace/jazzy_ws/install CMAKE_PREFIX_PATH=/workspace/jazzy_ws/install LD_LIBRARY_PATH=/workspace/jazzy_ws/install/lib:/workspace/jazzy_ws/install/opt/mimick_vendor/lib PATH=/workspace/jazzy_ws/install/bin:/workspace/jazzy_ws/install/opt/uncrustify_vendor/bin:${PATH} PKG_CONFIG_PATH=/workspace/jazzy_ws/install/lib/x86_64-linux-gnu/pkgconfig:/workspace/jazzy_ws/install/lib/pkgconfig PYTHONPATH=/workspace/jazzy_ws/install/lib/python3.12/site-packages /usr/bin/cmake --install /workspace/jazzy_ws/build/type_description_interfaces
