-- The C compiler identification is GNU 13.3.0
-- The CXX compiler identification is GNU 13.3.0
-- Detecting C compiler ABI info
-- Detecting C compiler ABI info - done
-- Check for working C compiler: /usr/bin/cc - skipped
-- Detecting C compile features
-- Detecting C compile features - done
-- Detecting CXX compiler ABI info
-- Detecting CXX compiler ABI info - done
-- Check for working CXX compiler: /usr/bin/c++ - skipped
-- Detecting CXX compile features
-- Detecting CXX compile features - done
-- Found ament_cmake: 2.5.5 (/workspace/jazzy_ws/install/share/ament_cmake/cmake)
-- Found Python3: /usr/bin/python3 (found version "3.12.3") found components: Interpreter 
-- Found builtin_interfaces: 2.0.3 (/workspace/jazzy_ws/install/share/builtin_interfaces/cmake)
-- Found rosidl_generator_c: 4.6.7 (/workspace/jazzy_ws/install/share/rosidl_generator_c/cmake)
-- Found rosidl_generator_cpp: 4.6.7 (/workspace/jazzy_ws/install/share/rosidl_generator_cpp/cmake)
-- Using all available rosidl_typesupport_c: rosidl_typesupport_fastrtps_c;rosidl_typesupport_introspection_c
-- Using all available rosidl_typesupport_cpp: rosidl_typesupport_fastrtps_cpp;rosidl_typesupport_introspection_cpp
-- Found geometry_msgs: 5.3.6 (/workspace/jazzy_ws/install/share/geometry_msgs/cmake)
-- Found rosidl_default_generators: 1.6.0 (/workspace/jazzy_ws/install/share/rosidl_default_generators/cmake)
-- Found rosidl_adapter: 4.6.7 (/workspace/jazzy_ws/install/share/rosidl_adapter/cmake)
-- Found sensor_msgs: 5.3.6 (/workspace/jazzy_ws/install/share/sensor_msgs/cmake)
-- Found ament_cmake_cppcheck: 0.17.4 (/workspace/jazzy_ws/install/share/ament_cmake_cppcheck/cmake)
-- Found ament_cmake_cpplint: 0.17.4 (/workspace/jazzy_ws/install/share/ament_cmake_cpplint/cmake)
-- Found ament_cmake_uncrustify: 0.17.4 (/workspace/jazzy_ws/install/share/ament_cmake_uncrustify/cmake)
-- Found ament_cmake_ros: 0.12.0 (/workspace/jazzy_ws/install/share/ament_cmake_ros/cmake)
-- Using all available rosidl_typesupport_c: rosidl_typesupport_fastrtps_c;rosidl_typesupport_introspection_c
-- Using all available rosidl_typesupport_cpp: rosidl_typesupport_fastrtps_cpp;rosidl_typesupport_introspection_cpp
-- Found python_cmake_module: 0.11.1 (/workspace/jazzy_ws/install/share/python_cmake_module/cmake)
-- Found PythonExtra: /usr/bin/python3  
-- Found Python3: /usr/bin/python3 (found version "3.12.3") found components: Interpreter Development NumPy Development.Module Development.Embed 
-- Found ament_cmake_flake8: 0.17.4 (/workspace/jazzy_ws/install/share/ament_cmake_flake8/cmake)
-- Found ament_cmake_pep257: 0.17.4 (/workspace/jazzy_ws/install/share/ament_cmake_pep257/cmake)
-- Configuring done (2.1s)
-- Generating done (0.0s)
-- Build files have been written to: /workspace/jazzy_ws/build/visualization_msgs
[  0%] Generating type hashes for ROS interfaces
[  0%] Built target ament_cmake_python_copy_visualization_msgs
running egg_info
creating visualization_msgs.egg-info
writing visualization_msgs.egg-info/PKG-INFO
writing dependency_links to visualization_msgs.egg-info/dependency_links.txt
writing top-level names to visualization_msgs.egg-info/top_level.txt
writing manifest file 'visualization_msgs.egg-info/SOURCES.txt'
reading manifest file 'visualization_msgs.egg-info/SOURCES.txt'
writing manifest file 'visualization_msgs.egg-info/SOURCES.txt'
[  0%] Built target ament_cmake_python_build_visualization_msgs_egg
[  0%] Built target visualization_msgs__rosidl_generator_type_description
[  0%] Generating C code for ROS interfaces
[  0%] Generating C++ code for ROS interfaces
[  0%] Built target visualization_msgs__cpp
[  2%] Building C object CMakeFiles/visualization_msgs__rosidl_generator_c.dir/rosidl_generator_c/visualization_msgs/msg/detail/image_marker__type_support.c.o
[  3%] Building C object CMakeFiles/visualization_msgs__rosidl_generator_c.dir/rosidl_generator_c/visualization_msgs/msg/detail/interactive_marker__functions.c.o
[  4%] Building C object CMakeFiles/visualization_msgs__rosidl_generator_c.dir/rosidl_generator_c/visualization_msgs/msg/detail/interactive_marker__type_support.c.o
[  4%] Building C object CMakeFiles/visualization_msgs__rosidl_generator_c.dir/rosidl_generator_c/visualization_msgs/msg/detail/interactive_marker__description.c.o
[  5%] Building C object CMakeFiles/visualization_msgs__rosidl_generator_c.dir/rosidl_generator_c/visualization_msgs/msg/detail/interactive_marker_control__description.c.o
[  5%] Building C object CMakeFiles/visualization_msgs__rosidl_generator_c.dir/rosidl_generator_c/visualization_msgs/msg/detail/image_marker__description.c.o
[  5%] Building C object CMakeFiles/visualization_msgs__rosidl_generator_c.dir/rosidl_generator_c/visualization_msgs/msg/detail/image_marker__functions.c.o
[  6%] Building C object CMakeFiles/visualization_msgs__rosidl_generator_c.dir/rosidl_generator_c/visualization_msgs/msg/detail/interactive_marker_control__functions.c.o
[  7%] Building C object CMakeFiles/visualization_msgs__rosidl_generator_c.dir/rosidl_generator_c/visualization_msgs/msg/detail/interactive_marker_feedback__functions.c.o
[  7%] Building C object CMakeFiles/visualization_msgs__rosidl_generator_c.dir/rosidl_generator_c/visualization_msgs/msg/detail/interactive_marker_control__type_support.c.o
[  9%] Building C object CMakeFiles/visualization_msgs__rosidl_generator_c.dir/rosidl_generator_c/visualization_msgs/msg/detail/interactive_marker_init__description.c.o
[  9%] Building C object CMakeFiles/visualization_msgs__rosidl_generator_c.dir/rosidl_generator_c/visualization_msgs/msg/detail/interactive_marker_feedback__description.c.o
[  9%] Building C object CMakeFiles/visualization_msgs__rosidl_generator_c.dir/rosidl_generator_c/visualization_msgs/msg/detail/interactive_marker_feedback__type_support.c.o
[ 10%] Building C object CMakeFiles/visualization_msgs__rosidl_generator_c.dir/rosidl_generator_c/visualization_msgs/msg/detail/interactive_marker_init__type_support.c.o
[ 10%] Building C object CMakeFiles/visualization_msgs__rosidl_generator_c.dir/rosidl_generator_c/visualization_msgs/msg/detail/interactive_marker_init__functions.c.o
[ 11%] Building C object CMakeFiles/visualization_msgs__rosidl_generator_c.dir/rosidl_generator_c/visualization_msgs/msg/detail/interactive_marker_pose__description.c.o
[ 11%] Building C object CMakeFiles/visualization_msgs__rosidl_generator_c.dir/rosidl_generator_c/visualization_msgs/msg/detail/interactive_marker_pose__functions.c.o
[ 12%] Building C object CMakeFiles/visualization_msgs__rosidl_generator_c.dir/rosidl_generator_c/visualization_msgs/msg/detail/interactive_marker_pose__type_support.c.o
[ 13%] Building C object CMakeFiles/visualization_msgs__rosidl_generator_c.dir/rosidl_generator_c/visualization_msgs/msg/detail/interactive_marker_update__description.c.o
[ 13%] Building C object CMakeFiles/visualization_msgs__rosidl_generator_c.dir/rosidl_generator_c/visualization_msgs/msg/detail/interactive_marker_update__functions.c.o
[ 14%] Building C object CMakeFiles/visualization_msgs__rosidl_generator_c.dir/rosidl_generator_c/visualization_msgs/msg/detail/marker__type_support.c.o
[ 15%] Building C object CMakeFiles/visualization_msgs__rosidl_generator_c.dir/rosidl_generator_c/visualization_msgs/msg/detail/interactive_marker_update__type_support.c.o
[ 15%] Building C object CMakeFiles/visualization_msgs__rosidl_generator_c.dir/rosidl_generator_c/visualization_msgs/msg/detail/marker__functions.c.o
[ 16%] Building C object CMakeFiles/visualization_msgs__rosidl_generator_c.dir/rosidl_generator_c/visualization_msgs/msg/detail/marker__description.c.o
[ 16%] Building C object CMakeFiles/visualization_msgs__rosidl_generator_c.dir/rosidl_generator_c/visualization_msgs/msg/detail/menu_entry__functions.c.o
[ 17%] Building C object CMakeFiles/visualization_msgs__rosidl_generator_c.dir/rosidl_generator_c/visualization_msgs/msg/detail/menu_entry__type_support.c.o
[ 19%] Building C object CMakeFiles/visualization_msgs__rosidl_generator_c.dir/rosidl_generator_c/visualization_msgs/msg/detail/mesh_file__type_support.c.o
[ 19%] Building C object CMakeFiles/visualization_msgs__rosidl_generator_c.dir/rosidl_generator_c/visualization_msgs/msg/detail/mesh_file__description.c.o
[ 19%] Building C object CMakeFiles/visualization_msgs__rosidl_generator_c.dir/rosidl_generator_c/visualization_msgs/msg/detail/mesh_file__functions.c.o
[ 20%] Building C object CMakeFiles/visualization_msgs__rosidl_generator_c.dir/rosidl_generator_c/visualization_msgs/msg/detail/uv_coordinate__description.c.o
[ 20%] Building C object CMakeFiles/visualization_msgs__rosidl_generator_c.dir/rosidl_generator_c/visualization_msgs/msg/detail/uv_coordinate__functions.c.o
[ 21%] Building C object CMakeFiles/visualization_msgs__rosidl_generator_c.dir/rosidl_generator_c/visualization_msgs/msg/detail/uv_coordinate__type_support.c.o
[ 22%] Building C object CMakeFiles/visualization_msgs__rosidl_generator_c.dir/rosidl_generator_c/visualization_msgs/msg/detail/menu_entry__description.c.o
[ 23%] Building C object CMakeFiles/visualization_msgs__rosidl_generator_c.dir/rosidl_generator_c/visualization_msgs/msg/detail/marker_array__type_support.c.o
[ 24%] Building C object CMakeFiles/visualization_msgs__rosidl_generator_c.dir/rosidl_generator_c/visualization_msgs/srv/detail/get_interactive_markers__type_support.c.o
[ 24%] Building C object CMakeFiles/visualization_msgs__rosidl_generator_c.dir/rosidl_generator_c/visualization_msgs/srv/detail/get_interactive_markers__description.c.o
[ 24%] Building C object CMakeFiles/visualization_msgs__rosidl_generator_c.dir/rosidl_generator_c/visualization_msgs/msg/detail/marker_array__functions.c.o
[ 25%] Building C object CMakeFiles/visualization_msgs__rosidl_generator_c.dir/rosidl_generator_c/visualization_msgs/srv/detail/get_interactive_markers__functions.c.o
[ 26%] Building C object CMakeFiles/visualization_msgs__rosidl_generator_c.dir/rosidl_generator_c/visualization_msgs/msg/detail/marker_array__description.c.o
[ 26%] Linking C shared library libvisualization_msgs__rosidl_generator_c.so
[ 26%] Built target visualization_msgs__rosidl_generator_c
[ 30%] Generating C++ type support dispatch for ROS interfaces
[ 30%] Generating C type support dispatch for ROS interfaces
[ 30%] Generating C introspection for ROS interfaces
[ 30%] Generating C++ type support for eProsima Fast-RTPS
[ 30%] Generating C type support for eProsima Fast-RTPS
[ 31%] Generating C++ introspection for ROS interfaces
[ 34%] Building CXX object CMakeFiles/visualization_msgs__rosidl_typesupport_cpp.dir/rosidl_typesupport_cpp/visualization_msgs/msg/interactive_marker_init__type_support.cpp.o
[ 36%] Building CXX object CMakeFiles/visualization_msgs__rosidl_typesupport_c.dir/rosidl_typesupport_c/visualization_msgs/msg/interactive_marker_control__type_support.cpp.o
[ 36%] Building CXX object CMakeFiles/visualization_msgs__rosidl_typesupport_c.dir/rosidl_typesupport_c/visualization_msgs/msg/interactive_marker__type_support.cpp.o
[ 36%] Building CXX object CMakeFiles/visualization_msgs__rosidl_typesupport_cpp.dir/rosidl_typesupport_cpp/visualization_msgs/msg/image_marker__type_support.cpp.o
[ 36%] Building CXX object CMakeFiles/visualization_msgs__rosidl_typesupport_cpp.dir/rosidl_typesupport_cpp/visualization_msgs/msg/interactive_marker_control__type_support.cpp.o
[ 36%] Building CXX object CMakeFiles/visualization_msgs__rosidl_typesupport_c.dir/rosidl_typesupport_c/visualization_msgs/msg/image_marker__type_support.cpp.o
[ 36%] Building CXX object CMakeFiles/visualization_msgs__rosidl_typesupport_cpp.dir/rosidl_typesupport_cpp/visualization_msgs/msg/interactive_marker__type_support.cpp.o
[ 36%] Building CXX object CMakeFiles/visualization_msgs__rosidl_typesupport_c.dir/rosidl_typesupport_c/visualization_msgs/msg/interactive_marker_feedback__type_support.cpp.o
[ 36%] Building CXX object CMakeFiles/visualization_msgs__rosidl_typesupport_cpp.dir/rosidl_typesupport_cpp/visualization_msgs/msg/interactive_marker_feedback__type_support.cpp.o
[ 38%] Building CXX object CMakeFiles/visualization_msgs__rosidl_typesupport_cpp.dir/rosidl_typesupport_cpp/visualization_msgs/msg/interactive_marker_update__type_support.cpp.o
[ 38%] Building CXX object CMakeFiles/visualization_msgs__rosidl_typesupport_c.dir/rosidl_typesupport_c/visualization_msgs/msg/interactive_marker_update__type_support.cpp.o
[ 40%] Building CXX object CMakeFiles/visualization_msgs__rosidl_typesupport_c.dir/rosidl_typesupport_c/visualization_msgs/msg/marker__type_support.cpp.o
[ 39%] Building CXX object CMakeFiles/visualization_msgs__rosidl_typesupport_c.dir/rosidl_typesupport_c/visualization_msgs/msg/interactive_marker_init__type_support.cpp.o
[ 37%] Building CXX object CMakeFiles/visualization_msgs__rosidl_typesupport_cpp.dir/rosidl_typesupport_cpp/visualization_msgs/msg/interactive_marker_pose__type_support.cpp.o
[ 40%] Building CXX object CMakeFiles/visualization_msgs__rosidl_typesupport_cpp.dir/rosidl_typesupport_cpp/visualization_msgs/msg/marker__type_support.cpp.o
[ 42%] Building CXX object CMakeFiles/visualization_msgs__rosidl_typesupport_cpp.dir/rosidl_typesupport_cpp/visualization_msgs/msg/marker_array__type_support.cpp.o
[ 42%] Building CXX object CMakeFiles/visualization_msgs__rosidl_typesupport_cpp.dir/rosidl_typesupport_cpp/visualization_msgs/msg/mesh_file__type_support.cpp.o
[ 42%] Building CXX object CMakeFiles/visualization_msgs__rosidl_typesupport_c.dir/rosidl_typesupport_c/visualization_msgs/msg/marker_array__type_support.cpp.o
[ 43%] Building CXX object CMakeFiles/visualization_msgs__rosidl_typesupport_c.dir/rosidl_typesupport_c/visualization_msgs/msg/interactive_marker_pose__type_support.cpp.o
[ 44%] Building CXX object CMakeFiles/visualization_msgs__rosidl_typesupport_cpp.dir/rosidl_typesupport_cpp/visualization_msgs/msg/menu_entry__type_support.cpp.o
[ 45%] Building CXX object CMakeFiles/visualization_msgs__rosidl_typesupport_c.dir/rosidl_typesupport_c/visualization_msgs/msg/menu_entry__type_support.cpp.o
[ 45%] Building CXX object CMakeFiles/visualization_msgs__rosidl_typesupport_cpp.dir/rosidl_typesupport_cpp/visualization_msgs/msg/uv_coordinate__type_support.cpp.o
[ 45%] Building CXX object CMakeFiles/visualization_msgs__rosidl_typesupport_cpp.dir/rosidl_typesupport_cpp/visualization_msgs/srv/get_interactive_markers__type_support.cpp.o
[ 46%] Building CXX object CMakeFiles/visualization_msgs__rosidl_typesupport_c.dir/rosidl_typesupport_c/visualization_msgs/srv/get_interactive_markers__type_support.cpp.o
[ 46%] Building CXX object CMakeFiles/visualization_msgs__rosidl_typesupport_c.dir/rosidl_typesupport_c/visualization_msgs/msg/mesh_file__type_support.cpp.o
[ 47%] Building CXX object CMakeFiles/visualization_msgs__rosidl_typesupport_c.dir/rosidl_typesupport_c/visualization_msgs/msg/uv_coordinate__type_support.cpp.o
[ 48%] Linking CXX shared library libvisualization_msgs__rosidl_typesupport_c.so
[ 48%] Built target visualization_msgs__rosidl_typesupport_c
[ 51%] Building CXX object CMakeFiles/visualization_msgs__rosidl_typesupport_introspection_cpp.dir/rosidl_typesupport_introspection_cpp/visualization_msgs/msg/detail/interactive_marker_init__type_support.cpp.o
[ 51%] Building CXX object CMakeFiles/visualization_msgs__rosidl_typesupport_introspection_cpp.dir/rosidl_typesupport_introspection_cpp/visualization_msgs/msg/detail/interactive_marker_control__type_support.cpp.o
[ 51%] Building CXX object CMakeFiles/visualization_msgs__rosidl_typesupport_introspection_cpp.dir/rosidl_typesupport_introspection_cpp/visualization_msgs/msg/detail/image_marker__type_support.cpp.o
[ 51%] Building CXX object CMakeFiles/visualization_msgs__rosidl_typesupport_introspection_cpp.dir/rosidl_typesupport_introspection_cpp/visualization_msgs/msg/detail/interactive_marker_feedback__type_support.cpp.o
[ 51%] Building CXX object CMakeFiles/visualization_msgs__rosidl_typesupport_introspection_cpp.dir/rosidl_typesupport_introspection_cpp/visualization_msgs/msg/detail/interactive_marker__type_support.cpp.o
[ 52%] Building CXX object CMakeFiles/visualization_msgs__rosidl_typesupport_introspection_cpp.dir/rosidl_typesupport_introspection_cpp/visualization_msgs/msg/detail/interactive_marker_update__type_support.cpp.o
[ 52%] Building CXX object CMakeFiles/visualization_msgs__rosidl_typesupport_introspection_cpp.dir/rosidl_typesupport_introspection_cpp/visualization_msgs/msg/detail/interactive_marker_pose__type_support.cpp.o
[ 53%] Building C object CMakeFiles/visualization_msgs__rosidl_typesupport_introspection_c.dir/rosidl_typesupport_introspection_c/visualization_msgs/msg/detail/image_marker__type_support.c.o
[ 53%] Building C object CMakeFiles/visualization_msgs__rosidl_typesupport_introspection_c.dir/rosidl_typesupport_introspection_c/visualization_msgs/msg/detail/interactive_marker__type_support.c.o
[ 54%] Building CXX object CMakeFiles/visualization_msgs__rosidl_typesupport_introspection_cpp.dir/rosidl_typesupport_introspection_cpp/visualization_msgs/msg/detail/marker__type_support.cpp.o
[ 55%] Building C object CMakeFiles/visualization_msgs__rosidl_typesupport_introspection_c.dir/rosidl_typesupport_introspection_c/visualization_msgs/msg/detail/interactive_marker_control__type_support.c.o
[ 55%] Building C object CMakeFiles/visualization_msgs__rosidl_typesupport_introspection_c.dir/rosidl_typesupport_introspection_c/visualization_msgs/msg/detail/interactive_marker_feedback__type_support.c.o
[ 55%] Building CXX object CMakeFiles/visualization_msgs__rosidl_typesupport_introspection_cpp.dir/rosidl_typesupport_introspection_cpp/visualization_msgs/msg/detail/marker_array__type_support.cpp.o
[ 56%] Building CXX object CMakeFiles/visualization_msgs__rosidl_typesupport_introspection_cpp.dir/rosidl_typesupport_introspection_cpp/visualization_msgs/msg/detail/menu_entry__type_support.cpp.o
[ 57%] Building CXX object CMakeFiles/visualization_msgs__rosidl_typesupport_introspection_cpp.dir/rosidl_typesupport_introspection_cpp/visualization_msgs/msg/detail/mesh_file__type_support.cpp.o
[ 58%] Building C object CMakeFiles/visualization_msgs__rosidl_typesupport_introspection_c.dir/rosidl_typesupport_introspection_c/visualization_msgs/msg/detail/interactive_marker_init__type_support.c.o
[ 58%] Building CXX object CMakeFiles/visualization_msgs__rosidl_typesupport_introspection_cpp.dir/rosidl_typesupport_introspection_cpp/visualization_msgs/msg/detail/uv_coordinate__type_support.cpp.o
[ 59%] Building CXX object CMakeFiles/visualization_msgs__rosidl_typesupport_introspection_cpp.dir/rosidl_typesupport_introspection_cpp/visualization_msgs/srv/detail/get_interactive_markers__type_support.cpp.o
[ 59%] Building C object CMakeFiles/visualization_msgs__rosidl_typesupport_introspection_c.dir/rosidl_typesupport_introspection_c/visualization_msgs/msg/detail/interactive_marker_update__type_support.c.o
[ 60%] Building C object CMakeFiles/visualization_msgs__rosidl_typesupport_introspection_c.dir/rosidl_typesupport_introspection_c/visualization_msgs/msg/detail/marker__type_support.c.o
[ 61%] Building C object CMakeFiles/visualization_msgs__rosidl_typesupport_introspection_c.dir/rosidl_typesupport_introspection_c/visualization_msgs/msg/detail/marker_array__type_support.c.o
[ 62%] Building C object CMakeFiles/visualization_msgs__rosidl_typesupport_introspection_c.dir/rosidl_typesupport_introspection_c/visualization_msgs/msg/detail/interactive_marker_pose__type_support.c.o
[ 62%] Building C object CMakeFiles/visualization_msgs__rosidl_typesupport_introspection_c.dir/rosidl_typesupport_introspection_c/visualization_msgs/msg/detail/menu_entry__type_support.c.o
[ 64%] Building C object CMakeFiles/visualization_msgs__rosidl_typesupport_introspection_c.dir/rosidl_typesupport_introspection_c/visualization_msgs/msg/detail/mesh_file__type_support.c.o
[ 64%] Building C object CMakeFiles/visualization_msgs__rosidl_typesupport_introspection_c.dir/rosidl_typesupport_introspection_c/visualization_msgs/msg/detail/uv_coordinate__type_support.c.o
[ 64%] Building C object CMakeFiles/visualization_msgs__rosidl_typesupport_introspection_c.dir/rosidl_typesupport_introspection_c/visualization_msgs/srv/detail/get_interactive_markers__type_support.c.o
[ 65%] Building CXX object CMakeFiles/visualization_msgs__rosidl_typesupport_fastrtps_c.dir/rosidl_typesupport_fastrtps_c/visualization_msgs/msg/detail/image_marker__type_support_c.cpp.o
[ 65%] Building CXX object CMakeFiles/visualization_msgs__rosidl_typesupport_fastrtps_c.dir/rosidl_typesupport_fastrtps_c/visualization_msgs/msg/detail/interactive_marker_control__type_support_c.cpp.o
[ 66%] Building CXX object CMakeFiles/visualization_msgs__rosidl_typesupport_fastrtps_c.dir/rosidl_typesupport_fastrtps_c/visualization_msgs/msg/detail/interactive_marker__type_support_c.cpp.o
[ 67%] Building CXX object CMakeFiles/visualization_msgs__rosidl_typesupport_fastrtps_c.dir/rosidl_typesupport_fastrtps_c/visualization_msgs/msg/detail/interactive_marker_feedback__type_support_c.cpp.o
[ 67%] Building CXX object CMakeFiles/visualization_msgs__rosidl_typesupport_fastrtps_c.dir/rosidl_typesupport_fastrtps_c/visualization_msgs/msg/detail/interactive_marker_pose__type_support_c.cpp.o
[ 68%] Building CXX object CMakeFiles/visualization_msgs__rosidl_typesupport_fastrtps_c.dir/rosidl_typesupport_fastrtps_c/visualization_msgs/msg/detail/interactive_marker_init__type_support_c.cpp.o
[ 69%] Building CXX object CMakeFiles/visualization_msgs__rosidl_typesupport_fastrtps_cpp.dir/rosidl_typesupport_fastrtps_cpp/visualization_msgs/msg/detail/dds_fastrtps/image_marker__type_support.cpp.o
[ 69%] Building CXX object CMakeFiles/visualization_msgs__rosidl_typesupport_fastrtps_cpp.dir/rosidl_typesupport_fastrtps_cpp/visualization_msgs/msg/detail/dds_fastrtps/interactive_marker__type_support.cpp.o
[ 71%] Building CXX object CMakeFiles/visualization_msgs__rosidl_typesupport_fastrtps_cpp.dir/rosidl_typesupport_fastrtps_cpp/visualization_msgs/msg/detail/dds_fastrtps/interactive_marker_control__type_support.cpp.o
[ 70%] Building CXX object CMakeFiles/visualization_msgs__rosidl_typesupport_fastrtps_c.dir/rosidl_typesupport_fastrtps_c/visualization_msgs/msg/detail/interactive_marker_update__type_support_c.cpp.o
[ 72%] Linking C shared library libvisualization_msgs__rosidl_typesupport_introspection_c.so
[ 72%] Building CXX object CMakeFiles/visualization_msgs__rosidl_typesupport_fastrtps_c.dir/rosidl_typesupport_fastrtps_c/visualization_msgs/msg/detail/marker__type_support_c.cpp.o
[ 72%] Built target visualization_msgs__rosidl_typesupport_introspection_c
[ 73%] Building CXX object CMakeFiles/visualization_msgs__rosidl_typesupport_fastrtps_cpp.dir/rosidl_typesupport_fastrtps_cpp/visualization_msgs/msg/detail/dds_fastrtps/interactive_marker_feedback__type_support.cpp.o
[ 73%] Building CXX object CMakeFiles/visualization_msgs__rosidl_typesupport_fastrtps_cpp.dir/rosidl_typesupport_fastrtps_cpp/visualization_msgs/msg/detail/dds_fastrtps/interactive_marker_init__type_support.cpp.o
[ 74%] Building CXX object CMakeFiles/visualization_msgs__rosidl_typesupport_fastrtps_c.dir/rosidl_typesupport_fastrtps_c/visualization_msgs/msg/detail/marker_array__type_support_c.cpp.o
[ 75%] Building CXX object CMakeFiles/visualization_msgs__rosidl_typesupport_fastrtps_cpp.dir/rosidl_typesupport_fastrtps_cpp/visualization_msgs/msg/detail/dds_fastrtps/interactive_marker_pose__type_support.cpp.o
[ 76%] Building CXX object CMakeFiles/visualization_msgs__rosidl_typesupport_fastrtps_c.dir/rosidl_typesupport_fastrtps_c/visualization_msgs/msg/detail/menu_entry__type_support_c.cpp.o
[ 77%] Building CXX object CMakeFiles/visualization_msgs__rosidl_typesupport_fastrtps_cpp.dir/rosidl_typesupport_fastrtps_cpp/visualization_msgs/msg/detail/dds_fastrtps/interactive_marker_update__type_support.cpp.o
[ 78%] Linking CXX shared library libvisualization_msgs__rosidl_typesupport_cpp.so
[ 78%] Building CXX object CMakeFiles/visualization_msgs__rosidl_typesupport_fastrtps_cpp.dir/rosidl_typesupport_fastrtps_cpp/visualization_msgs/msg/detail/dds_fastrtps/marker__type_support.cpp.o
[ 79%] Building CXX object CMakeFiles/visualization_msgs__rosidl_typesupport_fastrtps_cpp.dir/rosidl_typesupport_fastrtps_cpp/visualization_msgs/msg/detail/dds_fastrtps/marker_array__type_support.cpp.o
[ 79%] Built target visualization_msgs__rosidl_typesupport_cpp
[ 79%] Building CXX object CMakeFiles/visualization_msgs__rosidl_typesupport_fastrtps_c.dir/rosidl_typesupport_fastrtps_c/visualization_msgs/msg/detail/mesh_file__type_support_c.cpp.o
[ 80%] Building CXX object CMakeFiles/visualization_msgs__rosidl_typesupport_fastrtps_cpp.dir/rosidl_typesupport_fastrtps_cpp/visualization_msgs/msg/detail/dds_fastrtps/menu_entry__type_support.cpp.o
[ 81%] Building CXX object CMakeFiles/visualization_msgs__rosidl_typesupport_fastrtps_c.dir/rosidl_typesupport_fastrtps_c/visualization_msgs/msg/detail/uv_coordinate__type_support_c.cpp.o
[ 81%] Building CXX object CMakeFiles/visualization_msgs__rosidl_typesupport_fastrtps_cpp.dir/rosidl_typesupport_fastrtps_cpp/visualization_msgs/msg/detail/dds_fastrtps/mesh_file__type_support.cpp.o
[ 82%] Building CXX object CMakeFiles/visualization_msgs__rosidl_typesupport_fastrtps_cpp.dir/rosidl_typesupport_fastrtps_cpp/visualization_msgs/msg/detail/dds_fastrtps/uv_coordinate__type_support.cpp.o
[ 83%] Building CXX object CMakeFiles/visualization_msgs__rosidl_typesupport_fastrtps_c.dir/rosidl_typesupport_fastrtps_c/visualization_msgs/srv/detail/get_interactive_markers__type_support_c.cpp.o
[ 83%] Building CXX object CMakeFiles/visualization_msgs__rosidl_typesupport_fastrtps_cpp.dir/rosidl_typesupport_fastrtps_cpp/visualization_msgs/srv/detail/dds_fastrtps/get_interactive_markers__type_support.cpp.o
[ 84%] Linking CXX shared library libvisualization_msgs__rosidl_typesupport_introspection_cpp.so
[ 84%] Built target visualization_msgs__rosidl_typesupport_introspection_cpp
[ 84%] Linking CXX shared library libvisualization_msgs__rosidl_typesupport_fastrtps_c.so
[ 84%] Built target visualization_msgs__rosidl_typesupport_fastrtps_c
[ 85%] Linking CXX shared library libvisualization_msgs__rosidl_typesupport_fastrtps_cpp.so
[ 85%] Built target visualization_msgs__rosidl_typesupport_fastrtps_cpp
[ 85%] Built target visualization_msgs
[ 86%] Generating Python code for ROS interfaces
[ 86%] Built target visualization_msgs__py
[ 87%] Building C object CMakeFiles/visualization_msgs__rosidl_generator_py.dir/rosidl_generator_py/visualization_msgs/msg/_image_marker_s.c.o
[ 88%] Building C object CMakeFiles/visualization_msgs__rosidl_generator_py.dir/rosidl_generator_py/visualization_msgs/msg/_interactive_marker_s.c.o
[ 89%] Building C object CMakeFiles/visualization_msgs__rosidl_generator_py.dir/rosidl_generator_py/visualization_msgs/msg/_interactive_marker_feedback_s.c.o
[ 89%] Building C object CMakeFiles/visualization_msgs__rosidl_generator_py.dir/rosidl_generator_py/visualization_msgs/msg/_interactive_marker_control_s.c.o
[ 90%] Building C object CMakeFiles/visualization_msgs__rosidl_generator_py.dir/rosidl_generator_py/visualization_msgs/msg/_interactive_marker_pose_s.c.o
[ 90%] Building C object CMakeFiles/visualization_msgs__rosidl_generator_py.dir/rosidl_generator_py/visualization_msgs/msg/_interactive_marker_update_s.c.o
[ 91%] Building C object CMakeFiles/visualization_msgs__rosidl_generator_py.dir/rosidl_generator_py/visualization_msgs/msg/_interactive_marker_init_s.c.o
[ 92%] Building C object CMakeFiles/visualization_msgs__rosidl_generator_py.dir/rosidl_generator_py/visualization_msgs/msg/_menu_entry_s.c.o
[ 93%] Building C object CMakeFiles/visualization_msgs__rosidl_generator_py.dir/rosidl_generator_py/visualization_msgs/msg/_marker_s.c.o
[ 93%] Building C object CMakeFiles/visualization_msgs__rosidl_generator_py.dir/rosidl_generator_py/visualization_msgs/msg/_marker_array_s.c.o
[ 93%] Building C object CMakeFiles/visualization_msgs__rosidl_generator_py.dir/rosidl_generator_py/visualization_msgs/msg/_uv_coordinate_s.c.o
[ 95%] Building C object CMakeFiles/visualization_msgs__rosidl_generator_py.dir/rosidl_generator_py/visualization_msgs/srv/_get_interactive_markers_s.c.o
[ 95%] Building C object CMakeFiles/visualization_msgs__rosidl_generator_py.dir/rosidl_generator_py/visualization_msgs/msg/_mesh_file_s.c.o
[ 96%] Linking C shared library libvisualization_msgs__rosidl_generator_py.so
[ 96%] Built target visualization_msgs__rosidl_generator_py
[ 97%] Building C object CMakeFiles/visualization_msgs_s__rosidl_typesupport_fastrtps_c.dir/rosidl_generator_py/visualization_msgs/_visualization_msgs_s.ep.rosidl_typesupport_fastrtps_c.c.o
[ 97%] Building C object CMakeFiles/visualization_msgs_s__rosidl_typesupport_c.dir/rosidl_generator_py/visualization_msgs/_visualization_msgs_s.ep.rosidl_typesupport_c.c.o
[ 98%] Building C object CMakeFiles/visualization_msgs_s__rosidl_typesupport_introspection_c.dir/rosidl_generator_py/visualization_msgs/_visualization_msgs_s.ep.rosidl_typesupport_introspection_c.c.o
[ 99%] Linking C shared module rosidl_generator_py/visualization_msgs/visualization_msgs_s__rosidl_typesupport_c.so
[ 99%] Linking C shared module rosidl_generator_py/visualization_msgs/visualization_msgs_s__rosidl_typesupport_fastrtps_c.so
[100%] Linking C shared module rosidl_generator_py/visualization_msgs/visualization_msgs_s__rosidl_typesupport_introspection_c.so
[100%] Built target visualization_msgs_s__rosidl_typesupport_c
[100%] Built target visualization_msgs_s__rosidl_typesupport_fastrtps_c
[100%] Built target visualization_msgs_s__rosidl_typesupport_introspection_c
-- Install configuration: ""
-- Installing: /workspace/jazzy_ws/install/share/ament_index/resource_index/rosidl_interfaces/visualization_msgs
-- Installing: /workspace/jazzy_ws/install/share/visualization_msgs/msg/ImageMarker.json
-- Installing: /workspace/jazzy_ws/install/share/visualization_msgs/msg/InteractiveMarker.json
-- Installing: /workspace/jazzy_ws/install/share/visualization_msgs/msg/InteractiveMarkerControl.json
-- Installing: /workspace/jazzy_ws/install/share/visualization_msgs/msg/InteractiveMarkerFeedback.json
-- Installing: /workspace/jazzy_ws/install/share/visualization_msgs/msg/InteractiveMarkerInit.json
-- Installing: /workspace/jazzy_ws/install/share/visualization_msgs/msg/InteractiveMarkerPose.json
-- Installing: /workspace/jazzy_ws/install/share/visualization_msgs/msg/InteractiveMarkerUpdate.json
-- Installing: /workspace/jazzy_ws/install/share/visualization_msgs/msg/Marker.json
-- Installing: /workspace/jazzy_ws/install/share/visualization_msgs/msg/MarkerArray.json
-- Installing: /workspace/jazzy_ws/install/share/visualization_msgs/msg/MenuEntry.json
-- Installing: /workspace/jazzy_ws/install/share/visualization_msgs/msg/MeshFile.json
-- Installing: /workspace/jazzy_ws/install/share/visualization_msgs/msg/UVCoordinate.json
-- Installing: /workspace/jazzy_ws/install/share/visualization_msgs/srv/GetInteractiveMarkers.json
-- Installing: /workspace/jazzy_ws/install/include/visualization_msgs/visualization_msgs
-- Installing: /workspace/jazzy_ws/install/include/visualization_msgs/visualization_msgs/msg
-- Installing: /workspace/jazzy_ws/install/include/visualization_msgs/visualization_msgs/msg/detail
-- Installing: /workspace/jazzy_ws/install/include/visualization_msgs/visualization_msgs/msg/detail/interactive_marker_init__struct.h
-- Installing: /workspace/jazzy_ws/install/include/visualization_msgs/visualization_msgs/msg/detail/uv_coordinate__functions.h
-- Installing: /workspace/jazzy_ws/install/include/visualization_msgs/visualization_msgs/msg/detail/interactive_marker_feedback__struct.h
-- Installing: /workspace/jazzy_ws/install/include/visualization_msgs/visualization_msgs/msg/detail/interactive_marker_feedback__type_support.h
-- Installing: /workspace/jazzy_ws/install/include/visualization_msgs/visualization_msgs/msg/detail/interactive_marker_init__type_support.h
-- Installing: /workspace/jazzy_ws/install/include/visualization_msgs/visualization_msgs/msg/detail/interactive_marker_update__struct.h
-- Installing: /workspace/jazzy_ws/install/include/visualization_msgs/visualization_msgs/msg/detail/interactive_marker_pose__struct.h
-- Installing: /workspace/jazzy_ws/install/include/visualization_msgs/visualization_msgs/msg/detail/interactive_marker__functions.c
-- Installing: /workspace/jazzy_ws/install/include/visualization_msgs/visualization_msgs/msg/detail/menu_entry__type_support.h
-- Installing: /workspace/jazzy_ws/install/include/visualization_msgs/visualization_msgs/msg/detail/interactive_marker_control__functions.c
-- Installing: /workspace/jazzy_ws/install/include/visualization_msgs/visualization_msgs/msg/detail/uv_coordinate__functions.c
-- Installing: /workspace/jazzy_ws/install/include/visualization_msgs/visualization_msgs/msg/detail/interactive_marker_init__description.c
-- Installing: /workspace/jazzy_ws/install/include/visualization_msgs/visualization_msgs/msg/detail/menu_entry__struct.h
-- Installing: /workspace/jazzy_ws/install/include/visualization_msgs/visualization_msgs/msg/detail/interactive_marker_update__type_support.h
-- Installing: /workspace/jazzy_ws/install/include/visualization_msgs/visualization_msgs/msg/detail/marker__type_support.h
-- Installing: /workspace/jazzy_ws/install/include/visualization_msgs/visualization_msgs/msg/detail/marker_array__functions.h
-- Installing: /workspace/jazzy_ws/install/include/visualization_msgs/visualization_msgs/msg/detail/menu_entry__functions.h
-- Installing: /workspace/jazzy_ws/install/include/visualization_msgs/visualization_msgs/msg/detail/marker__type_support.c
-- Installing: /workspace/jazzy_ws/install/include/visualization_msgs/visualization_msgs/msg/detail/marker__description.c
-- Installing: /workspace/jazzy_ws/install/include/visualization_msgs/visualization_msgs/msg/detail/interactive_marker_control__functions.h
-- Installing: /workspace/jazzy_ws/install/include/visualization_msgs/visualization_msgs/msg/detail/interactive_marker_update__functions.h
-- Installing: /workspace/jazzy_ws/install/include/visualization_msgs/visualization_msgs/msg/detail/mesh_file__functions.h
-- Installing: /workspace/jazzy_ws/install/include/visualization_msgs/visualization_msgs/msg/detail/interactive_marker_control__struct.h
-- Installing: /workspace/jazzy_ws/install/include/visualization_msgs/visualization_msgs/msg/detail/uv_coordinate__type_support.c
-- Installing: /workspace/jazzy_ws/install/include/visualization_msgs/visualization_msgs/msg/detail/marker__functions.h
-- Installing: /workspace/jazzy_ws/install/include/visualization_msgs/visualization_msgs/msg/detail/interactive_marker_control__type_support.h
-- Installing: /workspace/jazzy_ws/install/include/visualization_msgs/visualization_msgs/msg/detail/image_marker__struct.h
-- Installing: /workspace/jazzy_ws/install/include/visualization_msgs/visualization_msgs/msg/detail/interactive_marker_update__description.c
-- Installing: /workspace/jazzy_ws/install/include/visualization_msgs/visualization_msgs/msg/detail/image_marker__description.c
-- Installing: /workspace/jazzy_ws/install/include/visualization_msgs/visualization_msgs/msg/detail/interactive_marker__struct.h
-- Installing: /workspace/jazzy_ws/install/include/visualization_msgs/visualization_msgs/msg/detail/interactive_marker_pose__functions.h
-- Installing: /workspace/jazzy_ws/install/include/visualization_msgs/visualization_msgs/msg/detail/interactive_marker_feedback__functions.h
-- Installing: /workspace/jazzy_ws/install/include/visualization_msgs/visualization_msgs/msg/detail/uv_coordinate__type_support.h
-- Installing: /workspace/jazzy_ws/install/include/visualization_msgs/visualization_msgs/msg/detail/menu_entry__functions.c
-- Installing: /workspace/jazzy_ws/install/include/visualization_msgs/visualization_msgs/msg/detail/marker__struct.h
-- Installing: /workspace/jazzy_ws/install/include/visualization_msgs/visualization_msgs/msg/detail/uv_coordinate__description.c
-- Installing: /workspace/jazzy_ws/install/include/visualization_msgs/visualization_msgs/msg/detail/interactive_marker_control__type_support.c
-- Installing: /workspace/jazzy_ws/install/include/visualization_msgs/visualization_msgs/msg/detail/interactive_marker__description.c
-- Installing: /workspace/jazzy_ws/install/include/visualization_msgs/visualization_msgs/msg/detail/mesh_file__struct.h
-- Installing: /workspace/jazzy_ws/install/include/visualization_msgs/visualization_msgs/msg/detail/interactive_marker__type_support.h
-- Installing: /workspace/jazzy_ws/install/include/visualization_msgs/visualization_msgs/msg/detail/interactive_marker_feedback__type_support.c
-- Installing: /workspace/jazzy_ws/install/include/visualization_msgs/visualization_msgs/msg/detail/interactive_marker_pose__type_support.h
-- Installing: /workspace/jazzy_ws/install/include/visualization_msgs/visualization_msgs/msg/detail/marker_array__struct.h
-- Installing: /workspace/jazzy_ws/install/include/visualization_msgs/visualization_msgs/msg/detail/interactive_marker_pose__description.c
-- Installing: /workspace/jazzy_ws/install/include/visualization_msgs/visualization_msgs/msg/detail/mesh_file__functions.c
-- Installing: /workspace/jazzy_ws/install/include/visualization_msgs/visualization_msgs/msg/detail/interactive_marker_pose__functions.c
-- Installing: /workspace/jazzy_ws/install/include/visualization_msgs/visualization_msgs/msg/detail/interactive_marker_init__type_support.c
-- Installing: /workspace/jazzy_ws/install/include/visualization_msgs/visualization_msgs/msg/detail/interactive_marker_feedback__functions.c
-- Installing: /workspace/jazzy_ws/install/include/visualization_msgs/visualization_msgs/msg/detail/uv_coordinate__struct.h
-- Installing: /workspace/jazzy_ws/install/include/visualization_msgs/visualization_msgs/msg/detail/interactive_marker_update__functions.c
-- Installing: /workspace/jazzy_ws/install/include/visualization_msgs/visualization_msgs/msg/detail/marker_array__type_support.h
-- Installing: /workspace/jazzy_ws/install/include/visualization_msgs/visualization_msgs/msg/detail/interactive_marker__type_support.c
-- Installing: /workspace/jazzy_ws/install/include/visualization_msgs/visualization_msgs/msg/detail/image_marker__functions.c
-- Installing: /workspace/jazzy_ws/install/include/visualization_msgs/visualization_msgs/msg/detail/menu_entry__type_support.c
-- Installing: /workspace/jazzy_ws/install/include/visualization_msgs/visualization_msgs/msg/detail/interactive_marker_control__description.c
-- Installing: /workspace/jazzy_ws/install/include/visualization_msgs/visualization_msgs/msg/detail/interactive_marker_feedback__description.c
-- Installing: /workspace/jazzy_ws/install/include/visualization_msgs/visualization_msgs/msg/detail/interactive_marker_init__functions.h
-- Installing: /workspace/jazzy_ws/install/include/visualization_msgs/visualization_msgs/msg/detail/interactive_marker_init__functions.c
-- Installing: /workspace/jazzy_ws/install/include/visualization_msgs/visualization_msgs/msg/detail/mesh_file__type_support.h
-- Installing: /workspace/jazzy_ws/install/include/visualization_msgs/visualization_msgs/msg/detail/image_marker__functions.h
-- Installing: /workspace/jazzy_ws/install/include/visualization_msgs/visualization_msgs/msg/detail/mesh_file__description.c
-- Installing: /workspace/jazzy_ws/install/include/visualization_msgs/visualization_msgs/msg/detail/marker__functions.c
-- Installing: /workspace/jazzy_ws/install/include/visualization_msgs/visualization_msgs/msg/detail/interactive_marker__functions.h
-- Installing: /workspace/jazzy_ws/install/include/visualization_msgs/visualization_msgs/msg/detail/marker_array__functions.c
-- Installing: /workspace/jazzy_ws/install/include/visualization_msgs/visualization_msgs/msg/detail/mesh_file__type_support.c
-- Installing: /workspace/jazzy_ws/install/include/visualization_msgs/visualization_msgs/msg/detail/image_marker__type_support.h
-- Installing: /workspace/jazzy_ws/install/include/visualization_msgs/visualization_msgs/msg/detail/image_marker__type_support.c
-- Installing: /workspace/jazzy_ws/install/include/visualization_msgs/visualization_msgs/msg/detail/marker_array__description.c
-- Installing: /workspace/jazzy_ws/install/include/visualization_msgs/visualization_msgs/msg/detail/marker_array__type_support.c
-- Installing: /workspace/jazzy_ws/install/include/visualization_msgs/visualization_msgs/msg/detail/interactive_marker_update__type_support.c
-- Installing: /workspace/jazzy_ws/install/include/visualization_msgs/visualization_msgs/msg/detail/interactive_marker_pose__type_support.c
-- Installing: /workspace/jazzy_ws/install/include/visualization_msgs/visualization_msgs/msg/detail/menu_entry__description.c
-- Installing: /workspace/jazzy_ws/install/include/visualization_msgs/visualization_msgs/msg/interactive_marker.h
-- Installing: /workspace/jazzy_ws/install/include/visualization_msgs/visualization_msgs/msg/menu_entry.h
-- Installing: /workspace/jazzy_ws/install/include/visualization_msgs/visualization_msgs/msg/uv_coordinate.h
-- Installing: /workspace/jazzy_ws/install/include/visualization_msgs/visualization_msgs/msg/marker.h
-- Installing: /workspace/jazzy_ws/install/include/visualization_msgs/visualization_msgs/msg/mesh_file.h
-- Installing: /workspace/jazzy_ws/install/include/visualization_msgs/visualization_msgs/msg/marker_array.h
-- Installing: /workspace/jazzy_ws/install/include/visualization_msgs/visualization_msgs/msg/interactive_marker_control.h
-- Installing: /workspace/jazzy_ws/install/include/visualization_msgs/visualization_msgs/msg/interactive_marker_feedback.h
-- Installing: /workspace/jazzy_ws/install/include/visualization_msgs/visualization_msgs/msg/interactive_marker_pose.h
-- Installing: /workspace/jazzy_ws/install/include/visualization_msgs/visualization_msgs/msg/interactive_marker_update.h
-- Installing: /workspace/jazzy_ws/install/include/visualization_msgs/visualization_msgs/msg/interactive_marker_init.h
-- Installing: /workspace/jazzy_ws/install/include/visualization_msgs/visualization_msgs/msg/image_marker.h
-- Installing: /workspace/jazzy_ws/install/include/visualization_msgs/visualization_msgs/msg/rosidl_generator_c__visibility_control.h
-- Installing: /workspace/jazzy_ws/install/include/visualization_msgs/visualization_msgs/srv
-- Installing: /workspace/jazzy_ws/install/include/visualization_msgs/visualization_msgs/srv/detail
-- Installing: /workspace/jazzy_ws/install/include/visualization_msgs/visualization_msgs/srv/detail/get_interactive_markers__functions.h
-- Installing: /workspace/jazzy_ws/install/include/visualization_msgs/visualization_msgs/srv/detail/get_interactive_markers__struct.h
-- Installing: /workspace/jazzy_ws/install/include/visualization_msgs/visualization_msgs/srv/detail/get_interactive_markers__functions.c
-- Installing: /workspace/jazzy_ws/install/include/visualization_msgs/visualization_msgs/srv/detail/get_interactive_markers__type_support.c
-- Installing: /workspace/jazzy_ws/install/include/visualization_msgs/visualization_msgs/srv/detail/get_interactive_markers__type_support.h
-- Installing: /workspace/jazzy_ws/install/include/visualization_msgs/visualization_msgs/srv/detail/get_interactive_markers__description.c
-- Installing: /workspace/jazzy_ws/install/include/visualization_msgs/visualization_msgs/srv/get_interactive_markers.h
-- Installing: /workspace/jazzy_ws/install/share/visualization_msgs/environment/library_path.sh
-- Installing: /workspace/jazzy_ws/install/share/visualization_msgs/environment/library_path.dsv
-- Installing: /workspace/jazzy_ws/install/lib/libvisualization_msgs__rosidl_generator_c.so
-- Set non-toolchain portion of runtime path of "/workspace/jazzy_ws/install/lib/libvisualization_msgs__rosidl_generator_c.so" to ""
-- Up-to-date: /workspace/jazzy_ws/install/include/visualization_msgs/visualization_msgs
-- Up-to-date: /workspace/jazzy_ws/install/include/visualization_msgs/visualization_msgs/msg
-- Up-to-date: /workspace/jazzy_ws/install/include/visualization_msgs/visualization_msgs/msg/detail
-- Installing: /workspace/jazzy_ws/install/include/visualization_msgs/visualization_msgs/msg/detail/image_marker__rosidl_typesupport_fastrtps_c.h
-- Installing: /workspace/jazzy_ws/install/include/visualization_msgs/visualization_msgs/msg/detail/uv_coordinate__rosidl_typesupport_fastrtps_c.h
-- Installing: /workspace/jazzy_ws/install/include/visualization_msgs/visualization_msgs/msg/detail/interactive_marker_pose__rosidl_typesupport_fastrtps_c.h
-- Installing: /workspace/jazzy_ws/install/include/visualization_msgs/visualization_msgs/msg/detail/interactive_marker_feedback__rosidl_typesupport_fastrtps_c.h
-- Installing: /workspace/jazzy_ws/install/include/visualization_msgs/visualization_msgs/msg/detail/menu_entry__rosidl_typesupport_fastrtps_c.h
-- Installing: /workspace/jazzy_ws/install/include/visualization_msgs/visualization_msgs/msg/detail/interactive_marker_control__rosidl_typesupport_fastrtps_c.h
-- Installing: /workspace/jazzy_ws/install/include/visualization_msgs/visualization_msgs/msg/detail/interactive_marker_init__rosidl_typesupport_fastrtps_c.h
-- Installing: /workspace/jazzy_ws/install/include/visualization_msgs/visualization_msgs/msg/detail/mesh_file__rosidl_typesupport_fastrtps_c.h
-- Installing: /workspace/jazzy_ws/install/include/visualization_msgs/visualization_msgs/msg/detail/interactive_marker_update__rosidl_typesupport_fastrtps_c.h
-- Installing: /workspace/jazzy_ws/install/include/visualization_msgs/visualization_msgs/msg/detail/marker_array__rosidl_typesupport_fastrtps_c.h
-- Installing: /workspace/jazzy_ws/install/include/visualization_msgs/visualization_msgs/msg/detail/marker__rosidl_typesupport_fastrtps_c.h
-- Installing: /workspace/jazzy_ws/install/include/visualization_msgs/visualization_msgs/msg/detail/interactive_marker__rosidl_typesupport_fastrtps_c.h
-- Installing: /workspace/jazzy_ws/install/include/visualization_msgs/visualization_msgs/msg/rosidl_typesupport_fastrtps_c__visibility_control.h
-- Up-to-date: /workspace/jazzy_ws/install/include/visualization_msgs/visualization_msgs/srv
-- Up-to-date: /workspace/jazzy_ws/install/include/visualization_msgs/visualization_msgs/srv/detail
-- Installing: /workspace/jazzy_ws/install/include/visualization_msgs/visualization_msgs/srv/detail/get_interactive_markers__rosidl_typesupport_fastrtps_c.h
-- Installing: /workspace/jazzy_ws/install/lib/libvisualization_msgs__rosidl_typesupport_fastrtps_c.so
-- Set non-toolchain portion of runtime path of "/workspace/jazzy_ws/install/lib/libvisualization_msgs__rosidl_typesupport_fastrtps_c.so" to ""
-- Up-to-date: /workspace/jazzy_ws/install/include/visualization_msgs/visualization_msgs
-- Up-to-date: /workspace/jazzy_ws/install/include/visualization_msgs/visualization_msgs/msg
-- Up-to-date: /workspace/jazzy_ws/install/include/visualization_msgs/visualization_msgs/msg/detail
-- Installing: /workspace/jazzy_ws/install/include/visualization_msgs/visualization_msgs/msg/detail/mesh_file__traits.hpp
-- Installing: /workspace/jazzy_ws/install/include/visualization_msgs/visualization_msgs/msg/detail/uv_coordinate__traits.hpp
-- Installing: /workspace/jazzy_ws/install/include/visualization_msgs/visualization_msgs/msg/detail/mesh_file__struct.hpp
-- Installing: /workspace/jazzy_ws/install/include/visualization_msgs/visualization_msgs/msg/detail/interactive_marker__struct.hpp
-- Installing: /workspace/jazzy_ws/install/include/visualization_msgs/visualization_msgs/msg/detail/marker_array__builder.hpp
-- Installing: /workspace/jazzy_ws/install/include/visualization_msgs/visualization_msgs/msg/detail/marker__struct.hpp
-- Installing: /workspace/jazzy_ws/install/include/visualization_msgs/visualization_msgs/msg/detail/marker__traits.hpp
-- Installing: /workspace/jazzy_ws/install/include/visualization_msgs/visualization_msgs/msg/detail/mesh_file__builder.hpp
-- Installing: /workspace/jazzy_ws/install/include/visualization_msgs/visualization_msgs/msg/detail/interactive_marker_control__builder.hpp
-- Installing: /workspace/jazzy_ws/install/include/visualization_msgs/visualization_msgs/msg/detail/interactive_marker__type_support.hpp
-- Installing: /workspace/jazzy_ws/install/include/visualization_msgs/visualization_msgs/msg/detail/interactive_marker_update__type_support.hpp
-- Installing: /workspace/jazzy_ws/install/include/visualization_msgs/visualization_msgs/msg/detail/marker__type_support.hpp
-- Installing: /workspace/jazzy_ws/install/include/visualization_msgs/visualization_msgs/msg/detail/interactive_marker_control__traits.hpp
-- Installing: /workspace/jazzy_ws/install/include/visualization_msgs/visualization_msgs/msg/detail/interactive_marker_feedback__type_support.hpp
-- Installing: /workspace/jazzy_ws/install/include/visualization_msgs/visualization_msgs/msg/detail/marker__builder.hpp
-- Installing: /workspace/jazzy_ws/install/include/visualization_msgs/visualization_msgs/msg/detail/menu_entry__traits.hpp
-- Installing: /workspace/jazzy_ws/install/include/visualization_msgs/visualization_msgs/msg/detail/interactive_marker__traits.hpp
-- Installing: /workspace/jazzy_ws/install/include/visualization_msgs/visualization_msgs/msg/detail/interactive_marker_init__type_support.hpp
-- Installing: /workspace/jazzy_ws/install/include/visualization_msgs/visualization_msgs/msg/detail/image_marker__struct.hpp
-- Installing: /workspace/jazzy_ws/install/include/visualization_msgs/visualization_msgs/msg/detail/image_marker__builder.hpp
-- Installing: /workspace/jazzy_ws/install/include/visualization_msgs/visualization_msgs/msg/detail/uv_coordinate__struct.hpp
-- Installing: /workspace/jazzy_ws/install/include/visualization_msgs/visualization_msgs/msg/detail/menu_entry__struct.hpp
-- Installing: /workspace/jazzy_ws/install/include/visualization_msgs/visualization_msgs/msg/detail/menu_entry__builder.hpp
-- Installing: /workspace/jazzy_ws/install/include/visualization_msgs/visualization_msgs/msg/detail/interactive_marker_feedback__traits.hpp
-- Installing: /workspace/jazzy_ws/install/include/visualization_msgs/visualization_msgs/msg/detail/interactive_marker_init__traits.hpp
-- Installing: /workspace/jazzy_ws/install/include/visualization_msgs/visualization_msgs/msg/detail/menu_entry__type_support.hpp
-- Installing: /workspace/jazzy_ws/install/include/visualization_msgs/visualization_msgs/msg/detail/interactive_marker_init__struct.hpp
-- Installing: /workspace/jazzy_ws/install/include/visualization_msgs/visualization_msgs/msg/detail/uv_coordinate__builder.hpp
-- Installing: /workspace/jazzy_ws/install/include/visualization_msgs/visualization_msgs/msg/detail/interactive_marker_update__builder.hpp
-- Installing: /workspace/jazzy_ws/install/include/visualization_msgs/visualization_msgs/msg/detail/mesh_file__type_support.hpp
-- Installing: /workspace/jazzy_ws/install/include/visualization_msgs/visualization_msgs/msg/detail/interactive_marker_pose__type_support.hpp
-- Installing: /workspace/jazzy_ws/install/include/visualization_msgs/visualization_msgs/msg/detail/marker_array__struct.hpp
-- Installing: /workspace/jazzy_ws/install/include/visualization_msgs/visualization_msgs/msg/detail/interactive_marker_init__builder.hpp
-- Installing: /workspace/jazzy_ws/install/include/visualization_msgs/visualization_msgs/msg/detail/interactive_marker_feedback__struct.hpp
-- Installing: /workspace/jazzy_ws/install/include/visualization_msgs/visualization_msgs/msg/detail/interactive_marker_update__struct.hpp
-- Installing: /workspace/jazzy_ws/install/include/visualization_msgs/visualization_msgs/msg/detail/image_marker__traits.hpp
-- Installing: /workspace/jazzy_ws/install/include/visualization_msgs/visualization_msgs/msg/detail/marker_array__type_support.hpp
-- Installing: /workspace/jazzy_ws/install/include/visualization_msgs/visualization_msgs/msg/detail/interactive_marker_control__struct.hpp
-- Installing: /workspace/jazzy_ws/install/include/visualization_msgs/visualization_msgs/msg/detail/uv_coordinate__type_support.hpp
-- Installing: /workspace/jazzy_ws/install/include/visualization_msgs/visualization_msgs/msg/detail/interactive_marker_pose__struct.hpp
-- Installing: /workspace/jazzy_ws/install/include/visualization_msgs/visualization_msgs/msg/detail/interactive_marker_pose__builder.hpp
-- Installing: /workspace/jazzy_ws/install/include/visualization_msgs/visualization_msgs/msg/detail/image_marker__type_support.hpp
-- Installing: /workspace/jazzy_ws/install/include/visualization_msgs/visualization_msgs/msg/detail/interactive_marker_pose__traits.hpp
-- Installing: /workspace/jazzy_ws/install/include/visualization_msgs/visualization_msgs/msg/detail/interactive_marker_update__traits.hpp
-- Installing: /workspace/jazzy_ws/install/include/visualization_msgs/visualization_msgs/msg/detail/marker_array__traits.hpp
-- Installing: /workspace/jazzy_ws/install/include/visualization_msgs/visualization_msgs/msg/detail/interactive_marker_feedback__builder.hpp
-- Installing: /workspace/jazzy_ws/install/include/visualization_msgs/visualization_msgs/msg/detail/interactive_marker__builder.hpp
-- Installing: /workspace/jazzy_ws/install/include/visualization_msgs/visualization_msgs/msg/detail/interactive_marker_control__type_support.hpp
-- Installing: /workspace/jazzy_ws/install/include/visualization_msgs/visualization_msgs/msg/interactive_marker_feedback.hpp
-- Installing: /workspace/jazzy_ws/install/include/visualization_msgs/visualization_msgs/msg/rosidl_generator_cpp__visibility_control.hpp
-- Installing: /workspace/jazzy_ws/install/include/visualization_msgs/visualization_msgs/msg/mesh_file.hpp
-- Installing: /workspace/jazzy_ws/install/include/visualization_msgs/visualization_msgs/msg/image_marker.hpp
-- Installing: /workspace/jazzy_ws/install/include/visualization_msgs/visualization_msgs/msg/uv_coordinate.hpp
-- Installing: /workspace/jazzy_ws/install/include/visualization_msgs/visualization_msgs/msg/interactive_marker_pose.hpp
-- Installing: /workspace/jazzy_ws/install/include/visualization_msgs/visualization_msgs/msg/interactive_marker_update.hpp
-- Installing: /workspace/jazzy_ws/install/include/visualization_msgs/visualization_msgs/msg/interactive_marker_control.hpp
-- Installing: /workspace/jazzy_ws/install/include/visualization_msgs/visualization_msgs/msg/interactive_marker.hpp
-- Installing: /workspace/jazzy_ws/install/include/visualization_msgs/visualization_msgs/msg/interactive_marker_init.hpp
-- Installing: /workspace/jazzy_ws/install/include/visualization_msgs/visualization_msgs/msg/menu_entry.hpp
-- Installing: /workspace/jazzy_ws/install/include/visualization_msgs/visualization_msgs/msg/marker_array.hpp
-- Installing: /workspace/jazzy_ws/install/include/visualization_msgs/visualization_msgs/msg/marker.hpp
-- Up-to-date: /workspace/jazzy_ws/install/include/visualization_msgs/visualization_msgs/srv
-- Up-to-date: /workspace/jazzy_ws/install/include/visualization_msgs/visualization_msgs/srv/detail
-- Installing: /workspace/jazzy_ws/install/include/visualization_msgs/visualization_msgs/srv/detail/get_interactive_markers__builder.hpp
-- Installing: /workspace/jazzy_ws/install/include/visualization_msgs/visualization_msgs/srv/detail/get_interactive_markers__type_support.hpp
-- Installing: /workspace/jazzy_ws/install/include/visualization_msgs/visualization_msgs/srv/detail/get_interactive_markers__traits.hpp
-- Installing: /workspace/jazzy_ws/install/include/visualization_msgs/visualization_msgs/srv/detail/get_interactive_markers__struct.hpp
-- Installing: /workspace/jazzy_ws/install/include/visualization_msgs/visualization_msgs/srv/get_interactive_markers.hpp
-- Up-to-date: /workspace/jazzy_ws/install/include/visualization_msgs/visualization_msgs
-- Up-to-date: /workspace/jazzy_ws/install/include/visualization_msgs/visualization_msgs/msg
-- Up-to-date: /workspace/jazzy_ws/install/include/visualization_msgs/visualization_msgs/msg/detail
-- Installing: /workspace/jazzy_ws/install/include/visualization_msgs/visualization_msgs/msg/detail/mesh_file__rosidl_typesupport_fastrtps_cpp.hpp
-- Installing: /workspace/jazzy_ws/install/include/visualization_msgs/visualization_msgs/msg/detail/interactive_marker_pose__rosidl_typesupport_fastrtps_cpp.hpp
-- Installing: /workspace/jazzy_ws/install/include/visualization_msgs/visualization_msgs/msg/detail/interactive_marker_control__rosidl_typesupport_fastrtps_cpp.hpp
-- Installing: /workspace/jazzy_ws/install/include/visualization_msgs/visualization_msgs/msg/detail/interactive_marker_feedback__rosidl_typesupport_fastrtps_cpp.hpp
-- Installing: /workspace/jazzy_ws/install/include/visualization_msgs/visualization_msgs/msg/detail/image_marker__rosidl_typesupport_fastrtps_cpp.hpp
-- Installing: /workspace/jazzy_ws/install/include/visualization_msgs/visualization_msgs/msg/detail/interactive_marker_init__rosidl_typesupport_fastrtps_cpp.hpp
-- Installing: /workspace/jazzy_ws/install/include/visualization_msgs/visualization_msgs/msg/detail/menu_entry__rosidl_typesupport_fastrtps_cpp.hpp
-- Installing: /workspace/jazzy_ws/install/include/visualization_msgs/visualization_msgs/msg/detail/dds_fastrtps
-- Installing: /workspace/jazzy_ws/install/include/visualization_msgs/visualization_msgs/msg/detail/interactive_marker_update__rosidl_typesupport_fastrtps_cpp.hpp
-- Installing: /workspace/jazzy_ws/install/include/visualization_msgs/visualization_msgs/msg/detail/uv_coordinate__rosidl_typesupport_fastrtps_cpp.hpp
-- Installing: /workspace/jazzy_ws/install/include/visualization_msgs/visualization_msgs/msg/detail/marker__rosidl_typesupport_fastrtps_cpp.hpp
-- Installing: /workspace/jazzy_ws/install/include/visualization_msgs/visualization_msgs/msg/detail/marker_array__rosidl_typesupport_fastrtps_cpp.hpp
-- Installing: /workspace/jazzy_ws/install/include/visualization_msgs/visualization_msgs/msg/detail/interactive_marker__rosidl_typesupport_fastrtps_cpp.hpp
-- Installing: /workspace/jazzy_ws/install/include/visualization_msgs/visualization_msgs/msg/rosidl_typesupport_fastrtps_cpp__visibility_control.h
-- Up-to-date: /workspace/jazzy_ws/install/include/visualization_msgs/visualization_msgs/srv
-- Up-to-date: /workspace/jazzy_ws/install/include/visualization_msgs/visualization_msgs/srv/detail
-- Installing: /workspace/jazzy_ws/install/include/visualization_msgs/visualization_msgs/srv/detail/dds_fastrtps
-- Installing: /workspace/jazzy_ws/install/include/visualization_msgs/visualization_msgs/srv/detail/get_interactive_markers__rosidl_typesupport_fastrtps_cpp.hpp
-- Installing: /workspace/jazzy_ws/install/lib/libvisualization_msgs__rosidl_typesupport_fastrtps_cpp.so
-- Set non-toolchain portion of runtime path of "/workspace/jazzy_ws/install/lib/libvisualization_msgs__rosidl_typesupport_fastrtps_cpp.so" to ""
-- Up-to-date: /workspace/jazzy_ws/install/include/visualization_msgs/visualization_msgs
-- Up-to-date: /workspace/jazzy_ws/install/include/visualization_msgs/visualization_msgs/msg
-- Up-to-date: /workspace/jazzy_ws/install/include/visualization_msgs/visualization_msgs/msg/detail
-- Installing: /workspace/jazzy_ws/install/include/visualization_msgs/visualization_msgs/msg/detail/marker_array__rosidl_typesupport_introspection_c.h
-- Installing: /workspace/jazzy_ws/install/include/visualization_msgs/visualization_msgs/msg/detail/interactive_marker_pose__rosidl_typesupport_introspection_c.h
-- Installing: /workspace/jazzy_ws/install/include/visualization_msgs/visualization_msgs/msg/detail/interactive_marker_update__rosidl_typesupport_introspection_c.h
-- Installing: /workspace/jazzy_ws/install/include/visualization_msgs/visualization_msgs/msg/detail/menu_entry__rosidl_typesupport_introspection_c.h
-- Installing: /workspace/jazzy_ws/install/include/visualization_msgs/visualization_msgs/msg/detail/marker__type_support.c
-- Installing: /workspace/jazzy_ws/install/include/visualization_msgs/visualization_msgs/msg/detail/uv_coordinate__type_support.c
-- Installing: /workspace/jazzy_ws/install/include/visualization_msgs/visualization_msgs/msg/detail/image_marker__rosidl_typesupport_introspection_c.h
-- Installing: /workspace/jazzy_ws/install/include/visualization_msgs/visualization_msgs/msg/detail/interactive_marker__rosidl_typesupport_introspection_c.h
-- Installing: /workspace/jazzy_ws/install/include/visualization_msgs/visualization_msgs/msg/detail/interactive_marker_feedback__rosidl_typesupport_introspection_c.h
-- Installing: /workspace/jazzy_ws/install/include/visualization_msgs/visualization_msgs/msg/detail/interactive_marker_control__type_support.c
-- Installing: /workspace/jazzy_ws/install/include/visualization_msgs/visualization_msgs/msg/detail/marker__rosidl_typesupport_introspection_c.h
-- Installing: /workspace/jazzy_ws/install/include/visualization_msgs/visualization_msgs/msg/detail/interactive_marker_feedback__type_support.c
-- Installing: /workspace/jazzy_ws/install/include/visualization_msgs/visualization_msgs/msg/detail/interactive_marker_init__type_support.c
-- Installing: /workspace/jazzy_ws/install/include/visualization_msgs/visualization_msgs/msg/detail/uv_coordinate__rosidl_typesupport_introspection_c.h
-- Installing: /workspace/jazzy_ws/install/include/visualization_msgs/visualization_msgs/msg/detail/interactive_marker__type_support.c
-- Installing: /workspace/jazzy_ws/install/include/visualization_msgs/visualization_msgs/msg/detail/menu_entry__type_support.c
-- Installing: /workspace/jazzy_ws/install/include/visualization_msgs/visualization_msgs/msg/detail/mesh_file__rosidl_typesupport_introspection_c.h
-- Installing: /workspace/jazzy_ws/install/include/visualization_msgs/visualization_msgs/msg/detail/mesh_file__type_support.c
-- Installing: /workspace/jazzy_ws/install/include/visualization_msgs/visualization_msgs/msg/detail/image_marker__type_support.c
-- Installing: /workspace/jazzy_ws/install/include/visualization_msgs/visualization_msgs/msg/detail/marker_array__type_support.c
-- Installing: /workspace/jazzy_ws/install/include/visualization_msgs/visualization_msgs/msg/detail/interactive_marker_init__rosidl_typesupport_introspection_c.h
-- Installing: /workspace/jazzy_ws/install/include/visualization_msgs/visualization_msgs/msg/detail/interactive_marker_update__type_support.c
-- Installing: /workspace/jazzy_ws/install/include/visualization_msgs/visualization_msgs/msg/detail/interactive_marker_pose__type_support.c
-- Installing: /workspace/jazzy_ws/install/include/visualization_msgs/visualization_msgs/msg/detail/interactive_marker_control__rosidl_typesupport_introspection_c.h
-- Installing: /workspace/jazzy_ws/install/include/visualization_msgs/visualization_msgs/msg/rosidl_typesupport_introspection_c__visibility_control.h
-- Up-to-date: /workspace/jazzy_ws/install/include/visualization_msgs/visualization_msgs/srv
-- Up-to-date: /workspace/jazzy_ws/install/include/visualization_msgs/visualization_msgs/srv/detail
-- Installing: /workspace/jazzy_ws/install/include/visualization_msgs/visualization_msgs/srv/detail/get_interactive_markers__type_support.c
-- Installing: /workspace/jazzy_ws/install/include/visualization_msgs/visualization_msgs/srv/detail/get_interactive_markers__rosidl_typesupport_introspection_c.h
-- Installing: /workspace/jazzy_ws/install/lib/libvisualization_msgs__rosidl_typesupport_introspection_c.so
-- Set non-toolchain portion of runtime path of "/workspace/jazzy_ws/install/lib/libvisualization_msgs__rosidl_typesupport_introspection_c.so" to ""
-- Installing: /workspace/jazzy_ws/install/lib/libvisualization_msgs__rosidl_typesupport_c.so
-- Set non-toolchain portion of runtime path of "/workspace/jazzy_ws/install/lib/libvisualization_msgs__rosidl_typesupport_c.so" to ""
-- Up-to-date: /workspace/jazzy_ws/install/include/visualization_msgs/visualization_msgs
-- Up-to-date: /workspace/jazzy_ws/install/include/visualization_msgs/visualization_msgs/msg
-- Up-to-date: /workspace/jazzy_ws/install/include/visualization_msgs/visualization_msgs/msg/detail
-- Installing: /workspace/jazzy_ws/install/include/visualization_msgs/visualization_msgs/msg/detail/interactive_marker_init__type_support.cpp
-- Installing: /workspace/jazzy_ws/install/include/visualization_msgs/visualization_msgs/msg/detail/interactive_marker_control__rosidl_typesupport_introspection_cpp.hpp
-- Installing: /workspace/jazzy_ws/install/include/visualization_msgs/visualization_msgs/msg/detail/marker_array__type_support.cpp
-- Installing: /workspace/jazzy_ws/install/include/visualization_msgs/visualization_msgs/msg/detail/interactive_marker_update__type_support.cpp
-- Installing: /workspace/jazzy_ws/install/include/visualization_msgs/visualization_msgs/msg/detail/marker__rosidl_typesupport_introspection_cpp.hpp
-- Installing: /workspace/jazzy_ws/install/include/visualization_msgs/visualization_msgs/msg/detail/interactive_marker_feedback__type_support.cpp
-- Installing: /workspace/jazzy_ws/install/include/visualization_msgs/visualization_msgs/msg/detail/interactive_marker__rosidl_typesupport_introspection_cpp.hpp
-- Installing: /workspace/jazzy_ws/install/include/visualization_msgs/visualization_msgs/msg/detail/interactive_marker_control__type_support.cpp
-- Installing: /workspace/jazzy_ws/install/include/visualization_msgs/visualization_msgs/msg/detail/interactive_marker_pose__rosidl_typesupport_introspection_cpp.hpp
-- Installing: /workspace/jazzy_ws/install/include/visualization_msgs/visualization_msgs/msg/detail/uv_coordinate__rosidl_typesupport_introspection_cpp.hpp
-- Installing: /workspace/jazzy_ws/install/include/visualization_msgs/visualization_msgs/msg/detail/menu_entry__type_support.cpp
-- Installing: /workspace/jazzy_ws/install/include/visualization_msgs/visualization_msgs/msg/detail/mesh_file__rosidl_typesupport_introspection_cpp.hpp
-- Installing: /workspace/jazzy_ws/install/include/visualization_msgs/visualization_msgs/msg/detail/uv_coordinate__type_support.cpp
-- Installing: /workspace/jazzy_ws/install/include/visualization_msgs/visualization_msgs/msg/detail/interactive_marker_init__rosidl_typesupport_introspection_cpp.hpp
-- Installing: /workspace/jazzy_ws/install/include/visualization_msgs/visualization_msgs/msg/detail/interactive_marker_feedback__rosidl_typesupport_introspection_cpp.hpp
-- Installing: /workspace/jazzy_ws/install/include/visualization_msgs/visualization_msgs/msg/detail/image_marker__rosidl_typesupport_introspection_cpp.hpp
-- Installing: /workspace/jazzy_ws/install/include/visualization_msgs/visualization_msgs/msg/detail/marker__type_support.cpp
-- Installing: /workspace/jazzy_ws/install/include/visualization_msgs/visualization_msgs/msg/detail/interactive_marker__type_support.cpp
-- Installing: /workspace/jazzy_ws/install/include/visualization_msgs/visualization_msgs/msg/detail/menu_entry__rosidl_typesupport_introspection_cpp.hpp
-- Installing: /workspace/jazzy_ws/install/include/visualization_msgs/visualization_msgs/msg/detail/marker_array__rosidl_typesupport_introspection_cpp.hpp
-- Installing: /workspace/jazzy_ws/install/include/visualization_msgs/visualization_msgs/msg/detail/mesh_file__type_support.cpp
-- Installing: /workspace/jazzy_ws/install/include/visualization_msgs/visualization_msgs/msg/detail/image_marker__type_support.cpp
-- Installing: /workspace/jazzy_ws/install/include/visualization_msgs/visualization_msgs/msg/detail/interactive_marker_pose__type_support.cpp
-- Installing: /workspace/jazzy_ws/install/include/visualization_msgs/visualization_msgs/msg/detail/interactive_marker_update__rosidl_typesupport_introspection_cpp.hpp
-- Up-to-date: /workspace/jazzy_ws/install/include/visualization_msgs/visualization_msgs/srv
-- Up-to-date: /workspace/jazzy_ws/install/include/visualization_msgs/visualization_msgs/srv/detail
-- Installing: /workspace/jazzy_ws/install/include/visualization_msgs/visualization_msgs/srv/detail/get_interactive_markers__type_support.cpp
-- Installing: /workspace/jazzy_ws/install/include/visualization_msgs/visualization_msgs/srv/detail/get_interactive_markers__rosidl_typesupport_introspection_cpp.hpp
-- Installing: /workspace/jazzy_ws/install/lib/libvisualization_msgs__rosidl_typesupport_introspection_cpp.so
-- Set non-toolchain portion of runtime path of "/workspace/jazzy_ws/install/lib/libvisualization_msgs__rosidl_typesupport_introspection_cpp.so" to ""
-- Installing: /workspace/jazzy_ws/install/lib/libvisualization_msgs__rosidl_typesupport_cpp.so
-- Set non-toolchain portion of runtime path of "/workspace/jazzy_ws/install/lib/libvisualization_msgs__rosidl_typesupport_cpp.so" to ""
-- Installing: /workspace/jazzy_ws/install/share/visualization_msgs/environment/pythonpath.sh
-- Installing: /workspace/jazzy_ws/install/share/visualization_msgs/environment/pythonpath.dsv
-- Installing: /workspace/jazzy_ws/install/lib/python3.12/site-packages/visualization_msgs-5.3.6-py3.12.egg-info
-- Installing: /workspace/jazzy_ws/install/lib/python3.12/site-packages/visualization_msgs-5.3.6-py3.12.egg-info/PKG-INFO
-- Installing: /workspace/jazzy_ws/install/lib/python3.12/site-packages/visualization_msgs-5.3.6-py3.12.egg-info/SOURCES.txt
-- Installing: /workspace/jazzy_ws/install/lib/python3.12/site-packages/visualization_msgs-5.3.6-py3.12.egg-info/top_level.txt
-- Installing: /workspace/jazzy_ws/install/lib/python3.12/site-packages/visualization_msgs-5.3.6-py3.12.egg-info/dependency_links.txt
-- Installing: /workspace/jazzy_ws/install/lib/python3.12/site-packages/visualization_msgs
-- Installing: /workspace/jazzy_ws/install/lib/python3.12/site-packages/visualization_msgs/visualization_msgs_s__rosidl_typesupport_introspection_c.so
-- Installing: /workspace/jazzy_ws/install/lib/python3.12/site-packages/visualization_msgs/_visualization_msgs_s.ep.rosidl_typesupport_fastrtps_c.c
-- Installing: /workspace/jazzy_ws/install/lib/python3.12/site-packages/visualization_msgs/_visualization_msgs_s.ep.rosidl_typesupport_introspection_c.c
-- Installing: /workspace/jazzy_ws/install/lib/python3.12/site-packages/visualization_msgs/msg
-- Installing: /workspace/jazzy_ws/install/lib/python3.12/site-packages/visualization_msgs/msg/_uv_coordinate_s.c
-- Installing: /workspace/jazzy_ws/install/lib/python3.12/site-packages/visualization_msgs/msg/_uv_coordinate.py
-- Installing: /workspace/jazzy_ws/install/lib/python3.12/site-packages/visualization_msgs/msg/_interactive_marker.py
-- Installing: /workspace/jazzy_ws/install/lib/python3.12/site-packages/visualization_msgs/msg/_image_marker.py
-- Installing: /workspace/jazzy_ws/install/lib/python3.12/site-packages/visualization_msgs/msg/_mesh_file.py
-- Installing: /workspace/jazzy_ws/install/lib/python3.12/site-packages/visualization_msgs/msg/_image_marker_s.c
-- Installing: /workspace/jazzy_ws/install/lib/python3.12/site-packages/visualization_msgs/msg/_menu_entry.py
-- Installing: /workspace/jazzy_ws/install/lib/python3.12/site-packages/visualization_msgs/msg/_interactive_marker_s.c
-- Installing: /workspace/jazzy_ws/install/lib/python3.12/site-packages/visualization_msgs/msg/_interactive_marker_control_s.c
-- Installing: /workspace/jazzy_ws/install/lib/python3.12/site-packages/visualization_msgs/msg/_interactive_marker_feedback_s.c
-- Installing: /workspace/jazzy_ws/install/lib/python3.12/site-packages/visualization_msgs/msg/_interactive_marker_pose.py
-- Installing: /workspace/jazzy_ws/install/lib/python3.12/site-packages/visualization_msgs/msg/_interactive_marker_init.py
-- Installing: /workspace/jazzy_ws/install/lib/python3.12/site-packages/visualization_msgs/msg/__init__.py
-- Installing: /workspace/jazzy_ws/install/lib/python3.12/site-packages/visualization_msgs/msg/_mesh_file_s.c
-- Installing: /workspace/jazzy_ws/install/lib/python3.12/site-packages/visualization_msgs/msg/_interactive_marker_feedback.py
-- Installing: /workspace/jazzy_ws/install/lib/python3.12/site-packages/visualization_msgs/msg/_interactive_marker_update.py
-- Installing: /workspace/jazzy_ws/install/lib/python3.12/site-packages/visualization_msgs/msg/_interactive_marker_init_s.c
-- Installing: /workspace/jazzy_ws/install/lib/python3.12/site-packages/visualization_msgs/msg/_marker_array_s.c
-- Installing: /workspace/jazzy_ws/install/lib/python3.12/site-packages/visualization_msgs/msg/_marker_s.c
-- Installing: /workspace/jazzy_ws/install/lib/python3.12/site-packages/visualization_msgs/msg/_interactive_marker_pose_s.c
-- Installing: /workspace/jazzy_ws/install/lib/python3.12/site-packages/visualization_msgs/msg/_marker_array.py
-- Installing: /workspace/jazzy_ws/install/lib/python3.12/site-packages/visualization_msgs/msg/_marker.py
-- Installing: /workspace/jazzy_ws/install/lib/python3.12/site-packages/visualization_msgs/msg/_interactive_marker_update_s.c
-- Installing: /workspace/jazzy_ws/install/lib/python3.12/site-packages/visualization_msgs/msg/_menu_entry_s.c
-- Installing: /workspace/jazzy_ws/install/lib/python3.12/site-packages/visualization_msgs/msg/_interactive_marker_control.py
-- Installing: /workspace/jazzy_ws/install/lib/python3.12/site-packages/visualization_msgs/__init__.py
-- Installing: /workspace/jazzy_ws/install/lib/python3.12/site-packages/visualization_msgs/_visualization_msgs_s.ep.rosidl_typesupport_c.c
-- Installing: /workspace/jazzy_ws/install/lib/python3.12/site-packages/visualization_msgs/visualization_msgs_s__rosidl_typesupport_fastrtps_c.so
-- Installing: /workspace/jazzy_ws/install/lib/python3.12/site-packages/visualization_msgs/srv
-- Installing: /workspace/jazzy_ws/install/lib/python3.12/site-packages/visualization_msgs/srv/_get_interactive_markers_s.c
-- Installing: /workspace/jazzy_ws/install/lib/python3.12/site-packages/visualization_msgs/srv/__init__.py
-- Installing: /workspace/jazzy_ws/install/lib/python3.12/site-packages/visualization_msgs/srv/_get_interactive_markers.py
-- Installing: /workspace/jazzy_ws/install/lib/python3.12/site-packages/visualization_msgs/visualization_msgs_s__rosidl_typesupport_c.so
Listing '/workspace/jazzy_ws/install/lib/python3.12/site-packages/visualization_msgs'...
Compiling '/workspace/jazzy_ws/install/lib/python3.12/site-packages/visualization_msgs/__init__.py'...
Listing '/workspace/jazzy_ws/install/lib/python3.12/site-packages/visualization_msgs/msg'...
Compiling '/workspace/jazzy_ws/install/lib/python3.12/site-packages/visualization_msgs/msg/__init__.py'...
Compiling '/workspace/jazzy_ws/install/lib/python3.12/site-packages/visualization_msgs/msg/_image_marker.py'...
Compiling '/workspace/jazzy_ws/install/lib/python3.12/site-packages/visualization_msgs/msg/_interactive_marker.py'...
Compiling '/workspace/jazzy_ws/install/lib/python3.12/site-packages/visualization_msgs/msg/_interactive_marker_control.py'...
Compiling '/workspace/jazzy_ws/install/lib/python3.12/site-packages/visualization_msgs/msg/_interactive_marker_feedback.py'...
Compiling '/workspace/jazzy_ws/install/lib/python3.12/site-packages/visualization_msgs/msg/_interactive_marker_init.py'...
Compiling '/workspace/jazzy_ws/install/lib/python3.12/site-packages/visualization_msgs/msg/_interactive_marker_pose.py'...
Compiling '/workspace/jazzy_ws/install/lib/python3.12/site-packages/visualization_msgs/msg/_interactive_marker_update.py'...
Compiling '/workspace/jazzy_ws/install/lib/python3.12/site-packages/visualization_msgs/msg/_marker.py'...
Compiling '/workspace/jazzy_ws/install/lib/python3.12/site-packages/visualization_msgs/msg/_marker_array.py'...
Compiling '/workspace/jazzy_ws/install/lib/python3.12/site-packages/visualization_msgs/msg/_menu_entry.py'...
Compiling '/workspace/jazzy_ws/install/lib/python3.12/site-packages/visualization_msgs/msg/_mesh_file.py'...
Compiling '/workspace/jazzy_ws/install/lib/python3.12/site-packages/visualization_msgs/msg/_uv_coordinate.py'...
Listing '/workspace/jazzy_ws/install/lib/python3.12/site-packages/visualization_msgs/srv'...
Compiling '/workspace/jazzy_ws/install/lib/python3.12/site-packages/visualization_msgs/srv/__init__.py'...
Compiling '/workspace/jazzy_ws/install/lib/python3.12/site-packages/visualization_msgs/srv/_get_interactive_markers.py'...
-- Installing: /workspace/jazzy_ws/install/lib/python3.12/site-packages/visualization_msgs/visualization_msgs_s__rosidl_typesupport_fastrtps_c.so
-- Set non-toolchain portion of runtime path of "/workspace/jazzy_ws/install/lib/python3.12/site-packages/visualization_msgs/visualization_msgs_s__rosidl_typesupport_fastrtps_c.so" to ""
-- Installing: /workspace/jazzy_ws/install/lib/python3.12/site-packages/visualization_msgs/visualization_msgs_s__rosidl_typesupport_introspection_c.so
-- Set non-toolchain portion of runtime path of "/workspace/jazzy_ws/install/lib/python3.12/site-packages/visualization_msgs/visualization_msgs_s__rosidl_typesupport_introspection_c.so" to ""
-- Installing: /workspace/jazzy_ws/install/lib/python3.12/site-packages/visualization_msgs/visualization_msgs_s__rosidl_typesupport_c.so
-- Set non-toolchain portion of runtime path of "/workspace/jazzy_ws/install/lib/python3.12/site-packages/visualization_msgs/visualization_msgs_s__rosidl_typesupport_c.so" to ""
-- Installing: /workspace/jazzy_ws/install/lib/libvisualization_msgs__rosidl_generator_py.so
-- Set non-toolchain portion of runtime path of "/workspace/jazzy_ws/install/lib/libvisualization_msgs__rosidl_generator_py.so" to ""
-- Installing: /workspace/jazzy_ws/install/share/visualization_msgs/msg/ImageMarker.idl
-- Installing: /workspace/jazzy_ws/install/share/visualization_msgs/msg/InteractiveMarker.idl
-- Installing: /workspace/jazzy_ws/install/share/visualization_msgs/msg/InteractiveMarkerControl.idl
-- Installing: /workspace/jazzy_ws/install/share/visualization_msgs/msg/InteractiveMarkerFeedback.idl
-- Installing: /workspace/jazzy_ws/install/share/visualization_msgs/msg/InteractiveMarkerInit.idl
-- Installing: /workspace/jazzy_ws/install/share/visualization_msgs/msg/InteractiveMarkerPose.idl
-- Installing: /workspace/jazzy_ws/install/share/visualization_msgs/msg/InteractiveMarkerUpdate.idl
-- Installing: /workspace/jazzy_ws/install/share/visualization_msgs/msg/Marker.idl
-- Installing: /workspace/jazzy_ws/install/share/visualization_msgs/msg/MarkerArray.idl
-- Installing: /workspace/jazzy_ws/install/share/visualization_msgs/msg/MenuEntry.idl
-- Installing: /workspace/jazzy_ws/install/share/visualization_msgs/msg/MeshFile.idl
-- Installing: /workspace/jazzy_ws/install/share/visualization_msgs/msg/UVCoordinate.idl
-- Installing: /workspace/jazzy_ws/install/share/visualization_msgs/srv/GetInteractiveMarkers.idl
-- Installing: /workspace/jazzy_ws/install/share/visualization_msgs/msg/ImageMarker.msg
-- Installing: /workspace/jazzy_ws/install/share/visualization_msgs/msg/InteractiveMarker.msg
-- Installing: /workspace/jazzy_ws/install/share/visualization_msgs/msg/InteractiveMarkerControl.msg
-- Installing: /workspace/jazzy_ws/install/share/visualization_msgs/msg/InteractiveMarkerFeedback.msg
-- Installing: /workspace/jazzy_ws/install/share/visualization_msgs/msg/InteractiveMarkerInit.msg
-- Installing: /workspace/jazzy_ws/install/share/visualization_msgs/msg/InteractiveMarkerPose.msg
-- Installing: /workspace/jazzy_ws/install/share/visualization_msgs/msg/InteractiveMarkerUpdate.msg
-- Installing: /workspace/jazzy_ws/install/share/visualization_msgs/msg/Marker.msg
-- Installing: /workspace/jazzy_ws/install/share/visualization_msgs/msg/MarkerArray.msg
-- Installing: /workspace/jazzy_ws/install/share/visualization_msgs/msg/MenuEntry.msg
-- Installing: /workspace/jazzy_ws/install/share/visualization_msgs/msg/MeshFile.msg
-- Installing: /workspace/jazzy_ws/install/share/visualization_msgs/msg/UVCoordinate.msg
-- Installing: /workspace/jazzy_ws/install/share/visualization_msgs/srv/GetInteractiveMarkers.srv
-- Installing: /workspace/jazzy_ws/install/share/ament_index/resource_index/package_run_dependencies/visualization_msgs
-- Installing: /workspace/jazzy_ws/install/share/ament_index/resource_index/parent_prefix_path/visualization_msgs
-- Installing: /workspace/jazzy_ws/install/share/visualization_msgs/environment/ament_prefix_path.sh
-- Installing: /workspace/jazzy_ws/install/share/visualization_msgs/environment/ament_prefix_path.dsv
-- Installing: /workspace/jazzy_ws/install/share/visualization_msgs/environment/path.sh
-- Installing: /workspace/jazzy_ws/install/share/visualization_msgs/environment/path.dsv
-- Installing: /workspace/jazzy_ws/install/share/visualization_msgs/local_setup.bash
-- Installing: /workspace/jazzy_ws/install/share/visualization_msgs/local_setup.sh
-- Installing: /workspace/jazzy_ws/install/share/visualization_msgs/local_setup.zsh
-- Installing: /workspace/jazzy_ws/install/share/visualization_msgs/local_setup.dsv
-- Installing: /workspace/jazzy_ws/install/share/visualization_msgs/package.dsv
-- Installing: /workspace/jazzy_ws/install/share/ament_index/resource_index/packages/visualization_msgs
-- Installing: /workspace/jazzy_ws/install/share/visualization_msgs/cmake/export_visualization_msgs__rosidl_generator_cExport.cmake
-- Installing: /workspace/jazzy_ws/install/share/visualization_msgs/cmake/export_visualization_msgs__rosidl_generator_cExport-noconfig.cmake
-- Installing: /workspace/jazzy_ws/install/share/visualization_msgs/cmake/export_visualization_msgs__rosidl_typesupport_fastrtps_cExport.cmake
-- Installing: /workspace/jazzy_ws/install/share/visualization_msgs/cmake/export_visualization_msgs__rosidl_typesupport_fastrtps_cExport-noconfig.cmake
-- Installing: /workspace/jazzy_ws/install/share/visualization_msgs/cmake/export_visualization_msgs__rosidl_generator_cppExport.cmake
-- Installing: /workspace/jazzy_ws/install/share/visualization_msgs/cmake/export_visualization_msgs__rosidl_typesupport_fastrtps_cppExport.cmake
-- Installing: /workspace/jazzy_ws/install/share/visualization_msgs/cmake/export_visualization_msgs__rosidl_typesupport_fastrtps_cppExport-noconfig.cmake
-- Installing: /workspace/jazzy_ws/install/share/visualization_msgs/cmake/visualization_msgs__rosidl_typesupport_introspection_cExport.cmake
-- Installing: /workspace/jazzy_ws/install/share/visualization_msgs/cmake/visualization_msgs__rosidl_typesupport_introspection_cExport-noconfig.cmake
-- Installing: /workspace/jazzy_ws/install/share/visualization_msgs/cmake/visualization_msgs__rosidl_typesupport_cExport.cmake
-- Installing: /workspace/jazzy_ws/install/share/visualization_msgs/cmake/visualization_msgs__rosidl_typesupport_cExport-noconfig.cmake
-- Installing: /workspace/jazzy_ws/install/share/visualization_msgs/cmake/visualization_msgs__rosidl_typesupport_introspection_cppExport.cmake
-- Installing: /workspace/jazzy_ws/install/share/visualization_msgs/cmake/visualization_msgs__rosidl_typesupport_introspection_cppExport-noconfig.cmake
-- Installing: /workspace/jazzy_ws/install/share/visualization_msgs/cmake/visualization_msgs__rosidl_typesupport_cppExport.cmake
-- Installing: /workspace/jazzy_ws/install/share/visualization_msgs/cmake/visualization_msgs__rosidl_typesupport_cppExport-noconfig.cmake
-- Installing: /workspace/jazzy_ws/install/share/visualization_msgs/cmake/export_visualization_msgs__rosidl_generator_pyExport.cmake
-- Installing: /workspace/jazzy_ws/install/share/visualization_msgs/cmake/export_visualization_msgs__rosidl_generator_pyExport-noconfig.cmake
-- Installing: /workspace/jazzy_ws/install/share/visualization_msgs/cmake/rosidl_cmake-extras.cmake
-- Installing: /workspace/jazzy_ws/install/share/visualization_msgs/cmake/ament_cmake_export_dependencies-extras.cmake
-- Installing: /workspace/jazzy_ws/install/share/visualization_msgs/cmake/ament_cmake_export_include_directories-extras.cmake
-- Installing: /workspace/jazzy_ws/install/share/visualization_msgs/cmake/ament_cmake_export_libraries-extras.cmake
-- Installing: /workspace/jazzy_ws/install/share/visualization_msgs/cmake/ament_cmake_export_targets-extras.cmake
-- Installing: /workspace/jazzy_ws/install/share/visualization_msgs/cmake/rosidl_cmake_export_typesupport_targets-extras.cmake
-- Installing: /workspace/jazzy_ws/install/share/visualization_msgs/cmake/rosidl_cmake_export_typesupport_libraries-extras.cmake
-- Installing: /workspace/jazzy_ws/install/share/visualization_msgs/cmake/visualization_msgsConfig.cmake
-- Installing: /workspace/jazzy_ws/install/share/visualization_msgs/cmake/visualization_msgsConfig-version.cmake
-- Installing: /workspace/jazzy_ws/install/share/visualization_msgs/package.xml
