-- The C compiler identification is GNU 13.3.0
-- The CXX compiler identification is GNU 13.3.0
-- Detecting C compiler ABI info
-- Detecting C compiler ABI info - done
-- Check for working C compiler: /usr/bin/cc - skipped
-- Detecting C compile features
-- Detecting C compile features - done
-- Detecting CXX compiler ABI info
-- Detecting CXX compiler ABI info - done
-- Check for working CXX compiler: /usr/bin/c++ - skipped
-- Detecting CXX compile features
-- Detecting CXX compile features - done
-- Found ament_cmake: 2.5.5 (/workspace/jazzy_ws/install/share/ament_cmake/cmake)
-- Found Python3: /usr/bin/python3 (found version "3.12.3") found components: Interpreter 
-- Found ament_cmake_vendor_package: 2.5.5 (/workspace/jazzy_ws/install/share/ament_cmake_vendor_package/cmake)
-- Checking for module 'yaml-0.1'
--   Package 'yaml-0.1', required by 'virtual:world', not found
-- Found ament_lint_auto: 0.17.4 (/workspace/jazzy_ws/install/share/ament_lint_auto/cmake)
-- Found gtest sources under '/workspace/jazzy_ws/install/src/gtest_vendor': C++ tests using 'Google Test' will be built
-- Found Threads: TRUE  
-- Performance tests are disabled by default, so Google Benchmark tests will be skipped. To enable these tests, set the CMake variable 'AMENT_RUN_PERFORMANCE_TESTS'.
-- Added test 'copyright' to check source files copyright and LICENSE
-- Added test 'cppcheck' to perform static code analysis on C / C++ code
-- Configured cppcheck include dirs: /workspace/jazzy_ws/install/include
-- Configured cppcheck exclude dirs and/or files: 
-- Added test 'cpplint' to check C / C++ code against the Google style
-- Configured cpplint exclude dirs and/or files: 
-- Added test 'uncrustify' to check C / C++ code style
-- Configured uncrustify additional arguments: 
-- Added test 'xmllint' to check XML markup files
-- Configuring done (1.0s)
-- Generating done (0.0s)
-- Build files have been written to: /workspace/jazzy_ws/build/libyaml_vendor
[  6%] Building CXX object gtest/CMakeFiles/gtest_main.dir/src/gtest_main.cc.o
[ 12%] Creating directories for 'libyaml_vendor'
[ 18%] Building CXX object gtest/CMakeFiles/gtest.dir/src/gtest-all.cc.o
[ 25%] Performing download step for 'libyaml_vendor'
/usr/bin/vcs:6: DeprecationWarning: pkg_resources is deprecated as an API. See https://setuptools.pypa.io/en/latest/pkg_resources.html
  from pkg_resources import load_entry_point
[ 31%] Linking CXX static library libgtest_main.a
[ 31%] Built target gtest_main
=== ./libyaml_vendor (git) ===
hint: Using 'master' as the name for the initial branch. This default branch name
hint: is subject to change. To configure the initial branch name to use in all
hint: of your new repositories, which will suppress this warning, call:
hint: 
hint: 	git config --global init.defaultBranch <name>
hint: 
hint: Names commonly chosen instead of 'master' are 'main', 'trunk' and
hint: 'development'. The just-created branch can be renamed via this command:
hint: 
hint: 	git branch -m <name>
Initialized empty Git repository in /workspace/jazzy_ws/build/libyaml_vendor/libyaml_vendor-prefix/src/libyaml_vendor/.git/

From https://github.com/yaml/libyaml
 * [new tag]         0.2.5      -> 0.2.5
Note: switching to '0.2.5'.

You are in 'detached HEAD' state. You can look around, make experimental
changes and commit them, and you can discard any commits you make in this
state without impacting any branches by switching back to a branch.

If you want to create a new branch to retain commits you create, you may
do so (now or later) by using -c with the switch command. Example:

  git switch -c <new-branch-name>

Or undo this operation with:

  git switch -

Turn off this advice by setting config variable advice.detachedHead to false

HEAD is now at 2c891fc Changes for v0.2.5 release

[ 37%] No update_disconnected step for 'libyaml_vendor'
[ 43%] No patch_disconnected step for 'libyaml_vendor'
[ 50%] Performing configure step for 'libyaml_vendor'
loading initial cache file /workspace/jazzy_ws/build/libyaml_vendor/libyaml_vendor-config.cmake
-- The C compiler identification is GNU 13.3.0
-- Detecting C compiler ABI info
-- Detecting C compiler ABI info - done
-- Check for working C compiler: /usr/bin/cc - skipped
-- Detecting C compile features
-- Detecting C compile features - done
-- Configuring done (0.2s)
-- Generating done (0.0s)
-- Build files have been written to: /workspace/jazzy_ws/build/libyaml_vendor/libyaml_vendor-prefix/src/libyaml_vendor-build
[ 56%] Performing build step for 'libyaml_vendor'
[ 11%] Building C object CMakeFiles/yaml.dir/src/api.c.o
[ 22%] Building C object CMakeFiles/yaml.dir/src/parser.c.o
[ 44%] Building C object CMakeFiles/yaml.dir/src/reader.c.o
[ 44%] Building C object CMakeFiles/yaml.dir/src/emitter.c.o
[ 55%] Building C object CMakeFiles/yaml.dir/src/dumper.c.o
[ 66%] Building C object CMakeFiles/yaml.dir/src/loader.c.o
[ 77%] Building C object CMakeFiles/yaml.dir/src/scanner.c.o
[ 88%] Building C object CMakeFiles/yaml.dir/src/writer.c.o
[100%] Linking C shared library libyaml.so
[100%] Built target yaml
[ 62%] Performing install step for 'libyaml_vendor'
[100%] Built target yaml
Install the project...
-- Install configuration: ""
-- Installing: /workspace/jazzy_ws/build/libyaml_vendor/libyaml_vendor-prefix/install/include/yaml.h
-- Installing: /workspace/jazzy_ws/build/libyaml_vendor/libyaml_vendor-prefix/install/lib/libyaml.so
-- Installing: /workspace/jazzy_ws/build/libyaml_vendor/libyaml_vendor-prefix/install/cmake/yamlConfig.cmake
-- Installing: /workspace/jazzy_ws/build/libyaml_vendor/libyaml_vendor-prefix/install/cmake/yamlTargets.cmake
-- Installing: /workspace/jazzy_ws/build/libyaml_vendor/libyaml_vendor-prefix/install/cmake/yamlTargets-noconfig.cmake
-- Installing: /workspace/jazzy_ws/build/libyaml_vendor/libyaml_vendor-prefix/install/cmake/yamlConfigVersion.cmake
[ 68%] Completed 'libyaml_vendor'
[ 68%] Built target libyaml_vendor
[ 75%] Building CXX object CMakeFiles/benchmark_reader.dir/test/benchmark/benchmark_reader.cpp.o
[ 81%] Linking CXX executable benchmark_reader
[ 81%] Built target benchmark_reader
[ 87%] Linking CXX static library libgtest.a
[ 87%] Built target gtest
[ 93%] Building CXX object CMakeFiles/test_yaml_reader.dir/test/test_reader.cpp.o
[100%] Linking CXX executable test_yaml_reader
[100%] Built target test_yaml_reader
-- Install configuration: ""
-- Installing: /workspace/jazzy_ws/install/opt/libyaml_vendor
-- Installing: /workspace/jazzy_ws/install/opt/libyaml_vendor/lib
-- Installing: /workspace/jazzy_ws/install/opt/libyaml_vendor/lib/libyaml.so
-- Installing: /workspace/jazzy_ws/install/opt/libyaml_vendor/cmake
-- Installing: /workspace/jazzy_ws/install/opt/libyaml_vendor/cmake/yamlTargets-noconfig.cmake
-- Installing: /workspace/jazzy_ws/install/opt/libyaml_vendor/cmake/yamlConfigVersion.cmake
-- Installing: /workspace/jazzy_ws/install/opt/libyaml_vendor/cmake/yamlConfig.cmake
-- Installing: /workspace/jazzy_ws/install/opt/libyaml_vendor/cmake/yamlTargets.cmake
-- Installing: /workspace/jazzy_ws/install/opt/libyaml_vendor/include
-- Installing: /workspace/jazzy_ws/install/opt/libyaml_vendor/include/yaml.h
-- Installing: /workspace/jazzy_ws/install/share/libyaml_vendor/environment/vendor_package.bat
-- Installing: /workspace/jazzy_ws/install/share/libyaml_vendor/environment/vendor_package.dsv
-- Installing: /workspace/jazzy_ws/install/share/libyaml_vendor/environment/vendor_package.sh
-- Installing: /workspace/jazzy_ws/install/share/ament_index/resource_index/vendor_packages/libyaml_vendor
-- Installing: /workspace/jazzy_ws/install/share/libyaml_vendor/cmake
-- Installing: /workspace/jazzy_ws/install/share/libyaml_vendor/cmake/Modules
-- Installing: /workspace/jazzy_ws/install/share/libyaml_vendor/cmake/Modules/Findyaml.cmake
-- Installing: /workspace/jazzy_ws/install/share/ament_index/resource_index/package_run_dependencies/libyaml_vendor
-- Installing: /workspace/jazzy_ws/install/share/ament_index/resource_index/parent_prefix_path/libyaml_vendor
-- Installing: /workspace/jazzy_ws/install/share/libyaml_vendor/environment/ament_prefix_path.sh
-- Installing: /workspace/jazzy_ws/install/share/libyaml_vendor/environment/ament_prefix_path.dsv
-- Installing: /workspace/jazzy_ws/install/share/libyaml_vendor/environment/path.sh
-- Installing: /workspace/jazzy_ws/install/share/libyaml_vendor/environment/path.dsv
-- Installing: /workspace/jazzy_ws/install/share/libyaml_vendor/local_setup.bash
-- Installing: /workspace/jazzy_ws/install/share/libyaml_vendor/local_setup.sh
-- Installing: /workspace/jazzy_ws/install/share/libyaml_vendor/local_setup.zsh
-- Installing: /workspace/jazzy_ws/install/share/libyaml_vendor/local_setup.dsv
-- Installing: /workspace/jazzy_ws/install/share/libyaml_vendor/package.dsv
-- Installing: /workspace/jazzy_ws/install/share/ament_index/resource_index/packages/libyaml_vendor
-- Installing: /workspace/jazzy_ws/install/share/libyaml_vendor/cmake/libyaml_vendor-extras.cmake
-- Installing: /workspace/jazzy_ws/install/share/libyaml_vendor/cmake/vendor_package_cmake_prefix.cmake
-- Installing: /workspace/jazzy_ws/install/share/libyaml_vendor/cmake/ament_cmake_export_dependencies-extras.cmake
-- Installing: /workspace/jazzy_ws/install/share/libyaml_vendor/cmake/libyaml_vendorConfig.cmake
-- Installing: /workspace/jazzy_ws/install/share/libyaml_vendor/cmake/libyaml_vendorConfig-version.cmake
-- Installing: /workspace/jazzy_ws/install/share/libyaml_vendor/package.xml
