[0.269s] Invoking command in '/workspace/jazzy_ws/build/rmw_fastrtps_dynamic_cpp': AMENT_PREFIX_PATH=/workspace/jazzy_ws/install CMAKE_PREFIX_PATH=/workspace/jazzy_ws/install LD_LIBRARY_PATH=/workspace/jazzy_ws/install/lib:/workspace/jazzy_ws/install/opt/mimick_vendor/lib PATH=/workspace/jazzy_ws/install/bin:/workspace/jazzy_ws/install/opt/uncrustify_vendor/bin:${PATH} PKG_CONFIG_PATH=/workspace/jazzy_ws/install/lib/x86_64-linux-gnu/pkgconfig:/workspace/jazzy_ws/install/lib/pkgconfig PYTHONPATH=/workspace/jazzy_ws/install/lib/python3.12/site-packages /usr/bin/cmake /workspace/jazzy_ws/src/rmw_fastrtps/rmw_fastrtps_dynamic_cpp -DCMAKE_INSTALL_PREFIX=/workspace/jazzy_ws/install
[0.308s] -- The C compiler identification is GNU 13.3.0
[0.352s] -- The CXX compiler identification is GNU 13.3.0
[0.364s] -- Detecting C compiler ABI info
[0.433s] -- Detecting C compiler ABI info - done
[0.440s] -- Check for working C compiler: /usr/bin/cc - skipped
[0.440s] -- Detecting C compile features
[0.441s] -- Detecting C compile features - done
[0.448s] -- Detecting CXX compiler ABI info
[0.555s] -- Detecting CXX compiler ABI info - done
[0.563s] -- Check for working CXX compiler: /usr/bin/c++ - skipped
[0.563s] -- Detecting CXX compile features
[0.564s] -- Detecting CXX compile features - done
[0.565s] -- Found ament_cmake_ros: 0.12.0 (/workspace/jazzy_ws/install/share/ament_cmake_ros/cmake)
[0.667s] -- Found Python3: /usr/bin/python3 (found version "3.12.3") found components: Interpreter 
[0.740s] -- Found rcpputils: 2.11.3 (/workspace/jazzy_ws/install/share/rcpputils/cmake)
[0.748s] -- Found rmw_dds_common: 3.1.1 (/workspace/jazzy_ws/install/share/rmw_dds_common/cmake)
[0.763s] -- Found rosidl_generator_c: 4.6.7 (/workspace/jazzy_ws/install/share/rosidl_generator_c/cmake)
[0.772s] -- Found rosidl_generator_cpp: 4.6.7 (/workspace/jazzy_ws/install/share/rosidl_generator_cpp/cmake)
[0.778s] -- Using all available rosidl_typesupport_c: rosidl_typesupport_fastrtps_c;rosidl_typesupport_introspection_c
[0.788s] -- Using all available rosidl_typesupport_cpp: rosidl_typesupport_fastrtps_cpp;rosidl_typesupport_introspection_cpp
[0.801s] -- Found rmw_fastrtps_shared_cpp: 8.4.3 (/workspace/jazzy_ws/install/share/rmw_fastrtps_shared_cpp/cmake)
[0.842s] -- Found OpenSSL: /usr/lib/x86_64-linux-gnu/libcrypto.so (found version "3.0.13")  
[0.859s] -- Found FastRTPS: /workspace/jazzy_ws/install/include (Required is at least version "2.13") 
[0.878s] -- Found ament_lint_auto: 0.17.4 (/workspace/jazzy_ws/install/share/ament_lint_auto/cmake)
[1.053s] -- Found gtest sources under '/workspace/jazzy_ws/install/src/gtest_vendor': C++ tests using 'Google Test' will be built
[1.054s] -- Performing Test CMAKE_HAVE_LIBC_PTHREAD
[1.156s] -- Performing Test CMAKE_HAVE_LIBC_PTHREAD - Success
[1.156s] -- Found Threads: TRUE  
[1.169s] -- Added test 'copyright' to check source files copyright and LICENSE
[1.182s] -- Added test 'cppcheck' to perform static code analysis on C / C++ code
[1.182s] -- Configured cppcheck include dirs: /workspace/jazzy_ws/src/rmw_fastrtps/rmw_fastrtps_dynamic_cpp/include
[1.182s] -- Configured cppcheck exclude dirs and/or files: 
[1.195s] -- Added test 'cpplint' to check C / C++ code against the Google style
[1.195s] -- Configured cpplint exclude dirs and/or files: 
[1.202s] -- Added test 'lint_cmake' to check CMake code style
[1.217s] -- Added test 'uncrustify' to check C / C++ code style
[1.217s] -- Configured uncrustify additional arguments: 
[1.219s] -- Added test 'xmllint' to check XML markup files
[1.220s] -- Configuring done (0.9s)
[1.268s] -- Generating done (0.0s)
[1.280s] -- Build files have been written to: /workspace/jazzy_ws/build/rmw_fastrtps_dynamic_cpp
[1.299s] Invoked command in '/workspace/jazzy_ws/build/rmw_fastrtps_dynamic_cpp' returned '0': AMENT_PREFIX_PATH=/workspace/jazzy_ws/install CMAKE_PREFIX_PATH=/workspace/jazzy_ws/install LD_LIBRARY_PATH=/workspace/jazzy_ws/install/lib:/workspace/jazzy_ws/install/opt/mimick_vendor/lib PATH=/workspace/jazzy_ws/install/bin:/workspace/jazzy_ws/install/opt/uncrustify_vendor/bin:${PATH} PKG_CONFIG_PATH=/workspace/jazzy_ws/install/lib/x86_64-linux-gnu/pkgconfig:/workspace/jazzy_ws/install/lib/pkgconfig PYTHONPATH=/workspace/jazzy_ws/install/lib/python3.12/site-packages /usr/bin/cmake /workspace/jazzy_ws/src/rmw_fastrtps/rmw_fastrtps_dynamic_cpp -DCMAKE_INSTALL_PREFIX=/workspace/jazzy_ws/install
[1.299s] Invoking command in '/workspace/jazzy_ws/build/rmw_fastrtps_dynamic_cpp': AMENT_PREFIX_PATH=/workspace/jazzy_ws/install CMAKE_PREFIX_PATH=/workspace/jazzy_ws/install LD_LIBRARY_PATH=/workspace/jazzy_ws/install/lib:/workspace/jazzy_ws/install/opt/mimick_vendor/lib PATH=/workspace/jazzy_ws/install/bin:/workspace/jazzy_ws/install/opt/uncrustify_vendor/bin:${PATH} PKG_CONFIG_PATH=/workspace/jazzy_ws/install/lib/x86_64-linux-gnu/pkgconfig:/workspace/jazzy_ws/install/lib/pkgconfig PYTHONPATH=/workspace/jazzy_ws/install/lib/python3.12/site-packages /usr/bin/cmake --build /workspace/jazzy_ws/build/rmw_fastrtps_dynamic_cpp -- -j24 -l24
[1.386s] [  1%] Building CXX object CMakeFiles/rmw_fastrtps_dynamic_cpp.dir/src/client_service_common.cpp.o
[1.390s] [  3%] Building CXX object gtest/CMakeFiles/gtest_main.dir/src/gtest_main.cc.o
[1.401s] [  7%] Building CXX object CMakeFiles/rmw_fastrtps_dynamic_cpp.dir/src/get_publisher.cpp.o
[1.401s] [  8%] Building CXX object CMakeFiles/rmw_fastrtps_dynamic_cpp.dir/src/get_subscriber.cpp.o
[1.401s] [ 12%] Building CXX object CMakeFiles/rmw_fastrtps_dynamic_cpp.dir/src/get_client.cpp.o
[1.401s] [ 14%] Building CXX object CMakeFiles/rmw_fastrtps_dynamic_cpp.dir/src/get_participant.cpp.o
[1.401s] [  5%] Building CXX object gtest/CMakeFiles/gtest.dir/src/gtest-all.cc.o
[1.403s] [ 16%] Building CXX object CMakeFiles/rmw_fastrtps_dynamic_cpp.dir/src/identifier.cpp.o
[1.406s] [ 10%] Building CXX object CMakeFiles/rmw_fastrtps_dynamic_cpp.dir/src/get_service.cpp.o
[1.411s] [ 17%] Building CXX object CMakeFiles/rmw_fastrtps_dynamic_cpp.dir/src/publisher.cpp.o
[1.412s] [ 19%] Building CXX object CMakeFiles/rmw_fastrtps_dynamic_cpp.dir/src/init_rmw_context_impl.cpp.o
[1.416s] [ 21%] Building CXX object CMakeFiles/rmw_fastrtps_dynamic_cpp.dir/src/rmw_compare_gids_equal.cpp.o
[1.416s] [ 23%] Building CXX object CMakeFiles/rmw_fastrtps_dynamic_cpp.dir/src/rmw_count.cpp.o
[1.416s] [ 25%] Building CXX object CMakeFiles/rmw_fastrtps_dynamic_cpp.dir/src/rmw_client.cpp.o
[1.433s] [ 28%] Building CXX object CMakeFiles/rmw_fastrtps_dynamic_cpp.dir/src/rmw_dynamic_message_type_support.cpp.o
[1.433s] [ 30%] Building CXX object CMakeFiles/rmw_fastrtps_dynamic_cpp.dir/src/rmw_get_gid_for_client.cpp.o
[1.433s] [ 26%] Building CXX object CMakeFiles/rmw_fastrtps_dynamic_cpp.dir/src/rmw_event.cpp.o
[1.438s] [ 32%] Building CXX object CMakeFiles/rmw_fastrtps_dynamic_cpp.dir/src/rmw_features.cpp.o
[1.460s] [ 33%] Building CXX object CMakeFiles/rmw_fastrtps_dynamic_cpp.dir/src/rmw_init.cpp.o
[1.538s] [ 35%] Building CXX object CMakeFiles/rmw_fastrtps_dynamic_cpp.dir/src/rmw_logging.cpp.o
[1.584s] [ 37%] Building CXX object CMakeFiles/rmw_fastrtps_dynamic_cpp.dir/src/rmw_node.cpp.o
[1.600s] [ 39%] Building CXX object CMakeFiles/rmw_fastrtps_dynamic_cpp.dir/src/rmw_node_info_and_types.cpp.o
[1.616s] [ 41%] Building CXX object CMakeFiles/rmw_fastrtps_dynamic_cpp.dir/src/rmw_guard_condition.cpp.o
[1.656s] [ 42%] Building CXX object CMakeFiles/rmw_fastrtps_dynamic_cpp.dir/src/rmw_publish.cpp.o
[1.709s] [ 44%] Building CXX object CMakeFiles/rmw_fastrtps_dynamic_cpp.dir/src/rmw_publisher.cpp.o
[1.846s] [ 46%] Building CXX object CMakeFiles/rmw_fastrtps_dynamic_cpp.dir/src/rmw_qos.cpp.o
[1.853s] [ 53%] Building CXX object CMakeFiles/rmw_fastrtps_dynamic_cpp.dir/src/rmw_node_names.cpp.o
[1.858s] [ 51%] Building CXX object CMakeFiles/rmw_fastrtps_dynamic_cpp.dir/src/rmw_get_topic_endpoint_info.cpp.o
[1.861s] [ 50%] Building CXX object CMakeFiles/rmw_fastrtps_dynamic_cpp.dir/src/rmw_get_serialization_format.cpp.o
[1.861s] [ 50%] Building CXX object CMakeFiles/rmw_fastrtps_dynamic_cpp.dir/src/rmw_get_gid_for_publisher.cpp.o
[1.864s] [ 57%] Building CXX object CMakeFiles/rmw_fastrtps_dynamic_cpp.dir/src/rmw_get_implementation_identifier.cpp.o
[1.878s] [ 55%] Building CXX object CMakeFiles/rmw_fastrtps_dynamic_cpp.dir/src/rmw_request.cpp.o
[1.951s] [ 58%] Building CXX object CMakeFiles/rmw_fastrtps_dynamic_cpp.dir/src/rmw_response.cpp.o
[1.961s] [ 60%] Building CXX object CMakeFiles/rmw_fastrtps_dynamic_cpp.dir/src/rmw_serialize.cpp.o
[2.059s] [ 62%] Building CXX object CMakeFiles/rmw_fastrtps_dynamic_cpp.dir/src/rmw_service.cpp.o
[2.065s] [ 64%] Building CXX object CMakeFiles/rmw_fastrtps_dynamic_cpp.dir/src/rmw_service_names_and_types.cpp.o
[2.099s] [ 66%] Building CXX object CMakeFiles/rmw_fastrtps_dynamic_cpp.dir/src/rmw_service_server_is_available.cpp.o
[2.100s] [ 67%] Building CXX object CMakeFiles/rmw_fastrtps_dynamic_cpp.dir/src/rmw_subscription.cpp.o
[2.108s] [ 69%] Building CXX object CMakeFiles/rmw_fastrtps_dynamic_cpp.dir/src/rmw_take.cpp.o
[2.127s] [ 71%] Building CXX object CMakeFiles/rmw_fastrtps_dynamic_cpp.dir/src/rmw_topic_names_and_types.cpp.o
[2.184s] [ 73%] Building CXX object CMakeFiles/rmw_fastrtps_dynamic_cpp.dir/src/rmw_trigger_guard_condition.cpp.o
[2.333s] [ 75%] Building CXX object CMakeFiles/rmw_fastrtps_dynamic_cpp.dir/src/rmw_wait.cpp.o
[2.338s] [ 76%] Building CXX object CMakeFiles/rmw_fastrtps_dynamic_cpp.dir/src/rmw_wait_set.cpp.o
[2.500s] [ 78%] Building CXX object CMakeFiles/rmw_fastrtps_dynamic_cpp.dir/src/serialization_format.cpp.o
[2.533s] [ 80%] Building CXX object CMakeFiles/rmw_fastrtps_dynamic_cpp.dir/src/subscription.cpp.o
[2.541s] [ 82%] Building CXX object CMakeFiles/rmw_fastrtps_dynamic_cpp.dir/src/type_support_common.cpp.o
[2.574s] [ 83%] Building CXX object CMakeFiles/rmw_fastrtps_dynamic_cpp.dir/src/type_support_proxy.cpp.o
[2.848s] [ 85%] Building CXX object CMakeFiles/rmw_fastrtps_dynamic_cpp.dir/src/type_support_registry.cpp.o
[3.037s] [ 87%] Building CXX object CMakeFiles/rmw_fastrtps_dynamic_cpp.dir/src/rmw_get_endpoint_network_flow.cpp.o
[4.176s] [ 89%] Linking CXX static library libgtest_main.a
[4.263s] [ 89%] Built target gtest_main
[6.170s] [ 91%] Linking CXX shared library librmw_fastrtps_dynamic_cpp.so
[6.335s] [ 91%] Built target rmw_fastrtps_dynamic_cpp
[6.674s] [ 92%] Linking CXX static library libgtest.a
[6.707s] [ 92%] Built target gtest
[6.718s] [ 94%] Building CXX object CMakeFiles/test_logging.dir/test/test_logging.cpp.o
[6.718s] [ 96%] Building CXX object CMakeFiles/test_get_native_entities.dir/test/test_get_native_entities.cpp.o
[7.247s] [ 98%] Linking CXX executable test_logging
[7.429s] [ 98%] Built target test_logging
[7.827s] [100%] Linking CXX executable test_get_native_entities
[8.089s] [100%] Built target test_get_native_entities
[8.096s] Invoked command in '/workspace/jazzy_ws/build/rmw_fastrtps_dynamic_cpp' returned '0': AMENT_PREFIX_PATH=/workspace/jazzy_ws/install CMAKE_PREFIX_PATH=/workspace/jazzy_ws/install LD_LIBRARY_PATH=/workspace/jazzy_ws/install/lib:/workspace/jazzy_ws/install/opt/mimick_vendor/lib PATH=/workspace/jazzy_ws/install/bin:/workspace/jazzy_ws/install/opt/uncrustify_vendor/bin:${PATH} PKG_CONFIG_PATH=/workspace/jazzy_ws/install/lib/x86_64-linux-gnu/pkgconfig:/workspace/jazzy_ws/install/lib/pkgconfig PYTHONPATH=/workspace/jazzy_ws/install/lib/python3.12/site-packages /usr/bin/cmake --build /workspace/jazzy_ws/build/rmw_fastrtps_dynamic_cpp -- -j24 -l24
[8.096s] Invoking command in '/workspace/jazzy_ws/build/rmw_fastrtps_dynamic_cpp': AMENT_PREFIX_PATH=/workspace/jazzy_ws/install CMAKE_PREFIX_PATH=/workspace/jazzy_ws/install LD_LIBRARY_PATH=/workspace/jazzy_ws/install/lib:/workspace/jazzy_ws/install/opt/mimick_vendor/lib PATH=/workspace/jazzy_ws/install/bin:/workspace/jazzy_ws/install/opt/uncrustify_vendor/bin:${PATH} PKG_CONFIG_PATH=/workspace/jazzy_ws/install/lib/x86_64-linux-gnu/pkgconfig:/workspace/jazzy_ws/install/lib/pkgconfig PYTHONPATH=/workspace/jazzy_ws/install/lib/python3.12/site-packages /usr/bin/cmake --install /workspace/jazzy_ws/build/rmw_fastrtps_dynamic_cpp
[8.101s] -- Install configuration: ""
[8.101s] -- Installing: /workspace/jazzy_ws/install/share/rmw_fastrtps_dynamic_cpp/environment/library_path.sh
[8.101s] -- Installing: /workspace/jazzy_ws/install/share/rmw_fastrtps_dynamic_cpp/environment/library_path.dsv
[8.101s] -- Installing: /workspace/jazzy_ws/install/share/ament_index/resource_index/rmw_typesupport_c/rmw_fastrtps_dynamic_cpp
[8.101s] -- Installing: /workspace/jazzy_ws/install/share/ament_index/resource_index/rmw_typesupport_cpp/rmw_fastrtps_dynamic_cpp
[8.101s] -- Installing: /workspace/jazzy_ws/install/share/ament_index/resource_index/rmw_typesupport/rmw_fastrtps_dynamic_cpp
[8.102s] -- Installing: /workspace/jazzy_ws/install/share/ament_index/resource_index/package_run_dependencies/rmw_fastrtps_dynamic_cpp
[8.102s] -- Installing: /workspace/jazzy_ws/install/share/ament_index/resource_index/parent_prefix_path/rmw_fastrtps_dynamic_cpp
[8.102s] -- Installing: /workspace/jazzy_ws/install/share/rmw_fastrtps_dynamic_cpp/environment/ament_prefix_path.sh
[8.102s] -- Installing: /workspace/jazzy_ws/install/share/rmw_fastrtps_dynamic_cpp/environment/ament_prefix_path.dsv
[8.102s] -- Installing: /workspace/jazzy_ws/install/share/rmw_fastrtps_dynamic_cpp/environment/path.sh
[8.102s] -- Installing: /workspace/jazzy_ws/install/share/rmw_fastrtps_dynamic_cpp/environment/path.dsv
[8.102s] -- Installing: /workspace/jazzy_ws/install/share/rmw_fastrtps_dynamic_cpp/local_setup.bash
[8.102s] -- Installing: /workspace/jazzy_ws/install/share/rmw_fastrtps_dynamic_cpp/local_setup.sh
[8.102s] -- Installing: /workspace/jazzy_ws/install/share/rmw_fastrtps_dynamic_cpp/local_setup.zsh
[8.102s] -- Installing: /workspace/jazzy_ws/install/share/rmw_fastrtps_dynamic_cpp/local_setup.dsv
[8.102s] -- Installing: /workspace/jazzy_ws/install/share/rmw_fastrtps_dynamic_cpp/package.dsv
[8.102s] -- Installing: /workspace/jazzy_ws/install/share/ament_index/resource_index/packages/rmw_fastrtps_dynamic_cpp
[8.103s] -- Installing: /workspace/jazzy_ws/install/share/rmw_fastrtps_dynamic_cpp/cmake/ament_cmake_export_include_directories-extras.cmake
[8.103s] -- Installing: /workspace/jazzy_ws/install/share/rmw_fastrtps_dynamic_cpp/cmake/ament_cmake_export_libraries-extras.cmake
[8.103s] -- Installing: /workspace/jazzy_ws/install/share/rmw_fastrtps_dynamic_cpp/cmake/ament_cmake_export_dependencies-extras.cmake
[8.103s] -- Installing: /workspace/jazzy_ws/install/share/rmw_fastrtps_dynamic_cpp/cmake/rmw_fastrtps_dynamic_cpp-extras.cmake
[8.103s] -- Installing: /workspace/jazzy_ws/install/share/rmw_fastrtps_dynamic_cpp/cmake/rmw_fastrtps_dynamic_cppConfig.cmake
[8.103s] -- Installing: /workspace/jazzy_ws/install/share/rmw_fastrtps_dynamic_cpp/cmake/rmw_fastrtps_dynamic_cppConfig-version.cmake
[8.103s] -- Installing: /workspace/jazzy_ws/install/share/rmw_fastrtps_dynamic_cpp/package.xml
[8.103s] -- Installing: /workspace/jazzy_ws/install/include/rmw_fastrtps_dynamic_cpp
[8.103s] -- Installing: /workspace/jazzy_ws/install/include/rmw_fastrtps_dynamic_cpp/rmw_fastrtps_dynamic_cpp
[8.103s] -- Installing: /workspace/jazzy_ws/install/include/rmw_fastrtps_dynamic_cpp/rmw_fastrtps_dynamic_cpp/get_client.hpp
[8.103s] -- Installing: /workspace/jazzy_ws/install/include/rmw_fastrtps_dynamic_cpp/rmw_fastrtps_dynamic_cpp/visibility_control.h
[8.103s] -- Installing: /workspace/jazzy_ws/install/include/rmw_fastrtps_dynamic_cpp/rmw_fastrtps_dynamic_cpp/get_service.hpp
[8.103s] -- Installing: /workspace/jazzy_ws/install/include/rmw_fastrtps_dynamic_cpp/rmw_fastrtps_dynamic_cpp/get_subscriber.hpp
[8.104s] -- Installing: /workspace/jazzy_ws/install/include/rmw_fastrtps_dynamic_cpp/rmw_fastrtps_dynamic_cpp/get_publisher.hpp
[8.104s] -- Installing: /workspace/jazzy_ws/install/include/rmw_fastrtps_dynamic_cpp/rmw_fastrtps_dynamic_cpp/serialization_format.hpp
[8.104s] -- Installing: /workspace/jazzy_ws/install/include/rmw_fastrtps_dynamic_cpp/rmw_fastrtps_dynamic_cpp/identifier.hpp
[8.104s] -- Installing: /workspace/jazzy_ws/install/include/rmw_fastrtps_dynamic_cpp/rmw_fastrtps_dynamic_cpp/get_participant.hpp
[8.104s] -- Installing: /workspace/jazzy_ws/install/lib/librmw_fastrtps_dynamic_cpp.so
[8.105s] -- Set non-toolchain portion of runtime path of "/workspace/jazzy_ws/install/lib/librmw_fastrtps_dynamic_cpp.so" to ""
[8.106s] Invoked command in '/workspace/jazzy_ws/build/rmw_fastrtps_dynamic_cpp' returned '0': AMENT_PREFIX_PATH=/workspace/jazzy_ws/install CMAKE_PREFIX_PATH=/workspace/jazzy_ws/install LD_LIBRARY_PATH=/workspace/jazzy_ws/install/lib:/workspace/jazzy_ws/install/opt/mimick_vendor/lib PATH=/workspace/jazzy_ws/install/bin:/workspace/jazzy_ws/install/opt/uncrustify_vendor/bin:${PATH} PKG_CONFIG_PATH=/workspace/jazzy_ws/install/lib/x86_64-linux-gnu/pkgconfig:/workspace/jazzy_ws/install/lib/pkgconfig PYTHONPATH=/workspace/jazzy_ws/install/lib/python3.12/site-packages /usr/bin/cmake --install /workspace/jazzy_ws/build/rmw_fastrtps_dynamic_cpp
