[0.135s] Invoking command in '/workspace/jazzy_ws/build/rosidl_default_runtime': AMENT_PREFIX_PATH=/workspace/jazzy_ws/install CMAKE_PREFIX_PATH=/workspace/jazzy_ws/install LD_LIBRARY_PATH=/workspace/jazzy_ws/install/lib:/workspace/jazzy_ws/install/opt/mimick_vendor/lib PATH=/workspace/jazzy_ws/install/bin:/workspace/jazzy_ws/install/opt/uncrustify_vendor/bin:${PATH} PKG_CONFIG_PATH=/workspace/jazzy_ws/install/lib/x86_64-linux-gnu/pkgconfig:/workspace/jazzy_ws/install/lib/pkgconfig PYTHONPATH=/workspace/jazzy_ws/install/lib/python3.12/site-packages /usr/bin/cmake /workspace/jazzy_ws/src/rosidl_defaults/rosidl_default_runtime -DCMAKE_INSTALL_PREFIX=/workspace/jazzy_ws/install
[0.142s] -- Found ament_cmake: 2.5.5 (/workspace/jazzy_ws/install/share/ament_cmake/cmake)
[0.214s] -- Found Python3: /usr/bin/python3 (found version "3.12.3") found components: Interpreter 
[0.264s] -- Found ament_lint_auto: 0.17.4 (/workspace/jazzy_ws/install/share/ament_lint_auto/cmake)
[0.320s] -- Added test 'copyright' to check source files copyright and LICENSE
[0.324s] -- Added test 'lint_cmake' to check CMake code style
[0.327s] -- Added test 'xmllint' to check XML markup files
[0.327s] -- Configuring done (0.2s)
[0.329s] -- Generating done (0.0s)
[0.330s] -- Build files have been written to: /workspace/jazzy_ws/build/rosidl_default_runtime
[0.331s] Invoked command in '/workspace/jazzy_ws/build/rosidl_default_runtime' returned '0': AMENT_PREFIX_PATH=/workspace/jazzy_ws/install CMAKE_PREFIX_PATH=/workspace/jazzy_ws/install LD_LIBRARY_PATH=/workspace/jazzy_ws/install/lib:/workspace/jazzy_ws/install/opt/mimick_vendor/lib PATH=/workspace/jazzy_ws/install/bin:/workspace/jazzy_ws/install/opt/uncrustify_vendor/bin:${PATH} PKG_CONFIG_PATH=/workspace/jazzy_ws/install/lib/x86_64-linux-gnu/pkgconfig:/workspace/jazzy_ws/install/lib/pkgconfig PYTHONPATH=/workspace/jazzy_ws/install/lib/python3.12/site-packages /usr/bin/cmake /workspace/jazzy_ws/src/rosidl_defaults/rosidl_default_runtime -DCMAKE_INSTALL_PREFIX=/workspace/jazzy_ws/install
[0.331s] Invoking command in '/workspace/jazzy_ws/build/rosidl_default_runtime': AMENT_PREFIX_PATH=/workspace/jazzy_ws/install CMAKE_PREFIX_PATH=/workspace/jazzy_ws/install LD_LIBRARY_PATH=/workspace/jazzy_ws/install/lib:/workspace/jazzy_ws/install/opt/mimick_vendor/lib PATH=/workspace/jazzy_ws/install/bin:/workspace/jazzy_ws/install/opt/uncrustify_vendor/bin:${PATH} PKG_CONFIG_PATH=/workspace/jazzy_ws/install/lib/x86_64-linux-gnu/pkgconfig:/workspace/jazzy_ws/install/lib/pkgconfig PYTHONPATH=/workspace/jazzy_ws/install/lib/python3.12/site-packages /usr/bin/cmake --build /workspace/jazzy_ws/build/rosidl_default_runtime -- -j24 -l24
[0.351s] Invoked command in '/workspace/jazzy_ws/build/rosidl_default_runtime' returned '0': AMENT_PREFIX_PATH=/workspace/jazzy_ws/install CMAKE_PREFIX_PATH=/workspace/jazzy_ws/install LD_LIBRARY_PATH=/workspace/jazzy_ws/install/lib:/workspace/jazzy_ws/install/opt/mimick_vendor/lib PATH=/workspace/jazzy_ws/install/bin:/workspace/jazzy_ws/install/opt/uncrustify_vendor/bin:${PATH} PKG_CONFIG_PATH=/workspace/jazzy_ws/install/lib/x86_64-linux-gnu/pkgconfig:/workspace/jazzy_ws/install/lib/pkgconfig PYTHONPATH=/workspace/jazzy_ws/install/lib/python3.12/site-packages /usr/bin/cmake --build /workspace/jazzy_ws/build/rosidl_default_runtime -- -j24 -l24
[0.351s] Invoking command in '/workspace/jazzy_ws/build/rosidl_default_runtime': AMENT_PREFIX_PATH=/workspace/jazzy_ws/install CMAKE_PREFIX_PATH=/workspace/jazzy_ws/install LD_LIBRARY_PATH=/workspace/jazzy_ws/install/lib:/workspace/jazzy_ws/install/opt/mimick_vendor/lib PATH=/workspace/jazzy_ws/install/bin:/workspace/jazzy_ws/install/opt/uncrustify_vendor/bin:${PATH} PKG_CONFIG_PATH=/workspace/jazzy_ws/install/lib/x86_64-linux-gnu/pkgconfig:/workspace/jazzy_ws/install/lib/pkgconfig PYTHONPATH=/workspace/jazzy_ws/install/lib/python3.12/site-packages /usr/bin/cmake --install /workspace/jazzy_ws/build/rosidl_default_runtime
[0.354s] -- Install configuration: ""
[0.354s] -- Installing: /workspace/jazzy_ws/install/share/ament_index/resource_index/package_run_dependencies/rosidl_default_runtime
[0.354s] -- Installing: /workspace/jazzy_ws/install/share/ament_index/resource_index/parent_prefix_path/rosidl_default_runtime
[0.354s] -- Installing: /workspace/jazzy_ws/install/share/rosidl_default_runtime/environment/ament_prefix_path.sh
[0.354s] -- Installing: /workspace/jazzy_ws/install/share/rosidl_default_runtime/environment/ament_prefix_path.dsv
[0.355s] -- Installing: /workspace/jazzy_ws/install/share/rosidl_default_runtime/environment/path.sh
[0.355s] -- Installing: /workspace/jazzy_ws/install/share/rosidl_default_runtime/environment/path.dsv
[0.355s] -- Installing: /workspace/jazzy_ws/install/share/rosidl_default_runtime/local_setup.bash
[0.355s] -- Installing: /workspace/jazzy_ws/install/share/rosidl_default_runtime/local_setup.sh
[0.355s] -- Installing: /workspace/jazzy_ws/install/share/rosidl_default_runtime/local_setup.zsh
[0.355s] -- Installing: /workspace/jazzy_ws/install/share/rosidl_default_runtime/local_setup.dsv
[0.355s] -- Installing: /workspace/jazzy_ws/install/share/rosidl_default_runtime/package.dsv
[0.355s] -- Installing: /workspace/jazzy_ws/install/share/ament_index/resource_index/packages/rosidl_default_runtime
[0.355s] -- Installing: /workspace/jazzy_ws/install/share/rosidl_default_runtime/cmake/ament_cmake_export_dependencies-extras.cmake
[0.355s] -- Installing: /workspace/jazzy_ws/install/share/rosidl_default_runtime/cmake/rosidl_default_runtimeConfig.cmake
[0.355s] -- Installing: /workspace/jazzy_ws/install/share/rosidl_default_runtime/cmake/rosidl_default_runtimeConfig-version.cmake
[0.355s] -- Installing: /workspace/jazzy_ws/install/share/rosidl_default_runtime/package.xml
[0.356s] Invoked command in '/workspace/jazzy_ws/build/rosidl_default_runtime' returned '0': AMENT_PREFIX_PATH=/workspace/jazzy_ws/install CMAKE_PREFIX_PATH=/workspace/jazzy_ws/install LD_LIBRARY_PATH=/workspace/jazzy_ws/install/lib:/workspace/jazzy_ws/install/opt/mimick_vendor/lib PATH=/workspace/jazzy_ws/install/bin:/workspace/jazzy_ws/install/opt/uncrustify_vendor/bin:${PATH} PKG_CONFIG_PATH=/workspace/jazzy_ws/install/lib/x86_64-linux-gnu/pkgconfig:/workspace/jazzy_ws/install/lib/pkgconfig PYTHONPATH=/workspace/jazzy_ws/install/lib/python3.12/site-packages /usr/bin/cmake --install /workspace/jazzy_ws/build/rosidl_default_runtime
