[0.215s] Invoking command in '/workspace/build_ws/build/isaac_ros2_messages': /usr/bin/cmake /workspace/build_ws/src/isaac_ros2_messages -DCMAKE_INSTALL_PREFIX=/workspace/build_ws/install/isaac_ros2_messages
[0.333s] -- The C compiler identification is GNU 13.3.0
[0.333s] -- The CXX compiler identification is GNU 13.3.0
[0.333s] -- Detecting C compiler ABI info
[0.333s] -- Detecting C compiler ABI info - done
[0.336s] -- Check for working C compiler: /usr/bin/cc - skipped
[0.336s] -- Detecting C compile features
[0.336s] -- Detecting C compile features - done
[0.337s] -- Detecting CXX compiler ABI info
[0.393s] -- Detecting CXX compiler ABI info - done
[0.398s] -- Check for working CXX compiler: /usr/bin/c++ - skipped
[0.398s] -- Detecting CXX compile features
[0.398s] -- Detecting CXX compile features - done
[0.399s] -- Found ament_cmake: 2.5.5 (/workspace/jazzy_ws/install/share/ament_cmake/cmake)
[0.469s] -- Found Python3: /usr/bin/python3 (found version "3.12.3") found components: Interpreter 
[0.527s] -- Found ament_lint_auto: 0.17.4 (/workspace/jazzy_ws/install/share/ament_lint_auto/cmake)
[0.587s] -- Found builtin_interfaces: 2.0.3 (/workspace/jazzy_ws/install/share/builtin_interfaces/cmake)
[0.603s] -- Found rosidl_generator_c: 4.6.7 (/workspace/jazzy_ws/install/share/rosidl_generator_c/cmake)
[0.610s] -- Found rosidl_generator_cpp: 4.6.7 (/workspace/jazzy_ws/install/share/rosidl_generator_cpp/cmake)
[0.618s] -- Using all available rosidl_typesupport_c: rosidl_typesupport_fastrtps_c;rosidl_typesupport_introspection_c
[0.628s] -- Using all available rosidl_typesupport_cpp: rosidl_typesupport_fastrtps_cpp;rosidl_typesupport_introspection_cpp
[0.637s] -- Found rosidl_default_generators: 1.6.0 (/workspace/jazzy_ws/install/share/rosidl_default_generators/cmake)
[0.644s] -- Found rosidl_adapter: 4.6.7 (/workspace/jazzy_ws/install/share/rosidl_adapter/cmake)
[0.674s] -- Found OpenSSL: /workspace/jazzy_ws/install/lib/libcrypto.so (found version "3.0.13")  
[0.674s] -- Found std_msgs: 5.3.6 (/workspace/jazzy_ws/install/share/std_msgs/cmake)
[0.685s] -- Found geometry_msgs: 5.3.6 (/workspace/jazzy_ws/install/share/geometry_msgs/cmake)
[0.967s] -- Found ament_cmake_ros: 0.12.0 (/workspace/jazzy_ws/install/share/ament_cmake_ros/cmake)
[1.369s] -- Using all available rosidl_typesupport_c: rosidl_typesupport_fastrtps_c;rosidl_typesupport_introspection_c
[1.533s] -- Using all available rosidl_typesupport_cpp: rosidl_typesupport_fastrtps_cpp;rosidl_typesupport_introspection_cpp
[1.533s] -- Found python_cmake_module: 0.11.1 (/workspace/jazzy_ws/install/share/python_cmake_module/cmake)
[1.595s] -- Found PythonExtra: /usr/bin/python3  
[1.932s] -- Found Python3: /usr/bin/python3 (found version "3.12.3") found components: Interpreter Development NumPy Development.Module Development.Embed 
[1.966s] -- Added test 'copyright' to check source files copyright and LICENSE
[1.966s] -- Added test 'lint_cmake' to check CMake code style
[1.967s] -- Added test 'xmllint' to check XML markup files
[1.969s] -- Configuring done (1.8s)
[1.991s] -- Generating done (0.0s)
[1.996s] -- Build files have been written to: /workspace/build_ws/build/isaac_ros2_messages
[2.002s] Invoked command in '/workspace/build_ws/build/isaac_ros2_messages' returned '0': /usr/bin/cmake /workspace/build_ws/src/isaac_ros2_messages -DCMAKE_INSTALL_PREFIX=/workspace/build_ws/install/isaac_ros2_messages
[2.002s] Invoking command in '/workspace/build_ws/build/isaac_ros2_messages': /usr/bin/cmake --build /workspace/build_ws/build/isaac_ros2_messages -- -j24 -l24
[2.030s] [  1%] Generating type hashes for ROS interfaces
[2.034s] [  1%] Built target ament_cmake_python_copy_isaac_ros2_messages
[2.135s] running egg_info
[2.140s] creating isaac_ros2_messages.egg-info
[2.141s] writing isaac_ros2_messages.egg-info/PKG-INFO
[2.141s] writing dependency_links to isaac_ros2_messages.egg-info/dependency_links.txt
[2.141s] writing top-level names to isaac_ros2_messages.egg-info/top_level.txt
[2.141s] writing manifest file 'isaac_ros2_messages.egg-info/SOURCES.txt'
[2.157s] reading manifest file 'isaac_ros2_messages.egg-info/SOURCES.txt'
[2.157s] writing manifest file 'isaac_ros2_messages.egg-info/SOURCES.txt'
[2.173s] [  1%] Built target ament_cmake_python_build_isaac_ros2_messages_egg
[2.255s] [  1%] Built target isaac_ros2_messages__rosidl_generator_type_description
[2.261s] [  2%] Generating C code for ROS interfaces
[2.266s] [  4%] Generating C++ code for ROS interfaces
[2.610s] [  4%] Built target isaac_ros2_messages__cpp
[2.643s] [  5%] Building C object CMakeFiles/isaac_ros2_messages__rosidl_generator_c.dir/rosidl_generator_c/isaac_ros2_messages/srv/detail/get_prims__functions.c.o
[2.643s] [  8%] Building C object CMakeFiles/isaac_ros2_messages__rosidl_generator_c.dir/rosidl_generator_c/isaac_ros2_messages/srv/detail/isaac_pose__functions.c.o
[2.643s] [  8%] Building C object CMakeFiles/isaac_ros2_messages__rosidl_generator_c.dir/rosidl_generator_c/isaac_ros2_messages/srv/detail/isaac_pose__type_support.c.o
[2.643s] [  9%] Building C object CMakeFiles/isaac_ros2_messages__rosidl_generator_c.dir/rosidl_generator_c/isaac_ros2_messages/srv/detail/get_prim_attributes__description.c.o
[2.644s] [ 12%] Building C object CMakeFiles/isaac_ros2_messages__rosidl_generator_c.dir/rosidl_generator_c/isaac_ros2_messages/srv/detail/get_prim_attribute__type_support.c.o
[2.644s] [ 12%] Building C object CMakeFiles/isaac_ros2_messages__rosidl_generator_c.dir/rosidl_generator_c/isaac_ros2_messages/srv/detail/isaac_pose__description.c.o
[2.644s] [ 13%] Building C object CMakeFiles/isaac_ros2_messages__rosidl_generator_c.dir/rosidl_generator_c/isaac_ros2_messages/srv/detail/get_prim_attributes__functions.c.o
[2.644s] [ 16%] Building C object CMakeFiles/isaac_ros2_messages__rosidl_generator_c.dir/rosidl_generator_c/isaac_ros2_messages/srv/detail/get_prims__description.c.o
[2.644s] [ 16%] Building C object CMakeFiles/isaac_ros2_messages__rosidl_generator_c.dir/rosidl_generator_c/isaac_ros2_messages/srv/detail/get_prims__type_support.c.o
[2.644s] [ 17%] Building C object CMakeFiles/isaac_ros2_messages__rosidl_generator_c.dir/rosidl_generator_c/isaac_ros2_messages/srv/detail/get_prim_attribute__functions.c.o
[2.644s] [ 18%] Building C object CMakeFiles/isaac_ros2_messages__rosidl_generator_c.dir/rosidl_generator_c/isaac_ros2_messages/srv/detail/get_prim_attributes__type_support.c.o
[2.645s] [ 21%] Building C object CMakeFiles/isaac_ros2_messages__rosidl_generator_c.dir/rosidl_generator_c/isaac_ros2_messages/srv/detail/set_prim_attribute__type_support.c.o
[2.646s] [ 21%] Building C object CMakeFiles/isaac_ros2_messages__rosidl_generator_c.dir/rosidl_generator_c/isaac_ros2_messages/srv/detail/set_prim_attribute__description.c.o
[2.646s] [ 24%] Building C object CMakeFiles/isaac_ros2_messages__rosidl_generator_c.dir/rosidl_generator_c/isaac_ros2_messages/srv/detail/get_prim_attribute__description.c.o
[2.646s] [ 24%] Building C object CMakeFiles/isaac_ros2_messages__rosidl_generator_c.dir/rosidl_generator_c/isaac_ros2_messages/srv/detail/set_prim_attribute__functions.c.o
[2.694s] [ 25%] Linking C shared library libisaac_ros2_messages__rosidl_generator_c.so
[2.717s] [ 25%] Built target isaac_ros2_messages__rosidl_generator_c
[2.723s] [ 32%] Generating C type support dispatch for ROS interfaces
[2.723s] [ 32%] Generating C introspection for ROS interfaces
[2.723s] [ 32%] Generating C++ type support dispatch for ROS interfaces
[2.723s] [ 32%] Generating C type support for eProsima Fast-RTPS
[2.723s] [ 32%] Generating C++ introspection for ROS interfaces
[2.723s] [ 33%] Generating C++ type support for eProsima Fast-RTPS
[2.979s] [ 35%] Building CXX object CMakeFiles/isaac_ros2_messages__rosidl_typesupport_c.dir/rosidl_typesupport_c/isaac_ros2_messages/srv/isaac_pose__type_support.cpp.o
[2.979s] [ 37%] Building CXX object CMakeFiles/isaac_ros2_messages__rosidl_typesupport_c.dir/rosidl_typesupport_c/isaac_ros2_messages/srv/get_prim_attributes__type_support.cpp.o
[2.979s] [ 39%] Building CXX object CMakeFiles/isaac_ros2_messages__rosidl_typesupport_c.dir/rosidl_typesupport_c/isaac_ros2_messages/srv/get_prim_attribute__type_support.cpp.o
[2.979s] [ 37%] Building CXX object CMakeFiles/isaac_ros2_messages__rosidl_typesupport_c.dir/rosidl_typesupport_c/isaac_ros2_messages/srv/get_prims__type_support.cpp.o
[2.979s] [ 40%] Building CXX object CMakeFiles/isaac_ros2_messages__rosidl_typesupport_c.dir/rosidl_typesupport_c/isaac_ros2_messages/srv/set_prim_attribute__type_support.cpp.o
[3.003s] [ 47%] Building CXX object CMakeFiles/isaac_ros2_messages__rosidl_typesupport_cpp.dir/rosidl_typesupport_cpp/isaac_ros2_messages/srv/isaac_pose__type_support.cpp.o
[3.003s] [ 47%] Building CXX object CMakeFiles/isaac_ros2_messages__rosidl_typesupport_cpp.dir/rosidl_typesupport_cpp/isaac_ros2_messages/srv/set_prim_attribute__type_support.cpp.o
[3.003s] [ 47%] Building CXX object CMakeFiles/isaac_ros2_messages__rosidl_typesupport_cpp.dir/rosidl_typesupport_cpp/isaac_ros2_messages/srv/get_prim_attribute__type_support.cpp.o
[3.003s] [ 47%] Building CXX object CMakeFiles/isaac_ros2_messages__rosidl_typesupport_cpp.dir/rosidl_typesupport_cpp/isaac_ros2_messages/srv/get_prims__type_support.cpp.o
[3.003s] [ 47%] Building CXX object CMakeFiles/isaac_ros2_messages__rosidl_typesupport_cpp.dir/rosidl_typesupport_cpp/isaac_ros2_messages/srv/get_prim_attributes__type_support.cpp.o
[3.009s] [ 48%] Linking CXX shared library libisaac_ros2_messages__rosidl_typesupport_c.so
[3.019s] [ 55%] Building CXX object CMakeFiles/isaac_ros2_messages__rosidl_typesupport_introspection_cpp.dir/rosidl_typesupport_introspection_cpp/isaac_ros2_messages/srv/detail/get_prims__type_support.cpp.o
[3.019s] [ 55%] Building CXX object CMakeFiles/isaac_ros2_messages__rosidl_typesupport_introspection_cpp.dir/rosidl_typesupport_introspection_cpp/isaac_ros2_messages/srv/detail/get_prim_attribute__type_support.cpp.o
[3.019s] [ 54%] Building CXX object CMakeFiles/isaac_ros2_messages__rosidl_typesupport_introspection_cpp.dir/rosidl_typesupport_introspection_cpp/isaac_ros2_messages/srv/detail/isaac_pose__type_support.cpp.o
[3.019s] [ 55%] Building CXX object CMakeFiles/isaac_ros2_messages__rosidl_typesupport_introspection_cpp.dir/rosidl_typesupport_introspection_cpp/isaac_ros2_messages/srv/detail/get_prim_attributes__type_support.cpp.o
[3.019s] [ 55%] Building CXX object CMakeFiles/isaac_ros2_messages__rosidl_typesupport_introspection_cpp.dir/rosidl_typesupport_introspection_cpp/isaac_ros2_messages/srv/detail/set_prim_attribute__type_support.cpp.o
[3.026s] [ 58%] Building C object CMakeFiles/isaac_ros2_messages__rosidl_typesupport_introspection_c.dir/rosidl_typesupport_introspection_c/isaac_ros2_messages/srv/detail/isaac_pose__type_support.c.o
[3.027s] [ 59%] Building C object CMakeFiles/isaac_ros2_messages__rosidl_typesupport_introspection_c.dir/rosidl_typesupport_introspection_c/isaac_ros2_messages/srv/detail/set_prim_attribute__type_support.c.o
[3.027s] [ 60%] Building C object CMakeFiles/isaac_ros2_messages__rosidl_typesupport_introspection_c.dir/rosidl_typesupport_introspection_c/isaac_ros2_messages/srv/detail/get_prims__type_support.c.o
[3.028s] [ 62%] Building C object CMakeFiles/isaac_ros2_messages__rosidl_typesupport_introspection_c.dir/rosidl_typesupport_introspection_c/isaac_ros2_messages/srv/detail/get_prim_attribute__type_support.c.o
[3.028s] [ 62%] Building C object CMakeFiles/isaac_ros2_messages__rosidl_typesupport_introspection_c.dir/rosidl_typesupport_introspection_c/isaac_ros2_messages/srv/detail/get_prim_attributes__type_support.c.o
[3.035s] [ 62%] Built target isaac_ros2_messages__rosidl_typesupport_c
[3.064s] [ 63%] Linking C shared library libisaac_ros2_messages__rosidl_typesupport_introspection_c.so
[3.088s] [ 63%] Built target isaac_ros2_messages__rosidl_typesupport_introspection_c
[3.104s] [ 64%] Building CXX object CMakeFiles/isaac_ros2_messages__rosidl_typesupport_fastrtps_cpp.dir/rosidl_typesupport_fastrtps_cpp/isaac_ros2_messages/srv/detail/dds_fastrtps/isaac_pose__type_support.cpp.o
[3.106s] [ 70%] Building CXX object CMakeFiles/isaac_ros2_messages__rosidl_typesupport_fastrtps_cpp.dir/rosidl_typesupport_fastrtps_cpp/isaac_ros2_messages/srv/detail/dds_fastrtps/set_prim_attribute__type_support.cpp.o
[3.106s] [ 70%] Building CXX object CMakeFiles/isaac_ros2_messages__rosidl_typesupport_fastrtps_cpp.dir/rosidl_typesupport_fastrtps_cpp/isaac_ros2_messages/srv/detail/dds_fastrtps/get_prims__type_support.cpp.o
[3.106s] [ 70%] Building CXX object CMakeFiles/isaac_ros2_messages__rosidl_typesupport_fastrtps_cpp.dir/rosidl_typesupport_fastrtps_cpp/isaac_ros2_messages/srv/detail/dds_fastrtps/get_prim_attributes__type_support.cpp.o
[3.106s] [ 70%] Building CXX object CMakeFiles/isaac_ros2_messages__rosidl_typesupport_fastrtps_cpp.dir/rosidl_typesupport_fastrtps_cpp/isaac_ros2_messages/srv/detail/dds_fastrtps/get_prim_attribute__type_support.cpp.o
[3.134s] [ 75%] Building CXX object CMakeFiles/isaac_ros2_messages__rosidl_typesupport_fastrtps_c.dir/rosidl_typesupport_fastrtps_c/isaac_ros2_messages/srv/detail/get_prims__type_support_c.cpp.o
[3.135s] [ 75%] Building CXX object CMakeFiles/isaac_ros2_messages__rosidl_typesupport_fastrtps_c.dir/rosidl_typesupport_fastrtps_c/isaac_ros2_messages/srv/detail/get_prim_attributes__type_support_c.cpp.o
[3.135s] [ 75%] Building CXX object CMakeFiles/isaac_ros2_messages__rosidl_typesupport_fastrtps_c.dir/rosidl_typesupport_fastrtps_c/isaac_ros2_messages/srv/detail/get_prim_attribute__type_support_c.cpp.o
[3.135s] [ 75%] Building CXX object CMakeFiles/isaac_ros2_messages__rosidl_typesupport_fastrtps_c.dir/rosidl_typesupport_fastrtps_c/isaac_ros2_messages/srv/detail/isaac_pose__type_support_c.cpp.o
[3.135s] [ 77%] Building CXX object CMakeFiles/isaac_ros2_messages__rosidl_typesupport_fastrtps_c.dir/rosidl_typesupport_fastrtps_c/isaac_ros2_messages/srv/detail/set_prim_attribute__type_support_c.cpp.o
[3.237s] [ 78%] Linking CXX shared library libisaac_ros2_messages__rosidl_typesupport_cpp.so
[3.290s] [ 78%] Built target isaac_ros2_messages__rosidl_typesupport_cpp
[3.371s] [ 79%] Linking CXX shared library libisaac_ros2_messages__rosidl_typesupport_introspection_cpp.so
[3.424s] [ 79%] Built target isaac_ros2_messages__rosidl_typesupport_introspection_cpp
[3.429s] [ 81%] Linking CXX shared library libisaac_ros2_messages__rosidl_typesupport_fastrtps_c.so
[3.473s] [ 81%] Built target isaac_ros2_messages__rosidl_typesupport_fastrtps_c
[3.500s] [ 82%] Linking CXX shared library libisaac_ros2_messages__rosidl_typesupport_fastrtps_cpp.so
[3.554s] [ 82%] Built target isaac_ros2_messages__rosidl_typesupport_fastrtps_cpp
[3.564s] [ 82%] Built target isaac_ros2_messages
[3.574s] [ 83%] Generating Python code for ROS interfaces
[4.149s] [ 83%] Built target isaac_ros2_messages__py
[4.159s] [ 85%] Building C object CMakeFiles/isaac_ros2_messages__rosidl_generator_py.dir/rosidl_generator_py/isaac_ros2_messages/srv/_isaac_pose_s.c.o
[4.160s] [ 86%] Building C object CMakeFiles/isaac_ros2_messages__rosidl_generator_py.dir/rosidl_generator_py/isaac_ros2_messages/srv/_get_prims_s.c.o
[4.160s] [ 87%] Building C object CMakeFiles/isaac_ros2_messages__rosidl_generator_py.dir/rosidl_generator_py/isaac_ros2_messages/srv/_get_prim_attributes_s.c.o
[4.160s] [ 89%] Building C object CMakeFiles/isaac_ros2_messages__rosidl_generator_py.dir/rosidl_generator_py/isaac_ros2_messages/srv/_get_prim_attribute_s.c.o
[4.161s] [ 90%] Building C object CMakeFiles/isaac_ros2_messages__rosidl_generator_py.dir/rosidl_generator_py/isaac_ros2_messages/srv/_set_prim_attribute_s.c.o
[4.246s] [ 91%] Linking C shared library libisaac_ros2_messages__rosidl_generator_py.so
[4.273s] [ 91%] Built target isaac_ros2_messages__rosidl_generator_py
[4.283s] [ 94%] Building C object CMakeFiles/isaac_ros2_messages_s__rosidl_typesupport_introspection_c.dir/rosidl_generator_py/isaac_ros2_messages/_isaac_ros2_messages_s.ep.rosidl_typesupport_introspection_c.c.o
[4.283s] [ 94%] Building C object CMakeFiles/isaac_ros2_messages_s__rosidl_typesupport_c.dir/rosidl_generator_py/isaac_ros2_messages/_isaac_ros2_messages_s.ep.rosidl_typesupport_c.c.o
[4.283s] [ 95%] Building C object CMakeFiles/isaac_ros2_messages_s__rosidl_typesupport_fastrtps_c.dir/rosidl_generator_py/isaac_ros2_messages/_isaac_ros2_messages_s.ep.rosidl_typesupport_fastrtps_c.c.o
[4.361s] [ 98%] Linking C shared module rosidl_generator_py/isaac_ros2_messages/isaac_ros2_messages_s__rosidl_typesupport_fastrtps_c.so
[4.361s] [ 98%] Linking C shared module rosidl_generator_py/isaac_ros2_messages/isaac_ros2_messages_s__rosidl_typesupport_c.so
[4.361s] [100%] Linking C shared module rosidl_generator_py/isaac_ros2_messages/isaac_ros2_messages_s__rosidl_typesupport_introspection_c.so
[4.378s] [100%] Built target isaac_ros2_messages_s__rosidl_typesupport_c
[4.378s] [100%] Built target isaac_ros2_messages_s__rosidl_typesupport_introspection_c
[4.378s] [100%] Built target isaac_ros2_messages_s__rosidl_typesupport_fastrtps_c
[4.384s] Invoked command in '/workspace/build_ws/build/isaac_ros2_messages' returned '0': /usr/bin/cmake --build /workspace/build_ws/build/isaac_ros2_messages -- -j24 -l24
[4.385s] Invoking command in '/workspace/build_ws/build/isaac_ros2_messages': /usr/bin/cmake --install /workspace/build_ws/build/isaac_ros2_messages
[4.389s] -- Install configuration: ""
[4.389s] -- Installing: /workspace/build_ws/install/isaac_ros2_messages/share/ament_index/resource_index/rosidl_interfaces/isaac_ros2_messages
[4.390s] -- Installing: /workspace/build_ws/install/isaac_ros2_messages/share/isaac_ros2_messages/srv/IsaacPose.json
[4.390s] -- Installing: /workspace/build_ws/install/isaac_ros2_messages/share/isaac_ros2_messages/srv/GetPrims.json
[4.390s] -- Installing: /workspace/build_ws/install/isaac_ros2_messages/share/isaac_ros2_messages/srv/GetPrimAttributes.json
[4.390s] -- Installing: /workspace/build_ws/install/isaac_ros2_messages/share/isaac_ros2_messages/srv/GetPrimAttribute.json
[4.390s] -- Installing: /workspace/build_ws/install/isaac_ros2_messages/share/isaac_ros2_messages/srv/SetPrimAttribute.json
[4.390s] -- Installing: /workspace/build_ws/install/isaac_ros2_messages/include/isaac_ros2_messages/isaac_ros2_messages
[4.390s] -- Installing: /workspace/build_ws/install/isaac_ros2_messages/include/isaac_ros2_messages/isaac_ros2_messages/msg
[4.390s] -- Installing: /workspace/build_ws/install/isaac_ros2_messages/include/isaac_ros2_messages/isaac_ros2_messages/msg/rosidl_generator_c__visibility_control.h
[4.390s] -- Installing: /workspace/build_ws/install/isaac_ros2_messages/include/isaac_ros2_messages/isaac_ros2_messages/srv
[4.390s] -- Installing: /workspace/build_ws/install/isaac_ros2_messages/include/isaac_ros2_messages/isaac_ros2_messages/srv/detail
[4.390s] -- Installing: /workspace/build_ws/install/isaac_ros2_messages/include/isaac_ros2_messages/isaac_ros2_messages/srv/detail/isaac_pose__type_support.h
[4.390s] -- Installing: /workspace/build_ws/install/isaac_ros2_messages/include/isaac_ros2_messages/isaac_ros2_messages/srv/detail/get_prims__type_support.c
[4.390s] -- Installing: /workspace/build_ws/install/isaac_ros2_messages/include/isaac_ros2_messages/isaac_ros2_messages/srv/detail/set_prim_attribute__functions.h
[4.390s] -- Installing: /workspace/build_ws/install/isaac_ros2_messages/include/isaac_ros2_messages/isaac_ros2_messages/srv/detail/get_prim_attributes__functions.c
[4.390s] -- Installing: /workspace/build_ws/install/isaac_ros2_messages/include/isaac_ros2_messages/isaac_ros2_messages/srv/detail/get_prim_attribute__type_support.c
[4.390s] -- Installing: /workspace/build_ws/install/isaac_ros2_messages/include/isaac_ros2_messages/isaac_ros2_messages/srv/detail/get_prim_attribute__functions.h
[4.391s] -- Installing: /workspace/build_ws/install/isaac_ros2_messages/include/isaac_ros2_messages/isaac_ros2_messages/srv/detail/get_prim_attribute__type_support.h
[4.391s] -- Installing: /workspace/build_ws/install/isaac_ros2_messages/include/isaac_ros2_messages/isaac_ros2_messages/srv/detail/get_prims__functions.h
[4.391s] -- Installing: /workspace/build_ws/install/isaac_ros2_messages/include/isaac_ros2_messages/isaac_ros2_messages/srv/detail/get_prims__functions.c
[4.391s] -- Installing: /workspace/build_ws/install/isaac_ros2_messages/include/isaac_ros2_messages/isaac_ros2_messages/srv/detail/isaac_pose__functions.c
[4.391s] -- Installing: /workspace/build_ws/install/isaac_ros2_messages/include/isaac_ros2_messages/isaac_ros2_messages/srv/detail/get_prims__description.c
[4.391s] -- Installing: /workspace/build_ws/install/isaac_ros2_messages/include/isaac_ros2_messages/isaac_ros2_messages/srv/detail/get_prim_attributes__description.c
[4.391s] -- Installing: /workspace/build_ws/install/isaac_ros2_messages/include/isaac_ros2_messages/isaac_ros2_messages/srv/detail/get_prim_attributes__functions.h
[4.391s] -- Installing: /workspace/build_ws/install/isaac_ros2_messages/include/isaac_ros2_messages/isaac_ros2_messages/srv/detail/get_prim_attributes__type_support.h
[4.391s] -- Installing: /workspace/build_ws/install/isaac_ros2_messages/include/isaac_ros2_messages/isaac_ros2_messages/srv/detail/set_prim_attribute__struct.h
[4.391s] -- Installing: /workspace/build_ws/install/isaac_ros2_messages/include/isaac_ros2_messages/isaac_ros2_messages/srv/detail/get_prim_attributes__struct.h
[4.391s] -- Installing: /workspace/build_ws/install/isaac_ros2_messages/include/isaac_ros2_messages/isaac_ros2_messages/srv/detail/set_prim_attribute__functions.c
[4.391s] -- Installing: /workspace/build_ws/install/isaac_ros2_messages/include/isaac_ros2_messages/isaac_ros2_messages/srv/detail/set_prim_attribute__type_support.c
[4.391s] -- Installing: /workspace/build_ws/install/isaac_ros2_messages/include/isaac_ros2_messages/isaac_ros2_messages/srv/detail/isaac_pose__type_support.c
[4.391s] -- Installing: /workspace/build_ws/install/isaac_ros2_messages/include/isaac_ros2_messages/isaac_ros2_messages/srv/detail/set_prim_attribute__type_support.h
[4.391s] -- Installing: /workspace/build_ws/install/isaac_ros2_messages/include/isaac_ros2_messages/isaac_ros2_messages/srv/detail/get_prims__struct.h
[4.392s] -- Installing: /workspace/build_ws/install/isaac_ros2_messages/include/isaac_ros2_messages/isaac_ros2_messages/srv/detail/get_prim_attribute__functions.c
[4.392s] -- Installing: /workspace/build_ws/install/isaac_ros2_messages/include/isaac_ros2_messages/isaac_ros2_messages/srv/detail/get_prim_attribute__struct.h
[4.392s] -- Installing: /workspace/build_ws/install/isaac_ros2_messages/include/isaac_ros2_messages/isaac_ros2_messages/srv/detail/isaac_pose__functions.h
[4.392s] -- Installing: /workspace/build_ws/install/isaac_ros2_messages/include/isaac_ros2_messages/isaac_ros2_messages/srv/detail/isaac_pose__struct.h
[4.392s] -- Installing: /workspace/build_ws/install/isaac_ros2_messages/include/isaac_ros2_messages/isaac_ros2_messages/srv/detail/get_prim_attributes__type_support.c
[4.392s] -- Installing: /workspace/build_ws/install/isaac_ros2_messages/include/isaac_ros2_messages/isaac_ros2_messages/srv/detail/get_prims__type_support.h
[4.392s] -- Installing: /workspace/build_ws/install/isaac_ros2_messages/include/isaac_ros2_messages/isaac_ros2_messages/srv/detail/isaac_pose__description.c
[4.392s] -- Installing: /workspace/build_ws/install/isaac_ros2_messages/include/isaac_ros2_messages/isaac_ros2_messages/srv/detail/get_prim_attribute__description.c
[4.392s] -- Installing: /workspace/build_ws/install/isaac_ros2_messages/include/isaac_ros2_messages/isaac_ros2_messages/srv/detail/set_prim_attribute__description.c
[4.392s] -- Installing: /workspace/build_ws/install/isaac_ros2_messages/include/isaac_ros2_messages/isaac_ros2_messages/srv/isaac_pose.h
[4.392s] -- Installing: /workspace/build_ws/install/isaac_ros2_messages/include/isaac_ros2_messages/isaac_ros2_messages/srv/get_prim_attributes.h
[4.392s] -- Installing: /workspace/build_ws/install/isaac_ros2_messages/include/isaac_ros2_messages/isaac_ros2_messages/srv/get_prim_attribute.h
[4.392s] -- Installing: /workspace/build_ws/install/isaac_ros2_messages/include/isaac_ros2_messages/isaac_ros2_messages/srv/get_prims.h
[4.392s] -- Installing: /workspace/build_ws/install/isaac_ros2_messages/include/isaac_ros2_messages/isaac_ros2_messages/srv/set_prim_attribute.h
[4.393s] -- Installing: /workspace/build_ws/install/isaac_ros2_messages/share/isaac_ros2_messages/environment/library_path.sh
[4.393s] -- Installing: /workspace/build_ws/install/isaac_ros2_messages/share/isaac_ros2_messages/environment/library_path.dsv
[4.393s] -- Installing: /workspace/build_ws/install/isaac_ros2_messages/lib/libisaac_ros2_messages__rosidl_generator_c.so
[4.393s] -- Set non-toolchain portion of runtime path of "/workspace/build_ws/install/isaac_ros2_messages/lib/libisaac_ros2_messages__rosidl_generator_c.so" to ""
[4.393s] -- Up-to-date: /workspace/build_ws/install/isaac_ros2_messages/include/isaac_ros2_messages/isaac_ros2_messages
[4.393s] -- Up-to-date: /workspace/build_ws/install/isaac_ros2_messages/include/isaac_ros2_messages/isaac_ros2_messages/msg
[4.393s] -- Installing: /workspace/build_ws/install/isaac_ros2_messages/include/isaac_ros2_messages/isaac_ros2_messages/msg/rosidl_typesupport_fastrtps_c__visibility_control.h
[4.393s] -- Up-to-date: /workspace/build_ws/install/isaac_ros2_messages/include/isaac_ros2_messages/isaac_ros2_messages/srv
[4.393s] -- Up-to-date: /workspace/build_ws/install/isaac_ros2_messages/include/isaac_ros2_messages/isaac_ros2_messages/srv/detail
[4.393s] -- Installing: /workspace/build_ws/install/isaac_ros2_messages/include/isaac_ros2_messages/isaac_ros2_messages/srv/detail/get_prim_attributes__rosidl_typesupport_fastrtps_c.h
[4.394s] -- Installing: /workspace/build_ws/install/isaac_ros2_messages/include/isaac_ros2_messages/isaac_ros2_messages/srv/detail/get_prims__rosidl_typesupport_fastrtps_c.h
[4.394s] -- Installing: /workspace/build_ws/install/isaac_ros2_messages/include/isaac_ros2_messages/isaac_ros2_messages/srv/detail/get_prim_attribute__rosidl_typesupport_fastrtps_c.h
[4.394s] -- Installing: /workspace/build_ws/install/isaac_ros2_messages/include/isaac_ros2_messages/isaac_ros2_messages/srv/detail/set_prim_attribute__rosidl_typesupport_fastrtps_c.h
[4.394s] -- Installing: /workspace/build_ws/install/isaac_ros2_messages/include/isaac_ros2_messages/isaac_ros2_messages/srv/detail/isaac_pose__rosidl_typesupport_fastrtps_c.h
[4.394s] -- Installing: /workspace/build_ws/install/isaac_ros2_messages/lib/libisaac_ros2_messages__rosidl_typesupport_fastrtps_c.so
[4.394s] -- Set non-toolchain portion of runtime path of "/workspace/build_ws/install/isaac_ros2_messages/lib/libisaac_ros2_messages__rosidl_typesupport_fastrtps_c.so" to ""
[4.394s] -- Up-to-date: /workspace/build_ws/install/isaac_ros2_messages/include/isaac_ros2_messages/isaac_ros2_messages
[4.394s] -- Up-to-date: /workspace/build_ws/install/isaac_ros2_messages/include/isaac_ros2_messages/isaac_ros2_messages/msg
[4.394s] -- Installing: /workspace/build_ws/install/isaac_ros2_messages/include/isaac_ros2_messages/isaac_ros2_messages/msg/rosidl_generator_cpp__visibility_control.hpp
[4.394s] -- Up-to-date: /workspace/build_ws/install/isaac_ros2_messages/include/isaac_ros2_messages/isaac_ros2_messages/srv
[4.394s] -- Up-to-date: /workspace/build_ws/install/isaac_ros2_messages/include/isaac_ros2_messages/isaac_ros2_messages/srv/detail
[4.394s] -- Installing: /workspace/build_ws/install/isaac_ros2_messages/include/isaac_ros2_messages/isaac_ros2_messages/srv/detail/get_prims__builder.hpp
[4.394s] -- Installing: /workspace/build_ws/install/isaac_ros2_messages/include/isaac_ros2_messages/isaac_ros2_messages/srv/detail/get_prims__type_support.hpp
[4.394s] -- Installing: /workspace/build_ws/install/isaac_ros2_messages/include/isaac_ros2_messages/isaac_ros2_messages/srv/detail/get_prim_attribute__traits.hpp
[4.394s] -- Installing: /workspace/build_ws/install/isaac_ros2_messages/include/isaac_ros2_messages/isaac_ros2_messages/srv/detail/get_prim_attribute__builder.hpp
[4.394s] -- Installing: /workspace/build_ws/install/isaac_ros2_messages/include/isaac_ros2_messages/isaac_ros2_messages/srv/detail/set_prim_attribute__struct.hpp
[4.394s] -- Installing: /workspace/build_ws/install/isaac_ros2_messages/include/isaac_ros2_messages/isaac_ros2_messages/srv/detail/get_prims__traits.hpp
[4.395s] -- Installing: /workspace/build_ws/install/isaac_ros2_messages/include/isaac_ros2_messages/isaac_ros2_messages/srv/detail/set_prim_attribute__builder.hpp
[4.395s] -- Installing: /workspace/build_ws/install/isaac_ros2_messages/include/isaac_ros2_messages/isaac_ros2_messages/srv/detail/get_prim_attributes__traits.hpp
[4.395s] -- Installing: /workspace/build_ws/install/isaac_ros2_messages/include/isaac_ros2_messages/isaac_ros2_messages/srv/detail/isaac_pose__builder.hpp
[4.395s] -- Installing: /workspace/build_ws/install/isaac_ros2_messages/include/isaac_ros2_messages/isaac_ros2_messages/srv/detail/set_prim_attribute__type_support.hpp
[4.395s] -- Installing: /workspace/build_ws/install/isaac_ros2_messages/include/isaac_ros2_messages/isaac_ros2_messages/srv/detail/get_prim_attributes__builder.hpp
[4.395s] -- Installing: /workspace/build_ws/install/isaac_ros2_messages/include/isaac_ros2_messages/isaac_ros2_messages/srv/detail/isaac_pose__traits.hpp
[4.395s] -- Installing: /workspace/build_ws/install/isaac_ros2_messages/include/isaac_ros2_messages/isaac_ros2_messages/srv/detail/get_prim_attribute__struct.hpp
[4.395s] -- Installing: /workspace/build_ws/install/isaac_ros2_messages/include/isaac_ros2_messages/isaac_ros2_messages/srv/detail/get_prim_attributes__type_support.hpp
[4.395s] -- Installing: /workspace/build_ws/install/isaac_ros2_messages/include/isaac_ros2_messages/isaac_ros2_messages/srv/detail/set_prim_attribute__traits.hpp
[4.395s] -- Installing: /workspace/build_ws/install/isaac_ros2_messages/include/isaac_ros2_messages/isaac_ros2_messages/srv/detail/get_prims__struct.hpp
[4.395s] -- Installing: /workspace/build_ws/install/isaac_ros2_messages/include/isaac_ros2_messages/isaac_ros2_messages/srv/detail/get_prim_attribute__type_support.hpp
[4.395s] -- Installing: /workspace/build_ws/install/isaac_ros2_messages/include/isaac_ros2_messages/isaac_ros2_messages/srv/detail/isaac_pose__struct.hpp
[4.395s] -- Installing: /workspace/build_ws/install/isaac_ros2_messages/include/isaac_ros2_messages/isaac_ros2_messages/srv/detail/isaac_pose__type_support.hpp
[4.395s] -- Installing: /workspace/build_ws/install/isaac_ros2_messages/include/isaac_ros2_messages/isaac_ros2_messages/srv/detail/get_prim_attributes__struct.hpp
[4.396s] -- Installing: /workspace/build_ws/install/isaac_ros2_messages/include/isaac_ros2_messages/isaac_ros2_messages/srv/get_prim_attributes.hpp
[4.396s] -- Installing: /workspace/build_ws/install/isaac_ros2_messages/include/isaac_ros2_messages/isaac_ros2_messages/srv/isaac_pose.hpp
[4.396s] -- Installing: /workspace/build_ws/install/isaac_ros2_messages/include/isaac_ros2_messages/isaac_ros2_messages/srv/set_prim_attribute.hpp
[4.396s] -- Installing: /workspace/build_ws/install/isaac_ros2_messages/include/isaac_ros2_messages/isaac_ros2_messages/srv/get_prims.hpp
[4.396s] -- Installing: /workspace/build_ws/install/isaac_ros2_messages/include/isaac_ros2_messages/isaac_ros2_messages/srv/get_prim_attribute.hpp
[4.396s] -- Up-to-date: /workspace/build_ws/install/isaac_ros2_messages/include/isaac_ros2_messages/isaac_ros2_messages
[4.396s] -- Up-to-date: /workspace/build_ws/install/isaac_ros2_messages/include/isaac_ros2_messages/isaac_ros2_messages/msg
[4.396s] -- Installing: /workspace/build_ws/install/isaac_ros2_messages/include/isaac_ros2_messages/isaac_ros2_messages/msg/rosidl_typesupport_fastrtps_cpp__visibility_control.h
[4.396s] -- Up-to-date: /workspace/build_ws/install/isaac_ros2_messages/include/isaac_ros2_messages/isaac_ros2_messages/srv
[4.396s] -- Up-to-date: /workspace/build_ws/install/isaac_ros2_messages/include/isaac_ros2_messages/isaac_ros2_messages/srv/detail
[4.396s] -- Installing: /workspace/build_ws/install/isaac_ros2_messages/include/isaac_ros2_messages/isaac_ros2_messages/srv/detail/set_prim_attribute__rosidl_typesupport_fastrtps_cpp.hpp
[4.396s] -- Installing: /workspace/build_ws/install/isaac_ros2_messages/include/isaac_ros2_messages/isaac_ros2_messages/srv/detail/isaac_pose__rosidl_typesupport_fastrtps_cpp.hpp
[4.396s] -- Installing: /workspace/build_ws/install/isaac_ros2_messages/include/isaac_ros2_messages/isaac_ros2_messages/srv/detail/dds_fastrtps
[4.396s] -- Installing: /workspace/build_ws/install/isaac_ros2_messages/include/isaac_ros2_messages/isaac_ros2_messages/srv/detail/get_prim_attributes__rosidl_typesupport_fastrtps_cpp.hpp
[4.396s] -- Installing: /workspace/build_ws/install/isaac_ros2_messages/include/isaac_ros2_messages/isaac_ros2_messages/srv/detail/get_prims__rosidl_typesupport_fastrtps_cpp.hpp
[4.396s] -- Installing: /workspace/build_ws/install/isaac_ros2_messages/include/isaac_ros2_messages/isaac_ros2_messages/srv/detail/get_prim_attribute__rosidl_typesupport_fastrtps_cpp.hpp
[4.396s] -- Installing: /workspace/build_ws/install/isaac_ros2_messages/lib/libisaac_ros2_messages__rosidl_typesupport_fastrtps_cpp.so
[4.397s] -- Set non-toolchain portion of runtime path of "/workspace/build_ws/install/isaac_ros2_messages/lib/libisaac_ros2_messages__rosidl_typesupport_fastrtps_cpp.so" to ""
[4.397s] -- Up-to-date: /workspace/build_ws/install/isaac_ros2_messages/include/isaac_ros2_messages/isaac_ros2_messages
[4.397s] -- Up-to-date: /workspace/build_ws/install/isaac_ros2_messages/include/isaac_ros2_messages/isaac_ros2_messages/msg
[4.397s] -- Installing: /workspace/build_ws/install/isaac_ros2_messages/include/isaac_ros2_messages/isaac_ros2_messages/msg/rosidl_typesupport_introspection_c__visibility_control.h
[4.397s] -- Up-to-date: /workspace/build_ws/install/isaac_ros2_messages/include/isaac_ros2_messages/isaac_ros2_messages/srv
[4.397s] -- Up-to-date: /workspace/build_ws/install/isaac_ros2_messages/include/isaac_ros2_messages/isaac_ros2_messages/srv/detail
[4.397s] -- Up-to-date: /workspace/build_ws/install/isaac_ros2_messages/include/isaac_ros2_messages/isaac_ros2_messages/srv/detail/get_prims__type_support.c
[4.397s] -- Up-to-date: /workspace/build_ws/install/isaac_ros2_messages/include/isaac_ros2_messages/isaac_ros2_messages/srv/detail/get_prim_attribute__type_support.c
[4.398s] -- Installing: /workspace/build_ws/install/isaac_ros2_messages/include/isaac_ros2_messages/isaac_ros2_messages/srv/detail/get_prim_attributes__rosidl_typesupport_introspection_c.h
[4.398s] -- Installing: /workspace/build_ws/install/isaac_ros2_messages/include/isaac_ros2_messages/isaac_ros2_messages/srv/detail/isaac_pose__rosidl_typesupport_introspection_c.h
[4.398s] -- Up-to-date: /workspace/build_ws/install/isaac_ros2_messages/include/isaac_ros2_messages/isaac_ros2_messages/srv/detail/set_prim_attribute__type_support.c
[4.398s] -- Up-to-date: /workspace/build_ws/install/isaac_ros2_messages/include/isaac_ros2_messages/isaac_ros2_messages/srv/detail/isaac_pose__type_support.c
[4.398s] -- Installing: /workspace/build_ws/install/isaac_ros2_messages/include/isaac_ros2_messages/isaac_ros2_messages/srv/detail/set_prim_attribute__rosidl_typesupport_introspection_c.h
[4.398s] -- Installing: /workspace/build_ws/install/isaac_ros2_messages/include/isaac_ros2_messages/isaac_ros2_messages/srv/detail/get_prims__rosidl_typesupport_introspection_c.h
[4.398s] -- Up-to-date: /workspace/build_ws/install/isaac_ros2_messages/include/isaac_ros2_messages/isaac_ros2_messages/srv/detail/get_prim_attributes__type_support.c
[4.398s] -- Installing: /workspace/build_ws/install/isaac_ros2_messages/include/isaac_ros2_messages/isaac_ros2_messages/srv/detail/get_prim_attribute__rosidl_typesupport_introspection_c.h
[4.398s] -- Installing: /workspace/build_ws/install/isaac_ros2_messages/lib/libisaac_ros2_messages__rosidl_typesupport_introspection_c.so
[4.398s] -- Set non-toolchain portion of runtime path of "/workspace/build_ws/install/isaac_ros2_messages/lib/libisaac_ros2_messages__rosidl_typesupport_introspection_c.so" to ""
[4.398s] -- Installing: /workspace/build_ws/install/isaac_ros2_messages/lib/libisaac_ros2_messages__rosidl_typesupport_c.so
[4.398s] -- Set non-toolchain portion of runtime path of "/workspace/build_ws/install/isaac_ros2_messages/lib/libisaac_ros2_messages__rosidl_typesupport_c.so" to ""
[4.398s] -- Up-to-date: /workspace/build_ws/install/isaac_ros2_messages/include/isaac_ros2_messages/isaac_ros2_messages
[4.398s] -- Up-to-date: /workspace/build_ws/install/isaac_ros2_messages/include/isaac_ros2_messages/isaac_ros2_messages/srv
[4.398s] -- Up-to-date: /workspace/build_ws/install/isaac_ros2_messages/include/isaac_ros2_messages/isaac_ros2_messages/srv/detail
[4.398s] -- Installing: /workspace/build_ws/install/isaac_ros2_messages/include/isaac_ros2_messages/isaac_ros2_messages/srv/detail/get_prims__type_support.cpp
[4.398s] -- Installing: /workspace/build_ws/install/isaac_ros2_messages/include/isaac_ros2_messages/isaac_ros2_messages/srv/detail/isaac_pose__type_support.cpp
[4.398s] -- Installing: /workspace/build_ws/install/isaac_ros2_messages/include/isaac_ros2_messages/isaac_ros2_messages/srv/detail/set_prim_attribute__rosidl_typesupport_introspection_cpp.hpp
[4.398s] -- Installing: /workspace/build_ws/install/isaac_ros2_messages/include/isaac_ros2_messages/isaac_ros2_messages/srv/detail/get_prim_attribute__type_support.cpp
[4.398s] -- Installing: /workspace/build_ws/install/isaac_ros2_messages/include/isaac_ros2_messages/isaac_ros2_messages/srv/detail/set_prim_attribute__type_support.cpp
[4.399s] -- Installing: /workspace/build_ws/install/isaac_ros2_messages/include/isaac_ros2_messages/isaac_ros2_messages/srv/detail/isaac_pose__rosidl_typesupport_introspection_cpp.hpp
[4.399s] -- Installing: /workspace/build_ws/install/isaac_ros2_messages/include/isaac_ros2_messages/isaac_ros2_messages/srv/detail/get_prim_attributes__type_support.cpp
[4.399s] -- Installing: /workspace/build_ws/install/isaac_ros2_messages/include/isaac_ros2_messages/isaac_ros2_messages/srv/detail/get_prim_attribute__rosidl_typesupport_introspection_cpp.hpp
[4.399s] -- Installing: /workspace/build_ws/install/isaac_ros2_messages/include/isaac_ros2_messages/isaac_ros2_messages/srv/detail/get_prim_attributes__rosidl_typesupport_introspection_cpp.hpp
[4.399s] -- Installing: /workspace/build_ws/install/isaac_ros2_messages/include/isaac_ros2_messages/isaac_ros2_messages/srv/detail/get_prims__rosidl_typesupport_introspection_cpp.hpp
[4.399s] -- Installing: /workspace/build_ws/install/isaac_ros2_messages/lib/libisaac_ros2_messages__rosidl_typesupport_introspection_cpp.so
[4.399s] -- Set non-toolchain portion of runtime path of "/workspace/build_ws/install/isaac_ros2_messages/lib/libisaac_ros2_messages__rosidl_typesupport_introspection_cpp.so" to ""
[4.400s] -- Installing: /workspace/build_ws/install/isaac_ros2_messages/lib/libisaac_ros2_messages__rosidl_typesupport_cpp.so
[4.400s] -- Set non-toolchain portion of runtime path of "/workspace/build_ws/install/isaac_ros2_messages/lib/libisaac_ros2_messages__rosidl_typesupport_cpp.so" to ""
[4.400s] -- Installing: /workspace/build_ws/install/isaac_ros2_messages/share/isaac_ros2_messages/environment/pythonpath.sh
[4.400s] -- Installing: /workspace/build_ws/install/isaac_ros2_messages/share/isaac_ros2_messages/environment/pythonpath.dsv
[4.400s] -- Installing: /workspace/build_ws/install/isaac_ros2_messages/lib/python3.12/site-packages/isaac_ros2_messages-0.2.0-py3.12.egg-info
[4.400s] -- Installing: /workspace/build_ws/install/isaac_ros2_messages/lib/python3.12/site-packages/isaac_ros2_messages-0.2.0-py3.12.egg-info/PKG-INFO
[4.400s] -- Installing: /workspace/build_ws/install/isaac_ros2_messages/lib/python3.12/site-packages/isaac_ros2_messages-0.2.0-py3.12.egg-info/SOURCES.txt
[4.400s] -- Installing: /workspace/build_ws/install/isaac_ros2_messages/lib/python3.12/site-packages/isaac_ros2_messages-0.2.0-py3.12.egg-info/top_level.txt
[4.400s] -- Installing: /workspace/build_ws/install/isaac_ros2_messages/lib/python3.12/site-packages/isaac_ros2_messages-0.2.0-py3.12.egg-info/dependency_links.txt
[4.400s] -- Installing: /workspace/build_ws/install/isaac_ros2_messages/lib/python3.12/site-packages/isaac_ros2_messages
[4.400s] -- Installing: /workspace/build_ws/install/isaac_ros2_messages/lib/python3.12/site-packages/isaac_ros2_messages/_isaac_ros2_messages_s.ep.rosidl_typesupport_introspection_c.c
[4.400s] -- Installing: /workspace/build_ws/install/isaac_ros2_messages/lib/python3.12/site-packages/isaac_ros2_messages/isaac_ros2_messages_s__rosidl_typesupport_c.so
[4.401s] -- Installing: /workspace/build_ws/install/isaac_ros2_messages/lib/python3.12/site-packages/isaac_ros2_messages/__init__.py
[4.401s] -- Installing: /workspace/build_ws/install/isaac_ros2_messages/lib/python3.12/site-packages/isaac_ros2_messages/_isaac_ros2_messages_s.ep.rosidl_typesupport_c.c
[4.401s] -- Installing: /workspace/build_ws/install/isaac_ros2_messages/lib/python3.12/site-packages/isaac_ros2_messages/isaac_ros2_messages_s__rosidl_typesupport_introspection_c.so
[4.401s] -- Installing: /workspace/build_ws/install/isaac_ros2_messages/lib/python3.12/site-packages/isaac_ros2_messages/_isaac_ros2_messages_s.ep.rosidl_typesupport_fastrtps_c.c
[4.401s] -- Installing: /workspace/build_ws/install/isaac_ros2_messages/lib/python3.12/site-packages/isaac_ros2_messages/srv
[4.401s] -- Installing: /workspace/build_ws/install/isaac_ros2_messages/lib/python3.12/site-packages/isaac_ros2_messages/srv/_isaac_pose.py
[4.401s] -- Installing: /workspace/build_ws/install/isaac_ros2_messages/lib/python3.12/site-packages/isaac_ros2_messages/srv/_isaac_pose_s.c
[4.401s] -- Installing: /workspace/build_ws/install/isaac_ros2_messages/lib/python3.12/site-packages/isaac_ros2_messages/srv/_get_prim_attribute.py
[4.401s] -- Installing: /workspace/build_ws/install/isaac_ros2_messages/lib/python3.12/site-packages/isaac_ros2_messages/srv/_set_prim_attribute.py
[4.401s] -- Installing: /workspace/build_ws/install/isaac_ros2_messages/lib/python3.12/site-packages/isaac_ros2_messages/srv/__init__.py
[4.401s] -- Installing: /workspace/build_ws/install/isaac_ros2_messages/lib/python3.12/site-packages/isaac_ros2_messages/srv/_get_prims.py
[4.401s] -- Installing: /workspace/build_ws/install/isaac_ros2_messages/lib/python3.12/site-packages/isaac_ros2_messages/srv/_get_prim_attributes_s.c
[4.401s] -- Installing: /workspace/build_ws/install/isaac_ros2_messages/lib/python3.12/site-packages/isaac_ros2_messages/srv/_set_prim_attribute_s.c
[4.402s] -- Installing: /workspace/build_ws/install/isaac_ros2_messages/lib/python3.12/site-packages/isaac_ros2_messages/srv/_get_prim_attributes.py
[4.402s] -- Installing: /workspace/build_ws/install/isaac_ros2_messages/lib/python3.12/site-packages/isaac_ros2_messages/srv/_get_prims_s.c
[4.402s] -- Installing: /workspace/build_ws/install/isaac_ros2_messages/lib/python3.12/site-packages/isaac_ros2_messages/srv/_get_prim_attribute_s.c
[4.402s] -- Installing: /workspace/build_ws/install/isaac_ros2_messages/lib/python3.12/site-packages/isaac_ros2_messages/isaac_ros2_messages_s__rosidl_typesupport_fastrtps_c.so
[4.433s] Listing '/workspace/build_ws/install/isaac_ros2_messages/lib/python3.12/site-packages/isaac_ros2_messages'...
[4.433s] Compiling '/workspace/build_ws/install/isaac_ros2_messages/lib/python3.12/site-packages/isaac_ros2_messages/__init__.py'...
[4.433s] Listing '/workspace/build_ws/install/isaac_ros2_messages/lib/python3.12/site-packages/isaac_ros2_messages/srv'...
[4.433s] Compiling '/workspace/build_ws/install/isaac_ros2_messages/lib/python3.12/site-packages/isaac_ros2_messages/srv/__init__.py'...
[4.433s] Compiling '/workspace/build_ws/install/isaac_ros2_messages/lib/python3.12/site-packages/isaac_ros2_messages/srv/_get_prim_attribute.py'...
[4.433s] Compiling '/workspace/build_ws/install/isaac_ros2_messages/lib/python3.12/site-packages/isaac_ros2_messages/srv/_get_prim_attributes.py'...
[4.433s] Compiling '/workspace/build_ws/install/isaac_ros2_messages/lib/python3.12/site-packages/isaac_ros2_messages/srv/_get_prims.py'...
[4.433s] Compiling '/workspace/build_ws/install/isaac_ros2_messages/lib/python3.12/site-packages/isaac_ros2_messages/srv/_isaac_pose.py'...
[4.433s] Compiling '/workspace/build_ws/install/isaac_ros2_messages/lib/python3.12/site-packages/isaac_ros2_messages/srv/_set_prim_attribute.py'...
[4.438s] -- Installing: /workspace/build_ws/install/isaac_ros2_messages/lib/python3.12/site-packages/isaac_ros2_messages/isaac_ros2_messages_s__rosidl_typesupport_fastrtps_c.so
[4.438s] -- Set non-toolchain portion of runtime path of "/workspace/build_ws/install/isaac_ros2_messages/lib/python3.12/site-packages/isaac_ros2_messages/isaac_ros2_messages_s__rosidl_typesupport_fastrtps_c.so" to ""
[4.439s] -- Installing: /workspace/build_ws/install/isaac_ros2_messages/lib/python3.12/site-packages/isaac_ros2_messages/isaac_ros2_messages_s__rosidl_typesupport_introspection_c.so
[4.439s] -- Set non-toolchain portion of runtime path of "/workspace/build_ws/install/isaac_ros2_messages/lib/python3.12/site-packages/isaac_ros2_messages/isaac_ros2_messages_s__rosidl_typesupport_introspection_c.so" to ""
[4.439s] -- Installing: /workspace/build_ws/install/isaac_ros2_messages/lib/python3.12/site-packages/isaac_ros2_messages/isaac_ros2_messages_s__rosidl_typesupport_c.so
[4.439s] -- Set non-toolchain portion of runtime path of "/workspace/build_ws/install/isaac_ros2_messages/lib/python3.12/site-packages/isaac_ros2_messages/isaac_ros2_messages_s__rosidl_typesupport_c.so" to ""
[4.439s] -- Installing: /workspace/build_ws/install/isaac_ros2_messages/lib/libisaac_ros2_messages__rosidl_generator_py.so
[4.439s] -- Set non-toolchain portion of runtime path of "/workspace/build_ws/install/isaac_ros2_messages/lib/libisaac_ros2_messages__rosidl_generator_py.so" to ""
[4.439s] -- Installing: /workspace/build_ws/install/isaac_ros2_messages/share/isaac_ros2_messages/srv/IsaacPose.idl
[4.439s] -- Installing: /workspace/build_ws/install/isaac_ros2_messages/share/isaac_ros2_messages/srv/GetPrims.idl
[4.439s] -- Installing: /workspace/build_ws/install/isaac_ros2_messages/share/isaac_ros2_messages/srv/GetPrimAttributes.idl
[4.439s] -- Installing: /workspace/build_ws/install/isaac_ros2_messages/share/isaac_ros2_messages/srv/GetPrimAttribute.idl
[4.440s] -- Installing: /workspace/build_ws/install/isaac_ros2_messages/share/isaac_ros2_messages/srv/SetPrimAttribute.idl
[4.440s] -- Installing: /workspace/build_ws/install/isaac_ros2_messages/share/isaac_ros2_messages/srv/IsaacPose.srv
[4.440s] -- Installing: /workspace/build_ws/install/isaac_ros2_messages/share/isaac_ros2_messages/srv/GetPrims.srv
[4.440s] -- Installing: /workspace/build_ws/install/isaac_ros2_messages/share/isaac_ros2_messages/srv/GetPrimAttributes.srv
[4.440s] -- Installing: /workspace/build_ws/install/isaac_ros2_messages/share/isaac_ros2_messages/srv/GetPrimAttribute.srv
[4.440s] -- Installing: /workspace/build_ws/install/isaac_ros2_messages/share/isaac_ros2_messages/srv/SetPrimAttribute.srv
[4.440s] -- Installing: /workspace/build_ws/install/isaac_ros2_messages/share/ament_index/resource_index/package_run_dependencies/isaac_ros2_messages
[4.440s] -- Installing: /workspace/build_ws/install/isaac_ros2_messages/share/ament_index/resource_index/parent_prefix_path/isaac_ros2_messages
[4.440s] -- Installing: /workspace/build_ws/install/isaac_ros2_messages/share/isaac_ros2_messages/environment/ament_prefix_path.sh
[4.440s] -- Installing: /workspace/build_ws/install/isaac_ros2_messages/share/isaac_ros2_messages/environment/ament_prefix_path.dsv
[4.440s] -- Installing: /workspace/build_ws/install/isaac_ros2_messages/share/isaac_ros2_messages/environment/path.sh
[4.440s] -- Installing: /workspace/build_ws/install/isaac_ros2_messages/share/isaac_ros2_messages/environment/path.dsv
[4.441s] -- Installing: /workspace/build_ws/install/isaac_ros2_messages/share/isaac_ros2_messages/local_setup.bash
[4.441s] -- Installing: /workspace/build_ws/install/isaac_ros2_messages/share/isaac_ros2_messages/local_setup.sh
[4.441s] -- Installing: /workspace/build_ws/install/isaac_ros2_messages/share/isaac_ros2_messages/local_setup.zsh
[4.441s] -- Installing: /workspace/build_ws/install/isaac_ros2_messages/share/isaac_ros2_messages/local_setup.dsv
[4.441s] -- Installing: /workspace/build_ws/install/isaac_ros2_messages/share/isaac_ros2_messages/package.dsv
[4.441s] -- Installing: /workspace/build_ws/install/isaac_ros2_messages/share/ament_index/resource_index/packages/isaac_ros2_messages
[4.441s] -- Installing: /workspace/build_ws/install/isaac_ros2_messages/share/isaac_ros2_messages/cmake/export_isaac_ros2_messages__rosidl_generator_cExport.cmake
[4.441s] -- Installing: /workspace/build_ws/install/isaac_ros2_messages/share/isaac_ros2_messages/cmake/export_isaac_ros2_messages__rosidl_generator_cExport-noconfig.cmake
[4.441s] -- Installing: /workspace/build_ws/install/isaac_ros2_messages/share/isaac_ros2_messages/cmake/export_isaac_ros2_messages__rosidl_typesupport_fastrtps_cExport.cmake
[4.441s] -- Installing: /workspace/build_ws/install/isaac_ros2_messages/share/isaac_ros2_messages/cmake/export_isaac_ros2_messages__rosidl_typesupport_fastrtps_cExport-noconfig.cmake
[4.441s] -- Installing: /workspace/build_ws/install/isaac_ros2_messages/share/isaac_ros2_messages/cmake/export_isaac_ros2_messages__rosidl_generator_cppExport.cmake
[4.441s] -- Installing: /workspace/build_ws/install/isaac_ros2_messages/share/isaac_ros2_messages/cmake/export_isaac_ros2_messages__rosidl_typesupport_fastrtps_cppExport.cmake
[4.442s] -- Installing: /workspace/build_ws/install/isaac_ros2_messages/share/isaac_ros2_messages/cmake/export_isaac_ros2_messages__rosidl_typesupport_fastrtps_cppExport-noconfig.cmake
[4.442s] -- Installing: /workspace/build_ws/install/isaac_ros2_messages/share/isaac_ros2_messages/cmake/isaac_ros2_messages__rosidl_typesupport_introspection_cExport.cmake
[4.442s] -- Installing: /workspace/build_ws/install/isaac_ros2_messages/share/isaac_ros2_messages/cmake/isaac_ros2_messages__rosidl_typesupport_introspection_cExport-noconfig.cmake
[4.442s] -- Installing: /workspace/build_ws/install/isaac_ros2_messages/share/isaac_ros2_messages/cmake/isaac_ros2_messages__rosidl_typesupport_cExport.cmake
[4.442s] -- Installing: /workspace/build_ws/install/isaac_ros2_messages/share/isaac_ros2_messages/cmake/isaac_ros2_messages__rosidl_typesupport_cExport-noconfig.cmake
[4.442s] -- Installing: /workspace/build_ws/install/isaac_ros2_messages/share/isaac_ros2_messages/cmake/isaac_ros2_messages__rosidl_typesupport_introspection_cppExport.cmake
[4.442s] -- Installing: /workspace/build_ws/install/isaac_ros2_messages/share/isaac_ros2_messages/cmake/isaac_ros2_messages__rosidl_typesupport_introspection_cppExport-noconfig.cmake
[4.442s] -- Installing: /workspace/build_ws/install/isaac_ros2_messages/share/isaac_ros2_messages/cmake/isaac_ros2_messages__rosidl_typesupport_cppExport.cmake
[4.442s] -- Installing: /workspace/build_ws/install/isaac_ros2_messages/share/isaac_ros2_messages/cmake/isaac_ros2_messages__rosidl_typesupport_cppExport-noconfig.cmake
[4.442s] -- Installing: /workspace/build_ws/install/isaac_ros2_messages/share/isaac_ros2_messages/cmake/export_isaac_ros2_messages__rosidl_generator_pyExport.cmake
[4.442s] -- Installing: /workspace/build_ws/install/isaac_ros2_messages/share/isaac_ros2_messages/cmake/export_isaac_ros2_messages__rosidl_generator_pyExport-noconfig.cmake
[4.442s] -- Installing: /workspace/build_ws/install/isaac_ros2_messages/share/isaac_ros2_messages/cmake/rosidl_cmake-extras.cmake
[4.443s] -- Installing: /workspace/build_ws/install/isaac_ros2_messages/share/isaac_ros2_messages/cmake/ament_cmake_export_dependencies-extras.cmake
[4.443s] -- Installing: /workspace/build_ws/install/isaac_ros2_messages/share/isaac_ros2_messages/cmake/ament_cmake_export_include_directories-extras.cmake
[4.443s] -- Installing: /workspace/build_ws/install/isaac_ros2_messages/share/isaac_ros2_messages/cmake/ament_cmake_export_libraries-extras.cmake
[4.443s] -- Installing: /workspace/build_ws/install/isaac_ros2_messages/share/isaac_ros2_messages/cmake/ament_cmake_export_targets-extras.cmake
[4.443s] -- Installing: /workspace/build_ws/install/isaac_ros2_messages/share/isaac_ros2_messages/cmake/rosidl_cmake_export_typesupport_targets-extras.cmake
[4.443s] -- Installing: /workspace/build_ws/install/isaac_ros2_messages/share/isaac_ros2_messages/cmake/rosidl_cmake_export_typesupport_libraries-extras.cmake
[4.443s] -- Installing: /workspace/build_ws/install/isaac_ros2_messages/share/isaac_ros2_messages/cmake/isaac_ros2_messagesConfig.cmake
[4.443s] -- Installing: /workspace/build_ws/install/isaac_ros2_messages/share/isaac_ros2_messages/cmake/isaac_ros2_messagesConfig-version.cmake
[4.443s] -- Installing: /workspace/build_ws/install/isaac_ros2_messages/share/isaac_ros2_messages/package.xml
[4.444s] Invoked command in '/workspace/build_ws/build/isaac_ros2_messages' returned '0': /usr/bin/cmake --install /workspace/build_ws/build/isaac_ros2_messages
