/workspace/jazzy_ws/install/lib/python3.12/site-packages/ament_copyright/licenses.py
/workspace/jazzy_ws/install/lib/python3.12/site-packages/ament_copyright/pytest_marker.py
/workspace/jazzy_ws/install/lib/python3.12/site-packages/ament_copyright/main.py
/workspace/jazzy_ws/install/lib/python3.12/site-packages/ament_copyright/__init__.py
/workspace/jazzy_ws/install/lib/python3.12/site-packages/ament_copyright/copyright_names.py
/workspace/jazzy_ws/install/lib/python3.12/site-packages/ament_copyright/crawler.py
/workspace/jazzy_ws/install/lib/python3.12/site-packages/ament_copyright/parser.py
/workspace/jazzy_ws/install/lib/python3.12/site-packages/ament_copyright/template/bsd_3clause_header_0.txt
/workspace/jazzy_ws/install/lib/python3.12/site-packages/ament_copyright/template/boost1_contributing.txt
/workspace/jazzy_ws/install/lib/python3.12/site-packages/ament_copyright/template/bsd_3clause_license.txt
/workspace/jazzy_ws/install/lib/python3.12/site-packages/ament_copyright/template/apache2_contributing.txt
/workspace/jazzy_ws/install/lib/python3.12/site-packages/ament_copyright/template/mit_license.txt
/workspace/jazzy_ws/install/lib/python3.12/site-packages/ament_copyright/template/boost1_header.txt
/workspace/jazzy_ws/install/lib/python3.12/site-packages/ament_copyright/template/bsd_3clause_header.txt
/workspace/jazzy_ws/install/lib/python3.12/site-packages/ament_copyright/template/boost1_license.txt
/workspace/jazzy_ws/install/lib/python3.12/site-packages/ament_copyright/template/apache2_license.txt
/workspace/jazzy_ws/install/lib/python3.12/site-packages/ament_copyright/template/bsd2_license.txt
/workspace/jazzy_ws/install/lib/python3.12/site-packages/ament_copyright/template/bsd2_contributing.txt
/workspace/jazzy_ws/install/lib/python3.12/site-packages/ament_copyright/template/lgplv3_contributing.txt
/workspace/jazzy_ws/install/lib/python3.12/site-packages/ament_copyright/template/bsd2_header.txt
/workspace/jazzy_ws/install/lib/python3.12/site-packages/ament_copyright/template/lgplv3_license.txt
/workspace/jazzy_ws/install/lib/python3.12/site-packages/ament_copyright/template/lgplv3_header.txt
/workspace/jazzy_ws/install/lib/python3.12/site-packages/ament_copyright/template/apache2_header.txt
/workspace/jazzy_ws/install/lib/python3.12/site-packages/ament_copyright/template/mit_contributing.txt
/workspace/jazzy_ws/install/lib/python3.12/site-packages/ament_copyright/template/gplv3_header.txt
/workspace/jazzy_ws/install/lib/python3.12/site-packages/ament_copyright/template/gplv3_license.txt
/workspace/jazzy_ws/install/lib/python3.12/site-packages/ament_copyright/template/mit0_contributing.txt
/workspace/jazzy_ws/install/lib/python3.12/site-packages/ament_copyright/template/mit0_license.txt
/workspace/jazzy_ws/install/lib/python3.12/site-packages/ament_copyright/template/mit0_header.txt
/workspace/jazzy_ws/install/lib/python3.12/site-packages/ament_copyright/template/mit_header_0.txt
/workspace/jazzy_ws/install/lib/python3.12/site-packages/ament_copyright/template/mit_header.txt
/workspace/jazzy_ws/install/lib/python3.12/site-packages/ament_copyright/template/bsd_2clause_header.txt
/workspace/jazzy_ws/install/lib/python3.12/site-packages/ament_copyright/template/bsd_3clause_contributing.txt
/workspace/jazzy_ws/install/lib/python3.12/site-packages/ament_copyright/template/bsd_2clause_license.txt
/workspace/jazzy_ws/install/lib/python3.12/site-packages/ament_copyright/template/gplv3_contributing.txt
/workspace/jazzy_ws/install/lib/python3.12/site-packages/ament_copyright/template/bsd_2clause_contributing.txt
/workspace/jazzy_ws/install/lib/python3.12/site-packages/ament_copyright/__pycache__/licenses.cpython-312.pyc
/workspace/jazzy_ws/install/lib/python3.12/site-packages/ament_copyright/__pycache__/pytest_marker.cpython-312.pyc
/workspace/jazzy_ws/install/lib/python3.12/site-packages/ament_copyright/__pycache__/main.cpython-312.pyc
/workspace/jazzy_ws/install/lib/python3.12/site-packages/ament_copyright/__pycache__/__init__.cpython-312.pyc
/workspace/jazzy_ws/install/lib/python3.12/site-packages/ament_copyright/__pycache__/copyright_names.cpython-312.pyc
/workspace/jazzy_ws/install/lib/python3.12/site-packages/ament_copyright/__pycache__/crawler.cpython-312.pyc
/workspace/jazzy_ws/install/lib/python3.12/site-packages/ament_copyright/__pycache__/parser.cpython-312.pyc
/workspace/jazzy_ws/install/share/ament_copyright/package.xml
/workspace/jazzy_ws/install/share/ament_index/resource_index/packages/ament_copyright
/workspace/jazzy_ws/install/lib/python3.12/site-packages/ament_copyright-0.17.4-py3.12.egg-info/PKG-INFO
/workspace/jazzy_ws/install/lib/python3.12/site-packages/ament_copyright-0.17.4-py3.12.egg-info/SOURCES.txt
/workspace/jazzy_ws/install/lib/python3.12/site-packages/ament_copyright-0.17.4-py3.12.egg-info/not-zip-safe
/workspace/jazzy_ws/install/lib/python3.12/site-packages/ament_copyright-0.17.4-py3.12.egg-info/requires.txt
/workspace/jazzy_ws/install/lib/python3.12/site-packages/ament_copyright-0.17.4-py3.12.egg-info/top_level.txt
/workspace/jazzy_ws/install/lib/python3.12/site-packages/ament_copyright-0.17.4-py3.12.egg-info/entry_points.txt
/workspace/jazzy_ws/install/lib/python3.12/site-packages/ament_copyright-0.17.4-py3.12.egg-info/dependency_links.txt
/workspace/jazzy_ws/install/bin/ament_copyright
