/usr/local/lib/python3.12/dist-packages/setuptools/_distutils/dist.py:287: UserWarning: Unknown distribution option: 'tests_require'
  warnings.warn(msg)
/usr/local/lib/python3.12/dist-packages/setuptools/dist.py:765: SetuptoolsDeprecationWarning: License classifiers are deprecated.
!!

        ********************************************************************************
        Please consider removing the following classifiers in favor of a SPDX license expression:

        License :: OSI Approved :: Apache Software License

        See https://packaging.python.org/en/latest/guides/writing-pyproject-toml/#license for details.
        ********************************************************************************

!!
  self._finalize_license_expression()
running egg_info
creating ../../../build/launch_xml/launch_xml.egg-info
writing ../../../build/launch_xml/launch_xml.egg-info/PKG-INFO
writing dependency_links to ../../../build/launch_xml/launch_xml.egg-info/dependency_links.txt
writing entry points to ../../../build/launch_xml/launch_xml.egg-info/entry_points.txt
writing requirements to ../../../build/launch_xml/launch_xml.egg-info/requires.txt
writing top-level names to ../../../build/launch_xml/launch_xml.egg-info/top_level.txt
writing manifest file '../../../build/launch_xml/launch_xml.egg-info/SOURCES.txt'
reading manifest file '../../../build/launch_xml/launch_xml.egg-info/SOURCES.txt'
writing manifest file '../../../build/launch_xml/launch_xml.egg-info/SOURCES.txt'
running build
running build_py
creating /workspace/jazzy_ws/build/launch_xml/build/lib/launch_xml
copying launch_xml/__init__.py -> /workspace/jazzy_ws/build/launch_xml/build/lib/launch_xml
copying launch_xml/entity.py -> /workspace/jazzy_ws/build/launch_xml/build/lib/launch_xml
copying launch_xml/parser.py -> /workspace/jazzy_ws/build/launch_xml/build/lib/launch_xml
creating /workspace/jazzy_ws/build/launch_xml/build/lib/launch_xml/launch_description_sources
copying launch_xml/launch_description_sources/xml_launch_description_source.py -> /workspace/jazzy_ws/build/launch_xml/build/lib/launch_xml/launch_description_sources
copying launch_xml/launch_description_sources/__init__.py -> /workspace/jazzy_ws/build/launch_xml/build/lib/launch_xml/launch_description_sources
running install
running install_lib
creating /workspace/jazzy_ws/install/lib/python3.12/site-packages/launch_xml
copying /workspace/jazzy_ws/build/launch_xml/build/lib/launch_xml/__init__.py -> /workspace/jazzy_ws/install/lib/python3.12/site-packages/launch_xml
creating /workspace/jazzy_ws/install/lib/python3.12/site-packages/launch_xml/launch_description_sources
copying /workspace/jazzy_ws/build/launch_xml/build/lib/launch_xml/launch_description_sources/xml_launch_description_source.py -> /workspace/jazzy_ws/install/lib/python3.12/site-packages/launch_xml/launch_description_sources
copying /workspace/jazzy_ws/build/launch_xml/build/lib/launch_xml/launch_description_sources/__init__.py -> /workspace/jazzy_ws/install/lib/python3.12/site-packages/launch_xml/launch_description_sources
copying /workspace/jazzy_ws/build/launch_xml/build/lib/launch_xml/entity.py -> /workspace/jazzy_ws/install/lib/python3.12/site-packages/launch_xml
copying /workspace/jazzy_ws/build/launch_xml/build/lib/launch_xml/parser.py -> /workspace/jazzy_ws/install/lib/python3.12/site-packages/launch_xml
byte-compiling /workspace/jazzy_ws/install/lib/python3.12/site-packages/launch_xml/__init__.py to __init__.cpython-312.pyc
byte-compiling /workspace/jazzy_ws/install/lib/python3.12/site-packages/launch_xml/launch_description_sources/xml_launch_description_source.py to xml_launch_description_source.cpython-312.pyc
byte-compiling /workspace/jazzy_ws/install/lib/python3.12/site-packages/launch_xml/launch_description_sources/__init__.py to __init__.cpython-312.pyc
byte-compiling /workspace/jazzy_ws/install/lib/python3.12/site-packages/launch_xml/entity.py to entity.cpython-312.pyc
byte-compiling /workspace/jazzy_ws/install/lib/python3.12/site-packages/launch_xml/parser.py to parser.cpython-312.pyc
running install_data
copying package.xml -> /workspace/jazzy_ws/install/share/launch_xml
copying resource/launch_xml -> /workspace/jazzy_ws/install/share/ament_index/resource_index/packages
running install_egg_info
Copying ../../../build/launch_xml/launch_xml.egg-info to /workspace/jazzy_ws/install/lib/python3.12/site-packages/launch_xml-3.4.10-py3.12.egg-info
running install_scripts
writing list of installed files to '/workspace/jazzy_ws/build/launch_xml/install.log'
