[0.802s] Invoking command in '/workspace/jazzy_ws/src/launch/launch_xml': AMENT_PREFIX_PATH=/workspace/jazzy_ws/install CMAKE_PREFIX_PATH=/workspace/jazzy_ws/install LD_LIBRARY_PATH=/workspace/jazzy_ws/install/lib PATH=/workspace/jazzy_ws/install/bin:${PATH} PYTHONPATH=/workspace/jazzy_ws/build/launch_xml/prefix_override:/usr/lib/python3/dist-packages/colcon_core/task/python/colcon_distutils_commands:/workspace/jazzy_ws/install/lib/python3.12/site-packages:/workspace/jazzy_ws/install/lib/python3.12/site-packages /usr/bin/python3 -W ignore:setup.py install is deprecated -W ignore:easy_install command is deprecated setup.py egg_info --egg-base ../../../build/launch_xml build --build-base /workspace/jazzy_ws/build/launch_xml/build install --record /workspace/jazzy_ws/build/launch_xml/install.log --single-version-externally-managed install_data
[0.882s] /usr/local/lib/python3.12/dist-packages/setuptools/_distutils/dist.py:287: UserWarning: Unknown distribution option: 'tests_require'
[0.882s]   warnings.warn(msg)
[0.903s] /usr/local/lib/python3.12/dist-packages/setuptools/dist.py:765: SetuptoolsDeprecationWarning: License classifiers are deprecated.
[0.903s] !!
[0.903s] 
[0.903s]         ********************************************************************************
[0.903s]         Please consider removing the following classifiers in favor of a SPDX license expression:
[0.903s] 
[0.903s]         License :: OSI Approved :: Apache Software License
[0.903s] 
[0.903s]         See https://packaging.python.org/en/latest/guides/writing-pyproject-toml/#license for details.
[0.903s]         ********************************************************************************
[0.903s] 
[0.903s] !!
[0.903s]   self._finalize_license_expression()
[0.950s] running egg_info
[0.950s] creating ../../../build/launch_xml/launch_xml.egg-info
[0.950s] writing ../../../build/launch_xml/launch_xml.egg-info/PKG-INFO
[0.950s] writing dependency_links to ../../../build/launch_xml/launch_xml.egg-info/dependency_links.txt
[0.950s] writing entry points to ../../../build/launch_xml/launch_xml.egg-info/entry_points.txt
[0.950s] writing requirements to ../../../build/launch_xml/launch_xml.egg-info/requires.txt
[0.950s] writing top-level names to ../../../build/launch_xml/launch_xml.egg-info/top_level.txt
[0.950s] writing manifest file '../../../build/launch_xml/launch_xml.egg-info/SOURCES.txt'
[0.950s] reading manifest file '../../../build/launch_xml/launch_xml.egg-info/SOURCES.txt'
[0.950s] writing manifest file '../../../build/launch_xml/launch_xml.egg-info/SOURCES.txt'
[0.950s] running build
[0.951s] running build_py
[0.951s] creating /workspace/jazzy_ws/build/launch_xml/build/lib/launch_xml
[0.951s] copying launch_xml/__init__.py -> /workspace/jazzy_ws/build/launch_xml/build/lib/launch_xml
[0.951s] copying launch_xml/entity.py -> /workspace/jazzy_ws/build/launch_xml/build/lib/launch_xml
[0.951s] copying launch_xml/parser.py -> /workspace/jazzy_ws/build/launch_xml/build/lib/launch_xml
[0.951s] creating /workspace/jazzy_ws/build/launch_xml/build/lib/launch_xml/launch_description_sources
[0.951s] copying launch_xml/launch_description_sources/xml_launch_description_source.py -> /workspace/jazzy_ws/build/launch_xml/build/lib/launch_xml/launch_description_sources
[0.951s] copying launch_xml/launch_description_sources/__init__.py -> /workspace/jazzy_ws/build/launch_xml/build/lib/launch_xml/launch_description_sources
[0.951s] running install
[0.951s] running install_lib
[0.951s] creating /workspace/jazzy_ws/install/lib/python3.12/site-packages/launch_xml
[0.951s] copying /workspace/jazzy_ws/build/launch_xml/build/lib/launch_xml/__init__.py -> /workspace/jazzy_ws/install/lib/python3.12/site-packages/launch_xml
[0.951s] creating /workspace/jazzy_ws/install/lib/python3.12/site-packages/launch_xml/launch_description_sources
[0.951s] copying /workspace/jazzy_ws/build/launch_xml/build/lib/launch_xml/launch_description_sources/xml_launch_description_source.py -> /workspace/jazzy_ws/install/lib/python3.12/site-packages/launch_xml/launch_description_sources
[0.951s] copying /workspace/jazzy_ws/build/launch_xml/build/lib/launch_xml/launch_description_sources/__init__.py -> /workspace/jazzy_ws/install/lib/python3.12/site-packages/launch_xml/launch_description_sources
[0.951s] copying /workspace/jazzy_ws/build/launch_xml/build/lib/launch_xml/entity.py -> /workspace/jazzy_ws/install/lib/python3.12/site-packages/launch_xml
[0.951s] copying /workspace/jazzy_ws/build/launch_xml/build/lib/launch_xml/parser.py -> /workspace/jazzy_ws/install/lib/python3.12/site-packages/launch_xml
[0.951s] byte-compiling /workspace/jazzy_ws/install/lib/python3.12/site-packages/launch_xml/__init__.py to __init__.cpython-312.pyc
[0.951s] byte-compiling /workspace/jazzy_ws/install/lib/python3.12/site-packages/launch_xml/launch_description_sources/xml_launch_description_source.py to xml_launch_description_source.cpython-312.pyc
[0.951s] byte-compiling /workspace/jazzy_ws/install/lib/python3.12/site-packages/launch_xml/launch_description_sources/__init__.py to __init__.cpython-312.pyc
[0.951s] byte-compiling /workspace/jazzy_ws/install/lib/python3.12/site-packages/launch_xml/entity.py to entity.cpython-312.pyc
[0.951s] byte-compiling /workspace/jazzy_ws/install/lib/python3.12/site-packages/launch_xml/parser.py to parser.cpython-312.pyc
[0.951s] running install_data
[0.951s] copying package.xml -> /workspace/jazzy_ws/install/share/launch_xml
[0.951s] copying resource/launch_xml -> /workspace/jazzy_ws/install/share/ament_index/resource_index/packages
[0.951s] running install_egg_info
[0.951s] Copying ../../../build/launch_xml/launch_xml.egg-info to /workspace/jazzy_ws/install/lib/python3.12/site-packages/launch_xml-3.4.10-py3.12.egg-info
[0.951s] running install_scripts
[0.951s] writing list of installed files to '/workspace/jazzy_ws/build/launch_xml/install.log'
[0.953s] Invoked command in '/workspace/jazzy_ws/src/launch/launch_xml' returned '0': AMENT_PREFIX_PATH=/workspace/jazzy_ws/install CMAKE_PREFIX_PATH=/workspace/jazzy_ws/install LD_LIBRARY_PATH=/workspace/jazzy_ws/install/lib PATH=/workspace/jazzy_ws/install/bin:${PATH} PYTHONPATH=/workspace/jazzy_ws/build/launch_xml/prefix_override:/usr/lib/python3/dist-packages/colcon_core/task/python/colcon_distutils_commands:/workspace/jazzy_ws/install/lib/python3.12/site-packages:/workspace/jazzy_ws/install/lib/python3.12/site-packages /usr/bin/python3 -W ignore:setup.py install is deprecated -W ignore:easy_install command is deprecated setup.py egg_info --egg-base ../../../build/launch_xml build --build-base /workspace/jazzy_ws/build/launch_xml/build install --record /workspace/jazzy_ws/build/launch_xml/install.log --single-version-externally-managed install_data
