-- The C compiler identification is GNU 13.3.0
-- The CXX compiler identification is GNU 13.3.0
-- Detecting C compiler ABI info
-- Detecting C compiler ABI info - done
-- Check for working C compiler: /usr/bin/cc - skipped
-- Detecting C compile features
-- Detecting C compile features - done
-- Detecting CXX compiler ABI info
-- Detecting CXX compiler ABI info - done
-- Check for working CXX compiler: /usr/bin/c++ - skipped
-- Detecting CXX compile features
-- Detecting CXX compile features - done
-- Found ament_cmake: 2.5.5 (/workspace/jazzy_ws/install/share/ament_cmake/cmake)
-- Found Python3: /usr/bin/python3 (found version "3.12.3") found components: Interpreter 
-- Found rosidl_default_generators: 1.6.0 (/workspace/jazzy_ws/install/share/rosidl_default_generators/cmake)
-- Using all available rosidl_typesupport_c: rosidl_typesupport_fastrtps_c;rosidl_typesupport_introspection_c
-- Using all available rosidl_typesupport_cpp: rosidl_typesupport_fastrtps_cpp;rosidl_typesupport_introspection_cpp
-- Found rosidl_adapter: 4.6.7 (/workspace/jazzy_ws/install/share/rosidl_adapter/cmake)
-- Found std_msgs: 5.3.6 (/workspace/jazzy_ws/install/share/std_msgs/cmake)
-- Found ament_cmake_cppcheck: 0.17.4 (/workspace/jazzy_ws/install/share/ament_cmake_cppcheck/cmake)
-- Found ament_cmake_cpplint: 0.17.4 (/workspace/jazzy_ws/install/share/ament_cmake_cpplint/cmake)
-- Found ament_cmake_uncrustify: 0.17.4 (/workspace/jazzy_ws/install/share/ament_cmake_uncrustify/cmake)
-- Found ament_cmake_ros: 0.12.0 (/workspace/jazzy_ws/install/share/ament_cmake_ros/cmake)
-- Using all available rosidl_typesupport_c: rosidl_typesupport_fastrtps_c;rosidl_typesupport_introspection_c
-- Using all available rosidl_typesupport_cpp: rosidl_typesupport_fastrtps_cpp;rosidl_typesupport_introspection_cpp
-- Found python_cmake_module: 0.11.1 (/workspace/jazzy_ws/install/share/python_cmake_module/cmake)
-- Found PythonExtra: /usr/bin/python3  
-- Found Python3: /usr/bin/python3 (found version "3.12.3") found components: Interpreter Development NumPy Development.Module Development.Embed 
-- Found ament_cmake_flake8: 0.17.4 (/workspace/jazzy_ws/install/share/ament_cmake_flake8/cmake)
-- Found ament_cmake_pep257: 0.17.4 (/workspace/jazzy_ws/install/share/ament_cmake_pep257/cmake)
-- Configuring done (2.1s)
-- Generating done (0.1s)
-- Build files have been written to: /workspace/jazzy_ws/build/ackermann_msgs
[  2%] Generating type hashes for ROS interfaces
[  2%] Built target ament_cmake_python_copy_ackermann_msgs
running egg_info
creating ackermann_msgs.egg-info
writing ackermann_msgs.egg-info/PKG-INFO
writing dependency_links to ackermann_msgs.egg-info/dependency_links.txt
writing top-level names to ackermann_msgs.egg-info/top_level.txt
writing manifest file 'ackermann_msgs.egg-info/SOURCES.txt'
reading manifest file 'ackermann_msgs.egg-info/SOURCES.txt'
writing manifest file 'ackermann_msgs.egg-info/SOURCES.txt'
[  2%] Built target ament_cmake_python_build_ackermann_msgs_egg
[  2%] Built target ackermann_msgs__rosidl_generator_type_description
[  4%] Generating C code for ROS interfaces
[  6%] Generating C++ code for ROS interfaces
[  6%] Built target ackermann_msgs__cpp
[ 13%] Building C object CMakeFiles/ackermann_msgs__rosidl_generator_c.dir/rosidl_generator_c/ackermann_msgs/msg/detail/ackermann_drive__description.c.o
[ 13%] Building C object CMakeFiles/ackermann_msgs__rosidl_generator_c.dir/rosidl_generator_c/ackermann_msgs/msg/detail/ackermann_drive__type_support.c.o
[ 18%] Building C object CMakeFiles/ackermann_msgs__rosidl_generator_c.dir/rosidl_generator_c/ackermann_msgs/msg/detail/ackermann_drive__functions.c.o
[ 18%] Building C object CMakeFiles/ackermann_msgs__rosidl_generator_c.dir/rosidl_generator_c/ackermann_msgs/msg/detail/ackermann_drive_stamped__description.c.o
[ 18%] Building C object CMakeFiles/ackermann_msgs__rosidl_generator_c.dir/rosidl_generator_c/ackermann_msgs/msg/detail/ackermann_drive_stamped__functions.c.o
[ 20%] Building C object CMakeFiles/ackermann_msgs__rosidl_generator_c.dir/rosidl_generator_c/ackermann_msgs/msg/detail/ackermann_drive_stamped__type_support.c.o
[ 22%] Linking C shared library libackermann_msgs__rosidl_generator_c.so
[ 22%] Built target ackermann_msgs__rosidl_generator_c
[ 29%] Generating C introspection for ROS interfaces
[ 29%] Generating C++ type support dispatch for ROS interfaces
[ 29%] Generating C type support for eProsima Fast-RTPS
[ 31%] Generating C++ type support for eProsima Fast-RTPS
[ 34%] Generating C type support dispatch for ROS interfaces
[ 36%] Generating C++ introspection for ROS interfaces
[ 38%] Building CXX object CMakeFiles/ackermann_msgs__rosidl_typesupport_c.dir/rosidl_typesupport_c/ackermann_msgs/msg/ackermann_drive__type_support.cpp.o
[ 40%] Building CXX object CMakeFiles/ackermann_msgs__rosidl_typesupport_c.dir/rosidl_typesupport_c/ackermann_msgs/msg/ackermann_drive_stamped__type_support.cpp.o
[ 43%] Building CXX object CMakeFiles/ackermann_msgs__rosidl_typesupport_cpp.dir/rosidl_typesupport_cpp/ackermann_msgs/msg/ackermann_drive__type_support.cpp.o
[ 45%] Building CXX object CMakeFiles/ackermann_msgs__rosidl_typesupport_cpp.dir/rosidl_typesupport_cpp/ackermann_msgs/msg/ackermann_drive_stamped__type_support.cpp.o
[ 50%] Building C object CMakeFiles/ackermann_msgs__rosidl_typesupport_introspection_c.dir/rosidl_typesupport_introspection_c/ackermann_msgs/msg/detail/ackermann_drive_stamped__type_support.c.o
[ 50%] Building C object CMakeFiles/ackermann_msgs__rosidl_typesupport_introspection_c.dir/rosidl_typesupport_introspection_c/ackermann_msgs/msg/detail/ackermann_drive__type_support.c.o
[ 52%] Linking CXX shared library libackermann_msgs__rosidl_typesupport_c.so
[ 56%] Building CXX object CMakeFiles/ackermann_msgs__rosidl_typesupport_introspection_cpp.dir/rosidl_typesupport_introspection_cpp/ackermann_msgs/msg/detail/ackermann_drive__type_support.cpp.o
[ 56%] Building CXX object CMakeFiles/ackermann_msgs__rosidl_typesupport_fastrtps_cpp.dir/rosidl_typesupport_fastrtps_cpp/ackermann_msgs/msg/detail/dds_fastrtps/ackermann_drive__type_support.cpp.o
[ 59%] Building CXX object CMakeFiles/ackermann_msgs__rosidl_typesupport_fastrtps_cpp.dir/rosidl_typesupport_fastrtps_cpp/ackermann_msgs/msg/detail/dds_fastrtps/ackermann_drive_stamped__type_support.cpp.o
[ 61%] Building CXX object CMakeFiles/ackermann_msgs__rosidl_typesupport_introspection_cpp.dir/rosidl_typesupport_introspection_cpp/ackermann_msgs/msg/detail/ackermann_drive_stamped__type_support.cpp.o
[ 63%] Building CXX object CMakeFiles/ackermann_msgs__rosidl_typesupport_fastrtps_c.dir/rosidl_typesupport_fastrtps_c/ackermann_msgs/msg/detail/ackermann_drive__type_support_c.cpp.o
[ 65%] Building CXX object CMakeFiles/ackermann_msgs__rosidl_typesupport_fastrtps_c.dir/rosidl_typesupport_fastrtps_c/ackermann_msgs/msg/detail/ackermann_drive_stamped__type_support_c.cpp.o
[ 68%] Linking C shared library libackermann_msgs__rosidl_typesupport_introspection_c.so
[ 68%] Built target ackermann_msgs__rosidl_typesupport_introspection_c
[ 68%] Built target ackermann_msgs__rosidl_typesupport_c
[ 70%] Linking CXX shared library libackermann_msgs__rosidl_typesupport_cpp.so
[ 72%] Linking CXX shared library libackermann_msgs__rosidl_typesupport_introspection_cpp.so
[ 72%] Built target ackermann_msgs__rosidl_typesupport_cpp
[ 72%] Built target ackermann_msgs__rosidl_typesupport_introspection_cpp
[ 75%] Linking CXX shared library libackermann_msgs__rosidl_typesupport_fastrtps_cpp.so
[ 77%] Linking CXX shared library libackermann_msgs__rosidl_typesupport_fastrtps_c.so
[ 77%] Built target ackermann_msgs__rosidl_typesupport_fastrtps_cpp
[ 77%] Built target ackermann_msgs__rosidl_typesupport_fastrtps_c
[ 77%] Built target ackermann_msgs
[ 79%] Generating Python code for ROS interfaces
[ 79%] Built target ackermann_msgs__py
[ 81%] Building C object CMakeFiles/ackermann_msgs__rosidl_generator_py.dir/rosidl_generator_py/ackermann_msgs/msg/_ackermann_drive_s.c.o
[ 84%] Building C object CMakeFiles/ackermann_msgs__rosidl_generator_py.dir/rosidl_generator_py/ackermann_msgs/msg/_ackermann_drive_stamped_s.c.o
[ 86%] Linking C shared library libackermann_msgs__rosidl_generator_py.so
[ 86%] Built target ackermann_msgs__rosidl_generator_py
[ 88%] Building C object CMakeFiles/ackermann_msgs_s__rosidl_typesupport_c.dir/rosidl_generator_py/ackermann_msgs/_ackermann_msgs_s.ep.rosidl_typesupport_c.c.o
[ 90%] Building C object CMakeFiles/ackermann_msgs_s__rosidl_typesupport_introspection_c.dir/rosidl_generator_py/ackermann_msgs/_ackermann_msgs_s.ep.rosidl_typesupport_introspection_c.c.o
[ 93%] Building C object CMakeFiles/ackermann_msgs_s__rosidl_typesupport_fastrtps_c.dir/rosidl_generator_py/ackermann_msgs/_ackermann_msgs_s.ep.rosidl_typesupport_fastrtps_c.c.o
[ 95%] Linking C shared module rosidl_generator_py/ackermann_msgs/ackermann_msgs_s__rosidl_typesupport_c.so
[ 97%] Linking C shared module rosidl_generator_py/ackermann_msgs/ackermann_msgs_s__rosidl_typesupport_introspection_c.so
[100%] Linking C shared module rosidl_generator_py/ackermann_msgs/ackermann_msgs_s__rosidl_typesupport_fastrtps_c.so
[100%] Built target ackermann_msgs_s__rosidl_typesupport_c
[100%] Built target ackermann_msgs_s__rosidl_typesupport_introspection_c
[100%] Built target ackermann_msgs_s__rosidl_typesupport_fastrtps_c
-- Install configuration: ""
-- Installing: /workspace/jazzy_ws/install/share/ament_index/resource_index/rosidl_interfaces/ackermann_msgs
-- Installing: /workspace/jazzy_ws/install/share/ackermann_msgs/msg/AckermannDrive.json
-- Installing: /workspace/jazzy_ws/install/share/ackermann_msgs/msg/AckermannDriveStamped.json
-- Installing: /workspace/jazzy_ws/install/include/ackermann_msgs/ackermann_msgs
-- Installing: /workspace/jazzy_ws/install/include/ackermann_msgs/ackermann_msgs/msg
-- Installing: /workspace/jazzy_ws/install/include/ackermann_msgs/ackermann_msgs/msg/detail
-- Installing: /workspace/jazzy_ws/install/include/ackermann_msgs/ackermann_msgs/msg/detail/ackermann_drive__functions.c
-- Installing: /workspace/jazzy_ws/install/include/ackermann_msgs/ackermann_msgs/msg/detail/ackermann_drive_stamped__functions.c
-- Installing: /workspace/jazzy_ws/install/include/ackermann_msgs/ackermann_msgs/msg/detail/ackermann_drive__type_support.c
-- Installing: /workspace/jazzy_ws/install/include/ackermann_msgs/ackermann_msgs/msg/detail/ackermann_drive__type_support.h
-- Installing: /workspace/jazzy_ws/install/include/ackermann_msgs/ackermann_msgs/msg/detail/ackermann_drive__struct.h
-- Installing: /workspace/jazzy_ws/install/include/ackermann_msgs/ackermann_msgs/msg/detail/ackermann_drive_stamped__functions.h
-- Installing: /workspace/jazzy_ws/install/include/ackermann_msgs/ackermann_msgs/msg/detail/ackermann_drive__description.c
-- Installing: /workspace/jazzy_ws/install/include/ackermann_msgs/ackermann_msgs/msg/detail/ackermann_drive_stamped__type_support.h
-- Installing: /workspace/jazzy_ws/install/include/ackermann_msgs/ackermann_msgs/msg/detail/ackermann_drive_stamped__description.c
-- Installing: /workspace/jazzy_ws/install/include/ackermann_msgs/ackermann_msgs/msg/detail/ackermann_drive_stamped__struct.h
-- Installing: /workspace/jazzy_ws/install/include/ackermann_msgs/ackermann_msgs/msg/detail/ackermann_drive_stamped__type_support.c
-- Installing: /workspace/jazzy_ws/install/include/ackermann_msgs/ackermann_msgs/msg/detail/ackermann_drive__functions.h
-- Installing: /workspace/jazzy_ws/install/include/ackermann_msgs/ackermann_msgs/msg/ackermann_drive_stamped.h
-- Installing: /workspace/jazzy_ws/install/include/ackermann_msgs/ackermann_msgs/msg/ackermann_drive.h
-- Installing: /workspace/jazzy_ws/install/include/ackermann_msgs/ackermann_msgs/msg/rosidl_generator_c__visibility_control.h
-- Installing: /workspace/jazzy_ws/install/share/ackermann_msgs/environment/library_path.sh
-- Installing: /workspace/jazzy_ws/install/share/ackermann_msgs/environment/library_path.dsv
-- Installing: /workspace/jazzy_ws/install/lib/libackermann_msgs__rosidl_generator_c.so
-- Set non-toolchain portion of runtime path of "/workspace/jazzy_ws/install/lib/libackermann_msgs__rosidl_generator_c.so" to ""
-- Up-to-date: /workspace/jazzy_ws/install/include/ackermann_msgs/ackermann_msgs
-- Up-to-date: /workspace/jazzy_ws/install/include/ackermann_msgs/ackermann_msgs/msg
-- Up-to-date: /workspace/jazzy_ws/install/include/ackermann_msgs/ackermann_msgs/msg/detail
-- Installing: /workspace/jazzy_ws/install/include/ackermann_msgs/ackermann_msgs/msg/detail/ackermann_drive__rosidl_typesupport_fastrtps_c.h
-- Installing: /workspace/jazzy_ws/install/include/ackermann_msgs/ackermann_msgs/msg/detail/ackermann_drive_stamped__rosidl_typesupport_fastrtps_c.h
-- Installing: /workspace/jazzy_ws/install/include/ackermann_msgs/ackermann_msgs/msg/rosidl_typesupport_fastrtps_c__visibility_control.h
-- Installing: /workspace/jazzy_ws/install/lib/libackermann_msgs__rosidl_typesupport_fastrtps_c.so
-- Set non-toolchain portion of runtime path of "/workspace/jazzy_ws/install/lib/libackermann_msgs__rosidl_typesupport_fastrtps_c.so" to ""
-- Up-to-date: /workspace/jazzy_ws/install/include/ackermann_msgs/ackermann_msgs
-- Up-to-date: /workspace/jazzy_ws/install/include/ackermann_msgs/ackermann_msgs/msg
-- Up-to-date: /workspace/jazzy_ws/install/include/ackermann_msgs/ackermann_msgs/msg/detail
-- Installing: /workspace/jazzy_ws/install/include/ackermann_msgs/ackermann_msgs/msg/detail/ackermann_drive__rosidl_typesupport_introspection_c.h
-- Up-to-date: /workspace/jazzy_ws/install/include/ackermann_msgs/ackermann_msgs/msg/detail/ackermann_drive__type_support.c
-- Installing: /workspace/jazzy_ws/install/include/ackermann_msgs/ackermann_msgs/msg/detail/ackermann_drive_stamped__rosidl_typesupport_introspection_c.h
-- Up-to-date: /workspace/jazzy_ws/install/include/ackermann_msgs/ackermann_msgs/msg/detail/ackermann_drive_stamped__type_support.c
-- Installing: /workspace/jazzy_ws/install/include/ackermann_msgs/ackermann_msgs/msg/rosidl_typesupport_introspection_c__visibility_control.h
-- Installing: /workspace/jazzy_ws/install/lib/libackermann_msgs__rosidl_typesupport_introspection_c.so
-- Set non-toolchain portion of runtime path of "/workspace/jazzy_ws/install/lib/libackermann_msgs__rosidl_typesupport_introspection_c.so" to ""
-- Installing: /workspace/jazzy_ws/install/lib/libackermann_msgs__rosidl_typesupport_c.so
-- Set non-toolchain portion of runtime path of "/workspace/jazzy_ws/install/lib/libackermann_msgs__rosidl_typesupport_c.so" to ""
-- Up-to-date: /workspace/jazzy_ws/install/include/ackermann_msgs/ackermann_msgs
-- Up-to-date: /workspace/jazzy_ws/install/include/ackermann_msgs/ackermann_msgs/msg
-- Up-to-date: /workspace/jazzy_ws/install/include/ackermann_msgs/ackermann_msgs/msg/detail
-- Installing: /workspace/jazzy_ws/install/include/ackermann_msgs/ackermann_msgs/msg/detail/ackermann_drive_stamped__struct.hpp
-- Installing: /workspace/jazzy_ws/install/include/ackermann_msgs/ackermann_msgs/msg/detail/ackermann_drive_stamped__type_support.hpp
-- Installing: /workspace/jazzy_ws/install/include/ackermann_msgs/ackermann_msgs/msg/detail/ackermann_drive__builder.hpp
-- Installing: /workspace/jazzy_ws/install/include/ackermann_msgs/ackermann_msgs/msg/detail/ackermann_drive__struct.hpp
-- Installing: /workspace/jazzy_ws/install/include/ackermann_msgs/ackermann_msgs/msg/detail/ackermann_drive__type_support.hpp
-- Installing: /workspace/jazzy_ws/install/include/ackermann_msgs/ackermann_msgs/msg/detail/ackermann_drive_stamped__builder.hpp
-- Installing: /workspace/jazzy_ws/install/include/ackermann_msgs/ackermann_msgs/msg/detail/ackermann_drive_stamped__traits.hpp
-- Installing: /workspace/jazzy_ws/install/include/ackermann_msgs/ackermann_msgs/msg/detail/ackermann_drive__traits.hpp
-- Installing: /workspace/jazzy_ws/install/include/ackermann_msgs/ackermann_msgs/msg/ackermann_drive_stamped.hpp
-- Installing: /workspace/jazzy_ws/install/include/ackermann_msgs/ackermann_msgs/msg/rosidl_generator_cpp__visibility_control.hpp
-- Installing: /workspace/jazzy_ws/install/include/ackermann_msgs/ackermann_msgs/msg/ackermann_drive.hpp
-- Up-to-date: /workspace/jazzy_ws/install/include/ackermann_msgs/ackermann_msgs
-- Up-to-date: /workspace/jazzy_ws/install/include/ackermann_msgs/ackermann_msgs/msg
-- Up-to-date: /workspace/jazzy_ws/install/include/ackermann_msgs/ackermann_msgs/msg/detail
-- Installing: /workspace/jazzy_ws/install/include/ackermann_msgs/ackermann_msgs/msg/detail/ackermann_drive_stamped__rosidl_typesupport_fastrtps_cpp.hpp
-- Installing: /workspace/jazzy_ws/install/include/ackermann_msgs/ackermann_msgs/msg/detail/ackermann_drive__rosidl_typesupport_fastrtps_cpp.hpp
-- Installing: /workspace/jazzy_ws/install/include/ackermann_msgs/ackermann_msgs/msg/detail/dds_fastrtps
-- Installing: /workspace/jazzy_ws/install/include/ackermann_msgs/ackermann_msgs/msg/rosidl_typesupport_fastrtps_cpp__visibility_control.h
-- Installing: /workspace/jazzy_ws/install/lib/libackermann_msgs__rosidl_typesupport_fastrtps_cpp.so
-- Set non-toolchain portion of runtime path of "/workspace/jazzy_ws/install/lib/libackermann_msgs__rosidl_typesupport_fastrtps_cpp.so" to ""
-- Up-to-date: /workspace/jazzy_ws/install/include/ackermann_msgs/ackermann_msgs
-- Up-to-date: /workspace/jazzy_ws/install/include/ackermann_msgs/ackermann_msgs/msg
-- Up-to-date: /workspace/jazzy_ws/install/include/ackermann_msgs/ackermann_msgs/msg/detail
-- Installing: /workspace/jazzy_ws/install/include/ackermann_msgs/ackermann_msgs/msg/detail/ackermann_drive_stamped__type_support.cpp
-- Installing: /workspace/jazzy_ws/install/include/ackermann_msgs/ackermann_msgs/msg/detail/ackermann_drive__rosidl_typesupport_introspection_cpp.hpp
-- Installing: /workspace/jazzy_ws/install/include/ackermann_msgs/ackermann_msgs/msg/detail/ackermann_drive__type_support.cpp
-- Installing: /workspace/jazzy_ws/install/include/ackermann_msgs/ackermann_msgs/msg/detail/ackermann_drive_stamped__rosidl_typesupport_introspection_cpp.hpp
-- Installing: /workspace/jazzy_ws/install/lib/libackermann_msgs__rosidl_typesupport_introspection_cpp.so
-- Set non-toolchain portion of runtime path of "/workspace/jazzy_ws/install/lib/libackermann_msgs__rosidl_typesupport_introspection_cpp.so" to ""
-- Installing: /workspace/jazzy_ws/install/lib/libackermann_msgs__rosidl_typesupport_cpp.so
-- Set non-toolchain portion of runtime path of "/workspace/jazzy_ws/install/lib/libackermann_msgs__rosidl_typesupport_cpp.so" to ""
-- Installing: /workspace/jazzy_ws/install/share/ackermann_msgs/environment/pythonpath.sh
-- Installing: /workspace/jazzy_ws/install/share/ackermann_msgs/environment/pythonpath.dsv
-- Installing: /workspace/jazzy_ws/install/lib/python3.12/site-packages/ackermann_msgs-2.0.2-py3.12.egg-info
-- Installing: /workspace/jazzy_ws/install/lib/python3.12/site-packages/ackermann_msgs-2.0.2-py3.12.egg-info/PKG-INFO
-- Installing: /workspace/jazzy_ws/install/lib/python3.12/site-packages/ackermann_msgs-2.0.2-py3.12.egg-info/SOURCES.txt
-- Installing: /workspace/jazzy_ws/install/lib/python3.12/site-packages/ackermann_msgs-2.0.2-py3.12.egg-info/top_level.txt
-- Installing: /workspace/jazzy_ws/install/lib/python3.12/site-packages/ackermann_msgs-2.0.2-py3.12.egg-info/dependency_links.txt
-- Installing: /workspace/jazzy_ws/install/lib/python3.12/site-packages/ackermann_msgs
-- Installing: /workspace/jazzy_ws/install/lib/python3.12/site-packages/ackermann_msgs/msg
-- Installing: /workspace/jazzy_ws/install/lib/python3.12/site-packages/ackermann_msgs/msg/_ackermann_drive_stamped.py
-- Installing: /workspace/jazzy_ws/install/lib/python3.12/site-packages/ackermann_msgs/msg/__init__.py
-- Installing: /workspace/jazzy_ws/install/lib/python3.12/site-packages/ackermann_msgs/msg/_ackermann_drive_stamped_s.c
-- Installing: /workspace/jazzy_ws/install/lib/python3.12/site-packages/ackermann_msgs/msg/_ackermann_drive_s.c
-- Installing: /workspace/jazzy_ws/install/lib/python3.12/site-packages/ackermann_msgs/msg/_ackermann_drive.py
-- Installing: /workspace/jazzy_ws/install/lib/python3.12/site-packages/ackermann_msgs/ackermann_msgs_s__rosidl_typesupport_fastrtps_c.so
-- Installing: /workspace/jazzy_ws/install/lib/python3.12/site-packages/ackermann_msgs/__init__.py
-- Installing: /workspace/jazzy_ws/install/lib/python3.12/site-packages/ackermann_msgs/ackermann_msgs_s__rosidl_typesupport_c.so
-- Installing: /workspace/jazzy_ws/install/lib/python3.12/site-packages/ackermann_msgs/_ackermann_msgs_s.ep.rosidl_typesupport_introspection_c.c
-- Installing: /workspace/jazzy_ws/install/lib/python3.12/site-packages/ackermann_msgs/_ackermann_msgs_s.ep.rosidl_typesupport_c.c
-- Installing: /workspace/jazzy_ws/install/lib/python3.12/site-packages/ackermann_msgs/_ackermann_msgs_s.ep.rosidl_typesupport_fastrtps_c.c
-- Installing: /workspace/jazzy_ws/install/lib/python3.12/site-packages/ackermann_msgs/ackermann_msgs_s__rosidl_typesupport_introspection_c.so
Listing '/workspace/jazzy_ws/install/lib/python3.12/site-packages/ackermann_msgs'...
Compiling '/workspace/jazzy_ws/install/lib/python3.12/site-packages/ackermann_msgs/__init__.py'...
Listing '/workspace/jazzy_ws/install/lib/python3.12/site-packages/ackermann_msgs/msg'...
Compiling '/workspace/jazzy_ws/install/lib/python3.12/site-packages/ackermann_msgs/msg/__init__.py'...
Compiling '/workspace/jazzy_ws/install/lib/python3.12/site-packages/ackermann_msgs/msg/_ackermann_drive.py'...
Compiling '/workspace/jazzy_ws/install/lib/python3.12/site-packages/ackermann_msgs/msg/_ackermann_drive_stamped.py'...
-- Installing: /workspace/jazzy_ws/install/lib/python3.12/site-packages/ackermann_msgs/ackermann_msgs_s__rosidl_typesupport_fastrtps_c.so
-- Set non-toolchain portion of runtime path of "/workspace/jazzy_ws/install/lib/python3.12/site-packages/ackermann_msgs/ackermann_msgs_s__rosidl_typesupport_fastrtps_c.so" to ""
-- Installing: /workspace/jazzy_ws/install/lib/python3.12/site-packages/ackermann_msgs/ackermann_msgs_s__rosidl_typesupport_introspection_c.so
-- Set non-toolchain portion of runtime path of "/workspace/jazzy_ws/install/lib/python3.12/site-packages/ackermann_msgs/ackermann_msgs_s__rosidl_typesupport_introspection_c.so" to ""
-- Installing: /workspace/jazzy_ws/install/lib/python3.12/site-packages/ackermann_msgs/ackermann_msgs_s__rosidl_typesupport_c.so
-- Set non-toolchain portion of runtime path of "/workspace/jazzy_ws/install/lib/python3.12/site-packages/ackermann_msgs/ackermann_msgs_s__rosidl_typesupport_c.so" to ""
-- Installing: /workspace/jazzy_ws/install/lib/libackermann_msgs__rosidl_generator_py.so
-- Set non-toolchain portion of runtime path of "/workspace/jazzy_ws/install/lib/libackermann_msgs__rosidl_generator_py.so" to ""
-- Installing: /workspace/jazzy_ws/install/share/ackermann_msgs/msg/AckermannDrive.idl
-- Installing: /workspace/jazzy_ws/install/share/ackermann_msgs/msg/AckermannDriveStamped.idl
-- Installing: /workspace/jazzy_ws/install/share/ackermann_msgs/msg/AckermannDrive.msg
-- Installing: /workspace/jazzy_ws/install/share/ackermann_msgs/msg/AckermannDriveStamped.msg
-- Installing: /workspace/jazzy_ws/install/share/ament_index/resource_index/package_run_dependencies/ackermann_msgs
-- Installing: /workspace/jazzy_ws/install/share/ament_index/resource_index/parent_prefix_path/ackermann_msgs
-- Installing: /workspace/jazzy_ws/install/share/ackermann_msgs/environment/ament_prefix_path.sh
-- Installing: /workspace/jazzy_ws/install/share/ackermann_msgs/environment/ament_prefix_path.dsv
-- Installing: /workspace/jazzy_ws/install/share/ackermann_msgs/environment/path.sh
-- Installing: /workspace/jazzy_ws/install/share/ackermann_msgs/environment/path.dsv
-- Installing: /workspace/jazzy_ws/install/share/ackermann_msgs/local_setup.bash
-- Installing: /workspace/jazzy_ws/install/share/ackermann_msgs/local_setup.sh
-- Installing: /workspace/jazzy_ws/install/share/ackermann_msgs/local_setup.zsh
-- Installing: /workspace/jazzy_ws/install/share/ackermann_msgs/local_setup.dsv
-- Installing: /workspace/jazzy_ws/install/share/ackermann_msgs/package.dsv
-- Installing: /workspace/jazzy_ws/install/share/ament_index/resource_index/packages/ackermann_msgs
-- Installing: /workspace/jazzy_ws/install/share/ackermann_msgs/cmake/export_ackermann_msgs__rosidl_generator_cExport.cmake
-- Installing: /workspace/jazzy_ws/install/share/ackermann_msgs/cmake/export_ackermann_msgs__rosidl_generator_cExport-noconfig.cmake
-- Installing: /workspace/jazzy_ws/install/share/ackermann_msgs/cmake/export_ackermann_msgs__rosidl_typesupport_fastrtps_cExport.cmake
-- Installing: /workspace/jazzy_ws/install/share/ackermann_msgs/cmake/export_ackermann_msgs__rosidl_typesupport_fastrtps_cExport-noconfig.cmake
-- Installing: /workspace/jazzy_ws/install/share/ackermann_msgs/cmake/ackermann_msgs__rosidl_typesupport_introspection_cExport.cmake
-- Installing: /workspace/jazzy_ws/install/share/ackermann_msgs/cmake/ackermann_msgs__rosidl_typesupport_introspection_cExport-noconfig.cmake
-- Installing: /workspace/jazzy_ws/install/share/ackermann_msgs/cmake/ackermann_msgs__rosidl_typesupport_cExport.cmake
-- Installing: /workspace/jazzy_ws/install/share/ackermann_msgs/cmake/ackermann_msgs__rosidl_typesupport_cExport-noconfig.cmake
-- Installing: /workspace/jazzy_ws/install/share/ackermann_msgs/cmake/export_ackermann_msgs__rosidl_generator_cppExport.cmake
-- Installing: /workspace/jazzy_ws/install/share/ackermann_msgs/cmake/export_ackermann_msgs__rosidl_typesupport_fastrtps_cppExport.cmake
-- Installing: /workspace/jazzy_ws/install/share/ackermann_msgs/cmake/export_ackermann_msgs__rosidl_typesupport_fastrtps_cppExport-noconfig.cmake
-- Installing: /workspace/jazzy_ws/install/share/ackermann_msgs/cmake/ackermann_msgs__rosidl_typesupport_introspection_cppExport.cmake
-- Installing: /workspace/jazzy_ws/install/share/ackermann_msgs/cmake/ackermann_msgs__rosidl_typesupport_introspection_cppExport-noconfig.cmake
-- Installing: /workspace/jazzy_ws/install/share/ackermann_msgs/cmake/ackermann_msgs__rosidl_typesupport_cppExport.cmake
-- Installing: /workspace/jazzy_ws/install/share/ackermann_msgs/cmake/ackermann_msgs__rosidl_typesupport_cppExport-noconfig.cmake
-- Installing: /workspace/jazzy_ws/install/share/ackermann_msgs/cmake/export_ackermann_msgs__rosidl_generator_pyExport.cmake
-- Installing: /workspace/jazzy_ws/install/share/ackermann_msgs/cmake/export_ackermann_msgs__rosidl_generator_pyExport-noconfig.cmake
-- Installing: /workspace/jazzy_ws/install/share/ackermann_msgs/cmake/rosidl_cmake-extras.cmake
-- Installing: /workspace/jazzy_ws/install/share/ackermann_msgs/cmake/ament_cmake_export_dependencies-extras.cmake
-- Installing: /workspace/jazzy_ws/install/share/ackermann_msgs/cmake/ament_cmake_export_include_directories-extras.cmake
-- Installing: /workspace/jazzy_ws/install/share/ackermann_msgs/cmake/ament_cmake_export_libraries-extras.cmake
-- Installing: /workspace/jazzy_ws/install/share/ackermann_msgs/cmake/ament_cmake_export_targets-extras.cmake
-- Installing: /workspace/jazzy_ws/install/share/ackermann_msgs/cmake/rosidl_cmake_export_typesupport_targets-extras.cmake
-- Installing: /workspace/jazzy_ws/install/share/ackermann_msgs/cmake/rosidl_cmake_export_typesupport_libraries-extras.cmake
-- Installing: /workspace/jazzy_ws/install/share/ackermann_msgs/cmake/ackermann_msgsConfig.cmake
-- Installing: /workspace/jazzy_ws/install/share/ackermann_msgs/cmake/ackermann_msgsConfig-version.cmake
-- Installing: /workspace/jazzy_ws/install/share/ackermann_msgs/package.xml
