[0.116s] Invoking command in '/workspace/jazzy_ws/build/ackermann_msgs': AMENT_PREFIX_PATH=/workspace/jazzy_ws/install CMAKE_PREFIX_PATH=/workspace/jazzy_ws/install LD_LIBRARY_PATH=/workspace/jazzy_ws/install/lib:/workspace/jazzy_ws/install/opt/mimick_vendor/lib PATH=/workspace/jazzy_ws/install/bin:/workspace/jazzy_ws/install/opt/uncrustify_vendor/bin:${PATH} PKG_CONFIG_PATH=/workspace/jazzy_ws/install/lib/x86_64-linux-gnu/pkgconfig:/workspace/jazzy_ws/install/lib/pkgconfig PYTHONPATH=/workspace/jazzy_ws/install/lib/python3.12/site-packages /usr/bin/cmake /workspace/jazzy_ws/src/ackermann_msgs -DCMAKE_INSTALL_PREFIX=/workspace/jazzy_ws/install
[0.154s] -- The C compiler identification is GNU 13.3.0
[0.194s] -- The CXX compiler identification is GNU 13.3.0
[0.204s] -- Detecting C compiler ABI info
[0.260s] -- Detecting C compiler ABI info - done
[0.268s] -- Check for working C compiler: /usr/bin/cc - skipped
[0.283s] -- Detecting C compile features
[0.283s] -- Detecting C compile features - done
[0.283s] -- Detecting CXX compiler ABI info
[0.337s] -- Detecting CXX compiler ABI info - done
[0.344s] -- Check for working CXX compiler: /usr/bin/c++ - skipped
[0.344s] -- Detecting CXX compile features
[0.344s] -- Detecting CXX compile features - done
[0.345s] -- Found ament_cmake: 2.5.5 (/workspace/jazzy_ws/install/share/ament_cmake/cmake)
[0.426s] -- Found Python3: /usr/bin/python3 (found version "3.12.3") found components: Interpreter 
[0.490s] -- Found rosidl_default_generators: 1.6.0 (/workspace/jazzy_ws/install/share/rosidl_default_generators/cmake)
[0.493s] -- Using all available rosidl_typesupport_c: rosidl_typesupport_fastrtps_c;rosidl_typesupport_introspection_c
[0.518s] -- Using all available rosidl_typesupport_cpp: rosidl_typesupport_fastrtps_cpp;rosidl_typesupport_introspection_cpp
[0.542s] -- Found rosidl_adapter: 4.6.7 (/workspace/jazzy_ws/install/share/rosidl_adapter/cmake)
[0.544s] -- Found std_msgs: 5.3.6 (/workspace/jazzy_ws/install/share/std_msgs/cmake)
[0.951s] -- Found ament_cmake_cppcheck: 0.17.4 (/workspace/jazzy_ws/install/share/ament_cmake_cppcheck/cmake)
[0.951s] -- Found ament_cmake_cpplint: 0.17.4 (/workspace/jazzy_ws/install/share/ament_cmake_cpplint/cmake)
[0.952s] -- Found ament_cmake_uncrustify: 0.17.4 (/workspace/jazzy_ws/install/share/ament_cmake_uncrustify/cmake)
[0.953s] -- Found ament_cmake_ros: 0.12.0 (/workspace/jazzy_ws/install/share/ament_cmake_ros/cmake)
[1.209s] -- Using all available rosidl_typesupport_c: rosidl_typesupport_fastrtps_c;rosidl_typesupport_introspection_c
[1.590s] -- Using all available rosidl_typesupport_cpp: rosidl_typesupport_fastrtps_cpp;rosidl_typesupport_introspection_cpp
[1.591s] -- Found python_cmake_module: 0.11.1 (/workspace/jazzy_ws/install/share/python_cmake_module/cmake)
[1.737s] -- Found PythonExtra: /usr/bin/python3  
[2.141s] -- Found Python3: /usr/bin/python3 (found version "3.12.3") found components: Interpreter Development NumPy Development.Module Development.Embed 
[2.183s] -- Found ament_cmake_flake8: 0.17.4 (/workspace/jazzy_ws/install/share/ament_cmake_flake8/cmake)
[2.184s] -- Found ament_cmake_pep257: 0.17.4 (/workspace/jazzy_ws/install/share/ament_cmake_pep257/cmake)
[2.190s] -- Configuring done (2.1s)
[2.280s] -- Generating done (0.1s)
[2.290s] -- Build files have been written to: /workspace/jazzy_ws/build/ackermann_msgs
[2.298s] Invoked command in '/workspace/jazzy_ws/build/ackermann_msgs' returned '0': AMENT_PREFIX_PATH=/workspace/jazzy_ws/install CMAKE_PREFIX_PATH=/workspace/jazzy_ws/install LD_LIBRARY_PATH=/workspace/jazzy_ws/install/lib:/workspace/jazzy_ws/install/opt/mimick_vendor/lib PATH=/workspace/jazzy_ws/install/bin:/workspace/jazzy_ws/install/opt/uncrustify_vendor/bin:${PATH} PKG_CONFIG_PATH=/workspace/jazzy_ws/install/lib/x86_64-linux-gnu/pkgconfig:/workspace/jazzy_ws/install/lib/pkgconfig PYTHONPATH=/workspace/jazzy_ws/install/lib/python3.12/site-packages /usr/bin/cmake /workspace/jazzy_ws/src/ackermann_msgs -DCMAKE_INSTALL_PREFIX=/workspace/jazzy_ws/install
[2.298s] Invoking command in '/workspace/jazzy_ws/build/ackermann_msgs': AMENT_PREFIX_PATH=/workspace/jazzy_ws/install CMAKE_PREFIX_PATH=/workspace/jazzy_ws/install LD_LIBRARY_PATH=/workspace/jazzy_ws/install/lib:/workspace/jazzy_ws/install/opt/mimick_vendor/lib PATH=/workspace/jazzy_ws/install/bin:/workspace/jazzy_ws/install/opt/uncrustify_vendor/bin:${PATH} PKG_CONFIG_PATH=/workspace/jazzy_ws/install/lib/x86_64-linux-gnu/pkgconfig:/workspace/jazzy_ws/install/lib/pkgconfig PYTHONPATH=/workspace/jazzy_ws/install/lib/python3.12/site-packages /usr/bin/cmake --build /workspace/jazzy_ws/build/ackermann_msgs -- -j24 -l24
[2.331s] [  2%] Generating type hashes for ROS interfaces
[2.336s] [  2%] Built target ament_cmake_python_copy_ackermann_msgs
[2.462s] running egg_info
[2.468s] creating ackermann_msgs.egg-info
[2.468s] writing ackermann_msgs.egg-info/PKG-INFO
[2.468s] writing dependency_links to ackermann_msgs.egg-info/dependency_links.txt
[2.468s] writing top-level names to ackermann_msgs.egg-info/top_level.txt
[2.468s] writing manifest file 'ackermann_msgs.egg-info/SOURCES.txt'
[2.488s] reading manifest file 'ackermann_msgs.egg-info/SOURCES.txt'
[2.488s] writing manifest file 'ackermann_msgs.egg-info/SOURCES.txt'
[2.508s] [  2%] Built target ament_cmake_python_build_ackermann_msgs_egg
[2.511s] [  2%] Built target ackermann_msgs__rosidl_generator_type_description
[2.518s] [  4%] Generating C code for ROS interfaces
[2.525s] [  6%] Generating C++ code for ROS interfaces
[2.729s] [  6%] Built target ackermann_msgs__cpp
[2.746s] [ 13%] Building C object CMakeFiles/ackermann_msgs__rosidl_generator_c.dir/rosidl_generator_c/ackermann_msgs/msg/detail/ackermann_drive__description.c.o
[2.746s] [ 13%] Building C object CMakeFiles/ackermann_msgs__rosidl_generator_c.dir/rosidl_generator_c/ackermann_msgs/msg/detail/ackermann_drive__type_support.c.o
[2.746s] [ 18%] Building C object CMakeFiles/ackermann_msgs__rosidl_generator_c.dir/rosidl_generator_c/ackermann_msgs/msg/detail/ackermann_drive__functions.c.o
[2.746s] [ 18%] Building C object CMakeFiles/ackermann_msgs__rosidl_generator_c.dir/rosidl_generator_c/ackermann_msgs/msg/detail/ackermann_drive_stamped__description.c.o
[2.746s] [ 18%] Building C object CMakeFiles/ackermann_msgs__rosidl_generator_c.dir/rosidl_generator_c/ackermann_msgs/msg/detail/ackermann_drive_stamped__functions.c.o
[2.746s] [ 20%] Building C object CMakeFiles/ackermann_msgs__rosidl_generator_c.dir/rosidl_generator_c/ackermann_msgs/msg/detail/ackermann_drive_stamped__type_support.c.o
[2.778s] [ 22%] Linking C shared library libackermann_msgs__rosidl_generator_c.so
[2.802s] [ 22%] Built target ackermann_msgs__rosidl_generator_c
[2.808s] [ 29%] Generating C introspection for ROS interfaces
[2.808s] [ 29%] Generating C++ type support dispatch for ROS interfaces
[2.808s] [ 29%] Generating C type support for eProsima Fast-RTPS
[2.808s] [ 31%] Generating C++ type support for eProsima Fast-RTPS
[2.808s] [ 34%] Generating C type support dispatch for ROS interfaces
[2.808s] [ 36%] Generating C++ introspection for ROS interfaces
[3.018s] [ 38%] Building CXX object CMakeFiles/ackermann_msgs__rosidl_typesupport_c.dir/rosidl_typesupport_c/ackermann_msgs/msg/ackermann_drive__type_support.cpp.o
[3.018s] [ 40%] Building CXX object CMakeFiles/ackermann_msgs__rosidl_typesupport_c.dir/rosidl_typesupport_c/ackermann_msgs/msg/ackermann_drive_stamped__type_support.cpp.o
[3.023s] [ 43%] Building CXX object CMakeFiles/ackermann_msgs__rosidl_typesupport_cpp.dir/rosidl_typesupport_cpp/ackermann_msgs/msg/ackermann_drive__type_support.cpp.o
[3.024s] [ 45%] Building CXX object CMakeFiles/ackermann_msgs__rosidl_typesupport_cpp.dir/rosidl_typesupport_cpp/ackermann_msgs/msg/ackermann_drive_stamped__type_support.cpp.o
[3.034s] [ 50%] Building C object CMakeFiles/ackermann_msgs__rosidl_typesupport_introspection_c.dir/rosidl_typesupport_introspection_c/ackermann_msgs/msg/detail/ackermann_drive_stamped__type_support.c.o
[3.034s] [ 50%] Building C object CMakeFiles/ackermann_msgs__rosidl_typesupport_introspection_c.dir/rosidl_typesupport_introspection_c/ackermann_msgs/msg/detail/ackermann_drive__type_support.c.o
[3.051s] [ 52%] Linking CXX shared library libackermann_msgs__rosidl_typesupport_c.so
[3.053s] [ 56%] Building CXX object CMakeFiles/ackermann_msgs__rosidl_typesupport_introspection_cpp.dir/rosidl_typesupport_introspection_cpp/ackermann_msgs/msg/detail/ackermann_drive__type_support.cpp.o
[3.053s] [ 56%] Building CXX object CMakeFiles/ackermann_msgs__rosidl_typesupport_fastrtps_cpp.dir/rosidl_typesupport_fastrtps_cpp/ackermann_msgs/msg/detail/dds_fastrtps/ackermann_drive__type_support.cpp.o
[3.053s] [ 59%] Building CXX object CMakeFiles/ackermann_msgs__rosidl_typesupport_fastrtps_cpp.dir/rosidl_typesupport_fastrtps_cpp/ackermann_msgs/msg/detail/dds_fastrtps/ackermann_drive_stamped__type_support.cpp.o
[3.053s] [ 61%] Building CXX object CMakeFiles/ackermann_msgs__rosidl_typesupport_introspection_cpp.dir/rosidl_typesupport_introspection_cpp/ackermann_msgs/msg/detail/ackermann_drive_stamped__type_support.cpp.o
[3.058s] [ 63%] Building CXX object CMakeFiles/ackermann_msgs__rosidl_typesupport_fastrtps_c.dir/rosidl_typesupport_fastrtps_c/ackermann_msgs/msg/detail/ackermann_drive__type_support_c.cpp.o
[3.058s] [ 65%] Building CXX object CMakeFiles/ackermann_msgs__rosidl_typesupport_fastrtps_c.dir/rosidl_typesupport_fastrtps_c/ackermann_msgs/msg/detail/ackermann_drive_stamped__type_support_c.cpp.o
[3.059s] [ 68%] Linking C shared library libackermann_msgs__rosidl_typesupport_introspection_c.so
[3.084s] [ 68%] Built target ackermann_msgs__rosidl_typesupport_introspection_c
[3.086s] [ 68%] Built target ackermann_msgs__rosidl_typesupport_c
[3.269s] [ 70%] Linking CXX shared library libackermann_msgs__rosidl_typesupport_cpp.so
[3.289s] [ 72%] Linking CXX shared library libackermann_msgs__rosidl_typesupport_introspection_cpp.so
[3.302s] [ 72%] Built target ackermann_msgs__rosidl_typesupport_cpp
[3.350s] [ 72%] Built target ackermann_msgs__rosidl_typesupport_introspection_cpp
[3.375s] [ 75%] Linking CXX shared library libackermann_msgs__rosidl_typesupport_fastrtps_cpp.so
[3.384s] [ 77%] Linking CXX shared library libackermann_msgs__rosidl_typesupport_fastrtps_c.so
[3.415s] [ 77%] Built target ackermann_msgs__rosidl_typesupport_fastrtps_cpp
[3.423s] [ 77%] Built target ackermann_msgs__rosidl_typesupport_fastrtps_c
[3.438s] [ 77%] Built target ackermann_msgs
[3.473s] [ 79%] Generating Python code for ROS interfaces
[3.770s] [ 79%] Built target ackermann_msgs__py
[3.781s] [ 81%] Building C object CMakeFiles/ackermann_msgs__rosidl_generator_py.dir/rosidl_generator_py/ackermann_msgs/msg/_ackermann_drive_s.c.o
[3.781s] [ 84%] Building C object CMakeFiles/ackermann_msgs__rosidl_generator_py.dir/rosidl_generator_py/ackermann_msgs/msg/_ackermann_drive_stamped_s.c.o
[3.863s] [ 86%] Linking C shared library libackermann_msgs__rosidl_generator_py.so
[3.893s] [ 86%] Built target ackermann_msgs__rosidl_generator_py
[3.904s] [ 88%] Building C object CMakeFiles/ackermann_msgs_s__rosidl_typesupport_c.dir/rosidl_generator_py/ackermann_msgs/_ackermann_msgs_s.ep.rosidl_typesupport_c.c.o
[3.904s] [ 90%] Building C object CMakeFiles/ackermann_msgs_s__rosidl_typesupport_introspection_c.dir/rosidl_generator_py/ackermann_msgs/_ackermann_msgs_s.ep.rosidl_typesupport_introspection_c.c.o
[3.905s] [ 93%] Building C object CMakeFiles/ackermann_msgs_s__rosidl_typesupport_fastrtps_c.dir/rosidl_generator_py/ackermann_msgs/_ackermann_msgs_s.ep.rosidl_typesupport_fastrtps_c.c.o
[3.978s] [ 95%] Linking C shared module rosidl_generator_py/ackermann_msgs/ackermann_msgs_s__rosidl_typesupport_c.so
[3.979s] [ 97%] Linking C shared module rosidl_generator_py/ackermann_msgs/ackermann_msgs_s__rosidl_typesupport_introspection_c.so
[3.982s] [100%] Linking C shared module rosidl_generator_py/ackermann_msgs/ackermann_msgs_s__rosidl_typesupport_fastrtps_c.so
[4.000s] [100%] Built target ackermann_msgs_s__rosidl_typesupport_c
[4.000s] [100%] Built target ackermann_msgs_s__rosidl_typesupport_introspection_c
[4.003s] [100%] Built target ackermann_msgs_s__rosidl_typesupport_fastrtps_c
[4.011s] Invoked command in '/workspace/jazzy_ws/build/ackermann_msgs' returned '0': AMENT_PREFIX_PATH=/workspace/jazzy_ws/install CMAKE_PREFIX_PATH=/workspace/jazzy_ws/install LD_LIBRARY_PATH=/workspace/jazzy_ws/install/lib:/workspace/jazzy_ws/install/opt/mimick_vendor/lib PATH=/workspace/jazzy_ws/install/bin:/workspace/jazzy_ws/install/opt/uncrustify_vendor/bin:${PATH} PKG_CONFIG_PATH=/workspace/jazzy_ws/install/lib/x86_64-linux-gnu/pkgconfig:/workspace/jazzy_ws/install/lib/pkgconfig PYTHONPATH=/workspace/jazzy_ws/install/lib/python3.12/site-packages /usr/bin/cmake --build /workspace/jazzy_ws/build/ackermann_msgs -- -j24 -l24
[4.012s] Invoking command in '/workspace/jazzy_ws/build/ackermann_msgs': AMENT_PREFIX_PATH=/workspace/jazzy_ws/install CMAKE_PREFIX_PATH=/workspace/jazzy_ws/install LD_LIBRARY_PATH=/workspace/jazzy_ws/install/lib:/workspace/jazzy_ws/install/opt/mimick_vendor/lib PATH=/workspace/jazzy_ws/install/bin:/workspace/jazzy_ws/install/opt/uncrustify_vendor/bin:${PATH} PKG_CONFIG_PATH=/workspace/jazzy_ws/install/lib/x86_64-linux-gnu/pkgconfig:/workspace/jazzy_ws/install/lib/pkgconfig PYTHONPATH=/workspace/jazzy_ws/install/lib/python3.12/site-packages /usr/bin/cmake --install /workspace/jazzy_ws/build/ackermann_msgs
[4.018s] -- Install configuration: ""
[4.018s] -- Installing: /workspace/jazzy_ws/install/share/ament_index/resource_index/rosidl_interfaces/ackermann_msgs
[4.018s] -- Installing: /workspace/jazzy_ws/install/share/ackermann_msgs/msg/AckermannDrive.json
[4.018s] -- Installing: /workspace/jazzy_ws/install/share/ackermann_msgs/msg/AckermannDriveStamped.json
[4.018s] -- Installing: /workspace/jazzy_ws/install/include/ackermann_msgs/ackermann_msgs
[4.018s] -- Installing: /workspace/jazzy_ws/install/include/ackermann_msgs/ackermann_msgs/msg
[4.018s] -- Installing: /workspace/jazzy_ws/install/include/ackermann_msgs/ackermann_msgs/msg/detail
[4.018s] -- Installing: /workspace/jazzy_ws/install/include/ackermann_msgs/ackermann_msgs/msg/detail/ackermann_drive__functions.c
[4.018s] -- Installing: /workspace/jazzy_ws/install/include/ackermann_msgs/ackermann_msgs/msg/detail/ackermann_drive_stamped__functions.c
[4.018s] -- Installing: /workspace/jazzy_ws/install/include/ackermann_msgs/ackermann_msgs/msg/detail/ackermann_drive__type_support.c
[4.019s] -- Installing: /workspace/jazzy_ws/install/include/ackermann_msgs/ackermann_msgs/msg/detail/ackermann_drive__type_support.h
[4.019s] -- Installing: /workspace/jazzy_ws/install/include/ackermann_msgs/ackermann_msgs/msg/detail/ackermann_drive__struct.h
[4.019s] -- Installing: /workspace/jazzy_ws/install/include/ackermann_msgs/ackermann_msgs/msg/detail/ackermann_drive_stamped__functions.h
[4.019s] -- Installing: /workspace/jazzy_ws/install/include/ackermann_msgs/ackermann_msgs/msg/detail/ackermann_drive__description.c
[4.019s] -- Installing: /workspace/jazzy_ws/install/include/ackermann_msgs/ackermann_msgs/msg/detail/ackermann_drive_stamped__type_support.h
[4.019s] -- Installing: /workspace/jazzy_ws/install/include/ackermann_msgs/ackermann_msgs/msg/detail/ackermann_drive_stamped__description.c
[4.019s] -- Installing: /workspace/jazzy_ws/install/include/ackermann_msgs/ackermann_msgs/msg/detail/ackermann_drive_stamped__struct.h
[4.019s] -- Installing: /workspace/jazzy_ws/install/include/ackermann_msgs/ackermann_msgs/msg/detail/ackermann_drive_stamped__type_support.c
[4.019s] -- Installing: /workspace/jazzy_ws/install/include/ackermann_msgs/ackermann_msgs/msg/detail/ackermann_drive__functions.h
[4.019s] -- Installing: /workspace/jazzy_ws/install/include/ackermann_msgs/ackermann_msgs/msg/ackermann_drive_stamped.h
[4.019s] -- Installing: /workspace/jazzy_ws/install/include/ackermann_msgs/ackermann_msgs/msg/ackermann_drive.h
[4.020s] -- Installing: /workspace/jazzy_ws/install/include/ackermann_msgs/ackermann_msgs/msg/rosidl_generator_c__visibility_control.h
[4.020s] -- Installing: /workspace/jazzy_ws/install/share/ackermann_msgs/environment/library_path.sh
[4.020s] -- Installing: /workspace/jazzy_ws/install/share/ackermann_msgs/environment/library_path.dsv
[4.020s] -- Installing: /workspace/jazzy_ws/install/lib/libackermann_msgs__rosidl_generator_c.so
[4.020s] -- Set non-toolchain portion of runtime path of "/workspace/jazzy_ws/install/lib/libackermann_msgs__rosidl_generator_c.so" to ""
[4.020s] -- Up-to-date: /workspace/jazzy_ws/install/include/ackermann_msgs/ackermann_msgs
[4.020s] -- Up-to-date: /workspace/jazzy_ws/install/include/ackermann_msgs/ackermann_msgs/msg
[4.020s] -- Up-to-date: /workspace/jazzy_ws/install/include/ackermann_msgs/ackermann_msgs/msg/detail
[4.021s] -- Installing: /workspace/jazzy_ws/install/include/ackermann_msgs/ackermann_msgs/msg/detail/ackermann_drive__rosidl_typesupport_fastrtps_c.h
[4.021s] -- Installing: /workspace/jazzy_ws/install/include/ackermann_msgs/ackermann_msgs/msg/detail/ackermann_drive_stamped__rosidl_typesupport_fastrtps_c.h
[4.021s] -- Installing: /workspace/jazzy_ws/install/include/ackermann_msgs/ackermann_msgs/msg/rosidl_typesupport_fastrtps_c__visibility_control.h
[4.021s] -- Installing: /workspace/jazzy_ws/install/lib/libackermann_msgs__rosidl_typesupport_fastrtps_c.so
[4.021s] -- Set non-toolchain portion of runtime path of "/workspace/jazzy_ws/install/lib/libackermann_msgs__rosidl_typesupport_fastrtps_c.so" to ""
[4.021s] -- Up-to-date: /workspace/jazzy_ws/install/include/ackermann_msgs/ackermann_msgs
[4.021s] -- Up-to-date: /workspace/jazzy_ws/install/include/ackermann_msgs/ackermann_msgs/msg
[4.021s] -- Up-to-date: /workspace/jazzy_ws/install/include/ackermann_msgs/ackermann_msgs/msg/detail
[4.021s] -- Installing: /workspace/jazzy_ws/install/include/ackermann_msgs/ackermann_msgs/msg/detail/ackermann_drive__rosidl_typesupport_introspection_c.h
[4.021s] -- Up-to-date: /workspace/jazzy_ws/install/include/ackermann_msgs/ackermann_msgs/msg/detail/ackermann_drive__type_support.c
[4.021s] -- Installing: /workspace/jazzy_ws/install/include/ackermann_msgs/ackermann_msgs/msg/detail/ackermann_drive_stamped__rosidl_typesupport_introspection_c.h
[4.021s] -- Up-to-date: /workspace/jazzy_ws/install/include/ackermann_msgs/ackermann_msgs/msg/detail/ackermann_drive_stamped__type_support.c
[4.021s] -- Installing: /workspace/jazzy_ws/install/include/ackermann_msgs/ackermann_msgs/msg/rosidl_typesupport_introspection_c__visibility_control.h
[4.021s] -- Installing: /workspace/jazzy_ws/install/lib/libackermann_msgs__rosidl_typesupport_introspection_c.so
[4.022s] -- Set non-toolchain portion of runtime path of "/workspace/jazzy_ws/install/lib/libackermann_msgs__rosidl_typesupport_introspection_c.so" to ""
[4.022s] -- Installing: /workspace/jazzy_ws/install/lib/libackermann_msgs__rosidl_typesupport_c.so
[4.022s] -- Set non-toolchain portion of runtime path of "/workspace/jazzy_ws/install/lib/libackermann_msgs__rosidl_typesupport_c.so" to ""
[4.022s] -- Up-to-date: /workspace/jazzy_ws/install/include/ackermann_msgs/ackermann_msgs
[4.022s] -- Up-to-date: /workspace/jazzy_ws/install/include/ackermann_msgs/ackermann_msgs/msg
[4.022s] -- Up-to-date: /workspace/jazzy_ws/install/include/ackermann_msgs/ackermann_msgs/msg/detail
[4.022s] -- Installing: /workspace/jazzy_ws/install/include/ackermann_msgs/ackermann_msgs/msg/detail/ackermann_drive_stamped__struct.hpp
[4.022s] -- Installing: /workspace/jazzy_ws/install/include/ackermann_msgs/ackermann_msgs/msg/detail/ackermann_drive_stamped__type_support.hpp
[4.022s] -- Installing: /workspace/jazzy_ws/install/include/ackermann_msgs/ackermann_msgs/msg/detail/ackermann_drive__builder.hpp
[4.022s] -- Installing: /workspace/jazzy_ws/install/include/ackermann_msgs/ackermann_msgs/msg/detail/ackermann_drive__struct.hpp
[4.022s] -- Installing: /workspace/jazzy_ws/install/include/ackermann_msgs/ackermann_msgs/msg/detail/ackermann_drive__type_support.hpp
[4.022s] -- Installing: /workspace/jazzy_ws/install/include/ackermann_msgs/ackermann_msgs/msg/detail/ackermann_drive_stamped__builder.hpp
[4.022s] -- Installing: /workspace/jazzy_ws/install/include/ackermann_msgs/ackermann_msgs/msg/detail/ackermann_drive_stamped__traits.hpp
[4.023s] -- Installing: /workspace/jazzy_ws/install/include/ackermann_msgs/ackermann_msgs/msg/detail/ackermann_drive__traits.hpp
[4.023s] -- Installing: /workspace/jazzy_ws/install/include/ackermann_msgs/ackermann_msgs/msg/ackermann_drive_stamped.hpp
[4.023s] -- Installing: /workspace/jazzy_ws/install/include/ackermann_msgs/ackermann_msgs/msg/rosidl_generator_cpp__visibility_control.hpp
[4.023s] -- Installing: /workspace/jazzy_ws/install/include/ackermann_msgs/ackermann_msgs/msg/ackermann_drive.hpp
[4.023s] -- Up-to-date: /workspace/jazzy_ws/install/include/ackermann_msgs/ackermann_msgs
[4.023s] -- Up-to-date: /workspace/jazzy_ws/install/include/ackermann_msgs/ackermann_msgs/msg
[4.023s] -- Up-to-date: /workspace/jazzy_ws/install/include/ackermann_msgs/ackermann_msgs/msg/detail
[4.023s] -- Installing: /workspace/jazzy_ws/install/include/ackermann_msgs/ackermann_msgs/msg/detail/ackermann_drive_stamped__rosidl_typesupport_fastrtps_cpp.hpp
[4.023s] -- Installing: /workspace/jazzy_ws/install/include/ackermann_msgs/ackermann_msgs/msg/detail/ackermann_drive__rosidl_typesupport_fastrtps_cpp.hpp
[4.023s] -- Installing: /workspace/jazzy_ws/install/include/ackermann_msgs/ackermann_msgs/msg/detail/dds_fastrtps
[4.023s] -- Installing: /workspace/jazzy_ws/install/include/ackermann_msgs/ackermann_msgs/msg/rosidl_typesupport_fastrtps_cpp__visibility_control.h
[4.023s] -- Installing: /workspace/jazzy_ws/install/lib/libackermann_msgs__rosidl_typesupport_fastrtps_cpp.so
[4.024s] -- Set non-toolchain portion of runtime path of "/workspace/jazzy_ws/install/lib/libackermann_msgs__rosidl_typesupport_fastrtps_cpp.so" to ""
[4.024s] -- Up-to-date: /workspace/jazzy_ws/install/include/ackermann_msgs/ackermann_msgs
[4.024s] -- Up-to-date: /workspace/jazzy_ws/install/include/ackermann_msgs/ackermann_msgs/msg
[4.024s] -- Up-to-date: /workspace/jazzy_ws/install/include/ackermann_msgs/ackermann_msgs/msg/detail
[4.024s] -- Installing: /workspace/jazzy_ws/install/include/ackermann_msgs/ackermann_msgs/msg/detail/ackermann_drive_stamped__type_support.cpp
[4.024s] -- Installing: /workspace/jazzy_ws/install/include/ackermann_msgs/ackermann_msgs/msg/detail/ackermann_drive__rosidl_typesupport_introspection_cpp.hpp
[4.024s] -- Installing: /workspace/jazzy_ws/install/include/ackermann_msgs/ackermann_msgs/msg/detail/ackermann_drive__type_support.cpp
[4.024s] -- Installing: /workspace/jazzy_ws/install/include/ackermann_msgs/ackermann_msgs/msg/detail/ackermann_drive_stamped__rosidl_typesupport_introspection_cpp.hpp
[4.024s] -- Installing: /workspace/jazzy_ws/install/lib/libackermann_msgs__rosidl_typesupport_introspection_cpp.so
[4.024s] -- Set non-toolchain portion of runtime path of "/workspace/jazzy_ws/install/lib/libackermann_msgs__rosidl_typesupport_introspection_cpp.so" to ""
[4.024s] -- Installing: /workspace/jazzy_ws/install/lib/libackermann_msgs__rosidl_typesupport_cpp.so
[4.025s] -- Set non-toolchain portion of runtime path of "/workspace/jazzy_ws/install/lib/libackermann_msgs__rosidl_typesupport_cpp.so" to ""
[4.025s] -- Installing: /workspace/jazzy_ws/install/share/ackermann_msgs/environment/pythonpath.sh
[4.025s] -- Installing: /workspace/jazzy_ws/install/share/ackermann_msgs/environment/pythonpath.dsv
[4.025s] -- Installing: /workspace/jazzy_ws/install/lib/python3.12/site-packages/ackermann_msgs-2.0.2-py3.12.egg-info
[4.025s] -- Installing: /workspace/jazzy_ws/install/lib/python3.12/site-packages/ackermann_msgs-2.0.2-py3.12.egg-info/PKG-INFO
[4.025s] -- Installing: /workspace/jazzy_ws/install/lib/python3.12/site-packages/ackermann_msgs-2.0.2-py3.12.egg-info/SOURCES.txt
[4.025s] -- Installing: /workspace/jazzy_ws/install/lib/python3.12/site-packages/ackermann_msgs-2.0.2-py3.12.egg-info/top_level.txt
[4.025s] -- Installing: /workspace/jazzy_ws/install/lib/python3.12/site-packages/ackermann_msgs-2.0.2-py3.12.egg-info/dependency_links.txt
[4.025s] -- Installing: /workspace/jazzy_ws/install/lib/python3.12/site-packages/ackermann_msgs
[4.026s] -- Installing: /workspace/jazzy_ws/install/lib/python3.12/site-packages/ackermann_msgs/msg
[4.026s] -- Installing: /workspace/jazzy_ws/install/lib/python3.12/site-packages/ackermann_msgs/msg/_ackermann_drive_stamped.py
[4.026s] -- Installing: /workspace/jazzy_ws/install/lib/python3.12/site-packages/ackermann_msgs/msg/__init__.py
[4.026s] -- Installing: /workspace/jazzy_ws/install/lib/python3.12/site-packages/ackermann_msgs/msg/_ackermann_drive_stamped_s.c
[4.026s] -- Installing: /workspace/jazzy_ws/install/lib/python3.12/site-packages/ackermann_msgs/msg/_ackermann_drive_s.c
[4.026s] -- Installing: /workspace/jazzy_ws/install/lib/python3.12/site-packages/ackermann_msgs/msg/_ackermann_drive.py
[4.026s] -- Installing: /workspace/jazzy_ws/install/lib/python3.12/site-packages/ackermann_msgs/ackermann_msgs_s__rosidl_typesupport_fastrtps_c.so
[4.026s] -- Installing: /workspace/jazzy_ws/install/lib/python3.12/site-packages/ackermann_msgs/__init__.py
[4.026s] -- Installing: /workspace/jazzy_ws/install/lib/python3.12/site-packages/ackermann_msgs/ackermann_msgs_s__rosidl_typesupport_c.so
[4.026s] -- Installing: /workspace/jazzy_ws/install/lib/python3.12/site-packages/ackermann_msgs/_ackermann_msgs_s.ep.rosidl_typesupport_introspection_c.c
[4.026s] -- Installing: /workspace/jazzy_ws/install/lib/python3.12/site-packages/ackermann_msgs/_ackermann_msgs_s.ep.rosidl_typesupport_c.c
[4.026s] -- Installing: /workspace/jazzy_ws/install/lib/python3.12/site-packages/ackermann_msgs/_ackermann_msgs_s.ep.rosidl_typesupport_fastrtps_c.c
[4.027s] -- Installing: /workspace/jazzy_ws/install/lib/python3.12/site-packages/ackermann_msgs/ackermann_msgs_s__rosidl_typesupport_introspection_c.so
[4.057s] Listing '/workspace/jazzy_ws/install/lib/python3.12/site-packages/ackermann_msgs'...
[4.057s] Compiling '/workspace/jazzy_ws/install/lib/python3.12/site-packages/ackermann_msgs/__init__.py'...
[4.057s] Listing '/workspace/jazzy_ws/install/lib/python3.12/site-packages/ackermann_msgs/msg'...
[4.057s] Compiling '/workspace/jazzy_ws/install/lib/python3.12/site-packages/ackermann_msgs/msg/__init__.py'...
[4.057s] Compiling '/workspace/jazzy_ws/install/lib/python3.12/site-packages/ackermann_msgs/msg/_ackermann_drive.py'...
[4.057s] Compiling '/workspace/jazzy_ws/install/lib/python3.12/site-packages/ackermann_msgs/msg/_ackermann_drive_stamped.py'...
[4.062s] -- Installing: /workspace/jazzy_ws/install/lib/python3.12/site-packages/ackermann_msgs/ackermann_msgs_s__rosidl_typesupport_fastrtps_c.so
[4.063s] -- Set non-toolchain portion of runtime path of "/workspace/jazzy_ws/install/lib/python3.12/site-packages/ackermann_msgs/ackermann_msgs_s__rosidl_typesupport_fastrtps_c.so" to ""
[4.063s] -- Installing: /workspace/jazzy_ws/install/lib/python3.12/site-packages/ackermann_msgs/ackermann_msgs_s__rosidl_typesupport_introspection_c.so
[4.063s] -- Set non-toolchain portion of runtime path of "/workspace/jazzy_ws/install/lib/python3.12/site-packages/ackermann_msgs/ackermann_msgs_s__rosidl_typesupport_introspection_c.so" to ""
[4.063s] -- Installing: /workspace/jazzy_ws/install/lib/python3.12/site-packages/ackermann_msgs/ackermann_msgs_s__rosidl_typesupport_c.so
[4.063s] -- Set non-toolchain portion of runtime path of "/workspace/jazzy_ws/install/lib/python3.12/site-packages/ackermann_msgs/ackermann_msgs_s__rosidl_typesupport_c.so" to ""
[4.063s] -- Installing: /workspace/jazzy_ws/install/lib/libackermann_msgs__rosidl_generator_py.so
[4.063s] -- Set non-toolchain portion of runtime path of "/workspace/jazzy_ws/install/lib/libackermann_msgs__rosidl_generator_py.so" to ""
[4.063s] -- Installing: /workspace/jazzy_ws/install/share/ackermann_msgs/msg/AckermannDrive.idl
[4.063s] -- Installing: /workspace/jazzy_ws/install/share/ackermann_msgs/msg/AckermannDriveStamped.idl
[4.063s] -- Installing: /workspace/jazzy_ws/install/share/ackermann_msgs/msg/AckermannDrive.msg
[4.063s] -- Installing: /workspace/jazzy_ws/install/share/ackermann_msgs/msg/AckermannDriveStamped.msg
[4.064s] -- Installing: /workspace/jazzy_ws/install/share/ament_index/resource_index/package_run_dependencies/ackermann_msgs
[4.064s] -- Installing: /workspace/jazzy_ws/install/share/ament_index/resource_index/parent_prefix_path/ackermann_msgs
[4.064s] -- Installing: /workspace/jazzy_ws/install/share/ackermann_msgs/environment/ament_prefix_path.sh
[4.064s] -- Installing: /workspace/jazzy_ws/install/share/ackermann_msgs/environment/ament_prefix_path.dsv
[4.064s] -- Installing: /workspace/jazzy_ws/install/share/ackermann_msgs/environment/path.sh
[4.064s] -- Installing: /workspace/jazzy_ws/install/share/ackermann_msgs/environment/path.dsv
[4.064s] -- Installing: /workspace/jazzy_ws/install/share/ackermann_msgs/local_setup.bash
[4.064s] -- Installing: /workspace/jazzy_ws/install/share/ackermann_msgs/local_setup.sh
[4.065s] -- Installing: /workspace/jazzy_ws/install/share/ackermann_msgs/local_setup.zsh
[4.065s] -- Installing: /workspace/jazzy_ws/install/share/ackermann_msgs/local_setup.dsv
[4.065s] -- Installing: /workspace/jazzy_ws/install/share/ackermann_msgs/package.dsv
[4.065s] -- Installing: /workspace/jazzy_ws/install/share/ament_index/resource_index/packages/ackermann_msgs
[4.065s] -- Installing: /workspace/jazzy_ws/install/share/ackermann_msgs/cmake/export_ackermann_msgs__rosidl_generator_cExport.cmake
[4.065s] -- Installing: /workspace/jazzy_ws/install/share/ackermann_msgs/cmake/export_ackermann_msgs__rosidl_generator_cExport-noconfig.cmake
[4.065s] -- Installing: /workspace/jazzy_ws/install/share/ackermann_msgs/cmake/export_ackermann_msgs__rosidl_typesupport_fastrtps_cExport.cmake
[4.065s] -- Installing: /workspace/jazzy_ws/install/share/ackermann_msgs/cmake/export_ackermann_msgs__rosidl_typesupport_fastrtps_cExport-noconfig.cmake
[4.065s] -- Installing: /workspace/jazzy_ws/install/share/ackermann_msgs/cmake/ackermann_msgs__rosidl_typesupport_introspection_cExport.cmake
[4.065s] -- Installing: /workspace/jazzy_ws/install/share/ackermann_msgs/cmake/ackermann_msgs__rosidl_typesupport_introspection_cExport-noconfig.cmake
[4.065s] -- Installing: /workspace/jazzy_ws/install/share/ackermann_msgs/cmake/ackermann_msgs__rosidl_typesupport_cExport.cmake
[4.066s] -- Installing: /workspace/jazzy_ws/install/share/ackermann_msgs/cmake/ackermann_msgs__rosidl_typesupport_cExport-noconfig.cmake
[4.066s] -- Installing: /workspace/jazzy_ws/install/share/ackermann_msgs/cmake/export_ackermann_msgs__rosidl_generator_cppExport.cmake
[4.066s] -- Installing: /workspace/jazzy_ws/install/share/ackermann_msgs/cmake/export_ackermann_msgs__rosidl_typesupport_fastrtps_cppExport.cmake
[4.066s] -- Installing: /workspace/jazzy_ws/install/share/ackermann_msgs/cmake/export_ackermann_msgs__rosidl_typesupport_fastrtps_cppExport-noconfig.cmake
[4.066s] -- Installing: /workspace/jazzy_ws/install/share/ackermann_msgs/cmake/ackermann_msgs__rosidl_typesupport_introspection_cppExport.cmake
[4.066s] -- Installing: /workspace/jazzy_ws/install/share/ackermann_msgs/cmake/ackermann_msgs__rosidl_typesupport_introspection_cppExport-noconfig.cmake
[4.066s] -- Installing: /workspace/jazzy_ws/install/share/ackermann_msgs/cmake/ackermann_msgs__rosidl_typesupport_cppExport.cmake
[4.066s] -- Installing: /workspace/jazzy_ws/install/share/ackermann_msgs/cmake/ackermann_msgs__rosidl_typesupport_cppExport-noconfig.cmake
[4.066s] -- Installing: /workspace/jazzy_ws/install/share/ackermann_msgs/cmake/export_ackermann_msgs__rosidl_generator_pyExport.cmake
[4.067s] -- Installing: /workspace/jazzy_ws/install/share/ackermann_msgs/cmake/export_ackermann_msgs__rosidl_generator_pyExport-noconfig.cmake
[4.067s] -- Installing: /workspace/jazzy_ws/install/share/ackermann_msgs/cmake/rosidl_cmake-extras.cmake
[4.067s] -- Installing: /workspace/jazzy_ws/install/share/ackermann_msgs/cmake/ament_cmake_export_dependencies-extras.cmake
[4.067s] -- Installing: /workspace/jazzy_ws/install/share/ackermann_msgs/cmake/ament_cmake_export_include_directories-extras.cmake
[4.067s] -- Installing: /workspace/jazzy_ws/install/share/ackermann_msgs/cmake/ament_cmake_export_libraries-extras.cmake
[4.067s] -- Installing: /workspace/jazzy_ws/install/share/ackermann_msgs/cmake/ament_cmake_export_targets-extras.cmake
[4.067s] -- Installing: /workspace/jazzy_ws/install/share/ackermann_msgs/cmake/rosidl_cmake_export_typesupport_targets-extras.cmake
[4.067s] -- Installing: /workspace/jazzy_ws/install/share/ackermann_msgs/cmake/rosidl_cmake_export_typesupport_libraries-extras.cmake
[4.067s] -- Installing: /workspace/jazzy_ws/install/share/ackermann_msgs/cmake/ackermann_msgsConfig.cmake
[4.067s] -- Installing: /workspace/jazzy_ws/install/share/ackermann_msgs/cmake/ackermann_msgsConfig-version.cmake
[4.068s] -- Installing: /workspace/jazzy_ws/install/share/ackermann_msgs/package.xml
[4.069s] Invoked command in '/workspace/jazzy_ws/build/ackermann_msgs' returned '0': AMENT_PREFIX_PATH=/workspace/jazzy_ws/install CMAKE_PREFIX_PATH=/workspace/jazzy_ws/install LD_LIBRARY_PATH=/workspace/jazzy_ws/install/lib:/workspace/jazzy_ws/install/opt/mimick_vendor/lib PATH=/workspace/jazzy_ws/install/bin:/workspace/jazzy_ws/install/opt/uncrustify_vendor/bin:${PATH} PKG_CONFIG_PATH=/workspace/jazzy_ws/install/lib/x86_64-linux-gnu/pkgconfig:/workspace/jazzy_ws/install/lib/pkgconfig PYTHONPATH=/workspace/jazzy_ws/install/lib/python3.12/site-packages /usr/bin/cmake --install /workspace/jazzy_ws/build/ackermann_msgs
