[0.009s] Invoking command in '/workspace/jazzy_ws/build/ament_cmake_export_definitions': AMENT_PREFIX_PATH=/workspace/jazzy_ws/install CMAKE_PREFIX_PATH=/workspace/jazzy_ws/install PATH=/workspace/jazzy_ws/install/bin:${PATH} PYTHONPATH=/workspace/jazzy_ws/install/lib/python3.12/site-packages /usr/bin/cmake /workspace/jazzy_ws/src/ament_cmake/ament_cmake_export_definitions -DCMAKE_INSTALL_PREFIX=/workspace/jazzy_ws/install
[0.018s] -- Found ament_cmake_core: 2.5.5 (/workspace/jazzy_ws/install/share/ament_cmake_core/cmake)
[0.115s] -- Found Python3: /usr/bin/python3 (found version "3.12.3") found components: Interpreter 
[0.268s] -- Configuring done (0.2s)
[0.268s] -- Generating done (0.0s)
[0.268s] -- Build files have been written to: /workspace/jazzy_ws/build/ament_cmake_export_definitions
[0.271s] Invoked command in '/workspace/jazzy_ws/build/ament_cmake_export_definitions' returned '0': AMENT_PREFIX_PATH=/workspace/jazzy_ws/install CMAKE_PREFIX_PATH=/workspace/jazzy_ws/install PATH=/workspace/jazzy_ws/install/bin:${PATH} PYTHONPATH=/workspace/jazzy_ws/install/lib/python3.12/site-packages /usr/bin/cmake /workspace/jazzy_ws/src/ament_cmake/ament_cmake_export_definitions -DCMAKE_INSTALL_PREFIX=/workspace/jazzy_ws/install
[0.272s] Invoking command in '/workspace/jazzy_ws/build/ament_cmake_export_definitions': AMENT_PREFIX_PATH=/workspace/jazzy_ws/install CMAKE_PREFIX_PATH=/workspace/jazzy_ws/install PATH=/workspace/jazzy_ws/install/bin:${PATH} PYTHONPATH=/workspace/jazzy_ws/install/lib/python3.12/site-packages /usr/bin/cmake --build /workspace/jazzy_ws/build/ament_cmake_export_definitions -- -j24 -l24
[0.395s] Invoked command in '/workspace/jazzy_ws/build/ament_cmake_export_definitions' returned '0': AMENT_PREFIX_PATH=/workspace/jazzy_ws/install CMAKE_PREFIX_PATH=/workspace/jazzy_ws/install PATH=/workspace/jazzy_ws/install/bin:${PATH} PYTHONPATH=/workspace/jazzy_ws/install/lib/python3.12/site-packages /usr/bin/cmake --build /workspace/jazzy_ws/build/ament_cmake_export_definitions -- -j24 -l24
[0.396s] Invoking command in '/workspace/jazzy_ws/build/ament_cmake_export_definitions': AMENT_PREFIX_PATH=/workspace/jazzy_ws/install CMAKE_PREFIX_PATH=/workspace/jazzy_ws/install PATH=/workspace/jazzy_ws/install/bin:${PATH} PYTHONPATH=/workspace/jazzy_ws/install/lib/python3.12/site-packages /usr/bin/cmake --install /workspace/jazzy_ws/build/ament_cmake_export_definitions
[0.406s] -- Install configuration: ""
[0.406s] -- Installing: /workspace/jazzy_ws/install/share/ament_index/resource_index/package_run_dependencies/ament_cmake_export_definitions
[0.406s] -- Installing: /workspace/jazzy_ws/install/share/ament_index/resource_index/parent_prefix_path/ament_cmake_export_definitions
[0.406s] -- Installing: /workspace/jazzy_ws/install/share/ament_cmake_export_definitions/environment/ament_prefix_path.sh
[0.406s] -- Installing: /workspace/jazzy_ws/install/share/ament_cmake_export_definitions/environment/ament_prefix_path.dsv
[0.406s] -- Installing: /workspace/jazzy_ws/install/share/ament_cmake_export_definitions/environment/path.sh
[0.406s] -- Installing: /workspace/jazzy_ws/install/share/ament_cmake_export_definitions/environment/path.dsv
[0.406s] -- Installing: /workspace/jazzy_ws/install/share/ament_cmake_export_definitions/local_setup.bash
[0.406s] -- Installing: /workspace/jazzy_ws/install/share/ament_cmake_export_definitions/local_setup.sh
[0.406s] -- Installing: /workspace/jazzy_ws/install/share/ament_cmake_export_definitions/local_setup.zsh
[0.406s] -- Installing: /workspace/jazzy_ws/install/share/ament_cmake_export_definitions/local_setup.dsv
[0.406s] -- Installing: /workspace/jazzy_ws/install/share/ament_cmake_export_definitions/package.dsv
[0.406s] -- Installing: /workspace/jazzy_ws/install/share/ament_index/resource_index/packages/ament_cmake_export_definitions
[0.406s] -- Installing: /workspace/jazzy_ws/install/share/ament_cmake_export_definitions/cmake/ament_cmake_export_definitions-extras.cmake
[0.406s] -- Installing: /workspace/jazzy_ws/install/share/ament_cmake_export_definitions/cmake/ament_cmake_export_definitionsConfig.cmake
[0.406s] -- Installing: /workspace/jazzy_ws/install/share/ament_cmake_export_definitions/cmake/ament_cmake_export_definitionsConfig-version.cmake
[0.406s] -- Installing: /workspace/jazzy_ws/install/share/ament_cmake_export_definitions/package.xml
[0.406s] -- Up-to-date: /workspace/jazzy_ws/install/share/ament_cmake_export_definitions/cmake
[0.407s] -- Installing: /workspace/jazzy_ws/install/share/ament_cmake_export_definitions/cmake/ament_cmake_export_definitions_package_hook.cmake
[0.407s] -- Installing: /workspace/jazzy_ws/install/share/ament_cmake_export_definitions/cmake/ament_cmake_export_definitions-extras.cmake.in
[0.407s] -- Installing: /workspace/jazzy_ws/install/share/ament_cmake_export_definitions/cmake/ament_export_definitions.cmake
[0.436s] Invoked command in '/workspace/jazzy_ws/build/ament_cmake_export_definitions' returned '0': AMENT_PREFIX_PATH=/workspace/jazzy_ws/install CMAKE_PREFIX_PATH=/workspace/jazzy_ws/install PATH=/workspace/jazzy_ws/install/bin:${PATH} PYTHONPATH=/workspace/jazzy_ws/install/lib/python3.12/site-packages /usr/bin/cmake --install /workspace/jazzy_ws/build/ament_cmake_export_definitions
