[0.325s] Invoking command in '/workspace/build_ws/build/isaac_tutorials': /usr/bin/cmake /workspace/build_ws/src/isaac_tutorials -DCMAKE_INSTALL_PREFIX=/workspace/build_ws/install/isaac_tutorials
[0.355s] -- The C compiler identification is GNU 13.3.0
[0.388s] -- The CXX compiler identification is GNU 13.3.0
[0.399s] -- Detecting C compiler ABI info
[0.447s] -- Detecting C compiler ABI info - done
[0.450s] -- Check for working C compiler: /usr/bin/cc - skipped
[0.450s] -- Detecting C compile features
[0.450s] -- Detecting C compile features - done
[0.456s] -- Detecting CXX compiler ABI info
[0.511s] -- Detecting CXX compiler ABI info - done
[0.518s] -- Check for working CXX compiler: /usr/bin/c++ - skipped
[0.518s] -- Detecting CXX compile features
[0.518s] -- Detecting CXX compile features - done
[0.519s] -- Found ament_cmake: 2.5.5 (/workspace/jazzy_ws/install/share/ament_cmake/cmake)
[0.587s] -- Found Python3: /usr/bin/python3 (found version "3.12.3") found components: Interpreter 
[0.644s] -- Found rclpy: 7.1.10 (/workspace/jazzy_ws/install/share/rclpy/cmake)
[0.698s] -- Configuring done (0.4s)
[0.700s] -- Generating done (0.0s)
[0.701s] -- Build files have been written to: /workspace/build_ws/build/isaac_tutorials
[0.703s] Invoked command in '/workspace/build_ws/build/isaac_tutorials' returned '0': /usr/bin/cmake /workspace/build_ws/src/isaac_tutorials -DCMAKE_INSTALL_PREFIX=/workspace/build_ws/install/isaac_tutorials
[0.704s] Invoking command in '/workspace/build_ws/build/isaac_tutorials': /usr/bin/cmake --build /workspace/build_ws/build/isaac_tutorials -- -j24 -l24
[0.722s] Invoked command in '/workspace/build_ws/build/isaac_tutorials' returned '0': /usr/bin/cmake --build /workspace/build_ws/build/isaac_tutorials -- -j24 -l24
[0.723s] Invoking command in '/workspace/build_ws/build/isaac_tutorials': /usr/bin/cmake --install /workspace/build_ws/build/isaac_tutorials
[0.727s] -- Install configuration: ""
[0.727s] -- Installing: /workspace/build_ws/install/isaac_tutorials/share/isaac_tutorials/rviz2
[0.727s] -- Installing: /workspace/build_ws/install/isaac_tutorials/share/isaac_tutorials/rviz2/rtx_lidar.rviz
[0.727s] -- Installing: /workspace/build_ws/install/isaac_tutorials/share/isaac_tutorials/rviz2/turtle_stereo.rviz
[0.727s] -- Installing: /workspace/build_ws/install/isaac_tutorials/share/isaac_tutorials/rviz2/camera_manual.rviz
[0.727s] -- Installing: /workspace/build_ws/install/isaac_tutorials/share/isaac_tutorials/rviz2/camera_lidar.rviz
[0.728s] -- Installing: /workspace/build_ws/install/isaac_tutorials/share/isaac_tutorials/rviz2/carter_stereo.rviz
[0.728s] -- Installing: /workspace/build_ws/install/isaac_tutorials/share/isaac_tutorials/scripts
[0.728s] -- Installing: /workspace/build_ws/install/isaac_tutorials/share/isaac_tutorials/scripts/ros2_publisher.py
[0.728s] -- Installing: /workspace/build_ws/install/isaac_tutorials/share/isaac_tutorials/scripts/ros2_object_id_subscriber.py
[0.728s] -- Installing: /workspace/build_ws/install/isaac_tutorials/share/isaac_tutorials/scripts/ros2_publisher_test.py
[0.729s] -- Installing: /workspace/build_ws/install/isaac_tutorials/share/isaac_tutorials/scripts/ros2_publisher_multi_mode.py
[0.729s] -- Installing: /workspace/build_ws/install/isaac_tutorials/share/isaac_tutorials/scripts/ros2_ackermann_publisher.py
[0.729s] -- Installing: /workspace/build_ws/install/isaac_tutorials/lib/isaac_tutorials/ros2_publisher.py
[0.729s] -- Installing: /workspace/build_ws/install/isaac_tutorials/lib/isaac_tutorials/ros2_ackermann_publisher.py
[0.729s] -- Installing: /workspace/build_ws/install/isaac_tutorials/lib/isaac_tutorials/ros2_object_id_subscriber.py
[0.735s] -- Installing: /workspace/build_ws/install/isaac_tutorials/share/ament_index/resource_index/package_run_dependencies/isaac_tutorials
[0.735s] -- Installing: /workspace/build_ws/install/isaac_tutorials/share/ament_index/resource_index/parent_prefix_path/isaac_tutorials
[0.735s] -- Installing: /workspace/build_ws/install/isaac_tutorials/share/isaac_tutorials/environment/ament_prefix_path.sh
[0.735s] -- Installing: /workspace/build_ws/install/isaac_tutorials/share/isaac_tutorials/environment/ament_prefix_path.dsv
[0.735s] -- Installing: /workspace/build_ws/install/isaac_tutorials/share/isaac_tutorials/environment/path.sh
[0.735s] -- Installing: /workspace/build_ws/install/isaac_tutorials/share/isaac_tutorials/environment/path.dsv
[0.735s] -- Installing: /workspace/build_ws/install/isaac_tutorials/share/isaac_tutorials/local_setup.bash
[0.735s] -- Installing: /workspace/build_ws/install/isaac_tutorials/share/isaac_tutorials/local_setup.sh
[0.735s] -- Installing: /workspace/build_ws/install/isaac_tutorials/share/isaac_tutorials/local_setup.zsh
[0.735s] -- Installing: /workspace/build_ws/install/isaac_tutorials/share/isaac_tutorials/local_setup.dsv
[0.735s] -- Installing: /workspace/build_ws/install/isaac_tutorials/share/isaac_tutorials/package.dsv
[0.735s] -- Installing: /workspace/build_ws/install/isaac_tutorials/share/ament_index/resource_index/packages/isaac_tutorials
[0.735s] -- Installing: /workspace/build_ws/install/isaac_tutorials/share/isaac_tutorials/cmake/isaac_tutorialsConfig.cmake
[0.735s] -- Installing: /workspace/build_ws/install/isaac_tutorials/share/isaac_tutorials/cmake/isaac_tutorialsConfig-version.cmake
[0.735s] -- Installing: /workspace/build_ws/install/isaac_tutorials/share/isaac_tutorials/package.xml
[0.735s] Invoked command in '/workspace/build_ws/build/isaac_tutorials' returned '0': /usr/bin/cmake --install /workspace/build_ws/build/isaac_tutorials
