running egg_info
creating ../../../build/ament_index_python/ament_index_python.egg-info
writing ../../../build/ament_index_python/ament_index_python.egg-info/PKG-INFO
writing dependency_links to ../../../build/ament_index_python/ament_index_python.egg-info/dependency_links.txt
writing entry points to ../../../build/ament_index_python/ament_index_python.egg-info/entry_points.txt
writing requirements to ../../../build/ament_index_python/ament_index_python.egg-info/requires.txt
writing top-level names to ../../../build/ament_index_python/ament_index_python.egg-info/top_level.txt
writing manifest file '../../../build/ament_index_python/ament_index_python.egg-info/SOURCES.txt'
reading manifest file '../../../build/ament_index_python/ament_index_python.egg-info/SOURCES.txt'
writing manifest file '../../../build/ament_index_python/ament_index_python.egg-info/SOURCES.txt'
running build
running build_py
creating /workspace/jazzy_ws/build/ament_index_python/build/lib/ament_index_python
copying ament_index_python/search_paths.py -> /workspace/jazzy_ws/build/ament_index_python/build/lib/ament_index_python
copying ament_index_python/resources.py -> /workspace/jazzy_ws/build/ament_index_python/build/lib/ament_index_python
copying ament_index_python/cli.py -> /workspace/jazzy_ws/build/ament_index_python/build/lib/ament_index_python
copying ament_index_python/__init__.py -> /workspace/jazzy_ws/build/ament_index_python/build/lib/ament_index_python
copying ament_index_python/packages.py -> /workspace/jazzy_ws/build/ament_index_python/build/lib/ament_index_python
copying ament_index_python/constants.py -> /workspace/jazzy_ws/build/ament_index_python/build/lib/ament_index_python
copying ament_index_python/py.typed -> /workspace/jazzy_ws/build/ament_index_python/build/lib/ament_index_python
running install
running install_lib
creating /workspace/jazzy_ws/install/lib/python3.12/site-packages/ament_index_python
copying /workspace/jazzy_ws/build/ament_index_python/build/lib/ament_index_python/search_paths.py -> /workspace/jazzy_ws/install/lib/python3.12/site-packages/ament_index_python
copying /workspace/jazzy_ws/build/ament_index_python/build/lib/ament_index_python/resources.py -> /workspace/jazzy_ws/install/lib/python3.12/site-packages/ament_index_python
copying /workspace/jazzy_ws/build/ament_index_python/build/lib/ament_index_python/cli.py -> /workspace/jazzy_ws/install/lib/python3.12/site-packages/ament_index_python
copying /workspace/jazzy_ws/build/ament_index_python/build/lib/ament_index_python/__init__.py -> /workspace/jazzy_ws/install/lib/python3.12/site-packages/ament_index_python
copying /workspace/jazzy_ws/build/ament_index_python/build/lib/ament_index_python/packages.py -> /workspace/jazzy_ws/install/lib/python3.12/site-packages/ament_index_python
copying /workspace/jazzy_ws/build/ament_index_python/build/lib/ament_index_python/py.typed -> /workspace/jazzy_ws/install/lib/python3.12/site-packages/ament_index_python
copying /workspace/jazzy_ws/build/ament_index_python/build/lib/ament_index_python/constants.py -> /workspace/jazzy_ws/install/lib/python3.12/site-packages/ament_index_python
byte-compiling /workspace/jazzy_ws/install/lib/python3.12/site-packages/ament_index_python/search_paths.py to search_paths.cpython-312.pyc
byte-compiling /workspace/jazzy_ws/install/lib/python3.12/site-packages/ament_index_python/resources.py to resources.cpython-312.pyc
byte-compiling /workspace/jazzy_ws/install/lib/python3.12/site-packages/ament_index_python/cli.py to cli.cpython-312.pyc
byte-compiling /workspace/jazzy_ws/install/lib/python3.12/site-packages/ament_index_python/__init__.py to __init__.cpython-312.pyc
byte-compiling /workspace/jazzy_ws/install/lib/python3.12/site-packages/ament_index_python/packages.py to packages.cpython-312.pyc
byte-compiling /workspace/jazzy_ws/install/lib/python3.12/site-packages/ament_index_python/constants.py to constants.cpython-312.pyc
running install_data
copying package.xml -> /workspace/jazzy_ws/install/share/ament_index_python
creating /workspace/jazzy_ws/install/share/ament_index_python/environment
copying completion/ament_index-argcomplete.bash -> /workspace/jazzy_ws/install/share/ament_index_python/environment
copying completion/ament_index-argcomplete.zsh -> /workspace/jazzy_ws/install/share/ament_index_python/environment
copying resource/ament_index_python -> /workspace/jazzy_ws/install/share/ament_index/resource_index/packages
running install_egg_info
Copying ../../../build/ament_index_python/ament_index_python.egg-info to /workspace/jazzy_ws/install/lib/python3.12/site-packages/ament_index_python-1.8.3-py3.12.egg-info
running install_scripts
Installing ament_index script to /workspace/jazzy_ws/install/bin
writing list of installed files to '/workspace/jazzy_ws/build/ament_index_python/install.log'
