-- The C compiler identification is GNU 13.3.0
-- The CXX compiler identification is GNU 13.3.0
-- Detecting C compiler ABI info
-- Detecting C compiler ABI info - done
-- Check for working C compiler: /usr/bin/cc - skipped
-- Detecting C compile features
-- Detecting C compile features - done
-- Detecting CXX compiler ABI info
-- Detecting CXX compiler ABI info - done
-- Check for working CXX compiler: /usr/bin/c++ - skipped
-- Detecting CXX compile features
-- Detecting CXX compile features - done
-- Found ament_cmake: 2.5.5 (/workspace/jazzy_ws/install/share/ament_cmake/cmake)
-- Found Python3: /usr/bin/python3 (found version "3.12.3") found components: Interpreter 
-- Found builtin_interfaces: 2.0.3 (/workspace/jazzy_ws/install/share/builtin_interfaces/cmake)
-- Found rosidl_generator_c: 4.6.7 (/workspace/jazzy_ws/install/share/rosidl_generator_c/cmake)
-- Found rosidl_generator_cpp: 4.6.7 (/workspace/jazzy_ws/install/share/rosidl_generator_cpp/cmake)
-- Using all available rosidl_typesupport_c: rosidl_typesupport_fastrtps_c;rosidl_typesupport_introspection_c
-- Using all available rosidl_typesupport_cpp: rosidl_typesupport_fastrtps_cpp;rosidl_typesupport_introspection_cpp
-- Found rosidl_default_generators: 1.6.0 (/workspace/jazzy_ws/install/share/rosidl_default_generators/cmake)
-- Found rosidl_adapter: 4.6.7 (/workspace/jazzy_ws/install/share/rosidl_adapter/cmake)
-- Found ament_cmake_cppcheck: 0.17.4 (/workspace/jazzy_ws/install/share/ament_cmake_cppcheck/cmake)
-- Found ament_cmake_cpplint: 0.17.4 (/workspace/jazzy_ws/install/share/ament_cmake_cpplint/cmake)
-- Found ament_cmake_uncrustify: 0.17.4 (/workspace/jazzy_ws/install/share/ament_cmake_uncrustify/cmake)
-- Found ament_cmake_ros: 0.12.0 (/workspace/jazzy_ws/install/share/ament_cmake_ros/cmake)
-- Using all available rosidl_typesupport_c: rosidl_typesupport_fastrtps_c;rosidl_typesupport_introspection_c
-- Using all available rosidl_typesupport_cpp: rosidl_typesupport_fastrtps_cpp;rosidl_typesupport_introspection_cpp
-- Found python_cmake_module: 0.11.1 (/workspace/jazzy_ws/install/share/python_cmake_module/cmake)
-- Found PythonExtra: /usr/bin/python3  
-- Found Python3: /usr/bin/python3 (found version "3.12.3") found components: Interpreter Development NumPy Development.Module Development.Embed 
-- Found ament_cmake_flake8: 0.17.4 (/workspace/jazzy_ws/install/share/ament_cmake_flake8/cmake)
-- Found ament_cmake_pep257: 0.17.4 (/workspace/jazzy_ws/install/share/ament_cmake_pep257/cmake)
-- Configuring done (1.6s)
-- Generating done (0.1s)
-- Build files have been written to: /workspace/jazzy_ws/build/rosgraph_msgs
[  2%] Generating type hashes for ROS interfaces
[  2%] Built target ament_cmake_python_copy_rosgraph_msgs
[  2%] Built target rosgraph_msgs__rosidl_generator_type_description
running egg_info
[  5%] Generating C++ code for ROS interfaces
[  8%] Generating C code for ROS interfaces
creating rosgraph_msgs.egg-info
writing rosgraph_msgs.egg-info/PKG-INFO
writing dependency_links to rosgraph_msgs.egg-info/dependency_links.txt
writing top-level names to rosgraph_msgs.egg-info/top_level.txt
writing manifest file 'rosgraph_msgs.egg-info/SOURCES.txt'
reading manifest file 'rosgraph_msgs.egg-info/SOURCES.txt'
writing manifest file 'rosgraph_msgs.egg-info/SOURCES.txt'
[  8%] Built target ament_cmake_python_build_rosgraph_msgs_egg
[ 11%] Building C object CMakeFiles/rosgraph_msgs__rosidl_generator_c.dir/rosidl_generator_c/rosgraph_msgs/msg/detail/clock__description.c.o
[ 17%] Building C object CMakeFiles/rosgraph_msgs__rosidl_generator_c.dir/rosidl_generator_c/rosgraph_msgs/msg/detail/clock__type_support.c.o
[ 17%] Building C object CMakeFiles/rosgraph_msgs__rosidl_generator_c.dir/rosidl_generator_c/rosgraph_msgs/msg/detail/clock__functions.c.o
[ 17%] Built target rosgraph_msgs__cpp
[ 20%] Linking C shared library librosgraph_msgs__rosidl_generator_c.so
[ 20%] Built target rosgraph_msgs__rosidl_generator_c
[ 23%] Generating C++ type support dispatch for ROS interfaces
[ 38%] Generating C type support for eProsima Fast-RTPS
[ 38%] Generating C++ introspection for ROS interfaces
[ 38%] Generating C introspection for ROS interfaces
[ 38%] Generating C++ type support for eProsima Fast-RTPS
[ 38%] Generating C type support dispatch for ROS interfaces
[ 41%] Building CXX object CMakeFiles/rosgraph_msgs__rosidl_typesupport_c.dir/rosidl_typesupport_c/rosgraph_msgs/msg/clock__type_support.cpp.o
[ 44%] Building CXX object CMakeFiles/rosgraph_msgs__rosidl_typesupport_fastrtps_c.dir/rosidl_typesupport_fastrtps_c/rosgraph_msgs/msg/detail/clock__type_support_c.cpp.o
[ 47%] Building CXX object CMakeFiles/rosgraph_msgs__rosidl_typesupport_introspection_cpp.dir/rosidl_typesupport_introspection_cpp/rosgraph_msgs/msg/detail/clock__type_support.cpp.o
[ 50%] Building CXX object CMakeFiles/rosgraph_msgs__rosidl_typesupport_cpp.dir/rosidl_typesupport_cpp/rosgraph_msgs/msg/clock__type_support.cpp.o
[ 52%] Building C object CMakeFiles/rosgraph_msgs__rosidl_typesupport_introspection_c.dir/rosidl_typesupport_introspection_c/rosgraph_msgs/msg/detail/clock__type_support.c.o
[ 55%] Linking CXX shared library librosgraph_msgs__rosidl_typesupport_c.so
[ 58%] Linking C shared library librosgraph_msgs__rosidl_typesupport_introspection_c.so
[ 61%] Building CXX object CMakeFiles/rosgraph_msgs__rosidl_typesupport_fastrtps_cpp.dir/rosidl_typesupport_fastrtps_cpp/rosgraph_msgs/msg/detail/dds_fastrtps/clock__type_support.cpp.o
[ 61%] Built target rosgraph_msgs__rosidl_typesupport_c
[ 61%] Built target rosgraph_msgs__rosidl_typesupport_introspection_c
[ 64%] Linking CXX shared library librosgraph_msgs__rosidl_typesupport_introspection_cpp.so
[ 67%] Linking CXX shared library librosgraph_msgs__rosidl_typesupport_cpp.so
[ 67%] Built target rosgraph_msgs__rosidl_typesupport_cpp
[ 67%] Built target rosgraph_msgs__rosidl_typesupport_introspection_cpp
[ 70%] Linking CXX shared library librosgraph_msgs__rosidl_typesupport_fastrtps_c.so
[ 73%] Linking CXX shared library librosgraph_msgs__rosidl_typesupport_fastrtps_cpp.so
[ 73%] Built target rosgraph_msgs__rosidl_typesupport_fastrtps_c
[ 73%] Built target rosgraph_msgs__rosidl_typesupport_fastrtps_cpp
[ 73%] Built target rosgraph_msgs
[ 76%] Generating Python code for ROS interfaces
[ 76%] Built target rosgraph_msgs__py
[ 79%] Building C object CMakeFiles/rosgraph_msgs__rosidl_generator_py.dir/rosidl_generator_py/rosgraph_msgs/msg/_clock_s.c.o
[ 82%] Linking C shared library librosgraph_msgs__rosidl_generator_py.so
[ 82%] Built target rosgraph_msgs__rosidl_generator_py
[ 85%] Building C object CMakeFiles/rosgraph_msgs_s__rosidl_typesupport_introspection_c.dir/rosidl_generator_py/rosgraph_msgs/_rosgraph_msgs_s.ep.rosidl_typesupport_introspection_c.c.o
[ 88%] Building C object CMakeFiles/rosgraph_msgs_s__rosidl_typesupport_c.dir/rosidl_generator_py/rosgraph_msgs/_rosgraph_msgs_s.ep.rosidl_typesupport_c.c.o
[ 91%] Building C object CMakeFiles/rosgraph_msgs_s__rosidl_typesupport_fastrtps_c.dir/rosidl_generator_py/rosgraph_msgs/_rosgraph_msgs_s.ep.rosidl_typesupport_fastrtps_c.c.o
[ 94%] Linking C shared module rosidl_generator_py/rosgraph_msgs/rosgraph_msgs_s__rosidl_typesupport_introspection_c.so
[ 94%] Built target rosgraph_msgs_s__rosidl_typesupport_introspection_c
[ 97%] Linking C shared module rosidl_generator_py/rosgraph_msgs/rosgraph_msgs_s__rosidl_typesupport_c.so
[100%] Linking C shared module rosidl_generator_py/rosgraph_msgs/rosgraph_msgs_s__rosidl_typesupport_fastrtps_c.so
[100%] Built target rosgraph_msgs_s__rosidl_typesupport_c
[100%] Built target rosgraph_msgs_s__rosidl_typesupport_fastrtps_c
-- Install configuration: ""
-- Installing: /workspace/jazzy_ws/install/share/ament_index/resource_index/rosidl_interfaces/rosgraph_msgs
-- Installing: /workspace/jazzy_ws/install/share/rosgraph_msgs/msg/Clock.json
-- Installing: /workspace/jazzy_ws/install/include/rosgraph_msgs/rosgraph_msgs
-- Installing: /workspace/jazzy_ws/install/include/rosgraph_msgs/rosgraph_msgs/msg
-- Installing: /workspace/jazzy_ws/install/include/rosgraph_msgs/rosgraph_msgs/msg/detail
-- Installing: /workspace/jazzy_ws/install/include/rosgraph_msgs/rosgraph_msgs/msg/detail/clock__functions.h
-- Installing: /workspace/jazzy_ws/install/include/rosgraph_msgs/rosgraph_msgs/msg/detail/clock__struct.h
-- Installing: /workspace/jazzy_ws/install/include/rosgraph_msgs/rosgraph_msgs/msg/detail/clock__functions.c
-- Installing: /workspace/jazzy_ws/install/include/rosgraph_msgs/rosgraph_msgs/msg/detail/clock__description.c
-- Installing: /workspace/jazzy_ws/install/include/rosgraph_msgs/rosgraph_msgs/msg/detail/clock__type_support.c
-- Installing: /workspace/jazzy_ws/install/include/rosgraph_msgs/rosgraph_msgs/msg/detail/clock__type_support.h
-- Installing: /workspace/jazzy_ws/install/include/rosgraph_msgs/rosgraph_msgs/msg/clock.h
-- Installing: /workspace/jazzy_ws/install/include/rosgraph_msgs/rosgraph_msgs/msg/rosidl_generator_c__visibility_control.h
-- Installing: /workspace/jazzy_ws/install/share/rosgraph_msgs/environment/library_path.sh
-- Installing: /workspace/jazzy_ws/install/share/rosgraph_msgs/environment/library_path.dsv
-- Installing: /workspace/jazzy_ws/install/lib/librosgraph_msgs__rosidl_generator_c.so
-- Set non-toolchain portion of runtime path of "/workspace/jazzy_ws/install/lib/librosgraph_msgs__rosidl_generator_c.so" to ""
-- Up-to-date: /workspace/jazzy_ws/install/include/rosgraph_msgs/rosgraph_msgs
-- Up-to-date: /workspace/jazzy_ws/install/include/rosgraph_msgs/rosgraph_msgs/msg
-- Up-to-date: /workspace/jazzy_ws/install/include/rosgraph_msgs/rosgraph_msgs/msg/detail
-- Installing: /workspace/jazzy_ws/install/include/rosgraph_msgs/rosgraph_msgs/msg/detail/clock__rosidl_typesupport_fastrtps_c.h
-- Installing: /workspace/jazzy_ws/install/include/rosgraph_msgs/rosgraph_msgs/msg/rosidl_typesupport_fastrtps_c__visibility_control.h
-- Installing: /workspace/jazzy_ws/install/lib/librosgraph_msgs__rosidl_typesupport_fastrtps_c.so
-- Set non-toolchain portion of runtime path of "/workspace/jazzy_ws/install/lib/librosgraph_msgs__rosidl_typesupport_fastrtps_c.so" to ""
-- Up-to-date: /workspace/jazzy_ws/install/include/rosgraph_msgs/rosgraph_msgs
-- Up-to-date: /workspace/jazzy_ws/install/include/rosgraph_msgs/rosgraph_msgs/msg
-- Up-to-date: /workspace/jazzy_ws/install/include/rosgraph_msgs/rosgraph_msgs/msg/detail
-- Installing: /workspace/jazzy_ws/install/include/rosgraph_msgs/rosgraph_msgs/msg/detail/clock__builder.hpp
-- Installing: /workspace/jazzy_ws/install/include/rosgraph_msgs/rosgraph_msgs/msg/detail/clock__traits.hpp
-- Installing: /workspace/jazzy_ws/install/include/rosgraph_msgs/rosgraph_msgs/msg/detail/clock__type_support.hpp
-- Installing: /workspace/jazzy_ws/install/include/rosgraph_msgs/rosgraph_msgs/msg/detail/clock__struct.hpp
-- Installing: /workspace/jazzy_ws/install/include/rosgraph_msgs/rosgraph_msgs/msg/rosidl_generator_cpp__visibility_control.hpp
-- Installing: /workspace/jazzy_ws/install/include/rosgraph_msgs/rosgraph_msgs/msg/clock.hpp
-- Up-to-date: /workspace/jazzy_ws/install/include/rosgraph_msgs/rosgraph_msgs
-- Up-to-date: /workspace/jazzy_ws/install/include/rosgraph_msgs/rosgraph_msgs/msg
-- Up-to-date: /workspace/jazzy_ws/install/include/rosgraph_msgs/rosgraph_msgs/msg/detail
-- Installing: /workspace/jazzy_ws/install/include/rosgraph_msgs/rosgraph_msgs/msg/detail/clock__rosidl_typesupport_fastrtps_cpp.hpp
-- Installing: /workspace/jazzy_ws/install/include/rosgraph_msgs/rosgraph_msgs/msg/detail/dds_fastrtps
-- Installing: /workspace/jazzy_ws/install/include/rosgraph_msgs/rosgraph_msgs/msg/rosidl_typesupport_fastrtps_cpp__visibility_control.h
-- Installing: /workspace/jazzy_ws/install/lib/librosgraph_msgs__rosidl_typesupport_fastrtps_cpp.so
-- Set non-toolchain portion of runtime path of "/workspace/jazzy_ws/install/lib/librosgraph_msgs__rosidl_typesupport_fastrtps_cpp.so" to ""
-- Up-to-date: /workspace/jazzy_ws/install/include/rosgraph_msgs/rosgraph_msgs
-- Up-to-date: /workspace/jazzy_ws/install/include/rosgraph_msgs/rosgraph_msgs/msg
-- Up-to-date: /workspace/jazzy_ws/install/include/rosgraph_msgs/rosgraph_msgs/msg/detail
-- Installing: /workspace/jazzy_ws/install/include/rosgraph_msgs/rosgraph_msgs/msg/detail/clock__rosidl_typesupport_introspection_c.h
-- Up-to-date: /workspace/jazzy_ws/install/include/rosgraph_msgs/rosgraph_msgs/msg/detail/clock__type_support.c
-- Installing: /workspace/jazzy_ws/install/include/rosgraph_msgs/rosgraph_msgs/msg/rosidl_typesupport_introspection_c__visibility_control.h
-- Installing: /workspace/jazzy_ws/install/lib/librosgraph_msgs__rosidl_typesupport_introspection_c.so
-- Set non-toolchain portion of runtime path of "/workspace/jazzy_ws/install/lib/librosgraph_msgs__rosidl_typesupport_introspection_c.so" to ""
-- Installing: /workspace/jazzy_ws/install/lib/librosgraph_msgs__rosidl_typesupport_c.so
-- Set non-toolchain portion of runtime path of "/workspace/jazzy_ws/install/lib/librosgraph_msgs__rosidl_typesupport_c.so" to ""
-- Up-to-date: /workspace/jazzy_ws/install/include/rosgraph_msgs/rosgraph_msgs
-- Up-to-date: /workspace/jazzy_ws/install/include/rosgraph_msgs/rosgraph_msgs/msg
-- Up-to-date: /workspace/jazzy_ws/install/include/rosgraph_msgs/rosgraph_msgs/msg/detail
-- Installing: /workspace/jazzy_ws/install/include/rosgraph_msgs/rosgraph_msgs/msg/detail/clock__rosidl_typesupport_introspection_cpp.hpp
-- Installing: /workspace/jazzy_ws/install/include/rosgraph_msgs/rosgraph_msgs/msg/detail/clock__type_support.cpp
-- Installing: /workspace/jazzy_ws/install/lib/librosgraph_msgs__rosidl_typesupport_introspection_cpp.so
-- Set non-toolchain portion of runtime path of "/workspace/jazzy_ws/install/lib/librosgraph_msgs__rosidl_typesupport_introspection_cpp.so" to ""
-- Installing: /workspace/jazzy_ws/install/lib/librosgraph_msgs__rosidl_typesupport_cpp.so
-- Set non-toolchain portion of runtime path of "/workspace/jazzy_ws/install/lib/librosgraph_msgs__rosidl_typesupport_cpp.so" to ""
-- Installing: /workspace/jazzy_ws/install/share/rosgraph_msgs/environment/pythonpath.sh
-- Installing: /workspace/jazzy_ws/install/share/rosgraph_msgs/environment/pythonpath.dsv
-- Installing: /workspace/jazzy_ws/install/lib/python3.12/site-packages/rosgraph_msgs-2.0.3-py3.12.egg-info
-- Installing: /workspace/jazzy_ws/install/lib/python3.12/site-packages/rosgraph_msgs-2.0.3-py3.12.egg-info/PKG-INFO
-- Installing: /workspace/jazzy_ws/install/lib/python3.12/site-packages/rosgraph_msgs-2.0.3-py3.12.egg-info/SOURCES.txt
-- Installing: /workspace/jazzy_ws/install/lib/python3.12/site-packages/rosgraph_msgs-2.0.3-py3.12.egg-info/top_level.txt
-- Installing: /workspace/jazzy_ws/install/lib/python3.12/site-packages/rosgraph_msgs-2.0.3-py3.12.egg-info/dependency_links.txt
-- Installing: /workspace/jazzy_ws/install/lib/python3.12/site-packages/rosgraph_msgs
-- Installing: /workspace/jazzy_ws/install/lib/python3.12/site-packages/rosgraph_msgs/_rosgraph_msgs_s.ep.rosidl_typesupport_c.c
-- Installing: /workspace/jazzy_ws/install/lib/python3.12/site-packages/rosgraph_msgs/_rosgraph_msgs_s.ep.rosidl_typesupport_fastrtps_c.c
-- Installing: /workspace/jazzy_ws/install/lib/python3.12/site-packages/rosgraph_msgs/msg
-- Installing: /workspace/jazzy_ws/install/lib/python3.12/site-packages/rosgraph_msgs/msg/_clock.py
-- Installing: /workspace/jazzy_ws/install/lib/python3.12/site-packages/rosgraph_msgs/msg/__init__.py
-- Installing: /workspace/jazzy_ws/install/lib/python3.12/site-packages/rosgraph_msgs/msg/_clock_s.c
-- Installing: /workspace/jazzy_ws/install/lib/python3.12/site-packages/rosgraph_msgs/rosgraph_msgs_s__rosidl_typesupport_introspection_c.so
-- Installing: /workspace/jazzy_ws/install/lib/python3.12/site-packages/rosgraph_msgs/__init__.py
-- Installing: /workspace/jazzy_ws/install/lib/python3.12/site-packages/rosgraph_msgs/rosgraph_msgs_s__rosidl_typesupport_fastrtps_c.so
-- Installing: /workspace/jazzy_ws/install/lib/python3.12/site-packages/rosgraph_msgs/rosgraph_msgs_s__rosidl_typesupport_c.so
-- Installing: /workspace/jazzy_ws/install/lib/python3.12/site-packages/rosgraph_msgs/_rosgraph_msgs_s.ep.rosidl_typesupport_introspection_c.c
Listing '/workspace/jazzy_ws/install/lib/python3.12/site-packages/rosgraph_msgs'...
Compiling '/workspace/jazzy_ws/install/lib/python3.12/site-packages/rosgraph_msgs/__init__.py'...
Listing '/workspace/jazzy_ws/install/lib/python3.12/site-packages/rosgraph_msgs/msg'...
Compiling '/workspace/jazzy_ws/install/lib/python3.12/site-packages/rosgraph_msgs/msg/__init__.py'...
Compiling '/workspace/jazzy_ws/install/lib/python3.12/site-packages/rosgraph_msgs/msg/_clock.py'...
-- Installing: /workspace/jazzy_ws/install/lib/python3.12/site-packages/rosgraph_msgs/rosgraph_msgs_s__rosidl_typesupport_fastrtps_c.so
-- Set non-toolchain portion of runtime path of "/workspace/jazzy_ws/install/lib/python3.12/site-packages/rosgraph_msgs/rosgraph_msgs_s__rosidl_typesupport_fastrtps_c.so" to ""
-- Installing: /workspace/jazzy_ws/install/lib/python3.12/site-packages/rosgraph_msgs/rosgraph_msgs_s__rosidl_typesupport_introspection_c.so
-- Set non-toolchain portion of runtime path of "/workspace/jazzy_ws/install/lib/python3.12/site-packages/rosgraph_msgs/rosgraph_msgs_s__rosidl_typesupport_introspection_c.so" to ""
-- Installing: /workspace/jazzy_ws/install/lib/python3.12/site-packages/rosgraph_msgs/rosgraph_msgs_s__rosidl_typesupport_c.so
-- Set non-toolchain portion of runtime path of "/workspace/jazzy_ws/install/lib/python3.12/site-packages/rosgraph_msgs/rosgraph_msgs_s__rosidl_typesupport_c.so" to ""
-- Installing: /workspace/jazzy_ws/install/lib/librosgraph_msgs__rosidl_generator_py.so
-- Set non-toolchain portion of runtime path of "/workspace/jazzy_ws/install/lib/librosgraph_msgs__rosidl_generator_py.so" to ""
-- Installing: /workspace/jazzy_ws/install/share/rosgraph_msgs/msg/Clock.idl
-- Installing: /workspace/jazzy_ws/install/share/rosgraph_msgs/msg/Clock.msg
-- Installing: /workspace/jazzy_ws/install/share/ament_index/resource_index/package_run_dependencies/rosgraph_msgs
-- Installing: /workspace/jazzy_ws/install/share/ament_index/resource_index/parent_prefix_path/rosgraph_msgs
-- Installing: /workspace/jazzy_ws/install/share/rosgraph_msgs/environment/ament_prefix_path.sh
-- Installing: /workspace/jazzy_ws/install/share/rosgraph_msgs/environment/ament_prefix_path.dsv
-- Installing: /workspace/jazzy_ws/install/share/rosgraph_msgs/environment/path.sh
-- Installing: /workspace/jazzy_ws/install/share/rosgraph_msgs/environment/path.dsv
-- Installing: /workspace/jazzy_ws/install/share/rosgraph_msgs/local_setup.bash
-- Installing: /workspace/jazzy_ws/install/share/rosgraph_msgs/local_setup.sh
-- Installing: /workspace/jazzy_ws/install/share/rosgraph_msgs/local_setup.zsh
-- Installing: /workspace/jazzy_ws/install/share/rosgraph_msgs/local_setup.dsv
-- Installing: /workspace/jazzy_ws/install/share/rosgraph_msgs/package.dsv
-- Installing: /workspace/jazzy_ws/install/share/ament_index/resource_index/packages/rosgraph_msgs
-- Installing: /workspace/jazzy_ws/install/share/rosgraph_msgs/cmake/export_rosgraph_msgs__rosidl_generator_cExport.cmake
-- Installing: /workspace/jazzy_ws/install/share/rosgraph_msgs/cmake/export_rosgraph_msgs__rosidl_generator_cExport-noconfig.cmake
-- Installing: /workspace/jazzy_ws/install/share/rosgraph_msgs/cmake/export_rosgraph_msgs__rosidl_typesupport_fastrtps_cExport.cmake
-- Installing: /workspace/jazzy_ws/install/share/rosgraph_msgs/cmake/export_rosgraph_msgs__rosidl_typesupport_fastrtps_cExport-noconfig.cmake
-- Installing: /workspace/jazzy_ws/install/share/rosgraph_msgs/cmake/export_rosgraph_msgs__rosidl_generator_cppExport.cmake
-- Installing: /workspace/jazzy_ws/install/share/rosgraph_msgs/cmake/export_rosgraph_msgs__rosidl_typesupport_fastrtps_cppExport.cmake
-- Installing: /workspace/jazzy_ws/install/share/rosgraph_msgs/cmake/export_rosgraph_msgs__rosidl_typesupport_fastrtps_cppExport-noconfig.cmake
-- Installing: /workspace/jazzy_ws/install/share/rosgraph_msgs/cmake/rosgraph_msgs__rosidl_typesupport_introspection_cExport.cmake
-- Installing: /workspace/jazzy_ws/install/share/rosgraph_msgs/cmake/rosgraph_msgs__rosidl_typesupport_introspection_cExport-noconfig.cmake
-- Installing: /workspace/jazzy_ws/install/share/rosgraph_msgs/cmake/rosgraph_msgs__rosidl_typesupport_cExport.cmake
-- Installing: /workspace/jazzy_ws/install/share/rosgraph_msgs/cmake/rosgraph_msgs__rosidl_typesupport_cExport-noconfig.cmake
-- Installing: /workspace/jazzy_ws/install/share/rosgraph_msgs/cmake/rosgraph_msgs__rosidl_typesupport_introspection_cppExport.cmake
-- Installing: /workspace/jazzy_ws/install/share/rosgraph_msgs/cmake/rosgraph_msgs__rosidl_typesupport_introspection_cppExport-noconfig.cmake
-- Installing: /workspace/jazzy_ws/install/share/rosgraph_msgs/cmake/rosgraph_msgs__rosidl_typesupport_cppExport.cmake
-- Installing: /workspace/jazzy_ws/install/share/rosgraph_msgs/cmake/rosgraph_msgs__rosidl_typesupport_cppExport-noconfig.cmake
-- Installing: /workspace/jazzy_ws/install/share/rosgraph_msgs/cmake/export_rosgraph_msgs__rosidl_generator_pyExport.cmake
-- Installing: /workspace/jazzy_ws/install/share/rosgraph_msgs/cmake/export_rosgraph_msgs__rosidl_generator_pyExport-noconfig.cmake
-- Installing: /workspace/jazzy_ws/install/share/rosgraph_msgs/cmake/rosidl_cmake-extras.cmake
-- Installing: /workspace/jazzy_ws/install/share/rosgraph_msgs/cmake/ament_cmake_export_dependencies-extras.cmake
-- Installing: /workspace/jazzy_ws/install/share/rosgraph_msgs/cmake/ament_cmake_export_include_directories-extras.cmake
-- Installing: /workspace/jazzy_ws/install/share/rosgraph_msgs/cmake/ament_cmake_export_libraries-extras.cmake
-- Installing: /workspace/jazzy_ws/install/share/rosgraph_msgs/cmake/ament_cmake_export_targets-extras.cmake
-- Installing: /workspace/jazzy_ws/install/share/rosgraph_msgs/cmake/rosidl_cmake_export_typesupport_targets-extras.cmake
-- Installing: /workspace/jazzy_ws/install/share/rosgraph_msgs/cmake/rosidl_cmake_export_typesupport_libraries-extras.cmake
-- Installing: /workspace/jazzy_ws/install/share/rosgraph_msgs/cmake/rosgraph_msgsConfig.cmake
-- Installing: /workspace/jazzy_ws/install/share/rosgraph_msgs/cmake/rosgraph_msgsConfig-version.cmake
-- Installing: /workspace/jazzy_ws/install/share/rosgraph_msgs/package.xml
