[0.088s] Invoking command in '/workspace/jazzy_ws/build/rosgraph_msgs': AMENT_PREFIX_PATH=/workspace/jazzy_ws/install CMAKE_PREFIX_PATH=/workspace/jazzy_ws/install LD_LIBRARY_PATH=/workspace/jazzy_ws/install/lib:/workspace/jazzy_ws/install/opt/mimick_vendor/lib PATH=/workspace/jazzy_ws/install/bin:/workspace/jazzy_ws/install/opt/uncrustify_vendor/bin:${PATH} PKG_CONFIG_PATH=/workspace/jazzy_ws/install/lib/x86_64-linux-gnu/pkgconfig:/workspace/jazzy_ws/install/lib/pkgconfig PYTHONPATH=/workspace/jazzy_ws/install/lib/python3.12/site-packages /usr/bin/cmake /workspace/jazzy_ws/src/rcl_interfaces/rosgraph_msgs -DCMAKE_INSTALL_PREFIX=/workspace/jazzy_ws/install
[0.118s] -- The C compiler identification is GNU 13.3.0
[0.149s] -- The CXX compiler identification is GNU 13.3.0
[0.157s] -- Detecting C compiler ABI info
[0.204s] -- Detecting C compiler ABI info - done
[0.209s] -- Check for working C compiler: /usr/bin/cc - skipped
[0.209s] -- Detecting C compile features
[0.209s] -- Detecting C compile features - done
[0.215s] -- Detecting CXX compiler ABI info
[0.268s] -- Detecting CXX compiler ABI info - done
[0.272s] -- Check for working CXX compiler: /usr/bin/c++ - skipped
[0.272s] -- Detecting CXX compile features
[0.272s] -- Detecting CXX compile features - done
[0.273s] -- Found ament_cmake: 2.5.5 (/workspace/jazzy_ws/install/share/ament_cmake/cmake)
[0.339s] -- Found Python3: /usr/bin/python3 (found version "3.12.3") found components: Interpreter 
[0.391s] -- Found builtin_interfaces: 2.0.3 (/workspace/jazzy_ws/install/share/builtin_interfaces/cmake)
[0.406s] -- Found rosidl_generator_c: 4.6.7 (/workspace/jazzy_ws/install/share/rosidl_generator_c/cmake)
[0.412s] -- Found rosidl_generator_cpp: 4.6.7 (/workspace/jazzy_ws/install/share/rosidl_generator_cpp/cmake)
[0.419s] -- Using all available rosidl_typesupport_c: rosidl_typesupport_fastrtps_c;rosidl_typesupport_introspection_c
[0.428s] -- Using all available rosidl_typesupport_cpp: rosidl_typesupport_fastrtps_cpp;rosidl_typesupport_introspection_cpp
[0.436s] -- Found rosidl_default_generators: 1.6.0 (/workspace/jazzy_ws/install/share/rosidl_default_generators/cmake)
[0.441s] -- Found rosidl_adapter: 4.6.7 (/workspace/jazzy_ws/install/share/rosidl_adapter/cmake)
[0.728s] -- Found ament_cmake_cppcheck: 0.17.4 (/workspace/jazzy_ws/install/share/ament_cmake_cppcheck/cmake)
[0.729s] -- Found ament_cmake_cpplint: 0.17.4 (/workspace/jazzy_ws/install/share/ament_cmake_cpplint/cmake)
[0.730s] -- Found ament_cmake_uncrustify: 0.17.4 (/workspace/jazzy_ws/install/share/ament_cmake_uncrustify/cmake)
[0.731s] -- Found ament_cmake_ros: 0.12.0 (/workspace/jazzy_ws/install/share/ament_cmake_ros/cmake)
[1.088s] -- Using all available rosidl_typesupport_c: rosidl_typesupport_fastrtps_c;rosidl_typesupport_introspection_c
[1.227s] -- Using all available rosidl_typesupport_cpp: rosidl_typesupport_fastrtps_cpp;rosidl_typesupport_introspection_cpp
[1.229s] -- Found python_cmake_module: 0.11.1 (/workspace/jazzy_ws/install/share/python_cmake_module/cmake)
[1.297s] -- Found PythonExtra: /usr/bin/python3  
[1.650s] -- Found Python3: /usr/bin/python3 (found version "3.12.3") found components: Interpreter Development NumPy Development.Module Development.Embed 
[1.670s] -- Found ament_cmake_flake8: 0.17.4 (/workspace/jazzy_ws/install/share/ament_cmake_flake8/cmake)
[1.671s] -- Found ament_cmake_pep257: 0.17.4 (/workspace/jazzy_ws/install/share/ament_cmake_pep257/cmake)
[1.676s] -- Configuring done (1.6s)
[1.737s] -- Generating done (0.1s)
[1.761s] -- Build files have been written to: /workspace/jazzy_ws/build/rosgraph_msgs
[1.778s] Invoked command in '/workspace/jazzy_ws/build/rosgraph_msgs' returned '0': AMENT_PREFIX_PATH=/workspace/jazzy_ws/install CMAKE_PREFIX_PATH=/workspace/jazzy_ws/install LD_LIBRARY_PATH=/workspace/jazzy_ws/install/lib:/workspace/jazzy_ws/install/opt/mimick_vendor/lib PATH=/workspace/jazzy_ws/install/bin:/workspace/jazzy_ws/install/opt/uncrustify_vendor/bin:${PATH} PKG_CONFIG_PATH=/workspace/jazzy_ws/install/lib/x86_64-linux-gnu/pkgconfig:/workspace/jazzy_ws/install/lib/pkgconfig PYTHONPATH=/workspace/jazzy_ws/install/lib/python3.12/site-packages /usr/bin/cmake /workspace/jazzy_ws/src/rcl_interfaces/rosgraph_msgs -DCMAKE_INSTALL_PREFIX=/workspace/jazzy_ws/install
[1.778s] Invoking command in '/workspace/jazzy_ws/build/rosgraph_msgs': AMENT_PREFIX_PATH=/workspace/jazzy_ws/install CMAKE_PREFIX_PATH=/workspace/jazzy_ws/install LD_LIBRARY_PATH=/workspace/jazzy_ws/install/lib:/workspace/jazzy_ws/install/opt/mimick_vendor/lib PATH=/workspace/jazzy_ws/install/bin:/workspace/jazzy_ws/install/opt/uncrustify_vendor/bin:${PATH} PKG_CONFIG_PATH=/workspace/jazzy_ws/install/lib/x86_64-linux-gnu/pkgconfig:/workspace/jazzy_ws/install/lib/pkgconfig PYTHONPATH=/workspace/jazzy_ws/install/lib/python3.12/site-packages /usr/bin/cmake --build /workspace/jazzy_ws/build/rosgraph_msgs -- -j24 -l24
[1.816s] [  2%] Generating type hashes for ROS interfaces
[1.832s] [  2%] Built target ament_cmake_python_copy_rosgraph_msgs
[1.935s] [  2%] Built target rosgraph_msgs__rosidl_generator_type_description
[1.946s] running egg_info
[1.953s] [  5%] Generating C++ code for ROS interfaces
[1.953s] [  8%] Generating C code for ROS interfaces
[1.954s] creating rosgraph_msgs.egg-info
[1.954s] writing rosgraph_msgs.egg-info/PKG-INFO
[1.954s] writing dependency_links to rosgraph_msgs.egg-info/dependency_links.txt
[1.954s] writing top-level names to rosgraph_msgs.egg-info/top_level.txt
[1.954s] writing manifest file 'rosgraph_msgs.egg-info/SOURCES.txt'
[1.967s] reading manifest file 'rosgraph_msgs.egg-info/SOURCES.txt'
[1.969s] writing manifest file 'rosgraph_msgs.egg-info/SOURCES.txt'
[1.986s] [  8%] Built target ament_cmake_python_build_rosgraph_msgs_egg
[2.081s] [ 11%] Building C object CMakeFiles/rosgraph_msgs__rosidl_generator_c.dir/rosidl_generator_c/rosgraph_msgs/msg/detail/clock__description.c.o
[2.083s] [ 17%] Building C object CMakeFiles/rosgraph_msgs__rosidl_generator_c.dir/rosidl_generator_c/rosgraph_msgs/msg/detail/clock__type_support.c.o
[2.083s] [ 17%] Building C object CMakeFiles/rosgraph_msgs__rosidl_generator_c.dir/rosidl_generator_c/rosgraph_msgs/msg/detail/clock__functions.c.o
[2.083s] [ 17%] Built target rosgraph_msgs__cpp
[2.109s] [ 20%] Linking C shared library librosgraph_msgs__rosidl_generator_c.so
[2.132s] [ 20%] Built target rosgraph_msgs__rosidl_generator_c
[2.138s] [ 23%] Generating C++ type support dispatch for ROS interfaces
[2.138s] [ 38%] Generating C type support for eProsima Fast-RTPS
[2.138s] [ 38%] Generating C++ introspection for ROS interfaces
[2.138s] [ 38%] Generating C introspection for ROS interfaces
[2.138s] [ 38%] Generating C++ type support for eProsima Fast-RTPS
[2.138s] [ 38%] Generating C type support dispatch for ROS interfaces
[2.284s] [ 41%] Building CXX object CMakeFiles/rosgraph_msgs__rosidl_typesupport_c.dir/rosidl_typesupport_c/rosgraph_msgs/msg/clock__type_support.cpp.o
[2.288s] [ 44%] Building CXX object CMakeFiles/rosgraph_msgs__rosidl_typesupport_fastrtps_c.dir/rosidl_typesupport_fastrtps_c/rosgraph_msgs/msg/detail/clock__type_support_c.cpp.o
[2.296s] [ 47%] Building CXX object CMakeFiles/rosgraph_msgs__rosidl_typesupport_introspection_cpp.dir/rosidl_typesupport_introspection_cpp/rosgraph_msgs/msg/detail/clock__type_support.cpp.o
[2.296s] [ 50%] Building CXX object CMakeFiles/rosgraph_msgs__rosidl_typesupport_cpp.dir/rosidl_typesupport_cpp/rosgraph_msgs/msg/clock__type_support.cpp.o
[2.309s] [ 52%] Building C object CMakeFiles/rosgraph_msgs__rosidl_typesupport_introspection_c.dir/rosidl_typesupport_introspection_c/rosgraph_msgs/msg/detail/clock__type_support.c.o
[2.324s] [ 55%] Linking CXX shared library librosgraph_msgs__rosidl_typesupport_c.so
[2.331s] [ 58%] Linking C shared library librosgraph_msgs__rosidl_typesupport_introspection_c.so
[2.340s] [ 61%] Building CXX object CMakeFiles/rosgraph_msgs__rosidl_typesupport_fastrtps_cpp.dir/rosidl_typesupport_fastrtps_cpp/rosgraph_msgs/msg/detail/dds_fastrtps/clock__type_support.cpp.o
[2.353s] [ 61%] Built target rosgraph_msgs__rosidl_typesupport_c
[2.354s] [ 61%] Built target rosgraph_msgs__rosidl_typesupport_introspection_c
[2.493s] [ 64%] Linking CXX shared library librosgraph_msgs__rosidl_typesupport_introspection_cpp.so
[2.496s] [ 67%] Linking CXX shared library librosgraph_msgs__rosidl_typesupport_cpp.so
[2.533s] [ 67%] Built target rosgraph_msgs__rosidl_typesupport_cpp
[2.537s] [ 67%] Built target rosgraph_msgs__rosidl_typesupport_introspection_cpp
[2.602s] [ 70%] Linking CXX shared library librosgraph_msgs__rosidl_typesupport_fastrtps_c.so
[2.627s] [ 73%] Linking CXX shared library librosgraph_msgs__rosidl_typesupport_fastrtps_cpp.so
[2.647s] [ 73%] Built target rosgraph_msgs__rosidl_typesupport_fastrtps_c
[2.678s] [ 73%] Built target rosgraph_msgs__rosidl_typesupport_fastrtps_cpp
[2.699s] [ 73%] Built target rosgraph_msgs
[2.714s] [ 76%] Generating Python code for ROS interfaces
[2.915s] [ 76%] Built target rosgraph_msgs__py
[2.933s] [ 79%] Building C object CMakeFiles/rosgraph_msgs__rosidl_generator_py.dir/rosidl_generator_py/rosgraph_msgs/msg/_clock_s.c.o
[3.030s] [ 82%] Linking C shared library librosgraph_msgs__rosidl_generator_py.so
[3.076s] [ 82%] Built target rosgraph_msgs__rosidl_generator_py
[3.101s] [ 85%] Building C object CMakeFiles/rosgraph_msgs_s__rosidl_typesupport_introspection_c.dir/rosidl_generator_py/rosgraph_msgs/_rosgraph_msgs_s.ep.rosidl_typesupport_introspection_c.c.o
[3.104s] [ 88%] Building C object CMakeFiles/rosgraph_msgs_s__rosidl_typesupport_c.dir/rosidl_generator_py/rosgraph_msgs/_rosgraph_msgs_s.ep.rosidl_typesupport_c.c.o
[3.107s] [ 91%] Building C object CMakeFiles/rosgraph_msgs_s__rosidl_typesupport_fastrtps_c.dir/rosidl_generator_py/rosgraph_msgs/_rosgraph_msgs_s.ep.rosidl_typesupport_fastrtps_c.c.o
[3.172s] [ 94%] Linking C shared module rosidl_generator_py/rosgraph_msgs/rosgraph_msgs_s__rosidl_typesupport_introspection_c.so
[3.191s] [ 94%] Built target rosgraph_msgs_s__rosidl_typesupport_introspection_c
[3.195s] [ 97%] Linking C shared module rosidl_generator_py/rosgraph_msgs/rosgraph_msgs_s__rosidl_typesupport_c.so
[3.198s] [100%] Linking C shared module rosidl_generator_py/rosgraph_msgs/rosgraph_msgs_s__rosidl_typesupport_fastrtps_c.so
[3.216s] [100%] Built target rosgraph_msgs_s__rosidl_typesupport_c
[3.222s] [100%] Built target rosgraph_msgs_s__rosidl_typesupport_fastrtps_c
[3.231s] Invoked command in '/workspace/jazzy_ws/build/rosgraph_msgs' returned '0': AMENT_PREFIX_PATH=/workspace/jazzy_ws/install CMAKE_PREFIX_PATH=/workspace/jazzy_ws/install LD_LIBRARY_PATH=/workspace/jazzy_ws/install/lib:/workspace/jazzy_ws/install/opt/mimick_vendor/lib PATH=/workspace/jazzy_ws/install/bin:/workspace/jazzy_ws/install/opt/uncrustify_vendor/bin:${PATH} PKG_CONFIG_PATH=/workspace/jazzy_ws/install/lib/x86_64-linux-gnu/pkgconfig:/workspace/jazzy_ws/install/lib/pkgconfig PYTHONPATH=/workspace/jazzy_ws/install/lib/python3.12/site-packages /usr/bin/cmake --build /workspace/jazzy_ws/build/rosgraph_msgs -- -j24 -l24
[3.231s] Invoking command in '/workspace/jazzy_ws/build/rosgraph_msgs': AMENT_PREFIX_PATH=/workspace/jazzy_ws/install CMAKE_PREFIX_PATH=/workspace/jazzy_ws/install LD_LIBRARY_PATH=/workspace/jazzy_ws/install/lib:/workspace/jazzy_ws/install/opt/mimick_vendor/lib PATH=/workspace/jazzy_ws/install/bin:/workspace/jazzy_ws/install/opt/uncrustify_vendor/bin:${PATH} PKG_CONFIG_PATH=/workspace/jazzy_ws/install/lib/x86_64-linux-gnu/pkgconfig:/workspace/jazzy_ws/install/lib/pkgconfig PYTHONPATH=/workspace/jazzy_ws/install/lib/python3.12/site-packages /usr/bin/cmake --install /workspace/jazzy_ws/build/rosgraph_msgs
[3.236s] -- Install configuration: ""
[3.236s] -- Installing: /workspace/jazzy_ws/install/share/ament_index/resource_index/rosidl_interfaces/rosgraph_msgs
[3.236s] -- Installing: /workspace/jazzy_ws/install/share/rosgraph_msgs/msg/Clock.json
[3.236s] -- Installing: /workspace/jazzy_ws/install/include/rosgraph_msgs/rosgraph_msgs
[3.237s] -- Installing: /workspace/jazzy_ws/install/include/rosgraph_msgs/rosgraph_msgs/msg
[3.237s] -- Installing: /workspace/jazzy_ws/install/include/rosgraph_msgs/rosgraph_msgs/msg/detail
[3.237s] -- Installing: /workspace/jazzy_ws/install/include/rosgraph_msgs/rosgraph_msgs/msg/detail/clock__functions.h
[3.237s] -- Installing: /workspace/jazzy_ws/install/include/rosgraph_msgs/rosgraph_msgs/msg/detail/clock__struct.h
[3.237s] -- Installing: /workspace/jazzy_ws/install/include/rosgraph_msgs/rosgraph_msgs/msg/detail/clock__functions.c
[3.237s] -- Installing: /workspace/jazzy_ws/install/include/rosgraph_msgs/rosgraph_msgs/msg/detail/clock__description.c
[3.237s] -- Installing: /workspace/jazzy_ws/install/include/rosgraph_msgs/rosgraph_msgs/msg/detail/clock__type_support.c
[3.237s] -- Installing: /workspace/jazzy_ws/install/include/rosgraph_msgs/rosgraph_msgs/msg/detail/clock__type_support.h
[3.237s] -- Installing: /workspace/jazzy_ws/install/include/rosgraph_msgs/rosgraph_msgs/msg/clock.h
[3.237s] -- Installing: /workspace/jazzy_ws/install/include/rosgraph_msgs/rosgraph_msgs/msg/rosidl_generator_c__visibility_control.h
[3.237s] -- Installing: /workspace/jazzy_ws/install/share/rosgraph_msgs/environment/library_path.sh
[3.237s] -- Installing: /workspace/jazzy_ws/install/share/rosgraph_msgs/environment/library_path.dsv
[3.237s] -- Installing: /workspace/jazzy_ws/install/lib/librosgraph_msgs__rosidl_generator_c.so
[3.237s] -- Set non-toolchain portion of runtime path of "/workspace/jazzy_ws/install/lib/librosgraph_msgs__rosidl_generator_c.so" to ""
[3.238s] -- Up-to-date: /workspace/jazzy_ws/install/include/rosgraph_msgs/rosgraph_msgs
[3.238s] -- Up-to-date: /workspace/jazzy_ws/install/include/rosgraph_msgs/rosgraph_msgs/msg
[3.238s] -- Up-to-date: /workspace/jazzy_ws/install/include/rosgraph_msgs/rosgraph_msgs/msg/detail
[3.239s] -- Installing: /workspace/jazzy_ws/install/include/rosgraph_msgs/rosgraph_msgs/msg/detail/clock__rosidl_typesupport_fastrtps_c.h
[3.239s] -- Installing: /workspace/jazzy_ws/install/include/rosgraph_msgs/rosgraph_msgs/msg/rosidl_typesupport_fastrtps_c__visibility_control.h
[3.239s] -- Installing: /workspace/jazzy_ws/install/lib/librosgraph_msgs__rosidl_typesupport_fastrtps_c.so
[3.239s] -- Set non-toolchain portion of runtime path of "/workspace/jazzy_ws/install/lib/librosgraph_msgs__rosidl_typesupport_fastrtps_c.so" to ""
[3.240s] -- Up-to-date: /workspace/jazzy_ws/install/include/rosgraph_msgs/rosgraph_msgs
[3.240s] -- Up-to-date: /workspace/jazzy_ws/install/include/rosgraph_msgs/rosgraph_msgs/msg
[3.240s] -- Up-to-date: /workspace/jazzy_ws/install/include/rosgraph_msgs/rosgraph_msgs/msg/detail
[3.240s] -- Installing: /workspace/jazzy_ws/install/include/rosgraph_msgs/rosgraph_msgs/msg/detail/clock__builder.hpp
[3.240s] -- Installing: /workspace/jazzy_ws/install/include/rosgraph_msgs/rosgraph_msgs/msg/detail/clock__traits.hpp
[3.240s] -- Installing: /workspace/jazzy_ws/install/include/rosgraph_msgs/rosgraph_msgs/msg/detail/clock__type_support.hpp
[3.240s] -- Installing: /workspace/jazzy_ws/install/include/rosgraph_msgs/rosgraph_msgs/msg/detail/clock__struct.hpp
[3.240s] -- Installing: /workspace/jazzy_ws/install/include/rosgraph_msgs/rosgraph_msgs/msg/rosidl_generator_cpp__visibility_control.hpp
[3.240s] -- Installing: /workspace/jazzy_ws/install/include/rosgraph_msgs/rosgraph_msgs/msg/clock.hpp
[3.240s] -- Up-to-date: /workspace/jazzy_ws/install/include/rosgraph_msgs/rosgraph_msgs
[3.240s] -- Up-to-date: /workspace/jazzy_ws/install/include/rosgraph_msgs/rosgraph_msgs/msg
[3.240s] -- Up-to-date: /workspace/jazzy_ws/install/include/rosgraph_msgs/rosgraph_msgs/msg/detail
[3.240s] -- Installing: /workspace/jazzy_ws/install/include/rosgraph_msgs/rosgraph_msgs/msg/detail/clock__rosidl_typesupport_fastrtps_cpp.hpp
[3.240s] -- Installing: /workspace/jazzy_ws/install/include/rosgraph_msgs/rosgraph_msgs/msg/detail/dds_fastrtps
[3.240s] -- Installing: /workspace/jazzy_ws/install/include/rosgraph_msgs/rosgraph_msgs/msg/rosidl_typesupport_fastrtps_cpp__visibility_control.h
[3.240s] -- Installing: /workspace/jazzy_ws/install/lib/librosgraph_msgs__rosidl_typesupport_fastrtps_cpp.so
[3.240s] -- Set non-toolchain portion of runtime path of "/workspace/jazzy_ws/install/lib/librosgraph_msgs__rosidl_typesupport_fastrtps_cpp.so" to ""
[3.240s] -- Up-to-date: /workspace/jazzy_ws/install/include/rosgraph_msgs/rosgraph_msgs
[3.240s] -- Up-to-date: /workspace/jazzy_ws/install/include/rosgraph_msgs/rosgraph_msgs/msg
[3.240s] -- Up-to-date: /workspace/jazzy_ws/install/include/rosgraph_msgs/rosgraph_msgs/msg/detail
[3.241s] -- Installing: /workspace/jazzy_ws/install/include/rosgraph_msgs/rosgraph_msgs/msg/detail/clock__rosidl_typesupport_introspection_c.h
[3.241s] -- Up-to-date: /workspace/jazzy_ws/install/include/rosgraph_msgs/rosgraph_msgs/msg/detail/clock__type_support.c
[3.241s] -- Installing: /workspace/jazzy_ws/install/include/rosgraph_msgs/rosgraph_msgs/msg/rosidl_typesupport_introspection_c__visibility_control.h
[3.241s] -- Installing: /workspace/jazzy_ws/install/lib/librosgraph_msgs__rosidl_typesupport_introspection_c.so
[3.241s] -- Set non-toolchain portion of runtime path of "/workspace/jazzy_ws/install/lib/librosgraph_msgs__rosidl_typesupport_introspection_c.so" to ""
[3.241s] -- Installing: /workspace/jazzy_ws/install/lib/librosgraph_msgs__rosidl_typesupport_c.so
[3.241s] -- Set non-toolchain portion of runtime path of "/workspace/jazzy_ws/install/lib/librosgraph_msgs__rosidl_typesupport_c.so" to ""
[3.241s] -- Up-to-date: /workspace/jazzy_ws/install/include/rosgraph_msgs/rosgraph_msgs
[3.241s] -- Up-to-date: /workspace/jazzy_ws/install/include/rosgraph_msgs/rosgraph_msgs/msg
[3.241s] -- Up-to-date: /workspace/jazzy_ws/install/include/rosgraph_msgs/rosgraph_msgs/msg/detail
[3.241s] -- Installing: /workspace/jazzy_ws/install/include/rosgraph_msgs/rosgraph_msgs/msg/detail/clock__rosidl_typesupport_introspection_cpp.hpp
[3.241s] -- Installing: /workspace/jazzy_ws/install/include/rosgraph_msgs/rosgraph_msgs/msg/detail/clock__type_support.cpp
[3.241s] -- Installing: /workspace/jazzy_ws/install/lib/librosgraph_msgs__rosidl_typesupport_introspection_cpp.so
[3.241s] -- Set non-toolchain portion of runtime path of "/workspace/jazzy_ws/install/lib/librosgraph_msgs__rosidl_typesupport_introspection_cpp.so" to ""
[3.241s] -- Installing: /workspace/jazzy_ws/install/lib/librosgraph_msgs__rosidl_typesupport_cpp.so
[3.241s] -- Set non-toolchain portion of runtime path of "/workspace/jazzy_ws/install/lib/librosgraph_msgs__rosidl_typesupport_cpp.so" to ""
[3.241s] -- Installing: /workspace/jazzy_ws/install/share/rosgraph_msgs/environment/pythonpath.sh
[3.241s] -- Installing: /workspace/jazzy_ws/install/share/rosgraph_msgs/environment/pythonpath.dsv
[3.242s] -- Installing: /workspace/jazzy_ws/install/lib/python3.12/site-packages/rosgraph_msgs-2.0.3-py3.12.egg-info
[3.243s] -- Installing: /workspace/jazzy_ws/install/lib/python3.12/site-packages/rosgraph_msgs-2.0.3-py3.12.egg-info/PKG-INFO
[3.243s] -- Installing: /workspace/jazzy_ws/install/lib/python3.12/site-packages/rosgraph_msgs-2.0.3-py3.12.egg-info/SOURCES.txt
[3.243s] -- Installing: /workspace/jazzy_ws/install/lib/python3.12/site-packages/rosgraph_msgs-2.0.3-py3.12.egg-info/top_level.txt
[3.243s] -- Installing: /workspace/jazzy_ws/install/lib/python3.12/site-packages/rosgraph_msgs-2.0.3-py3.12.egg-info/dependency_links.txt
[3.243s] -- Installing: /workspace/jazzy_ws/install/lib/python3.12/site-packages/rosgraph_msgs
[3.243s] -- Installing: /workspace/jazzy_ws/install/lib/python3.12/site-packages/rosgraph_msgs/_rosgraph_msgs_s.ep.rosidl_typesupport_c.c
[3.243s] -- Installing: /workspace/jazzy_ws/install/lib/python3.12/site-packages/rosgraph_msgs/_rosgraph_msgs_s.ep.rosidl_typesupport_fastrtps_c.c
[3.243s] -- Installing: /workspace/jazzy_ws/install/lib/python3.12/site-packages/rosgraph_msgs/msg
[3.243s] -- Installing: /workspace/jazzy_ws/install/lib/python3.12/site-packages/rosgraph_msgs/msg/_clock.py
[3.243s] -- Installing: /workspace/jazzy_ws/install/lib/python3.12/site-packages/rosgraph_msgs/msg/__init__.py
[3.243s] -- Installing: /workspace/jazzy_ws/install/lib/python3.12/site-packages/rosgraph_msgs/msg/_clock_s.c
[3.244s] -- Installing: /workspace/jazzy_ws/install/lib/python3.12/site-packages/rosgraph_msgs/rosgraph_msgs_s__rosidl_typesupport_introspection_c.so
[3.244s] -- Installing: /workspace/jazzy_ws/install/lib/python3.12/site-packages/rosgraph_msgs/__init__.py
[3.244s] -- Installing: /workspace/jazzy_ws/install/lib/python3.12/site-packages/rosgraph_msgs/rosgraph_msgs_s__rosidl_typesupport_fastrtps_c.so
[3.244s] -- Installing: /workspace/jazzy_ws/install/lib/python3.12/site-packages/rosgraph_msgs/rosgraph_msgs_s__rosidl_typesupport_c.so
[3.244s] -- Installing: /workspace/jazzy_ws/install/lib/python3.12/site-packages/rosgraph_msgs/_rosgraph_msgs_s.ep.rosidl_typesupport_introspection_c.c
[3.297s] Listing '/workspace/jazzy_ws/install/lib/python3.12/site-packages/rosgraph_msgs'...
[3.298s] Compiling '/workspace/jazzy_ws/install/lib/python3.12/site-packages/rosgraph_msgs/__init__.py'...
[3.298s] Listing '/workspace/jazzy_ws/install/lib/python3.12/site-packages/rosgraph_msgs/msg'...
[3.298s] Compiling '/workspace/jazzy_ws/install/lib/python3.12/site-packages/rosgraph_msgs/msg/__init__.py'...
[3.298s] Compiling '/workspace/jazzy_ws/install/lib/python3.12/site-packages/rosgraph_msgs/msg/_clock.py'...
[3.305s] -- Installing: /workspace/jazzy_ws/install/lib/python3.12/site-packages/rosgraph_msgs/rosgraph_msgs_s__rosidl_typesupport_fastrtps_c.so
[3.305s] -- Set non-toolchain portion of runtime path of "/workspace/jazzy_ws/install/lib/python3.12/site-packages/rosgraph_msgs/rosgraph_msgs_s__rosidl_typesupport_fastrtps_c.so" to ""
[3.305s] -- Installing: /workspace/jazzy_ws/install/lib/python3.12/site-packages/rosgraph_msgs/rosgraph_msgs_s__rosidl_typesupport_introspection_c.so
[3.306s] -- Set non-toolchain portion of runtime path of "/workspace/jazzy_ws/install/lib/python3.12/site-packages/rosgraph_msgs/rosgraph_msgs_s__rosidl_typesupport_introspection_c.so" to ""
[3.306s] -- Installing: /workspace/jazzy_ws/install/lib/python3.12/site-packages/rosgraph_msgs/rosgraph_msgs_s__rosidl_typesupport_c.so
[3.306s] -- Set non-toolchain portion of runtime path of "/workspace/jazzy_ws/install/lib/python3.12/site-packages/rosgraph_msgs/rosgraph_msgs_s__rosidl_typesupport_c.so" to ""
[3.306s] -- Installing: /workspace/jazzy_ws/install/lib/librosgraph_msgs__rosidl_generator_py.so
[3.306s] -- Set non-toolchain portion of runtime path of "/workspace/jazzy_ws/install/lib/librosgraph_msgs__rosidl_generator_py.so" to ""
[3.306s] -- Installing: /workspace/jazzy_ws/install/share/rosgraph_msgs/msg/Clock.idl
[3.306s] -- Installing: /workspace/jazzy_ws/install/share/rosgraph_msgs/msg/Clock.msg
[3.306s] -- Installing: /workspace/jazzy_ws/install/share/ament_index/resource_index/package_run_dependencies/rosgraph_msgs
[3.306s] -- Installing: /workspace/jazzy_ws/install/share/ament_index/resource_index/parent_prefix_path/rosgraph_msgs
[3.306s] -- Installing: /workspace/jazzy_ws/install/share/rosgraph_msgs/environment/ament_prefix_path.sh
[3.306s] -- Installing: /workspace/jazzy_ws/install/share/rosgraph_msgs/environment/ament_prefix_path.dsv
[3.307s] -- Installing: /workspace/jazzy_ws/install/share/rosgraph_msgs/environment/path.sh
[3.307s] -- Installing: /workspace/jazzy_ws/install/share/rosgraph_msgs/environment/path.dsv
[3.307s] -- Installing: /workspace/jazzy_ws/install/share/rosgraph_msgs/local_setup.bash
[3.307s] -- Installing: /workspace/jazzy_ws/install/share/rosgraph_msgs/local_setup.sh
[3.307s] -- Installing: /workspace/jazzy_ws/install/share/rosgraph_msgs/local_setup.zsh
[3.307s] -- Installing: /workspace/jazzy_ws/install/share/rosgraph_msgs/local_setup.dsv
[3.307s] -- Installing: /workspace/jazzy_ws/install/share/rosgraph_msgs/package.dsv
[3.308s] -- Installing: /workspace/jazzy_ws/install/share/ament_index/resource_index/packages/rosgraph_msgs
[3.308s] -- Installing: /workspace/jazzy_ws/install/share/rosgraph_msgs/cmake/export_rosgraph_msgs__rosidl_generator_cExport.cmake
[3.308s] -- Installing: /workspace/jazzy_ws/install/share/rosgraph_msgs/cmake/export_rosgraph_msgs__rosidl_generator_cExport-noconfig.cmake
[3.308s] -- Installing: /workspace/jazzy_ws/install/share/rosgraph_msgs/cmake/export_rosgraph_msgs__rosidl_typesupport_fastrtps_cExport.cmake
[3.308s] -- Installing: /workspace/jazzy_ws/install/share/rosgraph_msgs/cmake/export_rosgraph_msgs__rosidl_typesupport_fastrtps_cExport-noconfig.cmake
[3.308s] -- Installing: /workspace/jazzy_ws/install/share/rosgraph_msgs/cmake/export_rosgraph_msgs__rosidl_generator_cppExport.cmake
[3.309s] -- Installing: /workspace/jazzy_ws/install/share/rosgraph_msgs/cmake/export_rosgraph_msgs__rosidl_typesupport_fastrtps_cppExport.cmake
[3.309s] -- Installing: /workspace/jazzy_ws/install/share/rosgraph_msgs/cmake/export_rosgraph_msgs__rosidl_typesupport_fastrtps_cppExport-noconfig.cmake
[3.309s] -- Installing: /workspace/jazzy_ws/install/share/rosgraph_msgs/cmake/rosgraph_msgs__rosidl_typesupport_introspection_cExport.cmake
[3.309s] -- Installing: /workspace/jazzy_ws/install/share/rosgraph_msgs/cmake/rosgraph_msgs__rosidl_typesupport_introspection_cExport-noconfig.cmake
[3.309s] -- Installing: /workspace/jazzy_ws/install/share/rosgraph_msgs/cmake/rosgraph_msgs__rosidl_typesupport_cExport.cmake
[3.309s] -- Installing: /workspace/jazzy_ws/install/share/rosgraph_msgs/cmake/rosgraph_msgs__rosidl_typesupport_cExport-noconfig.cmake
[3.310s] -- Installing: /workspace/jazzy_ws/install/share/rosgraph_msgs/cmake/rosgraph_msgs__rosidl_typesupport_introspection_cppExport.cmake
[3.310s] -- Installing: /workspace/jazzy_ws/install/share/rosgraph_msgs/cmake/rosgraph_msgs__rosidl_typesupport_introspection_cppExport-noconfig.cmake
[3.310s] -- Installing: /workspace/jazzy_ws/install/share/rosgraph_msgs/cmake/rosgraph_msgs__rosidl_typesupport_cppExport.cmake
[3.310s] -- Installing: /workspace/jazzy_ws/install/share/rosgraph_msgs/cmake/rosgraph_msgs__rosidl_typesupport_cppExport-noconfig.cmake
[3.310s] -- Installing: /workspace/jazzy_ws/install/share/rosgraph_msgs/cmake/export_rosgraph_msgs__rosidl_generator_pyExport.cmake
[3.310s] -- Installing: /workspace/jazzy_ws/install/share/rosgraph_msgs/cmake/export_rosgraph_msgs__rosidl_generator_pyExport-noconfig.cmake
[3.311s] -- Installing: /workspace/jazzy_ws/install/share/rosgraph_msgs/cmake/rosidl_cmake-extras.cmake
[3.311s] -- Installing: /workspace/jazzy_ws/install/share/rosgraph_msgs/cmake/ament_cmake_export_dependencies-extras.cmake
[3.311s] -- Installing: /workspace/jazzy_ws/install/share/rosgraph_msgs/cmake/ament_cmake_export_include_directories-extras.cmake
[3.311s] -- Installing: /workspace/jazzy_ws/install/share/rosgraph_msgs/cmake/ament_cmake_export_libraries-extras.cmake
[3.311s] -- Installing: /workspace/jazzy_ws/install/share/rosgraph_msgs/cmake/ament_cmake_export_targets-extras.cmake
[3.311s] -- Installing: /workspace/jazzy_ws/install/share/rosgraph_msgs/cmake/rosidl_cmake_export_typesupport_targets-extras.cmake
[3.312s] -- Installing: /workspace/jazzy_ws/install/share/rosgraph_msgs/cmake/rosidl_cmake_export_typesupport_libraries-extras.cmake
[3.312s] -- Installing: /workspace/jazzy_ws/install/share/rosgraph_msgs/cmake/rosgraph_msgsConfig.cmake
[3.312s] -- Installing: /workspace/jazzy_ws/install/share/rosgraph_msgs/cmake/rosgraph_msgsConfig-version.cmake
[3.312s] -- Installing: /workspace/jazzy_ws/install/share/rosgraph_msgs/package.xml
[3.314s] Invoked command in '/workspace/jazzy_ws/build/rosgraph_msgs' returned '0': AMENT_PREFIX_PATH=/workspace/jazzy_ws/install CMAKE_PREFIX_PATH=/workspace/jazzy_ws/install LD_LIBRARY_PATH=/workspace/jazzy_ws/install/lib:/workspace/jazzy_ws/install/opt/mimick_vendor/lib PATH=/workspace/jazzy_ws/install/bin:/workspace/jazzy_ws/install/opt/uncrustify_vendor/bin:${PATH} PKG_CONFIG_PATH=/workspace/jazzy_ws/install/lib/x86_64-linux-gnu/pkgconfig:/workspace/jazzy_ws/install/lib/pkgconfig PYTHONPATH=/workspace/jazzy_ws/install/lib/python3.12/site-packages /usr/bin/cmake --install /workspace/jazzy_ws/build/rosgraph_msgs
