running egg_info
creating ../../../build/ros2doctor/ros2doctor.egg-info
writing ../../../build/ros2doctor/ros2doctor.egg-info/PKG-INFO
writing dependency_links to ../../../build/ros2doctor/ros2doctor.egg-info/dependency_links.txt
writing entry points to ../../../build/ros2doctor/ros2doctor.egg-info/entry_points.txt
writing requirements to ../../../build/ros2doctor/ros2doctor.egg-info/requires.txt
writing top-level names to ../../../build/ros2doctor/ros2doctor.egg-info/top_level.txt
writing manifest file '../../../build/ros2doctor/ros2doctor.egg-info/SOURCES.txt'
reading manifest file '../../../build/ros2doctor/ros2doctor.egg-info/SOURCES.txt'
writing manifest file '../../../build/ros2doctor/ros2doctor.egg-info/SOURCES.txt'
running build
running build_py
creating /workspace/jazzy_ws/build/ros2doctor/build/lib/ros2doctor
copying ros2doctor/__init__.py -> /workspace/jazzy_ws/build/ros2doctor/build/lib/ros2doctor
creating /workspace/jazzy_ws/build/ros2doctor/build/lib/ros2doctor/verb
copying ros2doctor/verb/hello.py -> /workspace/jazzy_ws/build/ros2doctor/build/lib/ros2doctor/verb
copying ros2doctor/verb/__init__.py -> /workspace/jazzy_ws/build/ros2doctor/build/lib/ros2doctor/verb
creating /workspace/jazzy_ws/build/ros2doctor/build/lib/ros2doctor/command
copying ros2doctor/command/__init__.py -> /workspace/jazzy_ws/build/ros2doctor/build/lib/ros2doctor/command
copying ros2doctor/command/doctor.py -> /workspace/jazzy_ws/build/ros2doctor/build/lib/ros2doctor/command
creating /workspace/jazzy_ws/build/ros2doctor/build/lib/ros2doctor/api
copying ros2doctor/api/package.py -> /workspace/jazzy_ws/build/ros2doctor/build/lib/ros2doctor/api
copying ros2doctor/api/format.py -> /workspace/jazzy_ws/build/ros2doctor/build/lib/ros2doctor/api
copying ros2doctor/api/rmw.py -> /workspace/jazzy_ws/build/ros2doctor/build/lib/ros2doctor/api
copying ros2doctor/api/topic.py -> /workspace/jazzy_ws/build/ros2doctor/build/lib/ros2doctor/api
copying ros2doctor/api/__init__.py -> /workspace/jazzy_ws/build/ros2doctor/build/lib/ros2doctor/api
copying ros2doctor/api/platform.py -> /workspace/jazzy_ws/build/ros2doctor/build/lib/ros2doctor/api
copying ros2doctor/api/qos_compatibility.py -> /workspace/jazzy_ws/build/ros2doctor/build/lib/ros2doctor/api
copying ros2doctor/api/network.py -> /workspace/jazzy_ws/build/ros2doctor/build/lib/ros2doctor/api
running install
running install_lib
creating /workspace/jazzy_ws/install/lib/python3.12/site-packages/ros2doctor
creating /workspace/jazzy_ws/install/lib/python3.12/site-packages/ros2doctor/verb
copying /workspace/jazzy_ws/build/ros2doctor/build/lib/ros2doctor/verb/hello.py -> /workspace/jazzy_ws/install/lib/python3.12/site-packages/ros2doctor/verb
copying /workspace/jazzy_ws/build/ros2doctor/build/lib/ros2doctor/verb/__init__.py -> /workspace/jazzy_ws/install/lib/python3.12/site-packages/ros2doctor/verb
copying /workspace/jazzy_ws/build/ros2doctor/build/lib/ros2doctor/__init__.py -> /workspace/jazzy_ws/install/lib/python3.12/site-packages/ros2doctor
creating /workspace/jazzy_ws/install/lib/python3.12/site-packages/ros2doctor/command
copying /workspace/jazzy_ws/build/ros2doctor/build/lib/ros2doctor/command/__init__.py -> /workspace/jazzy_ws/install/lib/python3.12/site-packages/ros2doctor/command
copying /workspace/jazzy_ws/build/ros2doctor/build/lib/ros2doctor/command/doctor.py -> /workspace/jazzy_ws/install/lib/python3.12/site-packages/ros2doctor/command
creating /workspace/jazzy_ws/install/lib/python3.12/site-packages/ros2doctor/api
copying /workspace/jazzy_ws/build/ros2doctor/build/lib/ros2doctor/api/package.py -> /workspace/jazzy_ws/install/lib/python3.12/site-packages/ros2doctor/api
copying /workspace/jazzy_ws/build/ros2doctor/build/lib/ros2doctor/api/format.py -> /workspace/jazzy_ws/install/lib/python3.12/site-packages/ros2doctor/api
copying /workspace/jazzy_ws/build/ros2doctor/build/lib/ros2doctor/api/rmw.py -> /workspace/jazzy_ws/install/lib/python3.12/site-packages/ros2doctor/api
copying /workspace/jazzy_ws/build/ros2doctor/build/lib/ros2doctor/api/topic.py -> /workspace/jazzy_ws/install/lib/python3.12/site-packages/ros2doctor/api
copying /workspace/jazzy_ws/build/ros2doctor/build/lib/ros2doctor/api/__init__.py -> /workspace/jazzy_ws/install/lib/python3.12/site-packages/ros2doctor/api
copying /workspace/jazzy_ws/build/ros2doctor/build/lib/ros2doctor/api/platform.py -> /workspace/jazzy_ws/install/lib/python3.12/site-packages/ros2doctor/api
copying /workspace/jazzy_ws/build/ros2doctor/build/lib/ros2doctor/api/qos_compatibility.py -> /workspace/jazzy_ws/install/lib/python3.12/site-packages/ros2doctor/api
copying /workspace/jazzy_ws/build/ros2doctor/build/lib/ros2doctor/api/network.py -> /workspace/jazzy_ws/install/lib/python3.12/site-packages/ros2doctor/api
byte-compiling /workspace/jazzy_ws/install/lib/python3.12/site-packages/ros2doctor/verb/hello.py to hello.cpython-312.pyc
byte-compiling /workspace/jazzy_ws/install/lib/python3.12/site-packages/ros2doctor/verb/__init__.py to __init__.cpython-312.pyc
byte-compiling /workspace/jazzy_ws/install/lib/python3.12/site-packages/ros2doctor/__init__.py to __init__.cpython-312.pyc
byte-compiling /workspace/jazzy_ws/install/lib/python3.12/site-packages/ros2doctor/command/__init__.py to __init__.cpython-312.pyc
byte-compiling /workspace/jazzy_ws/install/lib/python3.12/site-packages/ros2doctor/command/doctor.py to doctor.cpython-312.pyc
byte-compiling /workspace/jazzy_ws/install/lib/python3.12/site-packages/ros2doctor/api/package.py to package.cpython-312.pyc
byte-compiling /workspace/jazzy_ws/install/lib/python3.12/site-packages/ros2doctor/api/format.py to format.cpython-312.pyc
byte-compiling /workspace/jazzy_ws/install/lib/python3.12/site-packages/ros2doctor/api/rmw.py to rmw.cpython-312.pyc
byte-compiling /workspace/jazzy_ws/install/lib/python3.12/site-packages/ros2doctor/api/topic.py to topic.cpython-312.pyc
byte-compiling /workspace/jazzy_ws/install/lib/python3.12/site-packages/ros2doctor/api/__init__.py to __init__.cpython-312.pyc
byte-compiling /workspace/jazzy_ws/install/lib/python3.12/site-packages/ros2doctor/api/platform.py to platform.cpython-312.pyc
byte-compiling /workspace/jazzy_ws/install/lib/python3.12/site-packages/ros2doctor/api/qos_compatibility.py to qos_compatibility.cpython-312.pyc
byte-compiling /workspace/jazzy_ws/install/lib/python3.12/site-packages/ros2doctor/api/network.py to network.cpython-312.pyc
running install_data
copying package.xml -> /workspace/jazzy_ws/install/share/ros2doctor
copying resource/ros2doctor -> /workspace/jazzy_ws/install/share/ament_index/resource_index/packages
running install_egg_info
Copying ../../../build/ros2doctor/ros2doctor.egg-info to /workspace/jazzy_ws/install/lib/python3.12/site-packages/ros2doctor-0.32.8-py3.12.egg-info
running install_scripts
writing list of installed files to '/workspace/jazzy_ws/build/ros2doctor/install.log'
