[0.725s] Invoking command in '/workspace/jazzy_ws/src/ros2cli/ros2doctor': AMENT_PREFIX_PATH=/workspace/jazzy_ws/install CMAKE_PREFIX_PATH=/workspace/jazzy_ws/install LD_LIBRARY_PATH=/workspace/jazzy_ws/install/lib:/workspace/jazzy_ws/install/opt/libyaml_vendor/lib:/workspace/jazzy_ws/install/opt/spdlog_vendor/lib:/workspace/jazzy_ws/install/opt/mimick_vendor/lib PATH=/workspace/jazzy_ws/install/bin:/workspace/jazzy_ws/install/opt/uncrustify_vendor/bin:${PATH} PKG_CONFIG_PATH=/workspace/jazzy_ws/install/lib/x86_64-linux-gnu/pkgconfig:/workspace/jazzy_ws/install/lib/pkgconfig PYTHONPATH=/workspace/jazzy_ws/build/ros2doctor/prefix_override:/usr/lib/python3/dist-packages/colcon_core/task/python/colcon_distutils_commands:/workspace/jazzy_ws/install/lib/python3.12/site-packages:/workspace/jazzy_ws/install/lib/python3.12/site-packages ROS_VERSION=2 /usr/bin/python3 -W ignore:setup.py install is deprecated -W ignore:easy_install command is deprecated setup.py egg_info --egg-base ../../../build/ros2doctor build --build-base /workspace/jazzy_ws/build/ros2doctor/build install --record /workspace/jazzy_ws/build/ros2doctor/install.log --single-version-externally-managed install_data
[0.825s] running egg_info
[0.830s] creating ../../../build/ros2doctor/ros2doctor.egg-info
[0.830s] writing ../../../build/ros2doctor/ros2doctor.egg-info/PKG-INFO
[0.831s] writing dependency_links to ../../../build/ros2doctor/ros2doctor.egg-info/dependency_links.txt
[0.831s] writing entry points to ../../../build/ros2doctor/ros2doctor.egg-info/entry_points.txt
[0.831s] writing requirements to ../../../build/ros2doctor/ros2doctor.egg-info/requires.txt
[0.831s] writing top-level names to ../../../build/ros2doctor/ros2doctor.egg-info/top_level.txt
[0.831s] writing manifest file '../../../build/ros2doctor/ros2doctor.egg-info/SOURCES.txt'
[0.841s] reading manifest file '../../../build/ros2doctor/ros2doctor.egg-info/SOURCES.txt'
[0.842s] writing manifest file '../../../build/ros2doctor/ros2doctor.egg-info/SOURCES.txt'
[0.842s] running build
[0.842s] running build_py
[0.842s] creating /workspace/jazzy_ws/build/ros2doctor/build/lib/ros2doctor
[0.842s] copying ros2doctor/__init__.py -> /workspace/jazzy_ws/build/ros2doctor/build/lib/ros2doctor
[0.842s] creating /workspace/jazzy_ws/build/ros2doctor/build/lib/ros2doctor/verb
[0.842s] copying ros2doctor/verb/hello.py -> /workspace/jazzy_ws/build/ros2doctor/build/lib/ros2doctor/verb
[0.842s] copying ros2doctor/verb/__init__.py -> /workspace/jazzy_ws/build/ros2doctor/build/lib/ros2doctor/verb
[0.842s] creating /workspace/jazzy_ws/build/ros2doctor/build/lib/ros2doctor/command
[0.842s] copying ros2doctor/command/__init__.py -> /workspace/jazzy_ws/build/ros2doctor/build/lib/ros2doctor/command
[0.842s] copying ros2doctor/command/doctor.py -> /workspace/jazzy_ws/build/ros2doctor/build/lib/ros2doctor/command
[0.842s] creating /workspace/jazzy_ws/build/ros2doctor/build/lib/ros2doctor/api
[0.842s] copying ros2doctor/api/package.py -> /workspace/jazzy_ws/build/ros2doctor/build/lib/ros2doctor/api
[0.842s] copying ros2doctor/api/format.py -> /workspace/jazzy_ws/build/ros2doctor/build/lib/ros2doctor/api
[0.842s] copying ros2doctor/api/rmw.py -> /workspace/jazzy_ws/build/ros2doctor/build/lib/ros2doctor/api
[0.843s] copying ros2doctor/api/topic.py -> /workspace/jazzy_ws/build/ros2doctor/build/lib/ros2doctor/api
[0.843s] copying ros2doctor/api/__init__.py -> /workspace/jazzy_ws/build/ros2doctor/build/lib/ros2doctor/api
[0.843s] copying ros2doctor/api/platform.py -> /workspace/jazzy_ws/build/ros2doctor/build/lib/ros2doctor/api
[0.843s] copying ros2doctor/api/qos_compatibility.py -> /workspace/jazzy_ws/build/ros2doctor/build/lib/ros2doctor/api
[0.843s] copying ros2doctor/api/network.py -> /workspace/jazzy_ws/build/ros2doctor/build/lib/ros2doctor/api
[0.843s] running install
[0.845s] running install_lib
[0.850s] creating /workspace/jazzy_ws/install/lib/python3.12/site-packages/ros2doctor
[0.850s] creating /workspace/jazzy_ws/install/lib/python3.12/site-packages/ros2doctor/verb
[0.850s] copying /workspace/jazzy_ws/build/ros2doctor/build/lib/ros2doctor/verb/hello.py -> /workspace/jazzy_ws/install/lib/python3.12/site-packages/ros2doctor/verb
[0.850s] copying /workspace/jazzy_ws/build/ros2doctor/build/lib/ros2doctor/verb/__init__.py -> /workspace/jazzy_ws/install/lib/python3.12/site-packages/ros2doctor/verb
[0.850s] copying /workspace/jazzy_ws/build/ros2doctor/build/lib/ros2doctor/__init__.py -> /workspace/jazzy_ws/install/lib/python3.12/site-packages/ros2doctor
[0.850s] creating /workspace/jazzy_ws/install/lib/python3.12/site-packages/ros2doctor/command
[0.851s] copying /workspace/jazzy_ws/build/ros2doctor/build/lib/ros2doctor/command/__init__.py -> /workspace/jazzy_ws/install/lib/python3.12/site-packages/ros2doctor/command
[0.851s] copying /workspace/jazzy_ws/build/ros2doctor/build/lib/ros2doctor/command/doctor.py -> /workspace/jazzy_ws/install/lib/python3.12/site-packages/ros2doctor/command
[0.851s] creating /workspace/jazzy_ws/install/lib/python3.12/site-packages/ros2doctor/api
[0.851s] copying /workspace/jazzy_ws/build/ros2doctor/build/lib/ros2doctor/api/package.py -> /workspace/jazzy_ws/install/lib/python3.12/site-packages/ros2doctor/api
[0.851s] copying /workspace/jazzy_ws/build/ros2doctor/build/lib/ros2doctor/api/format.py -> /workspace/jazzy_ws/install/lib/python3.12/site-packages/ros2doctor/api
[0.851s] copying /workspace/jazzy_ws/build/ros2doctor/build/lib/ros2doctor/api/rmw.py -> /workspace/jazzy_ws/install/lib/python3.12/site-packages/ros2doctor/api
[0.851s] copying /workspace/jazzy_ws/build/ros2doctor/build/lib/ros2doctor/api/topic.py -> /workspace/jazzy_ws/install/lib/python3.12/site-packages/ros2doctor/api
[0.851s] copying /workspace/jazzy_ws/build/ros2doctor/build/lib/ros2doctor/api/__init__.py -> /workspace/jazzy_ws/install/lib/python3.12/site-packages/ros2doctor/api
[0.851s] copying /workspace/jazzy_ws/build/ros2doctor/build/lib/ros2doctor/api/platform.py -> /workspace/jazzy_ws/install/lib/python3.12/site-packages/ros2doctor/api
[0.851s] copying /workspace/jazzy_ws/build/ros2doctor/build/lib/ros2doctor/api/qos_compatibility.py -> /workspace/jazzy_ws/install/lib/python3.12/site-packages/ros2doctor/api
[0.851s] copying /workspace/jazzy_ws/build/ros2doctor/build/lib/ros2doctor/api/network.py -> /workspace/jazzy_ws/install/lib/python3.12/site-packages/ros2doctor/api
[0.851s] byte-compiling /workspace/jazzy_ws/install/lib/python3.12/site-packages/ros2doctor/verb/hello.py to hello.cpython-312.pyc
[0.853s] byte-compiling /workspace/jazzy_ws/install/lib/python3.12/site-packages/ros2doctor/verb/__init__.py to __init__.cpython-312.pyc
[0.853s] byte-compiling /workspace/jazzy_ws/install/lib/python3.12/site-packages/ros2doctor/__init__.py to __init__.cpython-312.pyc
[0.853s] byte-compiling /workspace/jazzy_ws/install/lib/python3.12/site-packages/ros2doctor/command/__init__.py to __init__.cpython-312.pyc
[0.853s] byte-compiling /workspace/jazzy_ws/install/lib/python3.12/site-packages/ros2doctor/command/doctor.py to doctor.cpython-312.pyc
[0.853s] byte-compiling /workspace/jazzy_ws/install/lib/python3.12/site-packages/ros2doctor/api/package.py to package.cpython-312.pyc
[0.854s] byte-compiling /workspace/jazzy_ws/install/lib/python3.12/site-packages/ros2doctor/api/format.py to format.cpython-312.pyc
[0.854s] byte-compiling /workspace/jazzy_ws/install/lib/python3.12/site-packages/ros2doctor/api/rmw.py to rmw.cpython-312.pyc
[0.854s] byte-compiling /workspace/jazzy_ws/install/lib/python3.12/site-packages/ros2doctor/api/topic.py to topic.cpython-312.pyc
[0.854s] byte-compiling /workspace/jazzy_ws/install/lib/python3.12/site-packages/ros2doctor/api/__init__.py to __init__.cpython-312.pyc
[0.855s] byte-compiling /workspace/jazzy_ws/install/lib/python3.12/site-packages/ros2doctor/api/platform.py to platform.cpython-312.pyc
[0.855s] byte-compiling /workspace/jazzy_ws/install/lib/python3.12/site-packages/ros2doctor/api/qos_compatibility.py to qos_compatibility.cpython-312.pyc
[0.856s] byte-compiling /workspace/jazzy_ws/install/lib/python3.12/site-packages/ros2doctor/api/network.py to network.cpython-312.pyc
[0.856s] running install_data
[0.857s] copying package.xml -> /workspace/jazzy_ws/install/share/ros2doctor
[0.857s] copying resource/ros2doctor -> /workspace/jazzy_ws/install/share/ament_index/resource_index/packages
[0.857s] running install_egg_info
[0.867s] Copying ../../../build/ros2doctor/ros2doctor.egg-info to /workspace/jazzy_ws/install/lib/python3.12/site-packages/ros2doctor-0.32.8-py3.12.egg-info
[0.867s] running install_scripts
[0.878s] writing list of installed files to '/workspace/jazzy_ws/build/ros2doctor/install.log'
[0.886s] Invoked command in '/workspace/jazzy_ws/src/ros2cli/ros2doctor' returned '0': AMENT_PREFIX_PATH=/workspace/jazzy_ws/install CMAKE_PREFIX_PATH=/workspace/jazzy_ws/install LD_LIBRARY_PATH=/workspace/jazzy_ws/install/lib:/workspace/jazzy_ws/install/opt/libyaml_vendor/lib:/workspace/jazzy_ws/install/opt/spdlog_vendor/lib:/workspace/jazzy_ws/install/opt/mimick_vendor/lib PATH=/workspace/jazzy_ws/install/bin:/workspace/jazzy_ws/install/opt/uncrustify_vendor/bin:${PATH} PKG_CONFIG_PATH=/workspace/jazzy_ws/install/lib/x86_64-linux-gnu/pkgconfig:/workspace/jazzy_ws/install/lib/pkgconfig PYTHONPATH=/workspace/jazzy_ws/build/ros2doctor/prefix_override:/usr/lib/python3/dist-packages/colcon_core/task/python/colcon_distutils_commands:/workspace/jazzy_ws/install/lib/python3.12/site-packages:/workspace/jazzy_ws/install/lib/python3.12/site-packages ROS_VERSION=2 /usr/bin/python3 -W ignore:setup.py install is deprecated -W ignore:easy_install command is deprecated setup.py egg_info --egg-base ../../../build/ros2doctor build --build-base /workspace/jazzy_ws/build/ros2doctor/build install --record /workspace/jazzy_ws/build/ros2doctor/install.log --single-version-externally-managed install_data
