running egg_info
creating ../../build/rpyutils/rpyutils.egg-info
writing ../../build/rpyutils/rpyutils.egg-info/PKG-INFO
writing dependency_links to ../../build/rpyutils/rpyutils.egg-info/dependency_links.txt
writing requirements to ../../build/rpyutils/rpyutils.egg-info/requires.txt
writing top-level names to ../../build/rpyutils/rpyutils.egg-info/top_level.txt
writing manifest file '../../build/rpyutils/rpyutils.egg-info/SOURCES.txt'
reading manifest file '../../build/rpyutils/rpyutils.egg-info/SOURCES.txt'
adding license file 'LICENSE'
writing manifest file '../../build/rpyutils/rpyutils.egg-info/SOURCES.txt'
running build
running build_py
creating /workspace/jazzy_ws/build/rpyutils/build/lib/rpyutils
copying rpyutils/add_dll_directories.py -> /workspace/jazzy_ws/build/rpyutils/build/lib/rpyutils
copying rpyutils/__init__.py -> /workspace/jazzy_ws/build/rpyutils/build/lib/rpyutils
copying rpyutils/import_c_library.py -> /workspace/jazzy_ws/build/rpyutils/build/lib/rpyutils
running install
running install_lib
creating /workspace/jazzy_ws/install/lib/python3.12/site-packages/rpyutils
copying /workspace/jazzy_ws/build/rpyutils/build/lib/rpyutils/add_dll_directories.py -> /workspace/jazzy_ws/install/lib/python3.12/site-packages/rpyutils
copying /workspace/jazzy_ws/build/rpyutils/build/lib/rpyutils/__init__.py -> /workspace/jazzy_ws/install/lib/python3.12/site-packages/rpyutils
copying /workspace/jazzy_ws/build/rpyutils/build/lib/rpyutils/import_c_library.py -> /workspace/jazzy_ws/install/lib/python3.12/site-packages/rpyutils
byte-compiling /workspace/jazzy_ws/install/lib/python3.12/site-packages/rpyutils/add_dll_directories.py to add_dll_directories.cpython-312.pyc
byte-compiling /workspace/jazzy_ws/install/lib/python3.12/site-packages/rpyutils/__init__.py to __init__.cpython-312.pyc
byte-compiling /workspace/jazzy_ws/install/lib/python3.12/site-packages/rpyutils/import_c_library.py to import_c_library.cpython-312.pyc
running install_data
copying package.xml -> /workspace/jazzy_ws/install/share/rpyutils
copying resource/rpyutils -> /workspace/jazzy_ws/install/share/ament_index/resource_index/packages
running install_egg_info
Copying ../../build/rpyutils/rpyutils.egg-info to /workspace/jazzy_ws/install/lib/python3.12/site-packages/rpyutils-0.4.2-py3.12.egg-info
running install_scripts
writing list of installed files to '/workspace/jazzy_ws/build/rpyutils/install.log'
