[0.010s] Invoking command in '/workspace/jazzy_ws/build/ament_cmake_export_link_flags': AMENT_PREFIX_PATH=/workspace/jazzy_ws/install CMAKE_PREFIX_PATH=/workspace/jazzy_ws/install PATH=/workspace/jazzy_ws/install/bin:${PATH} PYTHONPATH=/workspace/jazzy_ws/install/lib/python3.12/site-packages /usr/bin/cmake /workspace/jazzy_ws/src/ament_cmake/ament_cmake_export_link_flags -DCMAKE_INSTALL_PREFIX=/workspace/jazzy_ws/install
[0.018s] -- Found ament_cmake_core: 2.5.5 (/workspace/jazzy_ws/install/share/ament_cmake_core/cmake)
[0.135s] -- Found Python3: /usr/bin/python3 (found version "3.12.3") found components: Interpreter 
[0.268s] -- Configuring done (0.2s)
[0.268s] -- Generating done (0.0s)
[0.268s] -- Build files have been written to: /workspace/jazzy_ws/build/ament_cmake_export_link_flags
[0.278s] Invoked command in '/workspace/jazzy_ws/build/ament_cmake_export_link_flags' returned '0': AMENT_PREFIX_PATH=/workspace/jazzy_ws/install CMAKE_PREFIX_PATH=/workspace/jazzy_ws/install PATH=/workspace/jazzy_ws/install/bin:${PATH} PYTHONPATH=/workspace/jazzy_ws/install/lib/python3.12/site-packages /usr/bin/cmake /workspace/jazzy_ws/src/ament_cmake/ament_cmake_export_link_flags -DCMAKE_INSTALL_PREFIX=/workspace/jazzy_ws/install
[0.278s] Invoking command in '/workspace/jazzy_ws/build/ament_cmake_export_link_flags': AMENT_PREFIX_PATH=/workspace/jazzy_ws/install CMAKE_PREFIX_PATH=/workspace/jazzy_ws/install PATH=/workspace/jazzy_ws/install/bin:${PATH} PYTHONPATH=/workspace/jazzy_ws/install/lib/python3.12/site-packages /usr/bin/cmake --build /workspace/jazzy_ws/build/ament_cmake_export_link_flags -- -j24 -l24
[0.397s] Invoked command in '/workspace/jazzy_ws/build/ament_cmake_export_link_flags' returned '0': AMENT_PREFIX_PATH=/workspace/jazzy_ws/install CMAKE_PREFIX_PATH=/workspace/jazzy_ws/install PATH=/workspace/jazzy_ws/install/bin:${PATH} PYTHONPATH=/workspace/jazzy_ws/install/lib/python3.12/site-packages /usr/bin/cmake --build /workspace/jazzy_ws/build/ament_cmake_export_link_flags -- -j24 -l24
[0.398s] Invoking command in '/workspace/jazzy_ws/build/ament_cmake_export_link_flags': AMENT_PREFIX_PATH=/workspace/jazzy_ws/install CMAKE_PREFIX_PATH=/workspace/jazzy_ws/install PATH=/workspace/jazzy_ws/install/bin:${PATH} PYTHONPATH=/workspace/jazzy_ws/install/lib/python3.12/site-packages /usr/bin/cmake --install /workspace/jazzy_ws/build/ament_cmake_export_link_flags
[0.471s] -- Install configuration: ""
[0.471s] -- Installing: /workspace/jazzy_ws/install/share/ament_index/resource_index/package_run_dependencies/ament_cmake_export_link_flags
[0.471s] -- Installing: /workspace/jazzy_ws/install/share/ament_index/resource_index/parent_prefix_path/ament_cmake_export_link_flags
[0.471s] -- Installing: /workspace/jazzy_ws/install/share/ament_cmake_export_link_flags/environment/ament_prefix_path.sh
[0.471s] -- Installing: /workspace/jazzy_ws/install/share/ament_cmake_export_link_flags/environment/ament_prefix_path.dsv
[0.471s] -- Installing: /workspace/jazzy_ws/install/share/ament_cmake_export_link_flags/environment/path.sh
[0.471s] -- Installing: /workspace/jazzy_ws/install/share/ament_cmake_export_link_flags/environment/path.dsv
[0.471s] -- Installing: /workspace/jazzy_ws/install/share/ament_cmake_export_link_flags/local_setup.bash
[0.471s] -- Installing: /workspace/jazzy_ws/install/share/ament_cmake_export_link_flags/local_setup.sh
[0.471s] -- Installing: /workspace/jazzy_ws/install/share/ament_cmake_export_link_flags/local_setup.zsh
[0.471s] -- Installing: /workspace/jazzy_ws/install/share/ament_cmake_export_link_flags/local_setup.dsv
[0.471s] -- Installing: /workspace/jazzy_ws/install/share/ament_cmake_export_link_flags/package.dsv
[0.471s] -- Installing: /workspace/jazzy_ws/install/share/ament_index/resource_index/packages/ament_cmake_export_link_flags
[0.471s] -- Installing: /workspace/jazzy_ws/install/share/ament_cmake_export_link_flags/cmake/ament_cmake_export_link_flags-extras.cmake
[0.471s] -- Installing: /workspace/jazzy_ws/install/share/ament_cmake_export_link_flags/cmake/ament_cmake_export_link_flagsConfig.cmake
[0.471s] -- Installing: /workspace/jazzy_ws/install/share/ament_cmake_export_link_flags/cmake/ament_cmake_export_link_flagsConfig-version.cmake
[0.472s] -- Installing: /workspace/jazzy_ws/install/share/ament_cmake_export_link_flags/package.xml
[0.472s] -- Up-to-date: /workspace/jazzy_ws/install/share/ament_cmake_export_link_flags/cmake
[0.472s] -- Installing: /workspace/jazzy_ws/install/share/ament_cmake_export_link_flags/cmake/ament_export_link_flags.cmake
[0.472s] -- Installing: /workspace/jazzy_ws/install/share/ament_cmake_export_link_flags/cmake/ament_cmake_export_link_flags_package_hook.cmake
[0.472s] -- Installing: /workspace/jazzy_ws/install/share/ament_cmake_export_link_flags/cmake/ament_cmake_export_link_flags-extras.cmake.in
[0.518s] Invoked command in '/workspace/jazzy_ws/build/ament_cmake_export_link_flags' returned '0': AMENT_PREFIX_PATH=/workspace/jazzy_ws/install CMAKE_PREFIX_PATH=/workspace/jazzy_ws/install PATH=/workspace/jazzy_ws/install/bin:${PATH} PYTHONPATH=/workspace/jazzy_ws/install/lib/python3.12/site-packages /usr/bin/cmake --install /workspace/jazzy_ws/build/ament_cmake_export_link_flags
