running egg_info
creating ../../../build/rosidl_pycommon/rosidl_pycommon.egg-info
writing ../../../build/rosidl_pycommon/rosidl_pycommon.egg-info/PKG-INFO
writing dependency_links to ../../../build/rosidl_pycommon/rosidl_pycommon.egg-info/dependency_links.txt
writing requirements to ../../../build/rosidl_pycommon/rosidl_pycommon.egg-info/requires.txt
writing top-level names to ../../../build/rosidl_pycommon/rosidl_pycommon.egg-info/top_level.txt
writing manifest file '../../../build/rosidl_pycommon/rosidl_pycommon.egg-info/SOURCES.txt'
reading manifest file '../../../build/rosidl_pycommon/rosidl_pycommon.egg-info/SOURCES.txt'
writing manifest file '../../../build/rosidl_pycommon/rosidl_pycommon.egg-info/SOURCES.txt'
running build
running build_py
creating /workspace/jazzy_ws/build/rosidl_pycommon/build/lib/rosidl_pycommon
copying rosidl_pycommon/__init__.py -> /workspace/jazzy_ws/build/rosidl_pycommon/build/lib/rosidl_pycommon
running install
running install_lib
creating /workspace/jazzy_ws/install/lib/python3.12/site-packages/rosidl_pycommon
copying /workspace/jazzy_ws/build/rosidl_pycommon/build/lib/rosidl_pycommon/__init__.py -> /workspace/jazzy_ws/install/lib/python3.12/site-packages/rosidl_pycommon
byte-compiling /workspace/jazzy_ws/install/lib/python3.12/site-packages/rosidl_pycommon/__init__.py to __init__.cpython-312.pyc
running install_data
copying resource/rosidl_pycommon -> /workspace/jazzy_ws/install/share/ament_index/resource_index/packages
copying package.xml -> /workspace/jazzy_ws/install/share/rosidl_pycommon
running install_egg_info
Copying ../../../build/rosidl_pycommon/rosidl_pycommon.egg-info to /workspace/jazzy_ws/install/lib/python3.12/site-packages/rosidl_pycommon-4.6.7-py3.12.egg-info
running install_scripts
writing list of installed files to '/workspace/jazzy_ws/build/rosidl_pycommon/install.log'
