[0.020s] Invoking command in '/workspace/build_ws/build/custom_message': /usr/bin/cmake /workspace/build_ws/src/custom_message -DCMAKE_INSTALL_PREFIX=/workspace/build_ws/install/custom_message
[0.340s] -- The C compiler identification is GNU 13.3.0
[0.340s] -- The CXX compiler identification is GNU 13.3.0
[0.340s] -- Detecting C compiler ABI info
[0.340s] -- Detecting C compiler ABI info - done
[0.340s] -- Check for working C compiler: /usr/bin/cc - skipped
[0.340s] -- Detecting C compile features
[0.340s] -- Detecting C compile features - done
[0.340s] -- Detecting CXX compiler ABI info
[0.341s] -- Detecting CXX compiler ABI info - done
[0.341s] -- Check for working CXX compiler: /usr/bin/c++ - skipped
[0.341s] -- Detecting CXX compile features
[0.341s] -- Detecting CXX compile features - done
[0.341s] -- Found ament_cmake: 2.5.5 (/workspace/jazzy_ws/install/share/ament_cmake/cmake)
[0.341s] -- Found Python3: /usr/bin/python3 (found version "3.12.3") found components: Interpreter 
[0.341s] -- Found std_msgs: 5.3.6 (/workspace/jazzy_ws/install/share/std_msgs/cmake)
[0.345s] -- Found rosidl_generator_c: 4.6.7 (/workspace/jazzy_ws/install/share/rosidl_generator_c/cmake)
[0.350s] -- Found rosidl_generator_cpp: 4.6.7 (/workspace/jazzy_ws/install/share/rosidl_generator_cpp/cmake)
[0.359s] -- Using all available rosidl_typesupport_c: rosidl_typesupport_fastrtps_c;rosidl_typesupport_introspection_c
[0.369s] -- Using all available rosidl_typesupport_cpp: rosidl_typesupport_fastrtps_cpp;rosidl_typesupport_introspection_cpp
[0.391s] -- Found rosidl_default_generators: 1.6.0 (/workspace/jazzy_ws/install/share/rosidl_default_generators/cmake)
[0.398s] -- Found rosidl_adapter: 4.6.7 (/workspace/jazzy_ws/install/share/rosidl_adapter/cmake)
[0.710s] -- Found ament_cmake_ros: 0.12.0 (/workspace/jazzy_ws/install/share/ament_cmake_ros/cmake)
[1.065s] -- Using all available rosidl_typesupport_c: rosidl_typesupport_fastrtps_c;rosidl_typesupport_introspection_c
[1.206s] -- Using all available rosidl_typesupport_cpp: rosidl_typesupport_fastrtps_cpp;rosidl_typesupport_introspection_cpp
[1.207s] -- Found python_cmake_module: 0.11.1 (/workspace/jazzy_ws/install/share/python_cmake_module/cmake)
[1.274s] -- Found PythonExtra: /usr/bin/python3  
[1.574s] -- Found Python3: /usr/bin/python3 (found version "3.12.3") found components: Interpreter Development NumPy Development.Module Development.Embed 
[1.599s] -- Found ament_lint_auto: 0.17.4 (/workspace/jazzy_ws/install/share/ament_lint_auto/cmake)
[1.609s] -- Added test 'copyright' to check source files copyright and LICENSE
[1.610s] -- Added test 'lint_cmake' to check CMake code style
[1.610s] -- Added test 'xmllint' to check XML markup files
[1.612s] -- Configuring done (1.6s)
[1.632s] -- Generating done (0.0s)
[1.638s] -- Build files have been written to: /workspace/build_ws/build/custom_message
[1.643s] Invoked command in '/workspace/build_ws/build/custom_message' returned '0': /usr/bin/cmake /workspace/build_ws/src/custom_message -DCMAKE_INSTALL_PREFIX=/workspace/build_ws/install/custom_message
[1.643s] Invoking command in '/workspace/build_ws/build/custom_message': /usr/bin/cmake --build /workspace/build_ws/build/custom_message -- -j24 -l24
[1.668s] [  2%] Generating type hashes for ROS interfaces
[1.672s] [  2%] Built target ament_cmake_python_copy_custom_message
[1.760s] [  2%] Built target custom_message__rosidl_generator_type_description
[1.768s] [  5%] Generating C++ code for ROS interfaces
[1.770s] [  8%] Generating C code for ROS interfaces
[1.782s] running egg_info
[1.789s] creating custom_message.egg-info
[1.789s] writing custom_message.egg-info/PKG-INFO
[1.790s] writing dependency_links to custom_message.egg-info/dependency_links.txt
[1.790s] writing top-level names to custom_message.egg-info/top_level.txt
[1.790s] writing manifest file 'custom_message.egg-info/SOURCES.txt'
[1.812s] reading manifest file 'custom_message.egg-info/SOURCES.txt'
[1.812s] writing manifest file 'custom_message.egg-info/SOURCES.txt'
[1.828s] [  8%] Built target ament_cmake_python_build_custom_message_egg
[1.894s] [  8%] Built target custom_message__cpp
[1.930s] [ 14%] Building C object CMakeFiles/custom_message__rosidl_generator_c.dir/rosidl_generator_c/custom_message/msg/detail/sample_msg__functions.c.o
[1.930s] [ 14%] Building C object CMakeFiles/custom_message__rosidl_generator_c.dir/rosidl_generator_c/custom_message/msg/detail/sample_msg__description.c.o
[1.930s] [ 17%] Building C object CMakeFiles/custom_message__rosidl_generator_c.dir/rosidl_generator_c/custom_message/msg/detail/sample_msg__type_support.c.o
[1.956s] [ 20%] Linking C shared library libcustom_message__rosidl_generator_c.so
[1.976s] [ 20%] Built target custom_message__rosidl_generator_c
[1.981s] [ 32%] Generating C type support for eProsima Fast-RTPS
[1.981s] [ 32%] Generating C++ type support for eProsima Fast-RTPS
[1.981s] [ 32%] Generating C++ type support dispatch for ROS interfaces
[1.981s] [ 32%] Generating C introspection for ROS interfaces
[1.981s] [ 35%] Generating C type support dispatch for ROS interfaces
[1.982s] [ 38%] Generating C++ introspection for ROS interfaces
[2.080s] [ 41%] Building CXX object CMakeFiles/custom_message__rosidl_typesupport_c.dir/rosidl_typesupport_c/custom_message/msg/sample_msg__type_support.cpp.o
[2.082s] [ 44%] Building CXX object CMakeFiles/custom_message__rosidl_typesupport_cpp.dir/rosidl_typesupport_cpp/custom_message/msg/sample_msg__type_support.cpp.o
[2.087s] [ 47%] Building CXX object CMakeFiles/custom_message__rosidl_typesupport_introspection_cpp.dir/rosidl_typesupport_introspection_cpp/custom_message/msg/detail/sample_msg__type_support.cpp.o
[2.092s] [ 52%] Building CXX object CMakeFiles/custom_message__rosidl_typesupport_fastrtps_c.dir/rosidl_typesupport_fastrtps_c/custom_message/msg/detail/sample_msg__type_support_c.cpp.o
[2.092s] [ 52%] Building C object CMakeFiles/custom_message__rosidl_typesupport_introspection_c.dir/rosidl_typesupport_introspection_c/custom_message/msg/detail/sample_msg__type_support.c.o
[2.097s] [ 55%] Building CXX object CMakeFiles/custom_message__rosidl_typesupport_fastrtps_cpp.dir/rosidl_typesupport_fastrtps_cpp/custom_message/msg/detail/dds_fastrtps/sample_msg__type_support.cpp.o
[2.105s] [ 58%] Linking CXX shared library libcustom_message__rosidl_typesupport_c.so
[2.113s] [ 61%] Linking C shared library libcustom_message__rosidl_typesupport_introspection_c.so
[2.127s] [ 61%] Built target custom_message__rosidl_typesupport_c
[2.131s] [ 61%] Built target custom_message__rosidl_typesupport_introspection_c
[2.220s] [ 64%] Linking CXX shared library libcustom_message__rosidl_typesupport_cpp.so
[2.224s] [ 67%] Linking CXX shared library libcustom_message__rosidl_typesupport_introspection_cpp.so
[2.242s] [ 67%] Built target custom_message__rosidl_typesupport_cpp
[2.258s] [ 67%] Built target custom_message__rosidl_typesupport_introspection_cpp
[2.280s] [ 70%] Linking CXX shared library libcustom_message__rosidl_typesupport_fastrtps_c.so
[2.299s] [ 73%] Linking CXX shared library libcustom_message__rosidl_typesupport_fastrtps_cpp.so
[2.307s] [ 73%] Built target custom_message__rosidl_typesupport_fastrtps_c
[2.325s] [ 73%] Built target custom_message__rosidl_typesupport_fastrtps_cpp
[2.336s] [ 73%] Built target custom_message
[2.347s] [ 76%] Generating Python code for ROS interfaces
[2.461s] [ 76%] Built target custom_message__py
[2.472s] [ 79%] Building C object CMakeFiles/custom_message__rosidl_generator_py.dir/rosidl_generator_py/custom_message/msg/_sample_msg_s.c.o
[2.540s] [ 82%] Linking C shared library libcustom_message__rosidl_generator_py.so
[2.563s] [ 82%] Built target custom_message__rosidl_generator_py
[2.574s] [ 91%] Building C object CMakeFiles/custom_message_s__rosidl_typesupport_c.dir/rosidl_generator_py/custom_message/_custom_message_s.ep.rosidl_typesupport_c.c.o
[2.574s] [ 91%] Building C object CMakeFiles/custom_message_s__rosidl_typesupport_fastrtps_c.dir/rosidl_generator_py/custom_message/_custom_message_s.ep.rosidl_typesupport_fastrtps_c.c.o
[2.574s] [ 91%] Building C object CMakeFiles/custom_message_s__rosidl_typesupport_introspection_c.dir/rosidl_generator_py/custom_message/_custom_message_s.ep.rosidl_typesupport_introspection_c.c.o
[2.630s] [ 94%] Linking C shared module rosidl_generator_py/custom_message/custom_message_s__rosidl_typesupport_c.so
[2.630s] [100%] Linking C shared module rosidl_generator_py/custom_message/custom_message_s__rosidl_typesupport_fastrtps_c.so
[2.630s] [100%] Linking C shared module rosidl_generator_py/custom_message/custom_message_s__rosidl_typesupport_introspection_c.so
[2.646s] [100%] Built target custom_message_s__rosidl_typesupport_c
[2.648s] [100%] Built target custom_message_s__rosidl_typesupport_fastrtps_c
[2.649s] [100%] Built target custom_message_s__rosidl_typesupport_introspection_c
[2.657s] Invoked command in '/workspace/build_ws/build/custom_message' returned '0': /usr/bin/cmake --build /workspace/build_ws/build/custom_message -- -j24 -l24
[2.657s] Invoking command in '/workspace/build_ws/build/custom_message': /usr/bin/cmake --install /workspace/build_ws/build/custom_message
[2.663s] -- Install configuration: ""
[2.663s] -- Installing: /workspace/build_ws/install/custom_message/share/ament_index/resource_index/rosidl_interfaces/custom_message
[2.663s] -- Installing: /workspace/build_ws/install/custom_message/share/custom_message/msg/SampleMsg.json
[2.663s] -- Installing: /workspace/build_ws/install/custom_message/include/custom_message/custom_message
[2.663s] -- Installing: /workspace/build_ws/install/custom_message/include/custom_message/custom_message/msg
[2.663s] -- Installing: /workspace/build_ws/install/custom_message/include/custom_message/custom_message/msg/detail
[2.663s] -- Installing: /workspace/build_ws/install/custom_message/include/custom_message/custom_message/msg/detail/sample_msg__functions.c
[2.663s] -- Installing: /workspace/build_ws/install/custom_message/include/custom_message/custom_message/msg/detail/sample_msg__type_support.h
[2.663s] -- Installing: /workspace/build_ws/install/custom_message/include/custom_message/custom_message/msg/detail/sample_msg__description.c
[2.663s] -- Installing: /workspace/build_ws/install/custom_message/include/custom_message/custom_message/msg/detail/sample_msg__type_support.c
[2.663s] -- Installing: /workspace/build_ws/install/custom_message/include/custom_message/custom_message/msg/detail/sample_msg__functions.h
[2.663s] -- Installing: /workspace/build_ws/install/custom_message/include/custom_message/custom_message/msg/detail/sample_msg__struct.h
[2.663s] -- Installing: /workspace/build_ws/install/custom_message/include/custom_message/custom_message/msg/sample_msg.h
[2.663s] -- Installing: /workspace/build_ws/install/custom_message/include/custom_message/custom_message/msg/rosidl_generator_c__visibility_control.h
[2.663s] -- Installing: /workspace/build_ws/install/custom_message/share/custom_message/environment/library_path.sh
[2.663s] -- Installing: /workspace/build_ws/install/custom_message/share/custom_message/environment/library_path.dsv
[2.663s] -- Installing: /workspace/build_ws/install/custom_message/lib/libcustom_message__rosidl_generator_c.so
[2.663s] -- Set non-toolchain portion of runtime path of "/workspace/build_ws/install/custom_message/lib/libcustom_message__rosidl_generator_c.so" to ""
[2.663s] -- Up-to-date: /workspace/build_ws/install/custom_message/include/custom_message/custom_message
[2.663s] -- Up-to-date: /workspace/build_ws/install/custom_message/include/custom_message/custom_message/msg
[2.663s] -- Up-to-date: /workspace/build_ws/install/custom_message/include/custom_message/custom_message/msg/detail
[2.663s] -- Installing: /workspace/build_ws/install/custom_message/include/custom_message/custom_message/msg/detail/sample_msg__rosidl_typesupport_fastrtps_c.h
[2.664s] -- Installing: /workspace/build_ws/install/custom_message/include/custom_message/custom_message/msg/rosidl_typesupport_fastrtps_c__visibility_control.h
[2.664s] -- Installing: /workspace/build_ws/install/custom_message/lib/libcustom_message__rosidl_typesupport_fastrtps_c.so
[2.664s] -- Set non-toolchain portion of runtime path of "/workspace/build_ws/install/custom_message/lib/libcustom_message__rosidl_typesupport_fastrtps_c.so" to ""
[2.664s] -- Up-to-date: /workspace/build_ws/install/custom_message/include/custom_message/custom_message
[2.664s] -- Up-to-date: /workspace/build_ws/install/custom_message/include/custom_message/custom_message/msg
[2.664s] -- Up-to-date: /workspace/build_ws/install/custom_message/include/custom_message/custom_message/msg/detail
[2.664s] -- Installing: /workspace/build_ws/install/custom_message/include/custom_message/custom_message/msg/detail/sample_msg__traits.hpp
[2.664s] -- Installing: /workspace/build_ws/install/custom_message/include/custom_message/custom_message/msg/detail/sample_msg__builder.hpp
[2.664s] -- Installing: /workspace/build_ws/install/custom_message/include/custom_message/custom_message/msg/detail/sample_msg__type_support.hpp
[2.664s] -- Installing: /workspace/build_ws/install/custom_message/include/custom_message/custom_message/msg/detail/sample_msg__struct.hpp
[2.664s] -- Installing: /workspace/build_ws/install/custom_message/include/custom_message/custom_message/msg/rosidl_generator_cpp__visibility_control.hpp
[2.664s] -- Installing: /workspace/build_ws/install/custom_message/include/custom_message/custom_message/msg/sample_msg.hpp
[2.664s] -- Up-to-date: /workspace/build_ws/install/custom_message/include/custom_message/custom_message
[2.664s] -- Up-to-date: /workspace/build_ws/install/custom_message/include/custom_message/custom_message/msg
[2.664s] -- Up-to-date: /workspace/build_ws/install/custom_message/include/custom_message/custom_message/msg/detail
[2.664s] -- Installing: /workspace/build_ws/install/custom_message/include/custom_message/custom_message/msg/detail/dds_fastrtps
[2.664s] -- Installing: /workspace/build_ws/install/custom_message/include/custom_message/custom_message/msg/detail/sample_msg__rosidl_typesupport_fastrtps_cpp.hpp
[2.664s] -- Installing: /workspace/build_ws/install/custom_message/include/custom_message/custom_message/msg/rosidl_typesupport_fastrtps_cpp__visibility_control.h
[2.664s] -- Installing: /workspace/build_ws/install/custom_message/lib/libcustom_message__rosidl_typesupport_fastrtps_cpp.so
[2.664s] -- Set non-toolchain portion of runtime path of "/workspace/build_ws/install/custom_message/lib/libcustom_message__rosidl_typesupport_fastrtps_cpp.so" to ""
[2.664s] -- Up-to-date: /workspace/build_ws/install/custom_message/include/custom_message/custom_message
[2.664s] -- Up-to-date: /workspace/build_ws/install/custom_message/include/custom_message/custom_message/msg
[2.664s] -- Up-to-date: /workspace/build_ws/install/custom_message/include/custom_message/custom_message/msg/detail
[2.664s] -- Up-to-date: /workspace/build_ws/install/custom_message/include/custom_message/custom_message/msg/detail/sample_msg__type_support.c
[2.664s] -- Installing: /workspace/build_ws/install/custom_message/include/custom_message/custom_message/msg/detail/sample_msg__rosidl_typesupport_introspection_c.h
[2.664s] -- Installing: /workspace/build_ws/install/custom_message/include/custom_message/custom_message/msg/rosidl_typesupport_introspection_c__visibility_control.h
[2.664s] -- Installing: /workspace/build_ws/install/custom_message/lib/libcustom_message__rosidl_typesupport_introspection_c.so
[2.664s] -- Set non-toolchain portion of runtime path of "/workspace/build_ws/install/custom_message/lib/libcustom_message__rosidl_typesupport_introspection_c.so" to ""
[2.664s] -- Installing: /workspace/build_ws/install/custom_message/lib/libcustom_message__rosidl_typesupport_c.so
[2.664s] -- Set non-toolchain portion of runtime path of "/workspace/build_ws/install/custom_message/lib/libcustom_message__rosidl_typesupport_c.so" to ""
[2.664s] -- Up-to-date: /workspace/build_ws/install/custom_message/include/custom_message/custom_message
[2.664s] -- Up-to-date: /workspace/build_ws/install/custom_message/include/custom_message/custom_message/msg
[2.665s] -- Up-to-date: /workspace/build_ws/install/custom_message/include/custom_message/custom_message/msg/detail
[2.665s] -- Installing: /workspace/build_ws/install/custom_message/include/custom_message/custom_message/msg/detail/sample_msg__rosidl_typesupport_introspection_cpp.hpp
[2.665s] -- Installing: /workspace/build_ws/install/custom_message/include/custom_message/custom_message/msg/detail/sample_msg__type_support.cpp
[2.665s] -- Installing: /workspace/build_ws/install/custom_message/lib/libcustom_message__rosidl_typesupport_introspection_cpp.so
[2.665s] -- Set non-toolchain portion of runtime path of "/workspace/build_ws/install/custom_message/lib/libcustom_message__rosidl_typesupport_introspection_cpp.so" to ""
[2.665s] -- Installing: /workspace/build_ws/install/custom_message/lib/libcustom_message__rosidl_typesupport_cpp.so
[2.665s] -- Set non-toolchain portion of runtime path of "/workspace/build_ws/install/custom_message/lib/libcustom_message__rosidl_typesupport_cpp.so" to ""
[2.665s] -- Installing: /workspace/build_ws/install/custom_message/share/custom_message/environment/pythonpath.sh
[2.665s] -- Installing: /workspace/build_ws/install/custom_message/share/custom_message/environment/pythonpath.dsv
[2.665s] -- Installing: /workspace/build_ws/install/custom_message/lib/python3.12/site-packages/custom_message-0.0.0-py3.12.egg-info
[2.665s] -- Installing: /workspace/build_ws/install/custom_message/lib/python3.12/site-packages/custom_message-0.0.0-py3.12.egg-info/PKG-INFO
[2.665s] -- Installing: /workspace/build_ws/install/custom_message/lib/python3.12/site-packages/custom_message-0.0.0-py3.12.egg-info/SOURCES.txt
[2.665s] -- Installing: /workspace/build_ws/install/custom_message/lib/python3.12/site-packages/custom_message-0.0.0-py3.12.egg-info/top_level.txt
[2.665s] -- Installing: /workspace/build_ws/install/custom_message/lib/python3.12/site-packages/custom_message-0.0.0-py3.12.egg-info/dependency_links.txt
[2.665s] -- Installing: /workspace/build_ws/install/custom_message/lib/python3.12/site-packages/custom_message
[2.665s] -- Installing: /workspace/build_ws/install/custom_message/lib/python3.12/site-packages/custom_message/msg
[2.665s] -- Installing: /workspace/build_ws/install/custom_message/lib/python3.12/site-packages/custom_message/msg/_sample_msg_s.c
[2.665s] -- Installing: /workspace/build_ws/install/custom_message/lib/python3.12/site-packages/custom_message/msg/__init__.py
[2.665s] -- Installing: /workspace/build_ws/install/custom_message/lib/python3.12/site-packages/custom_message/msg/_sample_msg.py
[2.665s] -- Installing: /workspace/build_ws/install/custom_message/lib/python3.12/site-packages/custom_message/custom_message_s__rosidl_typesupport_c.so
[2.665s] -- Installing: /workspace/build_ws/install/custom_message/lib/python3.12/site-packages/custom_message/__init__.py
[2.665s] -- Installing: /workspace/build_ws/install/custom_message/lib/python3.12/site-packages/custom_message/custom_message_s__rosidl_typesupport_fastrtps_c.so
[2.665s] -- Installing: /workspace/build_ws/install/custom_message/lib/python3.12/site-packages/custom_message/_custom_message_s.ep.rosidl_typesupport_introspection_c.c
[2.665s] -- Installing: /workspace/build_ws/install/custom_message/lib/python3.12/site-packages/custom_message/_custom_message_s.ep.rosidl_typesupport_c.c
[2.665s] -- Installing: /workspace/build_ws/install/custom_message/lib/python3.12/site-packages/custom_message/_custom_message_s.ep.rosidl_typesupport_fastrtps_c.c
[2.665s] -- Installing: /workspace/build_ws/install/custom_message/lib/python3.12/site-packages/custom_message/custom_message_s__rosidl_typesupport_introspection_c.so
[2.685s] Listing '/workspace/build_ws/install/custom_message/lib/python3.12/site-packages/custom_message'...
[2.685s] Compiling '/workspace/build_ws/install/custom_message/lib/python3.12/site-packages/custom_message/__init__.py'...
[2.685s] Listing '/workspace/build_ws/install/custom_message/lib/python3.12/site-packages/custom_message/msg'...
[2.685s] Compiling '/workspace/build_ws/install/custom_message/lib/python3.12/site-packages/custom_message/msg/__init__.py'...
[2.685s] Compiling '/workspace/build_ws/install/custom_message/lib/python3.12/site-packages/custom_message/msg/_sample_msg.py'...
[2.688s] -- Installing: /workspace/build_ws/install/custom_message/lib/python3.12/site-packages/custom_message/custom_message_s__rosidl_typesupport_fastrtps_c.so
[2.688s] -- Set non-toolchain portion of runtime path of "/workspace/build_ws/install/custom_message/lib/python3.12/site-packages/custom_message/custom_message_s__rosidl_typesupport_fastrtps_c.so" to ""
[2.688s] -- Installing: /workspace/build_ws/install/custom_message/lib/python3.12/site-packages/custom_message/custom_message_s__rosidl_typesupport_introspection_c.so
[2.688s] -- Set non-toolchain portion of runtime path of "/workspace/build_ws/install/custom_message/lib/python3.12/site-packages/custom_message/custom_message_s__rosidl_typesupport_introspection_c.so" to ""
[2.688s] -- Installing: /workspace/build_ws/install/custom_message/lib/python3.12/site-packages/custom_message/custom_message_s__rosidl_typesupport_c.so
[2.688s] -- Set non-toolchain portion of runtime path of "/workspace/build_ws/install/custom_message/lib/python3.12/site-packages/custom_message/custom_message_s__rosidl_typesupport_c.so" to ""
[2.688s] -- Installing: /workspace/build_ws/install/custom_message/lib/libcustom_message__rosidl_generator_py.so
[2.688s] -- Set non-toolchain portion of runtime path of "/workspace/build_ws/install/custom_message/lib/libcustom_message__rosidl_generator_py.so" to ""
[2.688s] -- Installing: /workspace/build_ws/install/custom_message/share/custom_message/msg/SampleMsg.idl
[2.688s] -- Installing: /workspace/build_ws/install/custom_message/share/custom_message/msg/SampleMsg.msg
[2.688s] -- Installing: /workspace/build_ws/install/custom_message/share/ament_index/resource_index/package_run_dependencies/custom_message
[2.689s] -- Installing: /workspace/build_ws/install/custom_message/share/ament_index/resource_index/parent_prefix_path/custom_message
[2.689s] -- Installing: /workspace/build_ws/install/custom_message/share/custom_message/environment/ament_prefix_path.sh
[2.689s] -- Installing: /workspace/build_ws/install/custom_message/share/custom_message/environment/ament_prefix_path.dsv
[2.689s] -- Installing: /workspace/build_ws/install/custom_message/share/custom_message/environment/path.sh
[2.689s] -- Installing: /workspace/build_ws/install/custom_message/share/custom_message/environment/path.dsv
[2.689s] -- Installing: /workspace/build_ws/install/custom_message/share/custom_message/local_setup.bash
[2.689s] -- Installing: /workspace/build_ws/install/custom_message/share/custom_message/local_setup.sh
[2.689s] -- Installing: /workspace/build_ws/install/custom_message/share/custom_message/local_setup.zsh
[2.689s] -- Installing: /workspace/build_ws/install/custom_message/share/custom_message/local_setup.dsv
[2.689s] -- Installing: /workspace/build_ws/install/custom_message/share/custom_message/package.dsv
[2.689s] -- Installing: /workspace/build_ws/install/custom_message/share/ament_index/resource_index/packages/custom_message
[2.689s] -- Installing: /workspace/build_ws/install/custom_message/share/custom_message/cmake/export_custom_message__rosidl_generator_cExport.cmake
[2.689s] -- Installing: /workspace/build_ws/install/custom_message/share/custom_message/cmake/export_custom_message__rosidl_generator_cExport-noconfig.cmake
[2.689s] -- Installing: /workspace/build_ws/install/custom_message/share/custom_message/cmake/export_custom_message__rosidl_typesupport_fastrtps_cExport.cmake
[2.689s] -- Installing: /workspace/build_ws/install/custom_message/share/custom_message/cmake/export_custom_message__rosidl_typesupport_fastrtps_cExport-noconfig.cmake
[2.689s] -- Installing: /workspace/build_ws/install/custom_message/share/custom_message/cmake/export_custom_message__rosidl_generator_cppExport.cmake
[2.689s] -- Installing: /workspace/build_ws/install/custom_message/share/custom_message/cmake/export_custom_message__rosidl_typesupport_fastrtps_cppExport.cmake
[2.689s] -- Installing: /workspace/build_ws/install/custom_message/share/custom_message/cmake/export_custom_message__rosidl_typesupport_fastrtps_cppExport-noconfig.cmake
[2.689s] -- Installing: /workspace/build_ws/install/custom_message/share/custom_message/cmake/custom_message__rosidl_typesupport_introspection_cExport.cmake
[2.689s] -- Installing: /workspace/build_ws/install/custom_message/share/custom_message/cmake/custom_message__rosidl_typesupport_introspection_cExport-noconfig.cmake
[2.689s] -- Installing: /workspace/build_ws/install/custom_message/share/custom_message/cmake/custom_message__rosidl_typesupport_cExport.cmake
[2.689s] -- Installing: /workspace/build_ws/install/custom_message/share/custom_message/cmake/custom_message__rosidl_typesupport_cExport-noconfig.cmake
[2.689s] -- Installing: /workspace/build_ws/install/custom_message/share/custom_message/cmake/custom_message__rosidl_typesupport_introspection_cppExport.cmake
[2.689s] -- Installing: /workspace/build_ws/install/custom_message/share/custom_message/cmake/custom_message__rosidl_typesupport_introspection_cppExport-noconfig.cmake
[2.689s] -- Installing: /workspace/build_ws/install/custom_message/share/custom_message/cmake/custom_message__rosidl_typesupport_cppExport.cmake
[2.690s] -- Installing: /workspace/build_ws/install/custom_message/share/custom_message/cmake/custom_message__rosidl_typesupport_cppExport-noconfig.cmake
[2.690s] -- Installing: /workspace/build_ws/install/custom_message/share/custom_message/cmake/export_custom_message__rosidl_generator_pyExport.cmake
[2.690s] -- Installing: /workspace/build_ws/install/custom_message/share/custom_message/cmake/export_custom_message__rosidl_generator_pyExport-noconfig.cmake
[2.690s] -- Installing: /workspace/build_ws/install/custom_message/share/custom_message/cmake/rosidl_cmake-extras.cmake
[2.690s] -- Installing: /workspace/build_ws/install/custom_message/share/custom_message/cmake/ament_cmake_export_dependencies-extras.cmake
[2.690s] -- Installing: /workspace/build_ws/install/custom_message/share/custom_message/cmake/ament_cmake_export_include_directories-extras.cmake
[2.690s] -- Installing: /workspace/build_ws/install/custom_message/share/custom_message/cmake/ament_cmake_export_libraries-extras.cmake
[2.690s] -- Installing: /workspace/build_ws/install/custom_message/share/custom_message/cmake/ament_cmake_export_targets-extras.cmake
[2.690s] -- Installing: /workspace/build_ws/install/custom_message/share/custom_message/cmake/rosidl_cmake_export_typesupport_targets-extras.cmake
[2.690s] -- Installing: /workspace/build_ws/install/custom_message/share/custom_message/cmake/rosidl_cmake_export_typesupport_libraries-extras.cmake
[2.690s] -- Installing: /workspace/build_ws/install/custom_message/share/custom_message/cmake/custom_messageConfig.cmake
[2.690s] -- Installing: /workspace/build_ws/install/custom_message/share/custom_message/cmake/custom_messageConfig-version.cmake
[2.690s] -- Installing: /workspace/build_ws/install/custom_message/share/custom_message/package.xml
[2.691s] Invoked command in '/workspace/build_ws/build/custom_message' returned '0': /usr/bin/cmake --install /workspace/build_ws/build/custom_message
