-- Found ament_cmake: 2.5.5 (/workspace/jazzy_ws/install/share/ament_cmake/cmake)
-- Found Python3: /usr/bin/python3 (found version "3.12.3") found components: Interpreter 
-- Found ament_lint_auto: 0.17.4 (/workspace/jazzy_ws/install/share/ament_lint_auto/cmake)
-- Added test 'copyright' to check source files copyright and LICENSE
-- Added test 'lint_cmake' to check CMake code style
-- Added test 'xmllint' to check XML markup files
-- Configuring done (0.2s)
-- Generating done (0.0s)
-- Build files have been written to: /workspace/jazzy_ws/build/rmw_implementation_cmake
-- Install configuration: ""
-- Installing: /workspace/jazzy_ws/install/share/ament_index/resource_index/package_run_dependencies/rmw_implementation_cmake
-- Installing: /workspace/jazzy_ws/install/share/ament_index/resource_index/parent_prefix_path/rmw_implementation_cmake
-- Installing: /workspace/jazzy_ws/install/share/rmw_implementation_cmake/environment/ament_prefix_path.sh
-- Installing: /workspace/jazzy_ws/install/share/rmw_implementation_cmake/environment/ament_prefix_path.dsv
-- Installing: /workspace/jazzy_ws/install/share/rmw_implementation_cmake/environment/path.sh
-- Installing: /workspace/jazzy_ws/install/share/rmw_implementation_cmake/environment/path.dsv
-- Installing: /workspace/jazzy_ws/install/share/rmw_implementation_cmake/local_setup.bash
-- Installing: /workspace/jazzy_ws/install/share/rmw_implementation_cmake/local_setup.sh
-- Installing: /workspace/jazzy_ws/install/share/rmw_implementation_cmake/local_setup.zsh
-- Installing: /workspace/jazzy_ws/install/share/rmw_implementation_cmake/local_setup.dsv
-- Installing: /workspace/jazzy_ws/install/share/rmw_implementation_cmake/package.dsv
-- Installing: /workspace/jazzy_ws/install/share/ament_index/resource_index/packages/rmw_implementation_cmake
-- Installing: /workspace/jazzy_ws/install/share/rmw_implementation_cmake/cmake/rmw_implementation_cmake-extras.cmake
-- Installing: /workspace/jazzy_ws/install/share/rmw_implementation_cmake/cmake/ament_cmake_export_dependencies-extras.cmake
-- Installing: /workspace/jazzy_ws/install/share/rmw_implementation_cmake/cmake/rmw_implementation_cmakeConfig.cmake
-- Installing: /workspace/jazzy_ws/install/share/rmw_implementation_cmake/cmake/rmw_implementation_cmakeConfig-version.cmake
-- Installing: /workspace/jazzy_ws/install/share/rmw_implementation_cmake/package.xml
-- Up-to-date: /workspace/jazzy_ws/install/share/rmw_implementation_cmake/cmake
-- Installing: /workspace/jazzy_ws/install/share/rmw_implementation_cmake/cmake/call_for_each_rmw_implementation.cmake
-- Installing: /workspace/jazzy_ws/install/share/rmw_implementation_cmake/cmake/get_available_rmw_implementations.cmake
-- Installing: /workspace/jazzy_ws/install/share/rmw_implementation_cmake/cmake/get_default_rmw_implementation.cmake
