[0.037s] Invoking command in '/workspace/jazzy_ws/build/rmw_implementation_cmake': AMENT_PREFIX_PATH=/workspace/jazzy_ws/install CMAKE_PREFIX_PATH=/workspace/jazzy_ws/install LD_LIBRARY_PATH=/workspace/jazzy_ws/install/lib PATH=/workspace/jazzy_ws/install/bin:/workspace/jazzy_ws/install/opt/uncrustify_vendor/bin:${PATH} PKG_CONFIG_PATH=/workspace/jazzy_ws/install/lib/x86_64-linux-gnu/pkgconfig:/workspace/jazzy_ws/install/lib/pkgconfig PYTHONPATH=/workspace/jazzy_ws/install/lib/python3.12/site-packages /usr/bin/cmake /workspace/jazzy_ws/src/rmw/rmw_implementation_cmake -DCMAKE_INSTALL_PREFIX=/workspace/jazzy_ws/install
[0.045s] -- Found ament_cmake: 2.5.5 (/workspace/jazzy_ws/install/share/ament_cmake/cmake)
[0.124s] -- Found Python3: /usr/bin/python3 (found version "3.12.3") found components: Interpreter 
[0.179s] -- Found ament_lint_auto: 0.17.4 (/workspace/jazzy_ws/install/share/ament_lint_auto/cmake)
[0.241s] -- Added test 'copyright' to check source files copyright and LICENSE
[0.245s] -- Added test 'lint_cmake' to check CMake code style
[0.248s] -- Added test 'xmllint' to check XML markup files
[0.249s] -- Configuring done (0.2s)
[0.251s] -- Generating done (0.0s)
[0.252s] -- Build files have been written to: /workspace/jazzy_ws/build/rmw_implementation_cmake
[0.253s] Invoked command in '/workspace/jazzy_ws/build/rmw_implementation_cmake' returned '0': AMENT_PREFIX_PATH=/workspace/jazzy_ws/install CMAKE_PREFIX_PATH=/workspace/jazzy_ws/install LD_LIBRARY_PATH=/workspace/jazzy_ws/install/lib PATH=/workspace/jazzy_ws/install/bin:/workspace/jazzy_ws/install/opt/uncrustify_vendor/bin:${PATH} PKG_CONFIG_PATH=/workspace/jazzy_ws/install/lib/x86_64-linux-gnu/pkgconfig:/workspace/jazzy_ws/install/lib/pkgconfig PYTHONPATH=/workspace/jazzy_ws/install/lib/python3.12/site-packages /usr/bin/cmake /workspace/jazzy_ws/src/rmw/rmw_implementation_cmake -DCMAKE_INSTALL_PREFIX=/workspace/jazzy_ws/install
[0.253s] Invoking command in '/workspace/jazzy_ws/build/rmw_implementation_cmake': AMENT_PREFIX_PATH=/workspace/jazzy_ws/install CMAKE_PREFIX_PATH=/workspace/jazzy_ws/install LD_LIBRARY_PATH=/workspace/jazzy_ws/install/lib PATH=/workspace/jazzy_ws/install/bin:/workspace/jazzy_ws/install/opt/uncrustify_vendor/bin:${PATH} PKG_CONFIG_PATH=/workspace/jazzy_ws/install/lib/x86_64-linux-gnu/pkgconfig:/workspace/jazzy_ws/install/lib/pkgconfig PYTHONPATH=/workspace/jazzy_ws/install/lib/python3.12/site-packages /usr/bin/cmake --build /workspace/jazzy_ws/build/rmw_implementation_cmake -- -j24 -l24
[0.279s] Invoked command in '/workspace/jazzy_ws/build/rmw_implementation_cmake' returned '0': AMENT_PREFIX_PATH=/workspace/jazzy_ws/install CMAKE_PREFIX_PATH=/workspace/jazzy_ws/install LD_LIBRARY_PATH=/workspace/jazzy_ws/install/lib PATH=/workspace/jazzy_ws/install/bin:/workspace/jazzy_ws/install/opt/uncrustify_vendor/bin:${PATH} PKG_CONFIG_PATH=/workspace/jazzy_ws/install/lib/x86_64-linux-gnu/pkgconfig:/workspace/jazzy_ws/install/lib/pkgconfig PYTHONPATH=/workspace/jazzy_ws/install/lib/python3.12/site-packages /usr/bin/cmake --build /workspace/jazzy_ws/build/rmw_implementation_cmake -- -j24 -l24
[0.279s] Invoking command in '/workspace/jazzy_ws/build/rmw_implementation_cmake': AMENT_PREFIX_PATH=/workspace/jazzy_ws/install CMAKE_PREFIX_PATH=/workspace/jazzy_ws/install LD_LIBRARY_PATH=/workspace/jazzy_ws/install/lib PATH=/workspace/jazzy_ws/install/bin:/workspace/jazzy_ws/install/opt/uncrustify_vendor/bin:${PATH} PKG_CONFIG_PATH=/workspace/jazzy_ws/install/lib/x86_64-linux-gnu/pkgconfig:/workspace/jazzy_ws/install/lib/pkgconfig PYTHONPATH=/workspace/jazzy_ws/install/lib/python3.12/site-packages /usr/bin/cmake --install /workspace/jazzy_ws/build/rmw_implementation_cmake
[0.283s] -- Install configuration: ""
[0.283s] -- Installing: /workspace/jazzy_ws/install/share/ament_index/resource_index/package_run_dependencies/rmw_implementation_cmake
[0.284s] -- Installing: /workspace/jazzy_ws/install/share/ament_index/resource_index/parent_prefix_path/rmw_implementation_cmake
[0.284s] -- Installing: /workspace/jazzy_ws/install/share/rmw_implementation_cmake/environment/ament_prefix_path.sh
[0.284s] -- Installing: /workspace/jazzy_ws/install/share/rmw_implementation_cmake/environment/ament_prefix_path.dsv
[0.284s] -- Installing: /workspace/jazzy_ws/install/share/rmw_implementation_cmake/environment/path.sh
[0.284s] -- Installing: /workspace/jazzy_ws/install/share/rmw_implementation_cmake/environment/path.dsv
[0.284s] -- Installing: /workspace/jazzy_ws/install/share/rmw_implementation_cmake/local_setup.bash
[0.284s] -- Installing: /workspace/jazzy_ws/install/share/rmw_implementation_cmake/local_setup.sh
[0.284s] -- Installing: /workspace/jazzy_ws/install/share/rmw_implementation_cmake/local_setup.zsh
[0.285s] -- Installing: /workspace/jazzy_ws/install/share/rmw_implementation_cmake/local_setup.dsv
[0.285s] -- Installing: /workspace/jazzy_ws/install/share/rmw_implementation_cmake/package.dsv
[0.285s] -- Installing: /workspace/jazzy_ws/install/share/ament_index/resource_index/packages/rmw_implementation_cmake
[0.285s] -- Installing: /workspace/jazzy_ws/install/share/rmw_implementation_cmake/cmake/rmw_implementation_cmake-extras.cmake
[0.285s] -- Installing: /workspace/jazzy_ws/install/share/rmw_implementation_cmake/cmake/ament_cmake_export_dependencies-extras.cmake
[0.285s] -- Installing: /workspace/jazzy_ws/install/share/rmw_implementation_cmake/cmake/rmw_implementation_cmakeConfig.cmake
[0.285s] -- Installing: /workspace/jazzy_ws/install/share/rmw_implementation_cmake/cmake/rmw_implementation_cmakeConfig-version.cmake
[0.285s] -- Installing: /workspace/jazzy_ws/install/share/rmw_implementation_cmake/package.xml
[0.285s] -- Up-to-date: /workspace/jazzy_ws/install/share/rmw_implementation_cmake/cmake
[0.285s] -- Installing: /workspace/jazzy_ws/install/share/rmw_implementation_cmake/cmake/call_for_each_rmw_implementation.cmake
[0.285s] -- Installing: /workspace/jazzy_ws/install/share/rmw_implementation_cmake/cmake/get_available_rmw_implementations.cmake
[0.285s] -- Installing: /workspace/jazzy_ws/install/share/rmw_implementation_cmake/cmake/get_default_rmw_implementation.cmake
[0.305s] Invoked command in '/workspace/jazzy_ws/build/rmw_implementation_cmake' returned '0': AMENT_PREFIX_PATH=/workspace/jazzy_ws/install CMAKE_PREFIX_PATH=/workspace/jazzy_ws/install LD_LIBRARY_PATH=/workspace/jazzy_ws/install/lib PATH=/workspace/jazzy_ws/install/bin:/workspace/jazzy_ws/install/opt/uncrustify_vendor/bin:${PATH} PKG_CONFIG_PATH=/workspace/jazzy_ws/install/lib/x86_64-linux-gnu/pkgconfig:/workspace/jazzy_ws/install/lib/pkgconfig PYTHONPATH=/workspace/jazzy_ws/install/lib/python3.12/site-packages /usr/bin/cmake --install /workspace/jazzy_ws/build/rmw_implementation_cmake
