[0.078s] Invoking command in '/workspace/jazzy_ws/build/rosidl_core_runtime': AMENT_PREFIX_PATH=/workspace/jazzy_ws/install CMAKE_PREFIX_PATH=/workspace/jazzy_ws/install LD_LIBRARY_PATH=/workspace/jazzy_ws/install/lib:/workspace/jazzy_ws/install/opt/mimick_vendor/lib PATH=/workspace/jazzy_ws/install/bin:/workspace/jazzy_ws/install/opt/uncrustify_vendor/bin:${PATH} PKG_CONFIG_PATH=/workspace/jazzy_ws/install/lib/x86_64-linux-gnu/pkgconfig:/workspace/jazzy_ws/install/lib/pkgconfig PYTHONPATH=/workspace/jazzy_ws/install/lib/python3.12/site-packages /usr/bin/cmake /workspace/jazzy_ws/src/rosidl_core/rosidl_core_runtime -DCMAKE_INSTALL_PREFIX=/workspace/jazzy_ws/install
[0.085s] -- Found ament_cmake: 2.5.5 (/workspace/jazzy_ws/install/share/ament_cmake/cmake)
[0.154s] -- Found Python3: /usr/bin/python3 (found version "3.12.3") found components: Interpreter 
[0.204s] -- Found ament_lint_auto: 0.17.4 (/workspace/jazzy_ws/install/share/ament_lint_auto/cmake)
[0.265s] -- Added test 'copyright' to check source files copyright and LICENSE
[0.270s] -- Added test 'lint_cmake' to check CMake code style
[0.272s] -- Added test 'xmllint' to check XML markup files
[0.273s] -- Configuring done (0.2s)
[0.275s] -- Generating done (0.0s)
[0.276s] -- Build files have been written to: /workspace/jazzy_ws/build/rosidl_core_runtime
[0.278s] Invoked command in '/workspace/jazzy_ws/build/rosidl_core_runtime' returned '0': AMENT_PREFIX_PATH=/workspace/jazzy_ws/install CMAKE_PREFIX_PATH=/workspace/jazzy_ws/install LD_LIBRARY_PATH=/workspace/jazzy_ws/install/lib:/workspace/jazzy_ws/install/opt/mimick_vendor/lib PATH=/workspace/jazzy_ws/install/bin:/workspace/jazzy_ws/install/opt/uncrustify_vendor/bin:${PATH} PKG_CONFIG_PATH=/workspace/jazzy_ws/install/lib/x86_64-linux-gnu/pkgconfig:/workspace/jazzy_ws/install/lib/pkgconfig PYTHONPATH=/workspace/jazzy_ws/install/lib/python3.12/site-packages /usr/bin/cmake /workspace/jazzy_ws/src/rosidl_core/rosidl_core_runtime -DCMAKE_INSTALL_PREFIX=/workspace/jazzy_ws/install
[0.278s] Invoking command in '/workspace/jazzy_ws/build/rosidl_core_runtime': AMENT_PREFIX_PATH=/workspace/jazzy_ws/install CMAKE_PREFIX_PATH=/workspace/jazzy_ws/install LD_LIBRARY_PATH=/workspace/jazzy_ws/install/lib:/workspace/jazzy_ws/install/opt/mimick_vendor/lib PATH=/workspace/jazzy_ws/install/bin:/workspace/jazzy_ws/install/opt/uncrustify_vendor/bin:${PATH} PKG_CONFIG_PATH=/workspace/jazzy_ws/install/lib/x86_64-linux-gnu/pkgconfig:/workspace/jazzy_ws/install/lib/pkgconfig PYTHONPATH=/workspace/jazzy_ws/install/lib/python3.12/site-packages /usr/bin/cmake --build /workspace/jazzy_ws/build/rosidl_core_runtime -- -j24 -l24
[0.296s] Invoked command in '/workspace/jazzy_ws/build/rosidl_core_runtime' returned '0': AMENT_PREFIX_PATH=/workspace/jazzy_ws/install CMAKE_PREFIX_PATH=/workspace/jazzy_ws/install LD_LIBRARY_PATH=/workspace/jazzy_ws/install/lib:/workspace/jazzy_ws/install/opt/mimick_vendor/lib PATH=/workspace/jazzy_ws/install/bin:/workspace/jazzy_ws/install/opt/uncrustify_vendor/bin:${PATH} PKG_CONFIG_PATH=/workspace/jazzy_ws/install/lib/x86_64-linux-gnu/pkgconfig:/workspace/jazzy_ws/install/lib/pkgconfig PYTHONPATH=/workspace/jazzy_ws/install/lib/python3.12/site-packages /usr/bin/cmake --build /workspace/jazzy_ws/build/rosidl_core_runtime -- -j24 -l24
[0.297s] Invoking command in '/workspace/jazzy_ws/build/rosidl_core_runtime': AMENT_PREFIX_PATH=/workspace/jazzy_ws/install CMAKE_PREFIX_PATH=/workspace/jazzy_ws/install LD_LIBRARY_PATH=/workspace/jazzy_ws/install/lib:/workspace/jazzy_ws/install/opt/mimick_vendor/lib PATH=/workspace/jazzy_ws/install/bin:/workspace/jazzy_ws/install/opt/uncrustify_vendor/bin:${PATH} PKG_CONFIG_PATH=/workspace/jazzy_ws/install/lib/x86_64-linux-gnu/pkgconfig:/workspace/jazzy_ws/install/lib/pkgconfig PYTHONPATH=/workspace/jazzy_ws/install/lib/python3.12/site-packages /usr/bin/cmake --install /workspace/jazzy_ws/build/rosidl_core_runtime
[0.300s] -- Install configuration: ""
[0.300s] -- Installing: /workspace/jazzy_ws/install/share/ament_index/resource_index/package_run_dependencies/rosidl_core_runtime
[0.300s] -- Installing: /workspace/jazzy_ws/install/share/ament_index/resource_index/parent_prefix_path/rosidl_core_runtime
[0.300s] -- Installing: /workspace/jazzy_ws/install/share/rosidl_core_runtime/environment/ament_prefix_path.sh
[0.300s] -- Installing: /workspace/jazzy_ws/install/share/rosidl_core_runtime/environment/ament_prefix_path.dsv
[0.301s] -- Installing: /workspace/jazzy_ws/install/share/rosidl_core_runtime/environment/path.sh
[0.301s] -- Installing: /workspace/jazzy_ws/install/share/rosidl_core_runtime/environment/path.dsv
[0.301s] -- Installing: /workspace/jazzy_ws/install/share/rosidl_core_runtime/local_setup.bash
[0.301s] -- Installing: /workspace/jazzy_ws/install/share/rosidl_core_runtime/local_setup.sh
[0.301s] -- Installing: /workspace/jazzy_ws/install/share/rosidl_core_runtime/local_setup.zsh
[0.301s] -- Installing: /workspace/jazzy_ws/install/share/rosidl_core_runtime/local_setup.dsv
[0.301s] -- Installing: /workspace/jazzy_ws/install/share/rosidl_core_runtime/package.dsv
[0.301s] -- Installing: /workspace/jazzy_ws/install/share/ament_index/resource_index/packages/rosidl_core_runtime
[0.301s] -- Installing: /workspace/jazzy_ws/install/share/rosidl_core_runtime/cmake/rosidl_core_runtime-extras.cmake
[0.301s] -- Installing: /workspace/jazzy_ws/install/share/rosidl_core_runtime/cmake/rosidl_core_runtimeConfig.cmake
[0.301s] -- Installing: /workspace/jazzy_ws/install/share/rosidl_core_runtime/cmake/rosidl_core_runtimeConfig-version.cmake
[0.301s] -- Installing: /workspace/jazzy_ws/install/share/rosidl_core_runtime/package.xml
[0.313s] Invoked command in '/workspace/jazzy_ws/build/rosidl_core_runtime' returned '0': AMENT_PREFIX_PATH=/workspace/jazzy_ws/install CMAKE_PREFIX_PATH=/workspace/jazzy_ws/install LD_LIBRARY_PATH=/workspace/jazzy_ws/install/lib:/workspace/jazzy_ws/install/opt/mimick_vendor/lib PATH=/workspace/jazzy_ws/install/bin:/workspace/jazzy_ws/install/opt/uncrustify_vendor/bin:${PATH} PKG_CONFIG_PATH=/workspace/jazzy_ws/install/lib/x86_64-linux-gnu/pkgconfig:/workspace/jazzy_ws/install/lib/pkgconfig PYTHONPATH=/workspace/jazzy_ws/install/lib/python3.12/site-packages /usr/bin/cmake --install /workspace/jazzy_ws/build/rosidl_core_runtime
