[0.023s] Invoking command in '/workspace/jazzy_ws/build/ament_cmake_xmllint': AMENT_PREFIX_PATH=/workspace/jazzy_ws/install CMAKE_PREFIX_PATH=/workspace/jazzy_ws/install LD_LIBRARY_PATH=/workspace/jazzy_ws/install/lib PATH=/workspace/jazzy_ws/install/bin:${PATH} PYTHONPATH=/workspace/jazzy_ws/install/lib/python3.12/site-packages /usr/bin/cmake /workspace/jazzy_ws/src/ament_lint/ament_cmake_xmllint -DCMAKE_INSTALL_PREFIX=/workspace/jazzy_ws/install
[0.033s] -- Found ament_cmake_core: 2.5.5 (/workspace/jazzy_ws/install/share/ament_cmake_core/cmake)
[0.130s] -- Found Python3: /usr/bin/python3 (found version "3.12.3") found components: Interpreter 
[0.182s] -- Found ament_cmake_test: 2.5.5 (/workspace/jazzy_ws/install/share/ament_cmake_test/cmake)
[0.245s] -- Found ament_cmake_copyright: 0.17.4 (/workspace/jazzy_ws/install/share/ament_cmake_copyright/cmake)
[0.245s] -- Found ament_cmake_lint_cmake: 0.17.4 (/workspace/jazzy_ws/install/share/ament_cmake_lint_cmake/cmake)
[0.245s] -- Configuring done (0.2s)
[0.247s] -- Generating done (0.0s)
[0.248s] -- Build files have been written to: /workspace/jazzy_ws/build/ament_cmake_xmllint
[0.250s] Invoked command in '/workspace/jazzy_ws/build/ament_cmake_xmllint' returned '0': AMENT_PREFIX_PATH=/workspace/jazzy_ws/install CMAKE_PREFIX_PATH=/workspace/jazzy_ws/install LD_LIBRARY_PATH=/workspace/jazzy_ws/install/lib PATH=/workspace/jazzy_ws/install/bin:${PATH} PYTHONPATH=/workspace/jazzy_ws/install/lib/python3.12/site-packages /usr/bin/cmake /workspace/jazzy_ws/src/ament_lint/ament_cmake_xmllint -DCMAKE_INSTALL_PREFIX=/workspace/jazzy_ws/install
[0.250s] Invoking command in '/workspace/jazzy_ws/build/ament_cmake_xmllint': AMENT_PREFIX_PATH=/workspace/jazzy_ws/install CMAKE_PREFIX_PATH=/workspace/jazzy_ws/install LD_LIBRARY_PATH=/workspace/jazzy_ws/install/lib PATH=/workspace/jazzy_ws/install/bin:${PATH} PYTHONPATH=/workspace/jazzy_ws/install/lib/python3.12/site-packages /usr/bin/cmake --build /workspace/jazzy_ws/build/ament_cmake_xmllint -- -j24 -l24
[0.273s] Invoked command in '/workspace/jazzy_ws/build/ament_cmake_xmllint' returned '0': AMENT_PREFIX_PATH=/workspace/jazzy_ws/install CMAKE_PREFIX_PATH=/workspace/jazzy_ws/install LD_LIBRARY_PATH=/workspace/jazzy_ws/install/lib PATH=/workspace/jazzy_ws/install/bin:${PATH} PYTHONPATH=/workspace/jazzy_ws/install/lib/python3.12/site-packages /usr/bin/cmake --build /workspace/jazzy_ws/build/ament_cmake_xmllint -- -j24 -l24
[0.273s] Invoking command in '/workspace/jazzy_ws/build/ament_cmake_xmllint': AMENT_PREFIX_PATH=/workspace/jazzy_ws/install CMAKE_PREFIX_PATH=/workspace/jazzy_ws/install LD_LIBRARY_PATH=/workspace/jazzy_ws/install/lib PATH=/workspace/jazzy_ws/install/bin:${PATH} PYTHONPATH=/workspace/jazzy_ws/install/lib/python3.12/site-packages /usr/bin/cmake --install /workspace/jazzy_ws/build/ament_cmake_xmllint
[0.288s] -- Install configuration: ""
[0.288s] -- Installing: /workspace/jazzy_ws/install/share/ament_index/resource_index/package_run_dependencies/ament_cmake_xmllint
[0.288s] -- Installing: /workspace/jazzy_ws/install/share/ament_index/resource_index/parent_prefix_path/ament_cmake_xmllint
[0.288s] -- Installing: /workspace/jazzy_ws/install/share/ament_cmake_xmllint/environment/ament_prefix_path.sh
[0.288s] -- Installing: /workspace/jazzy_ws/install/share/ament_cmake_xmllint/environment/ament_prefix_path.dsv
[0.288s] -- Installing: /workspace/jazzy_ws/install/share/ament_cmake_xmllint/environment/path.sh
[0.288s] -- Installing: /workspace/jazzy_ws/install/share/ament_cmake_xmllint/environment/path.dsv
[0.288s] -- Installing: /workspace/jazzy_ws/install/share/ament_cmake_xmllint/local_setup.bash
[0.288s] -- Installing: /workspace/jazzy_ws/install/share/ament_cmake_xmllint/local_setup.sh
[0.288s] -- Installing: /workspace/jazzy_ws/install/share/ament_cmake_xmllint/local_setup.zsh
[0.289s] -- Installing: /workspace/jazzy_ws/install/share/ament_cmake_xmllint/local_setup.dsv
[0.289s] -- Installing: /workspace/jazzy_ws/install/share/ament_cmake_xmllint/package.dsv
[0.289s] -- Installing: /workspace/jazzy_ws/install/share/ament_index/resource_index/packages/ament_cmake_xmllint
[0.289s] -- Installing: /workspace/jazzy_ws/install/share/ament_cmake_xmllint/cmake/ament_cmake_xmllint-extras.cmake
[0.289s] -- Installing: /workspace/jazzy_ws/install/share/ament_cmake_xmllint/cmake/ament_cmake_xmllintConfig.cmake
[0.289s] -- Installing: /workspace/jazzy_ws/install/share/ament_cmake_xmllint/cmake/ament_cmake_xmllintConfig-version.cmake
[0.289s] -- Installing: /workspace/jazzy_ws/install/share/ament_cmake_xmllint/package.xml
[0.289s] -- Up-to-date: /workspace/jazzy_ws/install/share/ament_cmake_xmllint/cmake
[0.289s] -- Installing: /workspace/jazzy_ws/install/share/ament_cmake_xmllint/cmake/ament_cmake_xmllint_lint_hook.cmake
[0.289s] -- Installing: /workspace/jazzy_ws/install/share/ament_cmake_xmllint/cmake/ament_xmllint.cmake
[0.321s] Invoked command in '/workspace/jazzy_ws/build/ament_cmake_xmllint' returned '0': AMENT_PREFIX_PATH=/workspace/jazzy_ws/install CMAKE_PREFIX_PATH=/workspace/jazzy_ws/install LD_LIBRARY_PATH=/workspace/jazzy_ws/install/lib PATH=/workspace/jazzy_ws/install/bin:${PATH} PYTHONPATH=/workspace/jazzy_ws/install/lib/python3.12/site-packages /usr/bin/cmake --install /workspace/jazzy_ws/build/ament_cmake_xmllint
