-- Found ament_cmake_core: 2.5.5 (/workspace/jazzy_ws/install/share/ament_cmake_core/cmake)
-- Found Python3: /usr/bin/python3 (found version "3.12.3") found components: Interpreter 
-- Found ament_cmake_export_dependencies: 2.5.5 (/workspace/jazzy_ws/install/share/ament_cmake_export_dependencies/cmake)
-- Found ament_cmake_python: 2.5.5 (/workspace/jazzy_ws/install/share/ament_cmake_python/cmake)
-- Configuring done (0.2s)
-- Generating done (0.0s)
-- Build files have been written to: /workspace/jazzy_ws/build/ament_cmake_google_benchmark
Built target ament_cmake_python_copy_ament_cmake_google_benchmark
running egg_info
creating ament_cmake_google_benchmark.egg-info
writing ament_cmake_google_benchmark.egg-info/PKG-INFO
writing dependency_links to ament_cmake_google_benchmark.egg-info/dependency_links.txt
writing top-level names to ament_cmake_google_benchmark.egg-info/top_level.txt
writing manifest file 'ament_cmake_google_benchmark.egg-info/SOURCES.txt'
reading manifest file 'ament_cmake_google_benchmark.egg-info/SOURCES.txt'
writing manifest file 'ament_cmake_google_benchmark.egg-info/SOURCES.txt'
Built target ament_cmake_python_build_ament_cmake_google_benchmark_egg
-- Install configuration: ""
-- Installing: /workspace/jazzy_ws/install/share/ament_cmake_google_benchmark/environment/pythonpath.sh
-- Installing: /workspace/jazzy_ws/install/share/ament_cmake_google_benchmark/environment/pythonpath.dsv
-- Installing: /workspace/jazzy_ws/install/lib/python3.12/site-packages/ament_cmake_google_benchmark-2.5.5-py3.12.egg-info
-- Installing: /workspace/jazzy_ws/install/lib/python3.12/site-packages/ament_cmake_google_benchmark-2.5.5-py3.12.egg-info/PKG-INFO
-- Installing: /workspace/jazzy_ws/install/lib/python3.12/site-packages/ament_cmake_google_benchmark-2.5.5-py3.12.egg-info/SOURCES.txt
-- Installing: /workspace/jazzy_ws/install/lib/python3.12/site-packages/ament_cmake_google_benchmark-2.5.5-py3.12.egg-info/top_level.txt
-- Installing: /workspace/jazzy_ws/install/lib/python3.12/site-packages/ament_cmake_google_benchmark-2.5.5-py3.12.egg-info/dependency_links.txt
-- Installing: /workspace/jazzy_ws/install/lib/python3.12/site-packages/ament_cmake_google_benchmark
-- Installing: /workspace/jazzy_ws/install/lib/python3.12/site-packages/ament_cmake_google_benchmark/__init__.py
Listing '/workspace/jazzy_ws/install/lib/python3.12/site-packages/ament_cmake_google_benchmark'...
Compiling '/workspace/jazzy_ws/install/lib/python3.12/site-packages/ament_cmake_google_benchmark/__init__.py'...
-- Installing: /workspace/jazzy_ws/install/share/ament_index/resource_index/package_run_dependencies/ament_cmake_google_benchmark
-- Installing: /workspace/jazzy_ws/install/share/ament_index/resource_index/parent_prefix_path/ament_cmake_google_benchmark
-- Installing: /workspace/jazzy_ws/install/share/ament_cmake_google_benchmark/environment/ament_prefix_path.sh
-- Installing: /workspace/jazzy_ws/install/share/ament_cmake_google_benchmark/environment/ament_prefix_path.dsv
-- Installing: /workspace/jazzy_ws/install/share/ament_cmake_google_benchmark/environment/path.sh
-- Installing: /workspace/jazzy_ws/install/share/ament_cmake_google_benchmark/environment/path.dsv
-- Installing: /workspace/jazzy_ws/install/share/ament_cmake_google_benchmark/local_setup.bash
-- Installing: /workspace/jazzy_ws/install/share/ament_cmake_google_benchmark/local_setup.sh
-- Installing: /workspace/jazzy_ws/install/share/ament_cmake_google_benchmark/local_setup.zsh
-- Installing: /workspace/jazzy_ws/install/share/ament_cmake_google_benchmark/local_setup.dsv
-- Installing: /workspace/jazzy_ws/install/share/ament_cmake_google_benchmark/package.dsv
-- Installing: /workspace/jazzy_ws/install/share/ament_index/resource_index/packages/ament_cmake_google_benchmark
-- Installing: /workspace/jazzy_ws/install/share/ament_cmake_google_benchmark/cmake/ament_cmake_google_benchmark-extras.cmake
-- Installing: /workspace/jazzy_ws/install/share/ament_cmake_google_benchmark/cmake/ament_cmake_export_dependencies-extras.cmake
-- Installing: /workspace/jazzy_ws/install/share/ament_cmake_google_benchmark/cmake/ament_cmake_google_benchmarkConfig.cmake
-- Installing: /workspace/jazzy_ws/install/share/ament_cmake_google_benchmark/cmake/ament_cmake_google_benchmarkConfig-version.cmake
-- Installing: /workspace/jazzy_ws/install/share/ament_cmake_google_benchmark/package.xml
-- Up-to-date: /workspace/jazzy_ws/install/share/ament_cmake_google_benchmark/cmake
-- Installing: /workspace/jazzy_ws/install/share/ament_cmake_google_benchmark/cmake/ament_add_google_benchmark_executable.cmake
-- Installing: /workspace/jazzy_ws/install/share/ament_cmake_google_benchmark/cmake/ament_add_google_benchmark.cmake
-- Installing: /workspace/jazzy_ws/install/share/ament_cmake_google_benchmark/cmake/ament_add_google_benchmark_test.cmake
-- Installing: /workspace/jazzy_ws/install/share/ament_cmake_google_benchmark/cmake/run_and_convert.py
