[0.008s] Invoking command in '/workspace/jazzy_ws/build/ament_cmake_google_benchmark': AMENT_PREFIX_PATH=/workspace/jazzy_ws/install CMAKE_PREFIX_PATH=/workspace/jazzy_ws/install LD_LIBRARY_PATH=/workspace/jazzy_ws/install/lib PATH=/workspace/jazzy_ws/install/bin:${PATH} PKG_CONFIG_PATH=/workspace/jazzy_ws/install/lib/x86_64-linux-gnu/pkgconfig:/workspace/jazzy_ws/install/lib/pkgconfig PYTHONPATH=/workspace/jazzy_ws/install/lib/python3.12/site-packages /usr/bin/cmake /workspace/jazzy_ws/src/ament_cmake/ament_cmake_google_benchmark -DCMAKE_INSTALL_PREFIX=/workspace/jazzy_ws/install
[0.016s] -- Found ament_cmake_core: 2.5.5 (/workspace/jazzy_ws/install/share/ament_cmake_core/cmake)
[0.091s] -- Found Python3: /usr/bin/python3 (found version "3.12.3") found components: Interpreter 
[0.138s] -- Found ament_cmake_export_dependencies: 2.5.5 (/workspace/jazzy_ws/install/share/ament_cmake_export_dependencies/cmake)
[0.139s] -- Found ament_cmake_python: 2.5.5 (/workspace/jazzy_ws/install/share/ament_cmake_python/cmake)
[0.260s] -- Configuring done (0.2s)
[0.262s] -- Generating done (0.0s)
[0.263s] -- Build files have been written to: /workspace/jazzy_ws/build/ament_cmake_google_benchmark
[0.264s] Invoked command in '/workspace/jazzy_ws/build/ament_cmake_google_benchmark' returned '0': AMENT_PREFIX_PATH=/workspace/jazzy_ws/install CMAKE_PREFIX_PATH=/workspace/jazzy_ws/install LD_LIBRARY_PATH=/workspace/jazzy_ws/install/lib PATH=/workspace/jazzy_ws/install/bin:${PATH} PKG_CONFIG_PATH=/workspace/jazzy_ws/install/lib/x86_64-linux-gnu/pkgconfig:/workspace/jazzy_ws/install/lib/pkgconfig PYTHONPATH=/workspace/jazzy_ws/install/lib/python3.12/site-packages /usr/bin/cmake /workspace/jazzy_ws/src/ament_cmake/ament_cmake_google_benchmark -DCMAKE_INSTALL_PREFIX=/workspace/jazzy_ws/install
[0.264s] Invoking command in '/workspace/jazzy_ws/build/ament_cmake_google_benchmark': AMENT_PREFIX_PATH=/workspace/jazzy_ws/install CMAKE_PREFIX_PATH=/workspace/jazzy_ws/install LD_LIBRARY_PATH=/workspace/jazzy_ws/install/lib PATH=/workspace/jazzy_ws/install/bin:${PATH} PKG_CONFIG_PATH=/workspace/jazzy_ws/install/lib/x86_64-linux-gnu/pkgconfig:/workspace/jazzy_ws/install/lib/pkgconfig PYTHONPATH=/workspace/jazzy_ws/install/lib/python3.12/site-packages /usr/bin/cmake --build /workspace/jazzy_ws/build/ament_cmake_google_benchmark -- -j24 -l24
[0.296s] Built target ament_cmake_python_copy_ament_cmake_google_benchmark
[0.392s] running egg_info
[0.396s] creating ament_cmake_google_benchmark.egg-info
[0.396s] writing ament_cmake_google_benchmark.egg-info/PKG-INFO
[0.396s] writing dependency_links to ament_cmake_google_benchmark.egg-info/dependency_links.txt
[0.396s] writing top-level names to ament_cmake_google_benchmark.egg-info/top_level.txt
[0.396s] writing manifest file 'ament_cmake_google_benchmark.egg-info/SOURCES.txt'
[0.410s] reading manifest file 'ament_cmake_google_benchmark.egg-info/SOURCES.txt'
[0.410s] writing manifest file 'ament_cmake_google_benchmark.egg-info/SOURCES.txt'
[0.426s] Built target ament_cmake_python_build_ament_cmake_google_benchmark_egg
[0.432s] Invoked command in '/workspace/jazzy_ws/build/ament_cmake_google_benchmark' returned '0': AMENT_PREFIX_PATH=/workspace/jazzy_ws/install CMAKE_PREFIX_PATH=/workspace/jazzy_ws/install LD_LIBRARY_PATH=/workspace/jazzy_ws/install/lib PATH=/workspace/jazzy_ws/install/bin:${PATH} PKG_CONFIG_PATH=/workspace/jazzy_ws/install/lib/x86_64-linux-gnu/pkgconfig:/workspace/jazzy_ws/install/lib/pkgconfig PYTHONPATH=/workspace/jazzy_ws/install/lib/python3.12/site-packages /usr/bin/cmake --build /workspace/jazzy_ws/build/ament_cmake_google_benchmark -- -j24 -l24
[0.432s] Invoking command in '/workspace/jazzy_ws/build/ament_cmake_google_benchmark': AMENT_PREFIX_PATH=/workspace/jazzy_ws/install CMAKE_PREFIX_PATH=/workspace/jazzy_ws/install LD_LIBRARY_PATH=/workspace/jazzy_ws/install/lib PATH=/workspace/jazzy_ws/install/bin:${PATH} PKG_CONFIG_PATH=/workspace/jazzy_ws/install/lib/x86_64-linux-gnu/pkgconfig:/workspace/jazzy_ws/install/lib/pkgconfig PYTHONPATH=/workspace/jazzy_ws/install/lib/python3.12/site-packages /usr/bin/cmake --install /workspace/jazzy_ws/build/ament_cmake_google_benchmark
[0.437s] -- Install configuration: ""
[0.437s] -- Installing: /workspace/jazzy_ws/install/share/ament_cmake_google_benchmark/environment/pythonpath.sh
[0.437s] -- Installing: /workspace/jazzy_ws/install/share/ament_cmake_google_benchmark/environment/pythonpath.dsv
[0.437s] -- Installing: /workspace/jazzy_ws/install/lib/python3.12/site-packages/ament_cmake_google_benchmark-2.5.5-py3.12.egg-info
[0.437s] -- Installing: /workspace/jazzy_ws/install/lib/python3.12/site-packages/ament_cmake_google_benchmark-2.5.5-py3.12.egg-info/PKG-INFO
[0.437s] -- Installing: /workspace/jazzy_ws/install/lib/python3.12/site-packages/ament_cmake_google_benchmark-2.5.5-py3.12.egg-info/SOURCES.txt
[0.437s] -- Installing: /workspace/jazzy_ws/install/lib/python3.12/site-packages/ament_cmake_google_benchmark-2.5.5-py3.12.egg-info/top_level.txt
[0.437s] -- Installing: /workspace/jazzy_ws/install/lib/python3.12/site-packages/ament_cmake_google_benchmark-2.5.5-py3.12.egg-info/dependency_links.txt
[0.437s] -- Installing: /workspace/jazzy_ws/install/lib/python3.12/site-packages/ament_cmake_google_benchmark
[0.437s] -- Installing: /workspace/jazzy_ws/install/lib/python3.12/site-packages/ament_cmake_google_benchmark/__init__.py
[0.460s] Listing '/workspace/jazzy_ws/install/lib/python3.12/site-packages/ament_cmake_google_benchmark'...
[0.460s] Compiling '/workspace/jazzy_ws/install/lib/python3.12/site-packages/ament_cmake_google_benchmark/__init__.py'...
[0.464s] -- Installing: /workspace/jazzy_ws/install/share/ament_index/resource_index/package_run_dependencies/ament_cmake_google_benchmark
[0.464s] -- Installing: /workspace/jazzy_ws/install/share/ament_index/resource_index/parent_prefix_path/ament_cmake_google_benchmark
[0.464s] -- Installing: /workspace/jazzy_ws/install/share/ament_cmake_google_benchmark/environment/ament_prefix_path.sh
[0.464s] -- Installing: /workspace/jazzy_ws/install/share/ament_cmake_google_benchmark/environment/ament_prefix_path.dsv
[0.464s] -- Installing: /workspace/jazzy_ws/install/share/ament_cmake_google_benchmark/environment/path.sh
[0.464s] -- Installing: /workspace/jazzy_ws/install/share/ament_cmake_google_benchmark/environment/path.dsv
[0.464s] -- Installing: /workspace/jazzy_ws/install/share/ament_cmake_google_benchmark/local_setup.bash
[0.465s] -- Installing: /workspace/jazzy_ws/install/share/ament_cmake_google_benchmark/local_setup.sh
[0.465s] -- Installing: /workspace/jazzy_ws/install/share/ament_cmake_google_benchmark/local_setup.zsh
[0.465s] -- Installing: /workspace/jazzy_ws/install/share/ament_cmake_google_benchmark/local_setup.dsv
[0.465s] -- Installing: /workspace/jazzy_ws/install/share/ament_cmake_google_benchmark/package.dsv
[0.465s] -- Installing: /workspace/jazzy_ws/install/share/ament_index/resource_index/packages/ament_cmake_google_benchmark
[0.465s] -- Installing: /workspace/jazzy_ws/install/share/ament_cmake_google_benchmark/cmake/ament_cmake_google_benchmark-extras.cmake
[0.465s] -- Installing: /workspace/jazzy_ws/install/share/ament_cmake_google_benchmark/cmake/ament_cmake_export_dependencies-extras.cmake
[0.465s] -- Installing: /workspace/jazzy_ws/install/share/ament_cmake_google_benchmark/cmake/ament_cmake_google_benchmarkConfig.cmake
[0.465s] -- Installing: /workspace/jazzy_ws/install/share/ament_cmake_google_benchmark/cmake/ament_cmake_google_benchmarkConfig-version.cmake
[0.465s] -- Installing: /workspace/jazzy_ws/install/share/ament_cmake_google_benchmark/package.xml
[0.465s] -- Up-to-date: /workspace/jazzy_ws/install/share/ament_cmake_google_benchmark/cmake
[0.465s] -- Installing: /workspace/jazzy_ws/install/share/ament_cmake_google_benchmark/cmake/ament_add_google_benchmark_executable.cmake
[0.465s] -- Installing: /workspace/jazzy_ws/install/share/ament_cmake_google_benchmark/cmake/ament_add_google_benchmark.cmake
[0.465s] -- Installing: /workspace/jazzy_ws/install/share/ament_cmake_google_benchmark/cmake/ament_add_google_benchmark_test.cmake
[0.465s] -- Installing: /workspace/jazzy_ws/install/share/ament_cmake_google_benchmark/cmake/run_and_convert.py
[0.466s] Invoked command in '/workspace/jazzy_ws/build/ament_cmake_google_benchmark' returned '0': AMENT_PREFIX_PATH=/workspace/jazzy_ws/install CMAKE_PREFIX_PATH=/workspace/jazzy_ws/install LD_LIBRARY_PATH=/workspace/jazzy_ws/install/lib PATH=/workspace/jazzy_ws/install/bin:${PATH} PKG_CONFIG_PATH=/workspace/jazzy_ws/install/lib/x86_64-linux-gnu/pkgconfig:/workspace/jazzy_ws/install/lib/pkgconfig PYTHONPATH=/workspace/jazzy_ws/install/lib/python3.12/site-packages /usr/bin/cmake --install /workspace/jazzy_ws/build/ament_cmake_google_benchmark
