-- The C compiler identification is GNU 13.3.0
-- Detecting C compiler ABI info
-- Detecting C compiler ABI info - done
-- Check for working C compiler: /usr/bin/cc - skipped
-- Detecting C compile features
-- Detecting C compile features - done
-- Setting build type to 'RelWithDebInfo' as none was specified.
-- Looking for getopt.h
-- Looking for getopt.h - found
-- Building with OpenSSL support
-- Looking for stdint.h
-- Looking for stdint.h - found
-- Looking for inttypes.h
-- Looking for inttypes.h - found
-- Looking for sys/types.h
-- Looking for sys/types.h - found
-- Looking for stdint.h
-- Looking for stdint.h - found
-- Looking for stddef.h
-- Looking for stddef.h - found
-- Check size of intmax_t
-- Check size of intmax_t - done
-- Looking for stpcpy
-- Looking for stpcpy - found
-- Looking for strlcpy
-- Looking for strlcpy - found
-- Looking for strlcat
-- Looking for strlcat - found
-- Performing Test COMPILER_HAS_HIDDEN_VISIBILITY
-- Performing Test COMPILER_HAS_HIDDEN_VISIBILITY - Success
-- Performing Test COMPILER_HAS_HIDDEN_INLINE_VISIBILITY
-- Performing Test COMPILER_HAS_HIDDEN_INLINE_VISIBILITY - Failed
-- Performing Test COMPILER_HAS_DEPRECATED_ATTR
-- Performing Test COMPILER_HAS_DEPRECATED_ATTR - Success
-- Looking for gethostname
-- Looking for gethostname - found
-- Looking for inet_ntop
-- Looking for inet_ntop - found
-- Looking for inet_pton
-- Looking for inet_pton - found
-- Looking for getaddrinfo
-- Looking for getaddrinfo - found
-- Looking for gethostbyname_r
-- Looking for gethostbyname_r - found
-- Check size of struct sockaddr_in6
-- Check size of struct sockaddr_in6 - done
-- Performing Test CMAKE_HAVE_LIBC_PTHREAD
-- Performing Test CMAKE_HAVE_LIBC_PTHREAD - Success
-- Found Threads: TRUE  
-- Looking for clock_gettime in c
-- Looking for clock_gettime in c - found
-- Configuring done (1.1s)
-- Generating done (0.0s)
-- Build files have been written to: /workspace/jazzy_ws/build/cyclonedds
[  0%] Generating src/md5.c
[  1%] Generating include/idl/attributes.h
[  2%] Generating include/idl/misc.h
[  2%] Generating include/idl/md5.h
[  2%] Generating include/idl/endian.h
[  3%] Building C object src/tools/idlpp/CMakeFiles/idlpp.dir/src/directive.c.o
[  3%] Building C object src/tools/idlpp/CMakeFiles/idlpp.dir/src/eval.c.o
[  4%] Building C object src/tools/idlpp/CMakeFiles/idlpp.dir/src/expand.c.o
[  4%] Built target _confgen
[  5%] Building C object src/ddsrt/CMakeFiles/ddsrt-internal.dir/src/atomics.c.o
[  5%] Building C object src/ddsrt/CMakeFiles/ddsrt-internal.dir/src/avl.c.o
[  6%] Building C object src/ddsrt/CMakeFiles/ddsrt-internal.dir/src/bswap.c.o
[  6%] Building C object src/ddsrt/CMakeFiles/ddsrt-internal.dir/src/io.c.o
[  6%] Building C object src/ddsrt/CMakeFiles/ddsrt-internal.dir/src/log.c.o
[  6%] Building C object src/ddsrt/CMakeFiles/ddsrt-internal.dir/src/strtod.c.o
[  6%] Building C object src/tools/idlpp/CMakeFiles/idlpp.dir/src/main.c.o
[  6%] Building C object src/tools/idlpp/CMakeFiles/idlpp.dir/src/mbchar.c.o
[  6%] Building C object src/tools/idlpp/CMakeFiles/idlpp.dir/src/system.c.o
[  7%] Building C object src/ddsrt/CMakeFiles/ddsrt-internal.dir/src/retcode.c.o
[  7%] Building C object src/ddsrt/CMakeFiles/ddsrt-internal.dir/src/mh3.c.o
[  7%] Building C object src/ddsrt/CMakeFiles/ddsrt-internal.dir/src/environ.c.o
[  8%] Building C object src/tools/idlpp/CMakeFiles/idlpp.dir/src/support.c.o
[  9%] Building C object src/ddsrt/CMakeFiles/ddsrt-internal.dir/src/strtol.c.o
[ 10%] Building C object src/ddsrt/CMakeFiles/ddsrt-internal.dir/src/expand_vars.c.o
[ 10%] Building C object src/ddsrt/CMakeFiles/ddsrt-internal.dir/src/fibheap.c.o
[ 10%] Building C object src/ddsrt/CMakeFiles/ddsrt-internal.dir/src/hopscotch.c.o
[ 11%] Building C object src/ddsrt/CMakeFiles/ddsrt-internal.dir/src/circlist.c.o
[ 11%] Building C object src/ddsrt/CMakeFiles/ddsrt-internal.dir/src/threads.c.o
[ 11%] Building C object src/idl/CMakeFiles/idl.dir/src/symbol.c.o
[ 12%] Building C object src/ddsrt/CMakeFiles/ddsrt-internal.dir/src/string.c.o
[ 12%] Building C object src/core/CMakeFiles/ddsc.dir/ddsi/src/ddsi_eth.c.o
[ 13%] Building C object src/idl/CMakeFiles/idl.dir/src/directive.c.o
[ 13%] Building C object src/ddsrt/CMakeFiles/ddsrt-internal.dir/src/sockets.c.o
[ 14%] Building C object src/core/CMakeFiles/ddsc.dir/ddsi/src/ddsi_ssl.c.o
[ 14%] Building C object src/idl/CMakeFiles/idl.dir/src/expression.c.o
[ 14%] Building C object src/ddsrt/CMakeFiles/ddsrt-internal.dir/src/md5.c.o
[ 14%] Building C object src/core/CMakeFiles/ddsc.dir/ddsi/src/ddsi_tcp.c.o
[ 14%] Building C object src/idl/CMakeFiles/idl.dir/src/file.c.o
[ 15%] Building C object src/ddsrt/CMakeFiles/ddsrt-internal.dir/src/xmlparser.c.o
[ 15%] Building C object src/core/CMakeFiles/ddsc.dir/ddsi/src/ddsi_tran.c.o
[ 16%] Building C object src/ddsrt/CMakeFiles/ddsrt-internal.dir/src/ifaddrs.c.o
[ 16%] Building C object src/core/CMakeFiles/ddsc.dir/ddsi/src/ddsi_udp.c.o
[ 17%] Building C object src/idl/CMakeFiles/idl.dir/src/processor.c.o
[ 17%] Building C object src/idl/CMakeFiles/idl.dir/src/scanner.c.o
[ 18%] Building C object src/idl/CMakeFiles/idl.dir/src/string.c.o
[ 18%] Building C object src/core/CMakeFiles/ddsc.dir/ddsi/src/ddsi_raweth.c.o
[ 18%] Building C object src/core/CMakeFiles/ddsc.dir/ddsi/src/ddsi_vnet.c.o
[ 19%] Building C object src/ddsrt/CMakeFiles/ddsrt-internal.dir/src/cdtors.c.o
[ 19%] Building C object src/ddsrt/CMakeFiles/ddsrt-internal.dir/src/random.c.o
[ 19%] Building C object src/ddsrt/CMakeFiles/ddsrt-internal.dir/src/time.c.o
[ 19%] Building C object src/idl/CMakeFiles/idl.dir/src/annotation.c.o
[ 20%] Building C object src/ddsrt/CMakeFiles/ddsrt-internal.dir/src/ifaddrs/posix/ifaddrs.c.o
[ 20%] Building C object src/idl/CMakeFiles/idl.dir/src/scope.c.o
[ 20%] Building C object src/ddsrt/CMakeFiles/ddsrt-internal.dir/src/sockets/posix/socket.c.o
[ 20%] Building C object src/core/CMakeFiles/ddsc.dir/ddsi/src/ddsi_mcgroup.c.o
[ 22%] Building C object src/core/CMakeFiles/ddsc.dir/ddsi/src/ddsi_ipaddr.c.o
[ 22%] Building C object src/core/CMakeFiles/ddsc.dir/ddsi/src/ddsi_security_util.c.o
[ 22%] Building C object src/core/CMakeFiles/ddsc.dir/ddsi/src/ddsi_security_omg.c.o
[ 22%] Building C object src/core/CMakeFiles/ddsc.dir/ddsi/src/ddsi_portmapping.c.o
[ 22%] Building C object src/ddsrt/CMakeFiles/ddsrt-internal.dir/src/sockets/posix/gethostname.c.o
[ 23%] Building C object src/core/CMakeFiles/ddsc.dir/ddsi/src/ddsi_handshake.c.o
[ 24%] Building C object src/idl/CMakeFiles/idl.dir/src/tree.c.o
[ 25%] Building C object src/ddsrt/CMakeFiles/ddsrt-internal.dir/src/heap/posix/heap.c.o
[ 25%] Building C object src/core/CMakeFiles/ddsc.dir/ddsi/src/ddsi_serdata.c.o
[ 25%] Building C object src/ddsrt/CMakeFiles/ddsrt-internal.dir/src/dynlib/posix/dynlib.c.o
[ 26%] Building C object src/ddsrt/CMakeFiles/ddsrt-internal.dir/src/environ/posix/environ.c.o
[ 26%] Building C object src/core/CMakeFiles/ddsc.dir/ddsi/src/ddsi_serdata_default.c.o
[ 26%] Building C object src/idl/CMakeFiles/idl.dir/src/visit.c.o
[ 27%] Building C object src/core/CMakeFiles/ddsc.dir/ddsi/src/ddsi_serdata_pserop.c.o
[ 27%] Building C object src/idl/CMakeFiles/idl.dir/src/print.c.o
[ 27%] Building C object src/ddsrt/CMakeFiles/ddsrt-internal.dir/src/filesystem/posix/filesystem.c.o
[ 27%] Building C object src/core/CMakeFiles/ddsc.dir/ddsi/src/ddsi_serdata_plist.c.o
[ 28%] Building C object src/idl/CMakeFiles/idl.dir/src/keylist.c.o
[ 28%] Building C object src/idl/CMakeFiles/idl.dir/src/hashid.c.o
[ 28%] Building C object src/ddsrt/CMakeFiles/ddsrt-internal.dir/src/sync/posix/sync.c.o
[ 29%] Building C object src/ddsrt/CMakeFiles/ddsrt-internal.dir/src/random/posix/random.c.o
[ 29%] Building C object src/ddsrt/CMakeFiles/ddsrt-internal.dir/src/process/posix/process.c.o
[ 30%] Building C object src/idl/CMakeFiles/idl.dir/src/parser.c.o
[ 31%] Building C object src/ddsrt/CMakeFiles/ddsrt-internal.dir/src/netstat/linux/netstat.c.o
[ 31%] Building C object src/ddsrt/CMakeFiles/ddsrt-internal.dir/src/threads/posix/threads.c.o
[ 31%] Building C object src/idl/CMakeFiles/idl.dir/src/md5.c.o
[ 32%] Building C object src/core/CMakeFiles/ddsc.dir/ddsi/src/ddsi_sertype.c.o
[ 32%] Building C object src/core/CMakeFiles/ddsc.dir/ddsi/src/ddsi_sertype_default.c.o
[ 32%] Building C object src/ddsrt/CMakeFiles/ddsrt-internal.dir/src/time/posix/time.c.o
[ 33%] Building C object src/ddsrt/CMakeFiles/ddsrt-internal.dir/src/rusage/posix/rusage.c.o
[ 33%] Building C object src/core/CMakeFiles/ddsc.dir/ddsi/src/ddsi_sertype_pserop.c.o
[ 34%] Building C object src/core/CMakeFiles/ddsc.dir/ddsi/src/ddsi_sertype_plist.c.o
[ 34%] Building C object src/core/CMakeFiles/ddsc.dir/ddsi/src/ddsi_sertopic.c.o
[ 35%] Building C object src/core/CMakeFiles/ddsc.dir/ddsi/src/ddsi_iid.c.o
[ 35%] Building C object src/core/CMakeFiles/ddsc.dir/ddsi/src/ddsi_statistics.c.o
[ 35%] Building C object src/core/CMakeFiles/ddsc.dir/ddsi/src/ddsi_tkmap.c.o
[ 36%] Building C object src/core/CMakeFiles/ddsc.dir/ddsi/src/ddsi_vendor.c.o
[ 36%] Building C object src/core/CMakeFiles/ddsc.dir/ddsi/src/ddsi_threadmon.c.o
[ 36%] Building C object src/core/CMakeFiles/ddsc.dir/ddsi/src/ddsi_rhc.c.o
[ 36%] Building C object src/core/CMakeFiles/ddsc.dir/ddsi/src/ddsi_entity_index.c.o
[ 36%] Building C object src/core/CMakeFiles/ddsc.dir/ddsi/src/ddsi_deliver_locally.c.o
[ 37%] Building C object src/core/CMakeFiles/ddsc.dir/ddsi/src/ddsi_pmd.c.o
[ 38%] Building C object src/core/CMakeFiles/ddsc.dir/ddsi/src/ddsi_deadline.c.o
[ 38%] Linking C static library ../../lib/libddsrt-internal.a
[ 38%] Building C object src/core/CMakeFiles/ddsc.dir/ddsi/src/ddsi_plist.c.o
[ 39%] Building C object src/core/CMakeFiles/ddsc.dir/ddsi/src/ddsi_cdrstream.c.o
[ 39%] Building C object src/core/CMakeFiles/ddsc.dir/ddsi/src/ddsi_config.c.o
[ 39%] Building C object src/core/CMakeFiles/ddsc.dir/ddsi/src/ddsi_time.c.o
[ 40%] Building C object src/core/CMakeFiles/ddsc.dir/ddsi/src/ddsi_ownip.c.o
[ 40%] Building C object src/core/CMakeFiles/ddsc.dir/ddsi/src/ddsi_acknack.c.o
[ 41%] Building C object src/core/CMakeFiles/ddsc.dir/ddsi/src/ddsi_list_genptr.c.o
[ 41%] Building C object src/core/CMakeFiles/ddsc.dir/ddsi/src/ddsi_wraddrset.c.o
[ 42%] Building C object src/core/CMakeFiles/ddsc.dir/ddsi/src/ddsi_entity.c.o
[ 42%] Building C object src/core/CMakeFiles/ddsc.dir/ddsi/src/ddsi_typelib.c.o
[ 42%] Built target ddsrt-internal
[ 42%] Building C object src/core/CMakeFiles/ddsc.dir/ddsi/src/ddsi_entity_match.c.o
[ 43%] Building C object src/core/CMakeFiles/ddsc.dir/ddsi/src/ddsi_proxy_participant.c.o
[ 43%] Building C object src/core/CMakeFiles/ddsc.dir/ddsi/src/ddsi_participant.c.o
[ 43%] Building C object src/core/CMakeFiles/ddsc.dir/ddsi/src/ddsi_topic.c.o
[ 44%] Building C object src/core/CMakeFiles/ddsc.dir/ddsi/src/ddsi_endpoint.c.o
[ 44%] Building C object src/core/CMakeFiles/ddsc.dir/ddsi/src/ddsi_proxy_endpoint.c.o
[ 44%] Building C object src/core/CMakeFiles/ddsc.dir/ddsi/src/q_addrset.c.o
[ 45%] Building C object src/core/CMakeFiles/ddsc.dir/ddsi/src/q_bitset_inlines.c.o
[ 46%] Linking C static library ../../../lib/libidlpp.a
[ 46%] Building C object src/core/CMakeFiles/ddsc.dir/ddsi/src/q_bswap.c.o
[ 47%] Building C object src/core/CMakeFiles/ddsc.dir/ddsi/src/q_ddsi_discovery.c.o
[ 47%] Building C object src/core/CMakeFiles/ddsc.dir/ddsi/src/q_debmon.c.o
[ 47%] Built target idlpp
[ 47%] Building C object src/core/CMakeFiles/ddsc.dir/ddsi/src/q_gc.c.o
[ 48%] Building C object src/core/CMakeFiles/ddsc.dir/ddsi/src/q_init.c.o
[ 48%] Building C object src/core/CMakeFiles/ddsc.dir/ddsi/src/q_lat_estim.c.o
[ 49%] Building C object src/core/CMakeFiles/ddsc.dir/ddsi/src/q_lease.c.o
[ 49%] Building C object src/core/CMakeFiles/ddsc.dir/ddsi/src/q_misc.c.o
[ 49%] Building C object src/core/CMakeFiles/ddsc.dir/ddsi/src/q_pcap.c.o
[ 50%] Building C object src/core/CMakeFiles/ddsc.dir/ddsi/src/q_qosmatch.c.o
[ 50%] Building C object src/core/CMakeFiles/ddsc.dir/ddsi/src/q_radmin.c.o
[ 50%] Building C object src/core/CMakeFiles/ddsc.dir/ddsi/src/q_receive.c.o
[ 51%] Building C object src/core/CMakeFiles/ddsc.dir/ddsi/src/q_sockwaitset.c.o
[ 51%] Building C object src/core/CMakeFiles/ddsc.dir/ddsi/src/q_thread.c.o
[ 52%] Building C object src/core/CMakeFiles/ddsc.dir/ddsi/src/q_transmit.c.o
[ 52%] Building C object src/core/CMakeFiles/ddsc.dir/ddsi/src/q_inverse_uint32_set.c.o
[ 52%] Building C object src/core/CMakeFiles/ddsc.dir/ddsi/src/q_whc.c.o
[ 53%] Building C object src/core/CMakeFiles/ddsc.dir/ddsi/src/q_xevent.c.o
[ 53%] Building C object src/core/CMakeFiles/ddsc.dir/ddsi/src/q_xmsg.c.o
[ 53%] Building C object src/core/CMakeFiles/ddsc.dir/ddsi/src/q_freelist.c.o
[ 54%] Building C object src/core/CMakeFiles/ddsc.dir/ddsi/src/sysdeps.c.o
[ 54%] Building C object src/core/CMakeFiles/ddsc.dir/ddsi/src/ddsi_lifespan.c.o
[ 55%] Building C object src/core/CMakeFiles/ddsc.dir/ddsi/src/ddsi_xt_typeinfo.c.o
[ 55%] Building C object src/core/CMakeFiles/ddsc.dir/ddsi/src/ddsi_xt_typelookup.c.o
[ 55%] Building C object src/core/CMakeFiles/ddsc.dir/ddsi/src/ddsi_xt_typemap.c.o
[ 56%] Building C object src/core/CMakeFiles/ddsc.dir/ddsi/src/ddsi_typelookup.c.o
[ 56%] Building C object src/core/CMakeFiles/ddsc.dir/ddsi/src/ddsi_typewrap.c.o
[ 57%] Building C object src/core/CMakeFiles/ddsc.dir/ddsi/src/ddsi_typebuilder.c.o
[ 57%] Building C object src/core/CMakeFiles/ddsc.dir/ddsi/src/ddsi_security_msg.c.o
[ 57%] Building C object src/core/CMakeFiles/ddsc.dir/ddsi/src/ddsi_security_exchange.c.o
[ 58%] Building C object src/core/CMakeFiles/ddsc.dir/ddsi/src/ddsi_shm_transport.c.o
[ 58%] Building C object src/core/CMakeFiles/ddsc.dir/ddsi/defconfig.c.o
[ 58%] Building C object src/core/CMakeFiles/ddsc.dir/ddsc/src/dds_alloc.c.o
[ 59%] Building C object src/core/CMakeFiles/ddsc.dir/ddsc/src/dds_builtin.c.o
[ 59%] Building C object src/core/CMakeFiles/ddsc.dir/ddsc/src/dds_coherent.c.o
[ 60%] Building C object src/core/CMakeFiles/ddsc.dir/ddsc/src/dds_participant.c.o
[ 60%] Building C object src/core/CMakeFiles/ddsc.dir/ddsc/src/dds_reader.c.o
[ 60%] Building C object src/core/CMakeFiles/ddsc.dir/ddsc/src/dds_writer.c.o
[ 61%] Building C object src/core/CMakeFiles/ddsc.dir/ddsc/src/dds_init.c.o
[ 61%] Building C object src/core/CMakeFiles/ddsc.dir/ddsc/src/dds_publisher.c.o
[ 61%] Building C object src/core/CMakeFiles/ddsc.dir/ddsc/src/dds_rhc.c.o
[ 62%] Building C object src/core/CMakeFiles/ddsc.dir/ddsc/src/dds_rhc_default.c.o
[ 62%] Building C object src/core/CMakeFiles/ddsc.dir/ddsc/src/dds_domain.c.o
[ 62%] Linking C shared library ../../lib/libcycloneddsidl.so
[ 63%] Building C object src/core/CMakeFiles/ddsc.dir/ddsc/src/dds_instance.c.o
[ 63%] Building C object src/core/CMakeFiles/ddsc.dir/ddsc/src/dds_qos.c.o
[ 63%] Building C object src/core/CMakeFiles/ddsc.dir/ddsc/src/dds_handles.c.o
[ 64%] Building C object src/core/CMakeFiles/ddsc.dir/ddsc/src/dds_entity.c.o
[ 64%] Building C object src/core/CMakeFiles/ddsc.dir/ddsc/src/dds_matched.c.o
[ 64%] Built target idl
[ 65%] Building C object src/core/CMakeFiles/ddsc.dir/ddsc/src/dds_topic.c.o
[ 65%] Building C object src/core/CMakeFiles/ddsc.dir/ddsc/src/dds_querycond.c.o
[ 65%] Building C object src/core/CMakeFiles/ddsc.dir/ddsc/src/dds_listener.c.o
[ 66%] Building C object src/core/CMakeFiles/ddsc.dir/ddsc/src/dds_read.c.o
[ 66%] Building C object src/core/CMakeFiles/ddsc.dir/ddsc/src/dds_waitset.c.o
[ 66%] Building C object src/core/CMakeFiles/ddsc.dir/ddsc/src/dds_readcond.c.o
[ 67%] Building C object src/core/CMakeFiles/ddsc.dir/ddsc/src/dds_guardcond.c.o
[ 67%] Building C object src/core/CMakeFiles/ddsc.dir/ddsc/src/dds_statistics.c.o
[ 68%] Building C object src/core/CMakeFiles/ddsc.dir/ddsc/src/dds_subscriber.c.o
[ 68%] Building C object src/core/CMakeFiles/ddsc.dir/ddsc/src/dds_write.c.o
[ 68%] Building C object src/core/CMakeFiles/ddsc.dir/ddsc/src/dds_whc.c.o
[ 69%] Building C object src/core/CMakeFiles/ddsc.dir/ddsc/src/dds_whc_builtintopic.c.o
[ 70%] Building C object src/core/CMakeFiles/ddsc.dir/ddsc/src/dds_sertype_builtintopic.c.o
[ 70%] Building C object src/core/CMakeFiles/ddsc.dir/ddsc/src/dds_serdata_builtintopic.c.o
[ 70%] Building C object src/core/CMakeFiles/ddsc.dir/ddsc/src/dds_data_allocator.c.o
[ 70%] Building C object src/core/CMakeFiles/ddsc.dir/ddsc/src/dds_loan.c.o
[ 71%] Building C object src/core/CMakeFiles/ddsc.dir/ddsc/src/shm_monitor.c.o
[ 71%] Building C object src/core/CMakeFiles/ddsc.dir/__/security/core/src/dds_security_serialize.c.o
[ 71%] Building C object src/core/CMakeFiles/ddsc.dir/__/security/core/src/dds_security_utils.c.o
[ 71%] Building C object src/core/CMakeFiles/ddsc.dir/__/security/core/src/shared_secret.c.o
[ 72%] Building C object src/core/CMakeFiles/ddsc.dir/__/security/core/src/dds_security_plugins.c.o
[ 73%] Building C object src/core/CMakeFiles/ddsc.dir/__/security/core/src/dds_security_fsm.c.o
[ 73%] Building C object src/core/CMakeFiles/ddsc.dir/__/security/core/src/dds_security_timed_cb.c.o
[ 73%] Building C object src/core/CMakeFiles/ddsc.dir/__/ddsrt/src/atomics.c.o
[ 74%] Building C object src/core/CMakeFiles/ddsc.dir/__/ddsrt/src/avl.c.o
[ 74%] Building C object src/core/CMakeFiles/ddsc.dir/__/ddsrt/src/bswap.c.o
[ 74%] Building C object src/core/CMakeFiles/ddsc.dir/__/ddsrt/src/io.c.o
[ 75%] Building C object src/core/CMakeFiles/ddsc.dir/__/ddsrt/src/log.c.o
[ 75%] Building C object src/core/CMakeFiles/ddsc.dir/__/ddsrt/src/retcode.c.o
[ 76%] Building C object src/core/CMakeFiles/ddsc.dir/__/ddsrt/src/strtod.c.o
[ 76%] Building C object src/core/CMakeFiles/ddsc.dir/__/ddsrt/src/strtol.c.o
[ 76%] Building C object src/core/CMakeFiles/ddsc.dir/__/ddsrt/src/mh3.c.o
[ 77%] Building C object src/core/CMakeFiles/ddsc.dir/__/ddsrt/src/expand_vars.c.o
[ 77%] Building C object src/core/CMakeFiles/ddsc.dir/__/ddsrt/src/environ.c.o
[ 78%] Building C object src/core/CMakeFiles/ddsc.dir/__/ddsrt/src/fibheap.c.o
[ 78%] Building C object src/core/CMakeFiles/ddsc.dir/__/ddsrt/src/hopscotch.c.o
[ 78%] Building C object src/core/CMakeFiles/ddsc.dir/__/ddsrt/src/circlist.c.o
[ 78%] Building C object src/core/CMakeFiles/ddsc.dir/__/ddsrt/src/string.c.o
[ 79%] Building C object src/core/CMakeFiles/ddsc.dir/__/ddsrt/src/threads.c.o
[ 79%] Building C object src/core/CMakeFiles/ddsc.dir/__/ddsrt/src/sockets.c.o
[ 80%] Building C object src/core/CMakeFiles/ddsc.dir/__/ddsrt/src/ifaddrs.c.o
[ 80%] Building C object src/core/CMakeFiles/ddsc.dir/__/ddsrt/src/xmlparser.c.o
[ 81%] Building C object src/core/CMakeFiles/ddsc.dir/__/ddsrt/src/md5.c.o
[ 81%] Building C object src/core/CMakeFiles/ddsc.dir/__/ddsrt/src/cdtors.c.o
[ 81%] Building C object src/core/CMakeFiles/ddsc.dir/__/ddsrt/src/random.c.o
[ 81%] Building C object src/core/CMakeFiles/ddsc.dir/__/ddsrt/src/sockets/posix/socket.c.o
[ 81%] Building C object src/core/CMakeFiles/ddsc.dir/__/ddsrt/src/ifaddrs/posix/ifaddrs.c.o
[ 82%] Building C object src/core/CMakeFiles/ddsc.dir/__/ddsrt/src/time.c.o
[ 83%] Building C object src/core/CMakeFiles/ddsc.dir/__/ddsrt/src/sockets/posix/gethostname.c.o
[ 83%] Building C object src/core/CMakeFiles/ddsc.dir/__/ddsrt/src/heap/posix/heap.c.o
[ 84%] Building C object src/core/CMakeFiles/ddsc.dir/__/ddsrt/src/dynlib/posix/dynlib.c.o
[ 84%] Building C object src/core/CMakeFiles/ddsc.dir/__/ddsrt/src/environ/posix/environ.c.o
[ 84%] Building C object src/core/CMakeFiles/ddsc.dir/__/ddsrt/src/filesystem/posix/filesystem.c.o
[ 85%] Building C object src/core/CMakeFiles/ddsc.dir/__/ddsrt/src/process/posix/process.c.o
[ 85%] Building C object src/core/CMakeFiles/ddsc.dir/__/ddsrt/src/random/posix/random.c.o
[ 86%] Building C object src/core/CMakeFiles/ddsc.dir/__/ddsrt/src/sync/posix/sync.c.o
[ 86%] Building C object src/core/CMakeFiles/ddsc.dir/__/ddsrt/src/threads/posix/threads.c.o
[ 86%] Building C object src/core/CMakeFiles/ddsc.dir/__/ddsrt/src/netstat/linux/netstat.c.o
[ 87%] Building C object src/core/CMakeFiles/ddsc.dir/__/ddsrt/src/time/posix/time.c.o
[ 87%] Building C object src/core/CMakeFiles/ddsc.dir/__/ddsrt/src/rusage/posix/rusage.c.o
[ 87%] Linking C shared library ../../lib/libddsc.so
[ 87%] Built target ddsc
[ 89%] Building C object src/security/builtin_plugins/authentication/CMakeFiles/dds_security_auth.dir/src/auth_utils.c.o
[ 89%] Building C object src/security/builtin_plugins/cryptographic/CMakeFiles/dds_security_crypto.dir/src/crypto_cipher.c.o
[ 89%] Building C object src/security/builtin_plugins/access_control/CMakeFiles/dds_security_ac.dir/src/access_control_objects.c.o
[ 90%] Building C object src/security/builtin_plugins/access_control/CMakeFiles/dds_security_ac.dir/src/access_control_utils.c.o
[ 91%] Building C object src/tools/idlc/CMakeFiles/idlc.dir/src/idlc.c.o
[ 92%] Building C object src/security/builtin_plugins/cryptographic/CMakeFiles/dds_security_crypto.dir/src/crypto_objects.c.o
[ 92%] Building C object src/security/builtin_plugins/authentication/CMakeFiles/dds_security_auth.dir/__/__/openssl/src/openssl_support.c.o
[ 92%] Building C object src/security/builtin_plugins/access_control/CMakeFiles/dds_security_ac.dir/src/access_control_parser.c.o
[ 92%] Building C object src/security/builtin_plugins/access_control/CMakeFiles/dds_security_ac.dir/src/access_control.c.o
[ 92%] Building C object src/security/builtin_plugins/authentication/CMakeFiles/dds_security_auth.dir/src/authentication.c.o
[ 92%] Building C object src/tools/idlc/CMakeFiles/idlc.dir/src/plugin.c.o
[ 93%] Building C object src/tools/idlc/CMakeFiles/idlc.dir/src/options.c.o
[ 94%] Building C object src/security/builtin_plugins/cryptographic/CMakeFiles/dds_security_crypto.dir/src/crypto_utils.c.o
[ 94%] Building C object src/security/builtin_plugins/cryptographic/CMakeFiles/dds_security_crypto.dir/src/crypto_key_factory.c.o
[ 94%] Building C object src/security/builtin_plugins/cryptographic/CMakeFiles/dds_security_crypto.dir/src/crypto_key_exchange.c.o
[ 94%] Building C object src/security/builtin_plugins/cryptographic/CMakeFiles/dds_security_crypto.dir/src/crypto_transform.c.o
[ 94%] Building C object src/tools/idlc/CMakeFiles/idlc.dir/src/descriptor.c.o
[ 94%] Building C object src/tools/idlc/CMakeFiles/idlc.dir/src/generator.c.o
[ 94%] Building C object src/security/builtin_plugins/access_control/CMakeFiles/dds_security_ac.dir/__/__/openssl/src/openssl_support.c.o
[ 94%] Building C object src/security/builtin_plugins/cryptographic/CMakeFiles/dds_security_crypto.dir/src/cryptography.c.o
[ 95%] Building C object src/tools/idlc/CMakeFiles/idlc.dir/src/types.c.o
[ 95%] Building C object src/security/builtin_plugins/cryptographic/CMakeFiles/dds_security_crypto.dir/__/__/openssl/src/openssl_support.c.o
[ 95%] Building C object src/tools/idlc/CMakeFiles/idlc.dir/src/descriptor_type_meta.c.o
[ 96%] Linking C shared library ../../../../lib/libdds_security_crypto.so
[ 97%] Linking C shared library ../../../../lib/libdds_security_ac.so
[ 97%] Built target dds_security_crypto
[ 97%] Built target dds_security_ac
[ 97%] Linking C shared library ../../../../lib/libdds_security_auth.so
[ 97%] Built target dds_security_auth
[ 97%] Linking C executable ../../../bin/idlc
[ 97%] Built target idlc
[ 97%] Generating ddsperf_types.c, ddsperf_types.h
[ 97%] Built target ddsperf_types_generate
[ 97%] Building C object src/tools/ddsperf/CMakeFiles/ddsperf.dir/ddsperf.c.o
[ 98%] Building C object src/tools/ddsperf/CMakeFiles/ddsperf.dir/netload.c.o
[ 98%] Building C object src/tools/ddsperf/CMakeFiles/ddsperf.dir/async_listener.c.o
[ 98%] Building C object src/tools/ddsperf/CMakeFiles/ddsperf.dir/cputime.c.o
[ 99%] Building C object src/tools/ddsperf/CMakeFiles/ddsperf.dir/ddsperf_types.c.o
[ 99%] Linking C executable ../../../bin/ddsperf
[100%] Built target ddsperf
-- Install configuration: "RelWithDebInfo"
-- Installing: /workspace/jazzy_ws/install/lib/cmake/CycloneDDS/CycloneDDSConfig.cmake
-- Installing: /workspace/jazzy_ws/install/lib/cmake/CycloneDDS/CycloneDDSConfigVersion.cmake
-- Installing: /workspace/jazzy_ws/install/lib/cmake/CycloneDDS/CycloneDDSTargets.cmake
-- Installing: /workspace/jazzy_ws/install/lib/cmake/CycloneDDS/CycloneDDSTargets-relwithdebinfo.cmake
-- Installing: /workspace/jazzy_ws/install/lib/pkgconfig/CycloneDDS.pc
-- Installing: /workspace/jazzy_ws/install/include/idlc
-- Installing: /workspace/jazzy_ws/install/include/idlc/generator.h
-- Installing: /workspace/jazzy_ws/install/include/idlc/options.h
-- Installing: /workspace/jazzy_ws/install/bin/idlc
-- Set non-toolchain portion of runtime path of "/workspace/jazzy_ws/install/bin/idlc" to "$ORIGIN/../lib"
-- Installing: /workspace/jazzy_ws/install/lib/cmake/CycloneDDS/idlc/Generate.cmake
-- Installing: /workspace/jazzy_ws/install/bin/ddsperf
-- Set non-toolchain portion of runtime path of "/workspace/jazzy_ws/install/bin/ddsperf" to "$ORIGIN/../lib"
-- Up-to-date: /workspace/jazzy_ws/install/include
-- Installing: /workspace/jazzy_ws/install/include/dds
-- Installing: /workspace/jazzy_ws/install/include/dds/ddsrt
-- Installing: /workspace/jazzy_ws/install/include/dds/ddsrt/environ.h
-- Installing: /workspace/jazzy_ws/install/include/dds/ddsrt/static_assert.h
-- Installing: /workspace/jazzy_ws/install/include/dds/ddsrt/string.h
-- Installing: /workspace/jazzy_ws/install/include/dds/ddsrt/atomics.h
-- Installing: /workspace/jazzy_ws/install/include/dds/ddsrt/time.h
-- Installing: /workspace/jazzy_ws/install/include/dds/ddsrt/time
-- Installing: /workspace/jazzy_ws/install/include/dds/ddsrt/time/freertos.h
-- Installing: /workspace/jazzy_ws/install/include/dds/ddsrt/types.h
-- Installing: /workspace/jazzy_ws/install/include/dds/ddsrt/process.h
-- Installing: /workspace/jazzy_ws/install/include/dds/ddsrt/sockets.h
-- Installing: /workspace/jazzy_ws/install/include/dds/ddsrt/log.h
-- Installing: /workspace/jazzy_ws/install/include/dds/ddsrt/heap.h
-- Installing: /workspace/jazzy_ws/install/include/dds/ddsrt/md5.h
-- Installing: /workspace/jazzy_ws/install/include/dds/ddsrt/strtod.h
-- Installing: /workspace/jazzy_ws/install/include/dds/ddsrt/retcode.h
-- Installing: /workspace/jazzy_ws/install/include/dds/ddsrt/xmlparser.h
-- Installing: /workspace/jazzy_ws/install/include/dds/ddsrt/sync
-- Installing: /workspace/jazzy_ws/install/include/dds/ddsrt/sync/freertos.h
-- Installing: /workspace/jazzy_ws/install/include/dds/ddsrt/sync/windows.h
-- Installing: /workspace/jazzy_ws/install/include/dds/ddsrt/sync/posix.h
-- Installing: /workspace/jazzy_ws/install/include/dds/ddsrt/fibheap.h
-- Installing: /workspace/jazzy_ws/install/include/dds/ddsrt/io.h
-- Installing: /workspace/jazzy_ws/install/include/dds/ddsrt/arch.h
-- Installing: /workspace/jazzy_ws/install/include/dds/ddsrt/iovec.h
-- Installing: /workspace/jazzy_ws/install/include/dds/ddsrt/bswap.h
-- Installing: /workspace/jazzy_ws/install/include/dds/ddsrt/expand_vars.h
-- Installing: /workspace/jazzy_ws/install/include/dds/ddsrt/threads
-- Installing: /workspace/jazzy_ws/install/include/dds/ddsrt/threads/freertos.h
-- Installing: /workspace/jazzy_ws/install/include/dds/ddsrt/threads/windows.h
-- Installing: /workspace/jazzy_ws/install/include/dds/ddsrt/threads/posix.h
-- Installing: /workspace/jazzy_ws/install/include/dds/ddsrt/sockets
-- Installing: /workspace/jazzy_ws/install/include/dds/ddsrt/sockets/windows.h
-- Installing: /workspace/jazzy_ws/install/include/dds/ddsrt/sockets/posix.h
-- Installing: /workspace/jazzy_ws/install/include/dds/ddsrt/mh3.h
-- Installing: /workspace/jazzy_ws/install/include/dds/ddsrt/random.h
-- Installing: /workspace/jazzy_ws/install/include/dds/ddsrt/misc.h
-- Installing: /workspace/jazzy_ws/install/include/dds/ddsrt/sched.h
-- Installing: /workspace/jazzy_ws/install/include/dds/ddsrt/netstat.h
-- Installing: /workspace/jazzy_ws/install/include/dds/ddsrt/attributes.h
-- Installing: /workspace/jazzy_ws/install/include/dds/ddsrt/align.h
-- Installing: /workspace/jazzy_ws/install/include/dds/ddsrt/filesystem.h
-- Installing: /workspace/jazzy_ws/install/include/dds/ddsrt/countargs.h
-- Installing: /workspace/jazzy_ws/install/include/dds/ddsrt/dynlib.h
-- Installing: /workspace/jazzy_ws/install/include/dds/ddsrt/avl.h
-- Installing: /workspace/jazzy_ws/install/include/dds/ddsrt/filesystem
-- Installing: /workspace/jazzy_ws/install/include/dds/ddsrt/filesystem/windows.h
-- Installing: /workspace/jazzy_ws/install/include/dds/ddsrt/filesystem/posix.h
-- Installing: /workspace/jazzy_ws/install/include/dds/ddsrt/ifaddrs.h
-- Installing: /workspace/jazzy_ws/install/include/dds/ddsrt/cdtors.h
-- Installing: /workspace/jazzy_ws/install/include/dds/ddsrt/circlist.h
-- Installing: /workspace/jazzy_ws/install/include/dds/ddsrt/sync.h
-- Installing: /workspace/jazzy_ws/install/include/dds/ddsrt/atomics
-- Installing: /workspace/jazzy_ws/install/include/dds/ddsrt/atomics/gcc.h
-- Installing: /workspace/jazzy_ws/install/include/dds/ddsrt/atomics/msvc.h
-- Installing: /workspace/jazzy_ws/install/include/dds/ddsrt/atomics/sun.h
-- Installing: /workspace/jazzy_ws/install/include/dds/ddsrt/atomics/arm.h
-- Installing: /workspace/jazzy_ws/install/include/dds/ddsrt/endian.h
-- Installing: /workspace/jazzy_ws/install/include/dds/ddsrt/rusage.h
-- Installing: /workspace/jazzy_ws/install/include/dds/ddsrt/strtol.h
-- Installing: /workspace/jazzy_ws/install/include/dds/ddsrt/hopscotch.h
-- Installing: /workspace/jazzy_ws/install/include/dds/ddsrt/threads.h
-- Installing: /workspace/jazzy_ws/install/include/dds/ddsrt/types
-- Installing: /workspace/jazzy_ws/install/include/dds/ddsrt/types/vxworks.h
-- Installing: /workspace/jazzy_ws/install/include/dds/ddsrt/types/windows.h
-- Installing: /workspace/jazzy_ws/install/include/dds/ddsrt/types/posix.h
-- Up-to-date: /workspace/jazzy_ws/install/include
-- Up-to-date: /workspace/jazzy_ws/install/include/dds
-- Installing: /workspace/jazzy_ws/install/include/dds/version.h
-- Installing: /workspace/jazzy_ws/install/include/dds/config.h
-- Installing: /workspace/jazzy_ws/install/include/dds/features.h
-- Installing: /workspace/jazzy_ws/install/include/idl
-- Installing: /workspace/jazzy_ws/install/include/idl/string.h
-- Installing: /workspace/jazzy_ws/install/include/idl/visit.h
-- Installing: /workspace/jazzy_ws/install/include/idl/symbol.h
-- Installing: /workspace/jazzy_ws/install/include/idl/retcode.h
-- Installing: /workspace/jazzy_ws/install/include/idl/scope.h
-- Installing: /workspace/jazzy_ws/install/include/idl/stream.h
-- Installing: /workspace/jazzy_ws/install/include/idl/processor.h
-- Installing: /workspace/jazzy_ws/install/include/idl/file.h
-- Installing: /workspace/jazzy_ws/install/include/idl/expression.h
-- Installing: /workspace/jazzy_ws/install/include/idl/print.h
-- Installing: /workspace/jazzy_ws/install/include/idl/tree.h
-- Up-to-date: /workspace/jazzy_ws/install/include/idl
-- Installing: /workspace/jazzy_ws/install/include/idl/md5.h
-- Installing: /workspace/jazzy_ws/install/include/idl/version.h
-- Installing: /workspace/jazzy_ws/install/include/idl/misc.h
-- Installing: /workspace/jazzy_ws/install/include/idl/attributes.h
-- Installing: /workspace/jazzy_ws/install/include/idl/export.h
-- Installing: /workspace/jazzy_ws/install/include/idl/endian.h
-- Installing: /workspace/jazzy_ws/install/lib/libcycloneddsidl.so.0.10.5
-- Installing: /workspace/jazzy_ws/install/lib/libcycloneddsidl.so.0
-- Set non-toolchain portion of runtime path of "/workspace/jazzy_ws/install/lib/libcycloneddsidl.so.0.10.5" to "$ORIGIN/../lib"
-- Installing: /workspace/jazzy_ws/install/lib/libcycloneddsidl.so
-- Up-to-date: /workspace/jazzy_ws/install/include
-- Up-to-date: /workspace/jazzy_ws/install/include/dds
-- Installing: /workspace/jazzy_ws/install/include/dds/security
-- Installing: /workspace/jazzy_ws/install/include/dds/security/dds_security_api_authentication.h
-- Installing: /workspace/jazzy_ws/install/include/dds/security/dds_security_api.h
-- Installing: /workspace/jazzy_ws/install/include/dds/security/dds_security_api_access_control.h
-- Installing: /workspace/jazzy_ws/install/include/dds/security/dds_security_api_types.h
-- Installing: /workspace/jazzy_ws/install/include/dds/security/dds_security_api_cryptography.h
-- Installing: /workspace/jazzy_ws/install/include/dds/security/dds_security_api_defs.h
-- Installing: /workspace/jazzy_ws/install/include/dds/security/dds_security_api_err.h
-- Installing: /workspace/jazzy_ws/install/include/dds/security/core/
-- Installing: /workspace/jazzy_ws/install/include/dds/security/core//shared_secret.h
-- Installing: /workspace/jazzy_ws/install/include/dds/security/core//dds_security_fsm.h
-- Installing: /workspace/jazzy_ws/install/include/dds/security/core//dds_security_timed_cb.h
-- Installing: /workspace/jazzy_ws/install/include/dds/security/core//dds_security_types.h
-- Installing: /workspace/jazzy_ws/install/include/dds/security/core//dds_security_serialize.h
-- Installing: /workspace/jazzy_ws/install/include/dds/security/core//dds_security_utils.h
-- Installing: /workspace/jazzy_ws/install/include/dds/security/core//dds_security_plugins.h
-- Installing: /workspace/jazzy_ws/install/lib/libdds_security_ac.so
-- Set non-toolchain portion of runtime path of "/workspace/jazzy_ws/install/lib/libdds_security_ac.so" to "$ORIGIN/../lib"
-- Installing: /workspace/jazzy_ws/install/lib/libdds_security_auth.so
-- Set non-toolchain portion of runtime path of "/workspace/jazzy_ws/install/lib/libdds_security_auth.so" to "$ORIGIN/../lib"
-- Installing: /workspace/jazzy_ws/install/lib/libdds_security_crypto.so
-- Set non-toolchain portion of runtime path of "/workspace/jazzy_ws/install/lib/libdds_security_crypto.so" to "$ORIGIN/../lib"
-- Up-to-date: /workspace/jazzy_ws/install/include
-- Up-to-date: /workspace/jazzy_ws/install/include/dds
-- Installing: /workspace/jazzy_ws/install/include/dds/ddsi
-- Installing: /workspace/jazzy_ws/install/include/dds/ddsi/ddsi_proxy_endpoint.h
-- Installing: /workspace/jazzy_ws/install/include/dds/ddsi/ddsi_ssl.h
-- Installing: /workspace/jazzy_ws/install/include/dds/ddsi/q_log.h
-- Installing: /workspace/jazzy_ws/install/include/dds/ddsi/ddsi_proxy_participant.h
-- Installing: /workspace/jazzy_ws/install/include/dds/ddsi/ddsi_tran.h
-- Installing: /workspace/jazzy_ws/install/include/dds/ddsi/ddsi_guid.h
-- Installing: /workspace/jazzy_ws/install/include/dds/ddsi/ddsi_ownip.h
-- Installing: /workspace/jazzy_ws/install/include/dds/ddsi/ddsi_locator.h
-- Installing: /workspace/jazzy_ws/install/include/dds/ddsi/ddsi_plist_generic.h
-- Installing: /workspace/jazzy_ws/install/include/dds/ddsi/q_lease.h
-- Installing: /workspace/jazzy_ws/install/include/dds/ddsi/sysdeps.h
-- Installing: /workspace/jazzy_ws/install/include/dds/ddsi/q_unused.h
-- Installing: /workspace/jazzy_ws/install/include/dds/ddsi/ddsi_cfgelems.h
-- Installing: /workspace/jazzy_ws/install/include/dds/ddsi/ddsi_handshake.h
-- Installing: /workspace/jazzy_ws/install/include/dds/ddsi/ddsi_endpoint.h
-- Installing: /workspace/jazzy_ws/install/include/dds/ddsi/ddsi_entity_index.h
-- Installing: /workspace/jazzy_ws/install/include/dds/ddsi/ddsi_udp.h
-- Installing: /workspace/jazzy_ws/install/include/dds/ddsi/ddsi_threadmon.h
-- Installing: /workspace/jazzy_ws/install/include/dds/ddsi/ddsi_serdata_pserop.h
-- Installing: /workspace/jazzy_ws/install/include/dds/ddsi/ddsi_serdata_default.h
-- Installing: /workspace/jazzy_ws/install/include/dds/ddsi/ddsi_lifespan.h
-- Installing: /workspace/jazzy_ws/install/include/dds/ddsi/ddsi_participant.h
-- Installing: /workspace/jazzy_ws/install/include/dds/ddsi/q_init.h
-- Installing: /workspace/jazzy_ws/install/include/dds/ddsi/ddsi_xt_typelookup.idl
-- Installing: /workspace/jazzy_ws/install/include/dds/ddsi/ddsi_raweth.h
-- Installing: /workspace/jazzy_ws/install/include/dds/ddsi/q_pcap.h
-- Installing: /workspace/jazzy_ws/install/include/dds/ddsi/ddsi_typewrap.h
-- Installing: /workspace/jazzy_ws/install/include/dds/ddsi/ddsi_typelib.h
-- Installing: /workspace/jazzy_ws/install/include/dds/ddsi/q_xmsg.h
-- Installing: /workspace/jazzy_ws/install/include/dds/ddsi/q_protocol.h
-- Installing: /workspace/jazzy_ws/install/include/dds/ddsi/q_radmin.h
-- Installing: /workspace/jazzy_ws/install/include/dds/ddsi/ddsi_deadline.h
-- Installing: /workspace/jazzy_ws/install/include/dds/ddsi/ddsi_keyhash.h
-- Installing: /workspace/jazzy_ws/install/include/dds/ddsi/ddsi_security_exchange.h
-- Installing: /workspace/jazzy_ws/install/include/dds/ddsi/q_misc.h
-- Installing: /workspace/jazzy_ws/install/include/dds/ddsi/ddsi_list_genptr.h
-- Installing: /workspace/jazzy_ws/install/include/dds/ddsi/ddsi_portmapping.h
-- Installing: /workspace/jazzy_ws/install/include/dds/ddsi/ddsi_time.h
-- Installing: /workspace/jazzy_ws/install/include/dds/ddsi/ddsi_xt_typeinfo.idl
-- Installing: /workspace/jazzy_ws/install/include/dds/ddsi/q_xevent.h
-- Installing: /workspace/jazzy_ws/install/include/dds/ddsi/q_inverse_uint32_set.h
-- Installing: /workspace/jazzy_ws/install/include/dds/ddsi/ddsi_xt_impl.h
-- Installing: /workspace/jazzy_ws/install/include/dds/ddsi/ddsi_plist.h
-- Installing: /workspace/jazzy_ws/install/include/dds/ddsi/q_sockwaitset.h
-- Installing: /workspace/jazzy_ws/install/include/dds/ddsi/ddsi_vnet.h
-- Installing: /workspace/jazzy_ws/install/include/dds/ddsi/q_ddsi_discovery.h
-- Installing: /workspace/jazzy_ws/install/include/dds/ddsi/ddsi_typelookup.h
-- Installing: /workspace/jazzy_ws/install/include/dds/ddsi/ddsi_serdata_plist.h
-- Installing: /workspace/jazzy_ws/install/include/dds/ddsi/ddsi_xt_typemap.h
-- Installing: /workspace/jazzy_ws/install/include/dds/ddsi/ddsi_deliver_locally.h
-- Installing: /workspace/jazzy_ws/install/include/dds/ddsi/ddsi_pmd.h
-- Installing: /workspace/jazzy_ws/install/include/dds/ddsi/ddsi_xt_typemap.idl
-- Installing: /workspace/jazzy_ws/install/include/dds/ddsi/ddsi_acknack.h
-- Installing: /workspace/jazzy_ws/install/include/dds/ddsi/ddsi_xt_typelookup.h
-- Installing: /workspace/jazzy_ws/install/include/dds/ddsi/q_bitset.h
-- Installing: /workspace/jazzy_ws/install/include/dds/ddsi/ddsi_tkmap.h
-- Installing: /workspace/jazzy_ws/install/include/dds/ddsi/ddsi_xt_typeinfo.h
-- Installing: /workspace/jazzy_ws/install/include/dds/ddsi/q_qosmatch.h
-- Installing: /workspace/jazzy_ws/install/include/dds/ddsi/ddsi_statistics.h
-- Installing: /workspace/jazzy_ws/install/include/dds/ddsi/ddsi_xqos.h
-- Installing: /workspace/jazzy_ws/install/include/dds/ddsi/ddsi_sertype.h
-- Installing: /workspace/jazzy_ws/install/include/dds/ddsi/q_whc.h
-- Installing: /workspace/jazzy_ws/install/include/dds/ddsi/q_transmit.h
-- Installing: /workspace/jazzy_ws/install/include/dds/ddsi/ddsi_sertopic.h
-- Installing: /workspace/jazzy_ws/install/include/dds/ddsi/ddsi_iid.h
-- Installing: /workspace/jazzy_ws/install/include/dds/ddsi/ddsi_typebuilder.h
-- Installing: /workspace/jazzy_ws/install/include/dds/ddsi/q_gc.h
-- Installing: /workspace/jazzy_ws/install/include/dds/ddsi/ddsi_tcp.h
-- Installing: /workspace/jazzy_ws/install/include/dds/ddsi/ddsi_security_util.h
-- Installing: /workspace/jazzy_ws/install/include/dds/ddsi/ddsi_security_omg.h
-- Installing: /workspace/jazzy_ws/install/include/dds/ddsi/q_feature_check.h
-- Installing: /workspace/jazzy_ws/install/include/dds/ddsi/ddsi_topic.h
-- Installing: /workspace/jazzy_ws/install/include/dds/ddsi/ddsi_rhc.h
-- Installing: /workspace/jazzy_ws/install/include/dds/ddsi/ddsi_shm_transport.h
-- Installing: /workspace/jazzy_ws/install/include/dds/ddsi/q_rtps.h
-- Installing: /workspace/jazzy_ws/install/include/dds/ddsi/ddsi_serdata.h
-- Installing: /workspace/jazzy_ws/install/include/dds/ddsi/ddsi_vendor.h
-- Installing: /workspace/jazzy_ws/install/include/dds/ddsi/ddsi_cfgunits.h
-- Installing: /workspace/jazzy_ws/install/include/dds/ddsi/ddsi_ipaddr.h
-- Installing: /workspace/jazzy_ws/install/include/dds/ddsi/q_addrset.h
-- Installing: /workspace/jazzy_ws/install/include/dds/ddsi/ddsi_config_impl.h
-- Installing: /workspace/jazzy_ws/install/include/dds/ddsi/ddsi_config.h
-- Installing: /workspace/jazzy_ws/install/include/dds/ddsi/ddsi_cdrstream.h
-- Installing: /workspace/jazzy_ws/install/include/dds/ddsi/q_bswap.h
-- Installing: /workspace/jazzy_ws/install/include/dds/ddsi/ddsi_entity.h
-- Installing: /workspace/jazzy_ws/install/include/dds/ddsi/q_thread.h
-- Installing: /workspace/jazzy_ws/install/include/dds/ddsi/ddsi_wraddrset.h
-- Installing: /workspace/jazzy_ws/install/include/dds/ddsi/q_lat_estim.h
-- Installing: /workspace/jazzy_ws/install/include/dds/ddsi/ddsi_mcgroup.h
-- Installing: /workspace/jazzy_ws/install/include/dds/ddsi/ddsi_security_msg.h
-- Installing: /workspace/jazzy_ws/install/include/dds/ddsi/ddsi_builtin_topic_if.h
-- Installing: /workspace/jazzy_ws/install/include/dds/ddsi/ddsi_entity_match.h
-- Installing: /workspace/jazzy_ws/install/include/dds/ddsi/q_freelist.h
-- Installing: /workspace/jazzy_ws/install/include/dds/ddsi/q_receive.h
-- Installing: /workspace/jazzy_ws/install/include/dds/ddsi/q_hbcontrol.h
-- Installing: /workspace/jazzy_ws/install/include/dds/ddsi/ddsi_list_tmpl.h
-- Installing: /workspace/jazzy_ws/install/include/dds/ddsi/q_debmon.h
-- Installing: /workspace/jazzy_ws/install/include/dds/ddsi/ddsi_domaingv.h
-- Up-to-date: /workspace/jazzy_ws/install/include
-- Installing: /workspace/jazzy_ws/install/include/ddsc
-- Installing: /workspace/jazzy_ws/install/include/ddsc/dds.h
-- Up-to-date: /workspace/jazzy_ws/install/include/dds
-- Installing: /workspace/jazzy_ws/install/include/dds/ddsc
-- Installing: /workspace/jazzy_ws/install/include/dds/ddsc/dds_public_qosdefs.h
-- Installing: /workspace/jazzy_ws/install/include/dds/ddsc/dds_loan_api.h
-- Installing: /workspace/jazzy_ws/install/include/dds/ddsc/dds_internal_api.h
-- Installing: /workspace/jazzy_ws/install/include/dds/ddsc/dds_public_qos.h
-- Installing: /workspace/jazzy_ws/install/include/dds/ddsc/dds_public_impl.h
-- Installing: /workspace/jazzy_ws/install/include/dds/ddsc/dds_public_alloc.h
-- Installing: /workspace/jazzy_ws/install/include/dds/ddsc/dds_data_allocator.h
-- Installing: /workspace/jazzy_ws/install/include/dds/ddsc/dds_public_error.h
-- Installing: /workspace/jazzy_ws/install/include/dds/ddsc/dds_public_listener.h
-- Installing: /workspace/jazzy_ws/install/include/dds/ddsc/dds_opcodes.h
-- Installing: /workspace/jazzy_ws/install/include/dds/ddsc/dds_rhc.h
-- Installing: /workspace/jazzy_ws/install/include/dds/ddsc/dds_statistics.h
-- Installing: /workspace/jazzy_ws/install/include/dds/ddsc/dds_basic_types.h
-- Installing: /workspace/jazzy_ws/install/include/dds/ddsc/dds_public_status.h
-- Installing: /workspace/jazzy_ws/install/include/dds/dds.h
-- Up-to-date: /workspace/jazzy_ws/install/include
-- Up-to-date: /workspace/jazzy_ws/install/include/dds
-- Installing: /workspace/jazzy_ws/install/include/dds/export.h
-- Installing: /workspace/jazzy_ws/install/lib/libddsc.so.0.10.5
-- Installing: /workspace/jazzy_ws/install/lib/libddsc.so.0
-- Set non-toolchain portion of runtime path of "/workspace/jazzy_ws/install/lib/libddsc.so.0.10.5" to "$ORIGIN/../lib"
-- Installing: /workspace/jazzy_ws/install/lib/libddsc.so
-- Installing: /workspace/jazzy_ws/install/share/doc/CycloneDDS/CONTRIBUTING.md
-- Installing: /workspace/jazzy_ws/install/share/doc/CycloneDDS/CYCLONEDDS_QUALITY_DECLARATION.md
-- Installing: /workspace/jazzy_ws/install/share/doc/CycloneDDS/LICENSE
-- Installing: /workspace/jazzy_ws/install/share/doc/CycloneDDS/NOTICE.md
-- Installing: /workspace/jazzy_ws/install/share/doc/CycloneDDS/README.md
-- Installing: /workspace/jazzy_ws/install/share/doc/CycloneDDS/CHANGELOG.rst
