-- Found ament_cmake: 2.5.5 (/workspace/jazzy_ws/install/share/ament_cmake/cmake)
-- Found Python3: /usr/bin/python3 (found version "3.12.3") found components: Interpreter 
-- Found ament_lint_auto: 0.17.4 (/workspace/jazzy_ws/install/share/ament_lint_auto/cmake)
-- Added test 'copyright' to check source files copyright and LICENSE
-- Added test 'flake8' to check Python code syntax and style conventions
-- Configured 'flake8' exclude dirs and/or files: 
-- Added test 'lint_cmake' to check CMake code style
-- Added test 'pep257' to check Python code against some of the docstring style conventions in PEP 257
-- Added test 'xmllint' to check XML markup files
-- Configuring done (0.4s)
-- Generating done (0.0s)
-- Build files have been written to: /workspace/jazzy_ws/build/rosidl_parser
Built target ament_cmake_python_copy_rosidl_parser
running egg_info
creating rosidl_parser.egg-info
writing rosidl_parser.egg-info/PKG-INFO
writing dependency_links to rosidl_parser.egg-info/dependency_links.txt
writing top-level names to rosidl_parser.egg-info/top_level.txt
writing manifest file 'rosidl_parser.egg-info/SOURCES.txt'
reading manifest file 'rosidl_parser.egg-info/SOURCES.txt'
writing manifest file 'rosidl_parser.egg-info/SOURCES.txt'
Built target ament_cmake_python_build_rosidl_parser_egg
-- Install configuration: ""
-- Installing: /workspace/jazzy_ws/install/share/rosidl_parser/environment/pythonpath.sh
-- Installing: /workspace/jazzy_ws/install/share/rosidl_parser/environment/pythonpath.dsv
-- Installing: /workspace/jazzy_ws/install/lib/python3.12/site-packages/rosidl_parser-4.6.7-py3.12.egg-info
-- Installing: /workspace/jazzy_ws/install/lib/python3.12/site-packages/rosidl_parser-4.6.7-py3.12.egg-info/PKG-INFO
-- Installing: /workspace/jazzy_ws/install/lib/python3.12/site-packages/rosidl_parser-4.6.7-py3.12.egg-info/SOURCES.txt
-- Installing: /workspace/jazzy_ws/install/lib/python3.12/site-packages/rosidl_parser-4.6.7-py3.12.egg-info/top_level.txt
-- Installing: /workspace/jazzy_ws/install/lib/python3.12/site-packages/rosidl_parser-4.6.7-py3.12.egg-info/dependency_links.txt
-- Installing: /workspace/jazzy_ws/install/lib/python3.12/site-packages/rosidl_parser
-- Installing: /workspace/jazzy_ws/install/lib/python3.12/site-packages/rosidl_parser/__init__.py
-- Installing: /workspace/jazzy_ws/install/lib/python3.12/site-packages/rosidl_parser/grammar.lark
-- Installing: /workspace/jazzy_ws/install/lib/python3.12/site-packages/rosidl_parser/definition.py
-- Installing: /workspace/jazzy_ws/install/lib/python3.12/site-packages/rosidl_parser/parser.py
Listing '/workspace/jazzy_ws/install/lib/python3.12/site-packages/rosidl_parser'...
Compiling '/workspace/jazzy_ws/install/lib/python3.12/site-packages/rosidl_parser/__init__.py'...
Compiling '/workspace/jazzy_ws/install/lib/python3.12/site-packages/rosidl_parser/definition.py'...
Compiling '/workspace/jazzy_ws/install/lib/python3.12/site-packages/rosidl_parser/parser.py'...
-- Installing: /workspace/jazzy_ws/install/share/ament_index/resource_index/package_run_dependencies/rosidl_parser
-- Installing: /workspace/jazzy_ws/install/share/ament_index/resource_index/parent_prefix_path/rosidl_parser
-- Installing: /workspace/jazzy_ws/install/share/rosidl_parser/environment/ament_prefix_path.sh
-- Installing: /workspace/jazzy_ws/install/share/rosidl_parser/environment/ament_prefix_path.dsv
-- Installing: /workspace/jazzy_ws/install/share/rosidl_parser/environment/path.sh
-- Installing: /workspace/jazzy_ws/install/share/rosidl_parser/environment/path.dsv
-- Installing: /workspace/jazzy_ws/install/share/rosidl_parser/local_setup.bash
-- Installing: /workspace/jazzy_ws/install/share/rosidl_parser/local_setup.sh
-- Installing: /workspace/jazzy_ws/install/share/rosidl_parser/local_setup.zsh
-- Installing: /workspace/jazzy_ws/install/share/rosidl_parser/local_setup.dsv
-- Installing: /workspace/jazzy_ws/install/share/rosidl_parser/package.dsv
-- Installing: /workspace/jazzy_ws/install/share/ament_index/resource_index/packages/rosidl_parser
-- Installing: /workspace/jazzy_ws/install/share/rosidl_parser/cmake/rosidl_parserConfig.cmake
-- Installing: /workspace/jazzy_ws/install/share/rosidl_parser/cmake/rosidl_parserConfig-version.cmake
-- Installing: /workspace/jazzy_ws/install/share/rosidl_parser/package.xml
-- Installing: /workspace/jazzy_ws/install/lib/rosidl_parser/idl2png
