-- The C compiler identification is GNU 13.3.0
-- The CXX compiler identification is GNU 13.3.0
-- Detecting C compiler ABI info
-- Detecting C compiler ABI info - done
-- Check for working C compiler: /usr/bin/cc - skipped
-- Detecting C compile features
-- Detecting C compile features - done
-- Detecting CXX compiler ABI info
-- Detecting CXX compiler ABI info - done
-- Check for working CXX compiler: /usr/bin/c++ - skipped
-- Detecting CXX compile features
-- Detecting CXX compile features - done
-- Found ament_cmake_python: 2.5.5 (/workspace/jazzy_ws/install/share/ament_cmake_python/cmake)
-- Found ament_cmake_ros: 0.12.0 (/workspace/jazzy_ws/install/share/ament_cmake_ros/cmake)
-- Found Python3: /usr/bin/python3 (found version "3.12.3") found components: Interpreter 
-- Found ament_lint_auto: 0.17.4 (/workspace/jazzy_ws/install/share/ament_lint_auto/cmake)
-- Added test 'copyright' to check source files copyright and LICENSE
-- Added test 'flake8' to check Python code syntax and style conventions
-- Configured 'flake8' exclude dirs and/or files: 
-- Added test 'lint_cmake' to check CMake code style
-- Added test 'pep257' to check Python code against some of the docstring style conventions in PEP 257
-- Added test 'xmllint' to check XML markup files
-- Configuring done (1.4s)
-- Generating done (0.0s)
-- Build files have been written to: /workspace/jazzy_ws/build/rosidl_generator_type_description
Built target ament_cmake_python_copy_rosidl_generator_type_description_setup
Built target ament_cmake_python_copy_rosidl_generator_type_description
running egg_info
creating rosidl_generator_type_description.egg-info
writing rosidl_generator_type_description.egg-info/PKG-INFO
writing dependency_links to rosidl_generator_type_description.egg-info/dependency_links.txt
writing entry points to rosidl_generator_type_description.egg-info/entry_points.txt
writing top-level names to rosidl_generator_type_description.egg-info/top_level.txt
writing manifest file 'rosidl_generator_type_description.egg-info/SOURCES.txt'
reading manifest file 'rosidl_generator_type_description.egg-info/SOURCES.txt'
writing manifest file 'rosidl_generator_type_description.egg-info/SOURCES.txt'
Built target ament_cmake_python_build_rosidl_generator_type_description_egg
-- Install configuration: ""
-- Installing: /workspace/jazzy_ws/install/share/ament_index/resource_index/rosidl_generator_packages/rosidl_generator_type_description
-- Installing: /workspace/jazzy_ws/install/share/rosidl_generator_type_description/environment/pythonpath.sh
-- Installing: /workspace/jazzy_ws/install/share/rosidl_generator_type_description/environment/pythonpath.dsv
-- Installing: /workspace/jazzy_ws/install/lib/python3.12/site-packages/rosidl_generator_type_description-4.6.7-py3.12.egg-info
-- Installing: /workspace/jazzy_ws/install/lib/python3.12/site-packages/rosidl_generator_type_description-4.6.7-py3.12.egg-info/PKG-INFO
-- Installing: /workspace/jazzy_ws/install/lib/python3.12/site-packages/rosidl_generator_type_description-4.6.7-py3.12.egg-info/SOURCES.txt
-- Installing: /workspace/jazzy_ws/install/lib/python3.12/site-packages/rosidl_generator_type_description-4.6.7-py3.12.egg-info/top_level.txt
-- Installing: /workspace/jazzy_ws/install/lib/python3.12/site-packages/rosidl_generator_type_description-4.6.7-py3.12.egg-info/entry_points.txt
-- Installing: /workspace/jazzy_ws/install/lib/python3.12/site-packages/rosidl_generator_type_description-4.6.7-py3.12.egg-info/dependency_links.txt
-- Installing: /workspace/jazzy_ws/install/lib/python3.12/site-packages/rosidl_generator_type_description
-- Installing: /workspace/jazzy_ws/install/lib/python3.12/site-packages/rosidl_generator_type_description/cli.py
-- Installing: /workspace/jazzy_ws/install/lib/python3.12/site-packages/rosidl_generator_type_description/__init__.py
Listing '/workspace/jazzy_ws/install/lib/python3.12/site-packages/rosidl_generator_type_description'...
Compiling '/workspace/jazzy_ws/install/lib/python3.12/site-packages/rosidl_generator_type_description/__init__.py'...
Compiling '/workspace/jazzy_ws/install/lib/python3.12/site-packages/rosidl_generator_type_description/cli.py'...
-- Installing: /workspace/jazzy_ws/install/share/ament_index/resource_index/package_run_dependencies/rosidl_generator_type_description
-- Installing: /workspace/jazzy_ws/install/share/ament_index/resource_index/parent_prefix_path/rosidl_generator_type_description
-- Installing: /workspace/jazzy_ws/install/share/rosidl_generator_type_description/environment/ament_prefix_path.sh
-- Installing: /workspace/jazzy_ws/install/share/rosidl_generator_type_description/environment/ament_prefix_path.dsv
-- Installing: /workspace/jazzy_ws/install/share/rosidl_generator_type_description/environment/path.sh
-- Installing: /workspace/jazzy_ws/install/share/rosidl_generator_type_description/environment/path.dsv
-- Installing: /workspace/jazzy_ws/install/share/rosidl_generator_type_description/local_setup.bash
-- Installing: /workspace/jazzy_ws/install/share/rosidl_generator_type_description/local_setup.sh
-- Installing: /workspace/jazzy_ws/install/share/rosidl_generator_type_description/local_setup.zsh
-- Installing: /workspace/jazzy_ws/install/share/rosidl_generator_type_description/local_setup.dsv
-- Installing: /workspace/jazzy_ws/install/share/rosidl_generator_type_description/package.dsv
-- Installing: /workspace/jazzy_ws/install/share/ament_index/resource_index/packages/rosidl_generator_type_description
-- Installing: /workspace/jazzy_ws/install/share/rosidl_generator_type_description/cmake/rosidl_generator_type_description-extras.cmake
-- Installing: /workspace/jazzy_ws/install/share/rosidl_generator_type_description/cmake/rosidl_generator_type_descriptionConfig.cmake
-- Installing: /workspace/jazzy_ws/install/share/rosidl_generator_type_description/cmake/rosidl_generator_type_descriptionConfig-version.cmake
-- Installing: /workspace/jazzy_ws/install/share/rosidl_generator_type_description/package.xml
-- Installing: /workspace/jazzy_ws/install/lib/rosidl_generator_type_description/rosidl_generator_type_description
-- Up-to-date: /workspace/jazzy_ws/install/share/rosidl_generator_type_description/cmake
-- Installing: /workspace/jazzy_ws/install/share/rosidl_generator_type_description/cmake/rosidl_generator_type_description_generate_interfaces.cmake
-- Installing: /workspace/jazzy_ws/install/share/rosidl_generator_type_description/resource
-- Installing: /workspace/jazzy_ws/install/share/rosidl_generator_type_description/resource/HashedTypeDescription.schema.json
