[0.493s] Invoking command in '/workspace/jazzy_ws/build/rosidl_generator_type_description': AMENT_PREFIX_PATH=/workspace/jazzy_ws/install CMAKE_PREFIX_PATH=/workspace/jazzy_ws/install LD_LIBRARY_PATH=/workspace/jazzy_ws/install/lib PATH=/workspace/jazzy_ws/install/bin:/workspace/jazzy_ws/install/opt/uncrustify_vendor/bin:${PATH} PKG_CONFIG_PATH=/workspace/jazzy_ws/install/lib/x86_64-linux-gnu/pkgconfig:/workspace/jazzy_ws/install/lib/pkgconfig PYTHONPATH=/workspace/jazzy_ws/install/lib/python3.12/site-packages /usr/bin/cmake /workspace/jazzy_ws/src/rosidl/rosidl_generator_type_description -DCMAKE_INSTALL_PREFIX=/workspace/jazzy_ws/install
[0.573s] -- The C compiler identification is GNU 13.3.0
[0.659s] -- The CXX compiler identification is GNU 13.3.0
[0.677s] -- Detecting C compiler ABI info
[0.805s] -- Detecting C compiler ABI info - done
[0.816s] -- Check for working C compiler: /usr/bin/cc - skipped
[0.821s] -- Detecting C compile features
[0.821s] -- Detecting C compile features - done
[0.831s] -- Detecting CXX compiler ABI info
[0.980s] -- Detecting CXX compiler ABI info - done
[0.985s] -- Check for working CXX compiler: /usr/bin/c++ - skipped
[0.985s] -- Detecting CXX compile features
[0.991s] -- Detecting CXX compile features - done
[0.991s] -- Found ament_cmake_python: 2.5.5 (/workspace/jazzy_ws/install/share/ament_cmake_python/cmake)
[0.991s] -- Found ament_cmake_ros: 0.12.0 (/workspace/jazzy_ws/install/share/ament_cmake_ros/cmake)
[1.157s] -- Found Python3: /usr/bin/python3 (found version "3.12.3") found components: Interpreter 
[1.461s] -- Found ament_lint_auto: 0.17.4 (/workspace/jazzy_ws/install/share/ament_lint_auto/cmake)
[1.868s] -- Added test 'copyright' to check source files copyright and LICENSE
[1.879s] -- Added test 'flake8' to check Python code syntax and style conventions
[1.879s] -- Configured 'flake8' exclude dirs and/or files: 
[1.885s] -- Added test 'lint_cmake' to check CMake code style
[1.885s] -- Added test 'pep257' to check Python code against some of the docstring style conventions in PEP 257
[1.886s] -- Added test 'xmllint' to check XML markup files
[1.888s] -- Configuring done (1.4s)
[1.892s] -- Generating done (0.0s)
[1.894s] -- Build files have been written to: /workspace/jazzy_ws/build/rosidl_generator_type_description
[1.897s] Invoked command in '/workspace/jazzy_ws/build/rosidl_generator_type_description' returned '0': AMENT_PREFIX_PATH=/workspace/jazzy_ws/install CMAKE_PREFIX_PATH=/workspace/jazzy_ws/install LD_LIBRARY_PATH=/workspace/jazzy_ws/install/lib PATH=/workspace/jazzy_ws/install/bin:/workspace/jazzy_ws/install/opt/uncrustify_vendor/bin:${PATH} PKG_CONFIG_PATH=/workspace/jazzy_ws/install/lib/x86_64-linux-gnu/pkgconfig:/workspace/jazzy_ws/install/lib/pkgconfig PYTHONPATH=/workspace/jazzy_ws/install/lib/python3.12/site-packages /usr/bin/cmake /workspace/jazzy_ws/src/rosidl/rosidl_generator_type_description -DCMAKE_INSTALL_PREFIX=/workspace/jazzy_ws/install
[1.898s] Invoking command in '/workspace/jazzy_ws/build/rosidl_generator_type_description': AMENT_PREFIX_PATH=/workspace/jazzy_ws/install CMAKE_PREFIX_PATH=/workspace/jazzy_ws/install LD_LIBRARY_PATH=/workspace/jazzy_ws/install/lib PATH=/workspace/jazzy_ws/install/bin:/workspace/jazzy_ws/install/opt/uncrustify_vendor/bin:${PATH} PKG_CONFIG_PATH=/workspace/jazzy_ws/install/lib/x86_64-linux-gnu/pkgconfig:/workspace/jazzy_ws/install/lib/pkgconfig PYTHONPATH=/workspace/jazzy_ws/install/lib/python3.12/site-packages /usr/bin/cmake --build /workspace/jazzy_ws/build/rosidl_generator_type_description -- -j24 -l24
[1.958s] Built target ament_cmake_python_copy_rosidl_generator_type_description_setup
[1.962s] Built target ament_cmake_python_copy_rosidl_generator_type_description
[2.113s] running egg_info
[2.117s] creating rosidl_generator_type_description.egg-info
[2.117s] writing rosidl_generator_type_description.egg-info/PKG-INFO
[2.117s] writing dependency_links to rosidl_generator_type_description.egg-info/dependency_links.txt
[2.118s] writing entry points to rosidl_generator_type_description.egg-info/entry_points.txt
[2.118s] writing top-level names to rosidl_generator_type_description.egg-info/top_level.txt
[2.118s] writing manifest file 'rosidl_generator_type_description.egg-info/SOURCES.txt'
[2.141s] reading manifest file 'rosidl_generator_type_description.egg-info/SOURCES.txt'
[2.141s] writing manifest file 'rosidl_generator_type_description.egg-info/SOURCES.txt'
[2.177s] Built target ament_cmake_python_build_rosidl_generator_type_description_egg
[2.190s] Invoked command in '/workspace/jazzy_ws/build/rosidl_generator_type_description' returned '0': AMENT_PREFIX_PATH=/workspace/jazzy_ws/install CMAKE_PREFIX_PATH=/workspace/jazzy_ws/install LD_LIBRARY_PATH=/workspace/jazzy_ws/install/lib PATH=/workspace/jazzy_ws/install/bin:/workspace/jazzy_ws/install/opt/uncrustify_vendor/bin:${PATH} PKG_CONFIG_PATH=/workspace/jazzy_ws/install/lib/x86_64-linux-gnu/pkgconfig:/workspace/jazzy_ws/install/lib/pkgconfig PYTHONPATH=/workspace/jazzy_ws/install/lib/python3.12/site-packages /usr/bin/cmake --build /workspace/jazzy_ws/build/rosidl_generator_type_description -- -j24 -l24
[2.190s] Invoking command in '/workspace/jazzy_ws/build/rosidl_generator_type_description': AMENT_PREFIX_PATH=/workspace/jazzy_ws/install CMAKE_PREFIX_PATH=/workspace/jazzy_ws/install LD_LIBRARY_PATH=/workspace/jazzy_ws/install/lib PATH=/workspace/jazzy_ws/install/bin:/workspace/jazzy_ws/install/opt/uncrustify_vendor/bin:${PATH} PKG_CONFIG_PATH=/workspace/jazzy_ws/install/lib/x86_64-linux-gnu/pkgconfig:/workspace/jazzy_ws/install/lib/pkgconfig PYTHONPATH=/workspace/jazzy_ws/install/lib/python3.12/site-packages /usr/bin/cmake --install /workspace/jazzy_ws/build/rosidl_generator_type_description
[2.199s] -- Install configuration: ""
[2.204s] -- Installing: /workspace/jazzy_ws/install/share/ament_index/resource_index/rosidl_generator_packages/rosidl_generator_type_description
[2.204s] -- Installing: /workspace/jazzy_ws/install/share/rosidl_generator_type_description/environment/pythonpath.sh
[2.204s] -- Installing: /workspace/jazzy_ws/install/share/rosidl_generator_type_description/environment/pythonpath.dsv
[2.204s] -- Installing: /workspace/jazzy_ws/install/lib/python3.12/site-packages/rosidl_generator_type_description-4.6.7-py3.12.egg-info
[2.204s] -- Installing: /workspace/jazzy_ws/install/lib/python3.12/site-packages/rosidl_generator_type_description-4.6.7-py3.12.egg-info/PKG-INFO
[2.204s] -- Installing: /workspace/jazzy_ws/install/lib/python3.12/site-packages/rosidl_generator_type_description-4.6.7-py3.12.egg-info/SOURCES.txt
[2.204s] -- Installing: /workspace/jazzy_ws/install/lib/python3.12/site-packages/rosidl_generator_type_description-4.6.7-py3.12.egg-info/top_level.txt
[2.204s] -- Installing: /workspace/jazzy_ws/install/lib/python3.12/site-packages/rosidl_generator_type_description-4.6.7-py3.12.egg-info/entry_points.txt
[2.204s] -- Installing: /workspace/jazzy_ws/install/lib/python3.12/site-packages/rosidl_generator_type_description-4.6.7-py3.12.egg-info/dependency_links.txt
[2.204s] -- Installing: /workspace/jazzy_ws/install/lib/python3.12/site-packages/rosidl_generator_type_description
[2.204s] -- Installing: /workspace/jazzy_ws/install/lib/python3.12/site-packages/rosidl_generator_type_description/cli.py
[2.204s] -- Installing: /workspace/jazzy_ws/install/lib/python3.12/site-packages/rosidl_generator_type_description/__init__.py
[2.253s] Listing '/workspace/jazzy_ws/install/lib/python3.12/site-packages/rosidl_generator_type_description'...
[2.253s] Compiling '/workspace/jazzy_ws/install/lib/python3.12/site-packages/rosidl_generator_type_description/__init__.py'...
[2.253s] Compiling '/workspace/jazzy_ws/install/lib/python3.12/site-packages/rosidl_generator_type_description/cli.py'...
[2.258s] -- Installing: /workspace/jazzy_ws/install/share/ament_index/resource_index/package_run_dependencies/rosidl_generator_type_description
[2.260s] -- Installing: /workspace/jazzy_ws/install/share/ament_index/resource_index/parent_prefix_path/rosidl_generator_type_description
[2.260s] -- Installing: /workspace/jazzy_ws/install/share/rosidl_generator_type_description/environment/ament_prefix_path.sh
[2.260s] -- Installing: /workspace/jazzy_ws/install/share/rosidl_generator_type_description/environment/ament_prefix_path.dsv
[2.260s] -- Installing: /workspace/jazzy_ws/install/share/rosidl_generator_type_description/environment/path.sh
[2.260s] -- Installing: /workspace/jazzy_ws/install/share/rosidl_generator_type_description/environment/path.dsv
[2.260s] -- Installing: /workspace/jazzy_ws/install/share/rosidl_generator_type_description/local_setup.bash
[2.260s] -- Installing: /workspace/jazzy_ws/install/share/rosidl_generator_type_description/local_setup.sh
[2.260s] -- Installing: /workspace/jazzy_ws/install/share/rosidl_generator_type_description/local_setup.zsh
[2.260s] -- Installing: /workspace/jazzy_ws/install/share/rosidl_generator_type_description/local_setup.dsv
[2.262s] -- Installing: /workspace/jazzy_ws/install/share/rosidl_generator_type_description/package.dsv
[2.262s] -- Installing: /workspace/jazzy_ws/install/share/ament_index/resource_index/packages/rosidl_generator_type_description
[2.262s] -- Installing: /workspace/jazzy_ws/install/share/rosidl_generator_type_description/cmake/rosidl_generator_type_description-extras.cmake
[2.262s] -- Installing: /workspace/jazzy_ws/install/share/rosidl_generator_type_description/cmake/rosidl_generator_type_descriptionConfig.cmake
[2.262s] -- Installing: /workspace/jazzy_ws/install/share/rosidl_generator_type_description/cmake/rosidl_generator_type_descriptionConfig-version.cmake
[2.262s] -- Installing: /workspace/jazzy_ws/install/share/rosidl_generator_type_description/package.xml
[2.262s] -- Installing: /workspace/jazzy_ws/install/lib/rosidl_generator_type_description/rosidl_generator_type_description
[2.263s] -- Up-to-date: /workspace/jazzy_ws/install/share/rosidl_generator_type_description/cmake
[2.263s] -- Installing: /workspace/jazzy_ws/install/share/rosidl_generator_type_description/cmake/rosidl_generator_type_description_generate_interfaces.cmake
[2.263s] -- Installing: /workspace/jazzy_ws/install/share/rosidl_generator_type_description/resource
[2.263s] -- Installing: /workspace/jazzy_ws/install/share/rosidl_generator_type_description/resource/HashedTypeDescription.schema.json
[2.263s] Invoked command in '/workspace/jazzy_ws/build/rosidl_generator_type_description' returned '0': AMENT_PREFIX_PATH=/workspace/jazzy_ws/install CMAKE_PREFIX_PATH=/workspace/jazzy_ws/install LD_LIBRARY_PATH=/workspace/jazzy_ws/install/lib PATH=/workspace/jazzy_ws/install/bin:/workspace/jazzy_ws/install/opt/uncrustify_vendor/bin:${PATH} PKG_CONFIG_PATH=/workspace/jazzy_ws/install/lib/x86_64-linux-gnu/pkgconfig:/workspace/jazzy_ws/install/lib/pkgconfig PYTHONPATH=/workspace/jazzy_ws/install/lib/python3.12/site-packages /usr/bin/cmake --install /workspace/jazzy_ws/build/rosidl_generator_type_description
