[0.081s] Invoking command in '/workspace/jazzy_ws/build/rosidl_core_generators': AMENT_PREFIX_PATH=/workspace/jazzy_ws/install CMAKE_PREFIX_PATH=/workspace/jazzy_ws/install LD_LIBRARY_PATH=/workspace/jazzy_ws/install/lib:/workspace/jazzy_ws/install/opt/mimick_vendor/lib PATH=/workspace/jazzy_ws/install/bin:/workspace/jazzy_ws/install/opt/uncrustify_vendor/bin:${PATH} PKG_CONFIG_PATH=/workspace/jazzy_ws/install/lib/x86_64-linux-gnu/pkgconfig:/workspace/jazzy_ws/install/lib/pkgconfig PYTHONPATH=/workspace/jazzy_ws/install/lib/python3.12/site-packages /usr/bin/cmake /workspace/jazzy_ws/src/rosidl_core/rosidl_core_generators -DCMAKE_INSTALL_PREFIX=/workspace/jazzy_ws/install
[0.088s] -- Found ament_cmake: 2.5.5 (/workspace/jazzy_ws/install/share/ament_cmake/cmake)
[0.157s] -- Found Python3: /usr/bin/python3 (found version "3.12.3") found components: Interpreter 
[0.207s] -- Found ament_lint_auto: 0.17.4 (/workspace/jazzy_ws/install/share/ament_lint_auto/cmake)
[0.267s] -- Added test 'copyright' to check source files copyright and LICENSE
[0.272s] -- Added test 'lint_cmake' to check CMake code style
[0.274s] -- Added test 'xmllint' to check XML markup files
[0.275s] -- Configuring done (0.2s)
[0.277s] -- Generating done (0.0s)
[0.278s] -- Build files have been written to: /workspace/jazzy_ws/build/rosidl_core_generators
[0.280s] Invoked command in '/workspace/jazzy_ws/build/rosidl_core_generators' returned '0': AMENT_PREFIX_PATH=/workspace/jazzy_ws/install CMAKE_PREFIX_PATH=/workspace/jazzy_ws/install LD_LIBRARY_PATH=/workspace/jazzy_ws/install/lib:/workspace/jazzy_ws/install/opt/mimick_vendor/lib PATH=/workspace/jazzy_ws/install/bin:/workspace/jazzy_ws/install/opt/uncrustify_vendor/bin:${PATH} PKG_CONFIG_PATH=/workspace/jazzy_ws/install/lib/x86_64-linux-gnu/pkgconfig:/workspace/jazzy_ws/install/lib/pkgconfig PYTHONPATH=/workspace/jazzy_ws/install/lib/python3.12/site-packages /usr/bin/cmake /workspace/jazzy_ws/src/rosidl_core/rosidl_core_generators -DCMAKE_INSTALL_PREFIX=/workspace/jazzy_ws/install
[0.281s] Invoking command in '/workspace/jazzy_ws/build/rosidl_core_generators': AMENT_PREFIX_PATH=/workspace/jazzy_ws/install CMAKE_PREFIX_PATH=/workspace/jazzy_ws/install LD_LIBRARY_PATH=/workspace/jazzy_ws/install/lib:/workspace/jazzy_ws/install/opt/mimick_vendor/lib PATH=/workspace/jazzy_ws/install/bin:/workspace/jazzy_ws/install/opt/uncrustify_vendor/bin:${PATH} PKG_CONFIG_PATH=/workspace/jazzy_ws/install/lib/x86_64-linux-gnu/pkgconfig:/workspace/jazzy_ws/install/lib/pkgconfig PYTHONPATH=/workspace/jazzy_ws/install/lib/python3.12/site-packages /usr/bin/cmake --build /workspace/jazzy_ws/build/rosidl_core_generators -- -j24 -l24
[0.299s] Invoked command in '/workspace/jazzy_ws/build/rosidl_core_generators' returned '0': AMENT_PREFIX_PATH=/workspace/jazzy_ws/install CMAKE_PREFIX_PATH=/workspace/jazzy_ws/install LD_LIBRARY_PATH=/workspace/jazzy_ws/install/lib:/workspace/jazzy_ws/install/opt/mimick_vendor/lib PATH=/workspace/jazzy_ws/install/bin:/workspace/jazzy_ws/install/opt/uncrustify_vendor/bin:${PATH} PKG_CONFIG_PATH=/workspace/jazzy_ws/install/lib/x86_64-linux-gnu/pkgconfig:/workspace/jazzy_ws/install/lib/pkgconfig PYTHONPATH=/workspace/jazzy_ws/install/lib/python3.12/site-packages /usr/bin/cmake --build /workspace/jazzy_ws/build/rosidl_core_generators -- -j24 -l24
[0.299s] Invoking command in '/workspace/jazzy_ws/build/rosidl_core_generators': AMENT_PREFIX_PATH=/workspace/jazzy_ws/install CMAKE_PREFIX_PATH=/workspace/jazzy_ws/install LD_LIBRARY_PATH=/workspace/jazzy_ws/install/lib:/workspace/jazzy_ws/install/opt/mimick_vendor/lib PATH=/workspace/jazzy_ws/install/bin:/workspace/jazzy_ws/install/opt/uncrustify_vendor/bin:${PATH} PKG_CONFIG_PATH=/workspace/jazzy_ws/install/lib/x86_64-linux-gnu/pkgconfig:/workspace/jazzy_ws/install/lib/pkgconfig PYTHONPATH=/workspace/jazzy_ws/install/lib/python3.12/site-packages /usr/bin/cmake --install /workspace/jazzy_ws/build/rosidl_core_generators
[0.303s] -- Install configuration: ""
[0.303s] -- Installing: /workspace/jazzy_ws/install/share/ament_index/resource_index/package_run_dependencies/rosidl_core_generators
[0.303s] -- Installing: /workspace/jazzy_ws/install/share/ament_index/resource_index/parent_prefix_path/rosidl_core_generators
[0.303s] -- Installing: /workspace/jazzy_ws/install/share/rosidl_core_generators/environment/ament_prefix_path.sh
[0.303s] -- Installing: /workspace/jazzy_ws/install/share/rosidl_core_generators/environment/ament_prefix_path.dsv
[0.303s] -- Installing: /workspace/jazzy_ws/install/share/rosidl_core_generators/environment/path.sh
[0.303s] -- Installing: /workspace/jazzy_ws/install/share/rosidl_core_generators/environment/path.dsv
[0.303s] -- Installing: /workspace/jazzy_ws/install/share/rosidl_core_generators/local_setup.bash
[0.304s] -- Installing: /workspace/jazzy_ws/install/share/rosidl_core_generators/local_setup.sh
[0.304s] -- Installing: /workspace/jazzy_ws/install/share/rosidl_core_generators/local_setup.zsh
[0.304s] -- Installing: /workspace/jazzy_ws/install/share/rosidl_core_generators/local_setup.dsv
[0.304s] -- Installing: /workspace/jazzy_ws/install/share/rosidl_core_generators/package.dsv
[0.304s] -- Installing: /workspace/jazzy_ws/install/share/ament_index/resource_index/packages/rosidl_core_generators
[0.304s] -- Installing: /workspace/jazzy_ws/install/share/rosidl_core_generators/cmake/rosidl_core_generators-extras.cmake
[0.304s] -- Installing: /workspace/jazzy_ws/install/share/rosidl_core_generators/cmake/ament_cmake_export_dependencies-extras.cmake
[0.304s] -- Installing: /workspace/jazzy_ws/install/share/rosidl_core_generators/cmake/rosidl_core_generatorsConfig.cmake
[0.304s] -- Installing: /workspace/jazzy_ws/install/share/rosidl_core_generators/cmake/rosidl_core_generatorsConfig-version.cmake
[0.304s] -- Installing: /workspace/jazzy_ws/install/share/rosidl_core_generators/package.xml
[0.305s] Invoked command in '/workspace/jazzy_ws/build/rosidl_core_generators' returned '0': AMENT_PREFIX_PATH=/workspace/jazzy_ws/install CMAKE_PREFIX_PATH=/workspace/jazzy_ws/install LD_LIBRARY_PATH=/workspace/jazzy_ws/install/lib:/workspace/jazzy_ws/install/opt/mimick_vendor/lib PATH=/workspace/jazzy_ws/install/bin:/workspace/jazzy_ws/install/opt/uncrustify_vendor/bin:${PATH} PKG_CONFIG_PATH=/workspace/jazzy_ws/install/lib/x86_64-linux-gnu/pkgconfig:/workspace/jazzy_ws/install/lib/pkgconfig PYTHONPATH=/workspace/jazzy_ws/install/lib/python3.12/site-packages /usr/bin/cmake --install /workspace/jazzy_ws/build/rosidl_core_generators
