[0.521s] Invoking command in '/workspace/jazzy_ws/src/osrf_pycommon': PYTHONPATH=/workspace/jazzy_ws/build/osrf_pycommon/prefix_override:/usr/lib/python3/dist-packages/colcon_core/task/python/colcon_distutils_commands:/workspace/jazzy_ws/install/lib/python3.12/site-packages: /usr/bin/python3 -W ignore:setup.py install is deprecated -W ignore:easy_install command is deprecated setup.py egg_info --egg-base ../../build/osrf_pycommon build --build-base /workspace/jazzy_ws/build/osrf_pycommon/build install --record /workspace/jazzy_ws/build/osrf_pycommon/install.log --single-version-externally-managed install_data
[0.592s] /usr/local/lib/python3.12/dist-packages/setuptools/_distutils/dist.py:287: UserWarning: Unknown distribution option: 'test_suite'
[0.592s]   warnings.warn(msg)
[0.614s] running egg_info
[0.617s] creating ../../build/osrf_pycommon/osrf_pycommon.egg-info
[0.617s] writing ../../build/osrf_pycommon/osrf_pycommon.egg-info/PKG-INFO
[0.617s] writing dependency_links to ../../build/osrf_pycommon/osrf_pycommon.egg-info/dependency_links.txt
[0.617s] writing requirements to ../../build/osrf_pycommon/osrf_pycommon.egg-info/requires.txt
[0.617s] writing top-level names to ../../build/osrf_pycommon/osrf_pycommon.egg-info/top_level.txt
[0.618s] writing manifest file '../../build/osrf_pycommon/osrf_pycommon.egg-info/SOURCES.txt'
[0.627s] reading manifest file '../../build/osrf_pycommon/osrf_pycommon.egg-info/SOURCES.txt'
[0.627s] reading manifest template 'MANIFEST.in'
[0.627s] adding license file 'LICENSE'
[0.628s] writing manifest file '../../build/osrf_pycommon/osrf_pycommon.egg-info/SOURCES.txt'
[0.628s] running build
[0.628s] running build_py
[0.628s] creating /workspace/jazzy_ws/build/osrf_pycommon/build/lib/osrf_pycommon
[0.628s] copying osrf_pycommon/terminal_utils.py -> /workspace/jazzy_ws/build/osrf_pycommon/build/lib/osrf_pycommon
[0.628s] copying osrf_pycommon/__init__.py -> /workspace/jazzy_ws/build/osrf_pycommon/build/lib/osrf_pycommon
[0.628s] creating /workspace/jazzy_ws/build/osrf_pycommon/build/lib/osrf_pycommon/terminal_color
[0.629s] copying osrf_pycommon/terminal_color/ansi_re.py -> /workspace/jazzy_ws/build/osrf_pycommon/build/lib/osrf_pycommon/terminal_color
[0.629s] copying osrf_pycommon/terminal_color/__init__.py -> /workspace/jazzy_ws/build/osrf_pycommon/build/lib/osrf_pycommon/terminal_color
[0.629s] copying osrf_pycommon/terminal_color/impl.py -> /workspace/jazzy_ws/build/osrf_pycommon/build/lib/osrf_pycommon/terminal_color
[0.629s] copying osrf_pycommon/terminal_color/windows.py -> /workspace/jazzy_ws/build/osrf_pycommon/build/lib/osrf_pycommon/terminal_color
[0.629s] creating /workspace/jazzy_ws/build/osrf_pycommon/build/lib/osrf_pycommon/cli_utils
[0.629s] copying osrf_pycommon/cli_utils/__init__.py -> /workspace/jazzy_ws/build/osrf_pycommon/build/lib/osrf_pycommon/cli_utils
[0.629s] copying osrf_pycommon/cli_utils/verb_pattern.py -> /workspace/jazzy_ws/build/osrf_pycommon/build/lib/osrf_pycommon/cli_utils
[0.629s] copying osrf_pycommon/cli_utils/common.py -> /workspace/jazzy_ws/build/osrf_pycommon/build/lib/osrf_pycommon/cli_utils
[0.629s] creating /workspace/jazzy_ws/build/osrf_pycommon/build/lib/osrf_pycommon/process_utils
[0.629s] copying osrf_pycommon/process_utils/async_execute_process.py -> /workspace/jazzy_ws/build/osrf_pycommon/build/lib/osrf_pycommon/process_utils
[0.629s] copying osrf_pycommon/process_utils/__init__.py -> /workspace/jazzy_ws/build/osrf_pycommon/build/lib/osrf_pycommon/process_utils
[0.629s] copying osrf_pycommon/process_utils/impl.py -> /workspace/jazzy_ws/build/osrf_pycommon/build/lib/osrf_pycommon/process_utils
[0.629s] copying osrf_pycommon/process_utils/execute_process_nopty.py -> /workspace/jazzy_ws/build/osrf_pycommon/build/lib/osrf_pycommon/process_utils
[0.630s] copying osrf_pycommon/process_utils/get_loop_impl.py -> /workspace/jazzy_ws/build/osrf_pycommon/build/lib/osrf_pycommon/process_utils
[0.630s] copying osrf_pycommon/process_utils/execute_process_pty.py -> /workspace/jazzy_ws/build/osrf_pycommon/build/lib/osrf_pycommon/process_utils
[0.630s] creating /workspace/jazzy_ws/build/osrf_pycommon/build/lib/osrf_pycommon/process_utils/async_execute_process_asyncio
[0.630s] copying osrf_pycommon/process_utils/async_execute_process_asyncio/__init__.py -> /workspace/jazzy_ws/build/osrf_pycommon/build/lib/osrf_pycommon/process_utils/async_execute_process_asyncio
[0.630s] copying osrf_pycommon/process_utils/async_execute_process_asyncio/impl.py -> /workspace/jazzy_ws/build/osrf_pycommon/build/lib/osrf_pycommon/process_utils/async_execute_process_asyncio
[0.630s] running install
[0.631s] running install_lib
[0.634s] creating /workspace/jazzy_ws/install/lib/python3.12/site-packages/osrf_pycommon
[0.634s] copying /workspace/jazzy_ws/build/osrf_pycommon/build/lib/osrf_pycommon/terminal_utils.py -> /workspace/jazzy_ws/install/lib/python3.12/site-packages/osrf_pycommon
[0.634s] creating /workspace/jazzy_ws/install/lib/python3.12/site-packages/osrf_pycommon/terminal_color
[0.634s] copying /workspace/jazzy_ws/build/osrf_pycommon/build/lib/osrf_pycommon/terminal_color/ansi_re.py -> /workspace/jazzy_ws/install/lib/python3.12/site-packages/osrf_pycommon/terminal_color
[0.634s] copying /workspace/jazzy_ws/build/osrf_pycommon/build/lib/osrf_pycommon/terminal_color/__init__.py -> /workspace/jazzy_ws/install/lib/python3.12/site-packages/osrf_pycommon/terminal_color
[0.635s] copying /workspace/jazzy_ws/build/osrf_pycommon/build/lib/osrf_pycommon/terminal_color/impl.py -> /workspace/jazzy_ws/install/lib/python3.12/site-packages/osrf_pycommon/terminal_color
[0.635s] copying /workspace/jazzy_ws/build/osrf_pycommon/build/lib/osrf_pycommon/terminal_color/windows.py -> /workspace/jazzy_ws/install/lib/python3.12/site-packages/osrf_pycommon/terminal_color
[0.635s] copying /workspace/jazzy_ws/build/osrf_pycommon/build/lib/osrf_pycommon/__init__.py -> /workspace/jazzy_ws/install/lib/python3.12/site-packages/osrf_pycommon
[0.635s] creating /workspace/jazzy_ws/install/lib/python3.12/site-packages/osrf_pycommon/cli_utils
[0.635s] copying /workspace/jazzy_ws/build/osrf_pycommon/build/lib/osrf_pycommon/cli_utils/__init__.py -> /workspace/jazzy_ws/install/lib/python3.12/site-packages/osrf_pycommon/cli_utils
[0.635s] copying /workspace/jazzy_ws/build/osrf_pycommon/build/lib/osrf_pycommon/cli_utils/verb_pattern.py -> /workspace/jazzy_ws/install/lib/python3.12/site-packages/osrf_pycommon/cli_utils
[0.635s] copying /workspace/jazzy_ws/build/osrf_pycommon/build/lib/osrf_pycommon/cli_utils/common.py -> /workspace/jazzy_ws/install/lib/python3.12/site-packages/osrf_pycommon/cli_utils
[0.635s] creating /workspace/jazzy_ws/install/lib/python3.12/site-packages/osrf_pycommon/process_utils
[0.635s] copying /workspace/jazzy_ws/build/osrf_pycommon/build/lib/osrf_pycommon/process_utils/async_execute_process.py -> /workspace/jazzy_ws/install/lib/python3.12/site-packages/osrf_pycommon/process_utils
[0.635s] creating /workspace/jazzy_ws/install/lib/python3.12/site-packages/osrf_pycommon/process_utils/async_execute_process_asyncio
[0.635s] copying /workspace/jazzy_ws/build/osrf_pycommon/build/lib/osrf_pycommon/process_utils/async_execute_process_asyncio/__init__.py -> /workspace/jazzy_ws/install/lib/python3.12/site-packages/osrf_pycommon/process_utils/async_execute_process_asyncio
[0.635s] copying /workspace/jazzy_ws/build/osrf_pycommon/build/lib/osrf_pycommon/process_utils/async_execute_process_asyncio/impl.py -> /workspace/jazzy_ws/install/lib/python3.12/site-packages/osrf_pycommon/process_utils/async_execute_process_asyncio
[0.635s] copying /workspace/jazzy_ws/build/osrf_pycommon/build/lib/osrf_pycommon/process_utils/__init__.py -> /workspace/jazzy_ws/install/lib/python3.12/site-packages/osrf_pycommon/process_utils
[0.635s] copying /workspace/jazzy_ws/build/osrf_pycommon/build/lib/osrf_pycommon/process_utils/impl.py -> /workspace/jazzy_ws/install/lib/python3.12/site-packages/osrf_pycommon/process_utils
[0.635s] copying /workspace/jazzy_ws/build/osrf_pycommon/build/lib/osrf_pycommon/process_utils/execute_process_nopty.py -> /workspace/jazzy_ws/install/lib/python3.12/site-packages/osrf_pycommon/process_utils
[0.635s] copying /workspace/jazzy_ws/build/osrf_pycommon/build/lib/osrf_pycommon/process_utils/get_loop_impl.py -> /workspace/jazzy_ws/install/lib/python3.12/site-packages/osrf_pycommon/process_utils
[0.635s] copying /workspace/jazzy_ws/build/osrf_pycommon/build/lib/osrf_pycommon/process_utils/execute_process_pty.py -> /workspace/jazzy_ws/install/lib/python3.12/site-packages/osrf_pycommon/process_utils
[0.636s] byte-compiling /workspace/jazzy_ws/install/lib/python3.12/site-packages/osrf_pycommon/terminal_utils.py to terminal_utils.cpython-312.pyc
[0.637s] byte-compiling /workspace/jazzy_ws/install/lib/python3.12/site-packages/osrf_pycommon/terminal_color/ansi_re.py to ansi_re.cpython-312.pyc
[0.637s] byte-compiling /workspace/jazzy_ws/install/lib/python3.12/site-packages/osrf_pycommon/terminal_color/__init__.py to __init__.cpython-312.pyc
[0.637s] byte-compiling /workspace/jazzy_ws/install/lib/python3.12/site-packages/osrf_pycommon/terminal_color/impl.py to impl.cpython-312.pyc
[0.637s] byte-compiling /workspace/jazzy_ws/install/lib/python3.12/site-packages/osrf_pycommon/terminal_color/windows.py to windows.cpython-312.pyc
[0.638s] byte-compiling /workspace/jazzy_ws/install/lib/python3.12/site-packages/osrf_pycommon/__init__.py to __init__.cpython-312.pyc
[0.638s] byte-compiling /workspace/jazzy_ws/install/lib/python3.12/site-packages/osrf_pycommon/cli_utils/__init__.py to __init__.cpython-312.pyc
[0.638s] byte-compiling /workspace/jazzy_ws/install/lib/python3.12/site-packages/osrf_pycommon/cli_utils/verb_pattern.py to verb_pattern.cpython-312.pyc
[0.638s] byte-compiling /workspace/jazzy_ws/install/lib/python3.12/site-packages/osrf_pycommon/cli_utils/common.py to common.cpython-312.pyc
[0.639s] byte-compiling /workspace/jazzy_ws/install/lib/python3.12/site-packages/osrf_pycommon/process_utils/async_execute_process.py to async_execute_process.cpython-312.pyc
[0.639s] byte-compiling /workspace/jazzy_ws/install/lib/python3.12/site-packages/osrf_pycommon/process_utils/async_execute_process_asyncio/__init__.py to __init__.cpython-312.pyc
[0.639s] byte-compiling /workspace/jazzy_ws/install/lib/python3.12/site-packages/osrf_pycommon/process_utils/async_execute_process_asyncio/impl.py to impl.cpython-312.pyc
[0.640s] byte-compiling /workspace/jazzy_ws/install/lib/python3.12/site-packages/osrf_pycommon/process_utils/__init__.py to __init__.cpython-312.pyc
[0.640s] byte-compiling /workspace/jazzy_ws/install/lib/python3.12/site-packages/osrf_pycommon/process_utils/impl.py to impl.cpython-312.pyc
[0.640s] byte-compiling /workspace/jazzy_ws/install/lib/python3.12/site-packages/osrf_pycommon/process_utils/execute_process_nopty.py to execute_process_nopty.cpython-312.pyc
[0.641s] byte-compiling /workspace/jazzy_ws/install/lib/python3.12/site-packages/osrf_pycommon/process_utils/get_loop_impl.py to get_loop_impl.cpython-312.pyc
[0.641s] byte-compiling /workspace/jazzy_ws/install/lib/python3.12/site-packages/osrf_pycommon/process_utils/execute_process_pty.py to execute_process_pty.cpython-312.pyc
[0.641s] running install_data
[0.641s] copying package.xml -> /workspace/jazzy_ws/install/share/osrf_pycommon
[0.641s] copying resource/osrf_pycommon -> /workspace/jazzy_ws/install/share/ament_index/resource_index/packages
[0.641s] running install_egg_info
[0.645s] Copying ../../build/osrf_pycommon/osrf_pycommon.egg-info to /workspace/jazzy_ws/install/lib/python3.12/site-packages/osrf_pycommon-2.1.7-py3.12.egg-info
[0.646s] running install_scripts
[0.655s] writing list of installed files to '/workspace/jazzy_ws/build/osrf_pycommon/install.log'
[0.723s] Invoked command in '/workspace/jazzy_ws/src/osrf_pycommon' returned '0': PYTHONPATH=/workspace/jazzy_ws/build/osrf_pycommon/prefix_override:/usr/lib/python3/dist-packages/colcon_core/task/python/colcon_distutils_commands:/workspace/jazzy_ws/install/lib/python3.12/site-packages: /usr/bin/python3 -W ignore:setup.py install is deprecated -W ignore:easy_install command is deprecated setup.py egg_info --egg-base ../../build/osrf_pycommon build --build-base /workspace/jazzy_ws/build/osrf_pycommon/build install --record /workspace/jazzy_ws/build/osrf_pycommon/install.log --single-version-externally-managed install_data
