[0.211s] Invoking command in '/workspace/jazzy_ws/build/rosidl_runtime_c': AMENT_PREFIX_PATH=/workspace/jazzy_ws/install CMAKE_PREFIX_PATH=/workspace/jazzy_ws/install LD_LIBRARY_PATH=/workspace/jazzy_ws/install/lib:/workspace/jazzy_ws/install/opt/mimick_vendor/lib PATH=/workspace/jazzy_ws/install/bin:/workspace/jazzy_ws/install/opt/uncrustify_vendor/bin:${PATH} PKG_CONFIG_PATH=/workspace/jazzy_ws/install/lib/x86_64-linux-gnu/pkgconfig:/workspace/jazzy_ws/install/lib/pkgconfig PYTHONPATH=/workspace/jazzy_ws/install/lib/python3.12/site-packages /usr/bin/cmake /workspace/jazzy_ws/src/rosidl/rosidl_runtime_c -DCMAKE_INSTALL_PREFIX=/workspace/jazzy_ws/install
[0.294s] -- The C compiler identification is GNU 13.3.0
[0.325s] -- Detecting C compiler ABI info
[0.451s] -- Detecting C compiler ABI info - done
[0.467s] -- Check for working C compiler: /usr/bin/cc - skipped
[0.467s] -- Detecting C compile features
[0.468s] -- Detecting C compile features - done
[0.469s] -- Found ament_cmake_ros: 0.12.0 (/workspace/jazzy_ws/install/share/ament_cmake_ros/cmake)
[0.664s] -- Found Python3: /usr/bin/python3 (found version "3.12.3") found components: Interpreter 
[0.781s] -- Found rcutils: 6.7.5 (/workspace/jazzy_ws/install/share/rcutils/cmake)
[0.787s] -- Found rosidl_typesupport_interface: 4.6.7 (/workspace/jazzy_ws/install/share/rosidl_typesupport_interface/cmake)
[0.791s] -- Found ament_lint_auto: 0.17.4 (/workspace/jazzy_ws/install/share/ament_lint_auto/cmake)
[0.792s] -- Found performance_test_fixture: 0.2.1 (/workspace/jazzy_ws/install/share/performance_test_fixture/cmake)
[1.137s] -- The CXX compiler identification is GNU 13.3.0
[1.156s] -- Detecting CXX compiler ABI info
[1.301s] -- Detecting CXX compiler ABI info - done
[1.311s] -- Check for working CXX compiler: /usr/bin/c++ - skipped
[1.312s] -- Detecting CXX compile features
[1.312s] -- Detecting CXX compile features - done
[1.314s] -- Found gtest sources under '/workspace/jazzy_ws/install/src/gtest_vendor': C++ tests using 'Google Test' will be built
[1.316s] -- Found Threads: TRUE  
[1.327s] -- Performance tests are disabled by default, so Google Benchmark tests will be skipped. To enable these tests, set the CMake variable 'AMENT_RUN_PERFORMANCE_TESTS'.
[1.332s] -- Added test 'copyright' to check source files copyright and LICENSE
[1.337s] -- Added test 'cppcheck' to perform static code analysis on C / C++ code
[1.337s] -- Configured cppcheck include dirs: /workspace/jazzy_ws/install/include;$<BUILD_INTERFACE:/workspace/jazzy_ws/src/rosidl/rosidl_runtime_c/include>
[1.339s] -- Configured cppcheck exclude dirs and/or files: /workspace/jazzy_ws/src/rosidl/rosidl_runtime_c/include/rosidl_runtime_c/type_description/field__functions.h;/workspace/jazzy_ws/src/rosidl/rosidl_runtime_c/include/rosidl_runtime_c/type_description/field__struct.h;/workspace/jazzy_ws/src/rosidl/rosidl_runtime_c/include/rosidl_runtime_c/type_description/field_type__functions.h;/workspace/jazzy_ws/src/rosidl/rosidl_runtime_c/include/rosidl_runtime_c/type_description/field_type__struct.h;/workspace/jazzy_ws/src/rosidl/rosidl_runtime_c/include/rosidl_runtime_c/type_description/individual_type_description__functions.h;/workspace/jazzy_ws/src/rosidl/rosidl_runtime_c/include/rosidl_runtime_c/type_description/individual_type_description__struct.h;/workspace/jazzy_ws/src/rosidl/rosidl_runtime_c/include/rosidl_runtime_c/type_description/key_value__functions.h;/workspace/jazzy_ws/src/rosidl/rosidl_runtime_c/include/rosidl_runtime_c/type_description/key_value__struct.h;/workspace/jazzy_ws/src/rosidl/rosidl_runtime_c/include/rosidl_runtime_c/type_description/type_description__functions.h;/workspace/jazzy_ws/src/rosidl/rosidl_runtime_c/include/rosidl_runtime_c/type_description/type_description__struct.h;/workspace/jazzy_ws/src/rosidl/rosidl_runtime_c/include/rosidl_runtime_c/type_description/type_source__functions.h;/workspace/jazzy_ws/src/rosidl/rosidl_runtime_c/include/rosidl_runtime_c/type_description/type_source__struct.h;/workspace/jazzy_ws/src/rosidl/rosidl_runtime_c/src/type_description/field__description.c;/workspace/jazzy_ws/src/rosidl/rosidl_runtime_c/src/type_description/field__functions.c;/workspace/jazzy_ws/src/rosidl/rosidl_runtime_c/src/type_description/field_type__description.c;/workspace/jazzy_ws/src/rosidl/rosidl_runtime_c/src/type_description/field_type__functions.c;/workspace/jazzy_ws/src/rosidl/rosidl_runtime_c/src/type_description/individual_type_description__description.c;/workspace/jazzy_ws/src/rosidl/rosidl_runtime_c/src/type_description/individual_type_description__functions.c;/workspace/jazzy_ws/src/rosidl/rosidl_runtime_c/src/type_description/key_value__description.c;/workspace/jazzy_ws/src/rosidl/rosidl_runtime_c/src/type_description/key_value__functions.c;/workspace/jazzy_ws/src/rosidl/rosidl_runtime_c/src/type_description/type_description__description.c;/workspace/jazzy_ws/src/rosidl/rosidl_runtime_c/src/type_description/type_description__functions.c;/workspace/jazzy_ws/src/rosidl/rosidl_runtime_c/src/type_description/type_source__description.c;/workspace/jazzy_ws/src/rosidl/rosidl_runtime_c/src/type_description/type_source__functions.c
[1.341s] -- Added test 'cpplint' to check C / C++ code against the Google style
[1.342s] -- Configured cpplint exclude dirs and/or files: /workspace/jazzy_ws/src/rosidl/rosidl_runtime_c/include/rosidl_runtime_c/type_description/field__functions.h;/workspace/jazzy_ws/src/rosidl/rosidl_runtime_c/include/rosidl_runtime_c/type_description/field__struct.h;/workspace/jazzy_ws/src/rosidl/rosidl_runtime_c/include/rosidl_runtime_c/type_description/field_type__functions.h;/workspace/jazzy_ws/src/rosidl/rosidl_runtime_c/include/rosidl_runtime_c/type_description/field_type__struct.h;/workspace/jazzy_ws/src/rosidl/rosidl_runtime_c/include/rosidl_runtime_c/type_description/individual_type_description__functions.h;/workspace/jazzy_ws/src/rosidl/rosidl_runtime_c/include/rosidl_runtime_c/type_description/individual_type_description__struct.h;/workspace/jazzy_ws/src/rosidl/rosidl_runtime_c/include/rosidl_runtime_c/type_description/key_value__functions.h;/workspace/jazzy_ws/src/rosidl/rosidl_runtime_c/include/rosidl_runtime_c/type_description/key_value__struct.h;/workspace/jazzy_ws/src/rosidl/rosidl_runtime_c/include/rosidl_runtime_c/type_description/type_description__functions.h;/workspace/jazzy_ws/src/rosidl/rosidl_runtime_c/include/rosidl_runtime_c/type_description/type_description__struct.h;/workspace/jazzy_ws/src/rosidl/rosidl_runtime_c/include/rosidl_runtime_c/type_description/type_source__functions.h;/workspace/jazzy_ws/src/rosidl/rosidl_runtime_c/include/rosidl_runtime_c/type_description/type_source__struct.h;/workspace/jazzy_ws/src/rosidl/rosidl_runtime_c/src/type_description/field__description.c;/workspace/jazzy_ws/src/rosidl/rosidl_runtime_c/src/type_description/field__functions.c;/workspace/jazzy_ws/src/rosidl/rosidl_runtime_c/src/type_description/field_type__description.c;/workspace/jazzy_ws/src/rosidl/rosidl_runtime_c/src/type_description/field_type__functions.c;/workspace/jazzy_ws/src/rosidl/rosidl_runtime_c/src/type_description/individual_type_description__description.c;/workspace/jazzy_ws/src/rosidl/rosidl_runtime_c/src/type_description/individual_type_description__functions.c;/workspace/jazzy_ws/src/rosidl/rosidl_runtime_c/src/type_description/key_value__description.c;/workspace/jazzy_ws/src/rosidl/rosidl_runtime_c/src/type_description/key_value__functions.c;/workspace/jazzy_ws/src/rosidl/rosidl_runtime_c/src/type_description/type_description__description.c;/workspace/jazzy_ws/src/rosidl/rosidl_runtime_c/src/type_description/type_description__functions.c;/workspace/jazzy_ws/src/rosidl/rosidl_runtime_c/src/type_description/type_source__description.c;/workspace/jazzy_ws/src/rosidl/rosidl_runtime_c/src/type_description/type_source__functions.c
[1.344s] -- Added test 'lint_cmake' to check CMake code style
[1.348s] -- Added test 'uncrustify' to check C / C++ code style
[1.348s] -- Configured uncrustify additional arguments: 
[1.349s] -- Added test 'xmllint' to check XML markup files
[1.351s] -- Configuring done (1.1s)
[1.367s] -- Generating done (0.0s)
[1.373s] -- Build files have been written to: /workspace/jazzy_ws/build/rosidl_runtime_c
[1.384s] Invoked command in '/workspace/jazzy_ws/build/rosidl_runtime_c' returned '0': AMENT_PREFIX_PATH=/workspace/jazzy_ws/install CMAKE_PREFIX_PATH=/workspace/jazzy_ws/install LD_LIBRARY_PATH=/workspace/jazzy_ws/install/lib:/workspace/jazzy_ws/install/opt/mimick_vendor/lib PATH=/workspace/jazzy_ws/install/bin:/workspace/jazzy_ws/install/opt/uncrustify_vendor/bin:${PATH} PKG_CONFIG_PATH=/workspace/jazzy_ws/install/lib/x86_64-linux-gnu/pkgconfig:/workspace/jazzy_ws/install/lib/pkgconfig PYTHONPATH=/workspace/jazzy_ws/install/lib/python3.12/site-packages /usr/bin/cmake /workspace/jazzy_ws/src/rosidl/rosidl_runtime_c -DCMAKE_INSTALL_PREFIX=/workspace/jazzy_ws/install
[1.384s] Invoking command in '/workspace/jazzy_ws/build/rosidl_runtime_c': AMENT_PREFIX_PATH=/workspace/jazzy_ws/install CMAKE_PREFIX_PATH=/workspace/jazzy_ws/install LD_LIBRARY_PATH=/workspace/jazzy_ws/install/lib:/workspace/jazzy_ws/install/opt/mimick_vendor/lib PATH=/workspace/jazzy_ws/install/bin:/workspace/jazzy_ws/install/opt/uncrustify_vendor/bin:${PATH} PKG_CONFIG_PATH=/workspace/jazzy_ws/install/lib/x86_64-linux-gnu/pkgconfig:/workspace/jazzy_ws/install/lib/pkgconfig PYTHONPATH=/workspace/jazzy_ws/install/lib/python3.12/site-packages /usr/bin/cmake --build /workspace/jazzy_ws/build/rosidl_runtime_c -- -j24 -l24
[1.466s] [  2%] Building CXX object gtest/CMakeFiles/gtest_main.dir/src/gtest_main.cc.o
[1.473s] [  4%] Building C object CMakeFiles/rosidl_runtime_c.dir/src/message_type_support.c.o
[1.476s] [  6%] Building CXX object gtest/CMakeFiles/gtest.dir/src/gtest-all.cc.o
[1.484s] [  9%] Building C object CMakeFiles/rosidl_runtime_c.dir/src/primitives_sequence_functions.c.o
[1.484s] [ 11%] Building C object CMakeFiles/rosidl_runtime_c.dir/src/sequence_bound.c.o
[1.484s] [ 13%] Building C object CMakeFiles/rosidl_runtime_c.dir/src/service_type_support.c.o
[1.492s] [ 18%] Building C object CMakeFiles/rosidl_runtime_c.dir/src/type_hash.c.o
[1.495s] [ 20%] Building C object CMakeFiles/rosidl_runtime_c.dir/src/u16string_functions.c.o
[1.495s] [ 18%] Building C object CMakeFiles/rosidl_runtime_c.dir/src/string_functions.c.o
[1.497s] [ 23%] Building C object CMakeFiles/rosidl_runtime_c.dir/src/type_description_utils.c.o
[1.518s] [ 25%] Building C object CMakeFiles/rosidl_runtime_c.dir/src/type_description/field__functions.c.o
[1.518s] [ 27%] Building C object CMakeFiles/rosidl_runtime_c.dir/src/type_description/individual_type_description__functions.c.o
[1.518s] [ 30%] Building C object CMakeFiles/rosidl_runtime_c.dir/src/type_description/key_value__description.c.o
[1.518s] [ 34%] Building C object CMakeFiles/rosidl_runtime_c.dir/src/type_description/key_value__functions.c.o
[1.518s] [ 34%] Building C object CMakeFiles/rosidl_runtime_c.dir/src/type_description/field_type__functions.c.o
[1.518s] [ 37%] Building C object CMakeFiles/rosidl_runtime_c.dir/src/type_description/individual_type_description__description.c.o
[1.519s] [ 39%] Building C object CMakeFiles/rosidl_runtime_c.dir/src/type_description/field__description.c.o
[1.521s] [ 41%] Building C object CMakeFiles/rosidl_runtime_c.dir/src/type_description/field_type__description.c.o
[1.526s] [ 44%] Building C object CMakeFiles/rosidl_runtime_c.dir/src/type_description/type_description__description.c.o
[1.526s] [ 46%] Building C object CMakeFiles/rosidl_runtime_c.dir/src/type_description/type_description__functions.c.o
[1.527s] [ 48%] Building C object CMakeFiles/rosidl_runtime_c.dir/src/type_description/type_source__description.c.o
[1.545s] [ 51%] Building C object CMakeFiles/rosidl_runtime_c.dir/src/type_description/type_source__functions.c.o
[1.736s] [ 53%] Linking C shared library librosidl_runtime_c.so
[1.832s] [ 53%] Built target rosidl_runtime_c
[1.836s] [ 55%] Building CXX object CMakeFiles/benchmark_string_conversion.dir/test/benchmark/benchmark_string_conversion.cpp.o
[2.617s] [ 58%] Linking CXX static library libgtest_main.a
[2.623s] [ 60%] Linking CXX executable benchmark_string_conversion
[2.667s] [ 60%] Built target gtest_main
[2.709s] [ 60%] Built target benchmark_string_conversion
[6.060s] [ 62%] Linking CXX static library libgtest.a
[6.168s] [ 62%] Built target gtest
[6.208s] [ 65%] Building CXX object CMakeFiles/test_sequence_bound.dir/test/test_sequence_bound.cpp.o
[6.212s] [ 67%] Building CXX object CMakeFiles/test_message_type_support.dir/test/test_message_type_support.cpp.o
[6.215s] [ 69%] Building CXX object CMakeFiles/test_service_type_support.dir/test/test_service_type_support.cpp.o
[6.215s] [ 72%] Building CXX object CMakeFiles/test_type_hash.dir/test/test_type_hash.cpp.o
[6.218s] [ 74%] Building CXX object CMakeFiles/test_primitives_sequence_functions.dir/test/test_primitives_sequence_functions.cpp.o
[6.223s] [ 76%] Building CXX object CMakeFiles/test_string_functions.dir/test/test_string_functions.cpp.o
[6.227s] [ 79%] Building CXX object CMakeFiles/test_type_description_utils.dir/test/test_type_description_utils.cpp.o
[6.241s] [ 81%] Building CXX object CMakeFiles/test_u16string_functions.dir/test/test_u16string_functions.cpp.o
[7.156s] [ 83%] Linking CXX executable test_message_type_support
[7.424s] [ 83%] Built target test_message_type_support
[7.445s] [ 86%] Linking CXX executable test_type_hash
[7.448s] [ 88%] Linking CXX executable test_u16string_functions
[7.651s] [ 88%] Built target test_type_hash
[7.658s] [ 88%] Built target test_u16string_functions
[7.687s] [ 90%] Linking CXX executable test_type_description_utils
[7.797s] [ 90%] Built target test_type_description_utils
[7.858s] [ 93%] Linking CXX executable test_sequence_bound
[7.951s] [ 93%] Built target test_sequence_bound
[8.342s] [ 95%] Linking CXX executable test_primitives_sequence_functions
[8.407s] [ 97%] Linking CXX executable test_service_type_support
[8.537s] [ 97%] Built target test_primitives_sequence_functions
[8.544s] [100%] Linking CXX executable test_string_functions
[8.619s] [100%] Built target test_service_type_support
[8.665s] [100%] Built target test_string_functions
[8.674s] Invoked command in '/workspace/jazzy_ws/build/rosidl_runtime_c' returned '0': AMENT_PREFIX_PATH=/workspace/jazzy_ws/install CMAKE_PREFIX_PATH=/workspace/jazzy_ws/install LD_LIBRARY_PATH=/workspace/jazzy_ws/install/lib:/workspace/jazzy_ws/install/opt/mimick_vendor/lib PATH=/workspace/jazzy_ws/install/bin:/workspace/jazzy_ws/install/opt/uncrustify_vendor/bin:${PATH} PKG_CONFIG_PATH=/workspace/jazzy_ws/install/lib/x86_64-linux-gnu/pkgconfig:/workspace/jazzy_ws/install/lib/pkgconfig PYTHONPATH=/workspace/jazzy_ws/install/lib/python3.12/site-packages /usr/bin/cmake --build /workspace/jazzy_ws/build/rosidl_runtime_c -- -j24 -l24
[8.674s] Invoking command in '/workspace/jazzy_ws/build/rosidl_runtime_c': AMENT_PREFIX_PATH=/workspace/jazzy_ws/install CMAKE_PREFIX_PATH=/workspace/jazzy_ws/install LD_LIBRARY_PATH=/workspace/jazzy_ws/install/lib:/workspace/jazzy_ws/install/opt/mimick_vendor/lib PATH=/workspace/jazzy_ws/install/bin:/workspace/jazzy_ws/install/opt/uncrustify_vendor/bin:${PATH} PKG_CONFIG_PATH=/workspace/jazzy_ws/install/lib/x86_64-linux-gnu/pkgconfig:/workspace/jazzy_ws/install/lib/pkgconfig PYTHONPATH=/workspace/jazzy_ws/install/lib/python3.12/site-packages /usr/bin/cmake --install /workspace/jazzy_ws/build/rosidl_runtime_c
[8.680s] -- Install configuration: ""
[8.680s] -- Installing: /workspace/jazzy_ws/install/share/rosidl_runtime_c/environment/library_path.sh
[8.680s] -- Installing: /workspace/jazzy_ws/install/share/rosidl_runtime_c/environment/library_path.dsv
[8.681s] -- Installing: /workspace/jazzy_ws/install/share/ament_index/resource_index/rosidl_runtime_packages/rosidl_runtime_c
[8.681s] -- Installing: /workspace/jazzy_ws/install/include/rosidl_runtime_c
[8.682s] -- Installing: /workspace/jazzy_ws/install/include/rosidl_runtime_c/rosidl_runtime_c
[8.682s] -- Installing: /workspace/jazzy_ws/install/include/rosidl_runtime_c/rosidl_runtime_c/type_description
[8.682s] -- Installing: /workspace/jazzy_ws/install/include/rosidl_runtime_c/rosidl_runtime_c/type_description/type_description__functions.h
[8.682s] -- Installing: /workspace/jazzy_ws/install/include/rosidl_runtime_c/rosidl_runtime_c/type_description/type_description__struct.h
[8.682s] -- Installing: /workspace/jazzy_ws/install/include/rosidl_runtime_c/rosidl_runtime_c/type_description/individual_type_description__struct.h
[8.682s] -- Installing: /workspace/jazzy_ws/install/include/rosidl_runtime_c/rosidl_runtime_c/type_description/field__struct.h
[8.683s] -- Installing: /workspace/jazzy_ws/install/include/rosidl_runtime_c/rosidl_runtime_c/type_description/key_value__functions.h
[8.683s] -- Installing: /workspace/jazzy_ws/install/include/rosidl_runtime_c/rosidl_runtime_c/type_description/field_type__struct.h
[8.683s] -- Installing: /workspace/jazzy_ws/install/include/rosidl_runtime_c/rosidl_runtime_c/type_description/individual_type_description__functions.h
[8.683s] -- Installing: /workspace/jazzy_ws/install/include/rosidl_runtime_c/rosidl_runtime_c/type_description/type_source__functions.h
[8.683s] -- Installing: /workspace/jazzy_ws/install/include/rosidl_runtime_c/rosidl_runtime_c/type_description/field_type__functions.h
[8.685s] -- Installing: /workspace/jazzy_ws/install/include/rosidl_runtime_c/rosidl_runtime_c/type_description/key_value__struct.h
[8.685s] -- Installing: /workspace/jazzy_ws/install/include/rosidl_runtime_c/rosidl_runtime_c/type_description/type_source__struct.h
[8.685s] -- Installing: /workspace/jazzy_ws/install/include/rosidl_runtime_c/rosidl_runtime_c/type_description/field__functions.h
[8.685s] -- Installing: /workspace/jazzy_ws/install/include/rosidl_runtime_c/rosidl_runtime_c/string.h
[8.685s] -- Installing: /workspace/jazzy_ws/install/include/rosidl_runtime_c/rosidl_runtime_c/visibility_control.h
[8.685s] -- Installing: /workspace/jazzy_ws/install/include/rosidl_runtime_c/rosidl_runtime_c/message_initialization.h
[8.685s] -- Installing: /workspace/jazzy_ws/install/include/rosidl_runtime_c/rosidl_runtime_c/string_bound.h
[8.685s] -- Installing: /workspace/jazzy_ws/install/include/rosidl_runtime_c/rosidl_runtime_c/primitives_sequence_functions.h
[8.685s] -- Installing: /workspace/jazzy_ws/install/include/rosidl_runtime_c/rosidl_runtime_c/message_type_support_struct.h
[8.685s] -- Installing: /workspace/jazzy_ws/install/include/rosidl_runtime_c/rosidl_runtime_c/string_functions.h
[8.685s] -- Installing: /workspace/jazzy_ws/install/include/rosidl_runtime_c/rosidl_runtime_c/service_type_support_struct.h
[8.685s] -- Installing: /workspace/jazzy_ws/install/include/rosidl_runtime_c/rosidl_runtime_c/type_description_utils.h
[8.685s] -- Installing: /workspace/jazzy_ws/install/include/rosidl_runtime_c/rosidl_runtime_c/type_hash.h
[8.685s] -- Installing: /workspace/jazzy_ws/install/include/rosidl_runtime_c/rosidl_runtime_c/primitives_sequence.h
[8.685s] -- Installing: /workspace/jazzy_ws/install/include/rosidl_runtime_c/rosidl_runtime_c/action_type_support_struct.h
[8.686s] -- Installing: /workspace/jazzy_ws/install/include/rosidl_runtime_c/rosidl_runtime_c/u16string.h
[8.686s] -- Installing: /workspace/jazzy_ws/install/include/rosidl_runtime_c/rosidl_runtime_c/sequence_bound.h
[8.686s] -- Installing: /workspace/jazzy_ws/install/include/rosidl_runtime_c/rosidl_runtime_c/u16string_functions.h
[8.686s] -- Installing: /workspace/jazzy_ws/install/lib/librosidl_runtime_c.so
[8.686s] -- Set non-toolchain portion of runtime path of "/workspace/jazzy_ws/install/lib/librosidl_runtime_c.so" to ""
[8.686s] -- Installing: /workspace/jazzy_ws/install/share/ament_index/resource_index/package_run_dependencies/rosidl_runtime_c
[8.686s] -- Installing: /workspace/jazzy_ws/install/share/ament_index/resource_index/parent_prefix_path/rosidl_runtime_c
[8.686s] -- Installing: /workspace/jazzy_ws/install/share/rosidl_runtime_c/environment/ament_prefix_path.sh
[8.686s] -- Installing: /workspace/jazzy_ws/install/share/rosidl_runtime_c/environment/ament_prefix_path.dsv
[8.686s] -- Installing: /workspace/jazzy_ws/install/share/rosidl_runtime_c/environment/path.sh
[8.686s] -- Installing: /workspace/jazzy_ws/install/share/rosidl_runtime_c/environment/path.dsv
[8.687s] -- Installing: /workspace/jazzy_ws/install/share/rosidl_runtime_c/local_setup.bash
[8.687s] -- Installing: /workspace/jazzy_ws/install/share/rosidl_runtime_c/local_setup.sh
[8.687s] -- Installing: /workspace/jazzy_ws/install/share/rosidl_runtime_c/local_setup.zsh
[8.687s] -- Installing: /workspace/jazzy_ws/install/share/rosidl_runtime_c/local_setup.dsv
[8.687s] -- Installing: /workspace/jazzy_ws/install/share/rosidl_runtime_c/package.dsv
[8.687s] -- Installing: /workspace/jazzy_ws/install/share/ament_index/resource_index/packages/rosidl_runtime_c
[8.688s] -- Installing: /workspace/jazzy_ws/install/share/rosidl_runtime_c/cmake/rosidl_runtime_cExport.cmake
[8.688s] -- Installing: /workspace/jazzy_ws/install/share/rosidl_runtime_c/cmake/rosidl_runtime_cExport-noconfig.cmake
[8.688s] -- Installing: /workspace/jazzy_ws/install/share/rosidl_runtime_c/cmake/ament_cmake_export_dependencies-extras.cmake
[8.688s] -- Installing: /workspace/jazzy_ws/install/share/rosidl_runtime_c/cmake/ament_cmake_export_include_directories-extras.cmake
[8.689s] -- Installing: /workspace/jazzy_ws/install/share/rosidl_runtime_c/cmake/ament_cmake_export_libraries-extras.cmake
[8.689s] -- Installing: /workspace/jazzy_ws/install/share/rosidl_runtime_c/cmake/ament_cmake_export_targets-extras.cmake
[8.689s] -- Installing: /workspace/jazzy_ws/install/share/rosidl_runtime_c/cmake/rosidl_runtime_cConfig.cmake
[8.689s] -- Installing: /workspace/jazzy_ws/install/share/rosidl_runtime_c/cmake/rosidl_runtime_cConfig-version.cmake
[8.689s] -- Installing: /workspace/jazzy_ws/install/share/rosidl_runtime_c/package.xml
[8.690s] Invoked command in '/workspace/jazzy_ws/build/rosidl_runtime_c' returned '0': AMENT_PREFIX_PATH=/workspace/jazzy_ws/install CMAKE_PREFIX_PATH=/workspace/jazzy_ws/install LD_LIBRARY_PATH=/workspace/jazzy_ws/install/lib:/workspace/jazzy_ws/install/opt/mimick_vendor/lib PATH=/workspace/jazzy_ws/install/bin:/workspace/jazzy_ws/install/opt/uncrustify_vendor/bin:${PATH} PKG_CONFIG_PATH=/workspace/jazzy_ws/install/lib/x86_64-linux-gnu/pkgconfig:/workspace/jazzy_ws/install/lib/pkgconfig PYTHONPATH=/workspace/jazzy_ws/install/lib/python3.12/site-packages /usr/bin/cmake --install /workspace/jazzy_ws/build/rosidl_runtime_c
