-- The C compiler identification is GNU 13.3.0
-- The CXX compiler identification is GNU 13.3.0
-- Detecting C compiler ABI info
-- Detecting C compiler ABI info - done
-- Check for working C compiler: /usr/bin/cc - skipped
-- Detecting C compile features
-- Detecting C compile features - done
-- Detecting CXX compiler ABI info
-- Detecting CXX compiler ABI info - done
-- Check for working CXX compiler: /usr/bin/c++ - skipped
-- Detecting CXX compile features
-- Detecting CXX compile features - done
-- Found ament_cmake: 2.5.5 (/workspace/jazzy_ws/install/share/ament_cmake/cmake)
-- Found Python3: /usr/bin/python3 (found version "3.12.3") found components: Interpreter 
-- Found std_msgs: 5.3.6 (/workspace/jazzy_ws/install/share/std_msgs/cmake)
-- Found rosidl_generator_c: 4.6.7 (/workspace/jazzy_ws/install/share/rosidl_generator_c/cmake)
-- Found rosidl_generator_cpp: 4.6.7 (/workspace/jazzy_ws/install/share/rosidl_generator_cpp/cmake)
-- Using all available rosidl_typesupport_c: rosidl_typesupport_fastrtps_c;rosidl_typesupport_introspection_c
-- Using all available rosidl_typesupport_cpp: rosidl_typesupport_fastrtps_cpp;rosidl_typesupport_introspection_cpp
-- Found geometry_msgs: 5.3.6 (/workspace/jazzy_ws/install/share/geometry_msgs/cmake)
-- Found rosidl_default_generators: 1.6.0 (/workspace/jazzy_ws/install/share/rosidl_default_generators/cmake)
-- Found rosidl_adapter: 4.6.7 (/workspace/jazzy_ws/install/share/rosidl_adapter/cmake)
-- Found ament_cmake_cppcheck: 0.17.4 (/workspace/jazzy_ws/install/share/ament_cmake_cppcheck/cmake)
-- Found ament_cmake_cpplint: 0.17.4 (/workspace/jazzy_ws/install/share/ament_cmake_cpplint/cmake)
-- Found ament_cmake_uncrustify: 0.17.4 (/workspace/jazzy_ws/install/share/ament_cmake_uncrustify/cmake)
-- Found ament_cmake_ros: 0.12.0 (/workspace/jazzy_ws/install/share/ament_cmake_ros/cmake)
-- Using all available rosidl_typesupport_c: rosidl_typesupport_fastrtps_c;rosidl_typesupport_introspection_c
-- Using all available rosidl_typesupport_cpp: rosidl_typesupport_fastrtps_cpp;rosidl_typesupport_introspection_cpp
-- Found python_cmake_module: 0.11.1 (/workspace/jazzy_ws/install/share/python_cmake_module/cmake)
-- Found PythonExtra: /usr/bin/python3  
-- Found Python3: /usr/bin/python3 (found version "3.12.3") found components: Interpreter Development NumPy Development.Module Development.Embed 
-- Found ament_cmake_flake8: 0.17.4 (/workspace/jazzy_ws/install/share/ament_cmake_flake8/cmake)
-- Found ament_cmake_pep257: 0.17.4 (/workspace/jazzy_ws/install/share/ament_cmake_pep257/cmake)
-- Found ament_lint_auto: 0.17.4 (/workspace/jazzy_ws/install/share/ament_lint_auto/cmake)
-- Found gtest sources under '/workspace/jazzy_ws/install/src/gtest_vendor': C++ tests using 'Google Test' will be built
-- Performing Test CMAKE_HAVE_LIBC_PTHREAD
-- Performing Test CMAKE_HAVE_LIBC_PTHREAD - Success
-- Found Threads: TRUE  
-- Added test 'cppcheck' to perform static code analysis on C / C++ code
-- Configured cppcheck include dirs: /workspace/jazzy_ws/src/vision_msgs/vision_msgs/include
-- Configured cppcheck exclude dirs and/or files: 
-- Added test 'cpplint' to check C / C++ code against the Google style
-- Configured cpplint exclude dirs and/or files: 
-- Added test 'uncrustify' to check C / C++ code style
-- Configured uncrustify additional arguments: 
-- Added test 'copyright' to check source files copyright and LICENSE
-- Added test 'lint_cmake' to check CMake code style
-- Added test 'xmllint' to check XML markup files
-- Configuring done (2.4s)
-- Generating done (0.0s)
-- Build files have been written to: /workspace/jazzy_ws/build/vision_msgs
[  0%] Generating type hashes for ROS interfaces
[  0%] Building CXX object gtest/CMakeFiles/gtest_main.dir/src/gtest_main.cc.o
[  0%] Building CXX object gtest/CMakeFiles/gtest.dir/src/gtest-all.cc.o
[  0%] Built target ament_cmake_python_copy_vision_msgs
running egg_info
creating vision_msgs.egg-info
writing vision_msgs.egg-info/PKG-INFO
writing dependency_links to vision_msgs.egg-info/dependency_links.txt
writing top-level names to vision_msgs.egg-info/top_level.txt
writing manifest file 'vision_msgs.egg-info/SOURCES.txt'
reading manifest file 'vision_msgs.egg-info/SOURCES.txt'
writing manifest file 'vision_msgs.egg-info/SOURCES.txt'
[  0%] Built target ament_cmake_python_build_vision_msgs_egg
[  1%] Linking CXX static library libgtest_main.a
[  1%] Built target gtest_main
[  1%] Built target vision_msgs__rosidl_generator_type_description
[  1%] Generating C code for ROS interfaces
[  1%] Generating C++ code for ROS interfaces
[  1%] Built target vision_msgs__cpp
[  1%] Building C object CMakeFiles/vision_msgs__rosidl_generator_c.dir/rosidl_generator_c/vision_msgs/msg/detail/bounding_box3_d__functions.c.o
[  2%] Building C object CMakeFiles/vision_msgs__rosidl_generator_c.dir/rosidl_generator_c/vision_msgs/msg/detail/bounding_box2_d_array__functions.c.o
[  2%] Building C object CMakeFiles/vision_msgs__rosidl_generator_c.dir/rosidl_generator_c/vision_msgs/msg/detail/bounding_box2_d__functions.c.o
[  3%] Building C object CMakeFiles/vision_msgs__rosidl_generator_c.dir/rosidl_generator_c/vision_msgs/msg/detail/bounding_box2_d__description.c.o
[  3%] Building C object CMakeFiles/vision_msgs__rosidl_generator_c.dir/rosidl_generator_c/vision_msgs/msg/detail/bounding_box2_d_array__description.c.o
[  4%] Building C object CMakeFiles/vision_msgs__rosidl_generator_c.dir/rosidl_generator_c/vision_msgs/msg/detail/bounding_box2_d_array__type_support.c.o
[  5%] Building C object CMakeFiles/vision_msgs__rosidl_generator_c.dir/rosidl_generator_c/vision_msgs/msg/detail/bounding_box3_d__description.c.o
[  4%] Building C object CMakeFiles/vision_msgs__rosidl_generator_c.dir/rosidl_generator_c/vision_msgs/msg/detail/bounding_box3_d__type_support.c.o
[  6%] Building C object CMakeFiles/vision_msgs__rosidl_generator_c.dir/rosidl_generator_c/vision_msgs/msg/detail/bounding_box2_d__type_support.c.o
[  6%] Building C object CMakeFiles/vision_msgs__rosidl_generator_c.dir/rosidl_generator_c/vision_msgs/msg/detail/classification__type_support.c.o
[  7%] Building C object CMakeFiles/vision_msgs__rosidl_generator_c.dir/rosidl_generator_c/vision_msgs/msg/detail/bounding_box3_d_array__functions.c.o
[  7%] Building C object CMakeFiles/vision_msgs__rosidl_generator_c.dir/rosidl_generator_c/vision_msgs/msg/detail/bounding_box3_d_array__description.c.o
[  8%] Building C object CMakeFiles/vision_msgs__rosidl_generator_c.dir/rosidl_generator_c/vision_msgs/msg/detail/bounding_box3_d_array__type_support.c.o
[  9%] Building C object CMakeFiles/vision_msgs__rosidl_generator_c.dir/rosidl_generator_c/vision_msgs/msg/detail/classification__functions.c.o
[  7%] Building C object CMakeFiles/vision_msgs__rosidl_generator_c.dir/rosidl_generator_c/vision_msgs/msg/detail/classification__description.c.o
[ 10%] Building C object CMakeFiles/vision_msgs__rosidl_generator_c.dir/rosidl_generator_c/vision_msgs/msg/detail/detection2_d_array__description.c.o
[ 11%] Building C object CMakeFiles/vision_msgs__rosidl_generator_c.dir/rosidl_generator_c/vision_msgs/msg/detail/detection3_d__functions.c.o
[ 12%] Building C object CMakeFiles/vision_msgs__rosidl_generator_c.dir/rosidl_generator_c/vision_msgs/msg/detail/detection3_d_array__type_support.c.o
[ 12%] Building C object CMakeFiles/vision_msgs__rosidl_generator_c.dir/rosidl_generator_c/vision_msgs/msg/detail/detection3_d_array__functions.c.o
[ 12%] Building C object CMakeFiles/vision_msgs__rosidl_generator_c.dir/rosidl_generator_c/vision_msgs/msg/detail/detection3_d__type_support.c.o
[ 13%] Building C object CMakeFiles/vision_msgs__rosidl_generator_c.dir/rosidl_generator_c/vision_msgs/msg/detail/detection3_d_array__description.c.o
[ 12%] Building C object CMakeFiles/vision_msgs__rosidl_generator_c.dir/rosidl_generator_c/vision_msgs/msg/detail/detection3_d__description.c.o
[ 14%] Building C object CMakeFiles/vision_msgs__rosidl_generator_c.dir/rosidl_generator_c/vision_msgs/msg/detail/label_info__type_support.c.o
[ 15%] Building C object CMakeFiles/vision_msgs__rosidl_generator_c.dir/rosidl_generator_c/vision_msgs/msg/detail/label_info__description.c.o
[ 16%] Building C object CMakeFiles/vision_msgs__rosidl_generator_c.dir/rosidl_generator_c/vision_msgs/msg/detail/object_hypothesis__description.c.o
[ 16%] Building C object CMakeFiles/vision_msgs__rosidl_generator_c.dir/rosidl_generator_c/vision_msgs/msg/detail/detection2_d__type_support.c.o
[ 16%] Building C object CMakeFiles/vision_msgs__rosidl_generator_c.dir/rosidl_generator_c/vision_msgs/msg/detail/label_info__functions.c.o
[ 16%] Building C object CMakeFiles/vision_msgs__rosidl_generator_c.dir/rosidl_generator_c/vision_msgs/msg/detail/object_hypothesis_with_pose__description.c.o
[ 17%] Building C object CMakeFiles/vision_msgs__rosidl_generator_c.dir/rosidl_generator_c/vision_msgs/msg/detail/object_hypothesis__type_support.c.o
[ 18%] Building C object CMakeFiles/vision_msgs__rosidl_generator_c.dir/rosidl_generator_c/vision_msgs/msg/detail/vision_class__description.c.o
[ 19%] Building C object CMakeFiles/vision_msgs__rosidl_generator_c.dir/rosidl_generator_c/vision_msgs/msg/detail/vision_class__type_support.c.o
[ 17%] Building C object CMakeFiles/vision_msgs__rosidl_generator_c.dir/rosidl_generator_c/vision_msgs/msg/detail/object_hypothesis_with_pose__type_support.c.o
[ 20%] Building C object CMakeFiles/vision_msgs__rosidl_generator_c.dir/rosidl_generator_c/vision_msgs/msg/detail/object_hypothesis_with_pose__functions.c.o
[ 20%] Building C object CMakeFiles/vision_msgs__rosidl_generator_c.dir/rosidl_generator_c/vision_msgs/msg/detail/object_hypothesis__functions.c.o
[ 21%] Building C object CMakeFiles/vision_msgs__rosidl_generator_c.dir/rosidl_generator_c/vision_msgs/msg/detail/detection2_d__functions.c.o
[ 21%] Building C object CMakeFiles/vision_msgs__rosidl_generator_c.dir/rosidl_generator_c/vision_msgs/msg/detail/vision_class__functions.c.o
[ 21%] Building C object CMakeFiles/vision_msgs__rosidl_generator_c.dir/rosidl_generator_c/vision_msgs/msg/detail/point2_d__description.c.o
[ 21%] Building C object CMakeFiles/vision_msgs__rosidl_generator_c.dir/rosidl_generator_c/vision_msgs/msg/detail/pose2_d__functions.c.o
[ 22%] Building C object CMakeFiles/vision_msgs__rosidl_generator_c.dir/rosidl_generator_c/vision_msgs/msg/detail/point2_d__functions.c.o
[ 23%] Building C object CMakeFiles/vision_msgs__rosidl_generator_c.dir/rosidl_generator_c/vision_msgs/msg/detail/pose2_d__description.c.o
[ 23%] Building C object CMakeFiles/vision_msgs__rosidl_generator_c.dir/rosidl_generator_c/vision_msgs/msg/detail/vision_info__type_support.c.o
[ 23%] Building C object CMakeFiles/vision_msgs__rosidl_generator_c.dir/rosidl_generator_c/vision_msgs/msg/detail/point2_d__type_support.c.o
[ 24%] Building C object CMakeFiles/vision_msgs__rosidl_generator_c.dir/rosidl_generator_c/vision_msgs/msg/detail/vision_info__functions.c.o
[ 24%] Building C object CMakeFiles/vision_msgs__rosidl_generator_c.dir/rosidl_generator_c/vision_msgs/msg/detail/vision_info__description.c.o
[ 25%] Building C object CMakeFiles/vision_msgs__rosidl_generator_c.dir/rosidl_generator_c/vision_msgs/msg/detail/pose2_d__type_support.c.o
[ 25%] Building C object CMakeFiles/vision_msgs__rosidl_generator_c.dir/rosidl_generator_c/vision_msgs/msg/detail/detection2_d__description.c.o
[ 26%] Building C object CMakeFiles/vision_msgs__rosidl_generator_c.dir/rosidl_generator_c/vision_msgs/msg/detail/detection2_d_array__type_support.c.o
[ 26%] Building C object CMakeFiles/vision_msgs__rosidl_generator_c.dir/rosidl_generator_c/vision_msgs/msg/detail/detection2_d_array__functions.c.o
[ 27%] Linking C shared library libvision_msgs__rosidl_generator_c.so
[ 27%] Built target vision_msgs__rosidl_generator_c
[ 28%] Generating C introspection for ROS interfaces
[ 28%] Generating C++ type support dispatch for ROS interfaces
[ 29%] Generating C type support for eProsima Fast-RTPS
[ 29%] Generating C++ type support for eProsima Fast-RTPS
[ 30%] Generating C type support dispatch for ROS interfaces
[ 30%] Generating C++ introspection for ROS interfaces
[ 31%] Building CXX object CMakeFiles/vision_msgs__rosidl_typesupport_introspection_cpp.dir/rosidl_typesupport_introspection_cpp/vision_msgs/msg/detail/bounding_box3_d__type_support.cpp.o
[ 32%] Building CXX object CMakeFiles/vision_msgs__rosidl_typesupport_introspection_cpp.dir/rosidl_typesupport_introspection_cpp/vision_msgs/msg/detail/bounding_box2_d__type_support.cpp.o
[ 32%] Building CXX object CMakeFiles/vision_msgs__rosidl_typesupport_introspection_cpp.dir/rosidl_typesupport_introspection_cpp/vision_msgs/msg/detail/bounding_box2_d_array__type_support.cpp.o
[ 32%] Building CXX object CMakeFiles/vision_msgs__rosidl_typesupport_introspection_cpp.dir/rosidl_typesupport_introspection_cpp/vision_msgs/msg/detail/bounding_box3_d_array__type_support.cpp.o
[ 33%] Building CXX object CMakeFiles/vision_msgs__rosidl_typesupport_introspection_cpp.dir/rosidl_typesupport_introspection_cpp/vision_msgs/msg/detail/detection3_d_array__type_support.cpp.o
[ 34%] Building CXX object CMakeFiles/vision_msgs__rosidl_typesupport_introspection_cpp.dir/rosidl_typesupport_introspection_cpp/vision_msgs/msg/detail/classification__type_support.cpp.o
[ 35%] Building CXX object CMakeFiles/vision_msgs__rosidl_typesupport_introspection_cpp.dir/rosidl_typesupport_introspection_cpp/vision_msgs/msg/detail/detection2_d_array__type_support.cpp.o
[ 35%] Building CXX object CMakeFiles/vision_msgs__rosidl_typesupport_introspection_cpp.dir/rosidl_typesupport_introspection_cpp/vision_msgs/msg/detail/detection2_d__type_support.cpp.o
[ 35%] Building CXX object CMakeFiles/vision_msgs__rosidl_typesupport_introspection_cpp.dir/rosidl_typesupport_introspection_cpp/vision_msgs/msg/detail/object_hypothesis__type_support.cpp.o
[ 35%] Building CXX object CMakeFiles/vision_msgs__rosidl_typesupport_introspection_cpp.dir/rosidl_typesupport_introspection_cpp/vision_msgs/msg/detail/detection3_d__type_support.cpp.o
[ 36%] Building CXX object CMakeFiles/vision_msgs__rosidl_typesupport_introspection_cpp.dir/rosidl_typesupport_introspection_cpp/vision_msgs/msg/detail/object_hypothesis_with_pose__type_support.cpp.o
[ 37%] Building CXX object CMakeFiles/vision_msgs__rosidl_typesupport_introspection_cpp.dir/rosidl_typesupport_introspection_cpp/vision_msgs/msg/detail/label_info__type_support.cpp.o
[ 37%] Building CXX object CMakeFiles/vision_msgs__rosidl_typesupport_introspection_cpp.dir/rosidl_typesupport_introspection_cpp/vision_msgs/msg/detail/vision_class__type_support.cpp.o
[ 38%] Building CXX object CMakeFiles/vision_msgs__rosidl_typesupport_introspection_cpp.dir/rosidl_typesupport_introspection_cpp/vision_msgs/msg/detail/point2_d__type_support.cpp.o
[ 38%] Building CXX object CMakeFiles/vision_msgs__rosidl_typesupport_introspection_cpp.dir/rosidl_typesupport_introspection_cpp/vision_msgs/msg/detail/pose2_d__type_support.cpp.o
[ 39%] Building CXX object CMakeFiles/vision_msgs__rosidl_typesupport_introspection_cpp.dir/rosidl_typesupport_introspection_cpp/vision_msgs/msg/detail/vision_info__type_support.cpp.o
[ 39%] Building C object CMakeFiles/vision_msgs__rosidl_typesupport_introspection_c.dir/rosidl_typesupport_introspection_c/vision_msgs/msg/detail/bounding_box2_d__type_support.c.o
[ 40%] Building C object CMakeFiles/vision_msgs__rosidl_typesupport_introspection_c.dir/rosidl_typesupport_introspection_c/vision_msgs/msg/detail/bounding_box2_d_array__type_support.c.o
[ 40%] Building C object CMakeFiles/vision_msgs__rosidl_typesupport_introspection_c.dir/rosidl_typesupport_introspection_c/vision_msgs/msg/detail/bounding_box3_d__type_support.c.o
[ 41%] Building CXX object CMakeFiles/vision_msgs__rosidl_typesupport_c.dir/rosidl_typesupport_c/vision_msgs/msg/bounding_box2_d__type_support.cpp.o
[ 42%] Building C object CMakeFiles/vision_msgs__rosidl_typesupport_introspection_c.dir/rosidl_typesupport_introspection_c/vision_msgs/msg/detail/bounding_box3_d_array__type_support.c.o
[ 43%] Building C object CMakeFiles/vision_msgs__rosidl_typesupport_introspection_c.dir/rosidl_typesupport_introspection_c/vision_msgs/msg/detail/classification__type_support.c.o
[ 43%] Building CXX object CMakeFiles/vision_msgs__rosidl_typesupport_c.dir/rosidl_typesupport_c/vision_msgs/msg/bounding_box2_d_array__type_support.cpp.o
[ 44%] Building CXX object CMakeFiles/vision_msgs__rosidl_typesupport_c.dir/rosidl_typesupport_c/vision_msgs/msg/bounding_box3_d__type_support.cpp.o
[ 44%] Building C object CMakeFiles/vision_msgs__rosidl_typesupport_introspection_c.dir/rosidl_typesupport_introspection_c/vision_msgs/msg/detail/detection2_d_array__type_support.c.o
[ 44%] Building CXX object CMakeFiles/vision_msgs__rosidl_typesupport_c.dir/rosidl_typesupport_c/vision_msgs/msg/bounding_box3_d_array__type_support.cpp.o
[ 45%] Building C object CMakeFiles/vision_msgs__rosidl_typesupport_introspection_c.dir/rosidl_typesupport_introspection_c/vision_msgs/msg/detail/detection2_d__type_support.c.o
[ 46%] Building CXX object CMakeFiles/vision_msgs__rosidl_typesupport_c.dir/rosidl_typesupport_c/vision_msgs/msg/classification__type_support.cpp.o
[ 46%] Building C object CMakeFiles/vision_msgs__rosidl_typesupport_introspection_c.dir/rosidl_typesupport_introspection_c/vision_msgs/msg/detail/detection3_d_array__type_support.c.o
[ 47%] Building C object CMakeFiles/vision_msgs__rosidl_typesupport_introspection_c.dir/rosidl_typesupport_introspection_c/vision_msgs/msg/detail/detection3_d__type_support.c.o
[ 47%] Building CXX object CMakeFiles/vision_msgs__rosidl_typesupport_c.dir/rosidl_typesupport_c/vision_msgs/msg/detection2_d_array__type_support.cpp.o
[ 48%] Building CXX object CMakeFiles/vision_msgs__rosidl_typesupport_c.dir/rosidl_typesupport_c/vision_msgs/msg/detection2_d__type_support.cpp.o
[ 49%] Building CXX object CMakeFiles/vision_msgs__rosidl_typesupport_cpp.dir/rosidl_typesupport_cpp/vision_msgs/msg/bounding_box2_d__type_support.cpp.o
[ 50%] Building CXX object CMakeFiles/vision_msgs__rosidl_typesupport_cpp.dir/rosidl_typesupport_cpp/vision_msgs/msg/bounding_box2_d_array__type_support.cpp.o
[ 50%] Building C object CMakeFiles/vision_msgs__rosidl_typesupport_introspection_c.dir/rosidl_typesupport_introspection_c/vision_msgs/msg/detail/label_info__type_support.c.o
[ 50%] Building CXX object CMakeFiles/vision_msgs__rosidl_typesupport_c.dir/rosidl_typesupport_c/vision_msgs/msg/detection3_d_array__type_support.cpp.o
[ 51%] Building C object CMakeFiles/vision_msgs__rosidl_typesupport_introspection_c.dir/rosidl_typesupport_introspection_c/vision_msgs/msg/detail/object_hypothesis__type_support.c.o
[ 51%] Building CXX object CMakeFiles/vision_msgs__rosidl_typesupport_cpp.dir/rosidl_typesupport_cpp/vision_msgs/msg/bounding_box3_d__type_support.cpp.o
[ 51%] Building C object CMakeFiles/vision_msgs__rosidl_typesupport_introspection_c.dir/rosidl_typesupport_introspection_c/vision_msgs/msg/detail/object_hypothesis_with_pose__type_support.c.o
[ 52%] Building CXX object CMakeFiles/vision_msgs__rosidl_typesupport_cpp.dir/rosidl_typesupport_cpp/vision_msgs/msg/bounding_box3_d_array__type_support.cpp.o
[ 53%] Building CXX object CMakeFiles/vision_msgs__rosidl_typesupport_c.dir/rosidl_typesupport_c/vision_msgs/msg/detection3_d__type_support.cpp.o
[ 54%] Building C object CMakeFiles/vision_msgs__rosidl_typesupport_introspection_c.dir/rosidl_typesupport_introspection_c/vision_msgs/msg/detail/vision_class__type_support.c.o
[ 54%] Building CXX object CMakeFiles/vision_msgs__rosidl_typesupport_cpp.dir/rosidl_typesupport_cpp/vision_msgs/msg/classification__type_support.cpp.o
[ 54%] Building CXX object CMakeFiles/vision_msgs__rosidl_typesupport_c.dir/rosidl_typesupport_c/vision_msgs/msg/label_info__type_support.cpp.o
[ 54%] Building C object CMakeFiles/vision_msgs__rosidl_typesupport_introspection_c.dir/rosidl_typesupport_introspection_c/vision_msgs/msg/detail/point2_d__type_support.c.o
[ 55%] Building CXX object CMakeFiles/vision_msgs__rosidl_typesupport_c.dir/rosidl_typesupport_c/vision_msgs/msg/object_hypothesis__type_support.cpp.o
[ 55%] Building CXX object CMakeFiles/vision_msgs__rosidl_typesupport_c.dir/rosidl_typesupport_c/vision_msgs/msg/object_hypothesis_with_pose__type_support.cpp.o
[ 56%] Building CXX object CMakeFiles/vision_msgs__rosidl_typesupport_c.dir/rosidl_typesupport_c/vision_msgs/msg/vision_class__type_support.cpp.o
[ 57%] Building CXX object CMakeFiles/vision_msgs__rosidl_typesupport_fastrtps_cpp.dir/rosidl_typesupport_fastrtps_cpp/vision_msgs/msg/detail/dds_fastrtps/bounding_box2_d__type_support.cpp.o
[ 58%] Building C object CMakeFiles/vision_msgs__rosidl_typesupport_introspection_c.dir/rosidl_typesupport_introspection_c/vision_msgs/msg/detail/pose2_d__type_support.c.o
[ 58%] Building CXX object CMakeFiles/vision_msgs__rosidl_typesupport_c.dir/rosidl_typesupport_c/vision_msgs/msg/point2_d__type_support.cpp.o
[ 58%] Building C object CMakeFiles/vision_msgs__rosidl_typesupport_introspection_c.dir/rosidl_typesupport_introspection_c/vision_msgs/msg/detail/vision_info__type_support.c.o
[ 59%] Building CXX object CMakeFiles/vision_msgs__rosidl_typesupport_c.dir/rosidl_typesupport_c/vision_msgs/msg/pose2_d__type_support.cpp.o
[ 60%] Building CXX object CMakeFiles/vision_msgs__rosidl_typesupport_cpp.dir/rosidl_typesupport_cpp/vision_msgs/msg/detection2_d_array__type_support.cpp.o
[ 60%] Building CXX object CMakeFiles/vision_msgs__rosidl_typesupport_fastrtps_cpp.dir/rosidl_typesupport_fastrtps_cpp/vision_msgs/msg/detail/dds_fastrtps/bounding_box2_d_array__type_support.cpp.o
[ 60%] Building CXX object CMakeFiles/vision_msgs__rosidl_typesupport_cpp.dir/rosidl_typesupport_cpp/vision_msgs/msg/detection2_d__type_support.cpp.o
[ 61%] Building CXX object CMakeFiles/vision_msgs__rosidl_typesupport_fastrtps_cpp.dir/rosidl_typesupport_fastrtps_cpp/vision_msgs/msg/detail/dds_fastrtps/bounding_box3_d__type_support.cpp.o
[ 61%] Building CXX object CMakeFiles/vision_msgs__rosidl_typesupport_c.dir/rosidl_typesupport_c/vision_msgs/msg/vision_info__type_support.cpp.o
[ 62%] Building CXX object CMakeFiles/vision_msgs__rosidl_typesupport_fastrtps_cpp.dir/rosidl_typesupport_fastrtps_cpp/vision_msgs/msg/detail/dds_fastrtps/bounding_box3_d_array__type_support.cpp.o
[ 63%] Building CXX object CMakeFiles/vision_msgs__rosidl_typesupport_cpp.dir/rosidl_typesupport_cpp/vision_msgs/msg/detection3_d_array__type_support.cpp.o
[ 63%] Building CXX object CMakeFiles/vision_msgs__rosidl_typesupport_fastrtps_cpp.dir/rosidl_typesupport_fastrtps_cpp/vision_msgs/msg/detail/dds_fastrtps/classification__type_support.cpp.o
[ 63%] Building CXX object CMakeFiles/vision_msgs__rosidl_typesupport_cpp.dir/rosidl_typesupport_cpp/vision_msgs/msg/detection3_d__type_support.cpp.o
[ 64%] Linking C shared library libvision_msgs__rosidl_typesupport_introspection_c.so
[ 65%] Linking CXX shared library libvision_msgs__rosidl_typesupport_c.so
[ 65%] Built target vision_msgs__rosidl_typesupport_introspection_c
[ 66%] Building CXX object CMakeFiles/vision_msgs__rosidl_typesupport_fastrtps_cpp.dir/rosidl_typesupport_fastrtps_cpp/vision_msgs/msg/detail/dds_fastrtps/detection2_d_array__type_support.cpp.o
[ 67%] Building CXX object CMakeFiles/vision_msgs__rosidl_typesupport_cpp.dir/rosidl_typesupport_cpp/vision_msgs/msg/label_info__type_support.cpp.o
[ 67%] Built target vision_msgs__rosidl_typesupport_c
[ 68%] Building CXX object CMakeFiles/vision_msgs__rosidl_typesupport_fastrtps_cpp.dir/rosidl_typesupport_fastrtps_cpp/vision_msgs/msg/detail/dds_fastrtps/detection3_d_array__type_support.cpp.o
[ 68%] Building CXX object CMakeFiles/vision_msgs__rosidl_typesupport_fastrtps_cpp.dir/rosidl_typesupport_fastrtps_cpp/vision_msgs/msg/detail/dds_fastrtps/detection2_d__type_support.cpp.o
[ 68%] Building CXX object CMakeFiles/vision_msgs__rosidl_typesupport_cpp.dir/rosidl_typesupport_cpp/vision_msgs/msg/object_hypothesis__type_support.cpp.o
[ 68%] Building CXX object CMakeFiles/vision_msgs__rosidl_typesupport_fastrtps_c.dir/rosidl_typesupport_fastrtps_c/vision_msgs/msg/detail/bounding_box2_d__type_support_c.cpp.o
[ 69%] Building CXX object CMakeFiles/vision_msgs__rosidl_typesupport_cpp.dir/rosidl_typesupport_cpp/vision_msgs/msg/object_hypothesis_with_pose__type_support.cpp.o
[ 69%] Building CXX object CMakeFiles/vision_msgs__rosidl_typesupport_fastrtps_cpp.dir/rosidl_typesupport_fastrtps_cpp/vision_msgs/msg/detail/dds_fastrtps/detection3_d__type_support.cpp.o
[ 69%] Building CXX object CMakeFiles/vision_msgs__rosidl_typesupport_cpp.dir/rosidl_typesupport_cpp/vision_msgs/msg/vision_class__type_support.cpp.o
[ 70%] Building CXX object CMakeFiles/vision_msgs__rosidl_typesupport_fastrtps_cpp.dir/rosidl_typesupport_fastrtps_cpp/vision_msgs/msg/detail/dds_fastrtps/label_info__type_support.cpp.o
[ 71%] Building CXX object CMakeFiles/vision_msgs__rosidl_typesupport_fastrtps_c.dir/rosidl_typesupport_fastrtps_c/vision_msgs/msg/detail/bounding_box2_d_array__type_support_c.cpp.o
[ 72%] Building CXX object CMakeFiles/vision_msgs__rosidl_typesupport_fastrtps_c.dir/rosidl_typesupport_fastrtps_c/vision_msgs/msg/detail/bounding_box3_d__type_support_c.cpp.o
[ 72%] Linking CXX shared library libvision_msgs__rosidl_typesupport_introspection_cpp.so
[ 72%] Building CXX object CMakeFiles/vision_msgs__rosidl_typesupport_fastrtps_c.dir/rosidl_typesupport_fastrtps_c/vision_msgs/msg/detail/bounding_box3_d_array__type_support_c.cpp.o
[ 73%] Building CXX object CMakeFiles/vision_msgs__rosidl_typesupport_fastrtps_c.dir/rosidl_typesupport_fastrtps_c/vision_msgs/msg/detail/classification__type_support_c.cpp.o
[ 74%] Building CXX object CMakeFiles/vision_msgs__rosidl_typesupport_cpp.dir/rosidl_typesupport_cpp/vision_msgs/msg/point2_d__type_support.cpp.o
[ 74%] Building CXX object CMakeFiles/vision_msgs__rosidl_typesupport_fastrtps_cpp.dir/rosidl_typesupport_fastrtps_cpp/vision_msgs/msg/detail/dds_fastrtps/object_hypothesis__type_support.cpp.o
[ 75%] Building CXX object CMakeFiles/vision_msgs__rosidl_typesupport_fastrtps_cpp.dir/rosidl_typesupport_fastrtps_cpp/vision_msgs/msg/detail/dds_fastrtps/object_hypothesis_with_pose__type_support.cpp.o
[ 75%] Building CXX object CMakeFiles/vision_msgs__rosidl_typesupport_cpp.dir/rosidl_typesupport_cpp/vision_msgs/msg/pose2_d__type_support.cpp.o
[ 75%] Building CXX object CMakeFiles/vision_msgs__rosidl_typesupport_fastrtps_c.dir/rosidl_typesupport_fastrtps_c/vision_msgs/msg/detail/detection2_d_array__type_support_c.cpp.o
[ 75%] Built target vision_msgs__rosidl_typesupport_introspection_cpp
[ 76%] Building CXX object CMakeFiles/vision_msgs__rosidl_typesupport_fastrtps_c.dir/rosidl_typesupport_fastrtps_c/vision_msgs/msg/detail/detection2_d__type_support_c.cpp.o
[ 76%] Building CXX object CMakeFiles/vision_msgs__rosidl_typesupport_fastrtps_cpp.dir/rosidl_typesupport_fastrtps_cpp/vision_msgs/msg/detail/dds_fastrtps/vision_class__type_support.cpp.o
[ 77%] Building CXX object CMakeFiles/vision_msgs__rosidl_typesupport_fastrtps_cpp.dir/rosidl_typesupport_fastrtps_cpp/vision_msgs/msg/detail/dds_fastrtps/point2_d__type_support.cpp.o
[ 78%] Building CXX object CMakeFiles/vision_msgs__rosidl_typesupport_cpp.dir/rosidl_typesupport_cpp/vision_msgs/msg/vision_info__type_support.cpp.o
[ 78%] Building CXX object CMakeFiles/vision_msgs__rosidl_typesupport_fastrtps_c.dir/rosidl_typesupport_fastrtps_c/vision_msgs/msg/detail/detection3_d_array__type_support_c.cpp.o
[ 79%] Building CXX object CMakeFiles/vision_msgs__rosidl_typesupport_fastrtps_c.dir/rosidl_typesupport_fastrtps_c/vision_msgs/msg/detail/detection3_d__type_support_c.cpp.o
[ 79%] Building CXX object CMakeFiles/vision_msgs__rosidl_typesupport_fastrtps_cpp.dir/rosidl_typesupport_fastrtps_cpp/vision_msgs/msg/detail/dds_fastrtps/pose2_d__type_support.cpp.o
[ 80%] Building CXX object CMakeFiles/vision_msgs__rosidl_typesupport_fastrtps_cpp.dir/rosidl_typesupport_fastrtps_cpp/vision_msgs/msg/detail/dds_fastrtps/vision_info__type_support.cpp.o
[ 80%] Building CXX object CMakeFiles/vision_msgs__rosidl_typesupport_fastrtps_c.dir/rosidl_typesupport_fastrtps_c/vision_msgs/msg/detail/label_info__type_support_c.cpp.o
[ 81%] Building CXX object CMakeFiles/vision_msgs__rosidl_typesupport_fastrtps_c.dir/rosidl_typesupport_fastrtps_c/vision_msgs/msg/detail/object_hypothesis__type_support_c.cpp.o
[ 81%] Building CXX object CMakeFiles/vision_msgs__rosidl_typesupport_fastrtps_c.dir/rosidl_typesupport_fastrtps_c/vision_msgs/msg/detail/object_hypothesis_with_pose__type_support_c.cpp.o
[ 82%] Building CXX object CMakeFiles/vision_msgs__rosidl_typesupport_fastrtps_c.dir/rosidl_typesupport_fastrtps_c/vision_msgs/msg/detail/vision_class__type_support_c.cpp.o
[ 82%] Building CXX object CMakeFiles/vision_msgs__rosidl_typesupport_fastrtps_c.dir/rosidl_typesupport_fastrtps_c/vision_msgs/msg/detail/point2_d__type_support_c.cpp.o
[ 83%] Building CXX object CMakeFiles/vision_msgs__rosidl_typesupport_fastrtps_c.dir/rosidl_typesupport_fastrtps_c/vision_msgs/msg/detail/pose2_d__type_support_c.cpp.o
[ 83%] Building CXX object CMakeFiles/vision_msgs__rosidl_typesupport_fastrtps_c.dir/rosidl_typesupport_fastrtps_c/vision_msgs/msg/detail/vision_info__type_support_c.cpp.o
[ 83%] Linking CXX shared library libvision_msgs__rosidl_typesupport_cpp.so
[ 83%] Built target vision_msgs__rosidl_typesupport_cpp
[ 83%] Linking CXX shared library libvision_msgs__rosidl_typesupport_fastrtps_cpp.so
[ 84%] Linking CXX shared library libvision_msgs__rosidl_typesupport_fastrtps_c.so
[ 84%] Built target vision_msgs__rosidl_typesupport_fastrtps_cpp
[ 84%] Built target vision_msgs__rosidl_typesupport_fastrtps_c
[ 84%] Built target vision_msgs
[ 85%] Generating Python code for ROS interfaces
[ 86%] Linking CXX static library libgtest.a
[ 86%] Built target gtest
[ 87%] Building CXX object CMakeFiles/vision_msgs_test.dir/test/main.cpp.o
[ 88%] Linking CXX executable vision_msgs_test
[ 88%] Built target vision_msgs_test
[ 88%] Built target vision_msgs__py
[ 89%] Building C object CMakeFiles/vision_msgs__rosidl_generator_py.dir/rosidl_generator_py/vision_msgs/msg/_bounding_box2_d_s.c.o
[ 90%] Building C object CMakeFiles/vision_msgs__rosidl_generator_py.dir/rosidl_generator_py/vision_msgs/msg/_detection2_d_array_s.c.o
[ 90%] Building C object CMakeFiles/vision_msgs__rosidl_generator_py.dir/rosidl_generator_py/vision_msgs/msg/_bounding_box2_d_array_s.c.o
[ 90%] Building C object CMakeFiles/vision_msgs__rosidl_generator_py.dir/rosidl_generator_py/vision_msgs/msg/_bounding_box3_d_s.c.o
[ 90%] Building C object CMakeFiles/vision_msgs__rosidl_generator_py.dir/rosidl_generator_py/vision_msgs/msg/_bounding_box3_d_array_s.c.o
[ 91%] Building C object CMakeFiles/vision_msgs__rosidl_generator_py.dir/rosidl_generator_py/vision_msgs/msg/_classification_s.c.o
[ 91%] Building C object CMakeFiles/vision_msgs__rosidl_generator_py.dir/rosidl_generator_py/vision_msgs/msg/_detection3_d_array_s.c.o
[ 92%] Building C object CMakeFiles/vision_msgs__rosidl_generator_py.dir/rosidl_generator_py/vision_msgs/msg/_detection2_d_s.c.o
[ 93%] Building C object CMakeFiles/vision_msgs__rosidl_generator_py.dir/rosidl_generator_py/vision_msgs/msg/_detection3_d_s.c.o
[ 93%] Building C object CMakeFiles/vision_msgs__rosidl_generator_py.dir/rosidl_generator_py/vision_msgs/msg/_label_info_s.c.o
[ 94%] Building C object CMakeFiles/vision_msgs__rosidl_generator_py.dir/rosidl_generator_py/vision_msgs/msg/_object_hypothesis_s.c.o
[ 94%] Building C object CMakeFiles/vision_msgs__rosidl_generator_py.dir/rosidl_generator_py/vision_msgs/msg/_point2_d_s.c.o
[ 95%] Building C object CMakeFiles/vision_msgs__rosidl_generator_py.dir/rosidl_generator_py/vision_msgs/msg/_vision_class_s.c.o
[ 95%] Building C object CMakeFiles/vision_msgs__rosidl_generator_py.dir/rosidl_generator_py/vision_msgs/msg/_object_hypothesis_with_pose_s.c.o
[ 95%] Building C object CMakeFiles/vision_msgs__rosidl_generator_py.dir/rosidl_generator_py/vision_msgs/msg/_vision_info_s.c.o
[ 96%] Building C object CMakeFiles/vision_msgs__rosidl_generator_py.dir/rosidl_generator_py/vision_msgs/msg/_pose2_d_s.c.o
[ 97%] Linking C shared library libvision_msgs__rosidl_generator_py.so
[ 97%] Built target vision_msgs__rosidl_generator_py
[100%] Building C object CMakeFiles/vision_msgs_s__rosidl_typesupport_c.dir/rosidl_generator_py/vision_msgs/_vision_msgs_s.ep.rosidl_typesupport_c.c.o
[100%] Building C object CMakeFiles/vision_msgs_s__rosidl_typesupport_fastrtps_c.dir/rosidl_generator_py/vision_msgs/_vision_msgs_s.ep.rosidl_typesupport_fastrtps_c.c.o
[100%] Building C object CMakeFiles/vision_msgs_s__rosidl_typesupport_introspection_c.dir/rosidl_generator_py/vision_msgs/_vision_msgs_s.ep.rosidl_typesupport_introspection_c.c.o
[100%] Linking C shared module rosidl_generator_py/vision_msgs/vision_msgs_s__rosidl_typesupport_fastrtps_c.so
[100%] Linking C shared module rosidl_generator_py/vision_msgs/vision_msgs_s__rosidl_typesupport_introspection_c.so
[100%] Linking C shared module rosidl_generator_py/vision_msgs/vision_msgs_s__rosidl_typesupport_c.so
[100%] Built target vision_msgs_s__rosidl_typesupport_fastrtps_c
[100%] Built target vision_msgs_s__rosidl_typesupport_c
[100%] Built target vision_msgs_s__rosidl_typesupport_introspection_c
-- Install configuration: ""
-- Installing: /workspace/jazzy_ws/install/share/ament_index/resource_index/rosidl_interfaces/vision_msgs
-- Installing: /workspace/jazzy_ws/install/share/vision_msgs/msg/BoundingBox2D.json
-- Installing: /workspace/jazzy_ws/install/share/vision_msgs/msg/BoundingBox2DArray.json
-- Installing: /workspace/jazzy_ws/install/share/vision_msgs/msg/BoundingBox3D.json
-- Installing: /workspace/jazzy_ws/install/share/vision_msgs/msg/BoundingBox3DArray.json
-- Installing: /workspace/jazzy_ws/install/share/vision_msgs/msg/Classification.json
-- Installing: /workspace/jazzy_ws/install/share/vision_msgs/msg/Detection2DArray.json
-- Installing: /workspace/jazzy_ws/install/share/vision_msgs/msg/Detection2D.json
-- Installing: /workspace/jazzy_ws/install/share/vision_msgs/msg/Detection3DArray.json
-- Installing: /workspace/jazzy_ws/install/share/vision_msgs/msg/Detection3D.json
-- Installing: /workspace/jazzy_ws/install/share/vision_msgs/msg/LabelInfo.json
-- Installing: /workspace/jazzy_ws/install/share/vision_msgs/msg/ObjectHypothesis.json
-- Installing: /workspace/jazzy_ws/install/share/vision_msgs/msg/ObjectHypothesisWithPose.json
-- Installing: /workspace/jazzy_ws/install/share/vision_msgs/msg/VisionClass.json
-- Installing: /workspace/jazzy_ws/install/share/vision_msgs/msg/Point2D.json
-- Installing: /workspace/jazzy_ws/install/share/vision_msgs/msg/Pose2D.json
-- Installing: /workspace/jazzy_ws/install/share/vision_msgs/msg/VisionInfo.json
-- Installing: /workspace/jazzy_ws/install/include/vision_msgs/vision_msgs
-- Installing: /workspace/jazzy_ws/install/include/vision_msgs/vision_msgs/msg
-- Installing: /workspace/jazzy_ws/install/include/vision_msgs/vision_msgs/msg/detail
-- Installing: /workspace/jazzy_ws/install/include/vision_msgs/vision_msgs/msg/detail/object_hypothesis_with_pose__type_support.h
-- Installing: /workspace/jazzy_ws/install/include/vision_msgs/vision_msgs/msg/detail/bounding_box2_d__functions.c
-- Installing: /workspace/jazzy_ws/install/include/vision_msgs/vision_msgs/msg/detail/bounding_box3_d__description.c
-- Installing: /workspace/jazzy_ws/install/include/vision_msgs/vision_msgs/msg/detail/detection3_d_array__description.c
-- Installing: /workspace/jazzy_ws/install/include/vision_msgs/vision_msgs/msg/detail/vision_info__description.c
-- Installing: /workspace/jazzy_ws/install/include/vision_msgs/vision_msgs/msg/detail/detection2_d__struct.h
-- Installing: /workspace/jazzy_ws/install/include/vision_msgs/vision_msgs/msg/detail/bounding_box2_d__description.c
-- Installing: /workspace/jazzy_ws/install/include/vision_msgs/vision_msgs/msg/detail/vision_class__type_support.c
-- Installing: /workspace/jazzy_ws/install/include/vision_msgs/vision_msgs/msg/detail/detection3_d_array__functions.c
-- Installing: /workspace/jazzy_ws/install/include/vision_msgs/vision_msgs/msg/detail/vision_class__struct.h
-- Installing: /workspace/jazzy_ws/install/include/vision_msgs/vision_msgs/msg/detail/bounding_box2_d__functions.h
-- Installing: /workspace/jazzy_ws/install/include/vision_msgs/vision_msgs/msg/detail/classification__description.c
-- Installing: /workspace/jazzy_ws/install/include/vision_msgs/vision_msgs/msg/detail/label_info__functions.h
-- Installing: /workspace/jazzy_ws/install/include/vision_msgs/vision_msgs/msg/detail/bounding_box3_d_array__type_support.c
-- Installing: /workspace/jazzy_ws/install/include/vision_msgs/vision_msgs/msg/detail/vision_info__functions.c
-- Installing: /workspace/jazzy_ws/install/include/vision_msgs/vision_msgs/msg/detail/pose2_d__type_support.h
-- Installing: /workspace/jazzy_ws/install/include/vision_msgs/vision_msgs/msg/detail/object_hypothesis__description.c
-- Installing: /workspace/jazzy_ws/install/include/vision_msgs/vision_msgs/msg/detail/point2_d__struct.h
-- Installing: /workspace/jazzy_ws/install/include/vision_msgs/vision_msgs/msg/detail/object_hypothesis_with_pose__struct.h
-- Installing: /workspace/jazzy_ws/install/include/vision_msgs/vision_msgs/msg/detail/bounding_box3_d_array__struct.h
-- Installing: /workspace/jazzy_ws/install/include/vision_msgs/vision_msgs/msg/detail/classification__functions.h
-- Installing: /workspace/jazzy_ws/install/include/vision_msgs/vision_msgs/msg/detail/point2_d__type_support.c
-- Installing: /workspace/jazzy_ws/install/include/vision_msgs/vision_msgs/msg/detail/detection3_d__functions.c
-- Installing: /workspace/jazzy_ws/install/include/vision_msgs/vision_msgs/msg/detail/object_hypothesis__functions.c
-- Installing: /workspace/jazzy_ws/install/include/vision_msgs/vision_msgs/msg/detail/bounding_box2_d__type_support.c
-- Installing: /workspace/jazzy_ws/install/include/vision_msgs/vision_msgs/msg/detail/label_info__type_support.c
-- Installing: /workspace/jazzy_ws/install/include/vision_msgs/vision_msgs/msg/detail/bounding_box2_d_array__description.c
-- Installing: /workspace/jazzy_ws/install/include/vision_msgs/vision_msgs/msg/detail/detection2_d__description.c
-- Installing: /workspace/jazzy_ws/install/include/vision_msgs/vision_msgs/msg/detail/vision_class__functions.c
-- Installing: /workspace/jazzy_ws/install/include/vision_msgs/vision_msgs/msg/detail/bounding_box3_d__struct.h
-- Installing: /workspace/jazzy_ws/install/include/vision_msgs/vision_msgs/msg/detail/pose2_d__struct.h
-- Installing: /workspace/jazzy_ws/install/include/vision_msgs/vision_msgs/msg/detail/detection3_d_array__struct.h
-- Installing: /workspace/jazzy_ws/install/include/vision_msgs/vision_msgs/msg/detail/bounding_box3_d__type_support.c
-- Installing: /workspace/jazzy_ws/install/include/vision_msgs/vision_msgs/msg/detail/detection3_d_array__functions.h
-- Installing: /workspace/jazzy_ws/install/include/vision_msgs/vision_msgs/msg/detail/pose2_d__functions.h
-- Installing: /workspace/jazzy_ws/install/include/vision_msgs/vision_msgs/msg/detail/label_info__type_support.h
-- Installing: /workspace/jazzy_ws/install/include/vision_msgs/vision_msgs/msg/detail/object_hypothesis_with_pose__functions.c
-- Installing: /workspace/jazzy_ws/install/include/vision_msgs/vision_msgs/msg/detail/object_hypothesis_with_pose__type_support.c
-- Installing: /workspace/jazzy_ws/install/include/vision_msgs/vision_msgs/msg/detail/detection3_d__type_support.h
-- Installing: /workspace/jazzy_ws/install/include/vision_msgs/vision_msgs/msg/detail/vision_info__functions.h
-- Installing: /workspace/jazzy_ws/install/include/vision_msgs/vision_msgs/msg/detail/vision_class__functions.h
-- Installing: /workspace/jazzy_ws/install/include/vision_msgs/vision_msgs/msg/detail/detection3_d_array__type_support.c
-- Installing: /workspace/jazzy_ws/install/include/vision_msgs/vision_msgs/msg/detail/detection2_d_array__functions.h
-- Installing: /workspace/jazzy_ws/install/include/vision_msgs/vision_msgs/msg/detail/bounding_box2_d_array__type_support.c
-- Installing: /workspace/jazzy_ws/install/include/vision_msgs/vision_msgs/msg/detail/label_info__struct.h
-- Installing: /workspace/jazzy_ws/install/include/vision_msgs/vision_msgs/msg/detail/object_hypothesis__type_support.h
-- Installing: /workspace/jazzy_ws/install/include/vision_msgs/vision_msgs/msg/detail/bounding_box2_d__struct.h
-- Installing: /workspace/jazzy_ws/install/include/vision_msgs/vision_msgs/msg/detail/point2_d__functions.h
-- Installing: /workspace/jazzy_ws/install/include/vision_msgs/vision_msgs/msg/detail/bounding_box3_d_array__functions.h
-- Installing: /workspace/jazzy_ws/install/include/vision_msgs/vision_msgs/msg/detail/object_hypothesis_with_pose__description.c
-- Installing: /workspace/jazzy_ws/install/include/vision_msgs/vision_msgs/msg/detail/vision_info__type_support.c
-- Installing: /workspace/jazzy_ws/install/include/vision_msgs/vision_msgs/msg/detail/detection2_d_array__type_support.h
-- Installing: /workspace/jazzy_ws/install/include/vision_msgs/vision_msgs/msg/detail/pose2_d__description.c
-- Installing: /workspace/jazzy_ws/install/include/vision_msgs/vision_msgs/msg/detail/point2_d__functions.c
-- Installing: /workspace/jazzy_ws/install/include/vision_msgs/vision_msgs/msg/detail/classification__type_support.h
-- Installing: /workspace/jazzy_ws/install/include/vision_msgs/vision_msgs/msg/detail/vision_info__type_support.h
-- Installing: /workspace/jazzy_ws/install/include/vision_msgs/vision_msgs/msg/detail/bounding_box2_d_array__functions.h
-- Installing: /workspace/jazzy_ws/install/include/vision_msgs/vision_msgs/msg/detail/pose2_d__type_support.c
-- Installing: /workspace/jazzy_ws/install/include/vision_msgs/vision_msgs/msg/detail/detection2_d_array__functions.c
-- Installing: /workspace/jazzy_ws/install/include/vision_msgs/vision_msgs/msg/detail/classification__functions.c
-- Installing: /workspace/jazzy_ws/install/include/vision_msgs/vision_msgs/msg/detail/detection2_d_array__struct.h
-- Installing: /workspace/jazzy_ws/install/include/vision_msgs/vision_msgs/msg/detail/bounding_box2_d__type_support.h
-- Installing: /workspace/jazzy_ws/install/include/vision_msgs/vision_msgs/msg/detail/bounding_box2_d_array__type_support.h
-- Installing: /workspace/jazzy_ws/install/include/vision_msgs/vision_msgs/msg/detail/label_info__functions.c
-- Installing: /workspace/jazzy_ws/install/include/vision_msgs/vision_msgs/msg/detail/bounding_box2_d_array__struct.h
-- Installing: /workspace/jazzy_ws/install/include/vision_msgs/vision_msgs/msg/detail/vision_class__type_support.h
-- Installing: /workspace/jazzy_ws/install/include/vision_msgs/vision_msgs/msg/detail/bounding_box3_d__functions.c
-- Installing: /workspace/jazzy_ws/install/include/vision_msgs/vision_msgs/msg/detail/detection3_d__description.c
-- Installing: /workspace/jazzy_ws/install/include/vision_msgs/vision_msgs/msg/detail/detection2_d__type_support.h
-- Installing: /workspace/jazzy_ws/install/include/vision_msgs/vision_msgs/msg/detail/detection3_d__functions.h
-- Installing: /workspace/jazzy_ws/install/include/vision_msgs/vision_msgs/msg/detail/bounding_box3_d_array__functions.c
-- Installing: /workspace/jazzy_ws/install/include/vision_msgs/vision_msgs/msg/detail/bounding_box3_d_array__description.c
-- Installing: /workspace/jazzy_ws/install/include/vision_msgs/vision_msgs/msg/detail/detection3_d__struct.h
-- Installing: /workspace/jazzy_ws/install/include/vision_msgs/vision_msgs/msg/detail/object_hypothesis__type_support.c
-- Installing: /workspace/jazzy_ws/install/include/vision_msgs/vision_msgs/msg/detail/classification__type_support.c
-- Installing: /workspace/jazzy_ws/install/include/vision_msgs/vision_msgs/msg/detail/point2_d__type_support.h
-- Installing: /workspace/jazzy_ws/install/include/vision_msgs/vision_msgs/msg/detail/vision_info__struct.h
-- Installing: /workspace/jazzy_ws/install/include/vision_msgs/vision_msgs/msg/detail/detection2_d_array__description.c
-- Installing: /workspace/jazzy_ws/install/include/vision_msgs/vision_msgs/msg/detail/object_hypothesis_with_pose__functions.h
-- Installing: /workspace/jazzy_ws/install/include/vision_msgs/vision_msgs/msg/detail/detection2_d__functions.c
-- Installing: /workspace/jazzy_ws/install/include/vision_msgs/vision_msgs/msg/detail/bounding_box3_d__functions.h
-- Installing: /workspace/jazzy_ws/install/include/vision_msgs/vision_msgs/msg/detail/detection2_d__functions.h
-- Installing: /workspace/jazzy_ws/install/include/vision_msgs/vision_msgs/msg/detail/detection2_d__type_support.c
-- Installing: /workspace/jazzy_ws/install/include/vision_msgs/vision_msgs/msg/detail/classification__struct.h
-- Installing: /workspace/jazzy_ws/install/include/vision_msgs/vision_msgs/msg/detail/bounding_box3_d__type_support.h
-- Installing: /workspace/jazzy_ws/install/include/vision_msgs/vision_msgs/msg/detail/detection3_d_array__type_support.h
-- Installing: /workspace/jazzy_ws/install/include/vision_msgs/vision_msgs/msg/detail/detection2_d_array__type_support.c
-- Installing: /workspace/jazzy_ws/install/include/vision_msgs/vision_msgs/msg/detail/point2_d__description.c
-- Installing: /workspace/jazzy_ws/install/include/vision_msgs/vision_msgs/msg/detail/detection3_d__type_support.c
-- Installing: /workspace/jazzy_ws/install/include/vision_msgs/vision_msgs/msg/detail/object_hypothesis__struct.h
-- Installing: /workspace/jazzy_ws/install/include/vision_msgs/vision_msgs/msg/detail/bounding_box3_d_array__type_support.h
-- Installing: /workspace/jazzy_ws/install/include/vision_msgs/vision_msgs/msg/detail/vision_class__description.c
-- Installing: /workspace/jazzy_ws/install/include/vision_msgs/vision_msgs/msg/detail/object_hypothesis__functions.h
-- Installing: /workspace/jazzy_ws/install/include/vision_msgs/vision_msgs/msg/detail/label_info__description.c
-- Installing: /workspace/jazzy_ws/install/include/vision_msgs/vision_msgs/msg/detail/pose2_d__functions.c
-- Installing: /workspace/jazzy_ws/install/include/vision_msgs/vision_msgs/msg/detail/bounding_box2_d_array__functions.c
-- Installing: /workspace/jazzy_ws/install/include/vision_msgs/vision_msgs/msg/label_info.h
-- Installing: /workspace/jazzy_ws/install/include/vision_msgs/vision_msgs/msg/point2_d.h
-- Installing: /workspace/jazzy_ws/install/include/vision_msgs/vision_msgs/msg/bounding_box2_d_array.h
-- Installing: /workspace/jazzy_ws/install/include/vision_msgs/vision_msgs/msg/bounding_box3_d_array.h
-- Installing: /workspace/jazzy_ws/install/include/vision_msgs/vision_msgs/msg/detection3_d_array.h
-- Installing: /workspace/jazzy_ws/install/include/vision_msgs/vision_msgs/msg/vision_info.h
-- Installing: /workspace/jazzy_ws/install/include/vision_msgs/vision_msgs/msg/vision_class.h
-- Installing: /workspace/jazzy_ws/install/include/vision_msgs/vision_msgs/msg/bounding_box3_d.h
-- Installing: /workspace/jazzy_ws/install/include/vision_msgs/vision_msgs/msg/detection2_d_array.h
-- Installing: /workspace/jazzy_ws/install/include/vision_msgs/vision_msgs/msg/detection2_d.h
-- Installing: /workspace/jazzy_ws/install/include/vision_msgs/vision_msgs/msg/pose2_d.h
-- Installing: /workspace/jazzy_ws/install/include/vision_msgs/vision_msgs/msg/classification.h
-- Installing: /workspace/jazzy_ws/install/include/vision_msgs/vision_msgs/msg/object_hypothesis.h
-- Installing: /workspace/jazzy_ws/install/include/vision_msgs/vision_msgs/msg/bounding_box2_d.h
-- Installing: /workspace/jazzy_ws/install/include/vision_msgs/vision_msgs/msg/rosidl_generator_c__visibility_control.h
-- Installing: /workspace/jazzy_ws/install/include/vision_msgs/vision_msgs/msg/detection3_d.h
-- Installing: /workspace/jazzy_ws/install/include/vision_msgs/vision_msgs/msg/object_hypothesis_with_pose.h
-- Installing: /workspace/jazzy_ws/install/share/vision_msgs/environment/library_path.sh
-- Installing: /workspace/jazzy_ws/install/share/vision_msgs/environment/library_path.dsv
-- Installing: /workspace/jazzy_ws/install/lib/libvision_msgs__rosidl_generator_c.so
-- Set non-toolchain portion of runtime path of "/workspace/jazzy_ws/install/lib/libvision_msgs__rosidl_generator_c.so" to ""
-- Up-to-date: /workspace/jazzy_ws/install/include/vision_msgs/vision_msgs
-- Up-to-date: /workspace/jazzy_ws/install/include/vision_msgs/vision_msgs/msg
-- Up-to-date: /workspace/jazzy_ws/install/include/vision_msgs/vision_msgs/msg/detail
-- Installing: /workspace/jazzy_ws/install/include/vision_msgs/vision_msgs/msg/detail/point2_d__rosidl_typesupport_fastrtps_c.h
-- Installing: /workspace/jazzy_ws/install/include/vision_msgs/vision_msgs/msg/detail/classification__rosidl_typesupport_fastrtps_c.h
-- Installing: /workspace/jazzy_ws/install/include/vision_msgs/vision_msgs/msg/detail/pose2_d__rosidl_typesupport_fastrtps_c.h
-- Installing: /workspace/jazzy_ws/install/include/vision_msgs/vision_msgs/msg/detail/bounding_box3_d_array__rosidl_typesupport_fastrtps_c.h
-- Installing: /workspace/jazzy_ws/install/include/vision_msgs/vision_msgs/msg/detail/label_info__rosidl_typesupport_fastrtps_c.h
-- Installing: /workspace/jazzy_ws/install/include/vision_msgs/vision_msgs/msg/detail/bounding_box2_d_array__rosidl_typesupport_fastrtps_c.h
-- Installing: /workspace/jazzy_ws/install/include/vision_msgs/vision_msgs/msg/detail/vision_class__rosidl_typesupport_fastrtps_c.h
-- Installing: /workspace/jazzy_ws/install/include/vision_msgs/vision_msgs/msg/detail/detection2_d_array__rosidl_typesupport_fastrtps_c.h
-- Installing: /workspace/jazzy_ws/install/include/vision_msgs/vision_msgs/msg/detail/bounding_box2_d__rosidl_typesupport_fastrtps_c.h
-- Installing: /workspace/jazzy_ws/install/include/vision_msgs/vision_msgs/msg/detail/bounding_box3_d__rosidl_typesupport_fastrtps_c.h
-- Installing: /workspace/jazzy_ws/install/include/vision_msgs/vision_msgs/msg/detail/detection2_d__rosidl_typesupport_fastrtps_c.h
-- Installing: /workspace/jazzy_ws/install/include/vision_msgs/vision_msgs/msg/detail/detection3_d_array__rosidl_typesupport_fastrtps_c.h
-- Installing: /workspace/jazzy_ws/install/include/vision_msgs/vision_msgs/msg/detail/object_hypothesis__rosidl_typesupport_fastrtps_c.h
-- Installing: /workspace/jazzy_ws/install/include/vision_msgs/vision_msgs/msg/detail/detection3_d__rosidl_typesupport_fastrtps_c.h
-- Installing: /workspace/jazzy_ws/install/include/vision_msgs/vision_msgs/msg/detail/vision_info__rosidl_typesupport_fastrtps_c.h
-- Installing: /workspace/jazzy_ws/install/include/vision_msgs/vision_msgs/msg/detail/object_hypothesis_with_pose__rosidl_typesupport_fastrtps_c.h
-- Installing: /workspace/jazzy_ws/install/include/vision_msgs/vision_msgs/msg/rosidl_typesupport_fastrtps_c__visibility_control.h
-- Installing: /workspace/jazzy_ws/install/lib/libvision_msgs__rosidl_typesupport_fastrtps_c.so
-- Set non-toolchain portion of runtime path of "/workspace/jazzy_ws/install/lib/libvision_msgs__rosidl_typesupport_fastrtps_c.so" to ""
-- Up-to-date: /workspace/jazzy_ws/install/include/vision_msgs/vision_msgs
-- Up-to-date: /workspace/jazzy_ws/install/include/vision_msgs/vision_msgs/msg
-- Up-to-date: /workspace/jazzy_ws/install/include/vision_msgs/vision_msgs/msg/detail
-- Installing: /workspace/jazzy_ws/install/include/vision_msgs/vision_msgs/msg/detail/detection3_d_array__traits.hpp
-- Installing: /workspace/jazzy_ws/install/include/vision_msgs/vision_msgs/msg/detail/object_hypothesis__struct.hpp
-- Installing: /workspace/jazzy_ws/install/include/vision_msgs/vision_msgs/msg/detail/pose2_d__struct.hpp
-- Installing: /workspace/jazzy_ws/install/include/vision_msgs/vision_msgs/msg/detail/detection3_d_array__type_support.hpp
-- Installing: /workspace/jazzy_ws/install/include/vision_msgs/vision_msgs/msg/detail/object_hypothesis_with_pose__struct.hpp
-- Installing: /workspace/jazzy_ws/install/include/vision_msgs/vision_msgs/msg/detail/detection2_d_array__traits.hpp
-- Installing: /workspace/jazzy_ws/install/include/vision_msgs/vision_msgs/msg/detail/vision_class__builder.hpp
-- Installing: /workspace/jazzy_ws/install/include/vision_msgs/vision_msgs/msg/detail/object_hypothesis_with_pose__type_support.hpp
-- Installing: /workspace/jazzy_ws/install/include/vision_msgs/vision_msgs/msg/detail/bounding_box3_d_array__type_support.hpp
-- Installing: /workspace/jazzy_ws/install/include/vision_msgs/vision_msgs/msg/detail/detection2_d_array__builder.hpp
-- Installing: /workspace/jazzy_ws/install/include/vision_msgs/vision_msgs/msg/detail/classification__struct.hpp
-- Installing: /workspace/jazzy_ws/install/include/vision_msgs/vision_msgs/msg/detail/vision_class__struct.hpp
-- Installing: /workspace/jazzy_ws/install/include/vision_msgs/vision_msgs/msg/detail/bounding_box2_d_array__traits.hpp
-- Installing: /workspace/jazzy_ws/install/include/vision_msgs/vision_msgs/msg/detail/pose2_d__traits.hpp
-- Installing: /workspace/jazzy_ws/install/include/vision_msgs/vision_msgs/msg/detail/classification__builder.hpp
-- Installing: /workspace/jazzy_ws/install/include/vision_msgs/vision_msgs/msg/detail/bounding_box2_d__traits.hpp
-- Installing: /workspace/jazzy_ws/install/include/vision_msgs/vision_msgs/msg/detail/detection3_d__builder.hpp
-- Installing: /workspace/jazzy_ws/install/include/vision_msgs/vision_msgs/msg/detail/detection2_d_array__struct.hpp
-- Installing: /workspace/jazzy_ws/install/include/vision_msgs/vision_msgs/msg/detail/vision_info__struct.hpp
-- Installing: /workspace/jazzy_ws/install/include/vision_msgs/vision_msgs/msg/detail/bounding_box3_d_array__builder.hpp
-- Installing: /workspace/jazzy_ws/install/include/vision_msgs/vision_msgs/msg/detail/detection2_d__type_support.hpp
-- Installing: /workspace/jazzy_ws/install/include/vision_msgs/vision_msgs/msg/detail/point2_d__struct.hpp
-- Installing: /workspace/jazzy_ws/install/include/vision_msgs/vision_msgs/msg/detail/detection2_d__builder.hpp
-- Installing: /workspace/jazzy_ws/install/include/vision_msgs/vision_msgs/msg/detail/bounding_box3_d_array__struct.hpp
-- Installing: /workspace/jazzy_ws/install/include/vision_msgs/vision_msgs/msg/detail/label_info__struct.hpp
-- Installing: /workspace/jazzy_ws/install/include/vision_msgs/vision_msgs/msg/detail/detection3_d_array__struct.hpp
-- Installing: /workspace/jazzy_ws/install/include/vision_msgs/vision_msgs/msg/detail/detection2_d__traits.hpp
-- Installing: /workspace/jazzy_ws/install/include/vision_msgs/vision_msgs/msg/detail/object_hypothesis__traits.hpp
-- Installing: /workspace/jazzy_ws/install/include/vision_msgs/vision_msgs/msg/detail/bounding_box3_d__struct.hpp
-- Installing: /workspace/jazzy_ws/install/include/vision_msgs/vision_msgs/msg/detail/bounding_box2_d__builder.hpp
-- Installing: /workspace/jazzy_ws/install/include/vision_msgs/vision_msgs/msg/detail/pose2_d__type_support.hpp
-- Installing: /workspace/jazzy_ws/install/include/vision_msgs/vision_msgs/msg/detail/detection3_d__traits.hpp
-- Installing: /workspace/jazzy_ws/install/include/vision_msgs/vision_msgs/msg/detail/label_info__builder.hpp
-- Installing: /workspace/jazzy_ws/install/include/vision_msgs/vision_msgs/msg/detail/point2_d__builder.hpp
-- Installing: /workspace/jazzy_ws/install/include/vision_msgs/vision_msgs/msg/detail/bounding_box3_d__traits.hpp
-- Installing: /workspace/jazzy_ws/install/include/vision_msgs/vision_msgs/msg/detail/detection3_d__type_support.hpp
-- Installing: /workspace/jazzy_ws/install/include/vision_msgs/vision_msgs/msg/detail/classification__traits.hpp
-- Installing: /workspace/jazzy_ws/install/include/vision_msgs/vision_msgs/msg/detail/vision_info__type_support.hpp
-- Installing: /workspace/jazzy_ws/install/include/vision_msgs/vision_msgs/msg/detail/classification__type_support.hpp
-- Installing: /workspace/jazzy_ws/install/include/vision_msgs/vision_msgs/msg/detail/vision_class__traits.hpp
-- Installing: /workspace/jazzy_ws/install/include/vision_msgs/vision_msgs/msg/detail/bounding_box2_d__type_support.hpp
-- Installing: /workspace/jazzy_ws/install/include/vision_msgs/vision_msgs/msg/detail/vision_info__builder.hpp
-- Installing: /workspace/jazzy_ws/install/include/vision_msgs/vision_msgs/msg/detail/object_hypothesis_with_pose__builder.hpp
-- Installing: /workspace/jazzy_ws/install/include/vision_msgs/vision_msgs/msg/detail/bounding_box3_d__type_support.hpp
-- Installing: /workspace/jazzy_ws/install/include/vision_msgs/vision_msgs/msg/detail/point2_d__traits.hpp
-- Installing: /workspace/jazzy_ws/install/include/vision_msgs/vision_msgs/msg/detail/bounding_box2_d__struct.hpp
-- Installing: /workspace/jazzy_ws/install/include/vision_msgs/vision_msgs/msg/detail/detection3_d__struct.hpp
-- Installing: /workspace/jazzy_ws/install/include/vision_msgs/vision_msgs/msg/detail/vision_class__type_support.hpp
-- Installing: /workspace/jazzy_ws/install/include/vision_msgs/vision_msgs/msg/detail/detection2_d_array__type_support.hpp
-- Installing: /workspace/jazzy_ws/install/include/vision_msgs/vision_msgs/msg/detail/point2_d__type_support.hpp
-- Installing: /workspace/jazzy_ws/install/include/vision_msgs/vision_msgs/msg/detail/vision_info__traits.hpp
-- Installing: /workspace/jazzy_ws/install/include/vision_msgs/vision_msgs/msg/detail/label_info__traits.hpp
-- Installing: /workspace/jazzy_ws/install/include/vision_msgs/vision_msgs/msg/detail/object_hypothesis__type_support.hpp
-- Installing: /workspace/jazzy_ws/install/include/vision_msgs/vision_msgs/msg/detail/object_hypothesis_with_pose__traits.hpp
-- Installing: /workspace/jazzy_ws/install/include/vision_msgs/vision_msgs/msg/detail/bounding_box3_d_array__traits.hpp
-- Installing: /workspace/jazzy_ws/install/include/vision_msgs/vision_msgs/msg/detail/bounding_box2_d_array__struct.hpp
-- Installing: /workspace/jazzy_ws/install/include/vision_msgs/vision_msgs/msg/detail/detection2_d__struct.hpp
-- Installing: /workspace/jazzy_ws/install/include/vision_msgs/vision_msgs/msg/detail/bounding_box3_d__builder.hpp
-- Installing: /workspace/jazzy_ws/install/include/vision_msgs/vision_msgs/msg/detail/pose2_d__builder.hpp
-- Installing: /workspace/jazzy_ws/install/include/vision_msgs/vision_msgs/msg/detail/object_hypothesis__builder.hpp
-- Installing: /workspace/jazzy_ws/install/include/vision_msgs/vision_msgs/msg/detail/bounding_box2_d_array__builder.hpp
-- Installing: /workspace/jazzy_ws/install/include/vision_msgs/vision_msgs/msg/detail/label_info__type_support.hpp
-- Installing: /workspace/jazzy_ws/install/include/vision_msgs/vision_msgs/msg/detail/detection3_d_array__builder.hpp
-- Installing: /workspace/jazzy_ws/install/include/vision_msgs/vision_msgs/msg/detail/bounding_box2_d_array__type_support.hpp
-- Installing: /workspace/jazzy_ws/install/include/vision_msgs/vision_msgs/msg/label_info.hpp
-- Installing: /workspace/jazzy_ws/install/include/vision_msgs/vision_msgs/msg/pose2_d.hpp
-- Installing: /workspace/jazzy_ws/install/include/vision_msgs/vision_msgs/msg/detection2_d.hpp
-- Installing: /workspace/jazzy_ws/install/include/vision_msgs/vision_msgs/msg/rosidl_generator_cpp__visibility_control.hpp
-- Installing: /workspace/jazzy_ws/install/include/vision_msgs/vision_msgs/msg/bounding_box3_d_array.hpp
-- Installing: /workspace/jazzy_ws/install/include/vision_msgs/vision_msgs/msg/classification.hpp
-- Installing: /workspace/jazzy_ws/install/include/vision_msgs/vision_msgs/msg/point2_d.hpp
-- Installing: /workspace/jazzy_ws/install/include/vision_msgs/vision_msgs/msg/detection2_d_array.hpp
-- Installing: /workspace/jazzy_ws/install/include/vision_msgs/vision_msgs/msg/detection3_d_array.hpp
-- Installing: /workspace/jazzy_ws/install/include/vision_msgs/vision_msgs/msg/bounding_box2_d.hpp
-- Installing: /workspace/jazzy_ws/install/include/vision_msgs/vision_msgs/msg/detection3_d.hpp
-- Installing: /workspace/jazzy_ws/install/include/vision_msgs/vision_msgs/msg/object_hypothesis_with_pose.hpp
-- Installing: /workspace/jazzy_ws/install/include/vision_msgs/vision_msgs/msg/object_hypothesis.hpp
-- Installing: /workspace/jazzy_ws/install/include/vision_msgs/vision_msgs/msg/bounding_box2_d_array.hpp
-- Installing: /workspace/jazzy_ws/install/include/vision_msgs/vision_msgs/msg/vision_info.hpp
-- Installing: /workspace/jazzy_ws/install/include/vision_msgs/vision_msgs/msg/vision_class.hpp
-- Installing: /workspace/jazzy_ws/install/include/vision_msgs/vision_msgs/msg/bounding_box3_d.hpp
-- Up-to-date: /workspace/jazzy_ws/install/include/vision_msgs/vision_msgs
-- Up-to-date: /workspace/jazzy_ws/install/include/vision_msgs/vision_msgs/msg
-- Up-to-date: /workspace/jazzy_ws/install/include/vision_msgs/vision_msgs/msg/detail
-- Installing: /workspace/jazzy_ws/install/include/vision_msgs/vision_msgs/msg/detail/detection2_d__rosidl_typesupport_fastrtps_cpp.hpp
-- Installing: /workspace/jazzy_ws/install/include/vision_msgs/vision_msgs/msg/detail/object_hypothesis__rosidl_typesupport_fastrtps_cpp.hpp
-- Installing: /workspace/jazzy_ws/install/include/vision_msgs/vision_msgs/msg/detail/classification__rosidl_typesupport_fastrtps_cpp.hpp
-- Installing: /workspace/jazzy_ws/install/include/vision_msgs/vision_msgs/msg/detail/bounding_box2_d_array__rosidl_typesupport_fastrtps_cpp.hpp
-- Installing: /workspace/jazzy_ws/install/include/vision_msgs/vision_msgs/msg/detail/vision_class__rosidl_typesupport_fastrtps_cpp.hpp
-- Installing: /workspace/jazzy_ws/install/include/vision_msgs/vision_msgs/msg/detail/detection3_d__rosidl_typesupport_fastrtps_cpp.hpp
-- Installing: /workspace/jazzy_ws/install/include/vision_msgs/vision_msgs/msg/detail/bounding_box2_d__rosidl_typesupport_fastrtps_cpp.hpp
-- Installing: /workspace/jazzy_ws/install/include/vision_msgs/vision_msgs/msg/detail/bounding_box3_d__rosidl_typesupport_fastrtps_cpp.hpp
-- Installing: /workspace/jazzy_ws/install/include/vision_msgs/vision_msgs/msg/detail/dds_fastrtps
-- Installing: /workspace/jazzy_ws/install/include/vision_msgs/vision_msgs/msg/detail/point2_d__rosidl_typesupport_fastrtps_cpp.hpp
-- Installing: /workspace/jazzy_ws/install/include/vision_msgs/vision_msgs/msg/detail/detection3_d_array__rosidl_typesupport_fastrtps_cpp.hpp
-- Installing: /workspace/jazzy_ws/install/include/vision_msgs/vision_msgs/msg/detail/bounding_box3_d_array__rosidl_typesupport_fastrtps_cpp.hpp
-- Installing: /workspace/jazzy_ws/install/include/vision_msgs/vision_msgs/msg/detail/object_hypothesis_with_pose__rosidl_typesupport_fastrtps_cpp.hpp
-- Installing: /workspace/jazzy_ws/install/include/vision_msgs/vision_msgs/msg/detail/vision_info__rosidl_typesupport_fastrtps_cpp.hpp
-- Installing: /workspace/jazzy_ws/install/include/vision_msgs/vision_msgs/msg/detail/label_info__rosidl_typesupport_fastrtps_cpp.hpp
-- Installing: /workspace/jazzy_ws/install/include/vision_msgs/vision_msgs/msg/detail/detection2_d_array__rosidl_typesupport_fastrtps_cpp.hpp
-- Installing: /workspace/jazzy_ws/install/include/vision_msgs/vision_msgs/msg/detail/pose2_d__rosidl_typesupport_fastrtps_cpp.hpp
-- Installing: /workspace/jazzy_ws/install/include/vision_msgs/vision_msgs/msg/rosidl_typesupport_fastrtps_cpp__visibility_control.h
-- Installing: /workspace/jazzy_ws/install/lib/libvision_msgs__rosidl_typesupport_fastrtps_cpp.so
-- Set non-toolchain portion of runtime path of "/workspace/jazzy_ws/install/lib/libvision_msgs__rosidl_typesupport_fastrtps_cpp.so" to ""
-- Up-to-date: /workspace/jazzy_ws/install/include/vision_msgs/vision_msgs
-- Up-to-date: /workspace/jazzy_ws/install/include/vision_msgs/vision_msgs/msg
-- Up-to-date: /workspace/jazzy_ws/install/include/vision_msgs/vision_msgs/msg/detail
-- Installing: /workspace/jazzy_ws/install/include/vision_msgs/vision_msgs/msg/detail/vision_class__type_support.c
-- Installing: /workspace/jazzy_ws/install/include/vision_msgs/vision_msgs/msg/detail/detection2_d_array__rosidl_typesupport_introspection_c.h
-- Installing: /workspace/jazzy_ws/install/include/vision_msgs/vision_msgs/msg/detail/bounding_box3_d_array__type_support.c
-- Installing: /workspace/jazzy_ws/install/include/vision_msgs/vision_msgs/msg/detail/classification__rosidl_typesupport_introspection_c.h
-- Installing: /workspace/jazzy_ws/install/include/vision_msgs/vision_msgs/msg/detail/object_hypothesis_with_pose__rosidl_typesupport_introspection_c.h
-- Installing: /workspace/jazzy_ws/install/include/vision_msgs/vision_msgs/msg/detail/point2_d__type_support.c
-- Installing: /workspace/jazzy_ws/install/include/vision_msgs/vision_msgs/msg/detail/bounding_box3_d__rosidl_typesupport_introspection_c.h
-- Installing: /workspace/jazzy_ws/install/include/vision_msgs/vision_msgs/msg/detail/bounding_box2_d__type_support.c
-- Installing: /workspace/jazzy_ws/install/include/vision_msgs/vision_msgs/msg/detail/bounding_box3_d_array__rosidl_typesupport_introspection_c.h
-- Installing: /workspace/jazzy_ws/install/include/vision_msgs/vision_msgs/msg/detail/pose2_d__rosidl_typesupport_introspection_c.h
-- Installing: /workspace/jazzy_ws/install/include/vision_msgs/vision_msgs/msg/detail/vision_class__rosidl_typesupport_introspection_c.h
-- Installing: /workspace/jazzy_ws/install/include/vision_msgs/vision_msgs/msg/detail/label_info__type_support.c
-- Installing: /workspace/jazzy_ws/install/include/vision_msgs/vision_msgs/msg/detail/bounding_box2_d__rosidl_typesupport_introspection_c.h
-- Installing: /workspace/jazzy_ws/install/include/vision_msgs/vision_msgs/msg/detail/bounding_box3_d__type_support.c
-- Installing: /workspace/jazzy_ws/install/include/vision_msgs/vision_msgs/msg/detail/object_hypothesis_with_pose__type_support.c
-- Installing: /workspace/jazzy_ws/install/include/vision_msgs/vision_msgs/msg/detail/detection3_d_array__type_support.c
-- Installing: /workspace/jazzy_ws/install/include/vision_msgs/vision_msgs/msg/detail/bounding_box2_d_array__type_support.c
-- Installing: /workspace/jazzy_ws/install/include/vision_msgs/vision_msgs/msg/detail/point2_d__rosidl_typesupport_introspection_c.h
-- Installing: /workspace/jazzy_ws/install/include/vision_msgs/vision_msgs/msg/detail/vision_info__rosidl_typesupport_introspection_c.h
-- Installing: /workspace/jazzy_ws/install/include/vision_msgs/vision_msgs/msg/detail/label_info__rosidl_typesupport_introspection_c.h
-- Installing: /workspace/jazzy_ws/install/include/vision_msgs/vision_msgs/msg/detail/vision_info__type_support.c
-- Installing: /workspace/jazzy_ws/install/include/vision_msgs/vision_msgs/msg/detail/pose2_d__type_support.c
-- Installing: /workspace/jazzy_ws/install/include/vision_msgs/vision_msgs/msg/detail/bounding_box2_d_array__rosidl_typesupport_introspection_c.h
-- Installing: /workspace/jazzy_ws/install/include/vision_msgs/vision_msgs/msg/detail/detection3_d_array__rosidl_typesupport_introspection_c.h
-- Installing: /workspace/jazzy_ws/install/include/vision_msgs/vision_msgs/msg/detail/object_hypothesis__rosidl_typesupport_introspection_c.h
-- Installing: /workspace/jazzy_ws/install/include/vision_msgs/vision_msgs/msg/detail/object_hypothesis__type_support.c
-- Installing: /workspace/jazzy_ws/install/include/vision_msgs/vision_msgs/msg/detail/classification__type_support.c
-- Installing: /workspace/jazzy_ws/install/include/vision_msgs/vision_msgs/msg/detail/detection2_d__rosidl_typesupport_introspection_c.h
-- Installing: /workspace/jazzy_ws/install/include/vision_msgs/vision_msgs/msg/detail/detection2_d__type_support.c
-- Installing: /workspace/jazzy_ws/install/include/vision_msgs/vision_msgs/msg/detail/detection2_d_array__type_support.c
-- Installing: /workspace/jazzy_ws/install/include/vision_msgs/vision_msgs/msg/detail/detection3_d__type_support.c
-- Installing: /workspace/jazzy_ws/install/include/vision_msgs/vision_msgs/msg/detail/detection3_d__rosidl_typesupport_introspection_c.h
-- Installing: /workspace/jazzy_ws/install/include/vision_msgs/vision_msgs/msg/rosidl_typesupport_introspection_c__visibility_control.h
-- Installing: /workspace/jazzy_ws/install/lib/libvision_msgs__rosidl_typesupport_introspection_c.so
-- Set non-toolchain portion of runtime path of "/workspace/jazzy_ws/install/lib/libvision_msgs__rosidl_typesupport_introspection_c.so" to ""
-- Installing: /workspace/jazzy_ws/install/lib/libvision_msgs__rosidl_typesupport_c.so
-- Set non-toolchain portion of runtime path of "/workspace/jazzy_ws/install/lib/libvision_msgs__rosidl_typesupport_c.so" to ""
-- Up-to-date: /workspace/jazzy_ws/install/include/vision_msgs/vision_msgs
-- Up-to-date: /workspace/jazzy_ws/install/include/vision_msgs/vision_msgs/msg
-- Up-to-date: /workspace/jazzy_ws/install/include/vision_msgs/vision_msgs/msg/detail
-- Installing: /workspace/jazzy_ws/install/include/vision_msgs/vision_msgs/msg/detail/detection3_d_array__type_support.cpp
-- Installing: /workspace/jazzy_ws/install/include/vision_msgs/vision_msgs/msg/detail/classification__type_support.cpp
-- Installing: /workspace/jazzy_ws/install/include/vision_msgs/vision_msgs/msg/detail/object_hypothesis_with_pose__rosidl_typesupport_introspection_cpp.hpp
-- Installing: /workspace/jazzy_ws/install/include/vision_msgs/vision_msgs/msg/detail/point2_d__rosidl_typesupport_introspection_cpp.hpp
-- Installing: /workspace/jazzy_ws/install/include/vision_msgs/vision_msgs/msg/detail/vision_class__type_support.cpp
-- Installing: /workspace/jazzy_ws/install/include/vision_msgs/vision_msgs/msg/detail/bounding_box3_d_array__rosidl_typesupport_introspection_cpp.hpp
-- Installing: /workspace/jazzy_ws/install/include/vision_msgs/vision_msgs/msg/detail/object_hypothesis__type_support.cpp
-- Installing: /workspace/jazzy_ws/install/include/vision_msgs/vision_msgs/msg/detail/detection2_d_array__type_support.cpp
-- Installing: /workspace/jazzy_ws/install/include/vision_msgs/vision_msgs/msg/detail/classification__rosidl_typesupport_introspection_cpp.hpp
-- Installing: /workspace/jazzy_ws/install/include/vision_msgs/vision_msgs/msg/detail/detection2_d__type_support.cpp
-- Installing: /workspace/jazzy_ws/install/include/vision_msgs/vision_msgs/msg/detail/bounding_box3_d_array__type_support.cpp
-- Installing: /workspace/jazzy_ws/install/include/vision_msgs/vision_msgs/msg/detail/bounding_box2_d_array__type_support.cpp
-- Installing: /workspace/jazzy_ws/install/include/vision_msgs/vision_msgs/msg/detail/label_info__type_support.cpp
-- Installing: /workspace/jazzy_ws/install/include/vision_msgs/vision_msgs/msg/detail/bounding_box2_d__rosidl_typesupport_introspection_cpp.hpp
-- Installing: /workspace/jazzy_ws/install/include/vision_msgs/vision_msgs/msg/detail/pose2_d__type_support.cpp
-- Installing: /workspace/jazzy_ws/install/include/vision_msgs/vision_msgs/msg/detail/vision_class__rosidl_typesupport_introspection_cpp.hpp
-- Installing: /workspace/jazzy_ws/install/include/vision_msgs/vision_msgs/msg/detail/detection2_d_array__rosidl_typesupport_introspection_cpp.hpp
-- Installing: /workspace/jazzy_ws/install/include/vision_msgs/vision_msgs/msg/detail/vision_info__type_support.cpp
-- Installing: /workspace/jazzy_ws/install/include/vision_msgs/vision_msgs/msg/detail/pose2_d__rosidl_typesupport_introspection_cpp.hpp
-- Installing: /workspace/jazzy_ws/install/include/vision_msgs/vision_msgs/msg/detail/detection3_d__rosidl_typesupport_introspection_cpp.hpp
-- Installing: /workspace/jazzy_ws/install/include/vision_msgs/vision_msgs/msg/detail/bounding_box3_d__type_support.cpp
-- Installing: /workspace/jazzy_ws/install/include/vision_msgs/vision_msgs/msg/detail/label_info__rosidl_typesupport_introspection_cpp.hpp
-- Installing: /workspace/jazzy_ws/install/include/vision_msgs/vision_msgs/msg/detail/detection3_d__type_support.cpp
-- Installing: /workspace/jazzy_ws/install/include/vision_msgs/vision_msgs/msg/detail/object_hypothesis_with_pose__type_support.cpp
-- Installing: /workspace/jazzy_ws/install/include/vision_msgs/vision_msgs/msg/detail/bounding_box2_d_array__rosidl_typesupport_introspection_cpp.hpp
-- Installing: /workspace/jazzy_ws/install/include/vision_msgs/vision_msgs/msg/detail/point2_d__type_support.cpp
-- Installing: /workspace/jazzy_ws/install/include/vision_msgs/vision_msgs/msg/detail/vision_info__rosidl_typesupport_introspection_cpp.hpp
-- Installing: /workspace/jazzy_ws/install/include/vision_msgs/vision_msgs/msg/detail/detection3_d_array__rosidl_typesupport_introspection_cpp.hpp
-- Installing: /workspace/jazzy_ws/install/include/vision_msgs/vision_msgs/msg/detail/detection2_d__rosidl_typesupport_introspection_cpp.hpp
-- Installing: /workspace/jazzy_ws/install/include/vision_msgs/vision_msgs/msg/detail/bounding_box3_d__rosidl_typesupport_introspection_cpp.hpp
-- Installing: /workspace/jazzy_ws/install/include/vision_msgs/vision_msgs/msg/detail/bounding_box2_d__type_support.cpp
-- Installing: /workspace/jazzy_ws/install/include/vision_msgs/vision_msgs/msg/detail/object_hypothesis__rosidl_typesupport_introspection_cpp.hpp
-- Installing: /workspace/jazzy_ws/install/lib/libvision_msgs__rosidl_typesupport_introspection_cpp.so
-- Set non-toolchain portion of runtime path of "/workspace/jazzy_ws/install/lib/libvision_msgs__rosidl_typesupport_introspection_cpp.so" to ""
-- Installing: /workspace/jazzy_ws/install/lib/libvision_msgs__rosidl_typesupport_cpp.so
-- Set non-toolchain portion of runtime path of "/workspace/jazzy_ws/install/lib/libvision_msgs__rosidl_typesupport_cpp.so" to ""
-- Installing: /workspace/jazzy_ws/install/share/vision_msgs/environment/pythonpath.sh
-- Installing: /workspace/jazzy_ws/install/share/vision_msgs/environment/pythonpath.dsv
-- Installing: /workspace/jazzy_ws/install/lib/python3.12/site-packages/vision_msgs-4.1.1-py3.12.egg-info
-- Installing: /workspace/jazzy_ws/install/lib/python3.12/site-packages/vision_msgs-4.1.1-py3.12.egg-info/PKG-INFO
-- Installing: /workspace/jazzy_ws/install/lib/python3.12/site-packages/vision_msgs-4.1.1-py3.12.egg-info/SOURCES.txt
-- Installing: /workspace/jazzy_ws/install/lib/python3.12/site-packages/vision_msgs-4.1.1-py3.12.egg-info/top_level.txt
-- Installing: /workspace/jazzy_ws/install/lib/python3.12/site-packages/vision_msgs-4.1.1-py3.12.egg-info/dependency_links.txt
-- Installing: /workspace/jazzy_ws/install/lib/python3.12/site-packages/vision_msgs
-- Installing: /workspace/jazzy_ws/install/lib/python3.12/site-packages/vision_msgs/_vision_msgs_s.ep.rosidl_typesupport_fastrtps_c.c
-- Installing: /workspace/jazzy_ws/install/lib/python3.12/site-packages/vision_msgs/vision_msgs_s__rosidl_typesupport_fastrtps_c.so
-- Installing: /workspace/jazzy_ws/install/lib/python3.12/site-packages/vision_msgs/msg
-- Installing: /workspace/jazzy_ws/install/lib/python3.12/site-packages/vision_msgs/msg/_label_info_s.c
-- Installing: /workspace/jazzy_ws/install/lib/python3.12/site-packages/vision_msgs/msg/_classification.py
-- Installing: /workspace/jazzy_ws/install/lib/python3.12/site-packages/vision_msgs/msg/_object_hypothesis_with_pose.py
-- Installing: /workspace/jazzy_ws/install/lib/python3.12/site-packages/vision_msgs/msg/_vision_info_s.c
-- Installing: /workspace/jazzy_ws/install/lib/python3.12/site-packages/vision_msgs/msg/_bounding_box2_d.py
-- Installing: /workspace/jazzy_ws/install/lib/python3.12/site-packages/vision_msgs/msg/_detection2_d_s.c
-- Installing: /workspace/jazzy_ws/install/lib/python3.12/site-packages/vision_msgs/msg/_pose2_d_s.c
-- Installing: /workspace/jazzy_ws/install/lib/python3.12/site-packages/vision_msgs/msg/_detection2_d.py
-- Installing: /workspace/jazzy_ws/install/lib/python3.12/site-packages/vision_msgs/msg/_label_info.py
-- Installing: /workspace/jazzy_ws/install/lib/python3.12/site-packages/vision_msgs/msg/__init__.py
-- Installing: /workspace/jazzy_ws/install/lib/python3.12/site-packages/vision_msgs/msg/_detection3_d.py
-- Installing: /workspace/jazzy_ws/install/lib/python3.12/site-packages/vision_msgs/msg/_vision_class_s.c
-- Installing: /workspace/jazzy_ws/install/lib/python3.12/site-packages/vision_msgs/msg/_object_hypothesis_s.c
-- Installing: /workspace/jazzy_ws/install/lib/python3.12/site-packages/vision_msgs/msg/_object_hypothesis_with_pose_s.c
-- Installing: /workspace/jazzy_ws/install/lib/python3.12/site-packages/vision_msgs/msg/_point2_d.py
-- Installing: /workspace/jazzy_ws/install/lib/python3.12/site-packages/vision_msgs/msg/_detection2_d_array_s.c
-- Installing: /workspace/jazzy_ws/install/lib/python3.12/site-packages/vision_msgs/msg/_bounding_box2_d_array_s.c
-- Installing: /workspace/jazzy_ws/install/lib/python3.12/site-packages/vision_msgs/msg/_bounding_box3_d_array_s.c
-- Installing: /workspace/jazzy_ws/install/lib/python3.12/site-packages/vision_msgs/msg/_detection2_d_array.py
-- Installing: /workspace/jazzy_ws/install/lib/python3.12/site-packages/vision_msgs/msg/_object_hypothesis.py
-- Installing: /workspace/jazzy_ws/install/lib/python3.12/site-packages/vision_msgs/msg/_vision_info.py
-- Installing: /workspace/jazzy_ws/install/lib/python3.12/site-packages/vision_msgs/msg/_pose2_d.py
-- Installing: /workspace/jazzy_ws/install/lib/python3.12/site-packages/vision_msgs/msg/_detection3_d_s.c
-- Installing: /workspace/jazzy_ws/install/lib/python3.12/site-packages/vision_msgs/msg/_bounding_box2_d_array.py
-- Installing: /workspace/jazzy_ws/install/lib/python3.12/site-packages/vision_msgs/msg/_bounding_box2_d_s.c
-- Installing: /workspace/jazzy_ws/install/lib/python3.12/site-packages/vision_msgs/msg/_detection3_d_array_s.c
-- Installing: /workspace/jazzy_ws/install/lib/python3.12/site-packages/vision_msgs/msg/_bounding_box3_d_array.py
-- Installing: /workspace/jazzy_ws/install/lib/python3.12/site-packages/vision_msgs/msg/_bounding_box3_d_s.c
-- Installing: /workspace/jazzy_ws/install/lib/python3.12/site-packages/vision_msgs/msg/_bounding_box3_d.py
-- Installing: /workspace/jazzy_ws/install/lib/python3.12/site-packages/vision_msgs/msg/_classification_s.c
-- Installing: /workspace/jazzy_ws/install/lib/python3.12/site-packages/vision_msgs/msg/_detection3_d_array.py
-- Installing: /workspace/jazzy_ws/install/lib/python3.12/site-packages/vision_msgs/msg/_vision_class.py
-- Installing: /workspace/jazzy_ws/install/lib/python3.12/site-packages/vision_msgs/msg/_point2_d_s.c
-- Installing: /workspace/jazzy_ws/install/lib/python3.12/site-packages/vision_msgs/__init__.py
-- Installing: /workspace/jazzy_ws/install/lib/python3.12/site-packages/vision_msgs/_vision_msgs_s.ep.rosidl_typesupport_introspection_c.c
-- Installing: /workspace/jazzy_ws/install/lib/python3.12/site-packages/vision_msgs/_vision_msgs_s.ep.rosidl_typesupport_c.c
-- Installing: /workspace/jazzy_ws/install/lib/python3.12/site-packages/vision_msgs/vision_msgs_s__rosidl_typesupport_introspection_c.so
-- Installing: /workspace/jazzy_ws/install/lib/python3.12/site-packages/vision_msgs/vision_msgs_s__rosidl_typesupport_c.so
Listing '/workspace/jazzy_ws/install/lib/python3.12/site-packages/vision_msgs'...
Compiling '/workspace/jazzy_ws/install/lib/python3.12/site-packages/vision_msgs/__init__.py'...
Listing '/workspace/jazzy_ws/install/lib/python3.12/site-packages/vision_msgs/msg'...
Compiling '/workspace/jazzy_ws/install/lib/python3.12/site-packages/vision_msgs/msg/__init__.py'...
Compiling '/workspace/jazzy_ws/install/lib/python3.12/site-packages/vision_msgs/msg/_bounding_box2_d.py'...
Compiling '/workspace/jazzy_ws/install/lib/python3.12/site-packages/vision_msgs/msg/_bounding_box2_d_array.py'...
Compiling '/workspace/jazzy_ws/install/lib/python3.12/site-packages/vision_msgs/msg/_bounding_box3_d.py'...
Compiling '/workspace/jazzy_ws/install/lib/python3.12/site-packages/vision_msgs/msg/_bounding_box3_d_array.py'...
Compiling '/workspace/jazzy_ws/install/lib/python3.12/site-packages/vision_msgs/msg/_classification.py'...
Compiling '/workspace/jazzy_ws/install/lib/python3.12/site-packages/vision_msgs/msg/_detection2_d.py'...
Compiling '/workspace/jazzy_ws/install/lib/python3.12/site-packages/vision_msgs/msg/_detection2_d_array.py'...
Compiling '/workspace/jazzy_ws/install/lib/python3.12/site-packages/vision_msgs/msg/_detection3_d.py'...
Compiling '/workspace/jazzy_ws/install/lib/python3.12/site-packages/vision_msgs/msg/_detection3_d_array.py'...
Compiling '/workspace/jazzy_ws/install/lib/python3.12/site-packages/vision_msgs/msg/_label_info.py'...
Compiling '/workspace/jazzy_ws/install/lib/python3.12/site-packages/vision_msgs/msg/_object_hypothesis.py'...
Compiling '/workspace/jazzy_ws/install/lib/python3.12/site-packages/vision_msgs/msg/_object_hypothesis_with_pose.py'...
Compiling '/workspace/jazzy_ws/install/lib/python3.12/site-packages/vision_msgs/msg/_point2_d.py'...
Compiling '/workspace/jazzy_ws/install/lib/python3.12/site-packages/vision_msgs/msg/_pose2_d.py'...
Compiling '/workspace/jazzy_ws/install/lib/python3.12/site-packages/vision_msgs/msg/_vision_class.py'...
Compiling '/workspace/jazzy_ws/install/lib/python3.12/site-packages/vision_msgs/msg/_vision_info.py'...
-- Installing: /workspace/jazzy_ws/install/lib/python3.12/site-packages/vision_msgs/vision_msgs_s__rosidl_typesupport_fastrtps_c.so
-- Set non-toolchain portion of runtime path of "/workspace/jazzy_ws/install/lib/python3.12/site-packages/vision_msgs/vision_msgs_s__rosidl_typesupport_fastrtps_c.so" to ""
-- Installing: /workspace/jazzy_ws/install/lib/python3.12/site-packages/vision_msgs/vision_msgs_s__rosidl_typesupport_introspection_c.so
-- Set non-toolchain portion of runtime path of "/workspace/jazzy_ws/install/lib/python3.12/site-packages/vision_msgs/vision_msgs_s__rosidl_typesupport_introspection_c.so" to ""
-- Installing: /workspace/jazzy_ws/install/lib/python3.12/site-packages/vision_msgs/vision_msgs_s__rosidl_typesupport_c.so
-- Set non-toolchain portion of runtime path of "/workspace/jazzy_ws/install/lib/python3.12/site-packages/vision_msgs/vision_msgs_s__rosidl_typesupport_c.so" to ""
-- Installing: /workspace/jazzy_ws/install/lib/libvision_msgs__rosidl_generator_py.so
-- Set non-toolchain portion of runtime path of "/workspace/jazzy_ws/install/lib/libvision_msgs__rosidl_generator_py.so" to ""
-- Installing: /workspace/jazzy_ws/install/share/vision_msgs/msg/BoundingBox2D.idl
-- Installing: /workspace/jazzy_ws/install/share/vision_msgs/msg/BoundingBox2DArray.idl
-- Installing: /workspace/jazzy_ws/install/share/vision_msgs/msg/BoundingBox3D.idl
-- Installing: /workspace/jazzy_ws/install/share/vision_msgs/msg/BoundingBox3DArray.idl
-- Installing: /workspace/jazzy_ws/install/share/vision_msgs/msg/Classification.idl
-- Installing: /workspace/jazzy_ws/install/share/vision_msgs/msg/Detection2DArray.idl
-- Installing: /workspace/jazzy_ws/install/share/vision_msgs/msg/Detection2D.idl
-- Installing: /workspace/jazzy_ws/install/share/vision_msgs/msg/Detection3DArray.idl
-- Installing: /workspace/jazzy_ws/install/share/vision_msgs/msg/Detection3D.idl
-- Installing: /workspace/jazzy_ws/install/share/vision_msgs/msg/LabelInfo.idl
-- Installing: /workspace/jazzy_ws/install/share/vision_msgs/msg/ObjectHypothesis.idl
-- Installing: /workspace/jazzy_ws/install/share/vision_msgs/msg/ObjectHypothesisWithPose.idl
-- Installing: /workspace/jazzy_ws/install/share/vision_msgs/msg/VisionClass.idl
-- Installing: /workspace/jazzy_ws/install/share/vision_msgs/msg/Point2D.idl
-- Installing: /workspace/jazzy_ws/install/share/vision_msgs/msg/Pose2D.idl
-- Installing: /workspace/jazzy_ws/install/share/vision_msgs/msg/VisionInfo.idl
-- Installing: /workspace/jazzy_ws/install/share/vision_msgs/msg/BoundingBox2D.msg
-- Installing: /workspace/jazzy_ws/install/share/vision_msgs/msg/BoundingBox2DArray.msg
-- Installing: /workspace/jazzy_ws/install/share/vision_msgs/msg/BoundingBox3D.msg
-- Installing: /workspace/jazzy_ws/install/share/vision_msgs/msg/BoundingBox3DArray.msg
-- Installing: /workspace/jazzy_ws/install/share/vision_msgs/msg/Classification.msg
-- Installing: /workspace/jazzy_ws/install/share/vision_msgs/msg/Detection2DArray.msg
-- Installing: /workspace/jazzy_ws/install/share/vision_msgs/msg/Detection2D.msg
-- Installing: /workspace/jazzy_ws/install/share/vision_msgs/msg/Detection3DArray.msg
-- Installing: /workspace/jazzy_ws/install/share/vision_msgs/msg/Detection3D.msg
-- Installing: /workspace/jazzy_ws/install/share/vision_msgs/msg/LabelInfo.msg
-- Installing: /workspace/jazzy_ws/install/share/vision_msgs/msg/ObjectHypothesis.msg
-- Installing: /workspace/jazzy_ws/install/share/vision_msgs/msg/ObjectHypothesisWithPose.msg
-- Installing: /workspace/jazzy_ws/install/share/vision_msgs/msg/VisionClass.msg
-- Installing: /workspace/jazzy_ws/install/share/vision_msgs/msg/Point2D.msg
-- Installing: /workspace/jazzy_ws/install/share/vision_msgs/msg/Pose2D.msg
-- Installing: /workspace/jazzy_ws/install/share/vision_msgs/msg/VisionInfo.msg
-- Up-to-date: /workspace/jazzy_ws/install/include/vision_msgs
-- Installing: /workspace/jazzy_ws/install/include/vision_msgs/create_aabb.hpp
-- Installing: /workspace/jazzy_ws/install/share/ament_index/resource_index/package_run_dependencies/vision_msgs
-- Installing: /workspace/jazzy_ws/install/share/ament_index/resource_index/parent_prefix_path/vision_msgs
-- Installing: /workspace/jazzy_ws/install/share/vision_msgs/environment/ament_prefix_path.sh
-- Installing: /workspace/jazzy_ws/install/share/vision_msgs/environment/ament_prefix_path.dsv
-- Installing: /workspace/jazzy_ws/install/share/vision_msgs/environment/path.sh
-- Installing: /workspace/jazzy_ws/install/share/vision_msgs/environment/path.dsv
-- Installing: /workspace/jazzy_ws/install/share/vision_msgs/local_setup.bash
-- Installing: /workspace/jazzy_ws/install/share/vision_msgs/local_setup.sh
-- Installing: /workspace/jazzy_ws/install/share/vision_msgs/local_setup.zsh
-- Installing: /workspace/jazzy_ws/install/share/vision_msgs/local_setup.dsv
-- Installing: /workspace/jazzy_ws/install/share/vision_msgs/package.dsv
-- Installing: /workspace/jazzy_ws/install/share/ament_index/resource_index/packages/vision_msgs
-- Installing: /workspace/jazzy_ws/install/share/vision_msgs/cmake/export_vision_msgs__rosidl_generator_cExport.cmake
-- Installing: /workspace/jazzy_ws/install/share/vision_msgs/cmake/export_vision_msgs__rosidl_generator_cExport-noconfig.cmake
-- Installing: /workspace/jazzy_ws/install/share/vision_msgs/cmake/export_vision_msgs__rosidl_typesupport_fastrtps_cExport.cmake
-- Installing: /workspace/jazzy_ws/install/share/vision_msgs/cmake/export_vision_msgs__rosidl_typesupport_fastrtps_cExport-noconfig.cmake
-- Installing: /workspace/jazzy_ws/install/share/vision_msgs/cmake/export_vision_msgs__rosidl_generator_cppExport.cmake
-- Installing: /workspace/jazzy_ws/install/share/vision_msgs/cmake/export_vision_msgs__rosidl_typesupport_fastrtps_cppExport.cmake
-- Installing: /workspace/jazzy_ws/install/share/vision_msgs/cmake/export_vision_msgs__rosidl_typesupport_fastrtps_cppExport-noconfig.cmake
-- Installing: /workspace/jazzy_ws/install/share/vision_msgs/cmake/vision_msgs__rosidl_typesupport_introspection_cExport.cmake
-- Installing: /workspace/jazzy_ws/install/share/vision_msgs/cmake/vision_msgs__rosidl_typesupport_introspection_cExport-noconfig.cmake
-- Installing: /workspace/jazzy_ws/install/share/vision_msgs/cmake/vision_msgs__rosidl_typesupport_cExport.cmake
-- Installing: /workspace/jazzy_ws/install/share/vision_msgs/cmake/vision_msgs__rosidl_typesupport_cExport-noconfig.cmake
-- Installing: /workspace/jazzy_ws/install/share/vision_msgs/cmake/vision_msgs__rosidl_typesupport_introspection_cppExport.cmake
-- Installing: /workspace/jazzy_ws/install/share/vision_msgs/cmake/vision_msgs__rosidl_typesupport_introspection_cppExport-noconfig.cmake
-- Installing: /workspace/jazzy_ws/install/share/vision_msgs/cmake/vision_msgs__rosidl_typesupport_cppExport.cmake
-- Installing: /workspace/jazzy_ws/install/share/vision_msgs/cmake/vision_msgs__rosidl_typesupport_cppExport-noconfig.cmake
-- Installing: /workspace/jazzy_ws/install/share/vision_msgs/cmake/export_vision_msgs__rosidl_generator_pyExport.cmake
-- Installing: /workspace/jazzy_ws/install/share/vision_msgs/cmake/export_vision_msgs__rosidl_generator_pyExport-noconfig.cmake
-- Installing: /workspace/jazzy_ws/install/share/vision_msgs/cmake/rosidl_cmake-extras.cmake
-- Installing: /workspace/jazzy_ws/install/share/vision_msgs/cmake/ament_cmake_export_dependencies-extras.cmake
-- Installing: /workspace/jazzy_ws/install/share/vision_msgs/cmake/ament_cmake_export_include_directories-extras.cmake
-- Installing: /workspace/jazzy_ws/install/share/vision_msgs/cmake/ament_cmake_export_libraries-extras.cmake
-- Installing: /workspace/jazzy_ws/install/share/vision_msgs/cmake/ament_cmake_export_targets-extras.cmake
-- Installing: /workspace/jazzy_ws/install/share/vision_msgs/cmake/rosidl_cmake_export_typesupport_targets-extras.cmake
-- Installing: /workspace/jazzy_ws/install/share/vision_msgs/cmake/rosidl_cmake_export_typesupport_libraries-extras.cmake
-- Installing: /workspace/jazzy_ws/install/share/vision_msgs/cmake/vision_msgsConfig.cmake
-- Installing: /workspace/jazzy_ws/install/share/vision_msgs/cmake/vision_msgsConfig-version.cmake
-- Installing: /workspace/jazzy_ws/install/share/vision_msgs/package.xml
