[0.099s] Invoking command in '/workspace/jazzy_ws/build/vision_msgs': AMENT_PREFIX_PATH=/workspace/jazzy_ws/install CMAKE_PREFIX_PATH=/workspace/jazzy_ws/install LD_LIBRARY_PATH=/workspace/jazzy_ws/install/lib:/workspace/jazzy_ws/install/opt/mimick_vendor/lib PATH=/workspace/jazzy_ws/install/bin:/workspace/jazzy_ws/install/opt/uncrustify_vendor/bin:${PATH} PKG_CONFIG_PATH=/workspace/jazzy_ws/install/lib/x86_64-linux-gnu/pkgconfig:/workspace/jazzy_ws/install/lib/pkgconfig PYTHONPATH=/workspace/jazzy_ws/install/lib/python3.12/site-packages /usr/bin/cmake /workspace/jazzy_ws/src/vision_msgs/vision_msgs -DCMAKE_INSTALL_PREFIX=/workspace/jazzy_ws/install
[0.132s] -- The C compiler identification is GNU 13.3.0
[0.167s] -- The CXX compiler identification is GNU 13.3.0
[0.176s] -- Detecting C compiler ABI info
[0.227s] -- Detecting C compiler ABI info - done
[0.232s] -- Check for working C compiler: /usr/bin/cc - skipped
[0.232s] -- Detecting C compile features
[0.232s] -- Detecting C compile features - done
[0.237s] -- Detecting CXX compiler ABI info
[0.293s] -- Detecting CXX compiler ABI info - done
[0.299s] -- Check for working CXX compiler: /usr/bin/c++ - skipped
[0.299s] -- Detecting CXX compile features
[0.300s] -- Detecting CXX compile features - done
[0.301s] -- Found ament_cmake: 2.5.5 (/workspace/jazzy_ws/install/share/ament_cmake/cmake)
[0.376s] -- Found Python3: /usr/bin/python3 (found version "3.12.3") found components: Interpreter 
[0.437s] -- Found std_msgs: 5.3.6 (/workspace/jazzy_ws/install/share/std_msgs/cmake)
[0.455s] -- Found rosidl_generator_c: 4.6.7 (/workspace/jazzy_ws/install/share/rosidl_generator_c/cmake)
[0.462s] -- Found rosidl_generator_cpp: 4.6.7 (/workspace/jazzy_ws/install/share/rosidl_generator_cpp/cmake)
[0.470s] -- Using all available rosidl_typesupport_c: rosidl_typesupport_fastrtps_c;rosidl_typesupport_introspection_c
[0.481s] -- Using all available rosidl_typesupport_cpp: rosidl_typesupport_fastrtps_cpp;rosidl_typesupport_introspection_cpp
[0.501s] -- Found geometry_msgs: 5.3.6 (/workspace/jazzy_ws/install/share/geometry_msgs/cmake)
[0.513s] -- Found rosidl_default_generators: 1.6.0 (/workspace/jazzy_ws/install/share/rosidl_default_generators/cmake)
[0.520s] -- Found rosidl_adapter: 4.6.7 (/workspace/jazzy_ws/install/share/rosidl_adapter/cmake)
[0.918s] -- Found ament_cmake_cppcheck: 0.17.4 (/workspace/jazzy_ws/install/share/ament_cmake_cppcheck/cmake)
[0.919s] -- Found ament_cmake_cpplint: 0.17.4 (/workspace/jazzy_ws/install/share/ament_cmake_cpplint/cmake)
[0.920s] -- Found ament_cmake_uncrustify: 0.17.4 (/workspace/jazzy_ws/install/share/ament_cmake_uncrustify/cmake)
[0.921s] -- Found ament_cmake_ros: 0.12.0 (/workspace/jazzy_ws/install/share/ament_cmake_ros/cmake)
[1.406s] -- Using all available rosidl_typesupport_c: rosidl_typesupport_fastrtps_c;rosidl_typesupport_introspection_c
[1.597s] -- Using all available rosidl_typesupport_cpp: rosidl_typesupport_fastrtps_cpp;rosidl_typesupport_introspection_cpp
[1.600s] -- Found python_cmake_module: 0.11.1 (/workspace/jazzy_ws/install/share/python_cmake_module/cmake)
[1.677s] -- Found PythonExtra: /usr/bin/python3  
[2.352s] -- Found Python3: /usr/bin/python3 (found version "3.12.3") found components: Interpreter Development NumPy Development.Module Development.Embed 
[2.395s] -- Found ament_cmake_flake8: 0.17.4 (/workspace/jazzy_ws/install/share/ament_cmake_flake8/cmake)
[2.397s] -- Found ament_cmake_pep257: 0.17.4 (/workspace/jazzy_ws/install/share/ament_cmake_pep257/cmake)
[2.398s] -- Found ament_lint_auto: 0.17.4 (/workspace/jazzy_ws/install/share/ament_lint_auto/cmake)
[2.403s] -- Found gtest sources under '/workspace/jazzy_ws/install/src/gtest_vendor': C++ tests using 'Google Test' will be built
[2.405s] -- Performing Test CMAKE_HAVE_LIBC_PTHREAD
[2.463s] -- Performing Test CMAKE_HAVE_LIBC_PTHREAD - Success
[2.464s] -- Found Threads: TRUE  
[2.472s] -- Added test 'cppcheck' to perform static code analysis on C / C++ code
[2.473s] -- Configured cppcheck include dirs: /workspace/jazzy_ws/src/vision_msgs/vision_msgs/include
[2.473s] -- Configured cppcheck exclude dirs and/or files: 
[2.476s] -- Added test 'cpplint' to check C / C++ code against the Google style
[2.476s] -- Configured cpplint exclude dirs and/or files: 
[2.479s] -- Added test 'uncrustify' to check C / C++ code style
[2.479s] -- Configured uncrustify additional arguments: 
[2.482s] -- Added test 'copyright' to check source files copyright and LICENSE
[2.482s] -- Added test 'lint_cmake' to check CMake code style
[2.482s] -- Added test 'xmllint' to check XML markup files
[2.484s] -- Configuring done (2.4s)
[2.542s] -- Generating done (0.0s)
[2.554s] -- Build files have been written to: /workspace/jazzy_ws/build/vision_msgs
[2.564s] Invoked command in '/workspace/jazzy_ws/build/vision_msgs' returned '0': AMENT_PREFIX_PATH=/workspace/jazzy_ws/install CMAKE_PREFIX_PATH=/workspace/jazzy_ws/install LD_LIBRARY_PATH=/workspace/jazzy_ws/install/lib:/workspace/jazzy_ws/install/opt/mimick_vendor/lib PATH=/workspace/jazzy_ws/install/bin:/workspace/jazzy_ws/install/opt/uncrustify_vendor/bin:${PATH} PKG_CONFIG_PATH=/workspace/jazzy_ws/install/lib/x86_64-linux-gnu/pkgconfig:/workspace/jazzy_ws/install/lib/pkgconfig PYTHONPATH=/workspace/jazzy_ws/install/lib/python3.12/site-packages /usr/bin/cmake /workspace/jazzy_ws/src/vision_msgs/vision_msgs -DCMAKE_INSTALL_PREFIX=/workspace/jazzy_ws/install
[2.564s] Invoking command in '/workspace/jazzy_ws/build/vision_msgs': AMENT_PREFIX_PATH=/workspace/jazzy_ws/install CMAKE_PREFIX_PATH=/workspace/jazzy_ws/install LD_LIBRARY_PATH=/workspace/jazzy_ws/install/lib:/workspace/jazzy_ws/install/opt/mimick_vendor/lib PATH=/workspace/jazzy_ws/install/bin:/workspace/jazzy_ws/install/opt/uncrustify_vendor/bin:${PATH} PKG_CONFIG_PATH=/workspace/jazzy_ws/install/lib/x86_64-linux-gnu/pkgconfig:/workspace/jazzy_ws/install/lib/pkgconfig PYTHONPATH=/workspace/jazzy_ws/install/lib/python3.12/site-packages /usr/bin/cmake --build /workspace/jazzy_ws/build/vision_msgs -- -j24 -l24
[2.605s] [  0%] Generating type hashes for ROS interfaces
[2.605s] [  0%] Building CXX object gtest/CMakeFiles/gtest_main.dir/src/gtest_main.cc.o
[2.607s] [  0%] Building CXX object gtest/CMakeFiles/gtest.dir/src/gtest-all.cc.o
[2.613s] [  0%] Built target ament_cmake_python_copy_vision_msgs
[2.756s] running egg_info
[2.764s] creating vision_msgs.egg-info
[2.764s] writing vision_msgs.egg-info/PKG-INFO
[2.765s] writing dependency_links to vision_msgs.egg-info/dependency_links.txt
[2.765s] writing top-level names to vision_msgs.egg-info/top_level.txt
[2.765s] writing manifest file 'vision_msgs.egg-info/SOURCES.txt'
[2.788s] reading manifest file 'vision_msgs.egg-info/SOURCES.txt'
[2.789s] writing manifest file 'vision_msgs.egg-info/SOURCES.txt'
[2.813s] [  0%] Built target ament_cmake_python_build_vision_msgs_egg
[3.104s] [  1%] Linking CXX static library libgtest_main.a
[3.139s] [  1%] Built target gtest_main
[3.160s] [  1%] Built target vision_msgs__rosidl_generator_type_description
[3.173s] [  1%] Generating C code for ROS interfaces
[3.178s] [  1%] Generating C++ code for ROS interfaces
[4.340s] [  1%] Built target vision_msgs__cpp
[4.709s] [  1%] Building C object CMakeFiles/vision_msgs__rosidl_generator_c.dir/rosidl_generator_c/vision_msgs/msg/detail/bounding_box3_d__functions.c.o
[4.716s] [  2%] Building C object CMakeFiles/vision_msgs__rosidl_generator_c.dir/rosidl_generator_c/vision_msgs/msg/detail/bounding_box2_d_array__functions.c.o
[4.720s] [  2%] Building C object CMakeFiles/vision_msgs__rosidl_generator_c.dir/rosidl_generator_c/vision_msgs/msg/detail/bounding_box2_d__functions.c.o
[4.720s] [  3%] Building C object CMakeFiles/vision_msgs__rosidl_generator_c.dir/rosidl_generator_c/vision_msgs/msg/detail/bounding_box2_d__description.c.o
[4.720s] [  3%] Building C object CMakeFiles/vision_msgs__rosidl_generator_c.dir/rosidl_generator_c/vision_msgs/msg/detail/bounding_box2_d_array__description.c.o
[4.721s] [  4%] Building C object CMakeFiles/vision_msgs__rosidl_generator_c.dir/rosidl_generator_c/vision_msgs/msg/detail/bounding_box2_d_array__type_support.c.o
[4.724s] [  5%] Building C object CMakeFiles/vision_msgs__rosidl_generator_c.dir/rosidl_generator_c/vision_msgs/msg/detail/bounding_box3_d__description.c.o
[4.726s] [  4%] Building C object CMakeFiles/vision_msgs__rosidl_generator_c.dir/rosidl_generator_c/vision_msgs/msg/detail/bounding_box3_d__type_support.c.o
[4.728s] [  6%] Building C object CMakeFiles/vision_msgs__rosidl_generator_c.dir/rosidl_generator_c/vision_msgs/msg/detail/bounding_box2_d__type_support.c.o
[4.729s] [  6%] Building C object CMakeFiles/vision_msgs__rosidl_generator_c.dir/rosidl_generator_c/vision_msgs/msg/detail/classification__type_support.c.o
[4.739s] [  7%] Building C object CMakeFiles/vision_msgs__rosidl_generator_c.dir/rosidl_generator_c/vision_msgs/msg/detail/bounding_box3_d_array__functions.c.o
[4.741s] [  7%] Building C object CMakeFiles/vision_msgs__rosidl_generator_c.dir/rosidl_generator_c/vision_msgs/msg/detail/bounding_box3_d_array__description.c.o
[4.742s] [  8%] Building C object CMakeFiles/vision_msgs__rosidl_generator_c.dir/rosidl_generator_c/vision_msgs/msg/detail/bounding_box3_d_array__type_support.c.o
[4.743s] [  9%] Building C object CMakeFiles/vision_msgs__rosidl_generator_c.dir/rosidl_generator_c/vision_msgs/msg/detail/classification__functions.c.o
[4.744s] [  7%] Building C object CMakeFiles/vision_msgs__rosidl_generator_c.dir/rosidl_generator_c/vision_msgs/msg/detail/classification__description.c.o
[4.769s] [ 10%] Building C object CMakeFiles/vision_msgs__rosidl_generator_c.dir/rosidl_generator_c/vision_msgs/msg/detail/detection2_d_array__description.c.o
[4.805s] [ 11%] Building C object CMakeFiles/vision_msgs__rosidl_generator_c.dir/rosidl_generator_c/vision_msgs/msg/detail/detection3_d__functions.c.o
[4.809s] [ 12%] Building C object CMakeFiles/vision_msgs__rosidl_generator_c.dir/rosidl_generator_c/vision_msgs/msg/detail/detection3_d_array__type_support.c.o
[4.809s] [ 12%] Building C object CMakeFiles/vision_msgs__rosidl_generator_c.dir/rosidl_generator_c/vision_msgs/msg/detail/detection3_d_array__functions.c.o
[4.809s] [ 12%] Building C object CMakeFiles/vision_msgs__rosidl_generator_c.dir/rosidl_generator_c/vision_msgs/msg/detail/detection3_d__type_support.c.o
[4.817s] [ 13%] Building C object CMakeFiles/vision_msgs__rosidl_generator_c.dir/rosidl_generator_c/vision_msgs/msg/detail/detection3_d_array__description.c.o
[4.818s] [ 12%] Building C object CMakeFiles/vision_msgs__rosidl_generator_c.dir/rosidl_generator_c/vision_msgs/msg/detail/detection3_d__description.c.o
[4.820s] [ 14%] Building C object CMakeFiles/vision_msgs__rosidl_generator_c.dir/rosidl_generator_c/vision_msgs/msg/detail/label_info__type_support.c.o
[4.826s] [ 15%] Building C object CMakeFiles/vision_msgs__rosidl_generator_c.dir/rosidl_generator_c/vision_msgs/msg/detail/label_info__description.c.o
[4.832s] [ 16%] Building C object CMakeFiles/vision_msgs__rosidl_generator_c.dir/rosidl_generator_c/vision_msgs/msg/detail/object_hypothesis__description.c.o
[4.841s] [ 16%] Building C object CMakeFiles/vision_msgs__rosidl_generator_c.dir/rosidl_generator_c/vision_msgs/msg/detail/detection2_d__type_support.c.o
[4.841s] [ 16%] Building C object CMakeFiles/vision_msgs__rosidl_generator_c.dir/rosidl_generator_c/vision_msgs/msg/detail/label_info__functions.c.o
[4.851s] [ 16%] Building C object CMakeFiles/vision_msgs__rosidl_generator_c.dir/rosidl_generator_c/vision_msgs/msg/detail/object_hypothesis_with_pose__description.c.o
[4.851s] [ 17%] Building C object CMakeFiles/vision_msgs__rosidl_generator_c.dir/rosidl_generator_c/vision_msgs/msg/detail/object_hypothesis__type_support.c.o
[4.860s] [ 18%] Building C object CMakeFiles/vision_msgs__rosidl_generator_c.dir/rosidl_generator_c/vision_msgs/msg/detail/vision_class__description.c.o
[4.860s] [ 19%] Building C object CMakeFiles/vision_msgs__rosidl_generator_c.dir/rosidl_generator_c/vision_msgs/msg/detail/vision_class__type_support.c.o
[4.860s] [ 17%] Building C object CMakeFiles/vision_msgs__rosidl_generator_c.dir/rosidl_generator_c/vision_msgs/msg/detail/object_hypothesis_with_pose__type_support.c.o
[4.861s] [ 20%] Building C object CMakeFiles/vision_msgs__rosidl_generator_c.dir/rosidl_generator_c/vision_msgs/msg/detail/object_hypothesis_with_pose__functions.c.o
[4.883s] [ 20%] Building C object CMakeFiles/vision_msgs__rosidl_generator_c.dir/rosidl_generator_c/vision_msgs/msg/detail/object_hypothesis__functions.c.o
[4.884s] [ 21%] Building C object CMakeFiles/vision_msgs__rosidl_generator_c.dir/rosidl_generator_c/vision_msgs/msg/detail/detection2_d__functions.c.o
[4.892s] [ 21%] Building C object CMakeFiles/vision_msgs__rosidl_generator_c.dir/rosidl_generator_c/vision_msgs/msg/detail/vision_class__functions.c.o
[4.892s] [ 21%] Building C object CMakeFiles/vision_msgs__rosidl_generator_c.dir/rosidl_generator_c/vision_msgs/msg/detail/point2_d__description.c.o
[4.895s] [ 21%] Building C object CMakeFiles/vision_msgs__rosidl_generator_c.dir/rosidl_generator_c/vision_msgs/msg/detail/pose2_d__functions.c.o
[4.897s] [ 22%] Building C object CMakeFiles/vision_msgs__rosidl_generator_c.dir/rosidl_generator_c/vision_msgs/msg/detail/point2_d__functions.c.o
[4.900s] [ 23%] Building C object CMakeFiles/vision_msgs__rosidl_generator_c.dir/rosidl_generator_c/vision_msgs/msg/detail/pose2_d__description.c.o
[4.902s] [ 23%] Building C object CMakeFiles/vision_msgs__rosidl_generator_c.dir/rosidl_generator_c/vision_msgs/msg/detail/vision_info__type_support.c.o
[4.907s] [ 23%] Building C object CMakeFiles/vision_msgs__rosidl_generator_c.dir/rosidl_generator_c/vision_msgs/msg/detail/point2_d__type_support.c.o
[4.918s] [ 24%] Building C object CMakeFiles/vision_msgs__rosidl_generator_c.dir/rosidl_generator_c/vision_msgs/msg/detail/vision_info__functions.c.o
[4.927s] [ 24%] Building C object CMakeFiles/vision_msgs__rosidl_generator_c.dir/rosidl_generator_c/vision_msgs/msg/detail/vision_info__description.c.o
[4.929s] [ 25%] Building C object CMakeFiles/vision_msgs__rosidl_generator_c.dir/rosidl_generator_c/vision_msgs/msg/detail/pose2_d__type_support.c.o
[4.930s] [ 25%] Building C object CMakeFiles/vision_msgs__rosidl_generator_c.dir/rosidl_generator_c/vision_msgs/msg/detail/detection2_d__description.c.o
[4.934s] [ 26%] Building C object CMakeFiles/vision_msgs__rosidl_generator_c.dir/rosidl_generator_c/vision_msgs/msg/detail/detection2_d_array__type_support.c.o
[4.943s] [ 26%] Building C object CMakeFiles/vision_msgs__rosidl_generator_c.dir/rosidl_generator_c/vision_msgs/msg/detail/detection2_d_array__functions.c.o
[5.027s] [ 27%] Linking C shared library libvision_msgs__rosidl_generator_c.so
[5.132s] [ 27%] Built target vision_msgs__rosidl_generator_c
[5.151s] [ 28%] Generating C introspection for ROS interfaces
[5.152s] [ 28%] Generating C++ type support dispatch for ROS interfaces
[5.155s] [ 29%] Generating C type support for eProsima Fast-RTPS
[5.155s] [ 29%] Generating C++ type support for eProsima Fast-RTPS
[5.157s] [ 30%] Generating C type support dispatch for ROS interfaces
[5.158s] [ 30%] Generating C++ introspection for ROS interfaces
[6.135s] [ 31%] Building CXX object CMakeFiles/vision_msgs__rosidl_typesupport_introspection_cpp.dir/rosidl_typesupport_introspection_cpp/vision_msgs/msg/detail/bounding_box3_d__type_support.cpp.o
[6.136s] [ 32%] Building CXX object CMakeFiles/vision_msgs__rosidl_typesupport_introspection_cpp.dir/rosidl_typesupport_introspection_cpp/vision_msgs/msg/detail/bounding_box2_d__type_support.cpp.o
[6.138s] [ 32%] Building CXX object CMakeFiles/vision_msgs__rosidl_typesupport_introspection_cpp.dir/rosidl_typesupport_introspection_cpp/vision_msgs/msg/detail/bounding_box2_d_array__type_support.cpp.o
[6.140s] [ 32%] Building CXX object CMakeFiles/vision_msgs__rosidl_typesupport_introspection_cpp.dir/rosidl_typesupport_introspection_cpp/vision_msgs/msg/detail/bounding_box3_d_array__type_support.cpp.o
[6.146s] [ 33%] Building CXX object CMakeFiles/vision_msgs__rosidl_typesupport_introspection_cpp.dir/rosidl_typesupport_introspection_cpp/vision_msgs/msg/detail/detection3_d_array__type_support.cpp.o
[6.147s] [ 34%] Building CXX object CMakeFiles/vision_msgs__rosidl_typesupport_introspection_cpp.dir/rosidl_typesupport_introspection_cpp/vision_msgs/msg/detail/classification__type_support.cpp.o
[6.148s] [ 35%] Building CXX object CMakeFiles/vision_msgs__rosidl_typesupport_introspection_cpp.dir/rosidl_typesupport_introspection_cpp/vision_msgs/msg/detail/detection2_d_array__type_support.cpp.o
[6.150s] [ 35%] Building CXX object CMakeFiles/vision_msgs__rosidl_typesupport_introspection_cpp.dir/rosidl_typesupport_introspection_cpp/vision_msgs/msg/detail/detection2_d__type_support.cpp.o
[6.160s] [ 35%] Building CXX object CMakeFiles/vision_msgs__rosidl_typesupport_introspection_cpp.dir/rosidl_typesupport_introspection_cpp/vision_msgs/msg/detail/object_hypothesis__type_support.cpp.o
[6.160s] [ 35%] Building CXX object CMakeFiles/vision_msgs__rosidl_typesupport_introspection_cpp.dir/rosidl_typesupport_introspection_cpp/vision_msgs/msg/detail/detection3_d__type_support.cpp.o
[6.175s] [ 36%] Building CXX object CMakeFiles/vision_msgs__rosidl_typesupport_introspection_cpp.dir/rosidl_typesupport_introspection_cpp/vision_msgs/msg/detail/object_hypothesis_with_pose__type_support.cpp.o
[6.182s] [ 37%] Building CXX object CMakeFiles/vision_msgs__rosidl_typesupport_introspection_cpp.dir/rosidl_typesupport_introspection_cpp/vision_msgs/msg/detail/label_info__type_support.cpp.o
[6.194s] [ 37%] Building CXX object CMakeFiles/vision_msgs__rosidl_typesupport_introspection_cpp.dir/rosidl_typesupport_introspection_cpp/vision_msgs/msg/detail/vision_class__type_support.cpp.o
[6.204s] [ 38%] Building CXX object CMakeFiles/vision_msgs__rosidl_typesupport_introspection_cpp.dir/rosidl_typesupport_introspection_cpp/vision_msgs/msg/detail/point2_d__type_support.cpp.o
[6.204s] [ 38%] Building CXX object CMakeFiles/vision_msgs__rosidl_typesupport_introspection_cpp.dir/rosidl_typesupport_introspection_cpp/vision_msgs/msg/detail/pose2_d__type_support.cpp.o
[6.214s] [ 39%] Building CXX object CMakeFiles/vision_msgs__rosidl_typesupport_introspection_cpp.dir/rosidl_typesupport_introspection_cpp/vision_msgs/msg/detail/vision_info__type_support.cpp.o
[6.296s] [ 39%] Building C object CMakeFiles/vision_msgs__rosidl_typesupport_introspection_c.dir/rosidl_typesupport_introspection_c/vision_msgs/msg/detail/bounding_box2_d__type_support.c.o
[6.313s] [ 40%] Building C object CMakeFiles/vision_msgs__rosidl_typesupport_introspection_c.dir/rosidl_typesupport_introspection_c/vision_msgs/msg/detail/bounding_box2_d_array__type_support.c.o
[6.339s] [ 40%] Building C object CMakeFiles/vision_msgs__rosidl_typesupport_introspection_c.dir/rosidl_typesupport_introspection_c/vision_msgs/msg/detail/bounding_box3_d__type_support.c.o
[6.382s] [ 41%] Building CXX object CMakeFiles/vision_msgs__rosidl_typesupport_c.dir/rosidl_typesupport_c/vision_msgs/msg/bounding_box2_d__type_support.cpp.o
[6.392s] [ 42%] Building C object CMakeFiles/vision_msgs__rosidl_typesupport_introspection_c.dir/rosidl_typesupport_introspection_c/vision_msgs/msg/detail/bounding_box3_d_array__type_support.c.o
[6.451s] [ 43%] Building C object CMakeFiles/vision_msgs__rosidl_typesupport_introspection_c.dir/rosidl_typesupport_introspection_c/vision_msgs/msg/detail/classification__type_support.c.o
[6.473s] [ 43%] Building CXX object CMakeFiles/vision_msgs__rosidl_typesupport_c.dir/rosidl_typesupport_c/vision_msgs/msg/bounding_box2_d_array__type_support.cpp.o
[6.497s] [ 44%] Building CXX object CMakeFiles/vision_msgs__rosidl_typesupport_c.dir/rosidl_typesupport_c/vision_msgs/msg/bounding_box3_d__type_support.cpp.o
[6.559s] [ 44%] Building C object CMakeFiles/vision_msgs__rosidl_typesupport_introspection_c.dir/rosidl_typesupport_introspection_c/vision_msgs/msg/detail/detection2_d_array__type_support.c.o
[6.567s] [ 44%] Building CXX object CMakeFiles/vision_msgs__rosidl_typesupport_c.dir/rosidl_typesupport_c/vision_msgs/msg/bounding_box3_d_array__type_support.cpp.o
[6.570s] [ 45%] Building C object CMakeFiles/vision_msgs__rosidl_typesupport_introspection_c.dir/rosidl_typesupport_introspection_c/vision_msgs/msg/detail/detection2_d__type_support.c.o
[6.576s] [ 46%] Building CXX object CMakeFiles/vision_msgs__rosidl_typesupport_c.dir/rosidl_typesupport_c/vision_msgs/msg/classification__type_support.cpp.o
[6.583s] [ 46%] Building C object CMakeFiles/vision_msgs__rosidl_typesupport_introspection_c.dir/rosidl_typesupport_introspection_c/vision_msgs/msg/detail/detection3_d_array__type_support.c.o
[6.589s] [ 47%] Building C object CMakeFiles/vision_msgs__rosidl_typesupport_introspection_c.dir/rosidl_typesupport_introspection_c/vision_msgs/msg/detail/detection3_d__type_support.c.o
[6.600s] [ 47%] Building CXX object CMakeFiles/vision_msgs__rosidl_typesupport_c.dir/rosidl_typesupport_c/vision_msgs/msg/detection2_d_array__type_support.cpp.o
[6.627s] [ 48%] Building CXX object CMakeFiles/vision_msgs__rosidl_typesupport_c.dir/rosidl_typesupport_c/vision_msgs/msg/detection2_d__type_support.cpp.o
[6.634s] [ 49%] Building CXX object CMakeFiles/vision_msgs__rosidl_typesupport_cpp.dir/rosidl_typesupport_cpp/vision_msgs/msg/bounding_box2_d__type_support.cpp.o
[6.655s] [ 50%] Building CXX object CMakeFiles/vision_msgs__rosidl_typesupport_cpp.dir/rosidl_typesupport_cpp/vision_msgs/msg/bounding_box2_d_array__type_support.cpp.o
[6.655s] [ 50%] Building C object CMakeFiles/vision_msgs__rosidl_typesupport_introspection_c.dir/rosidl_typesupport_introspection_c/vision_msgs/msg/detail/label_info__type_support.c.o
[6.659s] [ 50%] Building CXX object CMakeFiles/vision_msgs__rosidl_typesupport_c.dir/rosidl_typesupport_c/vision_msgs/msg/detection3_d_array__type_support.cpp.o
[6.669s] [ 51%] Building C object CMakeFiles/vision_msgs__rosidl_typesupport_introspection_c.dir/rosidl_typesupport_introspection_c/vision_msgs/msg/detail/object_hypothesis__type_support.c.o
[6.674s] [ 51%] Building CXX object CMakeFiles/vision_msgs__rosidl_typesupport_cpp.dir/rosidl_typesupport_cpp/vision_msgs/msg/bounding_box3_d__type_support.cpp.o
[6.676s] [ 51%] Building C object CMakeFiles/vision_msgs__rosidl_typesupport_introspection_c.dir/rosidl_typesupport_introspection_c/vision_msgs/msg/detail/object_hypothesis_with_pose__type_support.c.o
[6.677s] [ 52%] Building CXX object CMakeFiles/vision_msgs__rosidl_typesupport_cpp.dir/rosidl_typesupport_cpp/vision_msgs/msg/bounding_box3_d_array__type_support.cpp.o
[6.683s] [ 53%] Building CXX object CMakeFiles/vision_msgs__rosidl_typesupport_c.dir/rosidl_typesupport_c/vision_msgs/msg/detection3_d__type_support.cpp.o
[6.696s] [ 54%] Building C object CMakeFiles/vision_msgs__rosidl_typesupport_introspection_c.dir/rosidl_typesupport_introspection_c/vision_msgs/msg/detail/vision_class__type_support.c.o
[6.719s] [ 54%] Building CXX object CMakeFiles/vision_msgs__rosidl_typesupport_cpp.dir/rosidl_typesupport_cpp/vision_msgs/msg/classification__type_support.cpp.o
[6.723s] [ 54%] Building CXX object CMakeFiles/vision_msgs__rosidl_typesupport_c.dir/rosidl_typesupport_c/vision_msgs/msg/label_info__type_support.cpp.o
[6.732s] [ 54%] Building C object CMakeFiles/vision_msgs__rosidl_typesupport_introspection_c.dir/rosidl_typesupport_introspection_c/vision_msgs/msg/detail/point2_d__type_support.c.o
[6.737s] [ 55%] Building CXX object CMakeFiles/vision_msgs__rosidl_typesupport_c.dir/rosidl_typesupport_c/vision_msgs/msg/object_hypothesis__type_support.cpp.o
[6.748s] [ 55%] Building CXX object CMakeFiles/vision_msgs__rosidl_typesupport_c.dir/rosidl_typesupport_c/vision_msgs/msg/object_hypothesis_with_pose__type_support.cpp.o
[6.760s] [ 56%] Building CXX object CMakeFiles/vision_msgs__rosidl_typesupport_c.dir/rosidl_typesupport_c/vision_msgs/msg/vision_class__type_support.cpp.o
[6.762s] [ 57%] Building CXX object CMakeFiles/vision_msgs__rosidl_typesupport_fastrtps_cpp.dir/rosidl_typesupport_fastrtps_cpp/vision_msgs/msg/detail/dds_fastrtps/bounding_box2_d__type_support.cpp.o
[6.774s] [ 58%] Building C object CMakeFiles/vision_msgs__rosidl_typesupport_introspection_c.dir/rosidl_typesupport_introspection_c/vision_msgs/msg/detail/pose2_d__type_support.c.o
[6.786s] [ 58%] Building CXX object CMakeFiles/vision_msgs__rosidl_typesupport_c.dir/rosidl_typesupport_c/vision_msgs/msg/point2_d__type_support.cpp.o
[6.802s] [ 58%] Building C object CMakeFiles/vision_msgs__rosidl_typesupport_introspection_c.dir/rosidl_typesupport_introspection_c/vision_msgs/msg/detail/vision_info__type_support.c.o
[6.809s] [ 59%] Building CXX object CMakeFiles/vision_msgs__rosidl_typesupport_c.dir/rosidl_typesupport_c/vision_msgs/msg/pose2_d__type_support.cpp.o
[6.809s] [ 60%] Building CXX object CMakeFiles/vision_msgs__rosidl_typesupport_cpp.dir/rosidl_typesupport_cpp/vision_msgs/msg/detection2_d_array__type_support.cpp.o
[6.815s] [ 60%] Building CXX object CMakeFiles/vision_msgs__rosidl_typesupport_fastrtps_cpp.dir/rosidl_typesupport_fastrtps_cpp/vision_msgs/msg/detail/dds_fastrtps/bounding_box2_d_array__type_support.cpp.o
[6.820s] [ 60%] Building CXX object CMakeFiles/vision_msgs__rosidl_typesupport_cpp.dir/rosidl_typesupport_cpp/vision_msgs/msg/detection2_d__type_support.cpp.o
[6.834s] [ 61%] Building CXX object CMakeFiles/vision_msgs__rosidl_typesupport_fastrtps_cpp.dir/rosidl_typesupport_fastrtps_cpp/vision_msgs/msg/detail/dds_fastrtps/bounding_box3_d__type_support.cpp.o
[6.842s] [ 61%] Building CXX object CMakeFiles/vision_msgs__rosidl_typesupport_c.dir/rosidl_typesupport_c/vision_msgs/msg/vision_info__type_support.cpp.o
[6.844s] [ 62%] Building CXX object CMakeFiles/vision_msgs__rosidl_typesupport_fastrtps_cpp.dir/rosidl_typesupport_fastrtps_cpp/vision_msgs/msg/detail/dds_fastrtps/bounding_box3_d_array__type_support.cpp.o
[6.872s] [ 63%] Building CXX object CMakeFiles/vision_msgs__rosidl_typesupport_cpp.dir/rosidl_typesupport_cpp/vision_msgs/msg/detection3_d_array__type_support.cpp.o
[6.887s] [ 63%] Building CXX object CMakeFiles/vision_msgs__rosidl_typesupport_fastrtps_cpp.dir/rosidl_typesupport_fastrtps_cpp/vision_msgs/msg/detail/dds_fastrtps/classification__type_support.cpp.o
[6.905s] [ 63%] Building CXX object CMakeFiles/vision_msgs__rosidl_typesupport_cpp.dir/rosidl_typesupport_cpp/vision_msgs/msg/detection3_d__type_support.cpp.o
[6.924s] [ 64%] Linking C shared library libvision_msgs__rosidl_typesupport_introspection_c.so
[6.966s] [ 65%] Linking CXX shared library libvision_msgs__rosidl_typesupport_c.so
[6.972s] [ 65%] Built target vision_msgs__rosidl_typesupport_introspection_c
[6.977s] [ 66%] Building CXX object CMakeFiles/vision_msgs__rosidl_typesupport_fastrtps_cpp.dir/rosidl_typesupport_fastrtps_cpp/vision_msgs/msg/detail/dds_fastrtps/detection2_d_array__type_support.cpp.o
[6.997s] [ 67%] Building CXX object CMakeFiles/vision_msgs__rosidl_typesupport_cpp.dir/rosidl_typesupport_cpp/vision_msgs/msg/label_info__type_support.cpp.o
[7.025s] [ 67%] Built target vision_msgs__rosidl_typesupport_c
[7.037s] [ 68%] Building CXX object CMakeFiles/vision_msgs__rosidl_typesupport_fastrtps_cpp.dir/rosidl_typesupport_fastrtps_cpp/vision_msgs/msg/detail/dds_fastrtps/detection3_d_array__type_support.cpp.o
[7.037s] [ 68%] Building CXX object CMakeFiles/vision_msgs__rosidl_typesupport_fastrtps_cpp.dir/rosidl_typesupport_fastrtps_cpp/vision_msgs/msg/detail/dds_fastrtps/detection2_d__type_support.cpp.o
[7.043s] [ 68%] Building CXX object CMakeFiles/vision_msgs__rosidl_typesupport_cpp.dir/rosidl_typesupport_cpp/vision_msgs/msg/object_hypothesis__type_support.cpp.o
[7.045s] [ 68%] Building CXX object CMakeFiles/vision_msgs__rosidl_typesupport_fastrtps_c.dir/rosidl_typesupport_fastrtps_c/vision_msgs/msg/detail/bounding_box2_d__type_support_c.cpp.o
[7.151s] [ 69%] Building CXX object CMakeFiles/vision_msgs__rosidl_typesupport_cpp.dir/rosidl_typesupport_cpp/vision_msgs/msg/object_hypothesis_with_pose__type_support.cpp.o
[7.160s] [ 69%] Building CXX object CMakeFiles/vision_msgs__rosidl_typesupport_fastrtps_cpp.dir/rosidl_typesupport_fastrtps_cpp/vision_msgs/msg/detail/dds_fastrtps/detection3_d__type_support.cpp.o
[7.191s] [ 69%] Building CXX object CMakeFiles/vision_msgs__rosidl_typesupport_cpp.dir/rosidl_typesupport_cpp/vision_msgs/msg/vision_class__type_support.cpp.o
[7.254s] [ 70%] Building CXX object CMakeFiles/vision_msgs__rosidl_typesupport_fastrtps_cpp.dir/rosidl_typesupport_fastrtps_cpp/vision_msgs/msg/detail/dds_fastrtps/label_info__type_support.cpp.o
[7.303s] [ 71%] Building CXX object CMakeFiles/vision_msgs__rosidl_typesupport_fastrtps_c.dir/rosidl_typesupport_fastrtps_c/vision_msgs/msg/detail/bounding_box2_d_array__type_support_c.cpp.o
[7.303s] [ 72%] Building CXX object CMakeFiles/vision_msgs__rosidl_typesupport_fastrtps_c.dir/rosidl_typesupport_fastrtps_c/vision_msgs/msg/detail/bounding_box3_d__type_support_c.cpp.o
[7.322s] [ 72%] Linking CXX shared library libvision_msgs__rosidl_typesupport_introspection_cpp.so
[7.359s] [ 72%] Building CXX object CMakeFiles/vision_msgs__rosidl_typesupport_fastrtps_c.dir/rosidl_typesupport_fastrtps_c/vision_msgs/msg/detail/bounding_box3_d_array__type_support_c.cpp.o
[7.365s] [ 73%] Building CXX object CMakeFiles/vision_msgs__rosidl_typesupport_fastrtps_c.dir/rosidl_typesupport_fastrtps_c/vision_msgs/msg/detail/classification__type_support_c.cpp.o
[7.418s] [ 74%] Building CXX object CMakeFiles/vision_msgs__rosidl_typesupport_cpp.dir/rosidl_typesupport_cpp/vision_msgs/msg/point2_d__type_support.cpp.o
[7.418s] [ 74%] Building CXX object CMakeFiles/vision_msgs__rosidl_typesupport_fastrtps_cpp.dir/rosidl_typesupport_fastrtps_cpp/vision_msgs/msg/detail/dds_fastrtps/object_hypothesis__type_support.cpp.o
[7.418s] [ 75%] Building CXX object CMakeFiles/vision_msgs__rosidl_typesupport_fastrtps_cpp.dir/rosidl_typesupport_fastrtps_cpp/vision_msgs/msg/detail/dds_fastrtps/object_hypothesis_with_pose__type_support.cpp.o
[7.479s] [ 75%] Building CXX object CMakeFiles/vision_msgs__rosidl_typesupport_cpp.dir/rosidl_typesupport_cpp/vision_msgs/msg/pose2_d__type_support.cpp.o
[7.481s] [ 75%] Building CXX object CMakeFiles/vision_msgs__rosidl_typesupport_fastrtps_c.dir/rosidl_typesupport_fastrtps_c/vision_msgs/msg/detail/detection2_d_array__type_support_c.cpp.o
[7.522s] [ 75%] Built target vision_msgs__rosidl_typesupport_introspection_cpp
[7.542s] [ 76%] Building CXX object CMakeFiles/vision_msgs__rosidl_typesupport_fastrtps_c.dir/rosidl_typesupport_fastrtps_c/vision_msgs/msg/detail/detection2_d__type_support_c.cpp.o
[7.544s] [ 76%] Building CXX object CMakeFiles/vision_msgs__rosidl_typesupport_fastrtps_cpp.dir/rosidl_typesupport_fastrtps_cpp/vision_msgs/msg/detail/dds_fastrtps/vision_class__type_support.cpp.o
[7.563s] [ 77%] Building CXX object CMakeFiles/vision_msgs__rosidl_typesupport_fastrtps_cpp.dir/rosidl_typesupport_fastrtps_cpp/vision_msgs/msg/detail/dds_fastrtps/point2_d__type_support.cpp.o
[7.564s] [ 78%] Building CXX object CMakeFiles/vision_msgs__rosidl_typesupport_cpp.dir/rosidl_typesupport_cpp/vision_msgs/msg/vision_info__type_support.cpp.o
[7.607s] [ 78%] Building CXX object CMakeFiles/vision_msgs__rosidl_typesupport_fastrtps_c.dir/rosidl_typesupport_fastrtps_c/vision_msgs/msg/detail/detection3_d_array__type_support_c.cpp.o
[7.607s] [ 79%] Building CXX object CMakeFiles/vision_msgs__rosidl_typesupport_fastrtps_c.dir/rosidl_typesupport_fastrtps_c/vision_msgs/msg/detail/detection3_d__type_support_c.cpp.o
[7.636s] [ 79%] Building CXX object CMakeFiles/vision_msgs__rosidl_typesupport_fastrtps_cpp.dir/rosidl_typesupport_fastrtps_cpp/vision_msgs/msg/detail/dds_fastrtps/pose2_d__type_support.cpp.o
[7.664s] [ 80%] Building CXX object CMakeFiles/vision_msgs__rosidl_typesupport_fastrtps_cpp.dir/rosidl_typesupport_fastrtps_cpp/vision_msgs/msg/detail/dds_fastrtps/vision_info__type_support.cpp.o
[7.683s] [ 80%] Building CXX object CMakeFiles/vision_msgs__rosidl_typesupport_fastrtps_c.dir/rosidl_typesupport_fastrtps_c/vision_msgs/msg/detail/label_info__type_support_c.cpp.o
[7.701s] [ 81%] Building CXX object CMakeFiles/vision_msgs__rosidl_typesupport_fastrtps_c.dir/rosidl_typesupport_fastrtps_c/vision_msgs/msg/detail/object_hypothesis__type_support_c.cpp.o
[7.729s] [ 81%] Building CXX object CMakeFiles/vision_msgs__rosidl_typesupport_fastrtps_c.dir/rosidl_typesupport_fastrtps_c/vision_msgs/msg/detail/object_hypothesis_with_pose__type_support_c.cpp.o
[7.777s] [ 82%] Building CXX object CMakeFiles/vision_msgs__rosidl_typesupport_fastrtps_c.dir/rosidl_typesupport_fastrtps_c/vision_msgs/msg/detail/vision_class__type_support_c.cpp.o
[7.777s] [ 82%] Building CXX object CMakeFiles/vision_msgs__rosidl_typesupport_fastrtps_c.dir/rosidl_typesupport_fastrtps_c/vision_msgs/msg/detail/point2_d__type_support_c.cpp.o
[7.777s] [ 83%] Building CXX object CMakeFiles/vision_msgs__rosidl_typesupport_fastrtps_c.dir/rosidl_typesupport_fastrtps_c/vision_msgs/msg/detail/pose2_d__type_support_c.cpp.o
[7.806s] [ 83%] Building CXX object CMakeFiles/vision_msgs__rosidl_typesupport_fastrtps_c.dir/rosidl_typesupport_fastrtps_c/vision_msgs/msg/detail/vision_info__type_support_c.cpp.o
[7.952s] [ 83%] Linking CXX shared library libvision_msgs__rosidl_typesupport_cpp.so
[7.982s] [ 83%] Built target vision_msgs__rosidl_typesupport_cpp
[8.091s] [ 83%] Linking CXX shared library libvision_msgs__rosidl_typesupport_fastrtps_cpp.so
[8.124s] [ 84%] Linking CXX shared library libvision_msgs__rosidl_typesupport_fastrtps_c.so
[8.153s] [ 84%] Built target vision_msgs__rosidl_typesupport_fastrtps_cpp
[8.179s] [ 84%] Built target vision_msgs__rosidl_typesupport_fastrtps_c
[8.192s] [ 84%] Built target vision_msgs
[8.204s] [ 85%] Generating Python code for ROS interfaces
[8.462s] [ 86%] Linking CXX static library libgtest.a
[8.496s] [ 86%] Built target gtest
[8.508s] [ 87%] Building CXX object CMakeFiles/vision_msgs_test.dir/test/main.cpp.o
[9.023s] [ 88%] Linking CXX executable vision_msgs_test
[9.101s] [ 88%] Built target vision_msgs_test
[9.360s] [ 88%] Built target vision_msgs__py
[9.373s] [ 89%] Building C object CMakeFiles/vision_msgs__rosidl_generator_py.dir/rosidl_generator_py/vision_msgs/msg/_bounding_box2_d_s.c.o
[9.374s] [ 90%] Building C object CMakeFiles/vision_msgs__rosidl_generator_py.dir/rosidl_generator_py/vision_msgs/msg/_detection2_d_array_s.c.o
[9.374s] [ 90%] Building C object CMakeFiles/vision_msgs__rosidl_generator_py.dir/rosidl_generator_py/vision_msgs/msg/_bounding_box2_d_array_s.c.o
[9.374s] [ 90%] Building C object CMakeFiles/vision_msgs__rosidl_generator_py.dir/rosidl_generator_py/vision_msgs/msg/_bounding_box3_d_s.c.o
[9.374s] [ 90%] Building C object CMakeFiles/vision_msgs__rosidl_generator_py.dir/rosidl_generator_py/vision_msgs/msg/_bounding_box3_d_array_s.c.o
[9.374s] [ 91%] Building C object CMakeFiles/vision_msgs__rosidl_generator_py.dir/rosidl_generator_py/vision_msgs/msg/_classification_s.c.o
[9.374s] [ 91%] Building C object CMakeFiles/vision_msgs__rosidl_generator_py.dir/rosidl_generator_py/vision_msgs/msg/_detection3_d_array_s.c.o
[9.375s] [ 92%] Building C object CMakeFiles/vision_msgs__rosidl_generator_py.dir/rosidl_generator_py/vision_msgs/msg/_detection2_d_s.c.o
[9.375s] [ 93%] Building C object CMakeFiles/vision_msgs__rosidl_generator_py.dir/rosidl_generator_py/vision_msgs/msg/_detection3_d_s.c.o
[9.375s] [ 93%] Building C object CMakeFiles/vision_msgs__rosidl_generator_py.dir/rosidl_generator_py/vision_msgs/msg/_label_info_s.c.o
[9.375s] [ 94%] Building C object CMakeFiles/vision_msgs__rosidl_generator_py.dir/rosidl_generator_py/vision_msgs/msg/_object_hypothesis_s.c.o
[9.379s] [ 94%] Building C object CMakeFiles/vision_msgs__rosidl_generator_py.dir/rosidl_generator_py/vision_msgs/msg/_point2_d_s.c.o
[9.379s] [ 95%] Building C object CMakeFiles/vision_msgs__rosidl_generator_py.dir/rosidl_generator_py/vision_msgs/msg/_vision_class_s.c.o
[9.380s] [ 95%] Building C object CMakeFiles/vision_msgs__rosidl_generator_py.dir/rosidl_generator_py/vision_msgs/msg/_object_hypothesis_with_pose_s.c.o
[9.383s] [ 95%] Building C object CMakeFiles/vision_msgs__rosidl_generator_py.dir/rosidl_generator_py/vision_msgs/msg/_vision_info_s.c.o
[9.383s] [ 96%] Building C object CMakeFiles/vision_msgs__rosidl_generator_py.dir/rosidl_generator_py/vision_msgs/msg/_pose2_d_s.c.o
[9.479s] [ 97%] Linking C shared library libvision_msgs__rosidl_generator_py.so
[9.520s] [ 97%] Built target vision_msgs__rosidl_generator_py
[9.528s] [100%] Building C object CMakeFiles/vision_msgs_s__rosidl_typesupport_c.dir/rosidl_generator_py/vision_msgs/_vision_msgs_s.ep.rosidl_typesupport_c.c.o
[9.528s] [100%] Building C object CMakeFiles/vision_msgs_s__rosidl_typesupport_fastrtps_c.dir/rosidl_generator_py/vision_msgs/_vision_msgs_s.ep.rosidl_typesupport_fastrtps_c.c.o
[9.528s] [100%] Building C object CMakeFiles/vision_msgs_s__rosidl_typesupport_introspection_c.dir/rosidl_generator_py/vision_msgs/_vision_msgs_s.ep.rosidl_typesupport_introspection_c.c.o
[9.620s] [100%] Linking C shared module rosidl_generator_py/vision_msgs/vision_msgs_s__rosidl_typesupport_fastrtps_c.so
[9.622s] [100%] Linking C shared module rosidl_generator_py/vision_msgs/vision_msgs_s__rosidl_typesupport_introspection_c.so
[9.623s] [100%] Linking C shared module rosidl_generator_py/vision_msgs/vision_msgs_s__rosidl_typesupport_c.so
[9.641s] [100%] Built target vision_msgs_s__rosidl_typesupport_fastrtps_c
[9.642s] [100%] Built target vision_msgs_s__rosidl_typesupport_c
[9.642s] [100%] Built target vision_msgs_s__rosidl_typesupport_introspection_c
[9.651s] Invoked command in '/workspace/jazzy_ws/build/vision_msgs' returned '0': AMENT_PREFIX_PATH=/workspace/jazzy_ws/install CMAKE_PREFIX_PATH=/workspace/jazzy_ws/install LD_LIBRARY_PATH=/workspace/jazzy_ws/install/lib:/workspace/jazzy_ws/install/opt/mimick_vendor/lib PATH=/workspace/jazzy_ws/install/bin:/workspace/jazzy_ws/install/opt/uncrustify_vendor/bin:${PATH} PKG_CONFIG_PATH=/workspace/jazzy_ws/install/lib/x86_64-linux-gnu/pkgconfig:/workspace/jazzy_ws/install/lib/pkgconfig PYTHONPATH=/workspace/jazzy_ws/install/lib/python3.12/site-packages /usr/bin/cmake --build /workspace/jazzy_ws/build/vision_msgs -- -j24 -l24
[9.652s] Invoking command in '/workspace/jazzy_ws/build/vision_msgs': AMENT_PREFIX_PATH=/workspace/jazzy_ws/install CMAKE_PREFIX_PATH=/workspace/jazzy_ws/install LD_LIBRARY_PATH=/workspace/jazzy_ws/install/lib:/workspace/jazzy_ws/install/opt/mimick_vendor/lib PATH=/workspace/jazzy_ws/install/bin:/workspace/jazzy_ws/install/opt/uncrustify_vendor/bin:${PATH} PKG_CONFIG_PATH=/workspace/jazzy_ws/install/lib/x86_64-linux-gnu/pkgconfig:/workspace/jazzy_ws/install/lib/pkgconfig PYTHONPATH=/workspace/jazzy_ws/install/lib/python3.12/site-packages /usr/bin/cmake --install /workspace/jazzy_ws/build/vision_msgs
[9.657s] -- Install configuration: ""
[9.657s] -- Installing: /workspace/jazzy_ws/install/share/ament_index/resource_index/rosidl_interfaces/vision_msgs
[9.657s] -- Installing: /workspace/jazzy_ws/install/share/vision_msgs/msg/BoundingBox2D.json
[9.657s] -- Installing: /workspace/jazzy_ws/install/share/vision_msgs/msg/BoundingBox2DArray.json
[9.657s] -- Installing: /workspace/jazzy_ws/install/share/vision_msgs/msg/BoundingBox3D.json
[9.657s] -- Installing: /workspace/jazzy_ws/install/share/vision_msgs/msg/BoundingBox3DArray.json
[9.657s] -- Installing: /workspace/jazzy_ws/install/share/vision_msgs/msg/Classification.json
[9.658s] -- Installing: /workspace/jazzy_ws/install/share/vision_msgs/msg/Detection2DArray.json
[9.658s] -- Installing: /workspace/jazzy_ws/install/share/vision_msgs/msg/Detection2D.json
[9.658s] -- Installing: /workspace/jazzy_ws/install/share/vision_msgs/msg/Detection3DArray.json
[9.658s] -- Installing: /workspace/jazzy_ws/install/share/vision_msgs/msg/Detection3D.json
[9.658s] -- Installing: /workspace/jazzy_ws/install/share/vision_msgs/msg/LabelInfo.json
[9.658s] -- Installing: /workspace/jazzy_ws/install/share/vision_msgs/msg/ObjectHypothesis.json
[9.658s] -- Installing: /workspace/jazzy_ws/install/share/vision_msgs/msg/ObjectHypothesisWithPose.json
[9.658s] -- Installing: /workspace/jazzy_ws/install/share/vision_msgs/msg/VisionClass.json
[9.658s] -- Installing: /workspace/jazzy_ws/install/share/vision_msgs/msg/Point2D.json
[9.658s] -- Installing: /workspace/jazzy_ws/install/share/vision_msgs/msg/Pose2D.json
[9.658s] -- Installing: /workspace/jazzy_ws/install/share/vision_msgs/msg/VisionInfo.json
[9.659s] -- Installing: /workspace/jazzy_ws/install/include/vision_msgs/vision_msgs
[9.659s] -- Installing: /workspace/jazzy_ws/install/include/vision_msgs/vision_msgs/msg
[9.659s] -- Installing: /workspace/jazzy_ws/install/include/vision_msgs/vision_msgs/msg/detail
[9.659s] -- Installing: /workspace/jazzy_ws/install/include/vision_msgs/vision_msgs/msg/detail/object_hypothesis_with_pose__type_support.h
[9.659s] -- Installing: /workspace/jazzy_ws/install/include/vision_msgs/vision_msgs/msg/detail/bounding_box2_d__functions.c
[9.659s] -- Installing: /workspace/jazzy_ws/install/include/vision_msgs/vision_msgs/msg/detail/bounding_box3_d__description.c
[9.659s] -- Installing: /workspace/jazzy_ws/install/include/vision_msgs/vision_msgs/msg/detail/detection3_d_array__description.c
[9.659s] -- Installing: /workspace/jazzy_ws/install/include/vision_msgs/vision_msgs/msg/detail/vision_info__description.c
[9.659s] -- Installing: /workspace/jazzy_ws/install/include/vision_msgs/vision_msgs/msg/detail/detection2_d__struct.h
[9.659s] -- Installing: /workspace/jazzy_ws/install/include/vision_msgs/vision_msgs/msg/detail/bounding_box2_d__description.c
[9.659s] -- Installing: /workspace/jazzy_ws/install/include/vision_msgs/vision_msgs/msg/detail/vision_class__type_support.c
[9.659s] -- Installing: /workspace/jazzy_ws/install/include/vision_msgs/vision_msgs/msg/detail/detection3_d_array__functions.c
[9.660s] -- Installing: /workspace/jazzy_ws/install/include/vision_msgs/vision_msgs/msg/detail/vision_class__struct.h
[9.660s] -- Installing: /workspace/jazzy_ws/install/include/vision_msgs/vision_msgs/msg/detail/bounding_box2_d__functions.h
[9.660s] -- Installing: /workspace/jazzy_ws/install/include/vision_msgs/vision_msgs/msg/detail/classification__description.c
[9.660s] -- Installing: /workspace/jazzy_ws/install/include/vision_msgs/vision_msgs/msg/detail/label_info__functions.h
[9.660s] -- Installing: /workspace/jazzy_ws/install/include/vision_msgs/vision_msgs/msg/detail/bounding_box3_d_array__type_support.c
[9.660s] -- Installing: /workspace/jazzy_ws/install/include/vision_msgs/vision_msgs/msg/detail/vision_info__functions.c
[9.660s] -- Installing: /workspace/jazzy_ws/install/include/vision_msgs/vision_msgs/msg/detail/pose2_d__type_support.h
[9.660s] -- Installing: /workspace/jazzy_ws/install/include/vision_msgs/vision_msgs/msg/detail/object_hypothesis__description.c
[9.660s] -- Installing: /workspace/jazzy_ws/install/include/vision_msgs/vision_msgs/msg/detail/point2_d__struct.h
[9.660s] -- Installing: /workspace/jazzy_ws/install/include/vision_msgs/vision_msgs/msg/detail/object_hypothesis_with_pose__struct.h
[9.661s] -- Installing: /workspace/jazzy_ws/install/include/vision_msgs/vision_msgs/msg/detail/bounding_box3_d_array__struct.h
[9.661s] -- Installing: /workspace/jazzy_ws/install/include/vision_msgs/vision_msgs/msg/detail/classification__functions.h
[9.661s] -- Installing: /workspace/jazzy_ws/install/include/vision_msgs/vision_msgs/msg/detail/point2_d__type_support.c
[9.661s] -- Installing: /workspace/jazzy_ws/install/include/vision_msgs/vision_msgs/msg/detail/detection3_d__functions.c
[9.661s] -- Installing: /workspace/jazzy_ws/install/include/vision_msgs/vision_msgs/msg/detail/object_hypothesis__functions.c
[9.661s] -- Installing: /workspace/jazzy_ws/install/include/vision_msgs/vision_msgs/msg/detail/bounding_box2_d__type_support.c
[9.661s] -- Installing: /workspace/jazzy_ws/install/include/vision_msgs/vision_msgs/msg/detail/label_info__type_support.c
[9.661s] -- Installing: /workspace/jazzy_ws/install/include/vision_msgs/vision_msgs/msg/detail/bounding_box2_d_array__description.c
[9.661s] -- Installing: /workspace/jazzy_ws/install/include/vision_msgs/vision_msgs/msg/detail/detection2_d__description.c
[9.662s] -- Installing: /workspace/jazzy_ws/install/include/vision_msgs/vision_msgs/msg/detail/vision_class__functions.c
[9.662s] -- Installing: /workspace/jazzy_ws/install/include/vision_msgs/vision_msgs/msg/detail/bounding_box3_d__struct.h
[9.662s] -- Installing: /workspace/jazzy_ws/install/include/vision_msgs/vision_msgs/msg/detail/pose2_d__struct.h
[9.662s] -- Installing: /workspace/jazzy_ws/install/include/vision_msgs/vision_msgs/msg/detail/detection3_d_array__struct.h
[9.662s] -- Installing: /workspace/jazzy_ws/install/include/vision_msgs/vision_msgs/msg/detail/bounding_box3_d__type_support.c
[9.662s] -- Installing: /workspace/jazzy_ws/install/include/vision_msgs/vision_msgs/msg/detail/detection3_d_array__functions.h
[9.662s] -- Installing: /workspace/jazzy_ws/install/include/vision_msgs/vision_msgs/msg/detail/pose2_d__functions.h
[9.662s] -- Installing: /workspace/jazzy_ws/install/include/vision_msgs/vision_msgs/msg/detail/label_info__type_support.h
[9.662s] -- Installing: /workspace/jazzy_ws/install/include/vision_msgs/vision_msgs/msg/detail/object_hypothesis_with_pose__functions.c
[9.662s] -- Installing: /workspace/jazzy_ws/install/include/vision_msgs/vision_msgs/msg/detail/object_hypothesis_with_pose__type_support.c
[9.662s] -- Installing: /workspace/jazzy_ws/install/include/vision_msgs/vision_msgs/msg/detail/detection3_d__type_support.h
[9.662s] -- Installing: /workspace/jazzy_ws/install/include/vision_msgs/vision_msgs/msg/detail/vision_info__functions.h
[9.662s] -- Installing: /workspace/jazzy_ws/install/include/vision_msgs/vision_msgs/msg/detail/vision_class__functions.h
[9.662s] -- Installing: /workspace/jazzy_ws/install/include/vision_msgs/vision_msgs/msg/detail/detection3_d_array__type_support.c
[9.662s] -- Installing: /workspace/jazzy_ws/install/include/vision_msgs/vision_msgs/msg/detail/detection2_d_array__functions.h
[9.663s] -- Installing: /workspace/jazzy_ws/install/include/vision_msgs/vision_msgs/msg/detail/bounding_box2_d_array__type_support.c
[9.664s] -- Installing: /workspace/jazzy_ws/install/include/vision_msgs/vision_msgs/msg/detail/label_info__struct.h
[9.664s] -- Installing: /workspace/jazzy_ws/install/include/vision_msgs/vision_msgs/msg/detail/object_hypothesis__type_support.h
[9.664s] -- Installing: /workspace/jazzy_ws/install/include/vision_msgs/vision_msgs/msg/detail/bounding_box2_d__struct.h
[9.664s] -- Installing: /workspace/jazzy_ws/install/include/vision_msgs/vision_msgs/msg/detail/point2_d__functions.h
[9.664s] -- Installing: /workspace/jazzy_ws/install/include/vision_msgs/vision_msgs/msg/detail/bounding_box3_d_array__functions.h
[9.664s] -- Installing: /workspace/jazzy_ws/install/include/vision_msgs/vision_msgs/msg/detail/object_hypothesis_with_pose__description.c
[9.664s] -- Installing: /workspace/jazzy_ws/install/include/vision_msgs/vision_msgs/msg/detail/vision_info__type_support.c
[9.664s] -- Installing: /workspace/jazzy_ws/install/include/vision_msgs/vision_msgs/msg/detail/detection2_d_array__type_support.h
[9.664s] -- Installing: /workspace/jazzy_ws/install/include/vision_msgs/vision_msgs/msg/detail/pose2_d__description.c
[9.664s] -- Installing: /workspace/jazzy_ws/install/include/vision_msgs/vision_msgs/msg/detail/point2_d__functions.c
[9.664s] -- Installing: /workspace/jazzy_ws/install/include/vision_msgs/vision_msgs/msg/detail/classification__type_support.h
[9.664s] -- Installing: /workspace/jazzy_ws/install/include/vision_msgs/vision_msgs/msg/detail/vision_info__type_support.h
[9.664s] -- Installing: /workspace/jazzy_ws/install/include/vision_msgs/vision_msgs/msg/detail/bounding_box2_d_array__functions.h
[9.664s] -- Installing: /workspace/jazzy_ws/install/include/vision_msgs/vision_msgs/msg/detail/pose2_d__type_support.c
[9.664s] -- Installing: /workspace/jazzy_ws/install/include/vision_msgs/vision_msgs/msg/detail/detection2_d_array__functions.c
[9.665s] -- Installing: /workspace/jazzy_ws/install/include/vision_msgs/vision_msgs/msg/detail/classification__functions.c
[9.665s] -- Installing: /workspace/jazzy_ws/install/include/vision_msgs/vision_msgs/msg/detail/detection2_d_array__struct.h
[9.665s] -- Installing: /workspace/jazzy_ws/install/include/vision_msgs/vision_msgs/msg/detail/bounding_box2_d__type_support.h
[9.665s] -- Installing: /workspace/jazzy_ws/install/include/vision_msgs/vision_msgs/msg/detail/bounding_box2_d_array__type_support.h
[9.665s] -- Installing: /workspace/jazzy_ws/install/include/vision_msgs/vision_msgs/msg/detail/label_info__functions.c
[9.665s] -- Installing: /workspace/jazzy_ws/install/include/vision_msgs/vision_msgs/msg/detail/bounding_box2_d_array__struct.h
[9.665s] -- Installing: /workspace/jazzy_ws/install/include/vision_msgs/vision_msgs/msg/detail/vision_class__type_support.h
[9.665s] -- Installing: /workspace/jazzy_ws/install/include/vision_msgs/vision_msgs/msg/detail/bounding_box3_d__functions.c
[9.665s] -- Installing: /workspace/jazzy_ws/install/include/vision_msgs/vision_msgs/msg/detail/detection3_d__description.c
[9.666s] -- Installing: /workspace/jazzy_ws/install/include/vision_msgs/vision_msgs/msg/detail/detection2_d__type_support.h
[9.666s] -- Installing: /workspace/jazzy_ws/install/include/vision_msgs/vision_msgs/msg/detail/detection3_d__functions.h
[9.666s] -- Installing: /workspace/jazzy_ws/install/include/vision_msgs/vision_msgs/msg/detail/bounding_box3_d_array__functions.c
[9.666s] -- Installing: /workspace/jazzy_ws/install/include/vision_msgs/vision_msgs/msg/detail/bounding_box3_d_array__description.c
[9.666s] -- Installing: /workspace/jazzy_ws/install/include/vision_msgs/vision_msgs/msg/detail/detection3_d__struct.h
[9.666s] -- Installing: /workspace/jazzy_ws/install/include/vision_msgs/vision_msgs/msg/detail/object_hypothesis__type_support.c
[9.666s] -- Installing: /workspace/jazzy_ws/install/include/vision_msgs/vision_msgs/msg/detail/classification__type_support.c
[9.666s] -- Installing: /workspace/jazzy_ws/install/include/vision_msgs/vision_msgs/msg/detail/point2_d__type_support.h
[9.666s] -- Installing: /workspace/jazzy_ws/install/include/vision_msgs/vision_msgs/msg/detail/vision_info__struct.h
[9.666s] -- Installing: /workspace/jazzy_ws/install/include/vision_msgs/vision_msgs/msg/detail/detection2_d_array__description.c
[9.666s] -- Installing: /workspace/jazzy_ws/install/include/vision_msgs/vision_msgs/msg/detail/object_hypothesis_with_pose__functions.h
[9.666s] -- Installing: /workspace/jazzy_ws/install/include/vision_msgs/vision_msgs/msg/detail/detection2_d__functions.c
[9.666s] -- Installing: /workspace/jazzy_ws/install/include/vision_msgs/vision_msgs/msg/detail/bounding_box3_d__functions.h
[9.666s] -- Installing: /workspace/jazzy_ws/install/include/vision_msgs/vision_msgs/msg/detail/detection2_d__functions.h
[9.666s] -- Installing: /workspace/jazzy_ws/install/include/vision_msgs/vision_msgs/msg/detail/detection2_d__type_support.c
[9.667s] -- Installing: /workspace/jazzy_ws/install/include/vision_msgs/vision_msgs/msg/detail/classification__struct.h
[9.667s] -- Installing: /workspace/jazzy_ws/install/include/vision_msgs/vision_msgs/msg/detail/bounding_box3_d__type_support.h
[9.667s] -- Installing: /workspace/jazzy_ws/install/include/vision_msgs/vision_msgs/msg/detail/detection3_d_array__type_support.h
[9.667s] -- Installing: /workspace/jazzy_ws/install/include/vision_msgs/vision_msgs/msg/detail/detection2_d_array__type_support.c
[9.667s] -- Installing: /workspace/jazzy_ws/install/include/vision_msgs/vision_msgs/msg/detail/point2_d__description.c
[9.667s] -- Installing: /workspace/jazzy_ws/install/include/vision_msgs/vision_msgs/msg/detail/detection3_d__type_support.c
[9.667s] -- Installing: /workspace/jazzy_ws/install/include/vision_msgs/vision_msgs/msg/detail/object_hypothesis__struct.h
[9.667s] -- Installing: /workspace/jazzy_ws/install/include/vision_msgs/vision_msgs/msg/detail/bounding_box3_d_array__type_support.h
[9.667s] -- Installing: /workspace/jazzy_ws/install/include/vision_msgs/vision_msgs/msg/detail/vision_class__description.c
[9.667s] -- Installing: /workspace/jazzy_ws/install/include/vision_msgs/vision_msgs/msg/detail/object_hypothesis__functions.h
[9.667s] -- Installing: /workspace/jazzy_ws/install/include/vision_msgs/vision_msgs/msg/detail/label_info__description.c
[9.667s] -- Installing: /workspace/jazzy_ws/install/include/vision_msgs/vision_msgs/msg/detail/pose2_d__functions.c
[9.667s] -- Installing: /workspace/jazzy_ws/install/include/vision_msgs/vision_msgs/msg/detail/bounding_box2_d_array__functions.c
[9.667s] -- Installing: /workspace/jazzy_ws/install/include/vision_msgs/vision_msgs/msg/label_info.h
[9.667s] -- Installing: /workspace/jazzy_ws/install/include/vision_msgs/vision_msgs/msg/point2_d.h
[9.667s] -- Installing: /workspace/jazzy_ws/install/include/vision_msgs/vision_msgs/msg/bounding_box2_d_array.h
[9.667s] -- Installing: /workspace/jazzy_ws/install/include/vision_msgs/vision_msgs/msg/bounding_box3_d_array.h
[9.667s] -- Installing: /workspace/jazzy_ws/install/include/vision_msgs/vision_msgs/msg/detection3_d_array.h
[9.668s] -- Installing: /workspace/jazzy_ws/install/include/vision_msgs/vision_msgs/msg/vision_info.h
[9.668s] -- Installing: /workspace/jazzy_ws/install/include/vision_msgs/vision_msgs/msg/vision_class.h
[9.668s] -- Installing: /workspace/jazzy_ws/install/include/vision_msgs/vision_msgs/msg/bounding_box3_d.h
[9.668s] -- Installing: /workspace/jazzy_ws/install/include/vision_msgs/vision_msgs/msg/detection2_d_array.h
[9.668s] -- Installing: /workspace/jazzy_ws/install/include/vision_msgs/vision_msgs/msg/detection2_d.h
[9.668s] -- Installing: /workspace/jazzy_ws/install/include/vision_msgs/vision_msgs/msg/pose2_d.h
[9.668s] -- Installing: /workspace/jazzy_ws/install/include/vision_msgs/vision_msgs/msg/classification.h
[9.668s] -- Installing: /workspace/jazzy_ws/install/include/vision_msgs/vision_msgs/msg/object_hypothesis.h
[9.668s] -- Installing: /workspace/jazzy_ws/install/include/vision_msgs/vision_msgs/msg/bounding_box2_d.h
[9.668s] -- Installing: /workspace/jazzy_ws/install/include/vision_msgs/vision_msgs/msg/rosidl_generator_c__visibility_control.h
[9.668s] -- Installing: /workspace/jazzy_ws/install/include/vision_msgs/vision_msgs/msg/detection3_d.h
[9.668s] -- Installing: /workspace/jazzy_ws/install/include/vision_msgs/vision_msgs/msg/object_hypothesis_with_pose.h
[9.669s] -- Installing: /workspace/jazzy_ws/install/share/vision_msgs/environment/library_path.sh
[9.669s] -- Installing: /workspace/jazzy_ws/install/share/vision_msgs/environment/library_path.dsv
[9.669s] -- Installing: /workspace/jazzy_ws/install/lib/libvision_msgs__rosidl_generator_c.so
[9.669s] -- Set non-toolchain portion of runtime path of "/workspace/jazzy_ws/install/lib/libvision_msgs__rosidl_generator_c.so" to ""
[9.669s] -- Up-to-date: /workspace/jazzy_ws/install/include/vision_msgs/vision_msgs
[9.670s] -- Up-to-date: /workspace/jazzy_ws/install/include/vision_msgs/vision_msgs/msg
[9.670s] -- Up-to-date: /workspace/jazzy_ws/install/include/vision_msgs/vision_msgs/msg/detail
[9.670s] -- Installing: /workspace/jazzy_ws/install/include/vision_msgs/vision_msgs/msg/detail/point2_d__rosidl_typesupport_fastrtps_c.h
[9.670s] -- Installing: /workspace/jazzy_ws/install/include/vision_msgs/vision_msgs/msg/detail/classification__rosidl_typesupport_fastrtps_c.h
[9.670s] -- Installing: /workspace/jazzy_ws/install/include/vision_msgs/vision_msgs/msg/detail/pose2_d__rosidl_typesupport_fastrtps_c.h
[9.670s] -- Installing: /workspace/jazzy_ws/install/include/vision_msgs/vision_msgs/msg/detail/bounding_box3_d_array__rosidl_typesupport_fastrtps_c.h
[9.670s] -- Installing: /workspace/jazzy_ws/install/include/vision_msgs/vision_msgs/msg/detail/label_info__rosidl_typesupport_fastrtps_c.h
[9.670s] -- Installing: /workspace/jazzy_ws/install/include/vision_msgs/vision_msgs/msg/detail/bounding_box2_d_array__rosidl_typesupport_fastrtps_c.h
[9.670s] -- Installing: /workspace/jazzy_ws/install/include/vision_msgs/vision_msgs/msg/detail/vision_class__rosidl_typesupport_fastrtps_c.h
[9.670s] -- Installing: /workspace/jazzy_ws/install/include/vision_msgs/vision_msgs/msg/detail/detection2_d_array__rosidl_typesupport_fastrtps_c.h
[9.670s] -- Installing: /workspace/jazzy_ws/install/include/vision_msgs/vision_msgs/msg/detail/bounding_box2_d__rosidl_typesupport_fastrtps_c.h
[9.670s] -- Installing: /workspace/jazzy_ws/install/include/vision_msgs/vision_msgs/msg/detail/bounding_box3_d__rosidl_typesupport_fastrtps_c.h
[9.671s] -- Installing: /workspace/jazzy_ws/install/include/vision_msgs/vision_msgs/msg/detail/detection2_d__rosidl_typesupport_fastrtps_c.h
[9.671s] -- Installing: /workspace/jazzy_ws/install/include/vision_msgs/vision_msgs/msg/detail/detection3_d_array__rosidl_typesupport_fastrtps_c.h
[9.671s] -- Installing: /workspace/jazzy_ws/install/include/vision_msgs/vision_msgs/msg/detail/object_hypothesis__rosidl_typesupport_fastrtps_c.h
[9.671s] -- Installing: /workspace/jazzy_ws/install/include/vision_msgs/vision_msgs/msg/detail/detection3_d__rosidl_typesupport_fastrtps_c.h
[9.671s] -- Installing: /workspace/jazzy_ws/install/include/vision_msgs/vision_msgs/msg/detail/vision_info__rosidl_typesupport_fastrtps_c.h
[9.671s] -- Installing: /workspace/jazzy_ws/install/include/vision_msgs/vision_msgs/msg/detail/object_hypothesis_with_pose__rosidl_typesupport_fastrtps_c.h
[9.671s] -- Installing: /workspace/jazzy_ws/install/include/vision_msgs/vision_msgs/msg/rosidl_typesupport_fastrtps_c__visibility_control.h
[9.671s] -- Installing: /workspace/jazzy_ws/install/lib/libvision_msgs__rosidl_typesupport_fastrtps_c.so
[9.671s] -- Set non-toolchain portion of runtime path of "/workspace/jazzy_ws/install/lib/libvision_msgs__rosidl_typesupport_fastrtps_c.so" to ""
[9.672s] -- Up-to-date: /workspace/jazzy_ws/install/include/vision_msgs/vision_msgs
[9.672s] -- Up-to-date: /workspace/jazzy_ws/install/include/vision_msgs/vision_msgs/msg
[9.672s] -- Up-to-date: /workspace/jazzy_ws/install/include/vision_msgs/vision_msgs/msg/detail
[9.672s] -- Installing: /workspace/jazzy_ws/install/include/vision_msgs/vision_msgs/msg/detail/detection3_d_array__traits.hpp
[9.675s] -- Installing: /workspace/jazzy_ws/install/include/vision_msgs/vision_msgs/msg/detail/object_hypothesis__struct.hpp
[9.675s] -- Installing: /workspace/jazzy_ws/install/include/vision_msgs/vision_msgs/msg/detail/pose2_d__struct.hpp
[9.675s] -- Installing: /workspace/jazzy_ws/install/include/vision_msgs/vision_msgs/msg/detail/detection3_d_array__type_support.hpp
[9.675s] -- Installing: /workspace/jazzy_ws/install/include/vision_msgs/vision_msgs/msg/detail/object_hypothesis_with_pose__struct.hpp
[9.675s] -- Installing: /workspace/jazzy_ws/install/include/vision_msgs/vision_msgs/msg/detail/detection2_d_array__traits.hpp
[9.675s] -- Installing: /workspace/jazzy_ws/install/include/vision_msgs/vision_msgs/msg/detail/vision_class__builder.hpp
[9.675s] -- Installing: /workspace/jazzy_ws/install/include/vision_msgs/vision_msgs/msg/detail/object_hypothesis_with_pose__type_support.hpp
[9.675s] -- Installing: /workspace/jazzy_ws/install/include/vision_msgs/vision_msgs/msg/detail/bounding_box3_d_array__type_support.hpp
[9.676s] -- Installing: /workspace/jazzy_ws/install/include/vision_msgs/vision_msgs/msg/detail/detection2_d_array__builder.hpp
[9.676s] -- Installing: /workspace/jazzy_ws/install/include/vision_msgs/vision_msgs/msg/detail/classification__struct.hpp
[9.676s] -- Installing: /workspace/jazzy_ws/install/include/vision_msgs/vision_msgs/msg/detail/vision_class__struct.hpp
[9.676s] -- Installing: /workspace/jazzy_ws/install/include/vision_msgs/vision_msgs/msg/detail/bounding_box2_d_array__traits.hpp
[9.676s] -- Installing: /workspace/jazzy_ws/install/include/vision_msgs/vision_msgs/msg/detail/pose2_d__traits.hpp
[9.676s] -- Installing: /workspace/jazzy_ws/install/include/vision_msgs/vision_msgs/msg/detail/classification__builder.hpp
[9.676s] -- Installing: /workspace/jazzy_ws/install/include/vision_msgs/vision_msgs/msg/detail/bounding_box2_d__traits.hpp
[9.676s] -- Installing: /workspace/jazzy_ws/install/include/vision_msgs/vision_msgs/msg/detail/detection3_d__builder.hpp
[9.676s] -- Installing: /workspace/jazzy_ws/install/include/vision_msgs/vision_msgs/msg/detail/detection2_d_array__struct.hpp
[9.676s] -- Installing: /workspace/jazzy_ws/install/include/vision_msgs/vision_msgs/msg/detail/vision_info__struct.hpp
[9.676s] -- Installing: /workspace/jazzy_ws/install/include/vision_msgs/vision_msgs/msg/detail/bounding_box3_d_array__builder.hpp
[9.676s] -- Installing: /workspace/jazzy_ws/install/include/vision_msgs/vision_msgs/msg/detail/detection2_d__type_support.hpp
[9.676s] -- Installing: /workspace/jazzy_ws/install/include/vision_msgs/vision_msgs/msg/detail/point2_d__struct.hpp
[9.676s] -- Installing: /workspace/jazzy_ws/install/include/vision_msgs/vision_msgs/msg/detail/detection2_d__builder.hpp
[9.676s] -- Installing: /workspace/jazzy_ws/install/include/vision_msgs/vision_msgs/msg/detail/bounding_box3_d_array__struct.hpp
[9.676s] -- Installing: /workspace/jazzy_ws/install/include/vision_msgs/vision_msgs/msg/detail/label_info__struct.hpp
[9.676s] -- Installing: /workspace/jazzy_ws/install/include/vision_msgs/vision_msgs/msg/detail/detection3_d_array__struct.hpp
[9.676s] -- Installing: /workspace/jazzy_ws/install/include/vision_msgs/vision_msgs/msg/detail/detection2_d__traits.hpp
[9.676s] -- Installing: /workspace/jazzy_ws/install/include/vision_msgs/vision_msgs/msg/detail/object_hypothesis__traits.hpp
[9.676s] -- Installing: /workspace/jazzy_ws/install/include/vision_msgs/vision_msgs/msg/detail/bounding_box3_d__struct.hpp
[9.676s] -- Installing: /workspace/jazzy_ws/install/include/vision_msgs/vision_msgs/msg/detail/bounding_box2_d__builder.hpp
[9.676s] -- Installing: /workspace/jazzy_ws/install/include/vision_msgs/vision_msgs/msg/detail/pose2_d__type_support.hpp
[9.676s] -- Installing: /workspace/jazzy_ws/install/include/vision_msgs/vision_msgs/msg/detail/detection3_d__traits.hpp
[9.676s] -- Installing: /workspace/jazzy_ws/install/include/vision_msgs/vision_msgs/msg/detail/label_info__builder.hpp
[9.676s] -- Installing: /workspace/jazzy_ws/install/include/vision_msgs/vision_msgs/msg/detail/point2_d__builder.hpp
[9.676s] -- Installing: /workspace/jazzy_ws/install/include/vision_msgs/vision_msgs/msg/detail/bounding_box3_d__traits.hpp
[9.677s] -- Installing: /workspace/jazzy_ws/install/include/vision_msgs/vision_msgs/msg/detail/detection3_d__type_support.hpp
[9.677s] -- Installing: /workspace/jazzy_ws/install/include/vision_msgs/vision_msgs/msg/detail/classification__traits.hpp
[9.677s] -- Installing: /workspace/jazzy_ws/install/include/vision_msgs/vision_msgs/msg/detail/vision_info__type_support.hpp
[9.677s] -- Installing: /workspace/jazzy_ws/install/include/vision_msgs/vision_msgs/msg/detail/classification__type_support.hpp
[9.677s] -- Installing: /workspace/jazzy_ws/install/include/vision_msgs/vision_msgs/msg/detail/vision_class__traits.hpp
[9.677s] -- Installing: /workspace/jazzy_ws/install/include/vision_msgs/vision_msgs/msg/detail/bounding_box2_d__type_support.hpp
[9.677s] -- Installing: /workspace/jazzy_ws/install/include/vision_msgs/vision_msgs/msg/detail/vision_info__builder.hpp
[9.677s] -- Installing: /workspace/jazzy_ws/install/include/vision_msgs/vision_msgs/msg/detail/object_hypothesis_with_pose__builder.hpp
[9.677s] -- Installing: /workspace/jazzy_ws/install/include/vision_msgs/vision_msgs/msg/detail/bounding_box3_d__type_support.hpp
[9.677s] -- Installing: /workspace/jazzy_ws/install/include/vision_msgs/vision_msgs/msg/detail/point2_d__traits.hpp
[9.677s] -- Installing: /workspace/jazzy_ws/install/include/vision_msgs/vision_msgs/msg/detail/bounding_box2_d__struct.hpp
[9.677s] -- Installing: /workspace/jazzy_ws/install/include/vision_msgs/vision_msgs/msg/detail/detection3_d__struct.hpp
[9.677s] -- Installing: /workspace/jazzy_ws/install/include/vision_msgs/vision_msgs/msg/detail/vision_class__type_support.hpp
[9.677s] -- Installing: /workspace/jazzy_ws/install/include/vision_msgs/vision_msgs/msg/detail/detection2_d_array__type_support.hpp
[9.677s] -- Installing: /workspace/jazzy_ws/install/include/vision_msgs/vision_msgs/msg/detail/point2_d__type_support.hpp
[9.677s] -- Installing: /workspace/jazzy_ws/install/include/vision_msgs/vision_msgs/msg/detail/vision_info__traits.hpp
[9.678s] -- Installing: /workspace/jazzy_ws/install/include/vision_msgs/vision_msgs/msg/detail/label_info__traits.hpp
[9.678s] -- Installing: /workspace/jazzy_ws/install/include/vision_msgs/vision_msgs/msg/detail/object_hypothesis__type_support.hpp
[9.678s] -- Installing: /workspace/jazzy_ws/install/include/vision_msgs/vision_msgs/msg/detail/object_hypothesis_with_pose__traits.hpp
[9.678s] -- Installing: /workspace/jazzy_ws/install/include/vision_msgs/vision_msgs/msg/detail/bounding_box3_d_array__traits.hpp
[9.678s] -- Installing: /workspace/jazzy_ws/install/include/vision_msgs/vision_msgs/msg/detail/bounding_box2_d_array__struct.hpp
[9.678s] -- Installing: /workspace/jazzy_ws/install/include/vision_msgs/vision_msgs/msg/detail/detection2_d__struct.hpp
[9.678s] -- Installing: /workspace/jazzy_ws/install/include/vision_msgs/vision_msgs/msg/detail/bounding_box3_d__builder.hpp
[9.678s] -- Installing: /workspace/jazzy_ws/install/include/vision_msgs/vision_msgs/msg/detail/pose2_d__builder.hpp
[9.678s] -- Installing: /workspace/jazzy_ws/install/include/vision_msgs/vision_msgs/msg/detail/object_hypothesis__builder.hpp
[9.678s] -- Installing: /workspace/jazzy_ws/install/include/vision_msgs/vision_msgs/msg/detail/bounding_box2_d_array__builder.hpp
[9.678s] -- Installing: /workspace/jazzy_ws/install/include/vision_msgs/vision_msgs/msg/detail/label_info__type_support.hpp
[9.678s] -- Installing: /workspace/jazzy_ws/install/include/vision_msgs/vision_msgs/msg/detail/detection3_d_array__builder.hpp
[9.678s] -- Installing: /workspace/jazzy_ws/install/include/vision_msgs/vision_msgs/msg/detail/bounding_box2_d_array__type_support.hpp
[9.678s] -- Installing: /workspace/jazzy_ws/install/include/vision_msgs/vision_msgs/msg/label_info.hpp
[9.678s] -- Installing: /workspace/jazzy_ws/install/include/vision_msgs/vision_msgs/msg/pose2_d.hpp
[9.678s] -- Installing: /workspace/jazzy_ws/install/include/vision_msgs/vision_msgs/msg/detection2_d.hpp
[9.678s] -- Installing: /workspace/jazzy_ws/install/include/vision_msgs/vision_msgs/msg/rosidl_generator_cpp__visibility_control.hpp
[9.678s] -- Installing: /workspace/jazzy_ws/install/include/vision_msgs/vision_msgs/msg/bounding_box3_d_array.hpp
[9.679s] -- Installing: /workspace/jazzy_ws/install/include/vision_msgs/vision_msgs/msg/classification.hpp
[9.679s] -- Installing: /workspace/jazzy_ws/install/include/vision_msgs/vision_msgs/msg/point2_d.hpp
[9.679s] -- Installing: /workspace/jazzy_ws/install/include/vision_msgs/vision_msgs/msg/detection2_d_array.hpp
[9.679s] -- Installing: /workspace/jazzy_ws/install/include/vision_msgs/vision_msgs/msg/detection3_d_array.hpp
[9.679s] -- Installing: /workspace/jazzy_ws/install/include/vision_msgs/vision_msgs/msg/bounding_box2_d.hpp
[9.679s] -- Installing: /workspace/jazzy_ws/install/include/vision_msgs/vision_msgs/msg/detection3_d.hpp
[9.679s] -- Installing: /workspace/jazzy_ws/install/include/vision_msgs/vision_msgs/msg/object_hypothesis_with_pose.hpp
[9.679s] -- Installing: /workspace/jazzy_ws/install/include/vision_msgs/vision_msgs/msg/object_hypothesis.hpp
[9.679s] -- Installing: /workspace/jazzy_ws/install/include/vision_msgs/vision_msgs/msg/bounding_box2_d_array.hpp
[9.679s] -- Installing: /workspace/jazzy_ws/install/include/vision_msgs/vision_msgs/msg/vision_info.hpp
[9.679s] -- Installing: /workspace/jazzy_ws/install/include/vision_msgs/vision_msgs/msg/vision_class.hpp
[9.679s] -- Installing: /workspace/jazzy_ws/install/include/vision_msgs/vision_msgs/msg/bounding_box3_d.hpp
[9.679s] -- Up-to-date: /workspace/jazzy_ws/install/include/vision_msgs/vision_msgs
[9.679s] -- Up-to-date: /workspace/jazzy_ws/install/include/vision_msgs/vision_msgs/msg
[9.679s] -- Up-to-date: /workspace/jazzy_ws/install/include/vision_msgs/vision_msgs/msg/detail
[9.679s] -- Installing: /workspace/jazzy_ws/install/include/vision_msgs/vision_msgs/msg/detail/detection2_d__rosidl_typesupport_fastrtps_cpp.hpp
[9.680s] -- Installing: /workspace/jazzy_ws/install/include/vision_msgs/vision_msgs/msg/detail/object_hypothesis__rosidl_typesupport_fastrtps_cpp.hpp
[9.680s] -- Installing: /workspace/jazzy_ws/install/include/vision_msgs/vision_msgs/msg/detail/classification__rosidl_typesupport_fastrtps_cpp.hpp
[9.681s] -- Installing: /workspace/jazzy_ws/install/include/vision_msgs/vision_msgs/msg/detail/bounding_box2_d_array__rosidl_typesupport_fastrtps_cpp.hpp
[9.681s] -- Installing: /workspace/jazzy_ws/install/include/vision_msgs/vision_msgs/msg/detail/vision_class__rosidl_typesupport_fastrtps_cpp.hpp
[9.682s] -- Installing: /workspace/jazzy_ws/install/include/vision_msgs/vision_msgs/msg/detail/detection3_d__rosidl_typesupport_fastrtps_cpp.hpp
[9.682s] -- Installing: /workspace/jazzy_ws/install/include/vision_msgs/vision_msgs/msg/detail/bounding_box2_d__rosidl_typesupport_fastrtps_cpp.hpp
[9.682s] -- Installing: /workspace/jazzy_ws/install/include/vision_msgs/vision_msgs/msg/detail/bounding_box3_d__rosidl_typesupport_fastrtps_cpp.hpp
[9.682s] -- Installing: /workspace/jazzy_ws/install/include/vision_msgs/vision_msgs/msg/detail/dds_fastrtps
[9.682s] -- Installing: /workspace/jazzy_ws/install/include/vision_msgs/vision_msgs/msg/detail/point2_d__rosidl_typesupport_fastrtps_cpp.hpp
[9.682s] -- Installing: /workspace/jazzy_ws/install/include/vision_msgs/vision_msgs/msg/detail/detection3_d_array__rosidl_typesupport_fastrtps_cpp.hpp
[9.682s] -- Installing: /workspace/jazzy_ws/install/include/vision_msgs/vision_msgs/msg/detail/bounding_box3_d_array__rosidl_typesupport_fastrtps_cpp.hpp
[9.682s] -- Installing: /workspace/jazzy_ws/install/include/vision_msgs/vision_msgs/msg/detail/object_hypothesis_with_pose__rosidl_typesupport_fastrtps_cpp.hpp
[9.682s] -- Installing: /workspace/jazzy_ws/install/include/vision_msgs/vision_msgs/msg/detail/vision_info__rosidl_typesupport_fastrtps_cpp.hpp
[9.682s] -- Installing: /workspace/jazzy_ws/install/include/vision_msgs/vision_msgs/msg/detail/label_info__rosidl_typesupport_fastrtps_cpp.hpp
[9.682s] -- Installing: /workspace/jazzy_ws/install/include/vision_msgs/vision_msgs/msg/detail/detection2_d_array__rosidl_typesupport_fastrtps_cpp.hpp
[9.682s] -- Installing: /workspace/jazzy_ws/install/include/vision_msgs/vision_msgs/msg/detail/pose2_d__rosidl_typesupport_fastrtps_cpp.hpp
[9.682s] -- Installing: /workspace/jazzy_ws/install/include/vision_msgs/vision_msgs/msg/rosidl_typesupport_fastrtps_cpp__visibility_control.h
[9.682s] -- Installing: /workspace/jazzy_ws/install/lib/libvision_msgs__rosidl_typesupport_fastrtps_cpp.so
[9.682s] -- Set non-toolchain portion of runtime path of "/workspace/jazzy_ws/install/lib/libvision_msgs__rosidl_typesupport_fastrtps_cpp.so" to ""
[9.682s] -- Up-to-date: /workspace/jazzy_ws/install/include/vision_msgs/vision_msgs
[9.682s] -- Up-to-date: /workspace/jazzy_ws/install/include/vision_msgs/vision_msgs/msg
[9.682s] -- Up-to-date: /workspace/jazzy_ws/install/include/vision_msgs/vision_msgs/msg/detail
[9.682s] -- Installing: /workspace/jazzy_ws/install/include/vision_msgs/vision_msgs/msg/detail/vision_class__type_support.c
[9.682s] -- Installing: /workspace/jazzy_ws/install/include/vision_msgs/vision_msgs/msg/detail/detection2_d_array__rosidl_typesupport_introspection_c.h
[9.683s] -- Installing: /workspace/jazzy_ws/install/include/vision_msgs/vision_msgs/msg/detail/bounding_box3_d_array__type_support.c
[9.683s] -- Installing: /workspace/jazzy_ws/install/include/vision_msgs/vision_msgs/msg/detail/classification__rosidl_typesupport_introspection_c.h
[9.683s] -- Installing: /workspace/jazzy_ws/install/include/vision_msgs/vision_msgs/msg/detail/object_hypothesis_with_pose__rosidl_typesupport_introspection_c.h
[9.683s] -- Installing: /workspace/jazzy_ws/install/include/vision_msgs/vision_msgs/msg/detail/point2_d__type_support.c
[9.683s] -- Installing: /workspace/jazzy_ws/install/include/vision_msgs/vision_msgs/msg/detail/bounding_box3_d__rosidl_typesupport_introspection_c.h
[9.683s] -- Installing: /workspace/jazzy_ws/install/include/vision_msgs/vision_msgs/msg/detail/bounding_box2_d__type_support.c
[9.683s] -- Installing: /workspace/jazzy_ws/install/include/vision_msgs/vision_msgs/msg/detail/bounding_box3_d_array__rosidl_typesupport_introspection_c.h
[9.683s] -- Installing: /workspace/jazzy_ws/install/include/vision_msgs/vision_msgs/msg/detail/pose2_d__rosidl_typesupport_introspection_c.h
[9.683s] -- Installing: /workspace/jazzy_ws/install/include/vision_msgs/vision_msgs/msg/detail/vision_class__rosidl_typesupport_introspection_c.h
[9.683s] -- Installing: /workspace/jazzy_ws/install/include/vision_msgs/vision_msgs/msg/detail/label_info__type_support.c
[9.683s] -- Installing: /workspace/jazzy_ws/install/include/vision_msgs/vision_msgs/msg/detail/bounding_box2_d__rosidl_typesupport_introspection_c.h
[9.684s] -- Installing: /workspace/jazzy_ws/install/include/vision_msgs/vision_msgs/msg/detail/bounding_box3_d__type_support.c
[9.684s] -- Installing: /workspace/jazzy_ws/install/include/vision_msgs/vision_msgs/msg/detail/object_hypothesis_with_pose__type_support.c
[9.684s] -- Installing: /workspace/jazzy_ws/install/include/vision_msgs/vision_msgs/msg/detail/detection3_d_array__type_support.c
[9.684s] -- Installing: /workspace/jazzy_ws/install/include/vision_msgs/vision_msgs/msg/detail/bounding_box2_d_array__type_support.c
[9.684s] -- Installing: /workspace/jazzy_ws/install/include/vision_msgs/vision_msgs/msg/detail/point2_d__rosidl_typesupport_introspection_c.h
[9.684s] -- Installing: /workspace/jazzy_ws/install/include/vision_msgs/vision_msgs/msg/detail/vision_info__rosidl_typesupport_introspection_c.h
[9.684s] -- Installing: /workspace/jazzy_ws/install/include/vision_msgs/vision_msgs/msg/detail/label_info__rosidl_typesupport_introspection_c.h
[9.684s] -- Installing: /workspace/jazzy_ws/install/include/vision_msgs/vision_msgs/msg/detail/vision_info__type_support.c
[9.684s] -- Installing: /workspace/jazzy_ws/install/include/vision_msgs/vision_msgs/msg/detail/pose2_d__type_support.c
[9.684s] -- Installing: /workspace/jazzy_ws/install/include/vision_msgs/vision_msgs/msg/detail/bounding_box2_d_array__rosidl_typesupport_introspection_c.h
[9.684s] -- Installing: /workspace/jazzy_ws/install/include/vision_msgs/vision_msgs/msg/detail/detection3_d_array__rosidl_typesupport_introspection_c.h
[9.684s] -- Installing: /workspace/jazzy_ws/install/include/vision_msgs/vision_msgs/msg/detail/object_hypothesis__rosidl_typesupport_introspection_c.h
[9.684s] -- Installing: /workspace/jazzy_ws/install/include/vision_msgs/vision_msgs/msg/detail/object_hypothesis__type_support.c
[9.684s] -- Installing: /workspace/jazzy_ws/install/include/vision_msgs/vision_msgs/msg/detail/classification__type_support.c
[9.685s] -- Installing: /workspace/jazzy_ws/install/include/vision_msgs/vision_msgs/msg/detail/detection2_d__rosidl_typesupport_introspection_c.h
[9.685s] -- Installing: /workspace/jazzy_ws/install/include/vision_msgs/vision_msgs/msg/detail/detection2_d__type_support.c
[9.685s] -- Installing: /workspace/jazzy_ws/install/include/vision_msgs/vision_msgs/msg/detail/detection2_d_array__type_support.c
[9.685s] -- Installing: /workspace/jazzy_ws/install/include/vision_msgs/vision_msgs/msg/detail/detection3_d__type_support.c
[9.685s] -- Installing: /workspace/jazzy_ws/install/include/vision_msgs/vision_msgs/msg/detail/detection3_d__rosidl_typesupport_introspection_c.h
[9.685s] -- Installing: /workspace/jazzy_ws/install/include/vision_msgs/vision_msgs/msg/rosidl_typesupport_introspection_c__visibility_control.h
[9.685s] -- Installing: /workspace/jazzy_ws/install/lib/libvision_msgs__rosidl_typesupport_introspection_c.so
[9.686s] -- Set non-toolchain portion of runtime path of "/workspace/jazzy_ws/install/lib/libvision_msgs__rosidl_typesupport_introspection_c.so" to ""
[9.686s] -- Installing: /workspace/jazzy_ws/install/lib/libvision_msgs__rosidl_typesupport_c.so
[9.686s] -- Set non-toolchain portion of runtime path of "/workspace/jazzy_ws/install/lib/libvision_msgs__rosidl_typesupport_c.so" to ""
[9.686s] -- Up-to-date: /workspace/jazzy_ws/install/include/vision_msgs/vision_msgs
[9.686s] -- Up-to-date: /workspace/jazzy_ws/install/include/vision_msgs/vision_msgs/msg
[9.686s] -- Up-to-date: /workspace/jazzy_ws/install/include/vision_msgs/vision_msgs/msg/detail
[9.686s] -- Installing: /workspace/jazzy_ws/install/include/vision_msgs/vision_msgs/msg/detail/detection3_d_array__type_support.cpp
[9.686s] -- Installing: /workspace/jazzy_ws/install/include/vision_msgs/vision_msgs/msg/detail/classification__type_support.cpp
[9.686s] -- Installing: /workspace/jazzy_ws/install/include/vision_msgs/vision_msgs/msg/detail/object_hypothesis_with_pose__rosidl_typesupport_introspection_cpp.hpp
[9.686s] -- Installing: /workspace/jazzy_ws/install/include/vision_msgs/vision_msgs/msg/detail/point2_d__rosidl_typesupport_introspection_cpp.hpp
[9.686s] -- Installing: /workspace/jazzy_ws/install/include/vision_msgs/vision_msgs/msg/detail/vision_class__type_support.cpp
[9.686s] -- Installing: /workspace/jazzy_ws/install/include/vision_msgs/vision_msgs/msg/detail/bounding_box3_d_array__rosidl_typesupport_introspection_cpp.hpp
[9.686s] -- Installing: /workspace/jazzy_ws/install/include/vision_msgs/vision_msgs/msg/detail/object_hypothesis__type_support.cpp
[9.687s] -- Installing: /workspace/jazzy_ws/install/include/vision_msgs/vision_msgs/msg/detail/detection2_d_array__type_support.cpp
[9.687s] -- Installing: /workspace/jazzy_ws/install/include/vision_msgs/vision_msgs/msg/detail/classification__rosidl_typesupport_introspection_cpp.hpp
[9.687s] -- Installing: /workspace/jazzy_ws/install/include/vision_msgs/vision_msgs/msg/detail/detection2_d__type_support.cpp
[9.687s] -- Installing: /workspace/jazzy_ws/install/include/vision_msgs/vision_msgs/msg/detail/bounding_box3_d_array__type_support.cpp
[9.687s] -- Installing: /workspace/jazzy_ws/install/include/vision_msgs/vision_msgs/msg/detail/bounding_box2_d_array__type_support.cpp
[9.687s] -- Installing: /workspace/jazzy_ws/install/include/vision_msgs/vision_msgs/msg/detail/label_info__type_support.cpp
[9.687s] -- Installing: /workspace/jazzy_ws/install/include/vision_msgs/vision_msgs/msg/detail/bounding_box2_d__rosidl_typesupport_introspection_cpp.hpp
[9.687s] -- Installing: /workspace/jazzy_ws/install/include/vision_msgs/vision_msgs/msg/detail/pose2_d__type_support.cpp
[9.687s] -- Installing: /workspace/jazzy_ws/install/include/vision_msgs/vision_msgs/msg/detail/vision_class__rosidl_typesupport_introspection_cpp.hpp
[9.687s] -- Installing: /workspace/jazzy_ws/install/include/vision_msgs/vision_msgs/msg/detail/detection2_d_array__rosidl_typesupport_introspection_cpp.hpp
[9.687s] -- Installing: /workspace/jazzy_ws/install/include/vision_msgs/vision_msgs/msg/detail/vision_info__type_support.cpp
[9.688s] -- Installing: /workspace/jazzy_ws/install/include/vision_msgs/vision_msgs/msg/detail/pose2_d__rosidl_typesupport_introspection_cpp.hpp
[9.688s] -- Installing: /workspace/jazzy_ws/install/include/vision_msgs/vision_msgs/msg/detail/detection3_d__rosidl_typesupport_introspection_cpp.hpp
[9.688s] -- Installing: /workspace/jazzy_ws/install/include/vision_msgs/vision_msgs/msg/detail/bounding_box3_d__type_support.cpp
[9.688s] -- Installing: /workspace/jazzy_ws/install/include/vision_msgs/vision_msgs/msg/detail/label_info__rosidl_typesupport_introspection_cpp.hpp
[9.688s] -- Installing: /workspace/jazzy_ws/install/include/vision_msgs/vision_msgs/msg/detail/detection3_d__type_support.cpp
[9.688s] -- Installing: /workspace/jazzy_ws/install/include/vision_msgs/vision_msgs/msg/detail/object_hypothesis_with_pose__type_support.cpp
[9.688s] -- Installing: /workspace/jazzy_ws/install/include/vision_msgs/vision_msgs/msg/detail/bounding_box2_d_array__rosidl_typesupport_introspection_cpp.hpp
[9.688s] -- Installing: /workspace/jazzy_ws/install/include/vision_msgs/vision_msgs/msg/detail/point2_d__type_support.cpp
[9.688s] -- Installing: /workspace/jazzy_ws/install/include/vision_msgs/vision_msgs/msg/detail/vision_info__rosidl_typesupport_introspection_cpp.hpp
[9.688s] -- Installing: /workspace/jazzy_ws/install/include/vision_msgs/vision_msgs/msg/detail/detection3_d_array__rosidl_typesupport_introspection_cpp.hpp
[9.688s] -- Installing: /workspace/jazzy_ws/install/include/vision_msgs/vision_msgs/msg/detail/detection2_d__rosidl_typesupport_introspection_cpp.hpp
[9.688s] -- Installing: /workspace/jazzy_ws/install/include/vision_msgs/vision_msgs/msg/detail/bounding_box3_d__rosidl_typesupport_introspection_cpp.hpp
[9.689s] -- Installing: /workspace/jazzy_ws/install/include/vision_msgs/vision_msgs/msg/detail/bounding_box2_d__type_support.cpp
[9.689s] -- Installing: /workspace/jazzy_ws/install/include/vision_msgs/vision_msgs/msg/detail/object_hypothesis__rosidl_typesupport_introspection_cpp.hpp
[9.689s] -- Installing: /workspace/jazzy_ws/install/lib/libvision_msgs__rosidl_typesupport_introspection_cpp.so
[9.689s] -- Set non-toolchain portion of runtime path of "/workspace/jazzy_ws/install/lib/libvision_msgs__rosidl_typesupport_introspection_cpp.so" to ""
[9.689s] -- Installing: /workspace/jazzy_ws/install/lib/libvision_msgs__rosidl_typesupport_cpp.so
[9.689s] -- Set non-toolchain portion of runtime path of "/workspace/jazzy_ws/install/lib/libvision_msgs__rosidl_typesupport_cpp.so" to ""
[9.690s] -- Installing: /workspace/jazzy_ws/install/share/vision_msgs/environment/pythonpath.sh
[9.690s] -- Installing: /workspace/jazzy_ws/install/share/vision_msgs/environment/pythonpath.dsv
[9.690s] -- Installing: /workspace/jazzy_ws/install/lib/python3.12/site-packages/vision_msgs-4.1.1-py3.12.egg-info
[9.690s] -- Installing: /workspace/jazzy_ws/install/lib/python3.12/site-packages/vision_msgs-4.1.1-py3.12.egg-info/PKG-INFO
[9.690s] -- Installing: /workspace/jazzy_ws/install/lib/python3.12/site-packages/vision_msgs-4.1.1-py3.12.egg-info/SOURCES.txt
[9.690s] -- Installing: /workspace/jazzy_ws/install/lib/python3.12/site-packages/vision_msgs-4.1.1-py3.12.egg-info/top_level.txt
[9.690s] -- Installing: /workspace/jazzy_ws/install/lib/python3.12/site-packages/vision_msgs-4.1.1-py3.12.egg-info/dependency_links.txt
[9.690s] -- Installing: /workspace/jazzy_ws/install/lib/python3.12/site-packages/vision_msgs
[9.690s] -- Installing: /workspace/jazzy_ws/install/lib/python3.12/site-packages/vision_msgs/_vision_msgs_s.ep.rosidl_typesupport_fastrtps_c.c
[9.690s] -- Installing: /workspace/jazzy_ws/install/lib/python3.12/site-packages/vision_msgs/vision_msgs_s__rosidl_typesupport_fastrtps_c.so
[9.690s] -- Installing: /workspace/jazzy_ws/install/lib/python3.12/site-packages/vision_msgs/msg
[9.690s] -- Installing: /workspace/jazzy_ws/install/lib/python3.12/site-packages/vision_msgs/msg/_label_info_s.c
[9.691s] -- Installing: /workspace/jazzy_ws/install/lib/python3.12/site-packages/vision_msgs/msg/_classification.py
[9.691s] -- Installing: /workspace/jazzy_ws/install/lib/python3.12/site-packages/vision_msgs/msg/_object_hypothesis_with_pose.py
[9.691s] -- Installing: /workspace/jazzy_ws/install/lib/python3.12/site-packages/vision_msgs/msg/_vision_info_s.c
[9.691s] -- Installing: /workspace/jazzy_ws/install/lib/python3.12/site-packages/vision_msgs/msg/_bounding_box2_d.py
[9.691s] -- Installing: /workspace/jazzy_ws/install/lib/python3.12/site-packages/vision_msgs/msg/_detection2_d_s.c
[9.691s] -- Installing: /workspace/jazzy_ws/install/lib/python3.12/site-packages/vision_msgs/msg/_pose2_d_s.c
[9.691s] -- Installing: /workspace/jazzy_ws/install/lib/python3.12/site-packages/vision_msgs/msg/_detection2_d.py
[9.691s] -- Installing: /workspace/jazzy_ws/install/lib/python3.12/site-packages/vision_msgs/msg/_label_info.py
[9.691s] -- Installing: /workspace/jazzy_ws/install/lib/python3.12/site-packages/vision_msgs/msg/__init__.py
[9.691s] -- Installing: /workspace/jazzy_ws/install/lib/python3.12/site-packages/vision_msgs/msg/_detection3_d.py
[9.691s] -- Installing: /workspace/jazzy_ws/install/lib/python3.12/site-packages/vision_msgs/msg/_vision_class_s.c
[9.691s] -- Installing: /workspace/jazzy_ws/install/lib/python3.12/site-packages/vision_msgs/msg/_object_hypothesis_s.c
[9.691s] -- Installing: /workspace/jazzy_ws/install/lib/python3.12/site-packages/vision_msgs/msg/_object_hypothesis_with_pose_s.c
[9.692s] -- Installing: /workspace/jazzy_ws/install/lib/python3.12/site-packages/vision_msgs/msg/_point2_d.py
[9.692s] -- Installing: /workspace/jazzy_ws/install/lib/python3.12/site-packages/vision_msgs/msg/_detection2_d_array_s.c
[9.692s] -- Installing: /workspace/jazzy_ws/install/lib/python3.12/site-packages/vision_msgs/msg/_bounding_box2_d_array_s.c
[9.692s] -- Installing: /workspace/jazzy_ws/install/lib/python3.12/site-packages/vision_msgs/msg/_bounding_box3_d_array_s.c
[9.692s] -- Installing: /workspace/jazzy_ws/install/lib/python3.12/site-packages/vision_msgs/msg/_detection2_d_array.py
[9.692s] -- Installing: /workspace/jazzy_ws/install/lib/python3.12/site-packages/vision_msgs/msg/_object_hypothesis.py
[9.692s] -- Installing: /workspace/jazzy_ws/install/lib/python3.12/site-packages/vision_msgs/msg/_vision_info.py
[9.692s] -- Installing: /workspace/jazzy_ws/install/lib/python3.12/site-packages/vision_msgs/msg/_pose2_d.py
[9.692s] -- Installing: /workspace/jazzy_ws/install/lib/python3.12/site-packages/vision_msgs/msg/_detection3_d_s.c
[9.692s] -- Installing: /workspace/jazzy_ws/install/lib/python3.12/site-packages/vision_msgs/msg/_bounding_box2_d_array.py
[9.692s] -- Installing: /workspace/jazzy_ws/install/lib/python3.12/site-packages/vision_msgs/msg/_bounding_box2_d_s.c
[9.692s] -- Installing: /workspace/jazzy_ws/install/lib/python3.12/site-packages/vision_msgs/msg/_detection3_d_array_s.c
[9.693s] -- Installing: /workspace/jazzy_ws/install/lib/python3.12/site-packages/vision_msgs/msg/_bounding_box3_d_array.py
[9.693s] -- Installing: /workspace/jazzy_ws/install/lib/python3.12/site-packages/vision_msgs/msg/_bounding_box3_d_s.c
[9.693s] -- Installing: /workspace/jazzy_ws/install/lib/python3.12/site-packages/vision_msgs/msg/_bounding_box3_d.py
[9.693s] -- Installing: /workspace/jazzy_ws/install/lib/python3.12/site-packages/vision_msgs/msg/_classification_s.c
[9.693s] -- Installing: /workspace/jazzy_ws/install/lib/python3.12/site-packages/vision_msgs/msg/_detection3_d_array.py
[9.693s] -- Installing: /workspace/jazzy_ws/install/lib/python3.12/site-packages/vision_msgs/msg/_vision_class.py
[9.693s] -- Installing: /workspace/jazzy_ws/install/lib/python3.12/site-packages/vision_msgs/msg/_point2_d_s.c
[9.693s] -- Installing: /workspace/jazzy_ws/install/lib/python3.12/site-packages/vision_msgs/__init__.py
[9.693s] -- Installing: /workspace/jazzy_ws/install/lib/python3.12/site-packages/vision_msgs/_vision_msgs_s.ep.rosidl_typesupport_introspection_c.c
[9.693s] -- Installing: /workspace/jazzy_ws/install/lib/python3.12/site-packages/vision_msgs/_vision_msgs_s.ep.rosidl_typesupport_c.c
[9.694s] -- Installing: /workspace/jazzy_ws/install/lib/python3.12/site-packages/vision_msgs/vision_msgs_s__rosidl_typesupport_introspection_c.so
[9.694s] -- Installing: /workspace/jazzy_ws/install/lib/python3.12/site-packages/vision_msgs/vision_msgs_s__rosidl_typesupport_c.so
[9.733s] Listing '/workspace/jazzy_ws/install/lib/python3.12/site-packages/vision_msgs'...
[9.733s] Compiling '/workspace/jazzy_ws/install/lib/python3.12/site-packages/vision_msgs/__init__.py'...
[9.733s] Listing '/workspace/jazzy_ws/install/lib/python3.12/site-packages/vision_msgs/msg'...
[9.733s] Compiling '/workspace/jazzy_ws/install/lib/python3.12/site-packages/vision_msgs/msg/__init__.py'...
[9.733s] Compiling '/workspace/jazzy_ws/install/lib/python3.12/site-packages/vision_msgs/msg/_bounding_box2_d.py'...
[9.733s] Compiling '/workspace/jazzy_ws/install/lib/python3.12/site-packages/vision_msgs/msg/_bounding_box2_d_array.py'...
[9.733s] Compiling '/workspace/jazzy_ws/install/lib/python3.12/site-packages/vision_msgs/msg/_bounding_box3_d.py'...
[9.733s] Compiling '/workspace/jazzy_ws/install/lib/python3.12/site-packages/vision_msgs/msg/_bounding_box3_d_array.py'...
[9.733s] Compiling '/workspace/jazzy_ws/install/lib/python3.12/site-packages/vision_msgs/msg/_classification.py'...
[9.733s] Compiling '/workspace/jazzy_ws/install/lib/python3.12/site-packages/vision_msgs/msg/_detection2_d.py'...
[9.734s] Compiling '/workspace/jazzy_ws/install/lib/python3.12/site-packages/vision_msgs/msg/_detection2_d_array.py'...
[9.734s] Compiling '/workspace/jazzy_ws/install/lib/python3.12/site-packages/vision_msgs/msg/_detection3_d.py'...
[9.734s] Compiling '/workspace/jazzy_ws/install/lib/python3.12/site-packages/vision_msgs/msg/_detection3_d_array.py'...
[9.734s] Compiling '/workspace/jazzy_ws/install/lib/python3.12/site-packages/vision_msgs/msg/_label_info.py'...
[9.734s] Compiling '/workspace/jazzy_ws/install/lib/python3.12/site-packages/vision_msgs/msg/_object_hypothesis.py'...
[9.734s] Compiling '/workspace/jazzy_ws/install/lib/python3.12/site-packages/vision_msgs/msg/_object_hypothesis_with_pose.py'...
[9.734s] Compiling '/workspace/jazzy_ws/install/lib/python3.12/site-packages/vision_msgs/msg/_point2_d.py'...
[9.734s] Compiling '/workspace/jazzy_ws/install/lib/python3.12/site-packages/vision_msgs/msg/_pose2_d.py'...
[9.734s] Compiling '/workspace/jazzy_ws/install/lib/python3.12/site-packages/vision_msgs/msg/_vision_class.py'...
[9.734s] Compiling '/workspace/jazzy_ws/install/lib/python3.12/site-packages/vision_msgs/msg/_vision_info.py'...
[9.738s] -- Installing: /workspace/jazzy_ws/install/lib/python3.12/site-packages/vision_msgs/vision_msgs_s__rosidl_typesupport_fastrtps_c.so
[9.738s] -- Set non-toolchain portion of runtime path of "/workspace/jazzy_ws/install/lib/python3.12/site-packages/vision_msgs/vision_msgs_s__rosidl_typesupport_fastrtps_c.so" to ""
[9.738s] -- Installing: /workspace/jazzy_ws/install/lib/python3.12/site-packages/vision_msgs/vision_msgs_s__rosidl_typesupport_introspection_c.so
[9.738s] -- Set non-toolchain portion of runtime path of "/workspace/jazzy_ws/install/lib/python3.12/site-packages/vision_msgs/vision_msgs_s__rosidl_typesupport_introspection_c.so" to ""
[9.738s] -- Installing: /workspace/jazzy_ws/install/lib/python3.12/site-packages/vision_msgs/vision_msgs_s__rosidl_typesupport_c.so
[9.739s] -- Set non-toolchain portion of runtime path of "/workspace/jazzy_ws/install/lib/python3.12/site-packages/vision_msgs/vision_msgs_s__rosidl_typesupport_c.so" to ""
[9.739s] -- Installing: /workspace/jazzy_ws/install/lib/libvision_msgs__rosidl_generator_py.so
[9.739s] -- Set non-toolchain portion of runtime path of "/workspace/jazzy_ws/install/lib/libvision_msgs__rosidl_generator_py.so" to ""
[9.739s] -- Installing: /workspace/jazzy_ws/install/share/vision_msgs/msg/BoundingBox2D.idl
[9.739s] -- Installing: /workspace/jazzy_ws/install/share/vision_msgs/msg/BoundingBox2DArray.idl
[9.739s] -- Installing: /workspace/jazzy_ws/install/share/vision_msgs/msg/BoundingBox3D.idl
[9.739s] -- Installing: /workspace/jazzy_ws/install/share/vision_msgs/msg/BoundingBox3DArray.idl
[9.740s] -- Installing: /workspace/jazzy_ws/install/share/vision_msgs/msg/Classification.idl
[9.740s] -- Installing: /workspace/jazzy_ws/install/share/vision_msgs/msg/Detection2DArray.idl
[9.740s] -- Installing: /workspace/jazzy_ws/install/share/vision_msgs/msg/Detection2D.idl
[9.740s] -- Installing: /workspace/jazzy_ws/install/share/vision_msgs/msg/Detection3DArray.idl
[9.740s] -- Installing: /workspace/jazzy_ws/install/share/vision_msgs/msg/Detection3D.idl
[9.740s] -- Installing: /workspace/jazzy_ws/install/share/vision_msgs/msg/LabelInfo.idl
[9.740s] -- Installing: /workspace/jazzy_ws/install/share/vision_msgs/msg/ObjectHypothesis.idl
[9.740s] -- Installing: /workspace/jazzy_ws/install/share/vision_msgs/msg/ObjectHypothesisWithPose.idl
[9.740s] -- Installing: /workspace/jazzy_ws/install/share/vision_msgs/msg/VisionClass.idl
[9.740s] -- Installing: /workspace/jazzy_ws/install/share/vision_msgs/msg/Point2D.idl
[9.740s] -- Installing: /workspace/jazzy_ws/install/share/vision_msgs/msg/Pose2D.idl
[9.740s] -- Installing: /workspace/jazzy_ws/install/share/vision_msgs/msg/VisionInfo.idl
[9.741s] -- Installing: /workspace/jazzy_ws/install/share/vision_msgs/msg/BoundingBox2D.msg
[9.741s] -- Installing: /workspace/jazzy_ws/install/share/vision_msgs/msg/BoundingBox2DArray.msg
[9.741s] -- Installing: /workspace/jazzy_ws/install/share/vision_msgs/msg/BoundingBox3D.msg
[9.741s] -- Installing: /workspace/jazzy_ws/install/share/vision_msgs/msg/BoundingBox3DArray.msg
[9.741s] -- Installing: /workspace/jazzy_ws/install/share/vision_msgs/msg/Classification.msg
[9.741s] -- Installing: /workspace/jazzy_ws/install/share/vision_msgs/msg/Detection2DArray.msg
[9.741s] -- Installing: /workspace/jazzy_ws/install/share/vision_msgs/msg/Detection2D.msg
[9.741s] -- Installing: /workspace/jazzy_ws/install/share/vision_msgs/msg/Detection3DArray.msg
[9.741s] -- Installing: /workspace/jazzy_ws/install/share/vision_msgs/msg/Detection3D.msg
[9.741s] -- Installing: /workspace/jazzy_ws/install/share/vision_msgs/msg/LabelInfo.msg
[9.742s] -- Installing: /workspace/jazzy_ws/install/share/vision_msgs/msg/ObjectHypothesis.msg
[9.742s] -- Installing: /workspace/jazzy_ws/install/share/vision_msgs/msg/ObjectHypothesisWithPose.msg
[9.742s] -- Installing: /workspace/jazzy_ws/install/share/vision_msgs/msg/VisionClass.msg
[9.742s] -- Installing: /workspace/jazzy_ws/install/share/vision_msgs/msg/Point2D.msg
[9.742s] -- Installing: /workspace/jazzy_ws/install/share/vision_msgs/msg/Pose2D.msg
[9.742s] -- Installing: /workspace/jazzy_ws/install/share/vision_msgs/msg/VisionInfo.msg
[9.742s] -- Up-to-date: /workspace/jazzy_ws/install/include/vision_msgs
[9.742s] -- Installing: /workspace/jazzy_ws/install/include/vision_msgs/create_aabb.hpp
[9.742s] -- Installing: /workspace/jazzy_ws/install/share/ament_index/resource_index/package_run_dependencies/vision_msgs
[9.742s] -- Installing: /workspace/jazzy_ws/install/share/ament_index/resource_index/parent_prefix_path/vision_msgs
[9.743s] -- Installing: /workspace/jazzy_ws/install/share/vision_msgs/environment/ament_prefix_path.sh
[9.743s] -- Installing: /workspace/jazzy_ws/install/share/vision_msgs/environment/ament_prefix_path.dsv
[9.743s] -- Installing: /workspace/jazzy_ws/install/share/vision_msgs/environment/path.sh
[9.743s] -- Installing: /workspace/jazzy_ws/install/share/vision_msgs/environment/path.dsv
[9.743s] -- Installing: /workspace/jazzy_ws/install/share/vision_msgs/local_setup.bash
[9.743s] -- Installing: /workspace/jazzy_ws/install/share/vision_msgs/local_setup.sh
[9.743s] -- Installing: /workspace/jazzy_ws/install/share/vision_msgs/local_setup.zsh
[9.743s] -- Installing: /workspace/jazzy_ws/install/share/vision_msgs/local_setup.dsv
[9.743s] -- Installing: /workspace/jazzy_ws/install/share/vision_msgs/package.dsv
[9.743s] -- Installing: /workspace/jazzy_ws/install/share/ament_index/resource_index/packages/vision_msgs
[9.744s] -- Installing: /workspace/jazzy_ws/install/share/vision_msgs/cmake/export_vision_msgs__rosidl_generator_cExport.cmake
[9.744s] -- Installing: /workspace/jazzy_ws/install/share/vision_msgs/cmake/export_vision_msgs__rosidl_generator_cExport-noconfig.cmake
[9.744s] -- Installing: /workspace/jazzy_ws/install/share/vision_msgs/cmake/export_vision_msgs__rosidl_typesupport_fastrtps_cExport.cmake
[9.744s] -- Installing: /workspace/jazzy_ws/install/share/vision_msgs/cmake/export_vision_msgs__rosidl_typesupport_fastrtps_cExport-noconfig.cmake
[9.744s] -- Installing: /workspace/jazzy_ws/install/share/vision_msgs/cmake/export_vision_msgs__rosidl_generator_cppExport.cmake
[9.744s] -- Installing: /workspace/jazzy_ws/install/share/vision_msgs/cmake/export_vision_msgs__rosidl_typesupport_fastrtps_cppExport.cmake
[9.744s] -- Installing: /workspace/jazzy_ws/install/share/vision_msgs/cmake/export_vision_msgs__rosidl_typesupport_fastrtps_cppExport-noconfig.cmake
[9.744s] -- Installing: /workspace/jazzy_ws/install/share/vision_msgs/cmake/vision_msgs__rosidl_typesupport_introspection_cExport.cmake
[9.745s] -- Installing: /workspace/jazzy_ws/install/share/vision_msgs/cmake/vision_msgs__rosidl_typesupport_introspection_cExport-noconfig.cmake
[9.745s] -- Installing: /workspace/jazzy_ws/install/share/vision_msgs/cmake/vision_msgs__rosidl_typesupport_cExport.cmake
[9.745s] -- Installing: /workspace/jazzy_ws/install/share/vision_msgs/cmake/vision_msgs__rosidl_typesupport_cExport-noconfig.cmake
[9.745s] -- Installing: /workspace/jazzy_ws/install/share/vision_msgs/cmake/vision_msgs__rosidl_typesupport_introspection_cppExport.cmake
[9.745s] -- Installing: /workspace/jazzy_ws/install/share/vision_msgs/cmake/vision_msgs__rosidl_typesupport_introspection_cppExport-noconfig.cmake
[9.745s] -- Installing: /workspace/jazzy_ws/install/share/vision_msgs/cmake/vision_msgs__rosidl_typesupport_cppExport.cmake
[9.745s] -- Installing: /workspace/jazzy_ws/install/share/vision_msgs/cmake/vision_msgs__rosidl_typesupport_cppExport-noconfig.cmake
[9.745s] -- Installing: /workspace/jazzy_ws/install/share/vision_msgs/cmake/export_vision_msgs__rosidl_generator_pyExport.cmake
[9.745s] -- Installing: /workspace/jazzy_ws/install/share/vision_msgs/cmake/export_vision_msgs__rosidl_generator_pyExport-noconfig.cmake
[9.745s] -- Installing: /workspace/jazzy_ws/install/share/vision_msgs/cmake/rosidl_cmake-extras.cmake
[9.746s] -- Installing: /workspace/jazzy_ws/install/share/vision_msgs/cmake/ament_cmake_export_dependencies-extras.cmake
[9.746s] -- Installing: /workspace/jazzy_ws/install/share/vision_msgs/cmake/ament_cmake_export_include_directories-extras.cmake
[9.746s] -- Installing: /workspace/jazzy_ws/install/share/vision_msgs/cmake/ament_cmake_export_libraries-extras.cmake
[9.746s] -- Installing: /workspace/jazzy_ws/install/share/vision_msgs/cmake/ament_cmake_export_targets-extras.cmake
[9.746s] -- Installing: /workspace/jazzy_ws/install/share/vision_msgs/cmake/rosidl_cmake_export_typesupport_targets-extras.cmake
[9.746s] -- Installing: /workspace/jazzy_ws/install/share/vision_msgs/cmake/rosidl_cmake_export_typesupport_libraries-extras.cmake
[9.746s] -- Installing: /workspace/jazzy_ws/install/share/vision_msgs/cmake/vision_msgsConfig.cmake
[9.746s] -- Installing: /workspace/jazzy_ws/install/share/vision_msgs/cmake/vision_msgsConfig-version.cmake
[9.746s] -- Installing: /workspace/jazzy_ws/install/share/vision_msgs/package.xml
[9.748s] Invoked command in '/workspace/jazzy_ws/build/vision_msgs' returned '0': AMENT_PREFIX_PATH=/workspace/jazzy_ws/install CMAKE_PREFIX_PATH=/workspace/jazzy_ws/install LD_LIBRARY_PATH=/workspace/jazzy_ws/install/lib:/workspace/jazzy_ws/install/opt/mimick_vendor/lib PATH=/workspace/jazzy_ws/install/bin:/workspace/jazzy_ws/install/opt/uncrustify_vendor/bin:${PATH} PKG_CONFIG_PATH=/workspace/jazzy_ws/install/lib/x86_64-linux-gnu/pkgconfig:/workspace/jazzy_ws/install/lib/pkgconfig PYTHONPATH=/workspace/jazzy_ws/install/lib/python3.12/site-packages /usr/bin/cmake --install /workspace/jazzy_ws/build/vision_msgs
