running egg_info
creating ../../../build/ros2topic/ros2topic.egg-info
writing ../../../build/ros2topic/ros2topic.egg-info/PKG-INFO
writing dependency_links to ../../../build/ros2topic/ros2topic.egg-info/dependency_links.txt
writing entry points to ../../../build/ros2topic/ros2topic.egg-info/entry_points.txt
writing requirements to ../../../build/ros2topic/ros2topic.egg-info/requires.txt
writing top-level names to ../../../build/ros2topic/ros2topic.egg-info/top_level.txt
writing manifest file '../../../build/ros2topic/ros2topic.egg-info/SOURCES.txt'
reading manifest file '../../../build/ros2topic/ros2topic.egg-info/SOURCES.txt'
writing manifest file '../../../build/ros2topic/ros2topic.egg-info/SOURCES.txt'
running build
running build_py
creating /workspace/jazzy_ws/build/ros2topic/build/lib/ros2topic
copying ros2topic/__init__.py -> /workspace/jazzy_ws/build/ros2topic/build/lib/ros2topic
creating /workspace/jazzy_ws/build/ros2topic/build/lib/ros2topic/verb
copying ros2topic/verb/__init__.py -> /workspace/jazzy_ws/build/ros2topic/build/lib/ros2topic/verb
copying ros2topic/verb/info.py -> /workspace/jazzy_ws/build/ros2topic/build/lib/ros2topic/verb
copying ros2topic/verb/find.py -> /workspace/jazzy_ws/build/ros2topic/build/lib/ros2topic/verb
copying ros2topic/verb/list.py -> /workspace/jazzy_ws/build/ros2topic/build/lib/ros2topic/verb
copying ros2topic/verb/echo.py -> /workspace/jazzy_ws/build/ros2topic/build/lib/ros2topic/verb
copying ros2topic/verb/bw.py -> /workspace/jazzy_ws/build/ros2topic/build/lib/ros2topic/verb
copying ros2topic/verb/delay.py -> /workspace/jazzy_ws/build/ros2topic/build/lib/ros2topic/verb
copying ros2topic/verb/hz.py -> /workspace/jazzy_ws/build/ros2topic/build/lib/ros2topic/verb
copying ros2topic/verb/type.py -> /workspace/jazzy_ws/build/ros2topic/build/lib/ros2topic/verb
copying ros2topic/verb/pub.py -> /workspace/jazzy_ws/build/ros2topic/build/lib/ros2topic/verb
creating /workspace/jazzy_ws/build/ros2topic/build/lib/ros2topic/command
copying ros2topic/command/topic.py -> /workspace/jazzy_ws/build/ros2topic/build/lib/ros2topic/command
copying ros2topic/command/__init__.py -> /workspace/jazzy_ws/build/ros2topic/build/lib/ros2topic/command
creating /workspace/jazzy_ws/build/ros2topic/build/lib/ros2topic/api
copying ros2topic/api/__init__.py -> /workspace/jazzy_ws/build/ros2topic/build/lib/ros2topic/api
running install
running install_lib
creating /workspace/jazzy_ws/install/lib/python3.12/site-packages/ros2topic
creating /workspace/jazzy_ws/install/lib/python3.12/site-packages/ros2topic/verb
copying /workspace/jazzy_ws/build/ros2topic/build/lib/ros2topic/verb/__init__.py -> /workspace/jazzy_ws/install/lib/python3.12/site-packages/ros2topic/verb
copying /workspace/jazzy_ws/build/ros2topic/build/lib/ros2topic/verb/info.py -> /workspace/jazzy_ws/install/lib/python3.12/site-packages/ros2topic/verb
copying /workspace/jazzy_ws/build/ros2topic/build/lib/ros2topic/verb/find.py -> /workspace/jazzy_ws/install/lib/python3.12/site-packages/ros2topic/verb
copying /workspace/jazzy_ws/build/ros2topic/build/lib/ros2topic/verb/list.py -> /workspace/jazzy_ws/install/lib/python3.12/site-packages/ros2topic/verb
copying /workspace/jazzy_ws/build/ros2topic/build/lib/ros2topic/verb/echo.py -> /workspace/jazzy_ws/install/lib/python3.12/site-packages/ros2topic/verb
copying /workspace/jazzy_ws/build/ros2topic/build/lib/ros2topic/verb/bw.py -> /workspace/jazzy_ws/install/lib/python3.12/site-packages/ros2topic/verb
copying /workspace/jazzy_ws/build/ros2topic/build/lib/ros2topic/verb/delay.py -> /workspace/jazzy_ws/install/lib/python3.12/site-packages/ros2topic/verb
copying /workspace/jazzy_ws/build/ros2topic/build/lib/ros2topic/verb/hz.py -> /workspace/jazzy_ws/install/lib/python3.12/site-packages/ros2topic/verb
copying /workspace/jazzy_ws/build/ros2topic/build/lib/ros2topic/verb/type.py -> /workspace/jazzy_ws/install/lib/python3.12/site-packages/ros2topic/verb
copying /workspace/jazzy_ws/build/ros2topic/build/lib/ros2topic/verb/pub.py -> /workspace/jazzy_ws/install/lib/python3.12/site-packages/ros2topic/verb
copying /workspace/jazzy_ws/build/ros2topic/build/lib/ros2topic/__init__.py -> /workspace/jazzy_ws/install/lib/python3.12/site-packages/ros2topic
creating /workspace/jazzy_ws/install/lib/python3.12/site-packages/ros2topic/command
copying /workspace/jazzy_ws/build/ros2topic/build/lib/ros2topic/command/topic.py -> /workspace/jazzy_ws/install/lib/python3.12/site-packages/ros2topic/command
copying /workspace/jazzy_ws/build/ros2topic/build/lib/ros2topic/command/__init__.py -> /workspace/jazzy_ws/install/lib/python3.12/site-packages/ros2topic/command
creating /workspace/jazzy_ws/install/lib/python3.12/site-packages/ros2topic/api
copying /workspace/jazzy_ws/build/ros2topic/build/lib/ros2topic/api/__init__.py -> /workspace/jazzy_ws/install/lib/python3.12/site-packages/ros2topic/api
byte-compiling /workspace/jazzy_ws/install/lib/python3.12/site-packages/ros2topic/verb/__init__.py to __init__.cpython-312.pyc
byte-compiling /workspace/jazzy_ws/install/lib/python3.12/site-packages/ros2topic/verb/info.py to info.cpython-312.pyc
byte-compiling /workspace/jazzy_ws/install/lib/python3.12/site-packages/ros2topic/verb/find.py to find.cpython-312.pyc
byte-compiling /workspace/jazzy_ws/install/lib/python3.12/site-packages/ros2topic/verb/list.py to list.cpython-312.pyc
byte-compiling /workspace/jazzy_ws/install/lib/python3.12/site-packages/ros2topic/verb/echo.py to echo.cpython-312.pyc
byte-compiling /workspace/jazzy_ws/install/lib/python3.12/site-packages/ros2topic/verb/bw.py to bw.cpython-312.pyc
byte-compiling /workspace/jazzy_ws/install/lib/python3.12/site-packages/ros2topic/verb/delay.py to delay.cpython-312.pyc
byte-compiling /workspace/jazzy_ws/install/lib/python3.12/site-packages/ros2topic/verb/hz.py to hz.cpython-312.pyc
byte-compiling /workspace/jazzy_ws/install/lib/python3.12/site-packages/ros2topic/verb/type.py to type.cpython-312.pyc
byte-compiling /workspace/jazzy_ws/install/lib/python3.12/site-packages/ros2topic/verb/pub.py to pub.cpython-312.pyc
byte-compiling /workspace/jazzy_ws/install/lib/python3.12/site-packages/ros2topic/__init__.py to __init__.cpython-312.pyc
byte-compiling /workspace/jazzy_ws/install/lib/python3.12/site-packages/ros2topic/command/topic.py to topic.cpython-312.pyc
byte-compiling /workspace/jazzy_ws/install/lib/python3.12/site-packages/ros2topic/command/__init__.py to __init__.cpython-312.pyc
byte-compiling /workspace/jazzy_ws/install/lib/python3.12/site-packages/ros2topic/api/__init__.py to __init__.cpython-312.pyc
running install_data
copying package.xml -> /workspace/jazzy_ws/install/share/ros2topic
copying resource/ros2topic -> /workspace/jazzy_ws/install/share/ament_index/resource_index/packages
running install_egg_info
Copying ../../../build/ros2topic/ros2topic.egg-info to /workspace/jazzy_ws/install/lib/python3.12/site-packages/ros2topic-0.32.8-py3.12.egg-info
running install_scripts
writing list of installed files to '/workspace/jazzy_ws/build/ros2topic/install.log'
