-- The C compiler identification is GNU 13.3.0
-- The CXX compiler identification is GNU 13.3.0
-- Detecting C compiler ABI info
-- Detecting C compiler ABI info - done
-- Check for working C compiler: /usr/bin/cc - skipped
-- Detecting C compile features
-- Detecting C compile features - done
-- Detecting CXX compiler ABI info
-- Detecting CXX compiler ABI info - done
-- Check for working CXX compiler: /usr/bin/c++ - skipped
-- Detecting CXX compile features
-- Detecting CXX compile features - done
-- Found ament_cmake_ros: 0.12.0 (/workspace/jazzy_ws/install/share/ament_cmake_ros/cmake)
-- Found Python3: /usr/bin/python3 (found version "3.12.3") found components: Interpreter 
-- Found rcutils: 6.7.5 (/workspace/jazzy_ws/install/share/rcutils/cmake)
-- Found rosidl_dynamic_typesupport: 0.1.2 (/workspace/jazzy_ws/install/share/rosidl_dynamic_typesupport/cmake)
-- Found ament_lint_auto: 0.17.4 (/workspace/jazzy_ws/install/share/ament_lint_auto/cmake)
-- Found gmock sources under '/workspace/jazzy_ws/install/src/gmock_vendor': C++ tests using 'Google Mock' will be built
-- Found gtest sources under '/workspace/jazzy_ws/install/src/gtest_vendor': C++ tests using 'Google Test' will be built
-- Performing Test CMAKE_HAVE_LIBC_PTHREAD
-- Performing Test CMAKE_HAVE_LIBC_PTHREAD - Success
-- Found Threads: TRUE  
-- Added test 'copyright' to check source files copyright and LICENSE
-- Added test 'cpplint' to check C / C++ code against the Google style
-- Configured cpplint exclude dirs and/or files: 
-- Added test 'lint_cmake' to check CMake code style
-- Added test 'uncrustify' to check C / C++ code style
-- Configured uncrustify additional arguments: 
-- Added test 'xmllint' to check XML markup files
-- Configuring done (0.6s)
-- Generating done (0.0s)
-- Build files have been written to: /workspace/jazzy_ws/build/rmw
[  3%] Building CXX object gmock/CMakeFiles/gmock.dir/workspace/jazzy_ws/install/src/gtest_vendor/src/gtest-all.cc.o
[  3%] Building CXX object gtest/CMakeFiles/gtest_main.dir/src/gtest_main.cc.o
[  3%] Building C object CMakeFiles/rmw.dir/src/allocators.c.o
[  4%] Building CXX object gmock/CMakeFiles/gmock.dir/src/gmock-all.cc.o
[  7%] Building C object CMakeFiles/rmw.dir/src/event.c.o
[  7%] Building CXX object gmock/CMakeFiles/gmock_main.dir/src/gmock_main.cc.o
[  8%] Building C object CMakeFiles/rmw.dir/src/convert_rcutils_ret_to_rmw_ret.c.o
[  9%] Building CXX object gtest/CMakeFiles/gtest.dir/src/gtest-all.cc.o
[ 11%] Building C object CMakeFiles/rmw.dir/src/discovery_options.c.o
[ 12%] Building C object CMakeFiles/rmw.dir/src/init_options.c.o
[ 13%] Building C object CMakeFiles/rmw.dir/src/init.c.o
[ 14%] Building C object CMakeFiles/rmw.dir/src/message_sequence.c.o
[ 17%] Building C object CMakeFiles/rmw.dir/src/names_and_types.c.o
[ 18%] Building C object CMakeFiles/rmw.dir/src/network_flow_endpoint.c.o
[ 16%] Building C object CMakeFiles/rmw.dir/src/network_flow_endpoint_array.c.o
[ 19%] Building C object CMakeFiles/rmw.dir/src/publisher_options.c.o
[ 20%] Building C object CMakeFiles/rmw.dir/src/qos_string_conversions.c.o
[ 23%] Building C object CMakeFiles/rmw.dir/src/security_options.c.o
[ 24%] Building C object CMakeFiles/rmw.dir/src/subscription_options.c.o
[ 25%] Building C object CMakeFiles/rmw.dir/src/subscription_content_filter_options.c.o
[ 22%] Building C object CMakeFiles/rmw.dir/src/sanity_checks.c.o
[ 27%] Building C object CMakeFiles/rmw.dir/src/time.c.o
[ 28%] Building C object CMakeFiles/rmw.dir/src/topic_endpoint_info_array.c.o
[ 29%] Building C object CMakeFiles/rmw.dir/src/topic_endpoint_info.c.o
[ 30%] Building C object CMakeFiles/rmw.dir/src/types.c.o
[ 32%] Building C object CMakeFiles/rmw.dir/src/validate_full_topic_name.c.o
[ 33%] Building C object CMakeFiles/rmw.dir/src/validate_namespace.c.o
[ 34%] Building C object CMakeFiles/rmw.dir/src/validate_node_name.c.o
[ 35%] Linking C shared library librmw.so
[ 35%] Built target rmw
[ 37%] Linking CXX static library libgtest_main.a
[ 37%] Built target gtest_main
[ 38%] Linking CXX static library libgmock_main.a
[ 38%] Built target gmock_main
[ 39%] Linking CXX static library libgtest.a
[ 39%] Built target gtest
[ 40%] Building CXX object test/CMakeFiles/test_qos_string_conversions.dir/test_qos_string_conversions.cpp.o
[ 41%] Linking CXX static library libgmock.a
[ 41%] Built target gmock
[ 43%] Building CXX object test/CMakeFiles/test_message_sequence.dir/test_message_sequence.cpp.o
[ 45%] Building CXX object test/CMakeFiles/test_names_and_types.dir/test_names_and_types.cpp.o
[ 45%] Building CXX object test/CMakeFiles/test_init.dir/test_init.cpp.o
[ 46%] Building CXX object test/CMakeFiles/test_discovery_options.dir/test_discovery_options.cpp.o
[ 48%] Building CXX object test/CMakeFiles/test_publisher_options.dir/test_publisher_options.cpp.o
[ 50%] Building CXX object test/CMakeFiles/test_sanity_checks.dir/test_sanity_checks.cpp.o
[ 50%] Building CXX object test/CMakeFiles/test_init_options.dir/test_init_options.cpp.o
[ 51%] Building CXX object test/CMakeFiles/test_serialized_message.dir/test_serialized_message.cpp.o
[ 53%] Building CXX object test/CMakeFiles/test_validate_node_name.dir/test_validate_node_name.cpp.o
[ 55%] Building CXX object test/CMakeFiles/test_event.dir/test_event.cpp.o
[ 55%] Building CXX object test/CMakeFiles/test_security_options.dir/test_security_options.cpp.o
[ 56%] Building CXX object test/CMakeFiles/test_convert_rcutils_ret_to_rmw_ret.dir/test_convert_rcutils_ret_to_rmw_ret.cpp.o
[ 58%] Building CXX object test/CMakeFiles/test_allocators.dir/test_allocators.cpp.o
[ 59%] Building CXX object test/CMakeFiles/test_validate_full_topic_name.dir/test_validate_full_topic_name.cpp.o
[ 60%] Building CXX object test/CMakeFiles/test_subscription_options.dir/test_subscription_options.cpp.o
[ 61%] Building CXX object test/CMakeFiles/test_time.dir/test_time.cpp.o
[ 62%] Building CXX object test/CMakeFiles/test_types.dir/test_types.cpp.o
[ 64%] Building CXX object test/CMakeFiles/test_validate_namespace.dir/test_validate_namespace.cpp.o
[ 65%] Building CXX object test/CMakeFiles/test_topic_endpoint_info_array.dir/test_topic_endpoint_info_array.cpp.o
[ 66%] Building CXX object test/CMakeFiles/test_network_flow_endpoint.dir/test_network_flow_endpoint.cpp.o
[ 67%] Building CXX object test/CMakeFiles/test_network_flow_endpoint_array.dir/test_network_flow_endpoint_array.cpp.o
[ 69%] Building CXX object test/CMakeFiles/test_topic_endpoint_info.dir/test_topic_endpoint_info.cpp.o
[ 70%] Building CXX object test/CMakeFiles/test_subscription_content_filter_options.dir/test_subscription_content_filter_options.cpp.o
[ 71%] Linking CXX executable test_qos_string_conversions
[ 71%] Built target test_qos_string_conversions
[ 72%] Linking CXX executable test_network_flow_endpoint_array
[ 74%] Linking CXX executable test_sanity_checks
[ 75%] Linking CXX executable test_publisher_options
[ 76%] Linking CXX executable test_security_options
[ 77%] Linking CXX executable test_topic_endpoint_info
[ 77%] Built target test_network_flow_endpoint_array
[ 79%] Linking CXX executable test_topic_endpoint_info_array
[ 79%] Built target test_sanity_checks
[ 80%] Linking CXX executable test_subscription_options
[ 80%] Built target test_topic_endpoint_info
[ 80%] Built target test_publisher_options
[ 80%] Built target test_security_options
[ 81%] Linking CXX executable test_message_sequence
[ 81%] Built target test_topic_endpoint_info_array
[ 82%] Linking CXX executable test_types
[ 83%] Linking CXX executable test_init_options
[ 85%] Linking CXX executable test_serialized_message
[ 86%] Linking CXX executable test_allocators
[ 86%] Built target test_subscription_options
[ 87%] Linking CXX executable test_time
[ 87%] Built target test_message_sequence
[ 88%] Linking CXX executable test_validate_node_name
[ 88%] Built target test_init_options
[ 88%] Built target test_types
[ 90%] Linking CXX executable test_init
[ 90%] Built target test_allocators
[ 90%] Built target test_serialized_message
[ 91%] Linking CXX executable test_validate_namespace
[ 92%] Linking CXX executable test_event
[ 92%] Built target test_time
[ 93%] Linking CXX executable test_convert_rcutils_ret_to_rmw_ret
[ 95%] Linking CXX executable test_names_and_types
[ 95%] Built target test_validate_node_name
[ 95%] Built target test_init
[ 95%] Built target test_validate_namespace
[ 95%] Built target test_event
[ 95%] Built target test_convert_rcutils_ret_to_rmw_ret
[ 95%] Built target test_names_and_types
[ 96%] Linking CXX executable test_network_flow_endpoint
[ 97%] Linking CXX executable test_validate_full_topic_name
[ 98%] Linking CXX executable test_subscription_content_filter_options
[100%] Linking CXX executable test_discovery_options
[100%] Built target test_network_flow_endpoint
[100%] Built target test_validate_full_topic_name
[100%] Built target test_subscription_content_filter_options
[100%] Built target test_discovery_options
-- Install configuration: ""
-- Installing: /workspace/jazzy_ws/install/share/rmw/environment/library_path.sh
-- Installing: /workspace/jazzy_ws/install/share/rmw/environment/library_path.dsv
-- Installing: /workspace/jazzy_ws/install/share/ament_index/resource_index/package_run_dependencies/rmw
-- Installing: /workspace/jazzy_ws/install/share/ament_index/resource_index/parent_prefix_path/rmw
-- Installing: /workspace/jazzy_ws/install/share/rmw/environment/ament_prefix_path.sh
-- Installing: /workspace/jazzy_ws/install/share/rmw/environment/ament_prefix_path.dsv
-- Installing: /workspace/jazzy_ws/install/share/rmw/environment/path.sh
-- Installing: /workspace/jazzy_ws/install/share/rmw/environment/path.dsv
-- Installing: /workspace/jazzy_ws/install/share/rmw/local_setup.bash
-- Installing: /workspace/jazzy_ws/install/share/rmw/local_setup.sh
-- Installing: /workspace/jazzy_ws/install/share/rmw/local_setup.zsh
-- Installing: /workspace/jazzy_ws/install/share/rmw/local_setup.dsv
-- Installing: /workspace/jazzy_ws/install/share/rmw/package.dsv
-- Installing: /workspace/jazzy_ws/install/share/ament_index/resource_index/packages/rmw
-- Installing: /workspace/jazzy_ws/install/share/rmw/cmake/rmwExport.cmake
-- Installing: /workspace/jazzy_ws/install/share/rmw/cmake/rmwExport-noconfig.cmake
-- Installing: /workspace/jazzy_ws/install/share/rmw/cmake/rmw-extras.cmake
-- Installing: /workspace/jazzy_ws/install/share/rmw/cmake/ament_cmake_export_dependencies-extras.cmake
-- Installing: /workspace/jazzy_ws/install/share/rmw/cmake/ament_cmake_export_include_directories-extras.cmake
-- Installing: /workspace/jazzy_ws/install/share/rmw/cmake/ament_cmake_export_libraries-extras.cmake
-- Installing: /workspace/jazzy_ws/install/share/rmw/cmake/ament_cmake_export_targets-extras.cmake
-- Installing: /workspace/jazzy_ws/install/share/rmw/cmake/rmwConfig.cmake
-- Installing: /workspace/jazzy_ws/install/share/rmw/cmake/rmwConfig-version.cmake
-- Installing: /workspace/jazzy_ws/install/share/rmw/package.xml
-- Up-to-date: /workspace/jazzy_ws/install/share/rmw/cmake
-- Installing: /workspace/jazzy_ws/install/share/rmw/cmake/register_rmw_implementation.cmake
-- Installing: /workspace/jazzy_ws/install/share/rmw/cmake/configure_rmw_library.cmake
-- Installing: /workspace/jazzy_ws/install/share/rmw/cmake/get_rmw_typesupport.cmake
-- Installing: /workspace/jazzy_ws/install/include/rmw
-- Installing: /workspace/jazzy_ws/install/include/rmw/rmw
-- Installing: /workspace/jazzy_ws/install/include/rmw/rmw/qos_policy_kind.h
-- Installing: /workspace/jazzy_ws/install/include/rmw/rmw/init.h
-- Installing: /workspace/jazzy_ws/install/include/rmw/rmw/qos_string_conversions.h
-- Installing: /workspace/jazzy_ws/install/include/rmw/rmw/network_flow_endpoint.h
-- Installing: /workspace/jazzy_ws/install/include/rmw/rmw/topic_endpoint_info.h
-- Installing: /workspace/jazzy_ws/install/include/rmw/rmw/get_topic_endpoint_info.h
-- Installing: /workspace/jazzy_ws/install/include/rmw/rmw/macros.h
-- Installing: /workspace/jazzy_ws/install/include/rmw/rmw/names_and_types.h
-- Installing: /workspace/jazzy_ws/install/include/rmw/rmw/validate_namespace.h
-- Installing: /workspace/jazzy_ws/install/include/rmw/rmw/sanity_checks.h
-- Installing: /workspace/jazzy_ws/install/include/rmw/rmw/time.h
-- Installing: /workspace/jazzy_ws/install/include/rmw/rmw/domain_id.h
-- Installing: /workspace/jazzy_ws/install/include/rmw/rmw/message_sequence.h
-- Installing: /workspace/jazzy_ws/install/include/rmw/rmw/types.h
-- Installing: /workspace/jazzy_ws/install/include/rmw/rmw/visibility_control.h
-- Installing: /workspace/jazzy_ws/install/include/rmw/rmw/subscription_options.h
-- Installing: /workspace/jazzy_ws/install/include/rmw/rmw/discovery_options.h
-- Installing: /workspace/jazzy_ws/install/include/rmw/rmw/security_options.h
-- Installing: /workspace/jazzy_ws/install/include/rmw/rmw/event.h
-- Installing: /workspace/jazzy_ws/install/include/rmw/rmw/incompatible_qos_events_statuses.h
-- Installing: /workspace/jazzy_ws/install/include/rmw/rmw/get_network_flow_endpoints.h
-- Installing: /workspace/jazzy_ws/install/include/rmw/rmw/impl
-- Installing: /workspace/jazzy_ws/install/include/rmw/rmw/impl/cpp
-- Installing: /workspace/jazzy_ws/install/include/rmw/rmw/impl/cpp/key_value.hpp
-- Installing: /workspace/jazzy_ws/install/include/rmw/rmw/impl/cpp/demangle.hpp
-- Installing: /workspace/jazzy_ws/install/include/rmw/rmw/impl/cpp/macros.hpp
-- Installing: /workspace/jazzy_ws/install/include/rmw/rmw/impl/config.h
-- Installing: /workspace/jazzy_ws/install/include/rmw/rmw/validate_full_topic_name.h
-- Installing: /workspace/jazzy_ws/install/include/rmw/rmw/qos_profiles.h
-- Installing: /workspace/jazzy_ws/install/include/rmw/rmw/get_service_names_and_types.h
-- Installing: /workspace/jazzy_ws/install/include/rmw/rmw/topic_endpoint_info_array.h
-- Installing: /workspace/jazzy_ws/install/include/rmw/rmw/error_handling.h
-- Installing: /workspace/jazzy_ws/install/include/rmw/rmw/rmw.h
-- Installing: /workspace/jazzy_ws/install/include/rmw/rmw/get_node_info_and_types.h
-- Installing: /workspace/jazzy_ws/install/include/rmw/rmw/network_flow_endpoint_array.h
-- Installing: /workspace/jazzy_ws/install/include/rmw/rmw/localhost.h
-- Installing: /workspace/jazzy_ws/install/include/rmw/rmw/publisher_options.h
-- Installing: /workspace/jazzy_ws/install/include/rmw/rmw/ret_types.h
-- Installing: /workspace/jazzy_ws/install/include/rmw/rmw/serialized_message.h
-- Installing: /workspace/jazzy_ws/install/include/rmw/rmw/events_statuses
-- Installing: /workspace/jazzy_ws/install/include/rmw/rmw/events_statuses/liveliness_changed.h
-- Installing: /workspace/jazzy_ws/install/include/rmw/rmw/events_statuses/message_lost.h
-- Installing: /workspace/jazzy_ws/install/include/rmw/rmw/events_statuses/liveliness_lost.h
-- Installing: /workspace/jazzy_ws/install/include/rmw/rmw/events_statuses/offered_deadline_missed.h
-- Installing: /workspace/jazzy_ws/install/include/rmw/rmw/events_statuses/incompatible_qos.h
-- Installing: /workspace/jazzy_ws/install/include/rmw/rmw/events_statuses/requested_deadline_missed.h
-- Installing: /workspace/jazzy_ws/install/include/rmw/rmw/events_statuses/incompatible_type.h
-- Installing: /workspace/jazzy_ws/install/include/rmw/rmw/events_statuses/events_statuses.h
-- Installing: /workspace/jazzy_ws/install/include/rmw/rmw/events_statuses/matched.h
-- Installing: /workspace/jazzy_ws/install/include/rmw/rmw/event_callback_type.h
-- Installing: /workspace/jazzy_ws/install/include/rmw/rmw/validate_node_name.h
-- Installing: /workspace/jazzy_ws/install/include/rmw/rmw/subscription_content_filter_options.h
-- Installing: /workspace/jazzy_ws/install/include/rmw/rmw/features.h
-- Installing: /workspace/jazzy_ws/install/include/rmw/rmw/check_type_identifiers_match.h
-- Installing: /workspace/jazzy_ws/install/include/rmw/rmw/allocators.h
-- Installing: /workspace/jazzy_ws/install/include/rmw/rmw/dynamic_message_type_support.h
-- Installing: /workspace/jazzy_ws/install/include/rmw/rmw/init_options.h
-- Installing: /workspace/jazzy_ws/install/include/rmw/rmw/get_topic_names_and_types.h
-- Installing: /workspace/jazzy_ws/install/include/rmw/rmw/convert_rcutils_ret_to_rmw_ret.h
-- Installing: /workspace/jazzy_ws/install/lib/librmw.so
-- Set non-toolchain portion of runtime path of "/workspace/jazzy_ws/install/lib/librmw.so" to ""
