[0.239s] Invoking command in '/workspace/jazzy_ws/build/rmw': AMENT_PREFIX_PATH=/workspace/jazzy_ws/install CMAKE_PREFIX_PATH=/workspace/jazzy_ws/install LD_LIBRARY_PATH=/workspace/jazzy_ws/install/lib:/workspace/jazzy_ws/install/opt/mimick_vendor/lib PATH=/workspace/jazzy_ws/install/bin:/workspace/jazzy_ws/install/opt/uncrustify_vendor/bin:${PATH} PKG_CONFIG_PATH=/workspace/jazzy_ws/install/lib/x86_64-linux-gnu/pkgconfig:/workspace/jazzy_ws/install/lib/pkgconfig PYTHONPATH=/workspace/jazzy_ws/install/lib/python3.12/site-packages /usr/bin/cmake /workspace/jazzy_ws/src/rmw/rmw -DCMAKE_INSTALL_PREFIX=/workspace/jazzy_ws/install
[0.299s] -- The C compiler identification is GNU 13.3.0
[0.344s] -- The CXX compiler identification is GNU 13.3.0
[0.357s] -- Detecting C compiler ABI info
[0.425s] -- Detecting C compiler ABI info - done
[0.433s] -- Check for working C compiler: /usr/bin/cc - skipped
[0.434s] -- Detecting C compile features
[0.434s] -- Detecting C compile features - done
[0.441s] -- Detecting CXX compiler ABI info
[0.517s] -- Detecting CXX compiler ABI info - done
[0.524s] -- Check for working CXX compiler: /usr/bin/c++ - skipped
[0.525s] -- Detecting CXX compile features
[0.525s] -- Detecting CXX compile features - done
[0.525s] -- Found ament_cmake_ros: 0.12.0 (/workspace/jazzy_ws/install/share/ament_cmake_ros/cmake)
[0.619s] -- Found Python3: /usr/bin/python3 (found version "3.12.3") found components: Interpreter 
[0.688s] -- Found rcutils: 6.7.5 (/workspace/jazzy_ws/install/share/rcutils/cmake)
[0.695s] -- Found rosidl_dynamic_typesupport: 0.1.2 (/workspace/jazzy_ws/install/share/rosidl_dynamic_typesupport/cmake)
[0.701s] -- Found ament_lint_auto: 0.17.4 (/workspace/jazzy_ws/install/share/ament_lint_auto/cmake)
[0.791s] -- Found gmock sources under '/workspace/jazzy_ws/install/src/gmock_vendor': C++ tests using 'Google Mock' will be built
[0.793s] -- Found gtest sources under '/workspace/jazzy_ws/install/src/gtest_vendor': C++ tests using 'Google Test' will be built
[0.797s] -- Performing Test CMAKE_HAVE_LIBC_PTHREAD
[0.863s] -- Performing Test CMAKE_HAVE_LIBC_PTHREAD - Success
[0.863s] -- Found Threads: TRUE  
[0.871s] -- Added test 'copyright' to check source files copyright and LICENSE
[0.878s] -- Added test 'cpplint' to check C / C++ code against the Google style
[0.878s] -- Configured cpplint exclude dirs and/or files: 
[0.880s] -- Added test 'lint_cmake' to check CMake code style
[0.888s] -- Added test 'uncrustify' to check C / C++ code style
[0.888s] -- Configured uncrustify additional arguments: 
[0.889s] -- Added test 'xmllint' to check XML markup files
[0.891s] -- Configuring done (0.6s)
[0.929s] -- Generating done (0.0s)
[0.942s] -- Build files have been written to: /workspace/jazzy_ws/build/rmw
[0.947s] Invoked command in '/workspace/jazzy_ws/build/rmw' returned '0': AMENT_PREFIX_PATH=/workspace/jazzy_ws/install CMAKE_PREFIX_PATH=/workspace/jazzy_ws/install LD_LIBRARY_PATH=/workspace/jazzy_ws/install/lib:/workspace/jazzy_ws/install/opt/mimick_vendor/lib PATH=/workspace/jazzy_ws/install/bin:/workspace/jazzy_ws/install/opt/uncrustify_vendor/bin:${PATH} PKG_CONFIG_PATH=/workspace/jazzy_ws/install/lib/x86_64-linux-gnu/pkgconfig:/workspace/jazzy_ws/install/lib/pkgconfig PYTHONPATH=/workspace/jazzy_ws/install/lib/python3.12/site-packages /usr/bin/cmake /workspace/jazzy_ws/src/rmw/rmw -DCMAKE_INSTALL_PREFIX=/workspace/jazzy_ws/install
[0.947s] Invoking command in '/workspace/jazzy_ws/build/rmw': AMENT_PREFIX_PATH=/workspace/jazzy_ws/install CMAKE_PREFIX_PATH=/workspace/jazzy_ws/install LD_LIBRARY_PATH=/workspace/jazzy_ws/install/lib:/workspace/jazzy_ws/install/opt/mimick_vendor/lib PATH=/workspace/jazzy_ws/install/bin:/workspace/jazzy_ws/install/opt/uncrustify_vendor/bin:${PATH} PKG_CONFIG_PATH=/workspace/jazzy_ws/install/lib/x86_64-linux-gnu/pkgconfig:/workspace/jazzy_ws/install/lib/pkgconfig PYTHONPATH=/workspace/jazzy_ws/install/lib/python3.12/site-packages /usr/bin/cmake --build /workspace/jazzy_ws/build/rmw -- -j24 -l24
[0.989s] [  3%] Building CXX object gmock/CMakeFiles/gmock.dir/workspace/jazzy_ws/install/src/gtest_vendor/src/gtest-all.cc.o
[0.989s] [  3%] Building CXX object gtest/CMakeFiles/gtest_main.dir/src/gtest_main.cc.o
[0.990s] [  3%] Building C object CMakeFiles/rmw.dir/src/allocators.c.o
[0.990s] [  4%] Building CXX object gmock/CMakeFiles/gmock.dir/src/gmock-all.cc.o
[0.994s] [  7%] Building C object CMakeFiles/rmw.dir/src/event.c.o
[0.994s] [  7%] Building CXX object gmock/CMakeFiles/gmock_main.dir/src/gmock_main.cc.o
[0.994s] [  8%] Building C object CMakeFiles/rmw.dir/src/convert_rcutils_ret_to_rmw_ret.c.o
[0.996s] [  9%] Building CXX object gtest/CMakeFiles/gtest.dir/src/gtest-all.cc.o
[0.997s] [ 11%] Building C object CMakeFiles/rmw.dir/src/discovery_options.c.o
[0.997s] [ 12%] Building C object CMakeFiles/rmw.dir/src/init_options.c.o
[0.998s] [ 13%] Building C object CMakeFiles/rmw.dir/src/init.c.o
[0.999s] [ 14%] Building C object CMakeFiles/rmw.dir/src/message_sequence.c.o
[1.023s] [ 17%] Building C object CMakeFiles/rmw.dir/src/names_and_types.c.o
[1.024s] [ 18%] Building C object CMakeFiles/rmw.dir/src/network_flow_endpoint.c.o
[1.025s] [ 16%] Building C object CMakeFiles/rmw.dir/src/network_flow_endpoint_array.c.o
[1.029s] [ 19%] Building C object CMakeFiles/rmw.dir/src/publisher_options.c.o
[1.033s] [ 20%] Building C object CMakeFiles/rmw.dir/src/qos_string_conversions.c.o
[1.053s] [ 23%] Building C object CMakeFiles/rmw.dir/src/security_options.c.o
[1.053s] [ 24%] Building C object CMakeFiles/rmw.dir/src/subscription_options.c.o
[1.053s] [ 25%] Building C object CMakeFiles/rmw.dir/src/subscription_content_filter_options.c.o
[1.053s] [ 22%] Building C object CMakeFiles/rmw.dir/src/sanity_checks.c.o
[1.053s] [ 27%] Building C object CMakeFiles/rmw.dir/src/time.c.o
[1.053s] [ 28%] Building C object CMakeFiles/rmw.dir/src/topic_endpoint_info_array.c.o
[1.057s] [ 29%] Building C object CMakeFiles/rmw.dir/src/topic_endpoint_info.c.o
[1.065s] [ 30%] Building C object CMakeFiles/rmw.dir/src/types.c.o
[1.070s] [ 32%] Building C object CMakeFiles/rmw.dir/src/validate_full_topic_name.c.o
[1.076s] [ 33%] Building C object CMakeFiles/rmw.dir/src/validate_namespace.c.o
[1.080s] [ 34%] Building C object CMakeFiles/rmw.dir/src/validate_node_name.c.o
[1.129s] [ 35%] Linking C shared library librmw.so
[1.162s] [ 35%] Built target rmw
[1.590s] [ 37%] Linking CXX static library libgtest_main.a
[1.616s] [ 37%] Built target gtest_main
[1.891s] [ 38%] Linking CXX static library libgmock_main.a
[1.912s] [ 38%] Built target gmock_main
[3.449s] [ 39%] Linking CXX static library libgtest.a
[3.484s] [ 39%] Built target gtest
[3.496s] [ 40%] Building CXX object test/CMakeFiles/test_qos_string_conversions.dir/test_qos_string_conversions.cpp.o
[3.667s] [ 41%] Linking CXX static library libgmock.a
[3.707s] [ 41%] Built target gmock
[3.722s] [ 43%] Building CXX object test/CMakeFiles/test_message_sequence.dir/test_message_sequence.cpp.o
[3.722s] [ 45%] Building CXX object test/CMakeFiles/test_names_and_types.dir/test_names_and_types.cpp.o
[3.722s] [ 45%] Building CXX object test/CMakeFiles/test_init.dir/test_init.cpp.o
[3.722s] [ 46%] Building CXX object test/CMakeFiles/test_discovery_options.dir/test_discovery_options.cpp.o
[3.722s] [ 48%] Building CXX object test/CMakeFiles/test_publisher_options.dir/test_publisher_options.cpp.o
[3.722s] [ 50%] Building CXX object test/CMakeFiles/test_sanity_checks.dir/test_sanity_checks.cpp.o
[3.722s] [ 50%] Building CXX object test/CMakeFiles/test_init_options.dir/test_init_options.cpp.o
[3.723s] [ 51%] Building CXX object test/CMakeFiles/test_serialized_message.dir/test_serialized_message.cpp.o
[3.723s] [ 53%] Building CXX object test/CMakeFiles/test_validate_node_name.dir/test_validate_node_name.cpp.o
[3.723s] [ 55%] Building CXX object test/CMakeFiles/test_event.dir/test_event.cpp.o
[3.723s] [ 55%] Building CXX object test/CMakeFiles/test_security_options.dir/test_security_options.cpp.o
[3.724s] [ 56%] Building CXX object test/CMakeFiles/test_convert_rcutils_ret_to_rmw_ret.dir/test_convert_rcutils_ret_to_rmw_ret.cpp.o
[3.724s] [ 58%] Building CXX object test/CMakeFiles/test_allocators.dir/test_allocators.cpp.o
[3.724s] [ 59%] Building CXX object test/CMakeFiles/test_validate_full_topic_name.dir/test_validate_full_topic_name.cpp.o
[3.724s] [ 60%] Building CXX object test/CMakeFiles/test_subscription_options.dir/test_subscription_options.cpp.o
[3.727s] [ 61%] Building CXX object test/CMakeFiles/test_time.dir/test_time.cpp.o
[3.727s] [ 62%] Building CXX object test/CMakeFiles/test_types.dir/test_types.cpp.o
[3.727s] [ 64%] Building CXX object test/CMakeFiles/test_validate_namespace.dir/test_validate_namespace.cpp.o
[3.731s] [ 65%] Building CXX object test/CMakeFiles/test_topic_endpoint_info_array.dir/test_topic_endpoint_info_array.cpp.o
[3.731s] [ 66%] Building CXX object test/CMakeFiles/test_network_flow_endpoint.dir/test_network_flow_endpoint.cpp.o
[3.733s] [ 67%] Building CXX object test/CMakeFiles/test_network_flow_endpoint_array.dir/test_network_flow_endpoint_array.cpp.o
[3.735s] [ 69%] Building CXX object test/CMakeFiles/test_topic_endpoint_info.dir/test_topic_endpoint_info.cpp.o
[3.755s] [ 70%] Building CXX object test/CMakeFiles/test_subscription_content_filter_options.dir/test_subscription_content_filter_options.cpp.o
[4.214s] [ 71%] Linking CXX executable test_qos_string_conversions
[4.410s] [ 71%] Built target test_qos_string_conversions
[4.670s] [ 72%] Linking CXX executable test_network_flow_endpoint_array
[4.730s] [ 74%] Linking CXX executable test_sanity_checks
[4.739s] [ 75%] Linking CXX executable test_publisher_options
[4.754s] [ 76%] Linking CXX executable test_security_options
[4.770s] [ 77%] Linking CXX executable test_topic_endpoint_info
[4.776s] [ 77%] Built target test_network_flow_endpoint_array
[4.829s] [ 79%] Linking CXX executable test_topic_endpoint_info_array
[4.865s] [ 79%] Built target test_sanity_checks
[4.877s] [ 80%] Linking CXX executable test_subscription_options
[4.893s] [ 80%] Built target test_topic_endpoint_info
[4.905s] [ 80%] Built target test_publisher_options
[4.905s] [ 80%] Built target test_security_options
[4.928s] [ 81%] Linking CXX executable test_message_sequence
[4.932s] [ 81%] Built target test_topic_endpoint_info_array
[4.952s] [ 82%] Linking CXX executable test_types
[4.955s] [ 83%] Linking CXX executable test_init_options
[4.965s] [ 85%] Linking CXX executable test_serialized_message
[4.965s] [ 86%] Linking CXX executable test_allocators
[4.972s] [ 86%] Built target test_subscription_options
[5.019s] [ 87%] Linking CXX executable test_time
[5.034s] [ 87%] Built target test_message_sequence
[5.067s] [ 88%] Linking CXX executable test_validate_node_name
[5.087s] [ 88%] Built target test_init_options
[5.090s] [ 88%] Built target test_types
[5.097s] [ 90%] Linking CXX executable test_init
[5.100s] [ 90%] Built target test_allocators
[5.100s] [ 90%] Built target test_serialized_message
[5.119s] [ 91%] Linking CXX executable test_validate_namespace
[5.128s] [ 92%] Linking CXX executable test_event
[5.139s] [ 92%] Built target test_time
[5.172s] [ 93%] Linking CXX executable test_convert_rcutils_ret_to_rmw_ret
[5.181s] [ 95%] Linking CXX executable test_names_and_types
[5.181s] [ 95%] Built target test_validate_node_name
[5.201s] [ 95%] Built target test_init
[5.226s] [ 95%] Built target test_validate_namespace
[5.237s] [ 95%] Built target test_event
[5.269s] [ 95%] Built target test_convert_rcutils_ret_to_rmw_ret
[5.280s] [ 95%] Built target test_names_and_types
[5.313s] [ 96%] Linking CXX executable test_network_flow_endpoint
[5.319s] [ 97%] Linking CXX executable test_validate_full_topic_name
[5.340s] [ 98%] Linking CXX executable test_subscription_content_filter_options
[5.345s] [100%] Linking CXX executable test_discovery_options
[5.406s] [100%] Built target test_network_flow_endpoint
[5.408s] [100%] Built target test_validate_full_topic_name
[5.431s] [100%] Built target test_subscription_content_filter_options
[5.436s] [100%] Built target test_discovery_options
[5.443s] Invoked command in '/workspace/jazzy_ws/build/rmw' returned '0': AMENT_PREFIX_PATH=/workspace/jazzy_ws/install CMAKE_PREFIX_PATH=/workspace/jazzy_ws/install LD_LIBRARY_PATH=/workspace/jazzy_ws/install/lib:/workspace/jazzy_ws/install/opt/mimick_vendor/lib PATH=/workspace/jazzy_ws/install/bin:/workspace/jazzy_ws/install/opt/uncrustify_vendor/bin:${PATH} PKG_CONFIG_PATH=/workspace/jazzy_ws/install/lib/x86_64-linux-gnu/pkgconfig:/workspace/jazzy_ws/install/lib/pkgconfig PYTHONPATH=/workspace/jazzy_ws/install/lib/python3.12/site-packages /usr/bin/cmake --build /workspace/jazzy_ws/build/rmw -- -j24 -l24
[5.444s] Invoking command in '/workspace/jazzy_ws/build/rmw': AMENT_PREFIX_PATH=/workspace/jazzy_ws/install CMAKE_PREFIX_PATH=/workspace/jazzy_ws/install LD_LIBRARY_PATH=/workspace/jazzy_ws/install/lib:/workspace/jazzy_ws/install/opt/mimick_vendor/lib PATH=/workspace/jazzy_ws/install/bin:/workspace/jazzy_ws/install/opt/uncrustify_vendor/bin:${PATH} PKG_CONFIG_PATH=/workspace/jazzy_ws/install/lib/x86_64-linux-gnu/pkgconfig:/workspace/jazzy_ws/install/lib/pkgconfig PYTHONPATH=/workspace/jazzy_ws/install/lib/python3.12/site-packages /usr/bin/cmake --install /workspace/jazzy_ws/build/rmw
[5.449s] -- Install configuration: ""
[5.449s] -- Installing: /workspace/jazzy_ws/install/share/rmw/environment/library_path.sh
[5.449s] -- Installing: /workspace/jazzy_ws/install/share/rmw/environment/library_path.dsv
[5.449s] -- Installing: /workspace/jazzy_ws/install/share/ament_index/resource_index/package_run_dependencies/rmw
[5.449s] -- Installing: /workspace/jazzy_ws/install/share/ament_index/resource_index/parent_prefix_path/rmw
[5.449s] -- Installing: /workspace/jazzy_ws/install/share/rmw/environment/ament_prefix_path.sh
[5.449s] -- Installing: /workspace/jazzy_ws/install/share/rmw/environment/ament_prefix_path.dsv
[5.449s] -- Installing: /workspace/jazzy_ws/install/share/rmw/environment/path.sh
[5.449s] -- Installing: /workspace/jazzy_ws/install/share/rmw/environment/path.dsv
[5.449s] -- Installing: /workspace/jazzy_ws/install/share/rmw/local_setup.bash
[5.449s] -- Installing: /workspace/jazzy_ws/install/share/rmw/local_setup.sh
[5.450s] -- Installing: /workspace/jazzy_ws/install/share/rmw/local_setup.zsh
[5.450s] -- Installing: /workspace/jazzy_ws/install/share/rmw/local_setup.dsv
[5.450s] -- Installing: /workspace/jazzy_ws/install/share/rmw/package.dsv
[5.450s] -- Installing: /workspace/jazzy_ws/install/share/ament_index/resource_index/packages/rmw
[5.450s] -- Installing: /workspace/jazzy_ws/install/share/rmw/cmake/rmwExport.cmake
[5.450s] -- Installing: /workspace/jazzy_ws/install/share/rmw/cmake/rmwExport-noconfig.cmake
[5.450s] -- Installing: /workspace/jazzy_ws/install/share/rmw/cmake/rmw-extras.cmake
[5.450s] -- Installing: /workspace/jazzy_ws/install/share/rmw/cmake/ament_cmake_export_dependencies-extras.cmake
[5.450s] -- Installing: /workspace/jazzy_ws/install/share/rmw/cmake/ament_cmake_export_include_directories-extras.cmake
[5.450s] -- Installing: /workspace/jazzy_ws/install/share/rmw/cmake/ament_cmake_export_libraries-extras.cmake
[5.451s] -- Installing: /workspace/jazzy_ws/install/share/rmw/cmake/ament_cmake_export_targets-extras.cmake
[5.451s] -- Installing: /workspace/jazzy_ws/install/share/rmw/cmake/rmwConfig.cmake
[5.451s] -- Installing: /workspace/jazzy_ws/install/share/rmw/cmake/rmwConfig-version.cmake
[5.451s] -- Installing: /workspace/jazzy_ws/install/share/rmw/package.xml
[5.451s] -- Up-to-date: /workspace/jazzy_ws/install/share/rmw/cmake
[5.451s] -- Installing: /workspace/jazzy_ws/install/share/rmw/cmake/register_rmw_implementation.cmake
[5.451s] -- Installing: /workspace/jazzy_ws/install/share/rmw/cmake/configure_rmw_library.cmake
[5.451s] -- Installing: /workspace/jazzy_ws/install/share/rmw/cmake/get_rmw_typesupport.cmake
[5.451s] -- Installing: /workspace/jazzy_ws/install/include/rmw
[5.451s] -- Installing: /workspace/jazzy_ws/install/include/rmw/rmw
[5.451s] -- Installing: /workspace/jazzy_ws/install/include/rmw/rmw/qos_policy_kind.h
[5.451s] -- Installing: /workspace/jazzy_ws/install/include/rmw/rmw/init.h
[5.451s] -- Installing: /workspace/jazzy_ws/install/include/rmw/rmw/qos_string_conversions.h
[5.451s] -- Installing: /workspace/jazzy_ws/install/include/rmw/rmw/network_flow_endpoint.h
[5.451s] -- Installing: /workspace/jazzy_ws/install/include/rmw/rmw/topic_endpoint_info.h
[5.451s] -- Installing: /workspace/jazzy_ws/install/include/rmw/rmw/get_topic_endpoint_info.h
[5.452s] -- Installing: /workspace/jazzy_ws/install/include/rmw/rmw/macros.h
[5.452s] -- Installing: /workspace/jazzy_ws/install/include/rmw/rmw/names_and_types.h
[5.452s] -- Installing: /workspace/jazzy_ws/install/include/rmw/rmw/validate_namespace.h
[5.452s] -- Installing: /workspace/jazzy_ws/install/include/rmw/rmw/sanity_checks.h
[5.452s] -- Installing: /workspace/jazzy_ws/install/include/rmw/rmw/time.h
[5.452s] -- Installing: /workspace/jazzy_ws/install/include/rmw/rmw/domain_id.h
[5.452s] -- Installing: /workspace/jazzy_ws/install/include/rmw/rmw/message_sequence.h
[5.452s] -- Installing: /workspace/jazzy_ws/install/include/rmw/rmw/types.h
[5.452s] -- Installing: /workspace/jazzy_ws/install/include/rmw/rmw/visibility_control.h
[5.452s] -- Installing: /workspace/jazzy_ws/install/include/rmw/rmw/subscription_options.h
[5.452s] -- Installing: /workspace/jazzy_ws/install/include/rmw/rmw/discovery_options.h
[5.452s] -- Installing: /workspace/jazzy_ws/install/include/rmw/rmw/security_options.h
[5.452s] -- Installing: /workspace/jazzy_ws/install/include/rmw/rmw/event.h
[5.453s] -- Installing: /workspace/jazzy_ws/install/include/rmw/rmw/incompatible_qos_events_statuses.h
[5.453s] -- Installing: /workspace/jazzy_ws/install/include/rmw/rmw/get_network_flow_endpoints.h
[5.453s] -- Installing: /workspace/jazzy_ws/install/include/rmw/rmw/impl
[5.453s] -- Installing: /workspace/jazzy_ws/install/include/rmw/rmw/impl/cpp
[5.453s] -- Installing: /workspace/jazzy_ws/install/include/rmw/rmw/impl/cpp/key_value.hpp
[5.453s] -- Installing: /workspace/jazzy_ws/install/include/rmw/rmw/impl/cpp/demangle.hpp
[5.453s] -- Installing: /workspace/jazzy_ws/install/include/rmw/rmw/impl/cpp/macros.hpp
[5.453s] -- Installing: /workspace/jazzy_ws/install/include/rmw/rmw/impl/config.h
[5.453s] -- Installing: /workspace/jazzy_ws/install/include/rmw/rmw/validate_full_topic_name.h
[5.453s] -- Installing: /workspace/jazzy_ws/install/include/rmw/rmw/qos_profiles.h
[5.453s] -- Installing: /workspace/jazzy_ws/install/include/rmw/rmw/get_service_names_and_types.h
[5.453s] -- Installing: /workspace/jazzy_ws/install/include/rmw/rmw/topic_endpoint_info_array.h
[5.453s] -- Installing: /workspace/jazzy_ws/install/include/rmw/rmw/error_handling.h
[5.453s] -- Installing: /workspace/jazzy_ws/install/include/rmw/rmw/rmw.h
[5.454s] -- Installing: /workspace/jazzy_ws/install/include/rmw/rmw/get_node_info_and_types.h
[5.454s] -- Installing: /workspace/jazzy_ws/install/include/rmw/rmw/network_flow_endpoint_array.h
[5.454s] -- Installing: /workspace/jazzy_ws/install/include/rmw/rmw/localhost.h
[5.454s] -- Installing: /workspace/jazzy_ws/install/include/rmw/rmw/publisher_options.h
[5.454s] -- Installing: /workspace/jazzy_ws/install/include/rmw/rmw/ret_types.h
[5.454s] -- Installing: /workspace/jazzy_ws/install/include/rmw/rmw/serialized_message.h
[5.454s] -- Installing: /workspace/jazzy_ws/install/include/rmw/rmw/events_statuses
[5.454s] -- Installing: /workspace/jazzy_ws/install/include/rmw/rmw/events_statuses/liveliness_changed.h
[5.454s] -- Installing: /workspace/jazzy_ws/install/include/rmw/rmw/events_statuses/message_lost.h
[5.454s] -- Installing: /workspace/jazzy_ws/install/include/rmw/rmw/events_statuses/liveliness_lost.h
[5.454s] -- Installing: /workspace/jazzy_ws/install/include/rmw/rmw/events_statuses/offered_deadline_missed.h
[5.454s] -- Installing: /workspace/jazzy_ws/install/include/rmw/rmw/events_statuses/incompatible_qos.h
[5.454s] -- Installing: /workspace/jazzy_ws/install/include/rmw/rmw/events_statuses/requested_deadline_missed.h
[5.455s] -- Installing: /workspace/jazzy_ws/install/include/rmw/rmw/events_statuses/incompatible_type.h
[5.455s] -- Installing: /workspace/jazzy_ws/install/include/rmw/rmw/events_statuses/events_statuses.h
[5.455s] -- Installing: /workspace/jazzy_ws/install/include/rmw/rmw/events_statuses/matched.h
[5.455s] -- Installing: /workspace/jazzy_ws/install/include/rmw/rmw/event_callback_type.h
[5.455s] -- Installing: /workspace/jazzy_ws/install/include/rmw/rmw/validate_node_name.h
[5.455s] -- Installing: /workspace/jazzy_ws/install/include/rmw/rmw/subscription_content_filter_options.h
[5.455s] -- Installing: /workspace/jazzy_ws/install/include/rmw/rmw/features.h
[5.455s] -- Installing: /workspace/jazzy_ws/install/include/rmw/rmw/check_type_identifiers_match.h
[5.455s] -- Installing: /workspace/jazzy_ws/install/include/rmw/rmw/allocators.h
[5.455s] -- Installing: /workspace/jazzy_ws/install/include/rmw/rmw/dynamic_message_type_support.h
[5.455s] -- Installing: /workspace/jazzy_ws/install/include/rmw/rmw/init_options.h
[5.455s] -- Installing: /workspace/jazzy_ws/install/include/rmw/rmw/get_topic_names_and_types.h
[5.455s] -- Installing: /workspace/jazzy_ws/install/include/rmw/rmw/convert_rcutils_ret_to_rmw_ret.h
[5.456s] -- Installing: /workspace/jazzy_ws/install/lib/librmw.so
[5.456s] -- Set non-toolchain portion of runtime path of "/workspace/jazzy_ws/install/lib/librmw.so" to ""
[5.457s] Invoked command in '/workspace/jazzy_ws/build/rmw' returned '0': AMENT_PREFIX_PATH=/workspace/jazzy_ws/install CMAKE_PREFIX_PATH=/workspace/jazzy_ws/install LD_LIBRARY_PATH=/workspace/jazzy_ws/install/lib:/workspace/jazzy_ws/install/opt/mimick_vendor/lib PATH=/workspace/jazzy_ws/install/bin:/workspace/jazzy_ws/install/opt/uncrustify_vendor/bin:${PATH} PKG_CONFIG_PATH=/workspace/jazzy_ws/install/lib/x86_64-linux-gnu/pkgconfig:/workspace/jazzy_ws/install/lib/pkgconfig PYTHONPATH=/workspace/jazzy_ws/install/lib/python3.12/site-packages /usr/bin/cmake --install /workspace/jazzy_ws/build/rmw
