-- The C compiler identification is GNU 13.3.0
-- The CXX compiler identification is GNU 13.3.0
-- Detecting C compiler ABI info
-- Detecting C compiler ABI info - done
-- Check for working C compiler: /usr/bin/cc - skipped
-- Detecting C compile features
-- Detecting C compile features - done
-- Detecting CXX compiler ABI info
-- Detecting CXX compiler ABI info - done
-- Check for working CXX compiler: /usr/bin/c++ - skipped
-- Detecting CXX compile features
-- Detecting CXX compile features - done
-- Found ament_cmake: 2.5.5 (/workspace/jazzy_ws/install/share/ament_cmake/cmake)
-- Found Python3: /usr/bin/python3 (found version "3.12.3") found components: Interpreter 
-- Found rclpy: 7.1.10 (/workspace/jazzy_ws/install/share/rclpy/cmake)
-- Found ackermann_msgs: 2.0.2 (/workspace/jazzy_ws/install/share/ackermann_msgs/cmake)
-- Found rosidl_generator_c: 4.6.7 (/workspace/jazzy_ws/install/share/rosidl_generator_c/cmake)
-- Found rosidl_generator_cpp: 4.6.7 (/workspace/jazzy_ws/install/share/rosidl_generator_cpp/cmake)
-- Using all available rosidl_typesupport_c: rosidl_typesupport_fastrtps_c;rosidl_typesupport_introspection_c
-- Using all available rosidl_typesupport_cpp: rosidl_typesupport_fastrtps_cpp;rosidl_typesupport_introspection_cpp
-- Found geometry_msgs: 5.3.6 (/workspace/jazzy_ws/install/share/geometry_msgs/cmake)
-- Configuring done (0.4s)
-- Generating done (0.0s)
-- Build files have been written to: /workspace/build_ws/build/cmdvel_to_ackermann
-- Install configuration: ""
-- Installing: /workspace/build_ws/install/cmdvel_to_ackermann/share/cmdvel_to_ackermann/scripts
-- Installing: /workspace/build_ws/install/cmdvel_to_ackermann/share/cmdvel_to_ackermann/scripts/cmdvel_to_ackermann.py
-- Installing: /workspace/build_ws/install/cmdvel_to_ackermann/share/cmdvel_to_ackermann/scripts/__init__.py
-- Installing: /workspace/build_ws/install/cmdvel_to_ackermann/share/cmdvel_to_ackermann/launch
-- Installing: /workspace/build_ws/install/cmdvel_to_ackermann/share/cmdvel_to_ackermann/launch/cmdvel_to_ackermann.launch.py
-- Installing: /workspace/build_ws/install/cmdvel_to_ackermann/lib/cmdvel_to_ackermann/cmdvel_to_ackermann.py
-- Installing: /workspace/build_ws/install/cmdvel_to_ackermann/share/ament_index/resource_index/package_run_dependencies/cmdvel_to_ackermann
-- Installing: /workspace/build_ws/install/cmdvel_to_ackermann/share/ament_index/resource_index/parent_prefix_path/cmdvel_to_ackermann
-- Installing: /workspace/build_ws/install/cmdvel_to_ackermann/share/cmdvel_to_ackermann/environment/ament_prefix_path.sh
-- Installing: /workspace/build_ws/install/cmdvel_to_ackermann/share/cmdvel_to_ackermann/environment/ament_prefix_path.dsv
-- Installing: /workspace/build_ws/install/cmdvel_to_ackermann/share/cmdvel_to_ackermann/environment/path.sh
-- Installing: /workspace/build_ws/install/cmdvel_to_ackermann/share/cmdvel_to_ackermann/environment/path.dsv
-- Installing: /workspace/build_ws/install/cmdvel_to_ackermann/share/cmdvel_to_ackermann/local_setup.bash
-- Installing: /workspace/build_ws/install/cmdvel_to_ackermann/share/cmdvel_to_ackermann/local_setup.sh
-- Installing: /workspace/build_ws/install/cmdvel_to_ackermann/share/cmdvel_to_ackermann/local_setup.zsh
-- Installing: /workspace/build_ws/install/cmdvel_to_ackermann/share/cmdvel_to_ackermann/local_setup.dsv
-- Installing: /workspace/build_ws/install/cmdvel_to_ackermann/share/cmdvel_to_ackermann/package.dsv
-- Installing: /workspace/build_ws/install/cmdvel_to_ackermann/share/ament_index/resource_index/packages/cmdvel_to_ackermann
-- Installing: /workspace/build_ws/install/cmdvel_to_ackermann/share/cmdvel_to_ackermann/cmake/cmdvel_to_ackermannConfig.cmake
-- Installing: /workspace/build_ws/install/cmdvel_to_ackermann/share/cmdvel_to_ackermann/cmake/cmdvel_to_ackermannConfig-version.cmake
-- Installing: /workspace/build_ws/install/cmdvel_to_ackermann/share/cmdvel_to_ackermann/package.xml
