[0.021s] Invoking command in '/workspace/build_ws/build/cmdvel_to_ackermann': /usr/bin/cmake /workspace/build_ws/src/ackermann_control/cmdvel_to_ackermann -DCMAKE_INSTALL_PREFIX=/workspace/build_ws/install/cmdvel_to_ackermann
[0.341s] -- The C compiler identification is GNU 13.3.0
[0.341s] -- The CXX compiler identification is GNU 13.3.0
[0.341s] -- Detecting C compiler ABI info
[0.342s] -- Detecting C compiler ABI info - done
[0.342s] -- Check for working C compiler: /usr/bin/cc - skipped
[0.342s] -- Detecting C compile features
[0.342s] -- Detecting C compile features - done
[0.342s] -- Detecting CXX compiler ABI info
[0.342s] -- Detecting CXX compiler ABI info - done
[0.342s] -- Check for working CXX compiler: /usr/bin/c++ - skipped
[0.342s] -- Detecting CXX compile features
[0.342s] -- Detecting CXX compile features - done
[0.342s] -- Found ament_cmake: 2.5.5 (/workspace/jazzy_ws/install/share/ament_cmake/cmake)
[0.342s] -- Found Python3: /usr/bin/python3 (found version "3.12.3") found components: Interpreter 
[0.342s] -- Found rclpy: 7.1.10 (/workspace/jazzy_ws/install/share/rclpy/cmake)
[0.342s] -- Found ackermann_msgs: 2.0.2 (/workspace/jazzy_ws/install/share/ackermann_msgs/cmake)
[0.347s] -- Found rosidl_generator_c: 4.6.7 (/workspace/jazzy_ws/install/share/rosidl_generator_c/cmake)
[0.354s] -- Found rosidl_generator_cpp: 4.6.7 (/workspace/jazzy_ws/install/share/rosidl_generator_cpp/cmake)
[0.363s] -- Using all available rosidl_typesupport_c: rosidl_typesupport_fastrtps_c;rosidl_typesupport_introspection_c
[0.372s] -- Using all available rosidl_typesupport_cpp: rosidl_typesupport_fastrtps_cpp;rosidl_typesupport_introspection_cpp
[0.402s] -- Found geometry_msgs: 5.3.6 (/workspace/jazzy_ws/install/share/geometry_msgs/cmake)
[0.467s] -- Configuring done (0.4s)
[0.469s] -- Generating done (0.0s)
[0.470s] -- Build files have been written to: /workspace/build_ws/build/cmdvel_to_ackermann
[0.473s] Invoked command in '/workspace/build_ws/build/cmdvel_to_ackermann' returned '0': /usr/bin/cmake /workspace/build_ws/src/ackermann_control/cmdvel_to_ackermann -DCMAKE_INSTALL_PREFIX=/workspace/build_ws/install/cmdvel_to_ackermann
[0.474s] Invoking command in '/workspace/build_ws/build/cmdvel_to_ackermann': /usr/bin/cmake --build /workspace/build_ws/build/cmdvel_to_ackermann -- -j24 -l24
[0.495s] Invoked command in '/workspace/build_ws/build/cmdvel_to_ackermann' returned '0': /usr/bin/cmake --build /workspace/build_ws/build/cmdvel_to_ackermann -- -j24 -l24
[0.495s] Invoking command in '/workspace/build_ws/build/cmdvel_to_ackermann': /usr/bin/cmake --install /workspace/build_ws/build/cmdvel_to_ackermann
[0.499s] -- Install configuration: ""
[0.499s] -- Installing: /workspace/build_ws/install/cmdvel_to_ackermann/share/cmdvel_to_ackermann/scripts
[0.500s] -- Installing: /workspace/build_ws/install/cmdvel_to_ackermann/share/cmdvel_to_ackermann/scripts/cmdvel_to_ackermann.py
[0.500s] -- Installing: /workspace/build_ws/install/cmdvel_to_ackermann/share/cmdvel_to_ackermann/scripts/__init__.py
[0.500s] -- Installing: /workspace/build_ws/install/cmdvel_to_ackermann/share/cmdvel_to_ackermann/launch
[0.500s] -- Installing: /workspace/build_ws/install/cmdvel_to_ackermann/share/cmdvel_to_ackermann/launch/cmdvel_to_ackermann.launch.py
[0.500s] -- Installing: /workspace/build_ws/install/cmdvel_to_ackermann/lib/cmdvel_to_ackermann/cmdvel_to_ackermann.py
[0.500s] -- Installing: /workspace/build_ws/install/cmdvel_to_ackermann/share/ament_index/resource_index/package_run_dependencies/cmdvel_to_ackermann
[0.500s] -- Installing: /workspace/build_ws/install/cmdvel_to_ackermann/share/ament_index/resource_index/parent_prefix_path/cmdvel_to_ackermann
[0.500s] -- Installing: /workspace/build_ws/install/cmdvel_to_ackermann/share/cmdvel_to_ackermann/environment/ament_prefix_path.sh
[0.500s] -- Installing: /workspace/build_ws/install/cmdvel_to_ackermann/share/cmdvel_to_ackermann/environment/ament_prefix_path.dsv
[0.500s] -- Installing: /workspace/build_ws/install/cmdvel_to_ackermann/share/cmdvel_to_ackermann/environment/path.sh
[0.500s] -- Installing: /workspace/build_ws/install/cmdvel_to_ackermann/share/cmdvel_to_ackermann/environment/path.dsv
[0.500s] -- Installing: /workspace/build_ws/install/cmdvel_to_ackermann/share/cmdvel_to_ackermann/local_setup.bash
[0.501s] -- Installing: /workspace/build_ws/install/cmdvel_to_ackermann/share/cmdvel_to_ackermann/local_setup.sh
[0.501s] -- Installing: /workspace/build_ws/install/cmdvel_to_ackermann/share/cmdvel_to_ackermann/local_setup.zsh
[0.501s] -- Installing: /workspace/build_ws/install/cmdvel_to_ackermann/share/cmdvel_to_ackermann/local_setup.dsv
[0.501s] -- Installing: /workspace/build_ws/install/cmdvel_to_ackermann/share/cmdvel_to_ackermann/package.dsv
[0.501s] -- Installing: /workspace/build_ws/install/cmdvel_to_ackermann/share/ament_index/resource_index/packages/cmdvel_to_ackermann
[0.501s] -- Installing: /workspace/build_ws/install/cmdvel_to_ackermann/share/cmdvel_to_ackermann/cmake/cmdvel_to_ackermannConfig.cmake
[0.501s] -- Installing: /workspace/build_ws/install/cmdvel_to_ackermann/share/cmdvel_to_ackermann/cmake/cmdvel_to_ackermannConfig-version.cmake
[0.501s] -- Installing: /workspace/build_ws/install/cmdvel_to_ackermann/share/cmdvel_to_ackermann/package.xml
[0.502s] Invoked command in '/workspace/build_ws/build/cmdvel_to_ackermann' returned '0': /usr/bin/cmake --install /workspace/build_ws/build/cmdvel_to_ackermann
