-- The C compiler identification is GNU 13.3.0
-- The CXX compiler identification is GNU 13.3.0
-- Detecting C compiler ABI info
-- Detecting C compiler ABI info - done
-- Check for working C compiler: /usr/bin/cc - skipped
-- Detecting C compile features
-- Detecting C compile features - done
-- Detecting CXX compiler ABI info
-- Detecting CXX compiler ABI info - done
-- Check for working CXX compiler: /usr/bin/c++ - skipped
-- Detecting CXX compile features
-- Detecting CXX compile features - done
-- Found ament_cmake: 2.5.5 (/workspace/jazzy_ws/install/share/ament_cmake/cmake)
-- Found Python3: /usr/bin/python3 (found version "3.12.3") found components: Interpreter 
-- Found builtin_interfaces: 2.0.3 (/workspace/jazzy_ws/install/share/builtin_interfaces/cmake)
-- Found rosidl_generator_c: 4.6.7 (/workspace/jazzy_ws/install/share/rosidl_generator_c/cmake)
-- Found rosidl_generator_cpp: 4.6.7 (/workspace/jazzy_ws/install/share/rosidl_generator_cpp/cmake)
-- Using all available rosidl_typesupport_c: rosidl_typesupport_fastrtps_c;rosidl_typesupport_introspection_c
-- Using all available rosidl_typesupport_cpp: rosidl_typesupport_fastrtps_cpp;rosidl_typesupport_introspection_cpp
-- Found geometry_msgs: 5.3.6 (/workspace/jazzy_ws/install/share/geometry_msgs/cmake)
-- Found rosidl_default_generators: 1.6.0 (/workspace/jazzy_ws/install/share/rosidl_default_generators/cmake)
-- Found rosidl_adapter: 4.6.7 (/workspace/jazzy_ws/install/share/rosidl_adapter/cmake)
-- Found ament_cmake_cppcheck: 0.17.4 (/workspace/jazzy_ws/install/share/ament_cmake_cppcheck/cmake)
-- Found ament_cmake_cpplint: 0.17.4 (/workspace/jazzy_ws/install/share/ament_cmake_cpplint/cmake)
-- Found ament_cmake_uncrustify: 0.17.4 (/workspace/jazzy_ws/install/share/ament_cmake_uncrustify/cmake)
-- Found ament_cmake_ros: 0.12.0 (/workspace/jazzy_ws/install/share/ament_cmake_ros/cmake)
-- Using all available rosidl_typesupport_c: rosidl_typesupport_fastrtps_c;rosidl_typesupport_introspection_c
-- Using all available rosidl_typesupport_cpp: rosidl_typesupport_fastrtps_cpp;rosidl_typesupport_introspection_cpp
-- Found python_cmake_module: 0.11.1 (/workspace/jazzy_ws/install/share/python_cmake_module/cmake)
-- Found PythonExtra: /usr/bin/python3  
-- Found Python3: /usr/bin/python3 (found version "3.12.3") found components: Interpreter Development NumPy Development.Module Development.Embed 
-- Found ament_cmake_flake8: 0.17.4 (/workspace/jazzy_ws/install/share/ament_cmake_flake8/cmake)
-- Found ament_cmake_pep257: 0.17.4 (/workspace/jazzy_ws/install/share/ament_cmake_pep257/cmake)
-- Configuring done (2.2s)
-- Generating done (0.0s)
-- Build files have been written to: /workspace/jazzy_ws/build/nav_msgs
[  1%] Generating type hashes for ROS interfaces
[  1%] Built target ament_cmake_python_copy_nav_msgs
running egg_info
creating nav_msgs.egg-info
writing nav_msgs.egg-info/PKG-INFO
writing dependency_links to nav_msgs.egg-info/dependency_links.txt
writing top-level names to nav_msgs.egg-info/top_level.txt
writing manifest file 'nav_msgs.egg-info/SOURCES.txt'
reading manifest file 'nav_msgs.egg-info/SOURCES.txt'
writing manifest file 'nav_msgs.egg-info/SOURCES.txt'
[  1%] Built target ament_cmake_python_build_nav_msgs_egg
[  1%] Built target nav_msgs__rosidl_generator_type_description
[  2%] Generating C code for ROS interfaces
[  2%] Generating C++ code for ROS interfaces
[  2%] Built target nav_msgs__cpp
[  3%] Building C object CMakeFiles/nav_msgs__rosidl_generator_c.dir/rosidl_generator_c/nav_msgs/msg/detail/goals__description.c.o
[  4%] Building C object CMakeFiles/nav_msgs__rosidl_generator_c.dir/rosidl_generator_c/nav_msgs/msg/detail/grid_cells__functions.c.o
[  6%] Building C object CMakeFiles/nav_msgs__rosidl_generator_c.dir/rosidl_generator_c/nav_msgs/msg/detail/grid_cells__type_support.c.o
[  6%] Building C object CMakeFiles/nav_msgs__rosidl_generator_c.dir/rosidl_generator_c/nav_msgs/msg/detail/goals__functions.c.o
[  6%] Building C object CMakeFiles/nav_msgs__rosidl_generator_c.dir/rosidl_generator_c/nav_msgs/msg/detail/goals__type_support.c.o
[  7%] Building C object CMakeFiles/nav_msgs__rosidl_generator_c.dir/rosidl_generator_c/nav_msgs/msg/detail/occupancy_grid__type_support.c.o
[  8%] Building C object CMakeFiles/nav_msgs__rosidl_generator_c.dir/rosidl_generator_c/nav_msgs/msg/detail/map_meta_data__functions.c.o
[  9%] Building C object CMakeFiles/nav_msgs__rosidl_generator_c.dir/rosidl_generator_c/nav_msgs/msg/detail/path__description.c.o
[ 10%] Building C object CMakeFiles/nav_msgs__rosidl_generator_c.dir/rosidl_generator_c/nav_msgs/msg/detail/grid_cells__description.c.o
[ 11%] Building C object CMakeFiles/nav_msgs__rosidl_generator_c.dir/rosidl_generator_c/nav_msgs/msg/detail/odometry__functions.c.o
[  8%] Building C object CMakeFiles/nav_msgs__rosidl_generator_c.dir/rosidl_generator_c/nav_msgs/msg/detail/odometry__type_support.c.o
[ 13%] Building C object CMakeFiles/nav_msgs__rosidl_generator_c.dir/rosidl_generator_c/nav_msgs/msg/detail/map_meta_data__description.c.o
[ 13%] Building C object CMakeFiles/nav_msgs__rosidl_generator_c.dir/rosidl_generator_c/nav_msgs/msg/detail/odometry__description.c.o
[ 12%] Building C object CMakeFiles/nav_msgs__rosidl_generator_c.dir/rosidl_generator_c/nav_msgs/msg/detail/map_meta_data__type_support.c.o
[ 14%] Building C object CMakeFiles/nav_msgs__rosidl_generator_c.dir/rosidl_generator_c/nav_msgs/msg/detail/occupancy_grid__description.c.o
[ 15%] Building C object CMakeFiles/nav_msgs__rosidl_generator_c.dir/rosidl_generator_c/nav_msgs/msg/detail/occupancy_grid__functions.c.o
[ 16%] Building C object CMakeFiles/nav_msgs__rosidl_generator_c.dir/rosidl_generator_c/nav_msgs/srv/detail/get_plan__type_support.c.o
[ 17%] Building C object CMakeFiles/nav_msgs__rosidl_generator_c.dir/rosidl_generator_c/nav_msgs/srv/detail/load_map__description.c.o
[ 18%] Building C object CMakeFiles/nav_msgs__rosidl_generator_c.dir/rosidl_generator_c/nav_msgs/srv/detail/set_map__description.c.o
[ 19%] Building C object CMakeFiles/nav_msgs__rosidl_generator_c.dir/rosidl_generator_c/nav_msgs/srv/detail/load_map__type_support.c.o
[ 19%] Building C object CMakeFiles/nav_msgs__rosidl_generator_c.dir/rosidl_generator_c/nav_msgs/srv/detail/set_map__functions.c.o
[ 20%] Building C object CMakeFiles/nav_msgs__rosidl_generator_c.dir/rosidl_generator_c/nav_msgs/srv/detail/load_map__functions.c.o
[ 21%] Building C object CMakeFiles/nav_msgs__rosidl_generator_c.dir/rosidl_generator_c/nav_msgs/srv/detail/set_map__type_support.c.o
[ 21%] Building C object CMakeFiles/nav_msgs__rosidl_generator_c.dir/rosidl_generator_c/nav_msgs/srv/detail/get_plan__functions.c.o
[ 22%] Building C object CMakeFiles/nav_msgs__rosidl_generator_c.dir/rosidl_generator_c/nav_msgs/srv/detail/get_plan__description.c.o
[ 24%] Building C object CMakeFiles/nav_msgs__rosidl_generator_c.dir/rosidl_generator_c/nav_msgs/srv/detail/get_map__description.c.o
[ 23%] Building C object CMakeFiles/nav_msgs__rosidl_generator_c.dir/rosidl_generator_c/nav_msgs/srv/detail/get_map__type_support.c.o
[ 24%] Building C object CMakeFiles/nav_msgs__rosidl_generator_c.dir/rosidl_generator_c/nav_msgs/msg/detail/path__type_support.c.o
[ 25%] Building C object CMakeFiles/nav_msgs__rosidl_generator_c.dir/rosidl_generator_c/nav_msgs/srv/detail/get_map__functions.c.o
[ 26%] Building C object CMakeFiles/nav_msgs__rosidl_generator_c.dir/rosidl_generator_c/nav_msgs/msg/detail/path__functions.c.o
[ 27%] Linking C shared library libnav_msgs__rosidl_generator_c.so
[ 27%] Built target nav_msgs__rosidl_generator_c
[ 28%] Generating C type support for eProsima Fast-RTPS
[ 28%] Generating C type support dispatch for ROS interfaces
[ 29%] Generating C++ introspection for ROS interfaces
[ 30%] Generating C++ type support dispatch for ROS interfaces
[ 31%] Generating C introspection for ROS interfaces
[ 31%] Generating C++ type support for eProsima Fast-RTPS
[ 32%] Building CXX object CMakeFiles/nav_msgs__rosidl_typesupport_c.dir/rosidl_typesupport_c/nav_msgs/msg/goals__type_support.cpp.o
[ 34%] Building CXX object CMakeFiles/nav_msgs__rosidl_typesupport_c.dir/rosidl_typesupport_c/nav_msgs/msg/grid_cells__type_support.cpp.o
[ 35%] Building CXX object CMakeFiles/nav_msgs__rosidl_typesupport_c.dir/rosidl_typesupport_c/nav_msgs/msg/occupancy_grid__type_support.cpp.o
[ 35%] Building CXX object CMakeFiles/nav_msgs__rosidl_typesupport_c.dir/rosidl_typesupport_c/nav_msgs/msg/odometry__type_support.cpp.o
[ 33%] Building CXX object CMakeFiles/nav_msgs__rosidl_typesupport_c.dir/rosidl_typesupport_c/nav_msgs/msg/map_meta_data__type_support.cpp.o
[ 36%] Building CXX object CMakeFiles/nav_msgs__rosidl_typesupport_c.dir/rosidl_typesupport_c/nav_msgs/msg/path__type_support.cpp.o
[ 37%] Building CXX object CMakeFiles/nav_msgs__rosidl_typesupport_c.dir/rosidl_typesupport_c/nav_msgs/srv/get_map__type_support.cpp.o
[ 38%] Building CXX object CMakeFiles/nav_msgs__rosidl_typesupport_c.dir/rosidl_typesupport_c/nav_msgs/srv/get_plan__type_support.cpp.o
[ 39%] Building CXX object CMakeFiles/nav_msgs__rosidl_typesupport_c.dir/rosidl_typesupport_c/nav_msgs/srv/load_map__type_support.cpp.o
[ 39%] Building CXX object CMakeFiles/nav_msgs__rosidl_typesupport_c.dir/rosidl_typesupport_c/nav_msgs/srv/set_map__type_support.cpp.o
[ 40%] Linking CXX shared library libnav_msgs__rosidl_typesupport_c.so
[ 40%] Building C object CMakeFiles/nav_msgs__rosidl_typesupport_introspection_c.dir/rosidl_typesupport_introspection_c/nav_msgs/msg/detail/occupancy_grid__type_support.c.o
[ 41%] Building CXX object CMakeFiles/nav_msgs__rosidl_typesupport_introspection_cpp.dir/rosidl_typesupport_introspection_cpp/nav_msgs/msg/detail/map_meta_data__type_support.cpp.o
[ 42%] Building CXX object CMakeFiles/nav_msgs__rosidl_typesupport_introspection_cpp.dir/rosidl_typesupport_introspection_cpp/nav_msgs/msg/detail/goals__type_support.cpp.o
[ 43%] Building C object CMakeFiles/nav_msgs__rosidl_typesupport_introspection_c.dir/rosidl_typesupport_introspection_c/nav_msgs/msg/detail/goals__type_support.c.o
[ 44%] Building CXX object CMakeFiles/nav_msgs__rosidl_typesupport_introspection_cpp.dir/rosidl_typesupport_introspection_cpp/nav_msgs/msg/detail/odometry__type_support.cpp.o
[ 45%] Building C object CMakeFiles/nav_msgs__rosidl_typesupport_introspection_c.dir/rosidl_typesupport_introspection_c/nav_msgs/msg/detail/odometry__type_support.c.o
[ 46%] Building C object CMakeFiles/nav_msgs__rosidl_typesupport_introspection_c.dir/rosidl_typesupport_introspection_c/nav_msgs/msg/detail/path__type_support.c.o
[ 47%] Building CXX object CMakeFiles/nav_msgs__rosidl_typesupport_introspection_cpp.dir/rosidl_typesupport_introspection_cpp/nav_msgs/msg/detail/occupancy_grid__type_support.cpp.o
[ 49%] Building C object CMakeFiles/nav_msgs__rosidl_typesupport_introspection_c.dir/rosidl_typesupport_introspection_c/nav_msgs/msg/detail/grid_cells__type_support.c.o
[ 49%] Building CXX object CMakeFiles/nav_msgs__rosidl_typesupport_introspection_cpp.dir/rosidl_typesupport_introspection_cpp/nav_msgs/msg/detail/path__type_support.cpp.o
[ 49%] Building CXX object CMakeFiles/nav_msgs__rosidl_typesupport_introspection_cpp.dir/rosidl_typesupport_introspection_cpp/nav_msgs/srv/detail/get_map__type_support.cpp.o
[ 50%] Building CXX object CMakeFiles/nav_msgs__rosidl_typesupport_introspection_cpp.dir/rosidl_typesupport_introspection_cpp/nav_msgs/srv/detail/get_plan__type_support.cpp.o
[ 51%] Building C object CMakeFiles/nav_msgs__rosidl_typesupport_introspection_c.dir/rosidl_typesupport_introspection_c/nav_msgs/srv/detail/get_map__type_support.c.o
[ 52%] Building C object CMakeFiles/nav_msgs__rosidl_typesupport_introspection_c.dir/rosidl_typesupport_introspection_c/nav_msgs/srv/detail/set_map__type_support.c.o
[ 49%] Building C object CMakeFiles/nav_msgs__rosidl_typesupport_introspection_c.dir/rosidl_typesupport_introspection_c/nav_msgs/srv/detail/load_map__type_support.c.o
[ 53%] Building C object CMakeFiles/nav_msgs__rosidl_typesupport_introspection_c.dir/rosidl_typesupport_introspection_c/nav_msgs/msg/detail/map_meta_data__type_support.c.o
[ 40%] Building CXX object CMakeFiles/nav_msgs__rosidl_typesupport_introspection_cpp.dir/rosidl_typesupport_introspection_cpp/nav_msgs/msg/detail/grid_cells__type_support.cpp.o
[ 54%] Building C object CMakeFiles/nav_msgs__rosidl_typesupport_introspection_c.dir/rosidl_typesupport_introspection_c/nav_msgs/srv/detail/get_plan__type_support.c.o
[ 55%] Building CXX object CMakeFiles/nav_msgs__rosidl_typesupport_introspection_cpp.dir/rosidl_typesupport_introspection_cpp/nav_msgs/srv/detail/load_map__type_support.cpp.o
[ 56%] Building CXX object CMakeFiles/nav_msgs__rosidl_typesupport_introspection_cpp.dir/rosidl_typesupport_introspection_cpp/nav_msgs/srv/detail/set_map__type_support.cpp.o
[ 56%] Built target nav_msgs__rosidl_typesupport_c
[ 57%] Linking C shared library libnav_msgs__rosidl_typesupport_introspection_c.so
[ 60%] Building CXX object CMakeFiles/nav_msgs__rosidl_typesupport_fastrtps_c.dir/rosidl_typesupport_fastrtps_c/nav_msgs/msg/detail/goals__type_support_c.cpp.o
[ 60%] Building CXX object CMakeFiles/nav_msgs__rosidl_typesupport_fastrtps_c.dir/rosidl_typesupport_fastrtps_c/nav_msgs/msg/detail/path__type_support_c.cpp.o
[ 58%] Building CXX object CMakeFiles/nav_msgs__rosidl_typesupport_fastrtps_c.dir/rosidl_typesupport_fastrtps_c/nav_msgs/msg/detail/odometry__type_support_c.cpp.o
[ 61%] Building CXX object CMakeFiles/nav_msgs__rosidl_typesupport_fastrtps_c.dir/rosidl_typesupport_fastrtps_c/nav_msgs/msg/detail/occupancy_grid__type_support_c.cpp.o
[ 61%] Building CXX object CMakeFiles/nav_msgs__rosidl_typesupport_fastrtps_c.dir/rosidl_typesupport_fastrtps_c/nav_msgs/srv/detail/get_map__type_support_c.cpp.o
[ 62%] Building CXX object CMakeFiles/nav_msgs__rosidl_typesupport_fastrtps_c.dir/rosidl_typesupport_fastrtps_c/nav_msgs/msg/detail/map_meta_data__type_support_c.cpp.o
[ 63%] Building CXX object CMakeFiles/nav_msgs__rosidl_typesupport_fastrtps_c.dir/rosidl_typesupport_fastrtps_c/nav_msgs/srv/detail/get_plan__type_support_c.cpp.o
[ 63%] Building CXX object CMakeFiles/nav_msgs__rosidl_typesupport_fastrtps_c.dir/rosidl_typesupport_fastrtps_c/nav_msgs/msg/detail/grid_cells__type_support_c.cpp.o
[ 63%] Built target nav_msgs__rosidl_typesupport_introspection_c
[ 64%] Building CXX object CMakeFiles/nav_msgs__rosidl_typesupport_fastrtps_c.dir/rosidl_typesupport_fastrtps_c/nav_msgs/srv/detail/load_map__type_support_c.cpp.o
[ 65%] Building CXX object CMakeFiles/nav_msgs__rosidl_typesupport_fastrtps_c.dir/rosidl_typesupport_fastrtps_c/nav_msgs/srv/detail/set_map__type_support_c.cpp.o
[ 66%] Building CXX object CMakeFiles/nav_msgs__rosidl_typesupport_cpp.dir/rosidl_typesupport_cpp/nav_msgs/msg/goals__type_support.cpp.o
[ 67%] Building CXX object CMakeFiles/nav_msgs__rosidl_typesupport_fastrtps_cpp.dir/rosidl_typesupport_fastrtps_cpp/nav_msgs/msg/detail/dds_fastrtps/goals__type_support.cpp.o
[ 68%] Building CXX object CMakeFiles/nav_msgs__rosidl_typesupport_cpp.dir/rosidl_typesupport_cpp/nav_msgs/msg/grid_cells__type_support.cpp.o
[ 69%] Building CXX object CMakeFiles/nav_msgs__rosidl_typesupport_fastrtps_cpp.dir/rosidl_typesupport_fastrtps_cpp/nav_msgs/msg/detail/dds_fastrtps/grid_cells__type_support.cpp.o
[ 70%] Building CXX object CMakeFiles/nav_msgs__rosidl_typesupport_cpp.dir/rosidl_typesupport_cpp/nav_msgs/msg/map_meta_data__type_support.cpp.o
[ 70%] Building CXX object CMakeFiles/nav_msgs__rosidl_typesupport_cpp.dir/rosidl_typesupport_cpp/nav_msgs/msg/occupancy_grid__type_support.cpp.o
[ 71%] Building CXX object CMakeFiles/nav_msgs__rosidl_typesupport_cpp.dir/rosidl_typesupport_cpp/nav_msgs/msg/odometry__type_support.cpp.o
[ 72%] Building CXX object CMakeFiles/nav_msgs__rosidl_typesupport_fastrtps_cpp.dir/rosidl_typesupport_fastrtps_cpp/nav_msgs/msg/detail/dds_fastrtps/map_meta_data__type_support.cpp.o
[ 73%] Building CXX object CMakeFiles/nav_msgs__rosidl_typesupport_fastrtps_cpp.dir/rosidl_typesupport_fastrtps_cpp/nav_msgs/msg/detail/dds_fastrtps/occupancy_grid__type_support.cpp.o
[ 74%] Building CXX object CMakeFiles/nav_msgs__rosidl_typesupport_cpp.dir/rosidl_typesupport_cpp/nav_msgs/msg/path__type_support.cpp.o
[ 75%] Building CXX object CMakeFiles/nav_msgs__rosidl_typesupport_fastrtps_cpp.dir/rosidl_typesupport_fastrtps_cpp/nav_msgs/msg/detail/dds_fastrtps/path__type_support.cpp.o
[ 75%] Building CXX object CMakeFiles/nav_msgs__rosidl_typesupport_fastrtps_cpp.dir/rosidl_typesupport_fastrtps_cpp/nav_msgs/msg/detail/dds_fastrtps/odometry__type_support.cpp.o
[ 76%] Building CXX object CMakeFiles/nav_msgs__rosidl_typesupport_fastrtps_cpp.dir/rosidl_typesupport_fastrtps_cpp/nav_msgs/srv/detail/dds_fastrtps/get_map__type_support.cpp.o
[ 77%] Building CXX object CMakeFiles/nav_msgs__rosidl_typesupport_fastrtps_cpp.dir/rosidl_typesupport_fastrtps_cpp/nav_msgs/srv/detail/dds_fastrtps/get_plan__type_support.cpp.o
[ 78%] Building CXX object CMakeFiles/nav_msgs__rosidl_typesupport_cpp.dir/rosidl_typesupport_cpp/nav_msgs/srv/get_plan__type_support.cpp.o
[ 79%] Building CXX object CMakeFiles/nav_msgs__rosidl_typesupport_cpp.dir/rosidl_typesupport_cpp/nav_msgs/srv/get_map__type_support.cpp.o
[ 79%] Building CXX object CMakeFiles/nav_msgs__rosidl_typesupport_cpp.dir/rosidl_typesupport_cpp/nav_msgs/srv/load_map__type_support.cpp.o
[ 80%] Building CXX object CMakeFiles/nav_msgs__rosidl_typesupport_fastrtps_cpp.dir/rosidl_typesupport_fastrtps_cpp/nav_msgs/srv/detail/dds_fastrtps/load_map__type_support.cpp.o
[ 81%] Building CXX object CMakeFiles/nav_msgs__rosidl_typesupport_fastrtps_cpp.dir/rosidl_typesupport_fastrtps_cpp/nav_msgs/srv/detail/dds_fastrtps/set_map__type_support.cpp.o
[ 82%] Building CXX object CMakeFiles/nav_msgs__rosidl_typesupport_cpp.dir/rosidl_typesupport_cpp/nav_msgs/srv/set_map__type_support.cpp.o
[ 83%] Linking CXX shared library libnav_msgs__rosidl_typesupport_fastrtps_c.so
[ 84%] Linking CXX shared library libnav_msgs__rosidl_typesupport_introspection_cpp.so
[ 84%] Built target nav_msgs__rosidl_typesupport_fastrtps_c
[ 84%] Built target nav_msgs__rosidl_typesupport_introspection_cpp
[ 85%] Linking CXX shared library libnav_msgs__rosidl_typesupport_cpp.so
[ 85%] Built target nav_msgs__rosidl_typesupport_cpp
[ 85%] Linking CXX shared library libnav_msgs__rosidl_typesupport_fastrtps_cpp.so
[ 85%] Built target nav_msgs__rosidl_typesupport_fastrtps_cpp
[ 85%] Built target nav_msgs
[ 86%] Generating Python code for ROS interfaces
[ 86%] Built target nav_msgs__py
[ 87%] Building C object CMakeFiles/nav_msgs__rosidl_generator_py.dir/rosidl_generator_py/nav_msgs/msg/_goals_s.c.o
[ 88%] Building C object CMakeFiles/nav_msgs__rosidl_generator_py.dir/rosidl_generator_py/nav_msgs/msg/_grid_cells_s.c.o
[ 88%] Building C object CMakeFiles/nav_msgs__rosidl_generator_py.dir/rosidl_generator_py/nav_msgs/msg/_map_meta_data_s.c.o
[ 89%] Building C object CMakeFiles/nav_msgs__rosidl_generator_py.dir/rosidl_generator_py/nav_msgs/msg/_occupancy_grid_s.c.o
[ 90%] Building C object CMakeFiles/nav_msgs__rosidl_generator_py.dir/rosidl_generator_py/nav_msgs/msg/_odometry_s.c.o
[ 91%] Building C object CMakeFiles/nav_msgs__rosidl_generator_py.dir/rosidl_generator_py/nav_msgs/msg/_path_s.c.o
[ 92%] Building C object CMakeFiles/nav_msgs__rosidl_generator_py.dir/rosidl_generator_py/nav_msgs/srv/_get_plan_s.c.o
[ 92%] Building C object CMakeFiles/nav_msgs__rosidl_generator_py.dir/rosidl_generator_py/nav_msgs/srv/_get_map_s.c.o
[ 93%] Building C object CMakeFiles/nav_msgs__rosidl_generator_py.dir/rosidl_generator_py/nav_msgs/srv/_load_map_s.c.o
[ 94%] Building C object CMakeFiles/nav_msgs__rosidl_generator_py.dir/rosidl_generator_py/nav_msgs/srv/_set_map_s.c.o
[ 95%] Linking C shared library libnav_msgs__rosidl_generator_py.so
[ 95%] Built target nav_msgs__rosidl_generator_py
[ 96%] Building C object CMakeFiles/nav_msgs_s__rosidl_typesupport_introspection_c.dir/rosidl_generator_py/nav_msgs/_nav_msgs_s.ep.rosidl_typesupport_introspection_c.c.o
[ 97%] Building C object CMakeFiles/nav_msgs_s__rosidl_typesupport_fastrtps_c.dir/rosidl_generator_py/nav_msgs/_nav_msgs_s.ep.rosidl_typesupport_fastrtps_c.c.o
[ 97%] Building C object CMakeFiles/nav_msgs_s__rosidl_typesupport_c.dir/rosidl_generator_py/nav_msgs/_nav_msgs_s.ep.rosidl_typesupport_c.c.o
[ 98%] Linking C shared module rosidl_generator_py/nav_msgs/nav_msgs_s__rosidl_typesupport_introspection_c.so
[ 99%] Linking C shared module rosidl_generator_py/nav_msgs/nav_msgs_s__rosidl_typesupport_c.so
[100%] Linking C shared module rosidl_generator_py/nav_msgs/nav_msgs_s__rosidl_typesupport_fastrtps_c.so
[100%] Built target nav_msgs_s__rosidl_typesupport_introspection_c
[100%] Built target nav_msgs_s__rosidl_typesupport_c
[100%] Built target nav_msgs_s__rosidl_typesupport_fastrtps_c
-- Install configuration: ""
-- Installing: /workspace/jazzy_ws/install/share/ament_index/resource_index/rosidl_interfaces/nav_msgs
-- Installing: /workspace/jazzy_ws/install/share/nav_msgs/msg/Goals.json
-- Installing: /workspace/jazzy_ws/install/share/nav_msgs/msg/GridCells.json
-- Installing: /workspace/jazzy_ws/install/share/nav_msgs/msg/MapMetaData.json
-- Installing: /workspace/jazzy_ws/install/share/nav_msgs/msg/OccupancyGrid.json
-- Installing: /workspace/jazzy_ws/install/share/nav_msgs/msg/Odometry.json
-- Installing: /workspace/jazzy_ws/install/share/nav_msgs/msg/Path.json
-- Installing: /workspace/jazzy_ws/install/share/nav_msgs/srv/GetMap.json
-- Installing: /workspace/jazzy_ws/install/share/nav_msgs/srv/GetPlan.json
-- Installing: /workspace/jazzy_ws/install/share/nav_msgs/srv/LoadMap.json
-- Installing: /workspace/jazzy_ws/install/share/nav_msgs/srv/SetMap.json
-- Installing: /workspace/jazzy_ws/install/include/nav_msgs/nav_msgs
-- Installing: /workspace/jazzy_ws/install/include/nav_msgs/nav_msgs/msg
-- Installing: /workspace/jazzy_ws/install/include/nav_msgs/nav_msgs/msg/detail
-- Installing: /workspace/jazzy_ws/install/include/nav_msgs/nav_msgs/msg/detail/path__type_support.h
-- Installing: /workspace/jazzy_ws/install/include/nav_msgs/nav_msgs/msg/detail/goals__type_support.h
-- Installing: /workspace/jazzy_ws/install/include/nav_msgs/nav_msgs/msg/detail/occupancy_grid__type_support.c
-- Installing: /workspace/jazzy_ws/install/include/nav_msgs/nav_msgs/msg/detail/grid_cells__type_support.c
-- Installing: /workspace/jazzy_ws/install/include/nav_msgs/nav_msgs/msg/detail/odometry__type_support.c
-- Installing: /workspace/jazzy_ws/install/include/nav_msgs/nav_msgs/msg/detail/occupancy_grid__type_support.h
-- Installing: /workspace/jazzy_ws/install/include/nav_msgs/nav_msgs/msg/detail/map_meta_data__type_support.c
-- Installing: /workspace/jazzy_ws/install/include/nav_msgs/nav_msgs/msg/detail/goals__functions.c
-- Installing: /workspace/jazzy_ws/install/include/nav_msgs/nav_msgs/msg/detail/grid_cells__struct.h
-- Installing: /workspace/jazzy_ws/install/include/nav_msgs/nav_msgs/msg/detail/map_meta_data__functions.h
-- Installing: /workspace/jazzy_ws/install/include/nav_msgs/nav_msgs/msg/detail/odometry__functions.c
-- Installing: /workspace/jazzy_ws/install/include/nav_msgs/nav_msgs/msg/detail/path__struct.h
-- Installing: /workspace/jazzy_ws/install/include/nav_msgs/nav_msgs/msg/detail/odometry__struct.h
-- Installing: /workspace/jazzy_ws/install/include/nav_msgs/nav_msgs/msg/detail/grid_cells__functions.c
-- Installing: /workspace/jazzy_ws/install/include/nav_msgs/nav_msgs/msg/detail/occupancy_grid__functions.c
-- Installing: /workspace/jazzy_ws/install/include/nav_msgs/nav_msgs/msg/detail/goals__struct.h
-- Installing: /workspace/jazzy_ws/install/include/nav_msgs/nav_msgs/msg/detail/odometry__type_support.h
-- Installing: /workspace/jazzy_ws/install/include/nav_msgs/nav_msgs/msg/detail/goals__description.c
-- Installing: /workspace/jazzy_ws/install/include/nav_msgs/nav_msgs/msg/detail/map_meta_data__description.c
-- Installing: /workspace/jazzy_ws/install/include/nav_msgs/nav_msgs/msg/detail/goals__functions.h
-- Installing: /workspace/jazzy_ws/install/include/nav_msgs/nav_msgs/msg/detail/occupancy_grid__functions.h
-- Installing: /workspace/jazzy_ws/install/include/nav_msgs/nav_msgs/msg/detail/occupancy_grid__description.c
-- Installing: /workspace/jazzy_ws/install/include/nav_msgs/nav_msgs/msg/detail/grid_cells__functions.h
-- Installing: /workspace/jazzy_ws/install/include/nav_msgs/nav_msgs/msg/detail/grid_cells__type_support.h
-- Installing: /workspace/jazzy_ws/install/include/nav_msgs/nav_msgs/msg/detail/odometry__functions.h
-- Installing: /workspace/jazzy_ws/install/include/nav_msgs/nav_msgs/msg/detail/path__description.c
-- Installing: /workspace/jazzy_ws/install/include/nav_msgs/nav_msgs/msg/detail/path__functions.c
-- Installing: /workspace/jazzy_ws/install/include/nav_msgs/nav_msgs/msg/detail/path__type_support.c
-- Installing: /workspace/jazzy_ws/install/include/nav_msgs/nav_msgs/msg/detail/grid_cells__description.c
-- Installing: /workspace/jazzy_ws/install/include/nav_msgs/nav_msgs/msg/detail/map_meta_data__struct.h
-- Installing: /workspace/jazzy_ws/install/include/nav_msgs/nav_msgs/msg/detail/odometry__description.c
-- Installing: /workspace/jazzy_ws/install/include/nav_msgs/nav_msgs/msg/detail/map_meta_data__functions.c
-- Installing: /workspace/jazzy_ws/install/include/nav_msgs/nav_msgs/msg/detail/occupancy_grid__struct.h
-- Installing: /workspace/jazzy_ws/install/include/nav_msgs/nav_msgs/msg/detail/goals__type_support.c
-- Installing: /workspace/jazzy_ws/install/include/nav_msgs/nav_msgs/msg/detail/map_meta_data__type_support.h
-- Installing: /workspace/jazzy_ws/install/include/nav_msgs/nav_msgs/msg/detail/path__functions.h
-- Installing: /workspace/jazzy_ws/install/include/nav_msgs/nav_msgs/msg/map_meta_data.h
-- Installing: /workspace/jazzy_ws/install/include/nav_msgs/nav_msgs/msg/grid_cells.h
-- Installing: /workspace/jazzy_ws/install/include/nav_msgs/nav_msgs/msg/occupancy_grid.h
-- Installing: /workspace/jazzy_ws/install/include/nav_msgs/nav_msgs/msg/odometry.h
-- Installing: /workspace/jazzy_ws/install/include/nav_msgs/nav_msgs/msg/path.h
-- Installing: /workspace/jazzy_ws/install/include/nav_msgs/nav_msgs/msg/goals.h
-- Installing: /workspace/jazzy_ws/install/include/nav_msgs/nav_msgs/msg/rosidl_generator_c__visibility_control.h
-- Installing: /workspace/jazzy_ws/install/include/nav_msgs/nav_msgs/srv
-- Installing: /workspace/jazzy_ws/install/include/nav_msgs/nav_msgs/srv/detail
-- Installing: /workspace/jazzy_ws/install/include/nav_msgs/nav_msgs/srv/detail/get_plan__functions.c
-- Installing: /workspace/jazzy_ws/install/include/nav_msgs/nav_msgs/srv/detail/get_map__description.c
-- Installing: /workspace/jazzy_ws/install/include/nav_msgs/nav_msgs/srv/detail/set_map__description.c
-- Installing: /workspace/jazzy_ws/install/include/nav_msgs/nav_msgs/srv/detail/get_plan__type_support.c
-- Installing: /workspace/jazzy_ws/install/include/nav_msgs/nav_msgs/srv/detail/get_map__struct.h
-- Installing: /workspace/jazzy_ws/install/include/nav_msgs/nav_msgs/srv/detail/load_map__type_support.c
-- Installing: /workspace/jazzy_ws/install/include/nav_msgs/nav_msgs/srv/detail/load_map__struct.h
-- Installing: /workspace/jazzy_ws/install/include/nav_msgs/nav_msgs/srv/detail/set_map__functions.c
-- Installing: /workspace/jazzy_ws/install/include/nav_msgs/nav_msgs/srv/detail/get_plan__description.c
-- Installing: /workspace/jazzy_ws/install/include/nav_msgs/nav_msgs/srv/detail/get_map__type_support.c
-- Installing: /workspace/jazzy_ws/install/include/nav_msgs/nav_msgs/srv/detail/load_map__functions.h
-- Installing: /workspace/jazzy_ws/install/include/nav_msgs/nav_msgs/srv/detail/load_map__type_support.h
-- Installing: /workspace/jazzy_ws/install/include/nav_msgs/nav_msgs/srv/detail/set_map__struct.h
-- Installing: /workspace/jazzy_ws/install/include/nav_msgs/nav_msgs/srv/detail/get_plan__type_support.h
-- Installing: /workspace/jazzy_ws/install/include/nav_msgs/nav_msgs/srv/detail/get_map__type_support.h
-- Installing: /workspace/jazzy_ws/install/include/nav_msgs/nav_msgs/srv/detail/set_map__type_support.h
-- Installing: /workspace/jazzy_ws/install/include/nav_msgs/nav_msgs/srv/detail/get_plan__functions.h
-- Installing: /workspace/jazzy_ws/install/include/nav_msgs/nav_msgs/srv/detail/get_map__functions.c
-- Installing: /workspace/jazzy_ws/install/include/nav_msgs/nav_msgs/srv/detail/set_map__type_support.c
-- Installing: /workspace/jazzy_ws/install/include/nav_msgs/nav_msgs/srv/detail/get_plan__struct.h
-- Installing: /workspace/jazzy_ws/install/include/nav_msgs/nav_msgs/srv/detail/load_map__description.c
-- Installing: /workspace/jazzy_ws/install/include/nav_msgs/nav_msgs/srv/detail/get_map__functions.h
-- Installing: /workspace/jazzy_ws/install/include/nav_msgs/nav_msgs/srv/detail/set_map__functions.h
-- Installing: /workspace/jazzy_ws/install/include/nav_msgs/nav_msgs/srv/detail/load_map__functions.c
-- Installing: /workspace/jazzy_ws/install/include/nav_msgs/nav_msgs/srv/set_map.h
-- Installing: /workspace/jazzy_ws/install/include/nav_msgs/nav_msgs/srv/load_map.h
-- Installing: /workspace/jazzy_ws/install/include/nav_msgs/nav_msgs/srv/get_map.h
-- Installing: /workspace/jazzy_ws/install/include/nav_msgs/nav_msgs/srv/get_plan.h
-- Installing: /workspace/jazzy_ws/install/share/nav_msgs/environment/library_path.sh
-- Installing: /workspace/jazzy_ws/install/share/nav_msgs/environment/library_path.dsv
-- Installing: /workspace/jazzy_ws/install/lib/libnav_msgs__rosidl_generator_c.so
-- Set non-toolchain portion of runtime path of "/workspace/jazzy_ws/install/lib/libnav_msgs__rosidl_generator_c.so" to ""
-- Up-to-date: /workspace/jazzy_ws/install/include/nav_msgs/nav_msgs
-- Up-to-date: /workspace/jazzy_ws/install/include/nav_msgs/nav_msgs/msg
-- Up-to-date: /workspace/jazzy_ws/install/include/nav_msgs/nav_msgs/msg/detail
-- Installing: /workspace/jazzy_ws/install/include/nav_msgs/nav_msgs/msg/detail/path__rosidl_typesupport_fastrtps_c.h
-- Installing: /workspace/jazzy_ws/install/include/nav_msgs/nav_msgs/msg/detail/occupancy_grid__rosidl_typesupport_fastrtps_c.h
-- Installing: /workspace/jazzy_ws/install/include/nav_msgs/nav_msgs/msg/detail/grid_cells__rosidl_typesupport_fastrtps_c.h
-- Installing: /workspace/jazzy_ws/install/include/nav_msgs/nav_msgs/msg/detail/odometry__rosidl_typesupport_fastrtps_c.h
-- Installing: /workspace/jazzy_ws/install/include/nav_msgs/nav_msgs/msg/detail/map_meta_data__rosidl_typesupport_fastrtps_c.h
-- Installing: /workspace/jazzy_ws/install/include/nav_msgs/nav_msgs/msg/detail/goals__rosidl_typesupport_fastrtps_c.h
-- Installing: /workspace/jazzy_ws/install/include/nav_msgs/nav_msgs/msg/rosidl_typesupport_fastrtps_c__visibility_control.h
-- Up-to-date: /workspace/jazzy_ws/install/include/nav_msgs/nav_msgs/srv
-- Up-to-date: /workspace/jazzy_ws/install/include/nav_msgs/nav_msgs/srv/detail
-- Installing: /workspace/jazzy_ws/install/include/nav_msgs/nav_msgs/srv/detail/set_map__rosidl_typesupport_fastrtps_c.h
-- Installing: /workspace/jazzy_ws/install/include/nav_msgs/nav_msgs/srv/detail/get_plan__rosidl_typesupport_fastrtps_c.h
-- Installing: /workspace/jazzy_ws/install/include/nav_msgs/nav_msgs/srv/detail/get_map__rosidl_typesupport_fastrtps_c.h
-- Installing: /workspace/jazzy_ws/install/include/nav_msgs/nav_msgs/srv/detail/load_map__rosidl_typesupport_fastrtps_c.h
-- Installing: /workspace/jazzy_ws/install/lib/libnav_msgs__rosidl_typesupport_fastrtps_c.so
-- Set non-toolchain portion of runtime path of "/workspace/jazzy_ws/install/lib/libnav_msgs__rosidl_typesupport_fastrtps_c.so" to ""
-- Up-to-date: /workspace/jazzy_ws/install/include/nav_msgs/nav_msgs
-- Up-to-date: /workspace/jazzy_ws/install/include/nav_msgs/nav_msgs/msg
-- Up-to-date: /workspace/jazzy_ws/install/include/nav_msgs/nav_msgs/msg/detail
-- Installing: /workspace/jazzy_ws/install/include/nav_msgs/nav_msgs/msg/detail/goals__type_support.hpp
-- Installing: /workspace/jazzy_ws/install/include/nav_msgs/nav_msgs/msg/detail/odometry__type_support.hpp
-- Installing: /workspace/jazzy_ws/install/include/nav_msgs/nav_msgs/msg/detail/grid_cells__type_support.hpp
-- Installing: /workspace/jazzy_ws/install/include/nav_msgs/nav_msgs/msg/detail/occupancy_grid__traits.hpp
-- Installing: /workspace/jazzy_ws/install/include/nav_msgs/nav_msgs/msg/detail/path__struct.hpp
-- Installing: /workspace/jazzy_ws/install/include/nav_msgs/nav_msgs/msg/detail/path__type_support.hpp
-- Installing: /workspace/jazzy_ws/install/include/nav_msgs/nav_msgs/msg/detail/map_meta_data__builder.hpp
-- Installing: /workspace/jazzy_ws/install/include/nav_msgs/nav_msgs/msg/detail/map_meta_data__type_support.hpp
-- Installing: /workspace/jazzy_ws/install/include/nav_msgs/nav_msgs/msg/detail/goals__struct.hpp
-- Installing: /workspace/jazzy_ws/install/include/nav_msgs/nav_msgs/msg/detail/occupancy_grid__type_support.hpp
-- Installing: /workspace/jazzy_ws/install/include/nav_msgs/nav_msgs/msg/detail/grid_cells__struct.hpp
-- Installing: /workspace/jazzy_ws/install/include/nav_msgs/nav_msgs/msg/detail/occupancy_grid__struct.hpp
-- Installing: /workspace/jazzy_ws/install/include/nav_msgs/nav_msgs/msg/detail/path__builder.hpp
-- Installing: /workspace/jazzy_ws/install/include/nav_msgs/nav_msgs/msg/detail/map_meta_data__traits.hpp
-- Installing: /workspace/jazzy_ws/install/include/nav_msgs/nav_msgs/msg/detail/grid_cells__builder.hpp
-- Installing: /workspace/jazzy_ws/install/include/nav_msgs/nav_msgs/msg/detail/path__traits.hpp
-- Installing: /workspace/jazzy_ws/install/include/nav_msgs/nav_msgs/msg/detail/odometry__traits.hpp
-- Installing: /workspace/jazzy_ws/install/include/nav_msgs/nav_msgs/msg/detail/odometry__struct.hpp
-- Installing: /workspace/jazzy_ws/install/include/nav_msgs/nav_msgs/msg/detail/goals__builder.hpp
-- Installing: /workspace/jazzy_ws/install/include/nav_msgs/nav_msgs/msg/detail/odometry__builder.hpp
-- Installing: /workspace/jazzy_ws/install/include/nav_msgs/nav_msgs/msg/detail/goals__traits.hpp
-- Installing: /workspace/jazzy_ws/install/include/nav_msgs/nav_msgs/msg/detail/occupancy_grid__builder.hpp
-- Installing: /workspace/jazzy_ws/install/include/nav_msgs/nav_msgs/msg/detail/map_meta_data__struct.hpp
-- Installing: /workspace/jazzy_ws/install/include/nav_msgs/nav_msgs/msg/detail/grid_cells__traits.hpp
-- Installing: /workspace/jazzy_ws/install/include/nav_msgs/nav_msgs/msg/rosidl_generator_cpp__visibility_control.hpp
-- Installing: /workspace/jazzy_ws/install/include/nav_msgs/nav_msgs/msg/goals.hpp
-- Installing: /workspace/jazzy_ws/install/include/nav_msgs/nav_msgs/msg/odometry.hpp
-- Installing: /workspace/jazzy_ws/install/include/nav_msgs/nav_msgs/msg/path.hpp
-- Installing: /workspace/jazzy_ws/install/include/nav_msgs/nav_msgs/msg/occupancy_grid.hpp
-- Installing: /workspace/jazzy_ws/install/include/nav_msgs/nav_msgs/msg/grid_cells.hpp
-- Installing: /workspace/jazzy_ws/install/include/nav_msgs/nav_msgs/msg/map_meta_data.hpp
-- Up-to-date: /workspace/jazzy_ws/install/include/nav_msgs/nav_msgs/srv
-- Up-to-date: /workspace/jazzy_ws/install/include/nav_msgs/nav_msgs/srv/detail
-- Installing: /workspace/jazzy_ws/install/include/nav_msgs/nav_msgs/srv/detail/load_map__type_support.hpp
-- Installing: /workspace/jazzy_ws/install/include/nav_msgs/nav_msgs/srv/detail/set_map__type_support.hpp
-- Installing: /workspace/jazzy_ws/install/include/nav_msgs/nav_msgs/srv/detail/get_map__traits.hpp
-- Installing: /workspace/jazzy_ws/install/include/nav_msgs/nav_msgs/srv/detail/get_plan__traits.hpp
-- Installing: /workspace/jazzy_ws/install/include/nav_msgs/nav_msgs/srv/detail/get_plan__struct.hpp
-- Installing: /workspace/jazzy_ws/install/include/nav_msgs/nav_msgs/srv/detail/get_map__struct.hpp
-- Installing: /workspace/jazzy_ws/install/include/nav_msgs/nav_msgs/srv/detail/get_map__type_support.hpp
-- Installing: /workspace/jazzy_ws/install/include/nav_msgs/nav_msgs/srv/detail/get_plan__builder.hpp
-- Installing: /workspace/jazzy_ws/install/include/nav_msgs/nav_msgs/srv/detail/load_map__traits.hpp
-- Installing: /workspace/jazzy_ws/install/include/nav_msgs/nav_msgs/srv/detail/load_map__struct.hpp
-- Installing: /workspace/jazzy_ws/install/include/nav_msgs/nav_msgs/srv/detail/set_map__traits.hpp
-- Installing: /workspace/jazzy_ws/install/include/nav_msgs/nav_msgs/srv/detail/set_map__builder.hpp
-- Installing: /workspace/jazzy_ws/install/include/nav_msgs/nav_msgs/srv/detail/get_map__builder.hpp
-- Installing: /workspace/jazzy_ws/install/include/nav_msgs/nav_msgs/srv/detail/get_plan__type_support.hpp
-- Installing: /workspace/jazzy_ws/install/include/nav_msgs/nav_msgs/srv/detail/set_map__struct.hpp
-- Installing: /workspace/jazzy_ws/install/include/nav_msgs/nav_msgs/srv/detail/load_map__builder.hpp
-- Installing: /workspace/jazzy_ws/install/include/nav_msgs/nav_msgs/srv/load_map.hpp
-- Installing: /workspace/jazzy_ws/install/include/nav_msgs/nav_msgs/srv/get_plan.hpp
-- Installing: /workspace/jazzy_ws/install/include/nav_msgs/nav_msgs/srv/set_map.hpp
-- Installing: /workspace/jazzy_ws/install/include/nav_msgs/nav_msgs/srv/get_map.hpp
-- Up-to-date: /workspace/jazzy_ws/install/include/nav_msgs/nav_msgs
-- Up-to-date: /workspace/jazzy_ws/install/include/nav_msgs/nav_msgs/msg
-- Up-to-date: /workspace/jazzy_ws/install/include/nav_msgs/nav_msgs/msg/detail
-- Installing: /workspace/jazzy_ws/install/include/nav_msgs/nav_msgs/msg/detail/grid_cells__rosidl_typesupport_fastrtps_cpp.hpp
-- Installing: /workspace/jazzy_ws/install/include/nav_msgs/nav_msgs/msg/detail/goals__rosidl_typesupport_fastrtps_cpp.hpp
-- Installing: /workspace/jazzy_ws/install/include/nav_msgs/nav_msgs/msg/detail/dds_fastrtps
-- Installing: /workspace/jazzy_ws/install/include/nav_msgs/nav_msgs/msg/detail/odometry__rosidl_typesupport_fastrtps_cpp.hpp
-- Installing: /workspace/jazzy_ws/install/include/nav_msgs/nav_msgs/msg/detail/occupancy_grid__rosidl_typesupport_fastrtps_cpp.hpp
-- Installing: /workspace/jazzy_ws/install/include/nav_msgs/nav_msgs/msg/detail/path__rosidl_typesupport_fastrtps_cpp.hpp
-- Installing: /workspace/jazzy_ws/install/include/nav_msgs/nav_msgs/msg/detail/map_meta_data__rosidl_typesupport_fastrtps_cpp.hpp
-- Installing: /workspace/jazzy_ws/install/include/nav_msgs/nav_msgs/msg/rosidl_typesupport_fastrtps_cpp__visibility_control.h
-- Up-to-date: /workspace/jazzy_ws/install/include/nav_msgs/nav_msgs/srv
-- Up-to-date: /workspace/jazzy_ws/install/include/nav_msgs/nav_msgs/srv/detail
-- Installing: /workspace/jazzy_ws/install/include/nav_msgs/nav_msgs/srv/detail/load_map__rosidl_typesupport_fastrtps_cpp.hpp
-- Installing: /workspace/jazzy_ws/install/include/nav_msgs/nav_msgs/srv/detail/get_plan__rosidl_typesupport_fastrtps_cpp.hpp
-- Installing: /workspace/jazzy_ws/install/include/nav_msgs/nav_msgs/srv/detail/dds_fastrtps
-- Installing: /workspace/jazzy_ws/install/include/nav_msgs/nav_msgs/srv/detail/set_map__rosidl_typesupport_fastrtps_cpp.hpp
-- Installing: /workspace/jazzy_ws/install/include/nav_msgs/nav_msgs/srv/detail/get_map__rosidl_typesupport_fastrtps_cpp.hpp
-- Installing: /workspace/jazzy_ws/install/lib/libnav_msgs__rosidl_typesupport_fastrtps_cpp.so
-- Set non-toolchain portion of runtime path of "/workspace/jazzy_ws/install/lib/libnav_msgs__rosidl_typesupport_fastrtps_cpp.so" to ""
-- Up-to-date: /workspace/jazzy_ws/install/include/nav_msgs/nav_msgs
-- Up-to-date: /workspace/jazzy_ws/install/include/nav_msgs/nav_msgs/msg
-- Up-to-date: /workspace/jazzy_ws/install/include/nav_msgs/nav_msgs/msg/detail
-- Installing: /workspace/jazzy_ws/install/include/nav_msgs/nav_msgs/msg/detail/occupancy_grid__type_support.c
-- Installing: /workspace/jazzy_ws/install/include/nav_msgs/nav_msgs/msg/detail/grid_cells__type_support.c
-- Installing: /workspace/jazzy_ws/install/include/nav_msgs/nav_msgs/msg/detail/odometry__type_support.c
-- Installing: /workspace/jazzy_ws/install/include/nav_msgs/nav_msgs/msg/detail/map_meta_data__type_support.c
-- Installing: /workspace/jazzy_ws/install/include/nav_msgs/nav_msgs/msg/detail/occupancy_grid__rosidl_typesupport_introspection_c.h
-- Installing: /workspace/jazzy_ws/install/include/nav_msgs/nav_msgs/msg/detail/map_meta_data__rosidl_typesupport_introspection_c.h
-- Installing: /workspace/jazzy_ws/install/include/nav_msgs/nav_msgs/msg/detail/goals__rosidl_typesupport_introspection_c.h
-- Installing: /workspace/jazzy_ws/install/include/nav_msgs/nav_msgs/msg/detail/grid_cells__rosidl_typesupport_introspection_c.h
-- Installing: /workspace/jazzy_ws/install/include/nav_msgs/nav_msgs/msg/detail/path__rosidl_typesupport_introspection_c.h
-- Installing: /workspace/jazzy_ws/install/include/nav_msgs/nav_msgs/msg/detail/odometry__rosidl_typesupport_introspection_c.h
-- Installing: /workspace/jazzy_ws/install/include/nav_msgs/nav_msgs/msg/detail/path__type_support.c
-- Installing: /workspace/jazzy_ws/install/include/nav_msgs/nav_msgs/msg/detail/goals__type_support.c
-- Installing: /workspace/jazzy_ws/install/include/nav_msgs/nav_msgs/msg/rosidl_typesupport_introspection_c__visibility_control.h
-- Up-to-date: /workspace/jazzy_ws/install/include/nav_msgs/nav_msgs/srv
-- Up-to-date: /workspace/jazzy_ws/install/include/nav_msgs/nav_msgs/srv/detail
-- Installing: /workspace/jazzy_ws/install/include/nav_msgs/nav_msgs/srv/detail/get_plan__type_support.c
-- Installing: /workspace/jazzy_ws/install/include/nav_msgs/nav_msgs/srv/detail/set_map__rosidl_typesupport_introspection_c.h
-- Installing: /workspace/jazzy_ws/install/include/nav_msgs/nav_msgs/srv/detail/load_map__type_support.c
-- Installing: /workspace/jazzy_ws/install/include/nav_msgs/nav_msgs/srv/detail/get_map__type_support.c
-- Installing: /workspace/jazzy_ws/install/include/nav_msgs/nav_msgs/srv/detail/load_map__rosidl_typesupport_introspection_c.h
-- Installing: /workspace/jazzy_ws/install/include/nav_msgs/nav_msgs/srv/detail/set_map__type_support.c
-- Installing: /workspace/jazzy_ws/install/include/nav_msgs/nav_msgs/srv/detail/get_plan__rosidl_typesupport_introspection_c.h
-- Installing: /workspace/jazzy_ws/install/include/nav_msgs/nav_msgs/srv/detail/get_map__rosidl_typesupport_introspection_c.h
-- Installing: /workspace/jazzy_ws/install/lib/libnav_msgs__rosidl_typesupport_introspection_c.so
-- Set non-toolchain portion of runtime path of "/workspace/jazzy_ws/install/lib/libnav_msgs__rosidl_typesupport_introspection_c.so" to ""
-- Installing: /workspace/jazzy_ws/install/lib/libnav_msgs__rosidl_typesupport_c.so
-- Set non-toolchain portion of runtime path of "/workspace/jazzy_ws/install/lib/libnav_msgs__rosidl_typesupport_c.so" to ""
-- Up-to-date: /workspace/jazzy_ws/install/include/nav_msgs/nav_msgs
-- Up-to-date: /workspace/jazzy_ws/install/include/nav_msgs/nav_msgs/msg
-- Up-to-date: /workspace/jazzy_ws/install/include/nav_msgs/nav_msgs/msg/detail
-- Installing: /workspace/jazzy_ws/install/include/nav_msgs/nav_msgs/msg/detail/grid_cells__rosidl_typesupport_introspection_cpp.hpp
-- Installing: /workspace/jazzy_ws/install/include/nav_msgs/nav_msgs/msg/detail/odometry__rosidl_typesupport_introspection_cpp.hpp
-- Installing: /workspace/jazzy_ws/install/include/nav_msgs/nav_msgs/msg/detail/occupancy_grid__rosidl_typesupport_introspection_cpp.hpp
-- Installing: /workspace/jazzy_ws/install/include/nav_msgs/nav_msgs/msg/detail/path__rosidl_typesupport_introspection_cpp.hpp
-- Installing: /workspace/jazzy_ws/install/include/nav_msgs/nav_msgs/msg/detail/goals__type_support.cpp
-- Installing: /workspace/jazzy_ws/install/include/nav_msgs/nav_msgs/msg/detail/path__type_support.cpp
-- Installing: /workspace/jazzy_ws/install/include/nav_msgs/nav_msgs/msg/detail/goals__rosidl_typesupport_introspection_cpp.hpp
-- Installing: /workspace/jazzy_ws/install/include/nav_msgs/nav_msgs/msg/detail/grid_cells__type_support.cpp
-- Installing: /workspace/jazzy_ws/install/include/nav_msgs/nav_msgs/msg/detail/odometry__type_support.cpp
-- Installing: /workspace/jazzy_ws/install/include/nav_msgs/nav_msgs/msg/detail/occupancy_grid__type_support.cpp
-- Installing: /workspace/jazzy_ws/install/include/nav_msgs/nav_msgs/msg/detail/map_meta_data__type_support.cpp
-- Installing: /workspace/jazzy_ws/install/include/nav_msgs/nav_msgs/msg/detail/map_meta_data__rosidl_typesupport_introspection_cpp.hpp
-- Up-to-date: /workspace/jazzy_ws/install/include/nav_msgs/nav_msgs/srv
-- Up-to-date: /workspace/jazzy_ws/install/include/nav_msgs/nav_msgs/srv/detail
-- Installing: /workspace/jazzy_ws/install/include/nav_msgs/nav_msgs/srv/detail/load_map__rosidl_typesupport_introspection_cpp.hpp
-- Installing: /workspace/jazzy_ws/install/include/nav_msgs/nav_msgs/srv/detail/get_plan__rosidl_typesupport_introspection_cpp.hpp
-- Installing: /workspace/jazzy_ws/install/include/nav_msgs/nav_msgs/srv/detail/load_map__type_support.cpp
-- Installing: /workspace/jazzy_ws/install/include/nav_msgs/nav_msgs/srv/detail/set_map__rosidl_typesupport_introspection_cpp.hpp
-- Installing: /workspace/jazzy_ws/install/include/nav_msgs/nav_msgs/srv/detail/get_map__type_support.cpp
-- Installing: /workspace/jazzy_ws/install/include/nav_msgs/nav_msgs/srv/detail/set_map__type_support.cpp
-- Installing: /workspace/jazzy_ws/install/include/nav_msgs/nav_msgs/srv/detail/get_map__rosidl_typesupport_introspection_cpp.hpp
-- Installing: /workspace/jazzy_ws/install/include/nav_msgs/nav_msgs/srv/detail/get_plan__type_support.cpp
-- Installing: /workspace/jazzy_ws/install/lib/libnav_msgs__rosidl_typesupport_introspection_cpp.so
-- Set non-toolchain portion of runtime path of "/workspace/jazzy_ws/install/lib/libnav_msgs__rosidl_typesupport_introspection_cpp.so" to ""
-- Installing: /workspace/jazzy_ws/install/lib/libnav_msgs__rosidl_typesupport_cpp.so
-- Set non-toolchain portion of runtime path of "/workspace/jazzy_ws/install/lib/libnav_msgs__rosidl_typesupport_cpp.so" to ""
-- Installing: /workspace/jazzy_ws/install/share/nav_msgs/environment/pythonpath.sh
-- Installing: /workspace/jazzy_ws/install/share/nav_msgs/environment/pythonpath.dsv
-- Installing: /workspace/jazzy_ws/install/lib/python3.12/site-packages/nav_msgs-5.3.6-py3.12.egg-info
-- Installing: /workspace/jazzy_ws/install/lib/python3.12/site-packages/nav_msgs-5.3.6-py3.12.egg-info/PKG-INFO
-- Installing: /workspace/jazzy_ws/install/lib/python3.12/site-packages/nav_msgs-5.3.6-py3.12.egg-info/SOURCES.txt
-- Installing: /workspace/jazzy_ws/install/lib/python3.12/site-packages/nav_msgs-5.3.6-py3.12.egg-info/top_level.txt
-- Installing: /workspace/jazzy_ws/install/lib/python3.12/site-packages/nav_msgs-5.3.6-py3.12.egg-info/dependency_links.txt
-- Installing: /workspace/jazzy_ws/install/lib/python3.12/site-packages/nav_msgs
-- Installing: /workspace/jazzy_ws/install/lib/python3.12/site-packages/nav_msgs/nav_msgs_s__rosidl_typesupport_introspection_c.so
-- Installing: /workspace/jazzy_ws/install/lib/python3.12/site-packages/nav_msgs/msg
-- Installing: /workspace/jazzy_ws/install/lib/python3.12/site-packages/nav_msgs/msg/_grid_cells_s.c
-- Installing: /workspace/jazzy_ws/install/lib/python3.12/site-packages/nav_msgs/msg/_path.py
-- Installing: /workspace/jazzy_ws/install/lib/python3.12/site-packages/nav_msgs/msg/_odometry.py
-- Installing: /workspace/jazzy_ws/install/lib/python3.12/site-packages/nav_msgs/msg/_odometry_s.c
-- Installing: /workspace/jazzy_ws/install/lib/python3.12/site-packages/nav_msgs/msg/_map_meta_data_s.c
-- Installing: /workspace/jazzy_ws/install/lib/python3.12/site-packages/nav_msgs/msg/_grid_cells.py
-- Installing: /workspace/jazzy_ws/install/lib/python3.12/site-packages/nav_msgs/msg/__init__.py
-- Installing: /workspace/jazzy_ws/install/lib/python3.12/site-packages/nav_msgs/msg/_occupancy_grid.py
-- Installing: /workspace/jazzy_ws/install/lib/python3.12/site-packages/nav_msgs/msg/_goals_s.c
-- Installing: /workspace/jazzy_ws/install/lib/python3.12/site-packages/nav_msgs/msg/_goals.py
-- Installing: /workspace/jazzy_ws/install/lib/python3.12/site-packages/nav_msgs/msg/_path_s.c
-- Installing: /workspace/jazzy_ws/install/lib/python3.12/site-packages/nav_msgs/msg/_map_meta_data.py
-- Installing: /workspace/jazzy_ws/install/lib/python3.12/site-packages/nav_msgs/msg/_occupancy_grid_s.c
-- Installing: /workspace/jazzy_ws/install/lib/python3.12/site-packages/nav_msgs/__init__.py
-- Installing: /workspace/jazzy_ws/install/lib/python3.12/site-packages/nav_msgs/_nav_msgs_s.ep.rosidl_typesupport_introspection_c.c
-- Installing: /workspace/jazzy_ws/install/lib/python3.12/site-packages/nav_msgs/srv
-- Installing: /workspace/jazzy_ws/install/lib/python3.12/site-packages/nav_msgs/srv/_load_map_s.c
-- Installing: /workspace/jazzy_ws/install/lib/python3.12/site-packages/nav_msgs/srv/_get_map.py
-- Installing: /workspace/jazzy_ws/install/lib/python3.12/site-packages/nav_msgs/srv/_get_map_s.c
-- Installing: /workspace/jazzy_ws/install/lib/python3.12/site-packages/nav_msgs/srv/__init__.py
-- Installing: /workspace/jazzy_ws/install/lib/python3.12/site-packages/nav_msgs/srv/_set_map_s.c
-- Installing: /workspace/jazzy_ws/install/lib/python3.12/site-packages/nav_msgs/srv/_set_map.py
-- Installing: /workspace/jazzy_ws/install/lib/python3.12/site-packages/nav_msgs/srv/_get_plan.py
-- Installing: /workspace/jazzy_ws/install/lib/python3.12/site-packages/nav_msgs/srv/_load_map.py
-- Installing: /workspace/jazzy_ws/install/lib/python3.12/site-packages/nav_msgs/srv/_get_plan_s.c
-- Installing: /workspace/jazzy_ws/install/lib/python3.12/site-packages/nav_msgs/nav_msgs_s__rosidl_typesupport_c.so
-- Installing: /workspace/jazzy_ws/install/lib/python3.12/site-packages/nav_msgs/_nav_msgs_s.ep.rosidl_typesupport_fastrtps_c.c
-- Installing: /workspace/jazzy_ws/install/lib/python3.12/site-packages/nav_msgs/nav_msgs_s__rosidl_typesupport_fastrtps_c.so
-- Installing: /workspace/jazzy_ws/install/lib/python3.12/site-packages/nav_msgs/_nav_msgs_s.ep.rosidl_typesupport_c.c
Listing '/workspace/jazzy_ws/install/lib/python3.12/site-packages/nav_msgs'...
Compiling '/workspace/jazzy_ws/install/lib/python3.12/site-packages/nav_msgs/__init__.py'...
Listing '/workspace/jazzy_ws/install/lib/python3.12/site-packages/nav_msgs/msg'...
Compiling '/workspace/jazzy_ws/install/lib/python3.12/site-packages/nav_msgs/msg/__init__.py'...
Compiling '/workspace/jazzy_ws/install/lib/python3.12/site-packages/nav_msgs/msg/_goals.py'...
Compiling '/workspace/jazzy_ws/install/lib/python3.12/site-packages/nav_msgs/msg/_grid_cells.py'...
Compiling '/workspace/jazzy_ws/install/lib/python3.12/site-packages/nav_msgs/msg/_map_meta_data.py'...
Compiling '/workspace/jazzy_ws/install/lib/python3.12/site-packages/nav_msgs/msg/_occupancy_grid.py'...
Compiling '/workspace/jazzy_ws/install/lib/python3.12/site-packages/nav_msgs/msg/_odometry.py'...
Compiling '/workspace/jazzy_ws/install/lib/python3.12/site-packages/nav_msgs/msg/_path.py'...
Listing '/workspace/jazzy_ws/install/lib/python3.12/site-packages/nav_msgs/srv'...
Compiling '/workspace/jazzy_ws/install/lib/python3.12/site-packages/nav_msgs/srv/__init__.py'...
Compiling '/workspace/jazzy_ws/install/lib/python3.12/site-packages/nav_msgs/srv/_get_map.py'...
Compiling '/workspace/jazzy_ws/install/lib/python3.12/site-packages/nav_msgs/srv/_get_plan.py'...
Compiling '/workspace/jazzy_ws/install/lib/python3.12/site-packages/nav_msgs/srv/_load_map.py'...
Compiling '/workspace/jazzy_ws/install/lib/python3.12/site-packages/nav_msgs/srv/_set_map.py'...
-- Installing: /workspace/jazzy_ws/install/lib/python3.12/site-packages/nav_msgs/nav_msgs_s__rosidl_typesupport_fastrtps_c.so
-- Set non-toolchain portion of runtime path of "/workspace/jazzy_ws/install/lib/python3.12/site-packages/nav_msgs/nav_msgs_s__rosidl_typesupport_fastrtps_c.so" to ""
-- Installing: /workspace/jazzy_ws/install/lib/python3.12/site-packages/nav_msgs/nav_msgs_s__rosidl_typesupport_introspection_c.so
-- Set non-toolchain portion of runtime path of "/workspace/jazzy_ws/install/lib/python3.12/site-packages/nav_msgs/nav_msgs_s__rosidl_typesupport_introspection_c.so" to ""
-- Installing: /workspace/jazzy_ws/install/lib/python3.12/site-packages/nav_msgs/nav_msgs_s__rosidl_typesupport_c.so
-- Set non-toolchain portion of runtime path of "/workspace/jazzy_ws/install/lib/python3.12/site-packages/nav_msgs/nav_msgs_s__rosidl_typesupport_c.so" to ""
-- Installing: /workspace/jazzy_ws/install/lib/libnav_msgs__rosidl_generator_py.so
-- Set non-toolchain portion of runtime path of "/workspace/jazzy_ws/install/lib/libnav_msgs__rosidl_generator_py.so" to ""
-- Installing: /workspace/jazzy_ws/install/share/nav_msgs/msg/Goals.idl
-- Installing: /workspace/jazzy_ws/install/share/nav_msgs/msg/GridCells.idl
-- Installing: /workspace/jazzy_ws/install/share/nav_msgs/msg/MapMetaData.idl
-- Installing: /workspace/jazzy_ws/install/share/nav_msgs/msg/OccupancyGrid.idl
-- Installing: /workspace/jazzy_ws/install/share/nav_msgs/msg/Odometry.idl
-- Installing: /workspace/jazzy_ws/install/share/nav_msgs/msg/Path.idl
-- Installing: /workspace/jazzy_ws/install/share/nav_msgs/srv/GetMap.idl
-- Installing: /workspace/jazzy_ws/install/share/nav_msgs/srv/GetPlan.idl
-- Installing: /workspace/jazzy_ws/install/share/nav_msgs/srv/LoadMap.idl
-- Installing: /workspace/jazzy_ws/install/share/nav_msgs/srv/SetMap.idl
-- Installing: /workspace/jazzy_ws/install/share/nav_msgs/msg/Goals.msg
-- Installing: /workspace/jazzy_ws/install/share/nav_msgs/msg/GridCells.msg
-- Installing: /workspace/jazzy_ws/install/share/nav_msgs/msg/MapMetaData.msg
-- Installing: /workspace/jazzy_ws/install/share/nav_msgs/msg/OccupancyGrid.msg
-- Installing: /workspace/jazzy_ws/install/share/nav_msgs/msg/Odometry.msg
-- Installing: /workspace/jazzy_ws/install/share/nav_msgs/msg/Path.msg
-- Installing: /workspace/jazzy_ws/install/share/nav_msgs/srv/GetMap.srv
-- Installing: /workspace/jazzy_ws/install/share/nav_msgs/srv/GetPlan.srv
-- Installing: /workspace/jazzy_ws/install/share/nav_msgs/srv/LoadMap.srv
-- Installing: /workspace/jazzy_ws/install/share/nav_msgs/srv/SetMap.srv
-- Installing: /workspace/jazzy_ws/install/share/ament_index/resource_index/package_run_dependencies/nav_msgs
-- Installing: /workspace/jazzy_ws/install/share/ament_index/resource_index/parent_prefix_path/nav_msgs
-- Installing: /workspace/jazzy_ws/install/share/nav_msgs/environment/ament_prefix_path.sh
-- Installing: /workspace/jazzy_ws/install/share/nav_msgs/environment/ament_prefix_path.dsv
-- Installing: /workspace/jazzy_ws/install/share/nav_msgs/environment/path.sh
-- Installing: /workspace/jazzy_ws/install/share/nav_msgs/environment/path.dsv
-- Installing: /workspace/jazzy_ws/install/share/nav_msgs/local_setup.bash
-- Installing: /workspace/jazzy_ws/install/share/nav_msgs/local_setup.sh
-- Installing: /workspace/jazzy_ws/install/share/nav_msgs/local_setup.zsh
-- Installing: /workspace/jazzy_ws/install/share/nav_msgs/local_setup.dsv
-- Installing: /workspace/jazzy_ws/install/share/nav_msgs/package.dsv
-- Installing: /workspace/jazzy_ws/install/share/ament_index/resource_index/packages/nav_msgs
-- Installing: /workspace/jazzy_ws/install/share/nav_msgs/cmake/export_nav_msgs__rosidl_generator_cExport.cmake
-- Installing: /workspace/jazzy_ws/install/share/nav_msgs/cmake/export_nav_msgs__rosidl_generator_cExport-noconfig.cmake
-- Installing: /workspace/jazzy_ws/install/share/nav_msgs/cmake/export_nav_msgs__rosidl_typesupport_fastrtps_cExport.cmake
-- Installing: /workspace/jazzy_ws/install/share/nav_msgs/cmake/export_nav_msgs__rosidl_typesupport_fastrtps_cExport-noconfig.cmake
-- Installing: /workspace/jazzy_ws/install/share/nav_msgs/cmake/export_nav_msgs__rosidl_generator_cppExport.cmake
-- Installing: /workspace/jazzy_ws/install/share/nav_msgs/cmake/export_nav_msgs__rosidl_typesupport_fastrtps_cppExport.cmake
-- Installing: /workspace/jazzy_ws/install/share/nav_msgs/cmake/export_nav_msgs__rosidl_typesupport_fastrtps_cppExport-noconfig.cmake
-- Installing: /workspace/jazzy_ws/install/share/nav_msgs/cmake/nav_msgs__rosidl_typesupport_introspection_cExport.cmake
-- Installing: /workspace/jazzy_ws/install/share/nav_msgs/cmake/nav_msgs__rosidl_typesupport_introspection_cExport-noconfig.cmake
-- Installing: /workspace/jazzy_ws/install/share/nav_msgs/cmake/nav_msgs__rosidl_typesupport_cExport.cmake
-- Installing: /workspace/jazzy_ws/install/share/nav_msgs/cmake/nav_msgs__rosidl_typesupport_cExport-noconfig.cmake
-- Installing: /workspace/jazzy_ws/install/share/nav_msgs/cmake/nav_msgs__rosidl_typesupport_introspection_cppExport.cmake
-- Installing: /workspace/jazzy_ws/install/share/nav_msgs/cmake/nav_msgs__rosidl_typesupport_introspection_cppExport-noconfig.cmake
-- Installing: /workspace/jazzy_ws/install/share/nav_msgs/cmake/nav_msgs__rosidl_typesupport_cppExport.cmake
-- Installing: /workspace/jazzy_ws/install/share/nav_msgs/cmake/nav_msgs__rosidl_typesupport_cppExport-noconfig.cmake
-- Installing: /workspace/jazzy_ws/install/share/nav_msgs/cmake/export_nav_msgs__rosidl_generator_pyExport.cmake
-- Installing: /workspace/jazzy_ws/install/share/nav_msgs/cmake/export_nav_msgs__rosidl_generator_pyExport-noconfig.cmake
-- Installing: /workspace/jazzy_ws/install/share/nav_msgs/cmake/rosidl_cmake-extras.cmake
-- Installing: /workspace/jazzy_ws/install/share/nav_msgs/cmake/ament_cmake_export_dependencies-extras.cmake
-- Installing: /workspace/jazzy_ws/install/share/nav_msgs/cmake/ament_cmake_export_include_directories-extras.cmake
-- Installing: /workspace/jazzy_ws/install/share/nav_msgs/cmake/ament_cmake_export_libraries-extras.cmake
-- Installing: /workspace/jazzy_ws/install/share/nav_msgs/cmake/ament_cmake_export_targets-extras.cmake
-- Installing: /workspace/jazzy_ws/install/share/nav_msgs/cmake/rosidl_cmake_export_typesupport_targets-extras.cmake
-- Installing: /workspace/jazzy_ws/install/share/nav_msgs/cmake/rosidl_cmake_export_typesupport_libraries-extras.cmake
-- Installing: /workspace/jazzy_ws/install/share/nav_msgs/cmake/nav_msgsConfig.cmake
-- Installing: /workspace/jazzy_ws/install/share/nav_msgs/cmake/nav_msgsConfig-version.cmake
-- Installing: /workspace/jazzy_ws/install/share/nav_msgs/package.xml
