[0.008s] Invoking command in '/workspace/jazzy_ws/build/ament_cmake_version': AMENT_PREFIX_PATH=/workspace/jazzy_ws/install CMAKE_PREFIX_PATH=/workspace/jazzy_ws/install PATH=/workspace/jazzy_ws/install/bin:${PATH} PYTHONPATH=/workspace/jazzy_ws/install/lib/python3.12/site-packages /usr/bin/cmake /workspace/jazzy_ws/src/ament_cmake/ament_cmake_version -DCMAKE_INSTALL_PREFIX=/workspace/jazzy_ws/install
[0.017s] -- Found ament_cmake_core: 2.5.5 (/workspace/jazzy_ws/install/share/ament_cmake_core/cmake)
[0.113s] -- Found Python3: /usr/bin/python3 (found version "3.12.3") found components: Interpreter 
[0.266s] -- Configuring done (0.2s)
[0.266s] -- Generating done (0.0s)
[0.266s] -- Build files have been written to: /workspace/jazzy_ws/build/ament_cmake_version
[0.273s] Invoked command in '/workspace/jazzy_ws/build/ament_cmake_version' returned '0': AMENT_PREFIX_PATH=/workspace/jazzy_ws/install CMAKE_PREFIX_PATH=/workspace/jazzy_ws/install PATH=/workspace/jazzy_ws/install/bin:${PATH} PYTHONPATH=/workspace/jazzy_ws/install/lib/python3.12/site-packages /usr/bin/cmake /workspace/jazzy_ws/src/ament_cmake/ament_cmake_version -DCMAKE_INSTALL_PREFIX=/workspace/jazzy_ws/install
[0.273s] Invoking command in '/workspace/jazzy_ws/build/ament_cmake_version': AMENT_PREFIX_PATH=/workspace/jazzy_ws/install CMAKE_PREFIX_PATH=/workspace/jazzy_ws/install PATH=/workspace/jazzy_ws/install/bin:${PATH} PYTHONPATH=/workspace/jazzy_ws/install/lib/python3.12/site-packages /usr/bin/cmake --build /workspace/jazzy_ws/build/ament_cmake_version -- -j24 -l24
[0.394s] Invoked command in '/workspace/jazzy_ws/build/ament_cmake_version' returned '0': AMENT_PREFIX_PATH=/workspace/jazzy_ws/install CMAKE_PREFIX_PATH=/workspace/jazzy_ws/install PATH=/workspace/jazzy_ws/install/bin:${PATH} PYTHONPATH=/workspace/jazzy_ws/install/lib/python3.12/site-packages /usr/bin/cmake --build /workspace/jazzy_ws/build/ament_cmake_version -- -j24 -l24
[0.394s] Invoking command in '/workspace/jazzy_ws/build/ament_cmake_version': AMENT_PREFIX_PATH=/workspace/jazzy_ws/install CMAKE_PREFIX_PATH=/workspace/jazzy_ws/install PATH=/workspace/jazzy_ws/install/bin:${PATH} PYTHONPATH=/workspace/jazzy_ws/install/lib/python3.12/site-packages /usr/bin/cmake --install /workspace/jazzy_ws/build/ament_cmake_version
[0.405s] -- Install configuration: ""
[0.405s] -- Installing: /workspace/jazzy_ws/install/share/ament_index/resource_index/package_run_dependencies/ament_cmake_version
[0.405s] -- Installing: /workspace/jazzy_ws/install/share/ament_index/resource_index/parent_prefix_path/ament_cmake_version
[0.405s] -- Installing: /workspace/jazzy_ws/install/share/ament_cmake_version/environment/ament_prefix_path.sh
[0.405s] -- Installing: /workspace/jazzy_ws/install/share/ament_cmake_version/environment/ament_prefix_path.dsv
[0.405s] -- Installing: /workspace/jazzy_ws/install/share/ament_cmake_version/environment/path.sh
[0.405s] -- Installing: /workspace/jazzy_ws/install/share/ament_cmake_version/environment/path.dsv
[0.405s] -- Installing: /workspace/jazzy_ws/install/share/ament_cmake_version/local_setup.bash
[0.405s] -- Installing: /workspace/jazzy_ws/install/share/ament_cmake_version/local_setup.sh
[0.405s] -- Installing: /workspace/jazzy_ws/install/share/ament_cmake_version/local_setup.zsh
[0.405s] -- Installing: /workspace/jazzy_ws/install/share/ament_cmake_version/local_setup.dsv
[0.405s] -- Installing: /workspace/jazzy_ws/install/share/ament_cmake_version/package.dsv
[0.405s] -- Installing: /workspace/jazzy_ws/install/share/ament_index/resource_index/packages/ament_cmake_version
[0.405s] -- Installing: /workspace/jazzy_ws/install/share/ament_cmake_version/cmake/ament_cmake_version-extras.cmake
[0.406s] -- Installing: /workspace/jazzy_ws/install/share/ament_cmake_version/cmake/ament_cmake_versionConfig.cmake
[0.406s] -- Installing: /workspace/jazzy_ws/install/share/ament_cmake_version/cmake/ament_cmake_versionConfig-version.cmake
[0.406s] -- Installing: /workspace/jazzy_ws/install/share/ament_cmake_version/package.xml
[0.406s] -- Up-to-date: /workspace/jazzy_ws/install/share/ament_cmake_version/cmake
[0.406s] -- Installing: /workspace/jazzy_ws/install/share/ament_cmake_version/cmake/ament_export_development_version_if_higher_than_manifest.cmake
[0.457s] Invoked command in '/workspace/jazzy_ws/build/ament_cmake_version' returned '0': AMENT_PREFIX_PATH=/workspace/jazzy_ws/install CMAKE_PREFIX_PATH=/workspace/jazzy_ws/install PATH=/workspace/jazzy_ws/install/bin:${PATH} PYTHONPATH=/workspace/jazzy_ws/install/lib/python3.12/site-packages /usr/bin/cmake --install /workspace/jazzy_ws/build/ament_cmake_version
