[0.093s] Invoking command in '/workspace/jazzy_ws/build/ament_cmake_copyright': AMENT_PREFIX_PATH=/workspace/jazzy_ws/install CMAKE_PREFIX_PATH=/workspace/jazzy_ws/install LD_LIBRARY_PATH=/workspace/jazzy_ws/install/lib PATH=/workspace/jazzy_ws/install/bin:${PATH} PYTHONPATH=/workspace/jazzy_ws/install/lib/python3.12/site-packages /usr/bin/cmake /workspace/jazzy_ws/src/ament_lint/ament_cmake_copyright -DCMAKE_INSTALL_PREFIX=/workspace/jazzy_ws/install
[0.115s] -- Found ament_cmake_core: 2.5.5 (/workspace/jazzy_ws/install/share/ament_cmake_core/cmake)
[0.335s] -- Found Python3: /usr/bin/python3 (found version "3.12.3") found components: Interpreter 
[0.477s] -- Found ament_cmake_test: 2.5.5 (/workspace/jazzy_ws/install/share/ament_cmake_test/cmake)
[0.877s] -- Found ament_cmake_lint_cmake: 0.17.4 (/workspace/jazzy_ws/install/share/ament_cmake_lint_cmake/cmake)
[0.877s] -- Configuring done (0.6s)
[0.877s] -- Generating done (0.0s)
[0.877s] -- Build files have been written to: /workspace/jazzy_ws/build/ament_cmake_copyright
[0.892s] Invoked command in '/workspace/jazzy_ws/build/ament_cmake_copyright' returned '0': AMENT_PREFIX_PATH=/workspace/jazzy_ws/install CMAKE_PREFIX_PATH=/workspace/jazzy_ws/install LD_LIBRARY_PATH=/workspace/jazzy_ws/install/lib PATH=/workspace/jazzy_ws/install/bin:${PATH} PYTHONPATH=/workspace/jazzy_ws/install/lib/python3.12/site-packages /usr/bin/cmake /workspace/jazzy_ws/src/ament_lint/ament_cmake_copyright -DCMAKE_INSTALL_PREFIX=/workspace/jazzy_ws/install
[0.894s] Invoking command in '/workspace/jazzy_ws/build/ament_cmake_copyright': AMENT_PREFIX_PATH=/workspace/jazzy_ws/install CMAKE_PREFIX_PATH=/workspace/jazzy_ws/install LD_LIBRARY_PATH=/workspace/jazzy_ws/install/lib PATH=/workspace/jazzy_ws/install/bin:${PATH} PYTHONPATH=/workspace/jazzy_ws/install/lib/python3.12/site-packages /usr/bin/cmake --build /workspace/jazzy_ws/build/ament_cmake_copyright -- -j24 -l24
[1.096s] Invoked command in '/workspace/jazzy_ws/build/ament_cmake_copyright' returned '0': AMENT_PREFIX_PATH=/workspace/jazzy_ws/install CMAKE_PREFIX_PATH=/workspace/jazzy_ws/install LD_LIBRARY_PATH=/workspace/jazzy_ws/install/lib PATH=/workspace/jazzy_ws/install/bin:${PATH} PYTHONPATH=/workspace/jazzy_ws/install/lib/python3.12/site-packages /usr/bin/cmake --build /workspace/jazzy_ws/build/ament_cmake_copyright -- -j24 -l24
[1.097s] Invoking command in '/workspace/jazzy_ws/build/ament_cmake_copyright': AMENT_PREFIX_PATH=/workspace/jazzy_ws/install CMAKE_PREFIX_PATH=/workspace/jazzy_ws/install LD_LIBRARY_PATH=/workspace/jazzy_ws/install/lib PATH=/workspace/jazzy_ws/install/bin:${PATH} PYTHONPATH=/workspace/jazzy_ws/install/lib/python3.12/site-packages /usr/bin/cmake --install /workspace/jazzy_ws/build/ament_cmake_copyright
[1.108s] -- Install configuration: ""
[1.108s] -- Installing: /workspace/jazzy_ws/install/share/ament_index/resource_index/package_run_dependencies/ament_cmake_copyright
[1.108s] -- Installing: /workspace/jazzy_ws/install/share/ament_index/resource_index/parent_prefix_path/ament_cmake_copyright
[1.108s] -- Installing: /workspace/jazzy_ws/install/share/ament_cmake_copyright/environment/ament_prefix_path.sh
[1.108s] -- Installing: /workspace/jazzy_ws/install/share/ament_cmake_copyright/environment/ament_prefix_path.dsv
[1.108s] -- Installing: /workspace/jazzy_ws/install/share/ament_cmake_copyright/environment/path.sh
[1.108s] -- Installing: /workspace/jazzy_ws/install/share/ament_cmake_copyright/environment/path.dsv
[1.108s] -- Installing: /workspace/jazzy_ws/install/share/ament_cmake_copyright/local_setup.bash
[1.109s] -- Installing: /workspace/jazzy_ws/install/share/ament_cmake_copyright/local_setup.sh
[1.109s] -- Installing: /workspace/jazzy_ws/install/share/ament_cmake_copyright/local_setup.zsh
[1.109s] -- Installing: /workspace/jazzy_ws/install/share/ament_cmake_copyright/local_setup.dsv
[1.109s] -- Installing: /workspace/jazzy_ws/install/share/ament_cmake_copyright/package.dsv
[1.109s] -- Installing: /workspace/jazzy_ws/install/share/ament_index/resource_index/packages/ament_cmake_copyright
[1.109s] -- Installing: /workspace/jazzy_ws/install/share/ament_cmake_copyright/cmake/ament_cmake_copyright-extras.cmake
[1.109s] -- Installing: /workspace/jazzy_ws/install/share/ament_cmake_copyright/cmake/ament_cmake_copyrightConfig.cmake
[1.109s] -- Installing: /workspace/jazzy_ws/install/share/ament_cmake_copyright/cmake/ament_cmake_copyrightConfig-version.cmake
[1.109s] -- Installing: /workspace/jazzy_ws/install/share/ament_cmake_copyright/package.xml
[1.109s] -- Up-to-date: /workspace/jazzy_ws/install/share/ament_cmake_copyright/cmake
[1.109s] -- Installing: /workspace/jazzy_ws/install/share/ament_cmake_copyright/cmake/ament_copyright.cmake
[1.110s] -- Installing: /workspace/jazzy_ws/install/share/ament_cmake_copyright/cmake/ament_cmake_copyright_lint_hook.cmake
[1.114s] Invoked command in '/workspace/jazzy_ws/build/ament_cmake_copyright' returned '0': AMENT_PREFIX_PATH=/workspace/jazzy_ws/install CMAKE_PREFIX_PATH=/workspace/jazzy_ws/install LD_LIBRARY_PATH=/workspace/jazzy_ws/install/lib PATH=/workspace/jazzy_ws/install/bin:${PATH} PYTHONPATH=/workspace/jazzy_ws/install/lib/python3.12/site-packages /usr/bin/cmake --install /workspace/jazzy_ws/build/ament_cmake_copyright
