-- The C compiler identification is GNU 13.3.0
-- The CXX compiler identification is GNU 13.3.0
-- Detecting C compiler ABI info
-- Detecting C compiler ABI info - done
-- Check for working C compiler: /usr/bin/cc - skipped
-- Detecting C compile features
-- Detecting C compile features - done
-- Detecting CXX compiler ABI info
-- Detecting CXX compiler ABI info - done
-- Check for working CXX compiler: /usr/bin/c++ - skipped
-- Detecting CXX compile features
-- Detecting CXX compile features - done
-- Found ament_cmake: 2.5.5 (/workspace/jazzy_ws/install/share/ament_cmake/cmake)
-- Found Python3: /usr/bin/python3 (found version "3.12.3") found components: Interpreter 
-- Found rosidl_default_generators: 1.6.0 (/workspace/jazzy_ws/install/share/rosidl_default_generators/cmake)
-- Using all available rosidl_typesupport_c: rosidl_typesupport_fastrtps_c;rosidl_typesupport_introspection_c
-- Using all available rosidl_typesupport_cpp: rosidl_typesupport_fastrtps_cpp;rosidl_typesupport_introspection_cpp
-- Found rosidl_adapter: 4.6.7 (/workspace/jazzy_ws/install/share/rosidl_adapter/cmake)
-- Found rcl_interfaces: 2.0.3 (/workspace/jazzy_ws/install/share/rcl_interfaces/cmake)
-- Found ament_cmake_cppcheck: 0.17.4 (/workspace/jazzy_ws/install/share/ament_cmake_cppcheck/cmake)
-- Found ament_cmake_cpplint: 0.17.4 (/workspace/jazzy_ws/install/share/ament_cmake_cpplint/cmake)
-- Found ament_cmake_uncrustify: 0.17.4 (/workspace/jazzy_ws/install/share/ament_cmake_uncrustify/cmake)
-- Found ament_cmake_ros: 0.12.0 (/workspace/jazzy_ws/install/share/ament_cmake_ros/cmake)
-- Using all available rosidl_typesupport_c: rosidl_typesupport_fastrtps_c;rosidl_typesupport_introspection_c
-- Using all available rosidl_typesupport_cpp: rosidl_typesupport_fastrtps_cpp;rosidl_typesupport_introspection_cpp
-- Found python_cmake_module: 0.11.1 (/workspace/jazzy_ws/install/share/python_cmake_module/cmake)
-- Found PythonExtra: /usr/bin/python3  
-- Found Python3: /usr/bin/python3 (found version "3.12.3") found components: Interpreter Development NumPy Development.Module Development.Embed 
-- Found ament_cmake_flake8: 0.17.4 (/workspace/jazzy_ws/install/share/ament_cmake_flake8/cmake)
-- Found ament_cmake_pep257: 0.17.4 (/workspace/jazzy_ws/install/share/ament_cmake_pep257/cmake)
-- Configuring done (2.4s)
-- Generating done (0.0s)
-- Build files have been written to: /workspace/jazzy_ws/build/composition_interfaces
[  1%] Generating type hashes for ROS interfaces
[  1%] Built target ament_cmake_python_copy_composition_interfaces
running egg_info
creating composition_interfaces.egg-info
writing composition_interfaces.egg-info/PKG-INFO
writing dependency_links to composition_interfaces.egg-info/dependency_links.txt
writing top-level names to composition_interfaces.egg-info/top_level.txt
writing manifest file 'composition_interfaces.egg-info/SOURCES.txt'
reading manifest file 'composition_interfaces.egg-info/SOURCES.txt'
writing manifest file 'composition_interfaces.egg-info/SOURCES.txt'
[  1%] Built target ament_cmake_python_build_composition_interfaces_egg
[  1%] Built target composition_interfaces__rosidl_generator_type_description
[  3%] Generating C code for ROS interfaces
[  5%] Generating C++ code for ROS interfaces
[  5%] Built target composition_interfaces__cpp
[  7%] Building C object CMakeFiles/composition_interfaces__rosidl_generator_c.dir/rosidl_generator_c/composition_interfaces/srv/detail/load_node__description.c.o
[  9%] Building C object CMakeFiles/composition_interfaces__rosidl_generator_c.dir/rosidl_generator_c/composition_interfaces/srv/detail/list_nodes__description.c.o
[ 11%] Building C object CMakeFiles/composition_interfaces__rosidl_generator_c.dir/rosidl_generator_c/composition_interfaces/srv/detail/load_node__functions.c.o
[ 14%] Building C object CMakeFiles/composition_interfaces__rosidl_generator_c.dir/rosidl_generator_c/composition_interfaces/srv/detail/unload_node__functions.c.o
[ 14%] Building C object CMakeFiles/composition_interfaces__rosidl_generator_c.dir/rosidl_generator_c/composition_interfaces/srv/detail/load_node__type_support.c.o
[ 18%] Building C object CMakeFiles/composition_interfaces__rosidl_generator_c.dir/rosidl_generator_c/composition_interfaces/srv/detail/list_nodes__type_support.c.o
[ 18%] Building C object CMakeFiles/composition_interfaces__rosidl_generator_c.dir/rosidl_generator_c/composition_interfaces/srv/detail/list_nodes__functions.c.o
[ 20%] Building C object CMakeFiles/composition_interfaces__rosidl_generator_c.dir/rosidl_generator_c/composition_interfaces/srv/detail/unload_node__type_support.c.o
[ 22%] Building C object CMakeFiles/composition_interfaces__rosidl_generator_c.dir/rosidl_generator_c/composition_interfaces/srv/detail/unload_node__description.c.o
[ 24%] Linking C shared library libcomposition_interfaces__rosidl_generator_c.so
[ 24%] Built target composition_interfaces__rosidl_generator_c
[ 31%] Generating C introspection for ROS interfaces
[ 31%] Generating C type support dispatch for ROS interfaces
[ 31%] Generating C++ type support for eProsima Fast-RTPS
[ 31%] Generating C++ introspection for ROS interfaces
[ 33%] Generating C++ type support dispatch for ROS interfaces
[ 35%] Generating C type support for eProsima Fast-RTPS
[ 40%] Building CXX object CMakeFiles/composition_interfaces__rosidl_typesupport_c.dir/rosidl_typesupport_c/composition_interfaces/srv/load_node__type_support.cpp.o
[ 40%] Building CXX object CMakeFiles/composition_interfaces__rosidl_typesupport_c.dir/rosidl_typesupport_c/composition_interfaces/srv/list_nodes__type_support.cpp.o
[ 40%] Building CXX object CMakeFiles/composition_interfaces__rosidl_typesupport_c.dir/rosidl_typesupport_c/composition_interfaces/srv/unload_node__type_support.cpp.o
[ 46%] Building CXX object CMakeFiles/composition_interfaces__rosidl_typesupport_cpp.dir/rosidl_typesupport_cpp/composition_interfaces/srv/load_node__type_support.cpp.o
[ 46%] Building CXX object CMakeFiles/composition_interfaces__rosidl_typesupport_cpp.dir/rosidl_typesupport_cpp/composition_interfaces/srv/list_nodes__type_support.cpp.o
[ 46%] Building CXX object CMakeFiles/composition_interfaces__rosidl_typesupport_cpp.dir/rosidl_typesupport_cpp/composition_interfaces/srv/unload_node__type_support.cpp.o
[ 50%] Building CXX object CMakeFiles/composition_interfaces__rosidl_typesupport_introspection_cpp.dir/rosidl_typesupport_introspection_cpp/composition_interfaces/srv/detail/unload_node__type_support.cpp.o
[ 51%] Building CXX object CMakeFiles/composition_interfaces__rosidl_typesupport_introspection_cpp.dir/rosidl_typesupport_introspection_cpp/composition_interfaces/srv/detail/list_nodes__type_support.cpp.o
[ 51%] Building CXX object CMakeFiles/composition_interfaces__rosidl_typesupport_introspection_cpp.dir/rosidl_typesupport_introspection_cpp/composition_interfaces/srv/detail/load_node__type_support.cpp.o
[ 53%] Linking CXX shared library libcomposition_interfaces__rosidl_typesupport_c.so
[ 59%] Building C object CMakeFiles/composition_interfaces__rosidl_typesupport_introspection_c.dir/rosidl_typesupport_introspection_c/composition_interfaces/srv/detail/load_node__type_support.c.o
[ 59%] Building C object CMakeFiles/composition_interfaces__rosidl_typesupport_introspection_c.dir/rosidl_typesupport_introspection_c/composition_interfaces/srv/detail/unload_node__type_support.c.o
[ 59%] Building C object CMakeFiles/composition_interfaces__rosidl_typesupport_introspection_c.dir/rosidl_typesupport_introspection_c/composition_interfaces/srv/detail/list_nodes__type_support.c.o
[ 59%] Built target composition_interfaces__rosidl_typesupport_c
[ 61%] Linking C shared library libcomposition_interfaces__rosidl_typesupport_introspection_c.so
[ 64%] Building CXX object CMakeFiles/composition_interfaces__rosidl_typesupport_fastrtps_cpp.dir/rosidl_typesupport_fastrtps_cpp/composition_interfaces/srv/detail/dds_fastrtps/load_node__type_support.cpp.o
[ 64%] Building CXX object CMakeFiles/composition_interfaces__rosidl_typesupport_fastrtps_cpp.dir/rosidl_typesupport_fastrtps_cpp/composition_interfaces/srv/detail/dds_fastrtps/list_nodes__type_support.cpp.o
[ 66%] Building CXX object CMakeFiles/composition_interfaces__rosidl_typesupport_fastrtps_cpp.dir/rosidl_typesupport_fastrtps_cpp/composition_interfaces/srv/detail/dds_fastrtps/unload_node__type_support.cpp.o
[ 66%] Built target composition_interfaces__rosidl_typesupport_introspection_c
[ 72%] Building CXX object CMakeFiles/composition_interfaces__rosidl_typesupport_fastrtps_c.dir/rosidl_typesupport_fastrtps_c/composition_interfaces/srv/detail/load_node__type_support_c.cpp.o
[ 72%] Building CXX object CMakeFiles/composition_interfaces__rosidl_typesupport_fastrtps_c.dir/rosidl_typesupport_fastrtps_c/composition_interfaces/srv/detail/list_nodes__type_support_c.cpp.o
[ 72%] Building CXX object CMakeFiles/composition_interfaces__rosidl_typesupport_fastrtps_c.dir/rosidl_typesupport_fastrtps_c/composition_interfaces/srv/detail/unload_node__type_support_c.cpp.o
[ 74%] Linking CXX shared library libcomposition_interfaces__rosidl_typesupport_cpp.so
[ 74%] Built target composition_interfaces__rosidl_typesupport_cpp
[ 75%] Linking CXX shared library libcomposition_interfaces__rosidl_typesupport_introspection_cpp.so
[ 77%] Linking CXX shared library libcomposition_interfaces__rosidl_typesupport_fastrtps_c.so
[ 77%] Built target composition_interfaces__rosidl_typesupport_fastrtps_c
[ 77%] Built target composition_interfaces__rosidl_typesupport_introspection_cpp
[ 79%] Linking CXX shared library libcomposition_interfaces__rosidl_typesupport_fastrtps_cpp.so
[ 79%] Built target composition_interfaces__rosidl_typesupport_fastrtps_cpp
[ 79%] Built target composition_interfaces
[ 81%] Generating Python code for ROS interfaces
[ 81%] Built target composition_interfaces__py
[ 83%] Building C object CMakeFiles/composition_interfaces__rosidl_generator_py.dir/rosidl_generator_py/composition_interfaces/srv/_list_nodes_s.c.o
[ 85%] Building C object CMakeFiles/composition_interfaces__rosidl_generator_py.dir/rosidl_generator_py/composition_interfaces/srv/_load_node_s.c.o
[ 87%] Building C object CMakeFiles/composition_interfaces__rosidl_generator_py.dir/rosidl_generator_py/composition_interfaces/srv/_unload_node_s.c.o
[ 88%] Linking C shared library libcomposition_interfaces__rosidl_generator_py.so
[ 88%] Built target composition_interfaces__rosidl_generator_py
[ 90%] Building C object CMakeFiles/composition_interfaces_s__rosidl_typesupport_fastrtps_c.dir/rosidl_generator_py/composition_interfaces/_composition_interfaces_s.ep.rosidl_typesupport_fastrtps_c.c.o
[ 92%] Building C object CMakeFiles/composition_interfaces_s__rosidl_typesupport_c.dir/rosidl_generator_py/composition_interfaces/_composition_interfaces_s.ep.rosidl_typesupport_c.c.o
[ 94%] Building C object CMakeFiles/composition_interfaces_s__rosidl_typesupport_introspection_c.dir/rosidl_generator_py/composition_interfaces/_composition_interfaces_s.ep.rosidl_typesupport_introspection_c.c.o
[ 96%] Linking C shared module rosidl_generator_py/composition_interfaces/composition_interfaces_s__rosidl_typesupport_c.so
[ 96%] Built target composition_interfaces_s__rosidl_typesupport_c
[ 98%] Linking C shared module rosidl_generator_py/composition_interfaces/composition_interfaces_s__rosidl_typesupport_introspection_c.so
[100%] Linking C shared module rosidl_generator_py/composition_interfaces/composition_interfaces_s__rosidl_typesupport_fastrtps_c.so
[100%] Built target composition_interfaces_s__rosidl_typesupport_fastrtps_c
[100%] Built target composition_interfaces_s__rosidl_typesupport_introspection_c
-- Install configuration: ""
-- Installing: /workspace/jazzy_ws/install/share/ament_index/resource_index/rosidl_interfaces/composition_interfaces
-- Installing: /workspace/jazzy_ws/install/share/composition_interfaces/srv/LoadNode.json
-- Installing: /workspace/jazzy_ws/install/share/composition_interfaces/srv/ListNodes.json
-- Installing: /workspace/jazzy_ws/install/share/composition_interfaces/srv/UnloadNode.json
-- Installing: /workspace/jazzy_ws/install/include/composition_interfaces/composition_interfaces
-- Installing: /workspace/jazzy_ws/install/include/composition_interfaces/composition_interfaces/msg
-- Installing: /workspace/jazzy_ws/install/include/composition_interfaces/composition_interfaces/msg/rosidl_generator_c__visibility_control.h
-- Installing: /workspace/jazzy_ws/install/include/composition_interfaces/composition_interfaces/srv
-- Installing: /workspace/jazzy_ws/install/include/composition_interfaces/composition_interfaces/srv/detail
-- Installing: /workspace/jazzy_ws/install/include/composition_interfaces/composition_interfaces/srv/detail/list_nodes__functions.h
-- Installing: /workspace/jazzy_ws/install/include/composition_interfaces/composition_interfaces/srv/detail/unload_node__struct.h
-- Installing: /workspace/jazzy_ws/install/include/composition_interfaces/composition_interfaces/srv/detail/load_node__struct.h
-- Installing: /workspace/jazzy_ws/install/include/composition_interfaces/composition_interfaces/srv/detail/load_node__type_support.h
-- Installing: /workspace/jazzy_ws/install/include/composition_interfaces/composition_interfaces/srv/detail/list_nodes__type_support.h
-- Installing: /workspace/jazzy_ws/install/include/composition_interfaces/composition_interfaces/srv/detail/unload_node__functions.h
-- Installing: /workspace/jazzy_ws/install/include/composition_interfaces/composition_interfaces/srv/detail/load_node__type_support.c
-- Installing: /workspace/jazzy_ws/install/include/composition_interfaces/composition_interfaces/srv/detail/load_node__functions.c
-- Installing: /workspace/jazzy_ws/install/include/composition_interfaces/composition_interfaces/srv/detail/unload_node__description.c
-- Installing: /workspace/jazzy_ws/install/include/composition_interfaces/composition_interfaces/srv/detail/load_node__description.c
-- Installing: /workspace/jazzy_ws/install/include/composition_interfaces/composition_interfaces/srv/detail/list_nodes__type_support.c
-- Installing: /workspace/jazzy_ws/install/include/composition_interfaces/composition_interfaces/srv/detail/unload_node__functions.c
-- Installing: /workspace/jazzy_ws/install/include/composition_interfaces/composition_interfaces/srv/detail/load_node__functions.h
-- Installing: /workspace/jazzy_ws/install/include/composition_interfaces/composition_interfaces/srv/detail/unload_node__type_support.c
-- Installing: /workspace/jazzy_ws/install/include/composition_interfaces/composition_interfaces/srv/detail/unload_node__type_support.h
-- Installing: /workspace/jazzy_ws/install/include/composition_interfaces/composition_interfaces/srv/detail/list_nodes__struct.h
-- Installing: /workspace/jazzy_ws/install/include/composition_interfaces/composition_interfaces/srv/detail/list_nodes__description.c
-- Installing: /workspace/jazzy_ws/install/include/composition_interfaces/composition_interfaces/srv/detail/list_nodes__functions.c
-- Installing: /workspace/jazzy_ws/install/include/composition_interfaces/composition_interfaces/srv/unload_node.h
-- Installing: /workspace/jazzy_ws/install/include/composition_interfaces/composition_interfaces/srv/load_node.h
-- Installing: /workspace/jazzy_ws/install/include/composition_interfaces/composition_interfaces/srv/list_nodes.h
-- Installing: /workspace/jazzy_ws/install/share/composition_interfaces/environment/library_path.sh
-- Installing: /workspace/jazzy_ws/install/share/composition_interfaces/environment/library_path.dsv
-- Installing: /workspace/jazzy_ws/install/lib/libcomposition_interfaces__rosidl_generator_c.so
-- Set non-toolchain portion of runtime path of "/workspace/jazzy_ws/install/lib/libcomposition_interfaces__rosidl_generator_c.so" to ""
-- Up-to-date: /workspace/jazzy_ws/install/include/composition_interfaces/composition_interfaces
-- Up-to-date: /workspace/jazzy_ws/install/include/composition_interfaces/composition_interfaces/msg
-- Installing: /workspace/jazzy_ws/install/include/composition_interfaces/composition_interfaces/msg/rosidl_typesupport_fastrtps_c__visibility_control.h
-- Up-to-date: /workspace/jazzy_ws/install/include/composition_interfaces/composition_interfaces/srv
-- Up-to-date: /workspace/jazzy_ws/install/include/composition_interfaces/composition_interfaces/srv/detail
-- Installing: /workspace/jazzy_ws/install/include/composition_interfaces/composition_interfaces/srv/detail/load_node__rosidl_typesupport_fastrtps_c.h
-- Installing: /workspace/jazzy_ws/install/include/composition_interfaces/composition_interfaces/srv/detail/list_nodes__rosidl_typesupport_fastrtps_c.h
-- Installing: /workspace/jazzy_ws/install/include/composition_interfaces/composition_interfaces/srv/detail/unload_node__rosidl_typesupport_fastrtps_c.h
-- Installing: /workspace/jazzy_ws/install/lib/libcomposition_interfaces__rosidl_typesupport_fastrtps_c.so
-- Set non-toolchain portion of runtime path of "/workspace/jazzy_ws/install/lib/libcomposition_interfaces__rosidl_typesupport_fastrtps_c.so" to ""
-- Up-to-date: /workspace/jazzy_ws/install/include/composition_interfaces/composition_interfaces
-- Up-to-date: /workspace/jazzy_ws/install/include/composition_interfaces/composition_interfaces/msg
-- Installing: /workspace/jazzy_ws/install/include/composition_interfaces/composition_interfaces/msg/rosidl_typesupport_introspection_c__visibility_control.h
-- Up-to-date: /workspace/jazzy_ws/install/include/composition_interfaces/composition_interfaces/srv
-- Up-to-date: /workspace/jazzy_ws/install/include/composition_interfaces/composition_interfaces/srv/detail
-- Installing: /workspace/jazzy_ws/install/include/composition_interfaces/composition_interfaces/srv/detail/load_node__rosidl_typesupport_introspection_c.h
-- Installing: /workspace/jazzy_ws/install/include/composition_interfaces/composition_interfaces/srv/detail/unload_node__rosidl_typesupport_introspection_c.h
-- Up-to-date: /workspace/jazzy_ws/install/include/composition_interfaces/composition_interfaces/srv/detail/load_node__type_support.c
-- Up-to-date: /workspace/jazzy_ws/install/include/composition_interfaces/composition_interfaces/srv/detail/list_nodes__type_support.c
-- Up-to-date: /workspace/jazzy_ws/install/include/composition_interfaces/composition_interfaces/srv/detail/unload_node__type_support.c
-- Installing: /workspace/jazzy_ws/install/include/composition_interfaces/composition_interfaces/srv/detail/list_nodes__rosidl_typesupport_introspection_c.h
-- Installing: /workspace/jazzy_ws/install/lib/libcomposition_interfaces__rosidl_typesupport_introspection_c.so
-- Set non-toolchain portion of runtime path of "/workspace/jazzy_ws/install/lib/libcomposition_interfaces__rosidl_typesupport_introspection_c.so" to ""
-- Installing: /workspace/jazzy_ws/install/lib/libcomposition_interfaces__rosidl_typesupport_c.so
-- Set non-toolchain portion of runtime path of "/workspace/jazzy_ws/install/lib/libcomposition_interfaces__rosidl_typesupport_c.so" to ""
-- Up-to-date: /workspace/jazzy_ws/install/include/composition_interfaces/composition_interfaces
-- Up-to-date: /workspace/jazzy_ws/install/include/composition_interfaces/composition_interfaces/msg
-- Installing: /workspace/jazzy_ws/install/include/composition_interfaces/composition_interfaces/msg/rosidl_generator_cpp__visibility_control.hpp
-- Up-to-date: /workspace/jazzy_ws/install/include/composition_interfaces/composition_interfaces/srv
-- Up-to-date: /workspace/jazzy_ws/install/include/composition_interfaces/composition_interfaces/srv/detail
-- Installing: /workspace/jazzy_ws/install/include/composition_interfaces/composition_interfaces/srv/detail/load_node__struct.hpp
-- Installing: /workspace/jazzy_ws/install/include/composition_interfaces/composition_interfaces/srv/detail/list_nodes__type_support.hpp
-- Installing: /workspace/jazzy_ws/install/include/composition_interfaces/composition_interfaces/srv/detail/unload_node__traits.hpp
-- Installing: /workspace/jazzy_ws/install/include/composition_interfaces/composition_interfaces/srv/detail/load_node__traits.hpp
-- Installing: /workspace/jazzy_ws/install/include/composition_interfaces/composition_interfaces/srv/detail/load_node__type_support.hpp
-- Installing: /workspace/jazzy_ws/install/include/composition_interfaces/composition_interfaces/srv/detail/list_nodes__traits.hpp
-- Installing: /workspace/jazzy_ws/install/include/composition_interfaces/composition_interfaces/srv/detail/unload_node__type_support.hpp
-- Installing: /workspace/jazzy_ws/install/include/composition_interfaces/composition_interfaces/srv/detail/unload_node__struct.hpp
-- Installing: /workspace/jazzy_ws/install/include/composition_interfaces/composition_interfaces/srv/detail/unload_node__builder.hpp
-- Installing: /workspace/jazzy_ws/install/include/composition_interfaces/composition_interfaces/srv/detail/list_nodes__builder.hpp
-- Installing: /workspace/jazzy_ws/install/include/composition_interfaces/composition_interfaces/srv/detail/load_node__builder.hpp
-- Installing: /workspace/jazzy_ws/install/include/composition_interfaces/composition_interfaces/srv/detail/list_nodes__struct.hpp
-- Installing: /workspace/jazzy_ws/install/include/composition_interfaces/composition_interfaces/srv/list_nodes.hpp
-- Installing: /workspace/jazzy_ws/install/include/composition_interfaces/composition_interfaces/srv/load_node.hpp
-- Installing: /workspace/jazzy_ws/install/include/composition_interfaces/composition_interfaces/srv/unload_node.hpp
-- Up-to-date: /workspace/jazzy_ws/install/include/composition_interfaces/composition_interfaces
-- Up-to-date: /workspace/jazzy_ws/install/include/composition_interfaces/composition_interfaces/msg
-- Installing: /workspace/jazzy_ws/install/include/composition_interfaces/composition_interfaces/msg/rosidl_typesupport_fastrtps_cpp__visibility_control.h
-- Up-to-date: /workspace/jazzy_ws/install/include/composition_interfaces/composition_interfaces/srv
-- Up-to-date: /workspace/jazzy_ws/install/include/composition_interfaces/composition_interfaces/srv/detail
-- Installing: /workspace/jazzy_ws/install/include/composition_interfaces/composition_interfaces/srv/detail/list_nodes__rosidl_typesupport_fastrtps_cpp.hpp
-- Installing: /workspace/jazzy_ws/install/include/composition_interfaces/composition_interfaces/srv/detail/load_node__rosidl_typesupport_fastrtps_cpp.hpp
-- Installing: /workspace/jazzy_ws/install/include/composition_interfaces/composition_interfaces/srv/detail/unload_node__rosidl_typesupport_fastrtps_cpp.hpp
-- Installing: /workspace/jazzy_ws/install/include/composition_interfaces/composition_interfaces/srv/detail/dds_fastrtps
-- Installing: /workspace/jazzy_ws/install/lib/libcomposition_interfaces__rosidl_typesupport_fastrtps_cpp.so
-- Set non-toolchain portion of runtime path of "/workspace/jazzy_ws/install/lib/libcomposition_interfaces__rosidl_typesupport_fastrtps_cpp.so" to ""
-- Up-to-date: /workspace/jazzy_ws/install/include/composition_interfaces/composition_interfaces
-- Up-to-date: /workspace/jazzy_ws/install/include/composition_interfaces/composition_interfaces/srv
-- Up-to-date: /workspace/jazzy_ws/install/include/composition_interfaces/composition_interfaces/srv/detail
-- Installing: /workspace/jazzy_ws/install/include/composition_interfaces/composition_interfaces/srv/detail/unload_node__rosidl_typesupport_introspection_cpp.hpp
-- Installing: /workspace/jazzy_ws/install/include/composition_interfaces/composition_interfaces/srv/detail/load_node__rosidl_typesupport_introspection_cpp.hpp
-- Installing: /workspace/jazzy_ws/install/include/composition_interfaces/composition_interfaces/srv/detail/load_node__type_support.cpp
-- Installing: /workspace/jazzy_ws/install/include/composition_interfaces/composition_interfaces/srv/detail/list_nodes__type_support.cpp
-- Installing: /workspace/jazzy_ws/install/include/composition_interfaces/composition_interfaces/srv/detail/list_nodes__rosidl_typesupport_introspection_cpp.hpp
-- Installing: /workspace/jazzy_ws/install/include/composition_interfaces/composition_interfaces/srv/detail/unload_node__type_support.cpp
-- Installing: /workspace/jazzy_ws/install/lib/libcomposition_interfaces__rosidl_typesupport_introspection_cpp.so
-- Set non-toolchain portion of runtime path of "/workspace/jazzy_ws/install/lib/libcomposition_interfaces__rosidl_typesupport_introspection_cpp.so" to ""
-- Installing: /workspace/jazzy_ws/install/lib/libcomposition_interfaces__rosidl_typesupport_cpp.so
-- Set non-toolchain portion of runtime path of "/workspace/jazzy_ws/install/lib/libcomposition_interfaces__rosidl_typesupport_cpp.so" to ""
-- Installing: /workspace/jazzy_ws/install/share/composition_interfaces/environment/pythonpath.sh
-- Installing: /workspace/jazzy_ws/install/share/composition_interfaces/environment/pythonpath.dsv
-- Installing: /workspace/jazzy_ws/install/lib/python3.12/site-packages/composition_interfaces-2.0.3-py3.12.egg-info
-- Installing: /workspace/jazzy_ws/install/lib/python3.12/site-packages/composition_interfaces-2.0.3-py3.12.egg-info/PKG-INFO
-- Installing: /workspace/jazzy_ws/install/lib/python3.12/site-packages/composition_interfaces-2.0.3-py3.12.egg-info/SOURCES.txt
-- Installing: /workspace/jazzy_ws/install/lib/python3.12/site-packages/composition_interfaces-2.0.3-py3.12.egg-info/top_level.txt
-- Installing: /workspace/jazzy_ws/install/lib/python3.12/site-packages/composition_interfaces-2.0.3-py3.12.egg-info/dependency_links.txt
-- Installing: /workspace/jazzy_ws/install/lib/python3.12/site-packages/composition_interfaces
-- Installing: /workspace/jazzy_ws/install/lib/python3.12/site-packages/composition_interfaces/composition_interfaces_s__rosidl_typesupport_introspection_c.so
-- Installing: /workspace/jazzy_ws/install/lib/python3.12/site-packages/composition_interfaces/__init__.py
-- Installing: /workspace/jazzy_ws/install/lib/python3.12/site-packages/composition_interfaces/_composition_interfaces_s.ep.rosidl_typesupport_fastrtps_c.c
-- Installing: /workspace/jazzy_ws/install/lib/python3.12/site-packages/composition_interfaces/composition_interfaces_s__rosidl_typesupport_fastrtps_c.so
-- Installing: /workspace/jazzy_ws/install/lib/python3.12/site-packages/composition_interfaces/_composition_interfaces_s.ep.rosidl_typesupport_c.c
-- Installing: /workspace/jazzy_ws/install/lib/python3.12/site-packages/composition_interfaces/srv
-- Installing: /workspace/jazzy_ws/install/lib/python3.12/site-packages/composition_interfaces/srv/_load_node.py
-- Installing: /workspace/jazzy_ws/install/lib/python3.12/site-packages/composition_interfaces/srv/_list_nodes.py
-- Installing: /workspace/jazzy_ws/install/lib/python3.12/site-packages/composition_interfaces/srv/_list_nodes_s.c
-- Installing: /workspace/jazzy_ws/install/lib/python3.12/site-packages/composition_interfaces/srv/_load_node_s.c
-- Installing: /workspace/jazzy_ws/install/lib/python3.12/site-packages/composition_interfaces/srv/__init__.py
-- Installing: /workspace/jazzy_ws/install/lib/python3.12/site-packages/composition_interfaces/srv/_unload_node_s.c
-- Installing: /workspace/jazzy_ws/install/lib/python3.12/site-packages/composition_interfaces/srv/_unload_node.py
-- Installing: /workspace/jazzy_ws/install/lib/python3.12/site-packages/composition_interfaces/composition_interfaces_s__rosidl_typesupport_c.so
-- Installing: /workspace/jazzy_ws/install/lib/python3.12/site-packages/composition_interfaces/_composition_interfaces_s.ep.rosidl_typesupport_introspection_c.c
Listing '/workspace/jazzy_ws/install/lib/python3.12/site-packages/composition_interfaces'...
Compiling '/workspace/jazzy_ws/install/lib/python3.12/site-packages/composition_interfaces/__init__.py'...
Listing '/workspace/jazzy_ws/install/lib/python3.12/site-packages/composition_interfaces/srv'...
Compiling '/workspace/jazzy_ws/install/lib/python3.12/site-packages/composition_interfaces/srv/__init__.py'...
Compiling '/workspace/jazzy_ws/install/lib/python3.12/site-packages/composition_interfaces/srv/_list_nodes.py'...
Compiling '/workspace/jazzy_ws/install/lib/python3.12/site-packages/composition_interfaces/srv/_load_node.py'...
Compiling '/workspace/jazzy_ws/install/lib/python3.12/site-packages/composition_interfaces/srv/_unload_node.py'...
-- Installing: /workspace/jazzy_ws/install/lib/python3.12/site-packages/composition_interfaces/composition_interfaces_s__rosidl_typesupport_fastrtps_c.so
-- Set non-toolchain portion of runtime path of "/workspace/jazzy_ws/install/lib/python3.12/site-packages/composition_interfaces/composition_interfaces_s__rosidl_typesupport_fastrtps_c.so" to ""
-- Installing: /workspace/jazzy_ws/install/lib/python3.12/site-packages/composition_interfaces/composition_interfaces_s__rosidl_typesupport_introspection_c.so
-- Set non-toolchain portion of runtime path of "/workspace/jazzy_ws/install/lib/python3.12/site-packages/composition_interfaces/composition_interfaces_s__rosidl_typesupport_introspection_c.so" to ""
-- Installing: /workspace/jazzy_ws/install/lib/python3.12/site-packages/composition_interfaces/composition_interfaces_s__rosidl_typesupport_c.so
-- Set non-toolchain portion of runtime path of "/workspace/jazzy_ws/install/lib/python3.12/site-packages/composition_interfaces/composition_interfaces_s__rosidl_typesupport_c.so" to ""
-- Installing: /workspace/jazzy_ws/install/lib/libcomposition_interfaces__rosidl_generator_py.so
-- Set non-toolchain portion of runtime path of "/workspace/jazzy_ws/install/lib/libcomposition_interfaces__rosidl_generator_py.so" to ""
-- Installing: /workspace/jazzy_ws/install/share/composition_interfaces/srv/LoadNode.idl
-- Installing: /workspace/jazzy_ws/install/share/composition_interfaces/srv/ListNodes.idl
-- Installing: /workspace/jazzy_ws/install/share/composition_interfaces/srv/UnloadNode.idl
-- Installing: /workspace/jazzy_ws/install/share/composition_interfaces/srv/LoadNode.srv
-- Installing: /workspace/jazzy_ws/install/share/composition_interfaces/srv/ListNodes.srv
-- Installing: /workspace/jazzy_ws/install/share/composition_interfaces/srv/UnloadNode.srv
-- Installing: /workspace/jazzy_ws/install/share/ament_index/resource_index/package_run_dependencies/composition_interfaces
-- Installing: /workspace/jazzy_ws/install/share/ament_index/resource_index/parent_prefix_path/composition_interfaces
-- Installing: /workspace/jazzy_ws/install/share/composition_interfaces/environment/ament_prefix_path.sh
-- Installing: /workspace/jazzy_ws/install/share/composition_interfaces/environment/ament_prefix_path.dsv
-- Installing: /workspace/jazzy_ws/install/share/composition_interfaces/environment/path.sh
-- Installing: /workspace/jazzy_ws/install/share/composition_interfaces/environment/path.dsv
-- Installing: /workspace/jazzy_ws/install/share/composition_interfaces/local_setup.bash
-- Installing: /workspace/jazzy_ws/install/share/composition_interfaces/local_setup.sh
-- Installing: /workspace/jazzy_ws/install/share/composition_interfaces/local_setup.zsh
-- Installing: /workspace/jazzy_ws/install/share/composition_interfaces/local_setup.dsv
-- Installing: /workspace/jazzy_ws/install/share/composition_interfaces/package.dsv
-- Installing: /workspace/jazzy_ws/install/share/ament_index/resource_index/packages/composition_interfaces
-- Installing: /workspace/jazzy_ws/install/share/composition_interfaces/cmake/export_composition_interfaces__rosidl_generator_cExport.cmake
-- Installing: /workspace/jazzy_ws/install/share/composition_interfaces/cmake/export_composition_interfaces__rosidl_generator_cExport-noconfig.cmake
-- Installing: /workspace/jazzy_ws/install/share/composition_interfaces/cmake/export_composition_interfaces__rosidl_typesupport_fastrtps_cExport.cmake
-- Installing: /workspace/jazzy_ws/install/share/composition_interfaces/cmake/export_composition_interfaces__rosidl_typesupport_fastrtps_cExport-noconfig.cmake
-- Installing: /workspace/jazzy_ws/install/share/composition_interfaces/cmake/composition_interfaces__rosidl_typesupport_introspection_cExport.cmake
-- Installing: /workspace/jazzy_ws/install/share/composition_interfaces/cmake/composition_interfaces__rosidl_typesupport_introspection_cExport-noconfig.cmake
-- Installing: /workspace/jazzy_ws/install/share/composition_interfaces/cmake/composition_interfaces__rosidl_typesupport_cExport.cmake
-- Installing: /workspace/jazzy_ws/install/share/composition_interfaces/cmake/composition_interfaces__rosidl_typesupport_cExport-noconfig.cmake
-- Installing: /workspace/jazzy_ws/install/share/composition_interfaces/cmake/export_composition_interfaces__rosidl_generator_cppExport.cmake
-- Installing: /workspace/jazzy_ws/install/share/composition_interfaces/cmake/export_composition_interfaces__rosidl_typesupport_fastrtps_cppExport.cmake
-- Installing: /workspace/jazzy_ws/install/share/composition_interfaces/cmake/export_composition_interfaces__rosidl_typesupport_fastrtps_cppExport-noconfig.cmake
-- Installing: /workspace/jazzy_ws/install/share/composition_interfaces/cmake/composition_interfaces__rosidl_typesupport_introspection_cppExport.cmake
-- Installing: /workspace/jazzy_ws/install/share/composition_interfaces/cmake/composition_interfaces__rosidl_typesupport_introspection_cppExport-noconfig.cmake
-- Installing: /workspace/jazzy_ws/install/share/composition_interfaces/cmake/composition_interfaces__rosidl_typesupport_cppExport.cmake
-- Installing: /workspace/jazzy_ws/install/share/composition_interfaces/cmake/composition_interfaces__rosidl_typesupport_cppExport-noconfig.cmake
-- Installing: /workspace/jazzy_ws/install/share/composition_interfaces/cmake/export_composition_interfaces__rosidl_generator_pyExport.cmake
-- Installing: /workspace/jazzy_ws/install/share/composition_interfaces/cmake/export_composition_interfaces__rosidl_generator_pyExport-noconfig.cmake
-- Installing: /workspace/jazzy_ws/install/share/composition_interfaces/cmake/rosidl_cmake-extras.cmake
-- Installing: /workspace/jazzy_ws/install/share/composition_interfaces/cmake/ament_cmake_export_dependencies-extras.cmake
-- Installing: /workspace/jazzy_ws/install/share/composition_interfaces/cmake/ament_cmake_export_include_directories-extras.cmake
-- Installing: /workspace/jazzy_ws/install/share/composition_interfaces/cmake/ament_cmake_export_libraries-extras.cmake
-- Installing: /workspace/jazzy_ws/install/share/composition_interfaces/cmake/ament_cmake_export_targets-extras.cmake
-- Installing: /workspace/jazzy_ws/install/share/composition_interfaces/cmake/rosidl_cmake_export_typesupport_targets-extras.cmake
-- Installing: /workspace/jazzy_ws/install/share/composition_interfaces/cmake/rosidl_cmake_export_typesupport_libraries-extras.cmake
-- Installing: /workspace/jazzy_ws/install/share/composition_interfaces/cmake/composition_interfacesConfig.cmake
-- Installing: /workspace/jazzy_ws/install/share/composition_interfaces/cmake/composition_interfacesConfig-version.cmake
-- Installing: /workspace/jazzy_ws/install/share/composition_interfaces/package.xml
