[0.103s] Invoking command in '/workspace/jazzy_ws/build/composition_interfaces': AMENT_PREFIX_PATH=/workspace/jazzy_ws/install CMAKE_PREFIX_PATH=/workspace/jazzy_ws/install LD_LIBRARY_PATH=/workspace/jazzy_ws/install/lib:/workspace/jazzy_ws/install/opt/mimick_vendor/lib PATH=/workspace/jazzy_ws/install/bin:/workspace/jazzy_ws/install/opt/uncrustify_vendor/bin:${PATH} PKG_CONFIG_PATH=/workspace/jazzy_ws/install/lib/x86_64-linux-gnu/pkgconfig:/workspace/jazzy_ws/install/lib/pkgconfig PYTHONPATH=/workspace/jazzy_ws/install/lib/python3.12/site-packages /usr/bin/cmake /workspace/jazzy_ws/src/rcl_interfaces/composition_interfaces -DCMAKE_INSTALL_PREFIX=/workspace/jazzy_ws/install
[0.138s] -- The C compiler identification is GNU 13.3.0
[0.176s] -- The CXX compiler identification is GNU 13.3.0
[0.187s] -- Detecting C compiler ABI info
[0.245s] -- Detecting C compiler ABI info - done
[0.252s] -- Check for working C compiler: /usr/bin/cc - skipped
[0.252s] -- Detecting C compile features
[0.252s] -- Detecting C compile features - done
[0.258s] -- Detecting CXX compiler ABI info
[0.323s] -- Detecting CXX compiler ABI info - done
[0.330s] -- Check for working CXX compiler: /usr/bin/c++ - skipped
[0.330s] -- Detecting CXX compile features
[0.331s] -- Detecting CXX compile features - done
[0.332s] -- Found ament_cmake: 2.5.5 (/workspace/jazzy_ws/install/share/ament_cmake/cmake)
[0.422s] -- Found Python3: /usr/bin/python3 (found version "3.12.3") found components: Interpreter 
[0.550s] -- Found rosidl_default_generators: 1.6.0 (/workspace/jazzy_ws/install/share/rosidl_default_generators/cmake)
[0.554s] -- Using all available rosidl_typesupport_c: rosidl_typesupport_fastrtps_c;rosidl_typesupport_introspection_c
[0.598s] -- Using all available rosidl_typesupport_cpp: rosidl_typesupport_fastrtps_cpp;rosidl_typesupport_introspection_cpp
[0.628s] -- Found rosidl_adapter: 4.6.7 (/workspace/jazzy_ws/install/share/rosidl_adapter/cmake)
[0.631s] -- Found rcl_interfaces: 2.0.3 (/workspace/jazzy_ws/install/share/rcl_interfaces/cmake)
[1.275s] -- Found ament_cmake_cppcheck: 0.17.4 (/workspace/jazzy_ws/install/share/ament_cmake_cppcheck/cmake)
[1.276s] -- Found ament_cmake_cpplint: 0.17.4 (/workspace/jazzy_ws/install/share/ament_cmake_cpplint/cmake)
[1.277s] -- Found ament_cmake_uncrustify: 0.17.4 (/workspace/jazzy_ws/install/share/ament_cmake_uncrustify/cmake)
[1.278s] -- Found ament_cmake_ros: 0.12.0 (/workspace/jazzy_ws/install/share/ament_cmake_ros/cmake)
[1.546s] -- Using all available rosidl_typesupport_c: rosidl_typesupport_fastrtps_c;rosidl_typesupport_introspection_c
[1.947s] -- Using all available rosidl_typesupport_cpp: rosidl_typesupport_fastrtps_cpp;rosidl_typesupport_introspection_cpp
[1.950s] -- Found python_cmake_module: 0.11.1 (/workspace/jazzy_ws/install/share/python_cmake_module/cmake)
[2.049s] -- Found PythonExtra: /usr/bin/python3  
[2.498s] -- Found Python3: /usr/bin/python3 (found version "3.12.3") found components: Interpreter Development NumPy Development.Module Development.Embed 
[2.527s] -- Found ament_cmake_flake8: 0.17.4 (/workspace/jazzy_ws/install/share/ament_cmake_flake8/cmake)
[2.528s] -- Found ament_cmake_pep257: 0.17.4 (/workspace/jazzy_ws/install/share/ament_cmake_pep257/cmake)
[2.534s] -- Configuring done (2.4s)
[2.562s] -- Generating done (0.0s)
[2.570s] -- Build files have been written to: /workspace/jazzy_ws/build/composition_interfaces
[2.577s] Invoked command in '/workspace/jazzy_ws/build/composition_interfaces' returned '0': AMENT_PREFIX_PATH=/workspace/jazzy_ws/install CMAKE_PREFIX_PATH=/workspace/jazzy_ws/install LD_LIBRARY_PATH=/workspace/jazzy_ws/install/lib:/workspace/jazzy_ws/install/opt/mimick_vendor/lib PATH=/workspace/jazzy_ws/install/bin:/workspace/jazzy_ws/install/opt/uncrustify_vendor/bin:${PATH} PKG_CONFIG_PATH=/workspace/jazzy_ws/install/lib/x86_64-linux-gnu/pkgconfig:/workspace/jazzy_ws/install/lib/pkgconfig PYTHONPATH=/workspace/jazzy_ws/install/lib/python3.12/site-packages /usr/bin/cmake /workspace/jazzy_ws/src/rcl_interfaces/composition_interfaces -DCMAKE_INSTALL_PREFIX=/workspace/jazzy_ws/install
[2.577s] Invoking command in '/workspace/jazzy_ws/build/composition_interfaces': AMENT_PREFIX_PATH=/workspace/jazzy_ws/install CMAKE_PREFIX_PATH=/workspace/jazzy_ws/install LD_LIBRARY_PATH=/workspace/jazzy_ws/install/lib:/workspace/jazzy_ws/install/opt/mimick_vendor/lib PATH=/workspace/jazzy_ws/install/bin:/workspace/jazzy_ws/install/opt/uncrustify_vendor/bin:${PATH} PKG_CONFIG_PATH=/workspace/jazzy_ws/install/lib/x86_64-linux-gnu/pkgconfig:/workspace/jazzy_ws/install/lib/pkgconfig PYTHONPATH=/workspace/jazzy_ws/install/lib/python3.12/site-packages /usr/bin/cmake --build /workspace/jazzy_ws/build/composition_interfaces -- -j24 -l24
[2.606s] [  1%] Generating type hashes for ROS interfaces
[2.611s] [  1%] Built target ament_cmake_python_copy_composition_interfaces
[2.727s] running egg_info
[2.734s] creating composition_interfaces.egg-info
[2.734s] writing composition_interfaces.egg-info/PKG-INFO
[2.734s] writing dependency_links to composition_interfaces.egg-info/dependency_links.txt
[2.734s] writing top-level names to composition_interfaces.egg-info/top_level.txt
[2.734s] writing manifest file 'composition_interfaces.egg-info/SOURCES.txt'
[2.755s] reading manifest file 'composition_interfaces.egg-info/SOURCES.txt'
[2.755s] writing manifest file 'composition_interfaces.egg-info/SOURCES.txt'
[2.780s] [  1%] Built target ament_cmake_python_build_composition_interfaces_egg
[2.840s] [  1%] Built target composition_interfaces__rosidl_generator_type_description
[2.847s] [  3%] Generating C code for ROS interfaces
[2.854s] [  5%] Generating C++ code for ROS interfaces
[3.204s] [  5%] Built target composition_interfaces__cpp
[3.235s] [  7%] Building C object CMakeFiles/composition_interfaces__rosidl_generator_c.dir/rosidl_generator_c/composition_interfaces/srv/detail/load_node__description.c.o
[3.236s] [  9%] Building C object CMakeFiles/composition_interfaces__rosidl_generator_c.dir/rosidl_generator_c/composition_interfaces/srv/detail/list_nodes__description.c.o
[3.236s] [ 11%] Building C object CMakeFiles/composition_interfaces__rosidl_generator_c.dir/rosidl_generator_c/composition_interfaces/srv/detail/load_node__functions.c.o
[3.236s] [ 14%] Building C object CMakeFiles/composition_interfaces__rosidl_generator_c.dir/rosidl_generator_c/composition_interfaces/srv/detail/unload_node__functions.c.o
[3.236s] [ 14%] Building C object CMakeFiles/composition_interfaces__rosidl_generator_c.dir/rosidl_generator_c/composition_interfaces/srv/detail/load_node__type_support.c.o
[3.236s] [ 18%] Building C object CMakeFiles/composition_interfaces__rosidl_generator_c.dir/rosidl_generator_c/composition_interfaces/srv/detail/list_nodes__type_support.c.o
[3.236s] [ 18%] Building C object CMakeFiles/composition_interfaces__rosidl_generator_c.dir/rosidl_generator_c/composition_interfaces/srv/detail/list_nodes__functions.c.o
[3.236s] [ 20%] Building C object CMakeFiles/composition_interfaces__rosidl_generator_c.dir/rosidl_generator_c/composition_interfaces/srv/detail/unload_node__type_support.c.o
[3.236s] [ 22%] Building C object CMakeFiles/composition_interfaces__rosidl_generator_c.dir/rosidl_generator_c/composition_interfaces/srv/detail/unload_node__description.c.o
[3.285s] [ 24%] Linking C shared library libcomposition_interfaces__rosidl_generator_c.so
[3.312s] [ 24%] Built target composition_interfaces__rosidl_generator_c
[3.318s] [ 31%] Generating C introspection for ROS interfaces
[3.318s] [ 31%] Generating C type support dispatch for ROS interfaces
[3.318s] [ 31%] Generating C++ type support for eProsima Fast-RTPS
[3.318s] [ 31%] Generating C++ introspection for ROS interfaces
[3.318s] [ 33%] Generating C++ type support dispatch for ROS interfaces
[3.319s] [ 35%] Generating C type support for eProsima Fast-RTPS
[3.646s] [ 40%] Building CXX object CMakeFiles/composition_interfaces__rosidl_typesupport_c.dir/rosidl_typesupport_c/composition_interfaces/srv/load_node__type_support.cpp.o
[3.646s] [ 40%] Building CXX object CMakeFiles/composition_interfaces__rosidl_typesupport_c.dir/rosidl_typesupport_c/composition_interfaces/srv/list_nodes__type_support.cpp.o
[3.646s] [ 40%] Building CXX object CMakeFiles/composition_interfaces__rosidl_typesupport_c.dir/rosidl_typesupport_c/composition_interfaces/srv/unload_node__type_support.cpp.o
[3.646s] [ 46%] Building CXX object CMakeFiles/composition_interfaces__rosidl_typesupport_cpp.dir/rosidl_typesupport_cpp/composition_interfaces/srv/load_node__type_support.cpp.o
[3.646s] [ 46%] Building CXX object CMakeFiles/composition_interfaces__rosidl_typesupport_cpp.dir/rosidl_typesupport_cpp/composition_interfaces/srv/list_nodes__type_support.cpp.o
[3.646s] [ 46%] Building CXX object CMakeFiles/composition_interfaces__rosidl_typesupport_cpp.dir/rosidl_typesupport_cpp/composition_interfaces/srv/unload_node__type_support.cpp.o
[3.646s] [ 50%] Building CXX object CMakeFiles/composition_interfaces__rosidl_typesupport_introspection_cpp.dir/rosidl_typesupport_introspection_cpp/composition_interfaces/srv/detail/unload_node__type_support.cpp.o
[3.646s] [ 51%] Building CXX object CMakeFiles/composition_interfaces__rosidl_typesupport_introspection_cpp.dir/rosidl_typesupport_introspection_cpp/composition_interfaces/srv/detail/list_nodes__type_support.cpp.o
[3.646s] [ 51%] Building CXX object CMakeFiles/composition_interfaces__rosidl_typesupport_introspection_cpp.dir/rosidl_typesupport_introspection_cpp/composition_interfaces/srv/detail/load_node__type_support.cpp.o
[3.646s] [ 53%] Linking CXX shared library libcomposition_interfaces__rosidl_typesupport_c.so
[3.646s] [ 59%] Building C object CMakeFiles/composition_interfaces__rosidl_typesupport_introspection_c.dir/rosidl_typesupport_introspection_c/composition_interfaces/srv/detail/load_node__type_support.c.o
[3.646s] [ 59%] Building C object CMakeFiles/composition_interfaces__rosidl_typesupport_introspection_c.dir/rosidl_typesupport_introspection_c/composition_interfaces/srv/detail/unload_node__type_support.c.o
[3.646s] [ 59%] Building C object CMakeFiles/composition_interfaces__rosidl_typesupport_introspection_c.dir/rosidl_typesupport_introspection_c/composition_interfaces/srv/detail/list_nodes__type_support.c.o
[3.656s] [ 59%] Built target composition_interfaces__rosidl_typesupport_c
[3.674s] [ 61%] Linking C shared library libcomposition_interfaces__rosidl_typesupport_introspection_c.so
[3.696s] [ 64%] Building CXX object CMakeFiles/composition_interfaces__rosidl_typesupport_fastrtps_cpp.dir/rosidl_typesupport_fastrtps_cpp/composition_interfaces/srv/detail/dds_fastrtps/load_node__type_support.cpp.o
[3.696s] [ 64%] Building CXX object CMakeFiles/composition_interfaces__rosidl_typesupport_fastrtps_cpp.dir/rosidl_typesupport_fastrtps_cpp/composition_interfaces/srv/detail/dds_fastrtps/list_nodes__type_support.cpp.o
[3.696s] [ 66%] Building CXX object CMakeFiles/composition_interfaces__rosidl_typesupport_fastrtps_cpp.dir/rosidl_typesupport_fastrtps_cpp/composition_interfaces/srv/detail/dds_fastrtps/unload_node__type_support.cpp.o
[3.698s] [ 66%] Built target composition_interfaces__rosidl_typesupport_introspection_c
[3.734s] [ 72%] Building CXX object CMakeFiles/composition_interfaces__rosidl_typesupport_fastrtps_c.dir/rosidl_typesupport_fastrtps_c/composition_interfaces/srv/detail/load_node__type_support_c.cpp.o
[3.734s] [ 72%] Building CXX object CMakeFiles/composition_interfaces__rosidl_typesupport_fastrtps_c.dir/rosidl_typesupport_fastrtps_c/composition_interfaces/srv/detail/list_nodes__type_support_c.cpp.o
[3.734s] [ 72%] Building CXX object CMakeFiles/composition_interfaces__rosidl_typesupport_fastrtps_c.dir/rosidl_typesupport_fastrtps_c/composition_interfaces/srv/detail/unload_node__type_support_c.cpp.o
[3.976s] [ 74%] Linking CXX shared library libcomposition_interfaces__rosidl_typesupport_cpp.so
[4.041s] [ 74%] Built target composition_interfaces__rosidl_typesupport_cpp
[4.153s] [ 75%] Linking CXX shared library libcomposition_interfaces__rosidl_typesupport_introspection_cpp.so
[4.156s] [ 77%] Linking CXX shared library libcomposition_interfaces__rosidl_typesupport_fastrtps_c.so
[4.215s] [ 77%] Built target composition_interfaces__rosidl_typesupport_fastrtps_c
[4.231s] [ 77%] Built target composition_interfaces__rosidl_typesupport_introspection_cpp
[4.340s] [ 79%] Linking CXX shared library libcomposition_interfaces__rosidl_typesupport_fastrtps_cpp.so
[4.412s] [ 79%] Built target composition_interfaces__rosidl_typesupport_fastrtps_cpp
[4.425s] [ 79%] Built target composition_interfaces
[4.437s] [ 81%] Generating Python code for ROS interfaces
[6.774s] [ 81%] Built target composition_interfaces__py
[6.812s] [ 83%] Building C object CMakeFiles/composition_interfaces__rosidl_generator_py.dir/rosidl_generator_py/composition_interfaces/srv/_list_nodes_s.c.o
[6.814s] [ 85%] Building C object CMakeFiles/composition_interfaces__rosidl_generator_py.dir/rosidl_generator_py/composition_interfaces/srv/_load_node_s.c.o
[6.817s] [ 87%] Building C object CMakeFiles/composition_interfaces__rosidl_generator_py.dir/rosidl_generator_py/composition_interfaces/srv/_unload_node_s.c.o
[7.320s] [ 88%] Linking C shared library libcomposition_interfaces__rosidl_generator_py.so
[7.417s] [ 88%] Built target composition_interfaces__rosidl_generator_py
[7.460s] [ 90%] Building C object CMakeFiles/composition_interfaces_s__rosidl_typesupport_fastrtps_c.dir/rosidl_generator_py/composition_interfaces/_composition_interfaces_s.ep.rosidl_typesupport_fastrtps_c.c.o
[7.460s] [ 92%] Building C object CMakeFiles/composition_interfaces_s__rosidl_typesupport_c.dir/rosidl_generator_py/composition_interfaces/_composition_interfaces_s.ep.rosidl_typesupport_c.c.o
[7.467s] [ 94%] Building C object CMakeFiles/composition_interfaces_s__rosidl_typesupport_introspection_c.dir/rosidl_generator_py/composition_interfaces/_composition_interfaces_s.ep.rosidl_typesupport_introspection_c.c.o
[7.693s] [ 96%] Linking C shared module rosidl_generator_py/composition_interfaces/composition_interfaces_s__rosidl_typesupport_c.so
[7.757s] [ 96%] Built target composition_interfaces_s__rosidl_typesupport_c
[7.838s] [ 98%] Linking C shared module rosidl_generator_py/composition_interfaces/composition_interfaces_s__rosidl_typesupport_introspection_c.so
[7.845s] [100%] Linking C shared module rosidl_generator_py/composition_interfaces/composition_interfaces_s__rosidl_typesupport_fastrtps_c.so
[7.890s] [100%] Built target composition_interfaces_s__rosidl_typesupport_fastrtps_c
[7.910s] [100%] Built target composition_interfaces_s__rosidl_typesupport_introspection_c
[7.927s] Invoked command in '/workspace/jazzy_ws/build/composition_interfaces' returned '0': AMENT_PREFIX_PATH=/workspace/jazzy_ws/install CMAKE_PREFIX_PATH=/workspace/jazzy_ws/install LD_LIBRARY_PATH=/workspace/jazzy_ws/install/lib:/workspace/jazzy_ws/install/opt/mimick_vendor/lib PATH=/workspace/jazzy_ws/install/bin:/workspace/jazzy_ws/install/opt/uncrustify_vendor/bin:${PATH} PKG_CONFIG_PATH=/workspace/jazzy_ws/install/lib/x86_64-linux-gnu/pkgconfig:/workspace/jazzy_ws/install/lib/pkgconfig PYTHONPATH=/workspace/jazzy_ws/install/lib/python3.12/site-packages /usr/bin/cmake --build /workspace/jazzy_ws/build/composition_interfaces -- -j24 -l24
[7.930s] Invoking command in '/workspace/jazzy_ws/build/composition_interfaces': AMENT_PREFIX_PATH=/workspace/jazzy_ws/install CMAKE_PREFIX_PATH=/workspace/jazzy_ws/install LD_LIBRARY_PATH=/workspace/jazzy_ws/install/lib:/workspace/jazzy_ws/install/opt/mimick_vendor/lib PATH=/workspace/jazzy_ws/install/bin:/workspace/jazzy_ws/install/opt/uncrustify_vendor/bin:${PATH} PKG_CONFIG_PATH=/workspace/jazzy_ws/install/lib/x86_64-linux-gnu/pkgconfig:/workspace/jazzy_ws/install/lib/pkgconfig PYTHONPATH=/workspace/jazzy_ws/install/lib/python3.12/site-packages /usr/bin/cmake --install /workspace/jazzy_ws/build/composition_interfaces
[7.944s] -- Install configuration: ""
[7.952s] -- Installing: /workspace/jazzy_ws/install/share/ament_index/resource_index/rosidl_interfaces/composition_interfaces
[7.952s] -- Installing: /workspace/jazzy_ws/install/share/composition_interfaces/srv/LoadNode.json
[7.953s] -- Installing: /workspace/jazzy_ws/install/share/composition_interfaces/srv/ListNodes.json
[7.953s] -- Installing: /workspace/jazzy_ws/install/share/composition_interfaces/srv/UnloadNode.json
[7.953s] -- Installing: /workspace/jazzy_ws/install/include/composition_interfaces/composition_interfaces
[7.953s] -- Installing: /workspace/jazzy_ws/install/include/composition_interfaces/composition_interfaces/msg
[7.953s] -- Installing: /workspace/jazzy_ws/install/include/composition_interfaces/composition_interfaces/msg/rosidl_generator_c__visibility_control.h
[7.953s] -- Installing: /workspace/jazzy_ws/install/include/composition_interfaces/composition_interfaces/srv
[7.953s] -- Installing: /workspace/jazzy_ws/install/include/composition_interfaces/composition_interfaces/srv/detail
[7.953s] -- Installing: /workspace/jazzy_ws/install/include/composition_interfaces/composition_interfaces/srv/detail/list_nodes__functions.h
[7.953s] -- Installing: /workspace/jazzy_ws/install/include/composition_interfaces/composition_interfaces/srv/detail/unload_node__struct.h
[7.953s] -- Installing: /workspace/jazzy_ws/install/include/composition_interfaces/composition_interfaces/srv/detail/load_node__struct.h
[7.953s] -- Installing: /workspace/jazzy_ws/install/include/composition_interfaces/composition_interfaces/srv/detail/load_node__type_support.h
[7.953s] -- Installing: /workspace/jazzy_ws/install/include/composition_interfaces/composition_interfaces/srv/detail/list_nodes__type_support.h
[7.953s] -- Installing: /workspace/jazzy_ws/install/include/composition_interfaces/composition_interfaces/srv/detail/unload_node__functions.h
[7.953s] -- Installing: /workspace/jazzy_ws/install/include/composition_interfaces/composition_interfaces/srv/detail/load_node__type_support.c
[7.953s] -- Installing: /workspace/jazzy_ws/install/include/composition_interfaces/composition_interfaces/srv/detail/load_node__functions.c
[7.953s] -- Installing: /workspace/jazzy_ws/install/include/composition_interfaces/composition_interfaces/srv/detail/unload_node__description.c
[7.953s] -- Installing: /workspace/jazzy_ws/install/include/composition_interfaces/composition_interfaces/srv/detail/load_node__description.c
[7.953s] -- Installing: /workspace/jazzy_ws/install/include/composition_interfaces/composition_interfaces/srv/detail/list_nodes__type_support.c
[7.953s] -- Installing: /workspace/jazzy_ws/install/include/composition_interfaces/composition_interfaces/srv/detail/unload_node__functions.c
[7.953s] -- Installing: /workspace/jazzy_ws/install/include/composition_interfaces/composition_interfaces/srv/detail/load_node__functions.h
[7.953s] -- Installing: /workspace/jazzy_ws/install/include/composition_interfaces/composition_interfaces/srv/detail/unload_node__type_support.c
[7.953s] -- Installing: /workspace/jazzy_ws/install/include/composition_interfaces/composition_interfaces/srv/detail/unload_node__type_support.h
[7.953s] -- Installing: /workspace/jazzy_ws/install/include/composition_interfaces/composition_interfaces/srv/detail/list_nodes__struct.h
[7.953s] -- Installing: /workspace/jazzy_ws/install/include/composition_interfaces/composition_interfaces/srv/detail/list_nodes__description.c
[7.954s] -- Installing: /workspace/jazzy_ws/install/include/composition_interfaces/composition_interfaces/srv/detail/list_nodes__functions.c
[7.954s] -- Installing: /workspace/jazzy_ws/install/include/composition_interfaces/composition_interfaces/srv/unload_node.h
[7.954s] -- Installing: /workspace/jazzy_ws/install/include/composition_interfaces/composition_interfaces/srv/load_node.h
[7.954s] -- Installing: /workspace/jazzy_ws/install/include/composition_interfaces/composition_interfaces/srv/list_nodes.h
[7.954s] -- Installing: /workspace/jazzy_ws/install/share/composition_interfaces/environment/library_path.sh
[7.954s] -- Installing: /workspace/jazzy_ws/install/share/composition_interfaces/environment/library_path.dsv
[7.954s] -- Installing: /workspace/jazzy_ws/install/lib/libcomposition_interfaces__rosidl_generator_c.so
[7.959s] -- Set non-toolchain portion of runtime path of "/workspace/jazzy_ws/install/lib/libcomposition_interfaces__rosidl_generator_c.so" to ""
[7.960s] -- Up-to-date: /workspace/jazzy_ws/install/include/composition_interfaces/composition_interfaces
[7.960s] -- Up-to-date: /workspace/jazzy_ws/install/include/composition_interfaces/composition_interfaces/msg
[7.960s] -- Installing: /workspace/jazzy_ws/install/include/composition_interfaces/composition_interfaces/msg/rosidl_typesupport_fastrtps_c__visibility_control.h
[7.960s] -- Up-to-date: /workspace/jazzy_ws/install/include/composition_interfaces/composition_interfaces/srv
[7.960s] -- Up-to-date: /workspace/jazzy_ws/install/include/composition_interfaces/composition_interfaces/srv/detail
[7.960s] -- Installing: /workspace/jazzy_ws/install/include/composition_interfaces/composition_interfaces/srv/detail/load_node__rosidl_typesupport_fastrtps_c.h
[7.960s] -- Installing: /workspace/jazzy_ws/install/include/composition_interfaces/composition_interfaces/srv/detail/list_nodes__rosidl_typesupport_fastrtps_c.h
[7.960s] -- Installing: /workspace/jazzy_ws/install/include/composition_interfaces/composition_interfaces/srv/detail/unload_node__rosidl_typesupport_fastrtps_c.h
[7.960s] -- Installing: /workspace/jazzy_ws/install/lib/libcomposition_interfaces__rosidl_typesupport_fastrtps_c.so
[7.960s] -- Set non-toolchain portion of runtime path of "/workspace/jazzy_ws/install/lib/libcomposition_interfaces__rosidl_typesupport_fastrtps_c.so" to ""
[7.960s] -- Up-to-date: /workspace/jazzy_ws/install/include/composition_interfaces/composition_interfaces
[7.960s] -- Up-to-date: /workspace/jazzy_ws/install/include/composition_interfaces/composition_interfaces/msg
[7.960s] -- Installing: /workspace/jazzy_ws/install/include/composition_interfaces/composition_interfaces/msg/rosidl_typesupport_introspection_c__visibility_control.h
[7.960s] -- Up-to-date: /workspace/jazzy_ws/install/include/composition_interfaces/composition_interfaces/srv
[7.960s] -- Up-to-date: /workspace/jazzy_ws/install/include/composition_interfaces/composition_interfaces/srv/detail
[7.960s] -- Installing: /workspace/jazzy_ws/install/include/composition_interfaces/composition_interfaces/srv/detail/load_node__rosidl_typesupport_introspection_c.h
[7.960s] -- Installing: /workspace/jazzy_ws/install/include/composition_interfaces/composition_interfaces/srv/detail/unload_node__rosidl_typesupport_introspection_c.h
[7.960s] -- Up-to-date: /workspace/jazzy_ws/install/include/composition_interfaces/composition_interfaces/srv/detail/load_node__type_support.c
[7.960s] -- Up-to-date: /workspace/jazzy_ws/install/include/composition_interfaces/composition_interfaces/srv/detail/list_nodes__type_support.c
[7.960s] -- Up-to-date: /workspace/jazzy_ws/install/include/composition_interfaces/composition_interfaces/srv/detail/unload_node__type_support.c
[7.960s] -- Installing: /workspace/jazzy_ws/install/include/composition_interfaces/composition_interfaces/srv/detail/list_nodes__rosidl_typesupport_introspection_c.h
[7.960s] -- Installing: /workspace/jazzy_ws/install/lib/libcomposition_interfaces__rosidl_typesupport_introspection_c.so
[7.960s] -- Set non-toolchain portion of runtime path of "/workspace/jazzy_ws/install/lib/libcomposition_interfaces__rosidl_typesupport_introspection_c.so" to ""
[7.961s] -- Installing: /workspace/jazzy_ws/install/lib/libcomposition_interfaces__rosidl_typesupport_c.so
[7.961s] -- Set non-toolchain portion of runtime path of "/workspace/jazzy_ws/install/lib/libcomposition_interfaces__rosidl_typesupport_c.so" to ""
[7.961s] -- Up-to-date: /workspace/jazzy_ws/install/include/composition_interfaces/composition_interfaces
[7.961s] -- Up-to-date: /workspace/jazzy_ws/install/include/composition_interfaces/composition_interfaces/msg
[7.961s] -- Installing: /workspace/jazzy_ws/install/include/composition_interfaces/composition_interfaces/msg/rosidl_generator_cpp__visibility_control.hpp
[7.961s] -- Up-to-date: /workspace/jazzy_ws/install/include/composition_interfaces/composition_interfaces/srv
[7.961s] -- Up-to-date: /workspace/jazzy_ws/install/include/composition_interfaces/composition_interfaces/srv/detail
[7.961s] -- Installing: /workspace/jazzy_ws/install/include/composition_interfaces/composition_interfaces/srv/detail/load_node__struct.hpp
[7.961s] -- Installing: /workspace/jazzy_ws/install/include/composition_interfaces/composition_interfaces/srv/detail/list_nodes__type_support.hpp
[7.961s] -- Installing: /workspace/jazzy_ws/install/include/composition_interfaces/composition_interfaces/srv/detail/unload_node__traits.hpp
[7.967s] -- Installing: /workspace/jazzy_ws/install/include/composition_interfaces/composition_interfaces/srv/detail/load_node__traits.hpp
[7.967s] -- Installing: /workspace/jazzy_ws/install/include/composition_interfaces/composition_interfaces/srv/detail/load_node__type_support.hpp
[7.967s] -- Installing: /workspace/jazzy_ws/install/include/composition_interfaces/composition_interfaces/srv/detail/list_nodes__traits.hpp
[7.967s] -- Installing: /workspace/jazzy_ws/install/include/composition_interfaces/composition_interfaces/srv/detail/unload_node__type_support.hpp
[7.968s] -- Installing: /workspace/jazzy_ws/install/include/composition_interfaces/composition_interfaces/srv/detail/unload_node__struct.hpp
[7.968s] -- Installing: /workspace/jazzy_ws/install/include/composition_interfaces/composition_interfaces/srv/detail/unload_node__builder.hpp
[7.968s] -- Installing: /workspace/jazzy_ws/install/include/composition_interfaces/composition_interfaces/srv/detail/list_nodes__builder.hpp
[7.968s] -- Installing: /workspace/jazzy_ws/install/include/composition_interfaces/composition_interfaces/srv/detail/load_node__builder.hpp
[7.968s] -- Installing: /workspace/jazzy_ws/install/include/composition_interfaces/composition_interfaces/srv/detail/list_nodes__struct.hpp
[7.968s] -- Installing: /workspace/jazzy_ws/install/include/composition_interfaces/composition_interfaces/srv/list_nodes.hpp
[7.968s] -- Installing: /workspace/jazzy_ws/install/include/composition_interfaces/composition_interfaces/srv/load_node.hpp
[7.968s] -- Installing: /workspace/jazzy_ws/install/include/composition_interfaces/composition_interfaces/srv/unload_node.hpp
[7.968s] -- Up-to-date: /workspace/jazzy_ws/install/include/composition_interfaces/composition_interfaces
[7.968s] -- Up-to-date: /workspace/jazzy_ws/install/include/composition_interfaces/composition_interfaces/msg
[7.968s] -- Installing: /workspace/jazzy_ws/install/include/composition_interfaces/composition_interfaces/msg/rosidl_typesupport_fastrtps_cpp__visibility_control.h
[7.968s] -- Up-to-date: /workspace/jazzy_ws/install/include/composition_interfaces/composition_interfaces/srv
[7.968s] -- Up-to-date: /workspace/jazzy_ws/install/include/composition_interfaces/composition_interfaces/srv/detail
[7.968s] -- Installing: /workspace/jazzy_ws/install/include/composition_interfaces/composition_interfaces/srv/detail/list_nodes__rosidl_typesupport_fastrtps_cpp.hpp
[7.968s] -- Installing: /workspace/jazzy_ws/install/include/composition_interfaces/composition_interfaces/srv/detail/load_node__rosidl_typesupport_fastrtps_cpp.hpp
[7.968s] -- Installing: /workspace/jazzy_ws/install/include/composition_interfaces/composition_interfaces/srv/detail/unload_node__rosidl_typesupport_fastrtps_cpp.hpp
[7.968s] -- Installing: /workspace/jazzy_ws/install/include/composition_interfaces/composition_interfaces/srv/detail/dds_fastrtps
[7.968s] -- Installing: /workspace/jazzy_ws/install/lib/libcomposition_interfaces__rosidl_typesupport_fastrtps_cpp.so
[7.968s] -- Set non-toolchain portion of runtime path of "/workspace/jazzy_ws/install/lib/libcomposition_interfaces__rosidl_typesupport_fastrtps_cpp.so" to ""
[7.968s] -- Up-to-date: /workspace/jazzy_ws/install/include/composition_interfaces/composition_interfaces
[7.968s] -- Up-to-date: /workspace/jazzy_ws/install/include/composition_interfaces/composition_interfaces/srv
[7.968s] -- Up-to-date: /workspace/jazzy_ws/install/include/composition_interfaces/composition_interfaces/srv/detail
[7.968s] -- Installing: /workspace/jazzy_ws/install/include/composition_interfaces/composition_interfaces/srv/detail/unload_node__rosidl_typesupport_introspection_cpp.hpp
[7.968s] -- Installing: /workspace/jazzy_ws/install/include/composition_interfaces/composition_interfaces/srv/detail/load_node__rosidl_typesupport_introspection_cpp.hpp
[7.968s] -- Installing: /workspace/jazzy_ws/install/include/composition_interfaces/composition_interfaces/srv/detail/load_node__type_support.cpp
[7.969s] -- Installing: /workspace/jazzy_ws/install/include/composition_interfaces/composition_interfaces/srv/detail/list_nodes__type_support.cpp
[7.969s] -- Installing: /workspace/jazzy_ws/install/include/composition_interfaces/composition_interfaces/srv/detail/list_nodes__rosidl_typesupport_introspection_cpp.hpp
[7.969s] -- Installing: /workspace/jazzy_ws/install/include/composition_interfaces/composition_interfaces/srv/detail/unload_node__type_support.cpp
[7.969s] -- Installing: /workspace/jazzy_ws/install/lib/libcomposition_interfaces__rosidl_typesupport_introspection_cpp.so
[7.970s] -- Set non-toolchain portion of runtime path of "/workspace/jazzy_ws/install/lib/libcomposition_interfaces__rosidl_typesupport_introspection_cpp.so" to ""
[7.970s] -- Installing: /workspace/jazzy_ws/install/lib/libcomposition_interfaces__rosidl_typesupport_cpp.so
[7.970s] -- Set non-toolchain portion of runtime path of "/workspace/jazzy_ws/install/lib/libcomposition_interfaces__rosidl_typesupport_cpp.so" to ""
[7.971s] -- Installing: /workspace/jazzy_ws/install/share/composition_interfaces/environment/pythonpath.sh
[7.971s] -- Installing: /workspace/jazzy_ws/install/share/composition_interfaces/environment/pythonpath.dsv
[7.973s] -- Installing: /workspace/jazzy_ws/install/lib/python3.12/site-packages/composition_interfaces-2.0.3-py3.12.egg-info
[7.975s] -- Installing: /workspace/jazzy_ws/install/lib/python3.12/site-packages/composition_interfaces-2.0.3-py3.12.egg-info/PKG-INFO
[7.975s] -- Installing: /workspace/jazzy_ws/install/lib/python3.12/site-packages/composition_interfaces-2.0.3-py3.12.egg-info/SOURCES.txt
[7.975s] -- Installing: /workspace/jazzy_ws/install/lib/python3.12/site-packages/composition_interfaces-2.0.3-py3.12.egg-info/top_level.txt
[7.975s] -- Installing: /workspace/jazzy_ws/install/lib/python3.12/site-packages/composition_interfaces-2.0.3-py3.12.egg-info/dependency_links.txt
[7.975s] -- Installing: /workspace/jazzy_ws/install/lib/python3.12/site-packages/composition_interfaces
[7.975s] -- Installing: /workspace/jazzy_ws/install/lib/python3.12/site-packages/composition_interfaces/composition_interfaces_s__rosidl_typesupport_introspection_c.so
[7.976s] -- Installing: /workspace/jazzy_ws/install/lib/python3.12/site-packages/composition_interfaces/__init__.py
[7.976s] -- Installing: /workspace/jazzy_ws/install/lib/python3.12/site-packages/composition_interfaces/_composition_interfaces_s.ep.rosidl_typesupport_fastrtps_c.c
[7.976s] -- Installing: /workspace/jazzy_ws/install/lib/python3.12/site-packages/composition_interfaces/composition_interfaces_s__rosidl_typesupport_fastrtps_c.so
[7.976s] -- Installing: /workspace/jazzy_ws/install/lib/python3.12/site-packages/composition_interfaces/_composition_interfaces_s.ep.rosidl_typesupport_c.c
[7.976s] -- Installing: /workspace/jazzy_ws/install/lib/python3.12/site-packages/composition_interfaces/srv
[7.976s] -- Installing: /workspace/jazzy_ws/install/lib/python3.12/site-packages/composition_interfaces/srv/_load_node.py
[7.976s] -- Installing: /workspace/jazzy_ws/install/lib/python3.12/site-packages/composition_interfaces/srv/_list_nodes.py
[7.976s] -- Installing: /workspace/jazzy_ws/install/lib/python3.12/site-packages/composition_interfaces/srv/_list_nodes_s.c
[7.978s] -- Installing: /workspace/jazzy_ws/install/lib/python3.12/site-packages/composition_interfaces/srv/_load_node_s.c
[7.979s] -- Installing: /workspace/jazzy_ws/install/lib/python3.12/site-packages/composition_interfaces/srv/__init__.py
[7.979s] -- Installing: /workspace/jazzy_ws/install/lib/python3.12/site-packages/composition_interfaces/srv/_unload_node_s.c
[7.979s] -- Installing: /workspace/jazzy_ws/install/lib/python3.12/site-packages/composition_interfaces/srv/_unload_node.py
[7.979s] -- Installing: /workspace/jazzy_ws/install/lib/python3.12/site-packages/composition_interfaces/composition_interfaces_s__rosidl_typesupport_c.so
[7.979s] -- Installing: /workspace/jazzy_ws/install/lib/python3.12/site-packages/composition_interfaces/_composition_interfaces_s.ep.rosidl_typesupport_introspection_c.c
[8.075s] Listing '/workspace/jazzy_ws/install/lib/python3.12/site-packages/composition_interfaces'...
[8.075s] Compiling '/workspace/jazzy_ws/install/lib/python3.12/site-packages/composition_interfaces/__init__.py'...
[8.075s] Listing '/workspace/jazzy_ws/install/lib/python3.12/site-packages/composition_interfaces/srv'...
[8.076s] Compiling '/workspace/jazzy_ws/install/lib/python3.12/site-packages/composition_interfaces/srv/__init__.py'...
[8.076s] Compiling '/workspace/jazzy_ws/install/lib/python3.12/site-packages/composition_interfaces/srv/_list_nodes.py'...
[8.076s] Compiling '/workspace/jazzy_ws/install/lib/python3.12/site-packages/composition_interfaces/srv/_load_node.py'...
[8.076s] Compiling '/workspace/jazzy_ws/install/lib/python3.12/site-packages/composition_interfaces/srv/_unload_node.py'...
[8.089s] -- Installing: /workspace/jazzy_ws/install/lib/python3.12/site-packages/composition_interfaces/composition_interfaces_s__rosidl_typesupport_fastrtps_c.so
[8.089s] -- Set non-toolchain portion of runtime path of "/workspace/jazzy_ws/install/lib/python3.12/site-packages/composition_interfaces/composition_interfaces_s__rosidl_typesupport_fastrtps_c.so" to ""
[8.091s] -- Installing: /workspace/jazzy_ws/install/lib/python3.12/site-packages/composition_interfaces/composition_interfaces_s__rosidl_typesupport_introspection_c.so
[8.091s] -- Set non-toolchain portion of runtime path of "/workspace/jazzy_ws/install/lib/python3.12/site-packages/composition_interfaces/composition_interfaces_s__rosidl_typesupport_introspection_c.so" to ""
[8.091s] -- Installing: /workspace/jazzy_ws/install/lib/python3.12/site-packages/composition_interfaces/composition_interfaces_s__rosidl_typesupport_c.so
[8.091s] -- Set non-toolchain portion of runtime path of "/workspace/jazzy_ws/install/lib/python3.12/site-packages/composition_interfaces/composition_interfaces_s__rosidl_typesupport_c.so" to ""
[8.091s] -- Installing: /workspace/jazzy_ws/install/lib/libcomposition_interfaces__rosidl_generator_py.so
[8.092s] -- Set non-toolchain portion of runtime path of "/workspace/jazzy_ws/install/lib/libcomposition_interfaces__rosidl_generator_py.so" to ""
[8.092s] -- Installing: /workspace/jazzy_ws/install/share/composition_interfaces/srv/LoadNode.idl
[8.092s] -- Installing: /workspace/jazzy_ws/install/share/composition_interfaces/srv/ListNodes.idl
[8.094s] -- Installing: /workspace/jazzy_ws/install/share/composition_interfaces/srv/UnloadNode.idl
[8.095s] -- Installing: /workspace/jazzy_ws/install/share/composition_interfaces/srv/LoadNode.srv
[8.095s] -- Installing: /workspace/jazzy_ws/install/share/composition_interfaces/srv/ListNodes.srv
[8.095s] -- Installing: /workspace/jazzy_ws/install/share/composition_interfaces/srv/UnloadNode.srv
[8.095s] -- Installing: /workspace/jazzy_ws/install/share/ament_index/resource_index/package_run_dependencies/composition_interfaces
[8.095s] -- Installing: /workspace/jazzy_ws/install/share/ament_index/resource_index/parent_prefix_path/composition_interfaces
[8.095s] -- Installing: /workspace/jazzy_ws/install/share/composition_interfaces/environment/ament_prefix_path.sh
[8.095s] -- Installing: /workspace/jazzy_ws/install/share/composition_interfaces/environment/ament_prefix_path.dsv
[8.096s] -- Installing: /workspace/jazzy_ws/install/share/composition_interfaces/environment/path.sh
[8.096s] -- Installing: /workspace/jazzy_ws/install/share/composition_interfaces/environment/path.dsv
[8.096s] -- Installing: /workspace/jazzy_ws/install/share/composition_interfaces/local_setup.bash
[8.096s] -- Installing: /workspace/jazzy_ws/install/share/composition_interfaces/local_setup.sh
[8.096s] -- Installing: /workspace/jazzy_ws/install/share/composition_interfaces/local_setup.zsh
[8.096s] -- Installing: /workspace/jazzy_ws/install/share/composition_interfaces/local_setup.dsv
[8.096s] -- Installing: /workspace/jazzy_ws/install/share/composition_interfaces/package.dsv
[8.097s] -- Installing: /workspace/jazzy_ws/install/share/ament_index/resource_index/packages/composition_interfaces
[8.097s] -- Installing: /workspace/jazzy_ws/install/share/composition_interfaces/cmake/export_composition_interfaces__rosidl_generator_cExport.cmake
[8.097s] -- Installing: /workspace/jazzy_ws/install/share/composition_interfaces/cmake/export_composition_interfaces__rosidl_generator_cExport-noconfig.cmake
[8.101s] -- Installing: /workspace/jazzy_ws/install/share/composition_interfaces/cmake/export_composition_interfaces__rosidl_typesupport_fastrtps_cExport.cmake
[8.101s] -- Installing: /workspace/jazzy_ws/install/share/composition_interfaces/cmake/export_composition_interfaces__rosidl_typesupport_fastrtps_cExport-noconfig.cmake
[8.101s] -- Installing: /workspace/jazzy_ws/install/share/composition_interfaces/cmake/composition_interfaces__rosidl_typesupport_introspection_cExport.cmake
[8.101s] -- Installing: /workspace/jazzy_ws/install/share/composition_interfaces/cmake/composition_interfaces__rosidl_typesupport_introspection_cExport-noconfig.cmake
[8.102s] -- Installing: /workspace/jazzy_ws/install/share/composition_interfaces/cmake/composition_interfaces__rosidl_typesupport_cExport.cmake
[8.102s] -- Installing: /workspace/jazzy_ws/install/share/composition_interfaces/cmake/composition_interfaces__rosidl_typesupport_cExport-noconfig.cmake
[8.104s] -- Installing: /workspace/jazzy_ws/install/share/composition_interfaces/cmake/export_composition_interfaces__rosidl_generator_cppExport.cmake
[8.104s] -- Installing: /workspace/jazzy_ws/install/share/composition_interfaces/cmake/export_composition_interfaces__rosidl_typesupport_fastrtps_cppExport.cmake
[8.104s] -- Installing: /workspace/jazzy_ws/install/share/composition_interfaces/cmake/export_composition_interfaces__rosidl_typesupport_fastrtps_cppExport-noconfig.cmake
[8.104s] -- Installing: /workspace/jazzy_ws/install/share/composition_interfaces/cmake/composition_interfaces__rosidl_typesupport_introspection_cppExport.cmake
[8.104s] -- Installing: /workspace/jazzy_ws/install/share/composition_interfaces/cmake/composition_interfaces__rosidl_typesupport_introspection_cppExport-noconfig.cmake
[8.104s] -- Installing: /workspace/jazzy_ws/install/share/composition_interfaces/cmake/composition_interfaces__rosidl_typesupport_cppExport.cmake
[8.104s] -- Installing: /workspace/jazzy_ws/install/share/composition_interfaces/cmake/composition_interfaces__rosidl_typesupport_cppExport-noconfig.cmake
[8.104s] -- Installing: /workspace/jazzy_ws/install/share/composition_interfaces/cmake/export_composition_interfaces__rosidl_generator_pyExport.cmake
[8.104s] -- Installing: /workspace/jazzy_ws/install/share/composition_interfaces/cmake/export_composition_interfaces__rosidl_generator_pyExport-noconfig.cmake
[8.104s] -- Installing: /workspace/jazzy_ws/install/share/composition_interfaces/cmake/rosidl_cmake-extras.cmake
[8.104s] -- Installing: /workspace/jazzy_ws/install/share/composition_interfaces/cmake/ament_cmake_export_dependencies-extras.cmake
[8.104s] -- Installing: /workspace/jazzy_ws/install/share/composition_interfaces/cmake/ament_cmake_export_include_directories-extras.cmake
[8.104s] -- Installing: /workspace/jazzy_ws/install/share/composition_interfaces/cmake/ament_cmake_export_libraries-extras.cmake
[8.104s] -- Installing: /workspace/jazzy_ws/install/share/composition_interfaces/cmake/ament_cmake_export_targets-extras.cmake
[8.104s] -- Installing: /workspace/jazzy_ws/install/share/composition_interfaces/cmake/rosidl_cmake_export_typesupport_targets-extras.cmake
[8.104s] -- Installing: /workspace/jazzy_ws/install/share/composition_interfaces/cmake/rosidl_cmake_export_typesupport_libraries-extras.cmake
[8.104s] -- Installing: /workspace/jazzy_ws/install/share/composition_interfaces/cmake/composition_interfacesConfig.cmake
[8.104s] -- Installing: /workspace/jazzy_ws/install/share/composition_interfaces/cmake/composition_interfacesConfig-version.cmake
[8.104s] -- Installing: /workspace/jazzy_ws/install/share/composition_interfaces/package.xml
[8.112s] Invoked command in '/workspace/jazzy_ws/build/composition_interfaces' returned '0': AMENT_PREFIX_PATH=/workspace/jazzy_ws/install CMAKE_PREFIX_PATH=/workspace/jazzy_ws/install LD_LIBRARY_PATH=/workspace/jazzy_ws/install/lib:/workspace/jazzy_ws/install/opt/mimick_vendor/lib PATH=/workspace/jazzy_ws/install/bin:/workspace/jazzy_ws/install/opt/uncrustify_vendor/bin:${PATH} PKG_CONFIG_PATH=/workspace/jazzy_ws/install/lib/x86_64-linux-gnu/pkgconfig:/workspace/jazzy_ws/install/lib/pkgconfig PYTHONPATH=/workspace/jazzy_ws/install/lib/python3.12/site-packages /usr/bin/cmake --install /workspace/jazzy_ws/build/composition_interfaces
