running egg_info
creating ../../../build/domain_coordinator/domain_coordinator.egg-info
writing ../../../build/domain_coordinator/domain_coordinator.egg-info/PKG-INFO
writing dependency_links to ../../../build/domain_coordinator/domain_coordinator.egg-info/dependency_links.txt
writing requirements to ../../../build/domain_coordinator/domain_coordinator.egg-info/requires.txt
writing top-level names to ../../../build/domain_coordinator/domain_coordinator.egg-info/top_level.txt
writing manifest file '../../../build/domain_coordinator/domain_coordinator.egg-info/SOURCES.txt'
reading manifest file '../../../build/domain_coordinator/domain_coordinator.egg-info/SOURCES.txt'
writing manifest file '../../../build/domain_coordinator/domain_coordinator.egg-info/SOURCES.txt'
running build
running build_py
creating /workspace/jazzy_ws/build/domain_coordinator/build/lib/domain_coordinator
copying domain_coordinator/__init__.py -> /workspace/jazzy_ws/build/domain_coordinator/build/lib/domain_coordinator
copying domain_coordinator/impl.py -> /workspace/jazzy_ws/build/domain_coordinator/build/lib/domain_coordinator
running install
running install_lib
creating /workspace/jazzy_ws/install/lib/python3.12/site-packages/domain_coordinator
copying /workspace/jazzy_ws/build/domain_coordinator/build/lib/domain_coordinator/__init__.py -> /workspace/jazzy_ws/install/lib/python3.12/site-packages/domain_coordinator
copying /workspace/jazzy_ws/build/domain_coordinator/build/lib/domain_coordinator/impl.py -> /workspace/jazzy_ws/install/lib/python3.12/site-packages/domain_coordinator
byte-compiling /workspace/jazzy_ws/install/lib/python3.12/site-packages/domain_coordinator/__init__.py to __init__.cpython-312.pyc
byte-compiling /workspace/jazzy_ws/install/lib/python3.12/site-packages/domain_coordinator/impl.py to impl.cpython-312.pyc
running install_data
copying package.xml -> /workspace/jazzy_ws/install/share/domain_coordinator
copying resource/domain_coordinator -> /workspace/jazzy_ws/install/share/ament_index/resource_index/packages
running install_egg_info
Copying ../../../build/domain_coordinator/domain_coordinator.egg-info to /workspace/jazzy_ws/install/lib/python3.12/site-packages/domain_coordinator-0.12.0-py3.12.egg-info
running install_scripts
writing list of installed files to '/workspace/jazzy_ws/build/domain_coordinator/install.log'
