[0.735s] Invoking command in '/workspace/jazzy_ws/src/ament_cmake_ros/domain_coordinator': AMENT_PREFIX_PATH=/workspace/jazzy_ws/install CMAKE_PREFIX_PATH=/workspace/jazzy_ws/install LD_LIBRARY_PATH=/workspace/jazzy_ws/install/lib PATH=/workspace/jazzy_ws/install/bin:${PATH} PYTHONPATH=/workspace/jazzy_ws/build/domain_coordinator/prefix_override:/usr/lib/python3/dist-packages/colcon_core/task/python/colcon_distutils_commands:/workspace/jazzy_ws/install/lib/python3.12/site-packages:/workspace/jazzy_ws/install/lib/python3.12/site-packages /usr/bin/python3 -W ignore:setup.py install is deprecated -W ignore:easy_install command is deprecated setup.py egg_info --egg-base ../../../build/domain_coordinator build --build-base /workspace/jazzy_ws/build/domain_coordinator/build install --record /workspace/jazzy_ws/build/domain_coordinator/install.log --single-version-externally-managed install_data
[0.815s] /usr/local/lib/python3.12/dist-packages/setuptools/_distutils/dist.py:287: UserWarning: Unknown distribution option: 'tests_require'
[0.815s]   warnings.warn(msg)
[0.823s] /usr/local/lib/python3.12/dist-packages/setuptools/dist.py:765: SetuptoolsDeprecationWarning: License classifiers are deprecated.
[0.823s] !!
[0.824s] 
[0.824s]         ********************************************************************************
[0.824s]         Please consider removing the following classifiers in favor of a SPDX license expression:
[0.824s] 
[0.824s]         License :: OSI Approved :: Apache Software License
[0.824s] 
[0.824s]         See https://packaging.python.org/en/latest/guides/writing-pyproject-toml/#license for details.
[0.824s]         ********************************************************************************
[0.824s] 
[0.824s] !!
[0.824s]   self._finalize_license_expression()
[0.840s] running egg_info
[0.845s] creating ../../../build/domain_coordinator/domain_coordinator.egg-info
[0.845s] writing ../../../build/domain_coordinator/domain_coordinator.egg-info/PKG-INFO
[0.845s] writing dependency_links to ../../../build/domain_coordinator/domain_coordinator.egg-info/dependency_links.txt
[0.845s] writing requirements to ../../../build/domain_coordinator/domain_coordinator.egg-info/requires.txt
[0.845s] writing top-level names to ../../../build/domain_coordinator/domain_coordinator.egg-info/top_level.txt
[0.845s] writing manifest file '../../../build/domain_coordinator/domain_coordinator.egg-info/SOURCES.txt'
[0.863s] reading manifest file '../../../build/domain_coordinator/domain_coordinator.egg-info/SOURCES.txt'
[0.863s] writing manifest file '../../../build/domain_coordinator/domain_coordinator.egg-info/SOURCES.txt'
[0.863s] running build
[0.863s] running build_py
[0.863s] creating /workspace/jazzy_ws/build/domain_coordinator/build/lib/domain_coordinator
[0.863s] copying domain_coordinator/__init__.py -> /workspace/jazzy_ws/build/domain_coordinator/build/lib/domain_coordinator
[0.863s] copying domain_coordinator/impl.py -> /workspace/jazzy_ws/build/domain_coordinator/build/lib/domain_coordinator
[0.863s] running install
[0.863s] running install_lib
[0.863s] creating /workspace/jazzy_ws/install/lib/python3.12/site-packages/domain_coordinator
[0.863s] copying /workspace/jazzy_ws/build/domain_coordinator/build/lib/domain_coordinator/__init__.py -> /workspace/jazzy_ws/install/lib/python3.12/site-packages/domain_coordinator
[0.863s] copying /workspace/jazzy_ws/build/domain_coordinator/build/lib/domain_coordinator/impl.py -> /workspace/jazzy_ws/install/lib/python3.12/site-packages/domain_coordinator
[0.863s] byte-compiling /workspace/jazzy_ws/install/lib/python3.12/site-packages/domain_coordinator/__init__.py to __init__.cpython-312.pyc
[0.863s] byte-compiling /workspace/jazzy_ws/install/lib/python3.12/site-packages/domain_coordinator/impl.py to impl.cpython-312.pyc
[0.863s] running install_data
[0.863s] copying package.xml -> /workspace/jazzy_ws/install/share/domain_coordinator
[0.863s] copying resource/domain_coordinator -> /workspace/jazzy_ws/install/share/ament_index/resource_index/packages
[0.863s] running install_egg_info
[0.866s] Copying ../../../build/domain_coordinator/domain_coordinator.egg-info to /workspace/jazzy_ws/install/lib/python3.12/site-packages/domain_coordinator-0.12.0-py3.12.egg-info
[0.867s] running install_scripts
[0.888s] writing list of installed files to '/workspace/jazzy_ws/build/domain_coordinator/install.log'
[0.913s] Invoked command in '/workspace/jazzy_ws/src/ament_cmake_ros/domain_coordinator' returned '0': AMENT_PREFIX_PATH=/workspace/jazzy_ws/install CMAKE_PREFIX_PATH=/workspace/jazzy_ws/install LD_LIBRARY_PATH=/workspace/jazzy_ws/install/lib PATH=/workspace/jazzy_ws/install/bin:${PATH} PYTHONPATH=/workspace/jazzy_ws/build/domain_coordinator/prefix_override:/usr/lib/python3/dist-packages/colcon_core/task/python/colcon_distutils_commands:/workspace/jazzy_ws/install/lib/python3.12/site-packages:/workspace/jazzy_ws/install/lib/python3.12/site-packages /usr/bin/python3 -W ignore:setup.py install is deprecated -W ignore:easy_install command is deprecated setup.py egg_info --egg-base ../../../build/domain_coordinator build --build-base /workspace/jazzy_ws/build/domain_coordinator/build install --record /workspace/jazzy_ws/build/domain_coordinator/install.log --single-version-externally-managed install_data
