running egg_info
creating ../../../build/rosidl_cli/rosidl_cli.egg-info
writing ../../../build/rosidl_cli/rosidl_cli.egg-info/PKG-INFO
writing dependency_links to ../../../build/rosidl_cli/rosidl_cli.egg-info/dependency_links.txt
writing entry points to ../../../build/rosidl_cli/rosidl_cli.egg-info/entry_points.txt
writing requirements to ../../../build/rosidl_cli/rosidl_cli.egg-info/requires.txt
writing top-level names to ../../../build/rosidl_cli/rosidl_cli.egg-info/top_level.txt
writing manifest file '../../../build/rosidl_cli/rosidl_cli.egg-info/SOURCES.txt'
reading manifest file '../../../build/rosidl_cli/rosidl_cli.egg-info/SOURCES.txt'
writing manifest file '../../../build/rosidl_cli/rosidl_cli.egg-info/SOURCES.txt'
running build
running build_py
creating /workspace/jazzy_ws/build/rosidl_cli/build/lib/rosidl_cli
copying rosidl_cli/cli.py -> /workspace/jazzy_ws/build/rosidl_cli/build/lib/rosidl_cli
copying rosidl_cli/__init__.py -> /workspace/jazzy_ws/build/rosidl_cli/build/lib/rosidl_cli
copying rosidl_cli/entry_points.py -> /workspace/jazzy_ws/build/rosidl_cli/build/lib/rosidl_cli
copying rosidl_cli/extensions.py -> /workspace/jazzy_ws/build/rosidl_cli/build/lib/rosidl_cli
copying rosidl_cli/common.py -> /workspace/jazzy_ws/build/rosidl_cli/build/lib/rosidl_cli
creating /workspace/jazzy_ws/build/rosidl_cli/build/lib/rosidl_cli/command
copying rosidl_cli/command/__init__.py -> /workspace/jazzy_ws/build/rosidl_cli/build/lib/rosidl_cli/command
copying rosidl_cli/command/helpers.py -> /workspace/jazzy_ws/build/rosidl_cli/build/lib/rosidl_cli/command
creating /workspace/jazzy_ws/build/rosidl_cli/build/lib/rosidl_cli/command/generate
copying rosidl_cli/command/generate/api.py -> /workspace/jazzy_ws/build/rosidl_cli/build/lib/rosidl_cli/command/generate
copying rosidl_cli/command/generate/__init__.py -> /workspace/jazzy_ws/build/rosidl_cli/build/lib/rosidl_cli/command/generate
copying rosidl_cli/command/generate/extensions.py -> /workspace/jazzy_ws/build/rosidl_cli/build/lib/rosidl_cli/command/generate
creating /workspace/jazzy_ws/build/rosidl_cli/build/lib/rosidl_cli/command/translate
copying rosidl_cli/command/translate/api.py -> /workspace/jazzy_ws/build/rosidl_cli/build/lib/rosidl_cli/command/translate
copying rosidl_cli/command/translate/__init__.py -> /workspace/jazzy_ws/build/rosidl_cli/build/lib/rosidl_cli/command/translate
copying rosidl_cli/command/translate/extensions.py -> /workspace/jazzy_ws/build/rosidl_cli/build/lib/rosidl_cli/command/translate
creating /workspace/jazzy_ws/build/rosidl_cli/build/lib/rosidl_cli/command/hash
copying rosidl_cli/command/hash/api.py -> /workspace/jazzy_ws/build/rosidl_cli/build/lib/rosidl_cli/command/hash
copying rosidl_cli/command/hash/__init__.py -> /workspace/jazzy_ws/build/rosidl_cli/build/lib/rosidl_cli/command/hash
copying rosidl_cli/command/hash/extensions.py -> /workspace/jazzy_ws/build/rosidl_cli/build/lib/rosidl_cli/command/hash
running install
running install_lib
creating /workspace/jazzy_ws/install/lib/python3.12/site-packages/rosidl_cli
copying /workspace/jazzy_ws/build/rosidl_cli/build/lib/rosidl_cli/cli.py -> /workspace/jazzy_ws/install/lib/python3.12/site-packages/rosidl_cli
copying /workspace/jazzy_ws/build/rosidl_cli/build/lib/rosidl_cli/__init__.py -> /workspace/jazzy_ws/install/lib/python3.12/site-packages/rosidl_cli
creating /workspace/jazzy_ws/install/lib/python3.12/site-packages/rosidl_cli/command
creating /workspace/jazzy_ws/install/lib/python3.12/site-packages/rosidl_cli/command/generate
copying /workspace/jazzy_ws/build/rosidl_cli/build/lib/rosidl_cli/command/generate/api.py -> /workspace/jazzy_ws/install/lib/python3.12/site-packages/rosidl_cli/command/generate
copying /workspace/jazzy_ws/build/rosidl_cli/build/lib/rosidl_cli/command/generate/__init__.py -> /workspace/jazzy_ws/install/lib/python3.12/site-packages/rosidl_cli/command/generate
copying /workspace/jazzy_ws/build/rosidl_cli/build/lib/rosidl_cli/command/generate/extensions.py -> /workspace/jazzy_ws/install/lib/python3.12/site-packages/rosidl_cli/command/generate
creating /workspace/jazzy_ws/install/lib/python3.12/site-packages/rosidl_cli/command/translate
copying /workspace/jazzy_ws/build/rosidl_cli/build/lib/rosidl_cli/command/translate/api.py -> /workspace/jazzy_ws/install/lib/python3.12/site-packages/rosidl_cli/command/translate
copying /workspace/jazzy_ws/build/rosidl_cli/build/lib/rosidl_cli/command/translate/__init__.py -> /workspace/jazzy_ws/install/lib/python3.12/site-packages/rosidl_cli/command/translate
copying /workspace/jazzy_ws/build/rosidl_cli/build/lib/rosidl_cli/command/translate/extensions.py -> /workspace/jazzy_ws/install/lib/python3.12/site-packages/rosidl_cli/command/translate
copying /workspace/jazzy_ws/build/rosidl_cli/build/lib/rosidl_cli/command/__init__.py -> /workspace/jazzy_ws/install/lib/python3.12/site-packages/rosidl_cli/command
creating /workspace/jazzy_ws/install/lib/python3.12/site-packages/rosidl_cli/command/hash
copying /workspace/jazzy_ws/build/rosidl_cli/build/lib/rosidl_cli/command/hash/api.py -> /workspace/jazzy_ws/install/lib/python3.12/site-packages/rosidl_cli/command/hash
copying /workspace/jazzy_ws/build/rosidl_cli/build/lib/rosidl_cli/command/hash/__init__.py -> /workspace/jazzy_ws/install/lib/python3.12/site-packages/rosidl_cli/command/hash
copying /workspace/jazzy_ws/build/rosidl_cli/build/lib/rosidl_cli/command/hash/extensions.py -> /workspace/jazzy_ws/install/lib/python3.12/site-packages/rosidl_cli/command/hash
copying /workspace/jazzy_ws/build/rosidl_cli/build/lib/rosidl_cli/command/helpers.py -> /workspace/jazzy_ws/install/lib/python3.12/site-packages/rosidl_cli/command
copying /workspace/jazzy_ws/build/rosidl_cli/build/lib/rosidl_cli/entry_points.py -> /workspace/jazzy_ws/install/lib/python3.12/site-packages/rosidl_cli
copying /workspace/jazzy_ws/build/rosidl_cli/build/lib/rosidl_cli/extensions.py -> /workspace/jazzy_ws/install/lib/python3.12/site-packages/rosidl_cli
copying /workspace/jazzy_ws/build/rosidl_cli/build/lib/rosidl_cli/common.py -> /workspace/jazzy_ws/install/lib/python3.12/site-packages/rosidl_cli
byte-compiling /workspace/jazzy_ws/install/lib/python3.12/site-packages/rosidl_cli/cli.py to cli.cpython-312.pyc
byte-compiling /workspace/jazzy_ws/install/lib/python3.12/site-packages/rosidl_cli/__init__.py to __init__.cpython-312.pyc
byte-compiling /workspace/jazzy_ws/install/lib/python3.12/site-packages/rosidl_cli/command/generate/api.py to api.cpython-312.pyc
byte-compiling /workspace/jazzy_ws/install/lib/python3.12/site-packages/rosidl_cli/command/generate/__init__.py to __init__.cpython-312.pyc
byte-compiling /workspace/jazzy_ws/install/lib/python3.12/site-packages/rosidl_cli/command/generate/extensions.py to extensions.cpython-312.pyc
byte-compiling /workspace/jazzy_ws/install/lib/python3.12/site-packages/rosidl_cli/command/translate/api.py to api.cpython-312.pyc
byte-compiling /workspace/jazzy_ws/install/lib/python3.12/site-packages/rosidl_cli/command/translate/__init__.py to __init__.cpython-312.pyc
byte-compiling /workspace/jazzy_ws/install/lib/python3.12/site-packages/rosidl_cli/command/translate/extensions.py to extensions.cpython-312.pyc
byte-compiling /workspace/jazzy_ws/install/lib/python3.12/site-packages/rosidl_cli/command/__init__.py to __init__.cpython-312.pyc
byte-compiling /workspace/jazzy_ws/install/lib/python3.12/site-packages/rosidl_cli/command/hash/api.py to api.cpython-312.pyc
byte-compiling /workspace/jazzy_ws/install/lib/python3.12/site-packages/rosidl_cli/command/hash/__init__.py to __init__.cpython-312.pyc
byte-compiling /workspace/jazzy_ws/install/lib/python3.12/site-packages/rosidl_cli/command/hash/extensions.py to extensions.cpython-312.pyc
byte-compiling /workspace/jazzy_ws/install/lib/python3.12/site-packages/rosidl_cli/command/helpers.py to helpers.cpython-312.pyc
byte-compiling /workspace/jazzy_ws/install/lib/python3.12/site-packages/rosidl_cli/entry_points.py to entry_points.cpython-312.pyc
byte-compiling /workspace/jazzy_ws/install/lib/python3.12/site-packages/rosidl_cli/extensions.py to extensions.cpython-312.pyc
byte-compiling /workspace/jazzy_ws/install/lib/python3.12/site-packages/rosidl_cli/common.py to common.cpython-312.pyc
running install_data
copying resource/rosidl_cli -> /workspace/jazzy_ws/install/share/ament_index/resource_index/packages
copying package.xml -> /workspace/jazzy_ws/install/share/rosidl_cli
copying resource/package.dsv -> /workspace/jazzy_ws/install/share/rosidl_cli
creating /workspace/jazzy_ws/install/share/rosidl_cli/environment
copying completion/rosidl-argcomplete.bash -> /workspace/jazzy_ws/install/share/rosidl_cli/environment
copying completion/rosidl-argcomplete.zsh -> /workspace/jazzy_ws/install/share/rosidl_cli/environment
running install_egg_info
Copying ../../../build/rosidl_cli/rosidl_cli.egg-info to /workspace/jazzy_ws/install/lib/python3.12/site-packages/rosidl_cli-4.6.7-py3.12.egg-info
running install_scripts
Installing rosidl script to /workspace/jazzy_ws/install/bin
writing list of installed files to '/workspace/jazzy_ws/build/rosidl_cli/install.log'
