-- The C compiler identification is GNU 13.3.0
-- The CXX compiler identification is GNU 13.3.0
-- Detecting C compiler ABI info
-- Detecting C compiler ABI info - done
-- Check for working C compiler: /usr/bin/cc - skipped
-- Detecting C compile features
-- Detecting C compile features - done
-- Detecting CXX compiler ABI info
-- Detecting CXX compiler ABI info - done
-- Check for working CXX compiler: /usr/bin/c++ - skipped
-- Detecting CXX compile features
-- Detecting CXX compile features - done
-- Found ament_cmake: 2.5.5 (/workspace/jazzy_ws/install/share/ament_cmake/cmake)
-- Found Python3: /usr/bin/python3 (found version "3.12.3") found components: Interpreter 
-- Found ament_cmake_pytest: 2.5.5 (/workspace/jazzy_ws/install/share/ament_cmake_pytest/cmake)
-- Found rmw: 7.3.3 (/workspace/jazzy_ws/install/share/rmw/cmake)
-- Found rosidl_cmake: 4.6.7 (/workspace/jazzy_ws/install/share/rosidl_cmake/cmake)
-- Found rosidl_adapter: 4.6.7 (/workspace/jazzy_ws/install/share/rosidl_adapter/cmake)
-- Found ament_lint_auto: 0.17.4 (/workspace/jazzy_ws/install/share/ament_lint_auto/cmake)
-- Using all available rosidl_typesupport_c: rosidl_typesupport_fastrtps_c;rosidl_typesupport_introspection_c
-- Found PythonExtra: /usr/bin/python3  
-- Found ament_cmake_ros: 0.12.0 (/workspace/jazzy_ws/install/share/ament_cmake_ros/cmake)
-- Found rosidl_typesupport_fastrtps_cpp: 3.6.3 (/workspace/jazzy_ws/install/share/rosidl_typesupport_fastrtps_cpp/cmake)
-- Found rosidl_runtime_cpp: 4.6.7 (/workspace/jazzy_ws/install/share/rosidl_runtime_cpp/cmake)
-- Using all available rosidl_typesupport_c: rosidl_typesupport_fastrtps_c;rosidl_typesupport_introspection_c
-- Found Python3: /usr/bin/python3 (found version "3.12.3") found components: Interpreter Development NumPy Development.Module Development.Embed 
-- Added test 'copyright' to check source files copyright and LICENSE
-- Added test 'flake8' to check Python code syntax and style conventions
-- Configured 'flake8' exclude dirs and/or files: 
-- Added test 'lint_cmake' to check CMake code style
-- Added test 'pep257' to check Python code against some of the docstring style conventions in PEP 257
-- Added test 'xmllint' to check XML markup files
-- Configuring done (1.7s)
-- Generating done (0.0s)
-- Build files have been written to: /workspace/jazzy_ws/build/rosidl_generator_py
[  1%] Generating type hashes for ROS interfaces
[  1%] Built target ament_cmake_python_copy_rosidl_generator_py_setup
[  1%] Built target ament_cmake_python_copy_rosidl_generator_py
running egg_info
creating rosidl_generator_py.egg-info
writing rosidl_generator_py.egg-info/PKG-INFO
writing dependency_links to rosidl_generator_py.egg-info/dependency_links.txt
writing entry points to rosidl_generator_py.egg-info/entry_points.txt
writing top-level names to rosidl_generator_py.egg-info/top_level.txt
writing manifest file 'rosidl_generator_py.egg-info/SOURCES.txt'
reading manifest file 'rosidl_generator_py.egg-info/SOURCES.txt'
writing manifest file 'rosidl_generator_py.egg-info/SOURCES.txt'
[  1%] Built target ament_cmake_python_build_rosidl_generator_py_egg
[  1%] Built target rosidl_generator_py_custom__rosidl_generator_type_description
[  2%] Generating C code for ROS interfaces
[  2%] Generating C++ code for ROS interfaces
[  2%] Built target rosidl_generator_py_custom__cpp
[  3%] Building C object CMakeFiles/rosidl_generator_py_custom__rosidl_generator_c.dir/rosidl_generator_c/rosidl_generator_py/msg/detail/builtin_type_sequences_idl__type_support.c.o
[  3%] Building C object CMakeFiles/rosidl_generator_py_custom__rosidl_generator_c.dir/rosidl_generator_c/rosidl_generator_py/msg/detail/builtin_type_sequences_idl__description.c.o
[  4%] Building C object CMakeFiles/rosidl_generator_py_custom__rosidl_generator_c.dir/rosidl_generator_c/rosidl_generator_py/msg/detail/builtin_type_sequences_idl__functions.c.o
[  6%] Building C object CMakeFiles/rosidl_generator_py_custom__rosidl_generator_c.dir/rosidl_generator_c/rosidl_generator_py/msg/detail/arrays__functions.c.o
[  6%] Building C object CMakeFiles/rosidl_generator_py_custom__rosidl_generator_c.dir/rosidl_generator_c/rosidl_generator_py/msg/detail/arrays__description.c.o
[  7%] Building C object CMakeFiles/rosidl_generator_py_custom__rosidl_generator_c.dir/rosidl_generator_c/rosidl_generator_py/msg/detail/bounded_plain_sequences__type_support.c.o
[  8%] Building C object CMakeFiles/rosidl_generator_py_custom__rosidl_generator_c.dir/rosidl_generator_c/rosidl_generator_py/msg/detail/basic_types__description.c.o
[  9%] Building C object CMakeFiles/rosidl_generator_py_custom__rosidl_generator_c.dir/rosidl_generator_c/rosidl_generator_py/msg/detail/bounded_plain_sequences__description.c.o
[ 10%] Building C object CMakeFiles/rosidl_generator_py_custom__rosidl_generator_c.dir/rosidl_generator_c/rosidl_generator_py/msg/detail/basic_types__type_support.c.o
[ 11%] Building C object CMakeFiles/rosidl_generator_py_custom__rosidl_generator_c.dir/rosidl_generator_c/rosidl_generator_py/msg/detail/bounded_sequences__description.c.o
[ 13%] Building C object CMakeFiles/rosidl_generator_py_custom__rosidl_generator_c.dir/rosidl_generator_c/rosidl_generator_py/msg/detail/constants__description.c.o
[ 13%] Building C object CMakeFiles/rosidl_generator_py_custom__rosidl_generator_c.dir/rosidl_generator_c/rosidl_generator_py/msg/detail/arrays__type_support.c.o
[ 13%] Building C object CMakeFiles/rosidl_generator_py_custom__rosidl_generator_c.dir/rosidl_generator_c/rosidl_generator_py/msg/detail/bounded_sequences__functions.c.o
[ 14%] Building C object CMakeFiles/rosidl_generator_py_custom__rosidl_generator_c.dir/rosidl_generator_c/rosidl_generator_py/msg/detail/constants__functions.c.o
[ 15%] Building C object CMakeFiles/rosidl_generator_py_custom__rosidl_generator_c.dir/rosidl_generator_c/rosidl_generator_py/msg/detail/empty__description.c.o
[ 14%] Building C object CMakeFiles/rosidl_generator_py_custom__rosidl_generator_c.dir/rosidl_generator_c/rosidl_generator_py/msg/detail/basic_types__functions.c.o
[ 16%] Building C object CMakeFiles/rosidl_generator_py_custom__rosidl_generator_c.dir/rosidl_generator_c/rosidl_generator_py/msg/detail/bounded_plain_sequences__functions.c.o
[ 17%] Building C object CMakeFiles/rosidl_generator_py_custom__rosidl_generator_c.dir/rosidl_generator_c/rosidl_generator_py/msg/detail/defaults__type_support.c.o
[ 18%] Building C object CMakeFiles/rosidl_generator_py_custom__rosidl_generator_c.dir/rosidl_generator_c/rosidl_generator_py/msg/detail/defaults__description.c.o
[ 18%] Building C object CMakeFiles/rosidl_generator_py_custom__rosidl_generator_c.dir/rosidl_generator_c/rosidl_generator_py/msg/detail/bounded_sequences__type_support.c.o
[ 19%] Building C object CMakeFiles/rosidl_generator_py_custom__rosidl_generator_c.dir/rosidl_generator_c/rosidl_generator_py/msg/detail/defaults__functions.c.o
[ 20%] Building C object CMakeFiles/rosidl_generator_py_custom__rosidl_generator_c.dir/rosidl_generator_c/rosidl_generator_py/msg/detail/constants__type_support.c.o
[ 21%] Building C object CMakeFiles/rosidl_generator_py_custom__rosidl_generator_c.dir/rosidl_generator_c/rosidl_generator_py/msg/detail/empty__functions.c.o
[ 22%] Building C object CMakeFiles/rosidl_generator_py_custom__rosidl_generator_c.dir/rosidl_generator_c/rosidl_generator_py/msg/detail/multi_nested__description.c.o
[ 21%] Building C object CMakeFiles/rosidl_generator_py_custom__rosidl_generator_c.dir/rosidl_generator_c/rosidl_generator_py/msg/detail/empty__type_support.c.o
[ 23%] Building C object CMakeFiles/rosidl_generator_py_custom__rosidl_generator_c.dir/rosidl_generator_c/rosidl_generator_py/msg/detail/multi_nested__type_support.c.o
[ 24%] Building C object CMakeFiles/rosidl_generator_py_custom__rosidl_generator_c.dir/rosidl_generator_c/rosidl_generator_py/msg/detail/multi_nested__functions.c.o
[ 25%] Building C object CMakeFiles/rosidl_generator_py_custom__rosidl_generator_c.dir/rosidl_generator_c/rosidl_generator_py/msg/detail/nested__description.c.o
[ 26%] Building C object CMakeFiles/rosidl_generator_py_custom__rosidl_generator_c.dir/rosidl_generator_c/rosidl_generator_py/msg/detail/nested__functions.c.o
[ 26%] Building C object CMakeFiles/rosidl_generator_py_custom__rosidl_generator_c.dir/rosidl_generator_c/rosidl_generator_py/msg/detail/nested__type_support.c.o
[ 27%] Building C object CMakeFiles/rosidl_generator_py_custom__rosidl_generator_c.dir/rosidl_generator_c/rosidl_generator_py/msg/detail/strings__description.c.o
[ 27%] Building C object CMakeFiles/rosidl_generator_py_custom__rosidl_generator_c.dir/rosidl_generator_c/rosidl_generator_py/msg/detail/unbounded_sequences__functions.c.o
[ 28%] Building C object CMakeFiles/rosidl_generator_py_custom__rosidl_generator_c.dir/rosidl_generator_c/rosidl_generator_py/msg/detail/strings__functions.c.o
[ 29%] Building C object CMakeFiles/rosidl_generator_py_custom__rosidl_generator_c.dir/rosidl_generator_c/rosidl_generator_py/msg/detail/unbounded_sequences__description.c.o
[ 30%] Building C object CMakeFiles/rosidl_generator_py_custom__rosidl_generator_c.dir/rosidl_generator_c/rosidl_generator_py/msg/detail/strings__type_support.c.o
[ 31%] Building C object CMakeFiles/rosidl_generator_py_custom__rosidl_generator_c.dir/rosidl_generator_c/rosidl_generator_py/msg/detail/unbounded_sequences__type_support.c.o
[ 33%] Building C object CMakeFiles/rosidl_generator_py_custom__rosidl_generator_c.dir/rosidl_generator_c/rosidl_generator_py/msg/detail/w_strings__functions.c.o
[ 33%] Building C object CMakeFiles/rosidl_generator_py_custom__rosidl_generator_c.dir/rosidl_generator_c/rosidl_generator_py/msg/detail/w_strings__description.c.o
[ 34%] Building C object CMakeFiles/rosidl_generator_py_custom__rosidl_generator_c.dir/rosidl_generator_c/rosidl_generator_py/msg/detail/string_arrays__functions.c.o
[ 35%] Building C object CMakeFiles/rosidl_generator_py_custom__rosidl_generator_c.dir/rosidl_generator_c/rosidl_generator_py/msg/detail/w_strings__type_support.c.o
[ 35%] Building C object CMakeFiles/rosidl_generator_py_custom__rosidl_generator_c.dir/rosidl_generator_c/rosidl_generator_py/msg/detail/string_arrays__description.c.o
[ 36%] Building C object CMakeFiles/rosidl_generator_py_custom__rosidl_generator_c.dir/rosidl_generator_c/rosidl_generator_py/msg/detail/string_arrays__type_support.c.o
[ 37%] Building C object CMakeFiles/rosidl_generator_py_custom__rosidl_generator_c.dir/rosidl_generator_c/rosidl_generator_py/msg/detail/property__description.c.o
[ 38%] Building C object CMakeFiles/rosidl_generator_py_custom__rosidl_generator_c.dir/rosidl_generator_c/rosidl_generator_py/msg/detail/property__functions.c.o
[ 39%] Building C object CMakeFiles/rosidl_generator_py_custom__rosidl_generator_c.dir/rosidl_generator_c/rosidl_generator_py/msg/detail/property__type_support.c.o
[ 39%] Linking C shared library librosidl_generator_py_custom__rosidl_generator_c.so
[ 39%] Built target rosidl_generator_py_custom__rosidl_generator_c
[ 42%] Generating C introspection for ROS interfaces
[ 42%] Generating C type support dispatch for ROS interfaces
[ 42%] Generating C type support for eProsima Fast-RTPS
[ 46%] Building CXX object CMakeFiles/rosidl_generator_py_custom__rosidl_typesupport_c.dir/rosidl_typesupport_c/rosidl_generator_py/msg/arrays__type_support.cpp.o
[ 46%] Building CXX object CMakeFiles/rosidl_generator_py_custom__rosidl_typesupport_c.dir/rosidl_typesupport_c/rosidl_generator_py/msg/bounded_plain_sequences__type_support.cpp.o
[ 48%] Building CXX object CMakeFiles/rosidl_generator_py_custom__rosidl_typesupport_c.dir/rosidl_typesupport_c/rosidl_generator_py/msg/multi_nested__type_support.cpp.o
[ 46%] Building CXX object CMakeFiles/rosidl_generator_py_custom__rosidl_typesupport_c.dir/rosidl_typesupport_c/rosidl_generator_py/msg/builtin_type_sequences_idl__type_support.cpp.o
[ 48%] Building CXX object CMakeFiles/rosidl_generator_py_custom__rosidl_typesupport_c.dir/rosidl_typesupport_c/rosidl_generator_py/msg/nested__type_support.cpp.o
[ 49%] Building CXX object CMakeFiles/rosidl_generator_py_custom__rosidl_typesupport_c.dir/rosidl_typesupport_c/rosidl_generator_py/msg/unbounded_sequences__type_support.cpp.o
[ 49%] Building CXX object CMakeFiles/rosidl_generator_py_custom__rosidl_typesupport_c.dir/rosidl_typesupport_c/rosidl_generator_py/msg/basic_types__type_support.cpp.o
[ 50%] Building CXX object CMakeFiles/rosidl_generator_py_custom__rosidl_typesupport_c.dir/rosidl_typesupport_c/rosidl_generator_py/msg/w_strings__type_support.cpp.o
[ 51%] Building CXX object CMakeFiles/rosidl_generator_py_custom__rosidl_typesupport_c.dir/rosidl_typesupport_c/rosidl_generator_py/msg/strings__type_support.cpp.o
[ 53%] Building CXX object CMakeFiles/rosidl_generator_py_custom__rosidl_typesupport_c.dir/rosidl_typesupport_c/rosidl_generator_py/msg/constants__type_support.cpp.o
[ 46%] Building CXX object CMakeFiles/rosidl_generator_py_custom__rosidl_typesupport_c.dir/rosidl_typesupport_c/rosidl_generator_py/msg/bounded_sequences__type_support.cpp.o
[ 53%] Building CXX object CMakeFiles/rosidl_generator_py_custom__rosidl_typesupport_c.dir/rosidl_typesupport_c/rosidl_generator_py/msg/defaults__type_support.cpp.o
[ 46%] Building CXX object CMakeFiles/rosidl_generator_py_custom__rosidl_typesupport_c.dir/rosidl_typesupport_c/rosidl_generator_py/msg/empty__type_support.cpp.o
[ 53%] Building CXX object CMakeFiles/rosidl_generator_py_custom__rosidl_typesupport_c.dir/rosidl_typesupport_c/rosidl_generator_py/msg/string_arrays__type_support.cpp.o
[ 54%] Building CXX object CMakeFiles/rosidl_generator_py_custom__rosidl_typesupport_c.dir/rosidl_typesupport_c/rosidl_generator_py/msg/property__type_support.cpp.o
[ 55%] Linking CXX shared library librosidl_generator_py_custom__rosidl_typesupport_c.so
[ 55%] Built target rosidl_generator_py_custom__rosidl_typesupport_c
[ 55%] Building C object CMakeFiles/rosidl_generator_py_custom__rosidl_typesupport_introspection_c.dir/rosidl_typesupport_introspection_c/rosidl_generator_py/msg/detail/builtin_type_sequences_idl__type_support.c.o
[ 58%] Building C object CMakeFiles/rosidl_generator_py_custom__rosidl_typesupport_introspection_c.dir/rosidl_typesupport_introspection_c/rosidl_generator_py/msg/detail/constants__type_support.c.o
[ 58%] Building C object CMakeFiles/rosidl_generator_py_custom__rosidl_typesupport_introspection_c.dir/rosidl_typesupport_introspection_c/rosidl_generator_py/msg/detail/arrays__type_support.c.o
[ 58%] Building C object CMakeFiles/rosidl_generator_py_custom__rosidl_typesupport_introspection_c.dir/rosidl_typesupport_introspection_c/rosidl_generator_py/msg/detail/bounded_plain_sequences__type_support.c.o
[ 58%] Building C object CMakeFiles/rosidl_generator_py_custom__rosidl_typesupport_introspection_c.dir/rosidl_typesupport_introspection_c/rosidl_generator_py/msg/detail/basic_types__type_support.c.o
[ 59%] Building C object CMakeFiles/rosidl_generator_py_custom__rosidl_typesupport_introspection_c.dir/rosidl_typesupport_introspection_c/rosidl_generator_py/msg/detail/bounded_sequences__type_support.c.o
[ 60%] Building C object CMakeFiles/rosidl_generator_py_custom__rosidl_typesupport_introspection_c.dir/rosidl_typesupport_introspection_c/rosidl_generator_py/msg/detail/defaults__type_support.c.o
[ 61%] Building C object CMakeFiles/rosidl_generator_py_custom__rosidl_typesupport_introspection_c.dir/rosidl_typesupport_introspection_c/rosidl_generator_py/msg/detail/multi_nested__type_support.c.o
[ 62%] Building C object CMakeFiles/rosidl_generator_py_custom__rosidl_typesupport_introspection_c.dir/rosidl_typesupport_introspection_c/rosidl_generator_py/msg/detail/w_strings__type_support.c.o
[ 65%] Building C object CMakeFiles/rosidl_generator_py_custom__rosidl_typesupport_introspection_c.dir/rosidl_typesupport_introspection_c/rosidl_generator_py/msg/detail/string_arrays__type_support.c.o
[ 65%] Building C object CMakeFiles/rosidl_generator_py_custom__rosidl_typesupport_introspection_c.dir/rosidl_typesupport_introspection_c/rosidl_generator_py/msg/detail/empty__type_support.c.o
[ 65%] Building C object CMakeFiles/rosidl_generator_py_custom__rosidl_typesupport_introspection_c.dir/rosidl_typesupport_introspection_c/rosidl_generator_py/msg/detail/nested__type_support.c.o
[ 66%] Building C object CMakeFiles/rosidl_generator_py_custom__rosidl_typesupport_introspection_c.dir/rosidl_typesupport_introspection_c/rosidl_generator_py/msg/detail/strings__type_support.c.o
[ 67%] Building C object CMakeFiles/rosidl_generator_py_custom__rosidl_typesupport_introspection_c.dir/rosidl_typesupport_introspection_c/rosidl_generator_py/msg/detail/property__type_support.c.o
[ 67%] Building C object CMakeFiles/rosidl_generator_py_custom__rosidl_typesupport_introspection_c.dir/rosidl_typesupport_introspection_c/rosidl_generator_py/msg/detail/unbounded_sequences__type_support.c.o
[ 68%] Linking C shared library librosidl_generator_py_custom__rosidl_typesupport_introspection_c.so
[ 68%] Built target rosidl_generator_py_custom__rosidl_typesupport_introspection_c
[ 69%] Building CXX object CMakeFiles/rosidl_generator_py_custom__rosidl_typesupport_fastrtps_c.dir/rosidl_typesupport_fastrtps_c/rosidl_generator_py/msg/detail/builtin_type_sequences_idl__type_support_c.cpp.o
[ 69%] Building CXX object CMakeFiles/rosidl_generator_py_custom__rosidl_typesupport_fastrtps_c.dir/rosidl_typesupport_fastrtps_c/rosidl_generator_py/msg/detail/arrays__type_support_c.cpp.o
[ 71%] Building CXX object CMakeFiles/rosidl_generator_py_custom__rosidl_typesupport_fastrtps_c.dir/rosidl_typesupport_fastrtps_c/rosidl_generator_py/msg/detail/basic_types__type_support_c.cpp.o
[ 71%] Building CXX object CMakeFiles/rosidl_generator_py_custom__rosidl_typesupport_fastrtps_c.dir/rosidl_typesupport_fastrtps_c/rosidl_generator_py/msg/detail/bounded_plain_sequences__type_support_c.cpp.o
[ 72%] Building CXX object CMakeFiles/rosidl_generator_py_custom__rosidl_typesupport_fastrtps_c.dir/rosidl_typesupport_fastrtps_c/rosidl_generator_py/msg/detail/bounded_sequences__type_support_c.cpp.o
[ 73%] Building CXX object CMakeFiles/rosidl_generator_py_custom__rosidl_typesupport_fastrtps_c.dir/rosidl_typesupport_fastrtps_c/rosidl_generator_py/msg/detail/constants__type_support_c.cpp.o
[ 74%] Building CXX object CMakeFiles/rosidl_generator_py_custom__rosidl_typesupport_fastrtps_c.dir/rosidl_typesupport_fastrtps_c/rosidl_generator_py/msg/detail/defaults__type_support_c.cpp.o
[ 74%] Building CXX object CMakeFiles/rosidl_generator_py_custom__rosidl_typesupport_fastrtps_c.dir/rosidl_typesupport_fastrtps_c/rosidl_generator_py/msg/detail/empty__type_support_c.cpp.o
[ 79%] Building CXX object CMakeFiles/rosidl_generator_py_custom__rosidl_typesupport_fastrtps_c.dir/rosidl_typesupport_fastrtps_c/rosidl_generator_py/msg/detail/property__type_support_c.cpp.o
[ 79%] Building CXX object CMakeFiles/rosidl_generator_py_custom__rosidl_typesupport_fastrtps_c.dir/rosidl_typesupport_fastrtps_c/rosidl_generator_py/msg/detail/strings__type_support_c.cpp.o
[ 78%] Building CXX object CMakeFiles/rosidl_generator_py_custom__rosidl_typesupport_fastrtps_c.dir/rosidl_typesupport_fastrtps_c/rosidl_generator_py/msg/detail/nested__type_support_c.cpp.o
[ 80%] Building CXX object CMakeFiles/rosidl_generator_py_custom__rosidl_typesupport_fastrtps_c.dir/rosidl_typesupport_fastrtps_c/rosidl_generator_py/msg/detail/string_arrays__type_support_c.cpp.o
[ 80%] Building CXX object CMakeFiles/rosidl_generator_py_custom__rosidl_typesupport_fastrtps_c.dir/rosidl_typesupport_fastrtps_c/rosidl_generator_py/msg/detail/w_strings__type_support_c.cpp.o
[ 78%] Building CXX object CMakeFiles/rosidl_generator_py_custom__rosidl_typesupport_fastrtps_c.dir/rosidl_typesupport_fastrtps_c/rosidl_generator_py/msg/detail/multi_nested__type_support_c.cpp.o
[ 80%] Building CXX object CMakeFiles/rosidl_generator_py_custom__rosidl_typesupport_fastrtps_c.dir/rosidl_typesupport_fastrtps_c/rosidl_generator_py/msg/detail/unbounded_sequences__type_support_c.cpp.o
[ 81%] Linking CXX shared library librosidl_generator_py_custom__rosidl_typesupport_fastrtps_c.so
[ 81%] Built target rosidl_generator_py_custom__rosidl_typesupport_fastrtps_c
[ 81%] Built target rosidl_generator_py_custom
[ 82%] Generating Python code for ROS interfaces
[ 82%] Built target rosidl_generator_py_custom__py
[ 83%] Building C object CMakeFiles/rosidl_generator_py_custom__rosidl_generator_py.dir/rosidl_generator_py/rosidl_generator_py/msg/_builtin_type_sequences_idl_s.c.o
[ 84%] Building C object CMakeFiles/rosidl_generator_py_custom__rosidl_generator_py.dir/rosidl_generator_py/rosidl_generator_py/msg/_arrays_s.c.o
[ 85%] Building C object CMakeFiles/rosidl_generator_py_custom__rosidl_generator_py.dir/rosidl_generator_py/rosidl_generator_py/msg/_basic_types_s.c.o
[ 86%] Building C object CMakeFiles/rosidl_generator_py_custom__rosidl_generator_py.dir/rosidl_generator_py/rosidl_generator_py/msg/_bounded_plain_sequences_s.c.o
[ 86%] Building C object CMakeFiles/rosidl_generator_py_custom__rosidl_generator_py.dir/rosidl_generator_py/rosidl_generator_py/msg/_bounded_sequences_s.c.o
[ 87%] Building C object CMakeFiles/rosidl_generator_py_custom__rosidl_generator_py.dir/rosidl_generator_py/rosidl_generator_py/msg/_constants_s.c.o
[ 91%] Building C object CMakeFiles/rosidl_generator_py_custom__rosidl_generator_py.dir/rosidl_generator_py/rosidl_generator_py/msg/_multi_nested_s.c.o
[ 91%] Building C object CMakeFiles/rosidl_generator_py_custom__rosidl_generator_py.dir/rosidl_generator_py/rosidl_generator_py/msg/_nested_s.c.o
[ 92%] Building C object CMakeFiles/rosidl_generator_py_custom__rosidl_generator_py.dir/rosidl_generator_py/rosidl_generator_py/msg/_string_arrays_s.c.o
[ 88%] Building C object CMakeFiles/rosidl_generator_py_custom__rosidl_generator_py.dir/rosidl_generator_py/rosidl_generator_py/msg/_w_strings_s.c.o
[ 93%] Building C object CMakeFiles/rosidl_generator_py_custom__rosidl_generator_py.dir/rosidl_generator_py/rosidl_generator_py/msg/_strings_s.c.o
[ 91%] Building C object CMakeFiles/rosidl_generator_py_custom__rosidl_generator_py.dir/rosidl_generator_py/rosidl_generator_py/msg/_empty_s.c.o
[ 94%] Building C object CMakeFiles/rosidl_generator_py_custom__rosidl_generator_py.dir/rosidl_generator_py/rosidl_generator_py/msg/_unbounded_sequences_s.c.o
[ 93%] Building C object CMakeFiles/rosidl_generator_py_custom__rosidl_generator_py.dir/rosidl_generator_py/rosidl_generator_py/msg/_defaults_s.c.o
[ 95%] Building C object CMakeFiles/rosidl_generator_py_custom__rosidl_generator_py.dir/rosidl_generator_py/rosidl_generator_py/msg/_property_s.c.o
[ 95%] Linking C shared library librosidl_generator_py_custom__rosidl_generator_py.so
[ 95%] Built target rosidl_generator_py_custom__rosidl_generator_py
[ 96%] Building C object CMakeFiles/rosidl_generator_py_s__rosidl_typesupport_fastrtps_c.dir/rosidl_generator_py/rosidl_generator_py/_rosidl_generator_py_s.ep.rosidl_typesupport_fastrtps_c.c.o
[ 96%] Building C object CMakeFiles/rosidl_generator_py_s__rosidl_typesupport_c.dir/rosidl_generator_py/rosidl_generator_py/_rosidl_generator_py_s.ep.rosidl_typesupport_c.c.o
[ 97%] Building C object CMakeFiles/rosidl_generator_py_s__rosidl_typesupport_introspection_c.dir/rosidl_generator_py/rosidl_generator_py/_rosidl_generator_py_s.ep.rosidl_typesupport_introspection_c.c.o
[100%] Linking C shared module rosidl_generator_py/rosidl_generator_py/rosidl_generator_py_s__rosidl_typesupport_fastrtps_c.so
[100%] Linking C shared module rosidl_generator_py/rosidl_generator_py/rosidl_generator_py_s__rosidl_typesupport_introspection_c.so
[100%] Linking C shared module rosidl_generator_py/rosidl_generator_py/rosidl_generator_py_s__rosidl_typesupport_c.so
[100%] Built target rosidl_generator_py_s__rosidl_typesupport_c
[100%] Built target rosidl_generator_py_s__rosidl_typesupport_fastrtps_c
[100%] Built target rosidl_generator_py_s__rosidl_typesupport_introspection_c
-- Install configuration: ""
-- Installing: /workspace/jazzy_ws/install/share/ament_index/resource_index/rosidl_generator_packages/rosidl_generator_py
-- Installing: /workspace/jazzy_ws/install/share/rosidl_generator_py/environment/pythonpath.sh
-- Installing: /workspace/jazzy_ws/install/share/rosidl_generator_py/environment/pythonpath.dsv
-- Installing: /workspace/jazzy_ws/install/lib/python3.12/site-packages/rosidl_generator_py-0.22.2-py3.12.egg-info
-- Installing: /workspace/jazzy_ws/install/lib/python3.12/site-packages/rosidl_generator_py-0.22.2-py3.12.egg-info/PKG-INFO
-- Installing: /workspace/jazzy_ws/install/lib/python3.12/site-packages/rosidl_generator_py-0.22.2-py3.12.egg-info/SOURCES.txt
-- Installing: /workspace/jazzy_ws/install/lib/python3.12/site-packages/rosidl_generator_py-0.22.2-py3.12.egg-info/top_level.txt
-- Installing: /workspace/jazzy_ws/install/lib/python3.12/site-packages/rosidl_generator_py-0.22.2-py3.12.egg-info/entry_points.txt
-- Installing: /workspace/jazzy_ws/install/lib/python3.12/site-packages/rosidl_generator_py-0.22.2-py3.12.egg-info/dependency_links.txt
-- Installing: /workspace/jazzy_ws/install/lib/python3.12/site-packages/rosidl_generator_py
-- Installing: /workspace/jazzy_ws/install/lib/python3.12/site-packages/rosidl_generator_py/import_type_support_impl.py
-- Installing: /workspace/jazzy_ws/install/lib/python3.12/site-packages/rosidl_generator_py/generate_py_impl.py
-- Installing: /workspace/jazzy_ws/install/lib/python3.12/site-packages/rosidl_generator_py/cli.py
-- Installing: /workspace/jazzy_ws/install/lib/python3.12/site-packages/rosidl_generator_py/__init__.py
Listing '/workspace/jazzy_ws/install/lib/python3.12/site-packages/rosidl_generator_py'...
Compiling '/workspace/jazzy_ws/install/lib/python3.12/site-packages/rosidl_generator_py/__init__.py'...
Compiling '/workspace/jazzy_ws/install/lib/python3.12/site-packages/rosidl_generator_py/cli.py'...
Compiling '/workspace/jazzy_ws/install/lib/python3.12/site-packages/rosidl_generator_py/generate_py_impl.py'...
Compiling '/workspace/jazzy_ws/install/lib/python3.12/site-packages/rosidl_generator_py/import_type_support_impl.py'...
-- Installing: /workspace/jazzy_ws/install/share/ament_index/resource_index/package_run_dependencies/rosidl_generator_py
-- Installing: /workspace/jazzy_ws/install/share/ament_index/resource_index/parent_prefix_path/rosidl_generator_py
-- Installing: /workspace/jazzy_ws/install/share/rosidl_generator_py/environment/ament_prefix_path.sh
-- Installing: /workspace/jazzy_ws/install/share/rosidl_generator_py/environment/ament_prefix_path.dsv
-- Installing: /workspace/jazzy_ws/install/share/rosidl_generator_py/environment/path.sh
-- Installing: /workspace/jazzy_ws/install/share/rosidl_generator_py/environment/path.dsv
-- Installing: /workspace/jazzy_ws/install/share/rosidl_generator_py/local_setup.bash
-- Installing: /workspace/jazzy_ws/install/share/rosidl_generator_py/local_setup.sh
-- Installing: /workspace/jazzy_ws/install/share/rosidl_generator_py/local_setup.zsh
-- Installing: /workspace/jazzy_ws/install/share/rosidl_generator_py/local_setup.dsv
-- Installing: /workspace/jazzy_ws/install/share/rosidl_generator_py/package.dsv
-- Installing: /workspace/jazzy_ws/install/share/ament_index/resource_index/packages/rosidl_generator_py
-- Installing: /workspace/jazzy_ws/install/share/rosidl_generator_py/cmake/rosidl_generator_py_get_typesupports.cmake
-- Installing: /workspace/jazzy_ws/install/share/rosidl_generator_py/cmake/register_py.cmake
-- Installing: /workspace/jazzy_ws/install/share/rosidl_generator_py/cmake/rosidl_generator_py-extras.cmake
-- Installing: /workspace/jazzy_ws/install/share/rosidl_generator_py/cmake/ament_cmake_export_dependencies-extras.cmake
-- Installing: /workspace/jazzy_ws/install/share/rosidl_generator_py/cmake/rosidl_cmake-extras.cmake
-- Installing: /workspace/jazzy_ws/install/share/rosidl_generator_py/cmake/rosidl_generator_pyConfig.cmake
-- Installing: /workspace/jazzy_ws/install/share/rosidl_generator_py/cmake/rosidl_generator_pyConfig-version.cmake
-- Installing: /workspace/jazzy_ws/install/share/rosidl_generator_py/package.xml
-- Installing: /workspace/jazzy_ws/install/lib/rosidl_generator_py/rosidl_generator_py
-- Up-to-date: /workspace/jazzy_ws/install/share/rosidl_generator_py/cmake
-- Up-to-date: /workspace/jazzy_ws/install/share/rosidl_generator_py/cmake/rosidl_generator_py_get_typesupports.cmake
-- Installing: /workspace/jazzy_ws/install/share/rosidl_generator_py/cmake/custom_command.cmake
-- Up-to-date: /workspace/jazzy_ws/install/share/rosidl_generator_py/cmake/register_py.cmake
-- Installing: /workspace/jazzy_ws/install/share/rosidl_generator_py/cmake/rosidl_generator_py_generate_interfaces.cmake
-- Installing: /workspace/jazzy_ws/install/share/rosidl_generator_py/resource
-- Installing: /workspace/jazzy_ws/install/share/rosidl_generator_py/resource/_action.py.em
-- Installing: /workspace/jazzy_ws/install/share/rosidl_generator_py/resource/_action_pkg_typesupport_entry_point.c.em
-- Installing: /workspace/jazzy_ws/install/share/rosidl_generator_py/resource/_idl_pkg_typesupport_entry_point.c.em
-- Installing: /workspace/jazzy_ws/install/share/rosidl_generator_py/resource/_idl.py.em
-- Installing: /workspace/jazzy_ws/install/share/rosidl_generator_py/resource/_idl_support.c.em
-- Installing: /workspace/jazzy_ws/install/share/rosidl_generator_py/resource/_srv.py.em
-- Installing: /workspace/jazzy_ws/install/share/rosidl_generator_py/resource/_msg_pkg_typesupport_entry_point.c.em
-- Installing: /workspace/jazzy_ws/install/share/rosidl_generator_py/resource/_msg_support.c.em
-- Installing: /workspace/jazzy_ws/install/share/rosidl_generator_py/resource/_srv_pkg_typesupport_entry_point.c.em
-- Installing: /workspace/jazzy_ws/install/share/rosidl_generator_py/resource/_msg.py.em
