[0.073s] Invoking command in '/workspace/jazzy_ws/build/rosidl_generator_py': AMENT_PREFIX_PATH=/workspace/jazzy_ws/install CMAKE_PREFIX_PATH=/workspace/jazzy_ws/install LD_LIBRARY_PATH=/workspace/jazzy_ws/install/lib:/workspace/jazzy_ws/install/opt/mimick_vendor/lib PATH=/workspace/jazzy_ws/install/bin:/workspace/jazzy_ws/install/opt/uncrustify_vendor/bin:${PATH} PKG_CONFIG_PATH=/workspace/jazzy_ws/install/lib/x86_64-linux-gnu/pkgconfig:/workspace/jazzy_ws/install/lib/pkgconfig PYTHONPATH=/workspace/jazzy_ws/install/lib/python3.12/site-packages /usr/bin/cmake /workspace/jazzy_ws/src/rosidl_generator_py -DCMAKE_INSTALL_PREFIX=/workspace/jazzy_ws/install
[0.101s] -- The C compiler identification is GNU 13.3.0
[0.131s] -- The CXX compiler identification is GNU 13.3.0
[0.140s] -- Detecting C compiler ABI info
[0.182s] -- Detecting C compiler ABI info - done
[0.187s] -- Check for working C compiler: /usr/bin/cc - skipped
[0.188s] -- Detecting C compile features
[0.188s] -- Detecting C compile features - done
[0.192s] -- Detecting CXX compiler ABI info
[0.243s] -- Detecting CXX compiler ABI info - done
[0.248s] -- Check for working CXX compiler: /usr/bin/c++ - skipped
[0.248s] -- Detecting CXX compile features
[0.249s] -- Detecting CXX compile features - done
[0.250s] -- Found ament_cmake: 2.5.5 (/workspace/jazzy_ws/install/share/ament_cmake/cmake)
[0.314s] -- Found Python3: /usr/bin/python3 (found version "3.12.3") found components: Interpreter 
[0.422s] -- Found ament_cmake_pytest: 2.5.5 (/workspace/jazzy_ws/install/share/ament_cmake_pytest/cmake)
[0.423s] -- Found rmw: 7.3.3 (/workspace/jazzy_ws/install/share/rmw/cmake)
[0.433s] -- Found rosidl_cmake: 4.6.7 (/workspace/jazzy_ws/install/share/rosidl_cmake/cmake)
[0.433s] -- Found rosidl_adapter: 4.6.7 (/workspace/jazzy_ws/install/share/rosidl_adapter/cmake)
[0.434s] -- Found ament_lint_auto: 0.17.4 (/workspace/jazzy_ws/install/share/ament_lint_auto/cmake)
[0.509s] -- Using all available rosidl_typesupport_c: rosidl_typesupport_fastrtps_c;rosidl_typesupport_introspection_c
[0.580s] -- Found PythonExtra: /usr/bin/python3  
[0.920s] -- Found ament_cmake_ros: 0.12.0 (/workspace/jazzy_ws/install/share/ament_cmake_ros/cmake)
[0.922s] -- Found rosidl_typesupport_fastrtps_cpp: 3.6.3 (/workspace/jazzy_ws/install/share/rosidl_typesupport_fastrtps_cpp/cmake)
[0.926s] -- Found rosidl_runtime_cpp: 4.6.7 (/workspace/jazzy_ws/install/share/rosidl_runtime_cpp/cmake)
[1.132s] -- Using all available rosidl_typesupport_c: rosidl_typesupport_fastrtps_c;rosidl_typesupport_introspection_c
[1.479s] -- Found Python3: /usr/bin/python3 (found version "3.12.3") found components: Interpreter Development NumPy Development.Module Development.Embed 
[1.726s] -- Added test 'copyright' to check source files copyright and LICENSE
[1.730s] -- Added test 'flake8' to check Python code syntax and style conventions
[1.730s] -- Configured 'flake8' exclude dirs and/or files: 
[1.730s] -- Added test 'lint_cmake' to check CMake code style
[1.731s] -- Added test 'pep257' to check Python code against some of the docstring style conventions in PEP 257
[1.733s] -- Added test 'xmllint' to check XML markup files
[1.734s] -- Configuring done (1.7s)
[1.755s] -- Generating done (0.0s)
[1.759s] -- Build files have been written to: /workspace/jazzy_ws/build/rosidl_generator_py
[1.763s] Invoked command in '/workspace/jazzy_ws/build/rosidl_generator_py' returned '0': AMENT_PREFIX_PATH=/workspace/jazzy_ws/install CMAKE_PREFIX_PATH=/workspace/jazzy_ws/install LD_LIBRARY_PATH=/workspace/jazzy_ws/install/lib:/workspace/jazzy_ws/install/opt/mimick_vendor/lib PATH=/workspace/jazzy_ws/install/bin:/workspace/jazzy_ws/install/opt/uncrustify_vendor/bin:${PATH} PKG_CONFIG_PATH=/workspace/jazzy_ws/install/lib/x86_64-linux-gnu/pkgconfig:/workspace/jazzy_ws/install/lib/pkgconfig PYTHONPATH=/workspace/jazzy_ws/install/lib/python3.12/site-packages /usr/bin/cmake /workspace/jazzy_ws/src/rosidl_generator_py -DCMAKE_INSTALL_PREFIX=/workspace/jazzy_ws/install
[1.763s] Invoking command in '/workspace/jazzy_ws/build/rosidl_generator_py': AMENT_PREFIX_PATH=/workspace/jazzy_ws/install CMAKE_PREFIX_PATH=/workspace/jazzy_ws/install LD_LIBRARY_PATH=/workspace/jazzy_ws/install/lib:/workspace/jazzy_ws/install/opt/mimick_vendor/lib PATH=/workspace/jazzy_ws/install/bin:/workspace/jazzy_ws/install/opt/uncrustify_vendor/bin:${PATH} PKG_CONFIG_PATH=/workspace/jazzy_ws/install/lib/x86_64-linux-gnu/pkgconfig:/workspace/jazzy_ws/install/lib/pkgconfig PYTHONPATH=/workspace/jazzy_ws/install/lib/python3.12/site-packages /usr/bin/cmake --build /workspace/jazzy_ws/build/rosidl_generator_py -- -j24 -l24
[1.795s] [  1%] Generating type hashes for ROS interfaces
[1.798s] [  1%] Built target ament_cmake_python_copy_rosidl_generator_py_setup
[1.799s] [  1%] Built target ament_cmake_python_copy_rosidl_generator_py
[1.894s] running egg_info
[1.898s] creating rosidl_generator_py.egg-info
[1.898s] writing rosidl_generator_py.egg-info/PKG-INFO
[1.898s] writing dependency_links to rosidl_generator_py.egg-info/dependency_links.txt
[1.899s] writing entry points to rosidl_generator_py.egg-info/entry_points.txt
[1.899s] writing top-level names to rosidl_generator_py.egg-info/top_level.txt
[1.899s] writing manifest file 'rosidl_generator_py.egg-info/SOURCES.txt'
[1.912s] reading manifest file 'rosidl_generator_py.egg-info/SOURCES.txt'
[1.912s] writing manifest file 'rosidl_generator_py.egg-info/SOURCES.txt'
[1.932s] [  1%] Built target ament_cmake_python_build_rosidl_generator_py_egg
[2.512s] [  1%] Built target rosidl_generator_py_custom__rosidl_generator_type_description
[2.517s] [  2%] Generating C code for ROS interfaces
[2.522s] [  2%] Generating C++ code for ROS interfaces
[3.458s] [  2%] Built target rosidl_generator_py_custom__cpp
[3.538s] [  3%] Building C object CMakeFiles/rosidl_generator_py_custom__rosidl_generator_c.dir/rosidl_generator_c/rosidl_generator_py/msg/detail/builtin_type_sequences_idl__type_support.c.o
[3.539s] [  3%] Building C object CMakeFiles/rosidl_generator_py_custom__rosidl_generator_c.dir/rosidl_generator_c/rosidl_generator_py/msg/detail/builtin_type_sequences_idl__description.c.o
[3.539s] [  4%] Building C object CMakeFiles/rosidl_generator_py_custom__rosidl_generator_c.dir/rosidl_generator_c/rosidl_generator_py/msg/detail/builtin_type_sequences_idl__functions.c.o
[3.540s] [  6%] Building C object CMakeFiles/rosidl_generator_py_custom__rosidl_generator_c.dir/rosidl_generator_c/rosidl_generator_py/msg/detail/arrays__functions.c.o
[3.540s] [  6%] Building C object CMakeFiles/rosidl_generator_py_custom__rosidl_generator_c.dir/rosidl_generator_c/rosidl_generator_py/msg/detail/arrays__description.c.o
[3.540s] [  7%] Building C object CMakeFiles/rosidl_generator_py_custom__rosidl_generator_c.dir/rosidl_generator_c/rosidl_generator_py/msg/detail/bounded_plain_sequences__type_support.c.o
[3.540s] [  8%] Building C object CMakeFiles/rosidl_generator_py_custom__rosidl_generator_c.dir/rosidl_generator_c/rosidl_generator_py/msg/detail/basic_types__description.c.o
[3.540s] [  9%] Building C object CMakeFiles/rosidl_generator_py_custom__rosidl_generator_c.dir/rosidl_generator_c/rosidl_generator_py/msg/detail/bounded_plain_sequences__description.c.o
[3.540s] [ 10%] Building C object CMakeFiles/rosidl_generator_py_custom__rosidl_generator_c.dir/rosidl_generator_c/rosidl_generator_py/msg/detail/basic_types__type_support.c.o
[3.540s] [ 11%] Building C object CMakeFiles/rosidl_generator_py_custom__rosidl_generator_c.dir/rosidl_generator_c/rosidl_generator_py/msg/detail/bounded_sequences__description.c.o
[3.540s] [ 13%] Building C object CMakeFiles/rosidl_generator_py_custom__rosidl_generator_c.dir/rosidl_generator_c/rosidl_generator_py/msg/detail/constants__description.c.o
[3.540s] [ 13%] Building C object CMakeFiles/rosidl_generator_py_custom__rosidl_generator_c.dir/rosidl_generator_c/rosidl_generator_py/msg/detail/arrays__type_support.c.o
[3.541s] [ 13%] Building C object CMakeFiles/rosidl_generator_py_custom__rosidl_generator_c.dir/rosidl_generator_c/rosidl_generator_py/msg/detail/bounded_sequences__functions.c.o
[3.541s] [ 14%] Building C object CMakeFiles/rosidl_generator_py_custom__rosidl_generator_c.dir/rosidl_generator_c/rosidl_generator_py/msg/detail/constants__functions.c.o
[3.541s] [ 15%] Building C object CMakeFiles/rosidl_generator_py_custom__rosidl_generator_c.dir/rosidl_generator_c/rosidl_generator_py/msg/detail/empty__description.c.o
[3.541s] [ 14%] Building C object CMakeFiles/rosidl_generator_py_custom__rosidl_generator_c.dir/rosidl_generator_c/rosidl_generator_py/msg/detail/basic_types__functions.c.o
[3.542s] [ 16%] Building C object CMakeFiles/rosidl_generator_py_custom__rosidl_generator_c.dir/rosidl_generator_c/rosidl_generator_py/msg/detail/bounded_plain_sequences__functions.c.o
[3.542s] [ 17%] Building C object CMakeFiles/rosidl_generator_py_custom__rosidl_generator_c.dir/rosidl_generator_c/rosidl_generator_py/msg/detail/defaults__type_support.c.o
[3.542s] [ 18%] Building C object CMakeFiles/rosidl_generator_py_custom__rosidl_generator_c.dir/rosidl_generator_c/rosidl_generator_py/msg/detail/defaults__description.c.o
[3.542s] [ 18%] Building C object CMakeFiles/rosidl_generator_py_custom__rosidl_generator_c.dir/rosidl_generator_c/rosidl_generator_py/msg/detail/bounded_sequences__type_support.c.o
[3.542s] [ 19%] Building C object CMakeFiles/rosidl_generator_py_custom__rosidl_generator_c.dir/rosidl_generator_c/rosidl_generator_py/msg/detail/defaults__functions.c.o
[3.542s] [ 20%] Building C object CMakeFiles/rosidl_generator_py_custom__rosidl_generator_c.dir/rosidl_generator_c/rosidl_generator_py/msg/detail/constants__type_support.c.o
[3.542s] [ 21%] Building C object CMakeFiles/rosidl_generator_py_custom__rosidl_generator_c.dir/rosidl_generator_c/rosidl_generator_py/msg/detail/empty__functions.c.o
[3.559s] [ 22%] Building C object CMakeFiles/rosidl_generator_py_custom__rosidl_generator_c.dir/rosidl_generator_c/rosidl_generator_py/msg/detail/multi_nested__description.c.o
[3.559s] [ 21%] Building C object CMakeFiles/rosidl_generator_py_custom__rosidl_generator_c.dir/rosidl_generator_c/rosidl_generator_py/msg/detail/empty__type_support.c.o
[3.559s] [ 23%] Building C object CMakeFiles/rosidl_generator_py_custom__rosidl_generator_c.dir/rosidl_generator_c/rosidl_generator_py/msg/detail/multi_nested__type_support.c.o
[3.560s] [ 24%] Building C object CMakeFiles/rosidl_generator_py_custom__rosidl_generator_c.dir/rosidl_generator_c/rosidl_generator_py/msg/detail/multi_nested__functions.c.o
[3.563s] [ 25%] Building C object CMakeFiles/rosidl_generator_py_custom__rosidl_generator_c.dir/rosidl_generator_c/rosidl_generator_py/msg/detail/nested__description.c.o
[3.563s] [ 26%] Building C object CMakeFiles/rosidl_generator_py_custom__rosidl_generator_c.dir/rosidl_generator_c/rosidl_generator_py/msg/detail/nested__functions.c.o
[3.564s] [ 26%] Building C object CMakeFiles/rosidl_generator_py_custom__rosidl_generator_c.dir/rosidl_generator_c/rosidl_generator_py/msg/detail/nested__type_support.c.o
[3.564s] [ 27%] Building C object CMakeFiles/rosidl_generator_py_custom__rosidl_generator_c.dir/rosidl_generator_c/rosidl_generator_py/msg/detail/strings__description.c.o
[3.567s] [ 27%] Building C object CMakeFiles/rosidl_generator_py_custom__rosidl_generator_c.dir/rosidl_generator_c/rosidl_generator_py/msg/detail/unbounded_sequences__functions.c.o
[3.567s] [ 28%] Building C object CMakeFiles/rosidl_generator_py_custom__rosidl_generator_c.dir/rosidl_generator_c/rosidl_generator_py/msg/detail/strings__functions.c.o
[3.567s] [ 29%] Building C object CMakeFiles/rosidl_generator_py_custom__rosidl_generator_c.dir/rosidl_generator_c/rosidl_generator_py/msg/detail/unbounded_sequences__description.c.o
[3.567s] [ 30%] Building C object CMakeFiles/rosidl_generator_py_custom__rosidl_generator_c.dir/rosidl_generator_c/rosidl_generator_py/msg/detail/strings__type_support.c.o
[3.570s] [ 31%] Building C object CMakeFiles/rosidl_generator_py_custom__rosidl_generator_c.dir/rosidl_generator_c/rosidl_generator_py/msg/detail/unbounded_sequences__type_support.c.o
[3.574s] [ 33%] Building C object CMakeFiles/rosidl_generator_py_custom__rosidl_generator_c.dir/rosidl_generator_c/rosidl_generator_py/msg/detail/w_strings__functions.c.o
[3.574s] [ 33%] Building C object CMakeFiles/rosidl_generator_py_custom__rosidl_generator_c.dir/rosidl_generator_c/rosidl_generator_py/msg/detail/w_strings__description.c.o
[3.576s] [ 34%] Building C object CMakeFiles/rosidl_generator_py_custom__rosidl_generator_c.dir/rosidl_generator_c/rosidl_generator_py/msg/detail/string_arrays__functions.c.o
[3.576s] [ 35%] Building C object CMakeFiles/rosidl_generator_py_custom__rosidl_generator_c.dir/rosidl_generator_c/rosidl_generator_py/msg/detail/w_strings__type_support.c.o
[3.576s] [ 35%] Building C object CMakeFiles/rosidl_generator_py_custom__rosidl_generator_c.dir/rosidl_generator_c/rosidl_generator_py/msg/detail/string_arrays__description.c.o
[3.577s] [ 36%] Building C object CMakeFiles/rosidl_generator_py_custom__rosidl_generator_c.dir/rosidl_generator_c/rosidl_generator_py/msg/detail/string_arrays__type_support.c.o
[3.579s] [ 37%] Building C object CMakeFiles/rosidl_generator_py_custom__rosidl_generator_c.dir/rosidl_generator_c/rosidl_generator_py/msg/detail/property__description.c.o
[3.580s] [ 38%] Building C object CMakeFiles/rosidl_generator_py_custom__rosidl_generator_c.dir/rosidl_generator_c/rosidl_generator_py/msg/detail/property__functions.c.o
[3.584s] [ 39%] Building C object CMakeFiles/rosidl_generator_py_custom__rosidl_generator_c.dir/rosidl_generator_c/rosidl_generator_py/msg/detail/property__type_support.c.o
[3.608s] [ 39%] Linking C shared library librosidl_generator_py_custom__rosidl_generator_c.so
[3.632s] [ 39%] Built target rosidl_generator_py_custom__rosidl_generator_c
[3.637s] [ 42%] Generating C introspection for ROS interfaces
[3.637s] [ 42%] Generating C type support dispatch for ROS interfaces
[3.637s] [ 42%] Generating C type support for eProsima Fast-RTPS
[4.392s] [ 46%] Building CXX object CMakeFiles/rosidl_generator_py_custom__rosidl_typesupport_c.dir/rosidl_typesupport_c/rosidl_generator_py/msg/arrays__type_support.cpp.o
[4.392s] [ 46%] Building CXX object CMakeFiles/rosidl_generator_py_custom__rosidl_typesupport_c.dir/rosidl_typesupport_c/rosidl_generator_py/msg/bounded_plain_sequences__type_support.cpp.o
[4.392s] [ 48%] Building CXX object CMakeFiles/rosidl_generator_py_custom__rosidl_typesupport_c.dir/rosidl_typesupport_c/rosidl_generator_py/msg/multi_nested__type_support.cpp.o
[4.392s] [ 46%] Building CXX object CMakeFiles/rosidl_generator_py_custom__rosidl_typesupport_c.dir/rosidl_typesupport_c/rosidl_generator_py/msg/builtin_type_sequences_idl__type_support.cpp.o
[4.392s] [ 48%] Building CXX object CMakeFiles/rosidl_generator_py_custom__rosidl_typesupport_c.dir/rosidl_typesupport_c/rosidl_generator_py/msg/nested__type_support.cpp.o
[4.392s] [ 49%] Building CXX object CMakeFiles/rosidl_generator_py_custom__rosidl_typesupport_c.dir/rosidl_typesupport_c/rosidl_generator_py/msg/unbounded_sequences__type_support.cpp.o
[4.392s] [ 49%] Building CXX object CMakeFiles/rosidl_generator_py_custom__rosidl_typesupport_c.dir/rosidl_typesupport_c/rosidl_generator_py/msg/basic_types__type_support.cpp.o
[4.393s] [ 50%] Building CXX object CMakeFiles/rosidl_generator_py_custom__rosidl_typesupport_c.dir/rosidl_typesupport_c/rosidl_generator_py/msg/w_strings__type_support.cpp.o
[4.393s] [ 51%] Building CXX object CMakeFiles/rosidl_generator_py_custom__rosidl_typesupport_c.dir/rosidl_typesupport_c/rosidl_generator_py/msg/strings__type_support.cpp.o
[4.393s] [ 53%] Building CXX object CMakeFiles/rosidl_generator_py_custom__rosidl_typesupport_c.dir/rosidl_typesupport_c/rosidl_generator_py/msg/constants__type_support.cpp.o
[4.393s] [ 46%] Building CXX object CMakeFiles/rosidl_generator_py_custom__rosidl_typesupport_c.dir/rosidl_typesupport_c/rosidl_generator_py/msg/bounded_sequences__type_support.cpp.o
[4.393s] [ 53%] Building CXX object CMakeFiles/rosidl_generator_py_custom__rosidl_typesupport_c.dir/rosidl_typesupport_c/rosidl_generator_py/msg/defaults__type_support.cpp.o
[4.394s] [ 46%] Building CXX object CMakeFiles/rosidl_generator_py_custom__rosidl_typesupport_c.dir/rosidl_typesupport_c/rosidl_generator_py/msg/empty__type_support.cpp.o
[4.395s] [ 53%] Building CXX object CMakeFiles/rosidl_generator_py_custom__rosidl_typesupport_c.dir/rosidl_typesupport_c/rosidl_generator_py/msg/string_arrays__type_support.cpp.o
[4.396s] [ 54%] Building CXX object CMakeFiles/rosidl_generator_py_custom__rosidl_typesupport_c.dir/rosidl_typesupport_c/rosidl_generator_py/msg/property__type_support.cpp.o
[4.424s] [ 55%] Linking CXX shared library librosidl_generator_py_custom__rosidl_typesupport_c.so
[4.448s] [ 55%] Built target rosidl_generator_py_custom__rosidl_typesupport_c
[4.489s] [ 55%] Building C object CMakeFiles/rosidl_generator_py_custom__rosidl_typesupport_introspection_c.dir/rosidl_typesupport_introspection_c/rosidl_generator_py/msg/detail/builtin_type_sequences_idl__type_support.c.o
[4.489s] [ 58%] Building C object CMakeFiles/rosidl_generator_py_custom__rosidl_typesupport_introspection_c.dir/rosidl_typesupport_introspection_c/rosidl_generator_py/msg/detail/constants__type_support.c.o
[4.489s] [ 58%] Building C object CMakeFiles/rosidl_generator_py_custom__rosidl_typesupport_introspection_c.dir/rosidl_typesupport_introspection_c/rosidl_generator_py/msg/detail/arrays__type_support.c.o
[4.489s] [ 58%] Building C object CMakeFiles/rosidl_generator_py_custom__rosidl_typesupport_introspection_c.dir/rosidl_typesupport_introspection_c/rosidl_generator_py/msg/detail/bounded_plain_sequences__type_support.c.o
[4.489s] [ 58%] Building C object CMakeFiles/rosidl_generator_py_custom__rosidl_typesupport_introspection_c.dir/rosidl_typesupport_introspection_c/rosidl_generator_py/msg/detail/basic_types__type_support.c.o
[4.489s] [ 59%] Building C object CMakeFiles/rosidl_generator_py_custom__rosidl_typesupport_introspection_c.dir/rosidl_typesupport_introspection_c/rosidl_generator_py/msg/detail/bounded_sequences__type_support.c.o
[4.499s] [ 60%] Building C object CMakeFiles/rosidl_generator_py_custom__rosidl_typesupport_introspection_c.dir/rosidl_typesupport_introspection_c/rosidl_generator_py/msg/detail/defaults__type_support.c.o
[4.500s] [ 61%] Building C object CMakeFiles/rosidl_generator_py_custom__rosidl_typesupport_introspection_c.dir/rosidl_typesupport_introspection_c/rosidl_generator_py/msg/detail/multi_nested__type_support.c.o
[4.500s] [ 62%] Building C object CMakeFiles/rosidl_generator_py_custom__rosidl_typesupport_introspection_c.dir/rosidl_typesupport_introspection_c/rosidl_generator_py/msg/detail/w_strings__type_support.c.o
[4.500s] [ 65%] Building C object CMakeFiles/rosidl_generator_py_custom__rosidl_typesupport_introspection_c.dir/rosidl_typesupport_introspection_c/rosidl_generator_py/msg/detail/string_arrays__type_support.c.o
[4.500s] [ 65%] Building C object CMakeFiles/rosidl_generator_py_custom__rosidl_typesupport_introspection_c.dir/rosidl_typesupport_introspection_c/rosidl_generator_py/msg/detail/empty__type_support.c.o
[4.500s] [ 65%] Building C object CMakeFiles/rosidl_generator_py_custom__rosidl_typesupport_introspection_c.dir/rosidl_typesupport_introspection_c/rosidl_generator_py/msg/detail/nested__type_support.c.o
[4.500s] [ 66%] Building C object CMakeFiles/rosidl_generator_py_custom__rosidl_typesupport_introspection_c.dir/rosidl_typesupport_introspection_c/rosidl_generator_py/msg/detail/strings__type_support.c.o
[4.500s] [ 67%] Building C object CMakeFiles/rosidl_generator_py_custom__rosidl_typesupport_introspection_c.dir/rosidl_typesupport_introspection_c/rosidl_generator_py/msg/detail/property__type_support.c.o
[4.500s] [ 67%] Building C object CMakeFiles/rosidl_generator_py_custom__rosidl_typesupport_introspection_c.dir/rosidl_typesupport_introspection_c/rosidl_generator_py/msg/detail/unbounded_sequences__type_support.c.o
[4.548s] [ 68%] Linking C shared library librosidl_generator_py_custom__rosidl_typesupport_introspection_c.so
[4.566s] [ 68%] Built target rosidl_generator_py_custom__rosidl_typesupport_introspection_c
[4.641s] [ 69%] Building CXX object CMakeFiles/rosidl_generator_py_custom__rosidl_typesupport_fastrtps_c.dir/rosidl_typesupport_fastrtps_c/rosidl_generator_py/msg/detail/builtin_type_sequences_idl__type_support_c.cpp.o
[4.641s] [ 69%] Building CXX object CMakeFiles/rosidl_generator_py_custom__rosidl_typesupport_fastrtps_c.dir/rosidl_typesupport_fastrtps_c/rosidl_generator_py/msg/detail/arrays__type_support_c.cpp.o
[4.642s] [ 71%] Building CXX object CMakeFiles/rosidl_generator_py_custom__rosidl_typesupport_fastrtps_c.dir/rosidl_typesupport_fastrtps_c/rosidl_generator_py/msg/detail/basic_types__type_support_c.cpp.o
[4.642s] [ 71%] Building CXX object CMakeFiles/rosidl_generator_py_custom__rosidl_typesupport_fastrtps_c.dir/rosidl_typesupport_fastrtps_c/rosidl_generator_py/msg/detail/bounded_plain_sequences__type_support_c.cpp.o
[4.642s] [ 72%] Building CXX object CMakeFiles/rosidl_generator_py_custom__rosidl_typesupport_fastrtps_c.dir/rosidl_typesupport_fastrtps_c/rosidl_generator_py/msg/detail/bounded_sequences__type_support_c.cpp.o
[4.642s] [ 73%] Building CXX object CMakeFiles/rosidl_generator_py_custom__rosidl_typesupport_fastrtps_c.dir/rosidl_typesupport_fastrtps_c/rosidl_generator_py/msg/detail/constants__type_support_c.cpp.o
[4.644s] [ 74%] Building CXX object CMakeFiles/rosidl_generator_py_custom__rosidl_typesupport_fastrtps_c.dir/rosidl_typesupport_fastrtps_c/rosidl_generator_py/msg/detail/defaults__type_support_c.cpp.o
[4.644s] [ 74%] Building CXX object CMakeFiles/rosidl_generator_py_custom__rosidl_typesupport_fastrtps_c.dir/rosidl_typesupport_fastrtps_c/rosidl_generator_py/msg/detail/empty__type_support_c.cpp.o
[4.644s] [ 79%] Building CXX object CMakeFiles/rosidl_generator_py_custom__rosidl_typesupport_fastrtps_c.dir/rosidl_typesupport_fastrtps_c/rosidl_generator_py/msg/detail/property__type_support_c.cpp.o
[4.644s] [ 79%] Building CXX object CMakeFiles/rosidl_generator_py_custom__rosidl_typesupport_fastrtps_c.dir/rosidl_typesupport_fastrtps_c/rosidl_generator_py/msg/detail/strings__type_support_c.cpp.o
[4.644s] [ 78%] Building CXX object CMakeFiles/rosidl_generator_py_custom__rosidl_typesupport_fastrtps_c.dir/rosidl_typesupport_fastrtps_c/rosidl_generator_py/msg/detail/nested__type_support_c.cpp.o
[4.644s] [ 80%] Building CXX object CMakeFiles/rosidl_generator_py_custom__rosidl_typesupport_fastrtps_c.dir/rosidl_typesupport_fastrtps_c/rosidl_generator_py/msg/detail/string_arrays__type_support_c.cpp.o
[4.644s] [ 80%] Building CXX object CMakeFiles/rosidl_generator_py_custom__rosidl_typesupport_fastrtps_c.dir/rosidl_typesupport_fastrtps_c/rosidl_generator_py/msg/detail/w_strings__type_support_c.cpp.o
[4.644s] [ 78%] Building CXX object CMakeFiles/rosidl_generator_py_custom__rosidl_typesupport_fastrtps_c.dir/rosidl_typesupport_fastrtps_c/rosidl_generator_py/msg/detail/multi_nested__type_support_c.cpp.o
[4.645s] [ 80%] Building CXX object CMakeFiles/rosidl_generator_py_custom__rosidl_typesupport_fastrtps_c.dir/rosidl_typesupport_fastrtps_c/rosidl_generator_py/msg/detail/unbounded_sequences__type_support_c.cpp.o
[4.957s] [ 81%] Linking CXX shared library librosidl_generator_py_custom__rosidl_typesupport_fastrtps_c.so
[5.000s] [ 81%] Built target rosidl_generator_py_custom__rosidl_typesupport_fastrtps_c
[5.009s] [ 81%] Built target rosidl_generator_py_custom
[5.019s] [ 82%] Generating Python code for ROS interfaces
[6.768s] [ 82%] Built target rosidl_generator_py_custom__py
[6.779s] [ 83%] Building C object CMakeFiles/rosidl_generator_py_custom__rosidl_generator_py.dir/rosidl_generator_py/rosidl_generator_py/msg/_builtin_type_sequences_idl_s.c.o
[6.779s] [ 84%] Building C object CMakeFiles/rosidl_generator_py_custom__rosidl_generator_py.dir/rosidl_generator_py/rosidl_generator_py/msg/_arrays_s.c.o
[6.780s] [ 85%] Building C object CMakeFiles/rosidl_generator_py_custom__rosidl_generator_py.dir/rosidl_generator_py/rosidl_generator_py/msg/_basic_types_s.c.o
[6.780s] [ 86%] Building C object CMakeFiles/rosidl_generator_py_custom__rosidl_generator_py.dir/rosidl_generator_py/rosidl_generator_py/msg/_bounded_plain_sequences_s.c.o
[6.780s] [ 86%] Building C object CMakeFiles/rosidl_generator_py_custom__rosidl_generator_py.dir/rosidl_generator_py/rosidl_generator_py/msg/_bounded_sequences_s.c.o
[6.780s] [ 87%] Building C object CMakeFiles/rosidl_generator_py_custom__rosidl_generator_py.dir/rosidl_generator_py/rosidl_generator_py/msg/_constants_s.c.o
[6.780s] [ 91%] Building C object CMakeFiles/rosidl_generator_py_custom__rosidl_generator_py.dir/rosidl_generator_py/rosidl_generator_py/msg/_multi_nested_s.c.o
[6.781s] [ 91%] Building C object CMakeFiles/rosidl_generator_py_custom__rosidl_generator_py.dir/rosidl_generator_py/rosidl_generator_py/msg/_nested_s.c.o
[6.781s] [ 92%] Building C object CMakeFiles/rosidl_generator_py_custom__rosidl_generator_py.dir/rosidl_generator_py/rosidl_generator_py/msg/_string_arrays_s.c.o
[6.781s] [ 88%] Building C object CMakeFiles/rosidl_generator_py_custom__rosidl_generator_py.dir/rosidl_generator_py/rosidl_generator_py/msg/_w_strings_s.c.o
[6.781s] [ 93%] Building C object CMakeFiles/rosidl_generator_py_custom__rosidl_generator_py.dir/rosidl_generator_py/rosidl_generator_py/msg/_strings_s.c.o
[6.781s] [ 91%] Building C object CMakeFiles/rosidl_generator_py_custom__rosidl_generator_py.dir/rosidl_generator_py/rosidl_generator_py/msg/_empty_s.c.o
[6.782s] [ 94%] Building C object CMakeFiles/rosidl_generator_py_custom__rosidl_generator_py.dir/rosidl_generator_py/rosidl_generator_py/msg/_unbounded_sequences_s.c.o
[6.782s] [ 93%] Building C object CMakeFiles/rosidl_generator_py_custom__rosidl_generator_py.dir/rosidl_generator_py/rosidl_generator_py/msg/_defaults_s.c.o
[6.782s] [ 95%] Building C object CMakeFiles/rosidl_generator_py_custom__rosidl_generator_py.dir/rosidl_generator_py/rosidl_generator_py/msg/_property_s.c.o
[7.008s] [ 95%] Linking C shared library librosidl_generator_py_custom__rosidl_generator_py.so
[7.033s] [ 95%] Built target rosidl_generator_py_custom__rosidl_generator_py
[7.042s] [ 96%] Building C object CMakeFiles/rosidl_generator_py_s__rosidl_typesupport_fastrtps_c.dir/rosidl_generator_py/rosidl_generator_py/_rosidl_generator_py_s.ep.rosidl_typesupport_fastrtps_c.c.o
[7.043s] [ 96%] Building C object CMakeFiles/rosidl_generator_py_s__rosidl_typesupport_c.dir/rosidl_generator_py/rosidl_generator_py/_rosidl_generator_py_s.ep.rosidl_typesupport_c.c.o
[7.043s] [ 97%] Building C object CMakeFiles/rosidl_generator_py_s__rosidl_typesupport_introspection_c.dir/rosidl_generator_py/rosidl_generator_py/_rosidl_generator_py_s.ep.rosidl_typesupport_introspection_c.c.o
[7.117s] [100%] Linking C shared module rosidl_generator_py/rosidl_generator_py/rosidl_generator_py_s__rosidl_typesupport_fastrtps_c.so
[7.117s] [100%] Linking C shared module rosidl_generator_py/rosidl_generator_py/rosidl_generator_py_s__rosidl_typesupport_introspection_c.so
[7.117s] [100%] Linking C shared module rosidl_generator_py/rosidl_generator_py/rosidl_generator_py_s__rosidl_typesupport_c.so
[7.132s] [100%] Built target rosidl_generator_py_s__rosidl_typesupport_c
[7.133s] [100%] Built target rosidl_generator_py_s__rosidl_typesupport_fastrtps_c
[7.133s] [100%] Built target rosidl_generator_py_s__rosidl_typesupport_introspection_c
[7.139s] Invoked command in '/workspace/jazzy_ws/build/rosidl_generator_py' returned '0': AMENT_PREFIX_PATH=/workspace/jazzy_ws/install CMAKE_PREFIX_PATH=/workspace/jazzy_ws/install LD_LIBRARY_PATH=/workspace/jazzy_ws/install/lib:/workspace/jazzy_ws/install/opt/mimick_vendor/lib PATH=/workspace/jazzy_ws/install/bin:/workspace/jazzy_ws/install/opt/uncrustify_vendor/bin:${PATH} PKG_CONFIG_PATH=/workspace/jazzy_ws/install/lib/x86_64-linux-gnu/pkgconfig:/workspace/jazzy_ws/install/lib/pkgconfig PYTHONPATH=/workspace/jazzy_ws/install/lib/python3.12/site-packages /usr/bin/cmake --build /workspace/jazzy_ws/build/rosidl_generator_py -- -j24 -l24
[7.139s] Invoking command in '/workspace/jazzy_ws/build/rosidl_generator_py': AMENT_PREFIX_PATH=/workspace/jazzy_ws/install CMAKE_PREFIX_PATH=/workspace/jazzy_ws/install LD_LIBRARY_PATH=/workspace/jazzy_ws/install/lib:/workspace/jazzy_ws/install/opt/mimick_vendor/lib PATH=/workspace/jazzy_ws/install/bin:/workspace/jazzy_ws/install/opt/uncrustify_vendor/bin:${PATH} PKG_CONFIG_PATH=/workspace/jazzy_ws/install/lib/x86_64-linux-gnu/pkgconfig:/workspace/jazzy_ws/install/lib/pkgconfig PYTHONPATH=/workspace/jazzy_ws/install/lib/python3.12/site-packages /usr/bin/cmake --install /workspace/jazzy_ws/build/rosidl_generator_py
[7.143s] -- Install configuration: ""
[7.143s] -- Installing: /workspace/jazzy_ws/install/share/ament_index/resource_index/rosidl_generator_packages/rosidl_generator_py
[7.143s] -- Installing: /workspace/jazzy_ws/install/share/rosidl_generator_py/environment/pythonpath.sh
[7.143s] -- Installing: /workspace/jazzy_ws/install/share/rosidl_generator_py/environment/pythonpath.dsv
[7.144s] -- Installing: /workspace/jazzy_ws/install/lib/python3.12/site-packages/rosidl_generator_py-0.22.2-py3.12.egg-info
[7.144s] -- Installing: /workspace/jazzy_ws/install/lib/python3.12/site-packages/rosidl_generator_py-0.22.2-py3.12.egg-info/PKG-INFO
[7.144s] -- Installing: /workspace/jazzy_ws/install/lib/python3.12/site-packages/rosidl_generator_py-0.22.2-py3.12.egg-info/SOURCES.txt
[7.144s] -- Installing: /workspace/jazzy_ws/install/lib/python3.12/site-packages/rosidl_generator_py-0.22.2-py3.12.egg-info/top_level.txt
[7.144s] -- Installing: /workspace/jazzy_ws/install/lib/python3.12/site-packages/rosidl_generator_py-0.22.2-py3.12.egg-info/entry_points.txt
[7.144s] -- Installing: /workspace/jazzy_ws/install/lib/python3.12/site-packages/rosidl_generator_py-0.22.2-py3.12.egg-info/dependency_links.txt
[7.144s] -- Installing: /workspace/jazzy_ws/install/lib/python3.12/site-packages/rosidl_generator_py
[7.144s] -- Installing: /workspace/jazzy_ws/install/lib/python3.12/site-packages/rosidl_generator_py/import_type_support_impl.py
[7.144s] -- Installing: /workspace/jazzy_ws/install/lib/python3.12/site-packages/rosidl_generator_py/generate_py_impl.py
[7.144s] -- Installing: /workspace/jazzy_ws/install/lib/python3.12/site-packages/rosidl_generator_py/cli.py
[7.144s] -- Installing: /workspace/jazzy_ws/install/lib/python3.12/site-packages/rosidl_generator_py/__init__.py
[7.166s] Listing '/workspace/jazzy_ws/install/lib/python3.12/site-packages/rosidl_generator_py'...
[7.166s] Compiling '/workspace/jazzy_ws/install/lib/python3.12/site-packages/rosidl_generator_py/__init__.py'...
[7.166s] Compiling '/workspace/jazzy_ws/install/lib/python3.12/site-packages/rosidl_generator_py/cli.py'...
[7.166s] Compiling '/workspace/jazzy_ws/install/lib/python3.12/site-packages/rosidl_generator_py/generate_py_impl.py'...
[7.166s] Compiling '/workspace/jazzy_ws/install/lib/python3.12/site-packages/rosidl_generator_py/import_type_support_impl.py'...
[7.169s] -- Installing: /workspace/jazzy_ws/install/share/ament_index/resource_index/package_run_dependencies/rosidl_generator_py
[7.169s] -- Installing: /workspace/jazzy_ws/install/share/ament_index/resource_index/parent_prefix_path/rosidl_generator_py
[7.170s] -- Installing: /workspace/jazzy_ws/install/share/rosidl_generator_py/environment/ament_prefix_path.sh
[7.170s] -- Installing: /workspace/jazzy_ws/install/share/rosidl_generator_py/environment/ament_prefix_path.dsv
[7.170s] -- Installing: /workspace/jazzy_ws/install/share/rosidl_generator_py/environment/path.sh
[7.170s] -- Installing: /workspace/jazzy_ws/install/share/rosidl_generator_py/environment/path.dsv
[7.170s] -- Installing: /workspace/jazzy_ws/install/share/rosidl_generator_py/local_setup.bash
[7.170s] -- Installing: /workspace/jazzy_ws/install/share/rosidl_generator_py/local_setup.sh
[7.170s] -- Installing: /workspace/jazzy_ws/install/share/rosidl_generator_py/local_setup.zsh
[7.170s] -- Installing: /workspace/jazzy_ws/install/share/rosidl_generator_py/local_setup.dsv
[7.170s] -- Installing: /workspace/jazzy_ws/install/share/rosidl_generator_py/package.dsv
[7.170s] -- Installing: /workspace/jazzy_ws/install/share/ament_index/resource_index/packages/rosidl_generator_py
[7.170s] -- Installing: /workspace/jazzy_ws/install/share/rosidl_generator_py/cmake/rosidl_generator_py_get_typesupports.cmake
[7.170s] -- Installing: /workspace/jazzy_ws/install/share/rosidl_generator_py/cmake/register_py.cmake
[7.170s] -- Installing: /workspace/jazzy_ws/install/share/rosidl_generator_py/cmake/rosidl_generator_py-extras.cmake
[7.170s] -- Installing: /workspace/jazzy_ws/install/share/rosidl_generator_py/cmake/ament_cmake_export_dependencies-extras.cmake
[7.171s] -- Installing: /workspace/jazzy_ws/install/share/rosidl_generator_py/cmake/rosidl_cmake-extras.cmake
[7.171s] -- Installing: /workspace/jazzy_ws/install/share/rosidl_generator_py/cmake/rosidl_generator_pyConfig.cmake
[7.171s] -- Installing: /workspace/jazzy_ws/install/share/rosidl_generator_py/cmake/rosidl_generator_pyConfig-version.cmake
[7.171s] -- Installing: /workspace/jazzy_ws/install/share/rosidl_generator_py/package.xml
[7.171s] -- Installing: /workspace/jazzy_ws/install/lib/rosidl_generator_py/rosidl_generator_py
[7.171s] -- Up-to-date: /workspace/jazzy_ws/install/share/rosidl_generator_py/cmake
[7.171s] -- Up-to-date: /workspace/jazzy_ws/install/share/rosidl_generator_py/cmake/rosidl_generator_py_get_typesupports.cmake
[7.171s] -- Installing: /workspace/jazzy_ws/install/share/rosidl_generator_py/cmake/custom_command.cmake
[7.171s] -- Up-to-date: /workspace/jazzy_ws/install/share/rosidl_generator_py/cmake/register_py.cmake
[7.171s] -- Installing: /workspace/jazzy_ws/install/share/rosidl_generator_py/cmake/rosidl_generator_py_generate_interfaces.cmake
[7.171s] -- Installing: /workspace/jazzy_ws/install/share/rosidl_generator_py/resource
[7.171s] -- Installing: /workspace/jazzy_ws/install/share/rosidl_generator_py/resource/_action.py.em
[7.171s] -- Installing: /workspace/jazzy_ws/install/share/rosidl_generator_py/resource/_action_pkg_typesupport_entry_point.c.em
[7.171s] -- Installing: /workspace/jazzy_ws/install/share/rosidl_generator_py/resource/_idl_pkg_typesupport_entry_point.c.em
[7.171s] -- Installing: /workspace/jazzy_ws/install/share/rosidl_generator_py/resource/_idl.py.em
[7.171s] -- Installing: /workspace/jazzy_ws/install/share/rosidl_generator_py/resource/_idl_support.c.em
[7.171s] -- Installing: /workspace/jazzy_ws/install/share/rosidl_generator_py/resource/_srv.py.em
[7.172s] -- Installing: /workspace/jazzy_ws/install/share/rosidl_generator_py/resource/_msg_pkg_typesupport_entry_point.c.em
[7.172s] -- Installing: /workspace/jazzy_ws/install/share/rosidl_generator_py/resource/_msg_support.c.em
[7.172s] -- Installing: /workspace/jazzy_ws/install/share/rosidl_generator_py/resource/_srv_pkg_typesupport_entry_point.c.em
[7.172s] -- Installing: /workspace/jazzy_ws/install/share/rosidl_generator_py/resource/_msg.py.em
[7.173s] Invoked command in '/workspace/jazzy_ws/build/rosidl_generator_py' returned '0': AMENT_PREFIX_PATH=/workspace/jazzy_ws/install CMAKE_PREFIX_PATH=/workspace/jazzy_ws/install LD_LIBRARY_PATH=/workspace/jazzy_ws/install/lib:/workspace/jazzy_ws/install/opt/mimick_vendor/lib PATH=/workspace/jazzy_ws/install/bin:/workspace/jazzy_ws/install/opt/uncrustify_vendor/bin:${PATH} PKG_CONFIG_PATH=/workspace/jazzy_ws/install/lib/x86_64-linux-gnu/pkgconfig:/workspace/jazzy_ws/install/lib/pkgconfig PYTHONPATH=/workspace/jazzy_ws/install/lib/python3.12/site-packages /usr/bin/cmake --install /workspace/jazzy_ws/build/rosidl_generator_py
