-- The C compiler identification is GNU 13.3.0
-- The CXX compiler identification is GNU 13.3.0
-- Detecting C compiler ABI info
-- Detecting C compiler ABI info - done
-- Check for working C compiler: /usr/bin/cc - skipped
-- Detecting C compile features
-- Detecting C compile features - done
-- Detecting CXX compiler ABI info
-- Detecting CXX compiler ABI info - done
-- Check for working CXX compiler: /usr/bin/c++ - skipped
-- Detecting CXX compile features
-- Detecting CXX compile features - done
-- Found ament_cmake_python: 2.5.5 (/workspace/jazzy_ws/install/share/ament_cmake_python/cmake)
-- Found ament_cmake_ros: 0.12.0 (/workspace/jazzy_ws/install/share/ament_cmake_ros/cmake)
-- Found Python3: /usr/bin/python3 (found version "3.12.3") found components: Interpreter 
-- Performing Test USES_GLIBC
-- Performing Test USES_GLIBC - Success
-- Looking for __atomic_load_8 in atomic
-- Looking for __atomic_load_8 in atomic - found
-- Found performance_test_fixture: 0.2.1 (/workspace/jazzy_ws/install/share/performance_test_fixture/cmake)
-- Found ament_lint_auto: 0.17.4 (/workspace/jazzy_ws/install/share/ament_lint_auto/cmake)
-- Found python_cmake_module: 0.11.1 (/workspace/jazzy_ws/install/share/python_cmake_module/cmake)
-- Found PythonExtra: /usr/bin/python3  
-- Found gtest sources under '/workspace/jazzy_ws/install/src/gtest_vendor': C++ tests using 'Google Test' will be built
-- Found Threads: TRUE  
-- Found gmock sources under '/workspace/jazzy_ws/install/src/gmock_vendor': C++ tests using 'Google Mock' will be built
-- Performing Test is_no_as_needed_supported
-- Performing Test is_no_as_needed_supported - Success
-- Performance tests are disabled by default, so Google Benchmark tests will be skipped. To enable these tests, set the CMake variable 'AMENT_RUN_PERFORMANCE_TESTS'.
-- Added test 'copyright' to check source files copyright and LICENSE
-- Added test 'cpplint' to check C / C++ code against the Google style
-- Configured cpplint exclude dirs and/or files: 
-- Added test 'flake8' to check Python code syntax and style conventions
-- Configured 'flake8' exclude dirs and/or files: 
-- Added test 'lint_cmake' to check CMake code style
-- Added test 'pep257' to check Python code against some of the docstring style conventions in PEP 257
-- Added test 'uncrustify' to check C / C++ code style
-- Configured uncrustify additional arguments: 
-- Added test 'xmllint' to check XML markup files
-- Configuring done (1.8s)
-- Generating done (0.1s)
-- Build files have been written to: /workspace/jazzy_ws/build/rcutils
[  1%] Expanding logging_macros.h.em
[  2%] Building CXX object gtest/CMakeFiles/gtest.dir/src/gtest-all.cc.o
[  2%] Building CXX object gmock/CMakeFiles/gmock_main.dir/src/gmock_main.cc.o
[  3%] Building CXX object gtest/CMakeFiles/gtest_main.dir/src/gtest_main.cc.o
[  4%] Building CXX object gmock/CMakeFiles/gmock.dir/workspace/jazzy_ws/install/src/gtest_vendor/src/gtest-all.cc.o
[  5%] Building C object CMakeFiles/dummy_shared_library_in_run_paths.dir/test/dummy_shared_library/dummy_shared_library.c.o
[  5%] Built target ament_cmake_python_copy_rcutils
[  6%] Building CXX object gmock/CMakeFiles/gmock.dir/src/gmock-all.cc.o
[  7%] Building C object CMakeFiles/dummy_shared_library_preloaded.dir/test/dummy_shared_library/dummy_shared_library.c.o
[  7%] Building C object CMakeFiles/dummy_shared_library_in_load_paths.dir/test/dummy_shared_library/dummy_shared_library.c.o
[  7%] Linking C shared library test_libraries/libdummy_shared_library_preloaded.so
[  8%] Linking C shared library libdummy_shared_library_in_run_paths.so
[  9%] Linking C shared library test_libraries/libdummy_shared_library_in_load_paths.so
[  9%] Built target dummy_shared_library_preloaded
[  9%] Built target dummy_shared_library_in_run_paths
[  9%] Built target dummy_shared_library_in_load_paths
[ 10%] Building C object CMakeFiles/rcutils.dir/src/allocator.c.o
[ 10%] Building C object CMakeFiles/rcutils.dir/src/char_array.c.o
[ 11%] Building C object CMakeFiles/rcutils.dir/src/array_list.c.o
[ 12%] Building C object CMakeFiles/rcutils.dir/src/cmdline_parser.c.o
[ 13%] Building C object CMakeFiles/rcutils.dir/src/env.c.o
[ 14%] Building C object CMakeFiles/rcutils.dir/src/filesystem.c.o
[ 15%] Building C object CMakeFiles/rcutils.dir/src/error_handling.c.o
[ 16%] Building C object CMakeFiles/rcutils.dir/src/find.c.o
[ 17%] Building C object CMakeFiles/rcutils.dir/src/process.c.o
[ 18%] Building C object CMakeFiles/rcutils.dir/src/format_string.c.o
[ 19%] Building C object CMakeFiles/rcutils.dir/src/hash_map.c.o
[ 20%] Building C object CMakeFiles/rcutils.dir/src/sha256.c.o
[ 21%] Building C object CMakeFiles/rcutils.dir/src/shared_library.c.o
[ 16%] Building C object CMakeFiles/rcutils.dir/src/logging.c.o
[ 21%] Building C object CMakeFiles/rcutils.dir/src/qsort.c.o
[ 22%] Building C object CMakeFiles/rcutils.dir/src/repl_str.c.o
[ 23%] Building C object CMakeFiles/rcutils.dir/src/split.c.o
[ 23%] Building C object CMakeFiles/rcutils.dir/src/snprintf.c.o
[ 24%] Building C object CMakeFiles/rcutils.dir/src/strdup.c.o
[ 25%] Building C object CMakeFiles/rcutils.dir/src/strcasecmp.c.o
[ 26%] Building C object CMakeFiles/rcutils.dir/src/strerror.c.o
[ 26%] Building C object CMakeFiles/rcutils.dir/src/string_array.c.o
[ 27%] Building C object CMakeFiles/rcutils.dir/src/string_map.c.o
[ 28%] Building C object CMakeFiles/rcutils.dir/src/testing/fault_injection.c.o
[ 29%] Building C object CMakeFiles/rcutils.dir/src/time.c.o
[ 29%] Building C object CMakeFiles/rcutils.dir/src/time_unix.c.o
[ 30%] Building C object CMakeFiles/rcutils.dir/src/uint8_array.c.o
running egg_info
creating rcutils.egg-info
writing rcutils.egg-info/PKG-INFO
writing dependency_links to rcutils.egg-info/dependency_links.txt
writing top-level names to rcutils.egg-info/top_level.txt
writing manifest file 'rcutils.egg-info/SOURCES.txt'
[ 31%] Linking C shared library librcutils.so
reading manifest file 'rcutils.egg-info/SOURCES.txt'
writing manifest file 'rcutils.egg-info/SOURCES.txt'
[ 31%] Built target rcutils
[ 32%] Building C object CMakeFiles/test_logging_macros_c.dir/test/test_logging_macros.c.o
[ 33%] Building CXX object CMakeFiles/benchmark_logging.dir/test/benchmark/benchmark_logging.cpp.o
[ 34%] Building CXX object CMakeFiles/test_logging_long_messages.dir/test/test_logging_long_messages.cpp.o
[ 34%] Building CXX object CMakeFiles/benchmark_err_handle.dir/test/benchmark/benchmark_error_handling.cpp.o
[ 35%] Building C object CMakeFiles/test_atomics_executable.dir/test/test_atomics.c.o
[ 35%] Built target ament_cmake_python_build_rcutils_egg
[ 36%] Linking C executable test_logging_macros_c
[ 37%] Linking C executable test_atomics_executable
[ 37%] Built target test_logging_macros_c
[ 37%] Built target test_atomics_executable
[ 37%] Linking CXX executable test_logging_long_messages
[ 37%] Linking CXX static library libgtest_main.a
[ 37%] Built target test_logging_long_messages
[ 37%] Built target gtest_main
[ 38%] Linking CXX executable benchmark_err_handle
[ 39%] Linking CXX static library libgmock_main.a
[ 40%] Linking CXX executable benchmark_logging
[ 40%] Built target benchmark_err_handle
[ 40%] Built target gmock_main
[ 40%] Built target benchmark_logging
[ 41%] Linking CXX static library libgtest.a
[ 41%] Built target gtest
[ 42%] Building CXX object CMakeFiles/test_allocator.dir/test/test_allocator.cpp.o
[ 43%] Building CXX object CMakeFiles/test_logging.dir/test/test_logging.cpp.o
[ 43%] Building CXX object CMakeFiles/test_char_array.dir/test/test_char_array.cpp.o
[ 44%] Building CXX object CMakeFiles/test_split.dir/test/test_split.cpp.o
[ 45%] Building CXX object CMakeFiles/test_string_array.dir/test/test_string_array.cpp.o
[ 46%] Building CXX object CMakeFiles/test_find.dir/test/test_find.cpp.o
[ 46%] Building CXX object CMakeFiles/test_strerror.dir/test/test_strerror.cpp.o
[ 47%] Building CXX object CMakeFiles/test_env.dir/test/test_env.cpp.o
[ 48%] Building CXX object CMakeFiles/test_shared_library_in_run_paths.dir/test/test_shared_library.cpp.o
[ 49%] Building CXX object CMakeFiles/test_shared_library_in_load_paths.dir/test/test_shared_library.cpp.o
[ 49%] Building CXX object CMakeFiles/test_filesystem.dir/test/test_filesystem.cpp.o
[ 49%] Building CXX object CMakeFiles/test_format_string.dir/test/test_format_string.cpp.o
[ 50%] Building CXX object CMakeFiles/test_string_map.dir/test/test_string_map.cpp.o
[ 50%] Building CXX object CMakeFiles/test_repl_str.dir/test/test_repl_str.cpp.o
[ 51%] Building CXX object CMakeFiles/test_isalnum_no_locale.dir/test/test_isalnum_no_locale.cpp.o
[ 52%] Building CXX object CMakeFiles/test_strdup.dir/test/test_strdup.cpp.o
[ 53%] Building CXX object CMakeFiles/test_strcasecmp.dir/test/test_strcasecmp.cpp.o
[ 53%] Building CXX object CMakeFiles/test_snprintf.dir/test/test_snprintf.cpp.o
[ 54%] Building CXX object CMakeFiles/test_shared_library_preloaded.dir/test/test_shared_library.cpp.o
[ 55%] Building CXX object CMakeFiles/test_time.dir/test/test_time.cpp.o
[ 56%] Building CXX object CMakeFiles/test_sha256.dir/test/test_sha256.cpp.o
[ 56%] Building CXX object CMakeFiles/test_array_list.dir/test/test_array_list.cpp.o
[ 57%] Building CXX object CMakeFiles/test_uint8_array.dir/test/test_uint8_array.cpp.o
[ 58%] Linking CXX static library libgmock.a
[ 59%] Linking CXX executable test_format_string
[ 59%] Built target gmock
[ 60%] Building CXX object CMakeFiles/test_hash_map.dir/test/test_hash_map.cpp.o
[ 61%] Linking CXX executable test_strerror
[ 62%] Linking CXX executable test_strcasecmp
[ 62%] Built target test_format_string
[ 63%] Building CXX object CMakeFiles/test_cmdline_parser.dir/test/test_cmdline_parser.cpp.o
[ 63%] Built target test_strerror
[ 63%] Built target test_strcasecmp
[ 64%] Linking CXX executable test_shared_library_in_run_paths
[ 64%] Linking CXX executable test_shared_library_preloaded
[ 65%] Building CXX object CMakeFiles/test_process.dir/test/test_process.cpp.o
[ 66%] Building CXX object CMakeFiles/test_logging_custom_env.dir/test/test_logging_custom_env.cpp.o
[ 66%] Built target test_shared_library_preloaded
[ 66%] Building CXX object CMakeFiles/test_logging_custom_env2.dir/test/test_logging_custom_env.cpp.o
[ 66%] Built target test_shared_library_in_run_paths
[ 67%] Linking CXX executable test_allocator
[ 68%] Building CXX object CMakeFiles/test_logging_bad_env.dir/test/test_logging_bad_env.cpp.o
[ 69%] Linking CXX executable test_time
[ 69%] Built target test_allocator
[ 69%] Built target test_time
[ 70%] Building CXX object CMakeFiles/test_logging_bad_env2.dir/test/test_logging_bad_env.cpp.o
[ 71%] Building CXX object CMakeFiles/test_logging_bad_env3.dir/test/test_logging_bad_env.cpp.o
[ 71%] Linking CXX executable test_string_map
[ 71%] Linking CXX executable test_env
[ 72%] Linking CXX executable test_char_array
[ 73%] Linking CXX executable test_repl_str
[ 73%] Linking CXX executable test_isalnum_no_locale
[ 74%] Linking CXX executable test_find
[ 75%] Linking CXX executable test_uint8_array
[ 76%] Linking CXX executable test_snprintf
[ 76%] Built target test_string_map
[ 77%] Linking CXX executable test_split
[ 77%] Built target test_env
[ 78%] Building CXX object CMakeFiles/test_logging_enable_for.dir/test/test_logging_enable_for.cpp.o
[ 78%] Building CXX object CMakeFiles/test_logging_console_output_handler.dir/test/test_logging_console_output_handler.cpp.o
[ 79%] Linking CXX executable test_process
[ 80%] Linking CXX executable test_logging_custom_env
[ 80%] Built target test_char_array
[ 80%] Built target test_repl_str
[ 80%] Building CXX object CMakeFiles/test_macros.dir/test/test_macros.cpp.o
[ 80%] Built target test_isalnum_no_locale
[ 81%] Building CXX object CMakeFiles/test_logging_macros.dir/test/test_logging_macros.cpp.o
[ 82%] Building CXX object CMakeFiles/test_error_handling.dir/test/test_error_handling.cpp.o
[ 82%] Built target test_find
[ 83%] Linking CXX executable test_strdup
[ 83%] Built target test_snprintf
[ 83%] Built target test_uint8_array
[ 84%] Building CXX object CMakeFiles/test_error_handling_helpers.dir/test/test_error_handling_helpers.cpp.o
[ 85%] Linking CXX executable test_sha256
[ 85%] Built target test_split
[ 85%] Linking CXX executable test_logging_bad_env
[ 85%] Linking CXX executable test_shared_library_in_load_paths
[ 86%] Linking CXX executable test_logging_custom_env2
[ 86%] Built target test_logging_custom_env
[ 87%] Linking CXX executable test_string_array
[ 87%] Built target test_process
[ 87%] Built target test_strdup
[ 87%] Built target test_shared_library_in_load_paths
[ 87%] Built target test_sha256
[ 88%] Linking CXX executable test_logging_bad_env2
[ 88%] Built target test_logging_custom_env2
[ 88%] Built target test_logging_bad_env
[ 88%] Built target test_string_array
[ 89%] Linking CXX executable test_array_list
[ 89%] Built target test_logging_bad_env2
[ 90%] Linking CXX executable test_logging
[ 90%] Built target test_array_list
[ 91%] Linking CXX executable test_filesystem
[ 91%] Built target test_logging
[ 91%] Built target test_filesystem
[ 92%] Linking CXX executable test_logging_enable_for
[ 93%] Linking CXX executable test_cmdline_parser
[ 94%] Linking CXX executable test_hash_map
[ 94%] Built target test_cmdline_parser
[ 95%] Linking CXX executable test_logging_console_output_handler
[ 96%] Linking CXX executable test_macros
[ 97%] Built target test_logging_enable_for
[ 97%] Linking CXX executable test_logging_bad_env3
[ 97%] Built target test_hash_map
[ 97%] Built target test_logging_console_output_handler
[ 97%] Built target test_macros
[ 97%] Built target test_logging_bad_env3
[ 98%] Linking CXX executable test_error_handling_helpers
[ 98%] Built target test_error_handling_helpers
[ 99%] Linking CXX executable test_error_handling
[100%] Linking CXX executable test_logging_macros
[100%] Built target test_error_handling
[100%] Built target test_logging_macros
-- Install configuration: ""
-- Installing: /workspace/jazzy_ws/install/share/rcutils/environment/pythonpath.sh
-- Installing: /workspace/jazzy_ws/install/share/rcutils/environment/pythonpath.dsv
-- Installing: /workspace/jazzy_ws/install/lib/python3.12/site-packages/rcutils-6.7.5-py3.12.egg-info
-- Installing: /workspace/jazzy_ws/install/lib/python3.12/site-packages/rcutils-6.7.5-py3.12.egg-info/PKG-INFO
-- Installing: /workspace/jazzy_ws/install/lib/python3.12/site-packages/rcutils-6.7.5-py3.12.egg-info/SOURCES.txt
-- Installing: /workspace/jazzy_ws/install/lib/python3.12/site-packages/rcutils-6.7.5-py3.12.egg-info/top_level.txt
-- Installing: /workspace/jazzy_ws/install/lib/python3.12/site-packages/rcutils-6.7.5-py3.12.egg-info/dependency_links.txt
-- Installing: /workspace/jazzy_ws/install/lib/python3.12/site-packages/rcutils
-- Installing: /workspace/jazzy_ws/install/lib/python3.12/site-packages/rcutils/logging.py
-- Installing: /workspace/jazzy_ws/install/lib/python3.12/site-packages/rcutils/__init__.py
Listing '/workspace/jazzy_ws/install/lib/python3.12/site-packages/rcutils'...
Compiling '/workspace/jazzy_ws/install/lib/python3.12/site-packages/rcutils/__init__.py'...
Compiling '/workspace/jazzy_ws/install/lib/python3.12/site-packages/rcutils/logging.py'...
-- Installing: /workspace/jazzy_ws/install/lib/librcutils.so
-- Installing: /workspace/jazzy_ws/install/share/rcutils/environment/library_path.sh
-- Installing: /workspace/jazzy_ws/install/share/rcutils/environment/library_path.dsv
-- Installing: /workspace/jazzy_ws/install/share/ament_index/resource_index/package_run_dependencies/rcutils
-- Installing: /workspace/jazzy_ws/install/share/ament_index/resource_index/parent_prefix_path/rcutils
-- Installing: /workspace/jazzy_ws/install/share/rcutils/environment/ament_prefix_path.sh
-- Installing: /workspace/jazzy_ws/install/share/rcutils/environment/ament_prefix_path.dsv
-- Installing: /workspace/jazzy_ws/install/share/rcutils/environment/path.sh
-- Installing: /workspace/jazzy_ws/install/share/rcutils/environment/path.dsv
-- Installing: /workspace/jazzy_ws/install/share/rcutils/local_setup.bash
-- Installing: /workspace/jazzy_ws/install/share/rcutils/local_setup.sh
-- Installing: /workspace/jazzy_ws/install/share/rcutils/local_setup.zsh
-- Installing: /workspace/jazzy_ws/install/share/rcutils/local_setup.dsv
-- Installing: /workspace/jazzy_ws/install/share/rcutils/package.dsv
-- Installing: /workspace/jazzy_ws/install/share/ament_index/resource_index/packages/rcutils
-- Installing: /workspace/jazzy_ws/install/share/rcutils/cmake/rcutilsExport.cmake
-- Installing: /workspace/jazzy_ws/install/share/rcutils/cmake/rcutilsExport-noconfig.cmake
-- Installing: /workspace/jazzy_ws/install/share/rcutils/cmake/ament_cmake_export_link_flags-extras.cmake
-- Installing: /workspace/jazzy_ws/install/share/rcutils/cmake/ament_cmake_export_include_directories-extras.cmake
-- Installing: /workspace/jazzy_ws/install/share/rcutils/cmake/ament_cmake_export_libraries-extras.cmake
-- Installing: /workspace/jazzy_ws/install/share/rcutils/cmake/ament_cmake_export_targets-extras.cmake
-- Installing: /workspace/jazzy_ws/install/share/rcutils/cmake/ament_cmake_export_dependencies-extras.cmake
-- Installing: /workspace/jazzy_ws/install/share/rcutils/cmake/rcutilsConfig.cmake
-- Installing: /workspace/jazzy_ws/install/share/rcutils/cmake/rcutilsConfig-version.cmake
-- Installing: /workspace/jazzy_ws/install/share/rcutils/package.xml
-- Installing: /workspace/jazzy_ws/install/include/rcutils
-- Installing: /workspace/jazzy_ws/install/include/rcutils/rcutils
-- Installing: /workspace/jazzy_ws/install/include/rcutils/rcutils/snprintf.h
-- Installing: /workspace/jazzy_ws/install/include/rcutils/rcutils/allocator.h
-- Installing: /workspace/jazzy_ws/install/include/rcutils/rcutils/stdatomic_helper
-- Installing: /workspace/jazzy_ws/install/include/rcutils/rcutils/stdatomic_helper/gcc
-- Installing: /workspace/jazzy_ws/install/include/rcutils/rcutils/stdatomic_helper/gcc/stdatomic.h
-- Installing: /workspace/jazzy_ws/install/include/rcutils/rcutils/stdatomic_helper/win32
-- Installing: /workspace/jazzy_ws/install/include/rcutils/rcutils/stdatomic_helper/win32/stdatomic.h
-- Installing: /workspace/jazzy_ws/install/include/rcutils/rcutils/macros.h
-- Installing: /workspace/jazzy_ws/install/include/rcutils/rcutils/stdatomic_helper.h
-- Installing: /workspace/jazzy_ws/install/include/rcutils/rcutils/time.h
-- Installing: /workspace/jazzy_ws/install/include/rcutils/rcutils/strcasecmp.h
-- Installing: /workspace/jazzy_ws/install/include/rcutils/rcutils/env.h
-- Installing: /workspace/jazzy_ws/install/include/rcutils/rcutils/split.h
-- Installing: /workspace/jazzy_ws/install/include/rcutils/rcutils/find.h
-- Installing: /workspace/jazzy_ws/install/include/rcutils/rcutils/types.h
-- Installing: /workspace/jazzy_ws/install/include/rcutils/rcutils/process.h
-- Installing: /workspace/jazzy_ws/install/include/rcutils/rcutils/visibility_control.h
-- Installing: /workspace/jazzy_ws/install/include/rcutils/rcutils/shared_library.h
-- Installing: /workspace/jazzy_ws/install/include/rcutils/rcutils/strdup.h
-- Installing: /workspace/jazzy_ws/install/include/rcutils/rcutils/logging.h
-- Installing: /workspace/jazzy_ws/install/include/rcutils/rcutils/error_handling.h
-- Installing: /workspace/jazzy_ws/install/include/rcutils/rcutils/testing
-- Installing: /workspace/jazzy_ws/install/include/rcutils/rcutils/testing/fault_injection.h
-- Installing: /workspace/jazzy_ws/install/include/rcutils/rcutils/qsort.h
-- Installing: /workspace/jazzy_ws/install/include/rcutils/rcutils/filesystem.h
-- Installing: /workspace/jazzy_ws/install/include/rcutils/rcutils/visibility_control_macros.h
-- Installing: /workspace/jazzy_ws/install/include/rcutils/rcutils/format_string.h
-- Installing: /workspace/jazzy_ws/install/include/rcutils/rcutils/strerror.h
-- Installing: /workspace/jazzy_ws/install/include/rcutils/rcutils/cmdline_parser.h
-- Installing: /workspace/jazzy_ws/install/include/rcutils/rcutils/isalnum_no_locale.h
-- Installing: /workspace/jazzy_ws/install/include/rcutils/rcutils/repl_str.h
-- Installing: /workspace/jazzy_ws/install/include/rcutils/rcutils/sha256.h
-- Installing: /workspace/jazzy_ws/install/include/rcutils/rcutils/types
-- Installing: /workspace/jazzy_ws/install/include/rcutils/rcutils/types/array_list.h
-- Installing: /workspace/jazzy_ws/install/include/rcutils/rcutils/types/hash_map.h
-- Installing: /workspace/jazzy_ws/install/include/rcutils/rcutils/types/rcutils_ret.h
-- Installing: /workspace/jazzy_ws/install/include/rcutils/rcutils/types/uint8_array.h
-- Installing: /workspace/jazzy_ws/install/include/rcutils/rcutils/types/char_array.h
-- Installing: /workspace/jazzy_ws/install/include/rcutils/rcutils/types/string_array.h
-- Installing: /workspace/jazzy_ws/install/include/rcutils/rcutils/types/string_map.h
-- Up-to-date: /workspace/jazzy_ws/install/include/rcutils
-- Up-to-date: /workspace/jazzy_ws/install/include/rcutils/rcutils
-- Installing: /workspace/jazzy_ws/install/include/rcutils/rcutils/logging_macros.h
