-- The C compiler identification is GNU 13.3.0
-- The CXX compiler identification is GNU 13.3.0
-- Detecting C compiler ABI info
-- Detecting C compiler ABI info - done
-- Check for working C compiler: /usr/bin/cc - skipped
-- Detecting C compile features
-- Detecting C compile features - done
-- Detecting CXX compiler ABI info
-- Detecting CXX compiler ABI info - done
-- Check for working CXX compiler: /usr/bin/c++ - skipped
-- Detecting CXX compile features
-- Detecting CXX compile features - done
-- Found ament_cmake_ros: 0.12.0 (/workspace/jazzy_ws/install/share/ament_cmake_ros/cmake)
-- Found Python3: /usr/bin/python3 (found version "3.12.3") found components: Interpreter 
-- Found rcutils: 6.7.5 (/workspace/jazzy_ws/install/share/rcutils/cmake)
-- Found ament_lint_auto: 0.17.4 (/workspace/jazzy_ws/install/share/ament_lint_auto/cmake)
-- Found gtest sources under '/workspace/jazzy_ws/install/src/gtest_vendor': C++ tests using 'Google Test' will be built
-- Performing Test CMAKE_HAVE_LIBC_PTHREAD
-- Performing Test CMAKE_HAVE_LIBC_PTHREAD - Success
-- Found Threads: TRUE  
-- Added test 'copyright' to check source files copyright and LICENSE
-- Added test 'cppcheck' to perform static code analysis on C / C++ code
-- Configured cppcheck include dirs: $<BUILD_INTERFACE:/workspace/jazzy_ws/src/rcl_logging/rcl_logging_interface/include>
-- Configured cppcheck exclude dirs and/or files: 
-- Added test 'cpplint' to check C / C++ code against the Google style
-- Configured cpplint exclude dirs and/or files: 
-- Added test 'lint_cmake' to check CMake code style
-- Added test 'uncrustify' to check C / C++ code style
-- Configured uncrustify additional arguments: 
-- Added test 'xmllint' to check XML markup files
-- Configuring done (0.8s)
-- Generating done (0.0s)
-- Build files have been written to: /workspace/jazzy_ws/build/rcl_logging_interface
[ 25%] Building C object CMakeFiles/rcl_logging_interface.dir/src/logging_dir.c.o
[ 25%] Building CXX object gtest/CMakeFiles/gtest_main.dir/src/gtest_main.cc.o
[ 37%] Building CXX object gtest/CMakeFiles/gtest.dir/src/gtest-all.cc.o
[ 50%] Linking C shared library librcl_logging_interface.so
[ 50%] Built target rcl_logging_interface
[ 62%] Linking CXX static library libgtest_main.a
[ 62%] Built target gtest_main
[ 75%] Linking CXX static library libgtest.a
[ 75%] Built target gtest
[ 87%] Building CXX object CMakeFiles/test_get_logging_directory.dir/test/test_get_logging_directory.cpp.o
[100%] Linking CXX executable test_get_logging_directory
[100%] Built target test_get_logging_directory
-- Install configuration: ""
-- Installing: /workspace/jazzy_ws/install/include/rcl_logging_interface
-- Installing: /workspace/jazzy_ws/install/include/rcl_logging_interface/rcl_logging_interface
-- Installing: /workspace/jazzy_ws/install/include/rcl_logging_interface/rcl_logging_interface/visibility_control.h
-- Installing: /workspace/jazzy_ws/install/include/rcl_logging_interface/rcl_logging_interface/rcl_logging_interface.h
-- Installing: /workspace/jazzy_ws/install/lib/librcl_logging_interface.so
-- Set non-toolchain portion of runtime path of "/workspace/jazzy_ws/install/lib/librcl_logging_interface.so" to ""
-- Installing: /workspace/jazzy_ws/install/share/ament_index/resource_index/package_run_dependencies/rcl_logging_interface
-- Installing: /workspace/jazzy_ws/install/share/ament_index/resource_index/parent_prefix_path/rcl_logging_interface
-- Installing: /workspace/jazzy_ws/install/share/rcl_logging_interface/environment/ament_prefix_path.sh
-- Installing: /workspace/jazzy_ws/install/share/rcl_logging_interface/environment/ament_prefix_path.dsv
-- Installing: /workspace/jazzy_ws/install/share/rcl_logging_interface/environment/path.sh
-- Installing: /workspace/jazzy_ws/install/share/rcl_logging_interface/environment/path.dsv
-- Installing: /workspace/jazzy_ws/install/share/rcl_logging_interface/local_setup.bash
-- Installing: /workspace/jazzy_ws/install/share/rcl_logging_interface/local_setup.sh
-- Installing: /workspace/jazzy_ws/install/share/rcl_logging_interface/local_setup.zsh
-- Installing: /workspace/jazzy_ws/install/share/rcl_logging_interface/local_setup.dsv
-- Installing: /workspace/jazzy_ws/install/share/rcl_logging_interface/package.dsv
-- Installing: /workspace/jazzy_ws/install/share/ament_index/resource_index/packages/rcl_logging_interface
-- Installing: /workspace/jazzy_ws/install/share/rcl_logging_interface/cmake/rcl_logging_interfaceExport.cmake
-- Installing: /workspace/jazzy_ws/install/share/rcl_logging_interface/cmake/rcl_logging_interfaceExport-noconfig.cmake
-- Installing: /workspace/jazzy_ws/install/share/rcl_logging_interface/cmake/ament_cmake_export_include_directories-extras.cmake
-- Installing: /workspace/jazzy_ws/install/share/rcl_logging_interface/cmake/ament_cmake_export_targets-extras.cmake
-- Installing: /workspace/jazzy_ws/install/share/rcl_logging_interface/cmake/ament_cmake_export_dependencies-extras.cmake
-- Installing: /workspace/jazzy_ws/install/share/rcl_logging_interface/cmake/rcl_logging_interfaceConfig.cmake
-- Installing: /workspace/jazzy_ws/install/share/rcl_logging_interface/cmake/rcl_logging_interfaceConfig-version.cmake
-- Installing: /workspace/jazzy_ws/install/share/rcl_logging_interface/package.xml
