-- The C compiler identification is GNU 13.3.0
-- The CXX compiler identification is GNU 13.3.0
-- Detecting C compiler ABI info
-- Detecting C compiler ABI info - done
-- Check for working C compiler: /usr/bin/cc - skipped
-- Detecting C compile features
-- Detecting C compile features - done
-- Detecting CXX compiler ABI info
-- Detecting CXX compiler ABI info - done
-- Check for working CXX compiler: /usr/bin/c++ - skipped
-- Detecting CXX compile features
-- Detecting CXX compile features - done
-- Found ament_cmake: 2.5.5 (/workspace/jazzy_ws/install/share/ament_cmake/cmake)
-- Found Python3: /usr/bin/python3 (found version "3.12.3") found components: Interpreter 
-- Found rosidl_default_generators: 1.6.0 (/workspace/jazzy_ws/install/share/rosidl_default_generators/cmake)
-- Using all available rosidl_typesupport_c: rosidl_typesupport_fastrtps_c;rosidl_typesupport_introspection_c
-- Using all available rosidl_typesupport_cpp: rosidl_typesupport_fastrtps_cpp;rosidl_typesupport_introspection_cpp
-- Found rosidl_adapter: 4.6.7 (/workspace/jazzy_ws/install/share/rosidl_adapter/cmake)
-- Found std_msgs: 5.3.6 (/workspace/jazzy_ws/install/share/std_msgs/cmake)
-- Found ament_cmake_cppcheck: 0.17.4 (/workspace/jazzy_ws/install/share/ament_cmake_cppcheck/cmake)
-- Found ament_cmake_cpplint: 0.17.4 (/workspace/jazzy_ws/install/share/ament_cmake_cpplint/cmake)
-- Found ament_cmake_uncrustify: 0.17.4 (/workspace/jazzy_ws/install/share/ament_cmake_uncrustify/cmake)
-- Found ament_cmake_ros: 0.12.0 (/workspace/jazzy_ws/install/share/ament_cmake_ros/cmake)
-- Using all available rosidl_typesupport_c: rosidl_typesupport_fastrtps_c;rosidl_typesupport_introspection_c
-- Using all available rosidl_typesupport_cpp: rosidl_typesupport_fastrtps_cpp;rosidl_typesupport_introspection_cpp
-- Found python_cmake_module: 0.11.1 (/workspace/jazzy_ws/install/share/python_cmake_module/cmake)
-- Found PythonExtra: /usr/bin/python3  
-- Found Python3: /usr/bin/python3 (found version "3.12.3") found components: Interpreter Development NumPy Development.Module Development.Embed 
-- Found ament_cmake_flake8: 0.17.4 (/workspace/jazzy_ws/install/share/ament_cmake_flake8/cmake)
-- Found ament_cmake_pep257: 0.17.4 (/workspace/jazzy_ws/install/share/ament_cmake_pep257/cmake)
-- Configuring done (2.0s)
-- Generating done (0.0s)
-- Build files have been written to: /workspace/jazzy_ws/build/diagnostic_msgs
[  1%] Generating type hashes for ROS interfaces
[  1%] Built target ament_cmake_python_copy_diagnostic_msgs
running egg_info
creating diagnostic_msgs.egg-info
writing diagnostic_msgs.egg-info/PKG-INFO
writing dependency_links to diagnostic_msgs.egg-info/dependency_links.txt
writing top-level names to diagnostic_msgs.egg-info/top_level.txt
writing manifest file 'diagnostic_msgs.egg-info/SOURCES.txt'
reading manifest file 'diagnostic_msgs.egg-info/SOURCES.txt'
writing manifest file 'diagnostic_msgs.egg-info/SOURCES.txt'
[  1%] Built target ament_cmake_python_build_diagnostic_msgs_egg
[  1%] Built target diagnostic_msgs__rosidl_generator_type_description
[  2%] Generating C code for ROS interfaces
[  4%] Generating C++ code for ROS interfaces
[  4%] Built target diagnostic_msgs__cpp
[  5%] Building C object CMakeFiles/diagnostic_msgs__rosidl_generator_c.dir/rosidl_generator_c/diagnostic_msgs/msg/detail/diagnostic_array__description.c.o
[  6%] Building C object CMakeFiles/diagnostic_msgs__rosidl_generator_c.dir/rosidl_generator_c/diagnostic_msgs/msg/detail/diagnostic_array__type_support.c.o
[  8%] Building C object CMakeFiles/diagnostic_msgs__rosidl_generator_c.dir/rosidl_generator_c/diagnostic_msgs/msg/detail/diagnostic_status__functions.c.o
[ 10%] Building C object CMakeFiles/diagnostic_msgs__rosidl_generator_c.dir/rosidl_generator_c/diagnostic_msgs/msg/detail/key_value__type_support.c.o
[ 12%] Building C object CMakeFiles/diagnostic_msgs__rosidl_generator_c.dir/rosidl_generator_c/diagnostic_msgs/msg/detail/diagnostic_array__functions.c.o
[ 13%] Building C object CMakeFiles/diagnostic_msgs__rosidl_generator_c.dir/rosidl_generator_c/diagnostic_msgs/msg/detail/key_value__functions.c.o
[ 14%] Building C object CMakeFiles/diagnostic_msgs__rosidl_generator_c.dir/rosidl_generator_c/diagnostic_msgs/srv/detail/add_diagnostics__functions.c.o
[ 16%] Building C object CMakeFiles/diagnostic_msgs__rosidl_generator_c.dir/rosidl_generator_c/diagnostic_msgs/srv/detail/add_diagnostics__description.c.o
[ 18%] Building C object CMakeFiles/diagnostic_msgs__rosidl_generator_c.dir/rosidl_generator_c/diagnostic_msgs/msg/detail/key_value__description.c.o
[  9%] Building C object CMakeFiles/diagnostic_msgs__rosidl_generator_c.dir/rosidl_generator_c/diagnostic_msgs/msg/detail/diagnostic_status__description.c.o
[ 17%] Building C object CMakeFiles/diagnostic_msgs__rosidl_generator_c.dir/rosidl_generator_c/diagnostic_msgs/msg/detail/diagnostic_status__type_support.c.o
[ 20%] Building C object CMakeFiles/diagnostic_msgs__rosidl_generator_c.dir/rosidl_generator_c/diagnostic_msgs/srv/detail/add_diagnostics__type_support.c.o
[ 21%] Building C object CMakeFiles/diagnostic_msgs__rosidl_generator_c.dir/rosidl_generator_c/diagnostic_msgs/srv/detail/self_test__functions.c.o
[ 22%] Building C object CMakeFiles/diagnostic_msgs__rosidl_generator_c.dir/rosidl_generator_c/diagnostic_msgs/srv/detail/self_test__type_support.c.o
[ 24%] Building C object CMakeFiles/diagnostic_msgs__rosidl_generator_c.dir/rosidl_generator_c/diagnostic_msgs/srv/detail/self_test__description.c.o
[ 25%] Linking C shared library libdiagnostic_msgs__rosidl_generator_c.so
[ 25%] Built target diagnostic_msgs__rosidl_generator_c
[ 28%] Generating C introspection for ROS interfaces
[ 27%] Generating C++ type support dispatch for ROS interfaces
[ 29%] Generating C type support for eProsima Fast-RTPS
[ 32%] Generating C++ introspection for ROS interfaces
[ 32%] Generating C type support dispatch for ROS interfaces
[ 33%] Generating C++ type support for eProsima Fast-RTPS
[ 35%] Building CXX object CMakeFiles/diagnostic_msgs__rosidl_typesupport_c.dir/rosidl_typesupport_c/diagnostic_msgs/msg/diagnostic_array__type_support.cpp.o
[ 37%] Building CXX object CMakeFiles/diagnostic_msgs__rosidl_typesupport_c.dir/rosidl_typesupport_c/diagnostic_msgs/msg/diagnostic_status__type_support.cpp.o
[ 39%] Building CXX object CMakeFiles/diagnostic_msgs__rosidl_typesupport_c.dir/rosidl_typesupport_c/diagnostic_msgs/srv/add_diagnostics__type_support.cpp.o
[ 36%] Building CXX object CMakeFiles/diagnostic_msgs__rosidl_typesupport_c.dir/rosidl_typesupport_c/diagnostic_msgs/msg/key_value__type_support.cpp.o
[ 40%] Building CXX object CMakeFiles/diagnostic_msgs__rosidl_typesupport_c.dir/rosidl_typesupport_c/diagnostic_msgs/srv/self_test__type_support.cpp.o
[ 41%] Building CXX object CMakeFiles/diagnostic_msgs__rosidl_typesupport_fastrtps_cpp.dir/rosidl_typesupport_fastrtps_cpp/diagnostic_msgs/srv/detail/dds_fastrtps/add_diagnostics__type_support.cpp.o
[ 43%] Building CXX object CMakeFiles/diagnostic_msgs__rosidl_typesupport_fastrtps_cpp.dir/rosidl_typesupport_fastrtps_cpp/diagnostic_msgs/msg/detail/dds_fastrtps/diagnostic_status__type_support.cpp.o
[ 44%] Building CXX object CMakeFiles/diagnostic_msgs__rosidl_typesupport_fastrtps_cpp.dir/rosidl_typesupport_fastrtps_cpp/diagnostic_msgs/msg/detail/dds_fastrtps/key_value__type_support.cpp.o
[ 45%] Building CXX object CMakeFiles/diagnostic_msgs__rosidl_typesupport_fastrtps_cpp.dir/rosidl_typesupport_fastrtps_cpp/diagnostic_msgs/msg/detail/dds_fastrtps/diagnostic_array__type_support.cpp.o
[ 47%] Building CXX object CMakeFiles/diagnostic_msgs__rosidl_typesupport_fastrtps_cpp.dir/rosidl_typesupport_fastrtps_cpp/diagnostic_msgs/srv/detail/dds_fastrtps/self_test__type_support.cpp.o
[ 48%] Linking CXX shared library libdiagnostic_msgs__rosidl_typesupport_c.so
[ 50%] Building CXX object CMakeFiles/diagnostic_msgs__rosidl_typesupport_fastrtps_c.dir/rosidl_typesupport_fastrtps_c/diagnostic_msgs/msg/detail/diagnostic_array__type_support_c.cpp.o
[ 51%] Building CXX object CMakeFiles/diagnostic_msgs__rosidl_typesupport_fastrtps_c.dir/rosidl_typesupport_fastrtps_c/diagnostic_msgs/msg/detail/key_value__type_support_c.cpp.o
[ 52%] Building CXX object CMakeFiles/diagnostic_msgs__rosidl_typesupport_fastrtps_c.dir/rosidl_typesupport_fastrtps_c/diagnostic_msgs/srv/detail/add_diagnostics__type_support_c.cpp.o
[ 54%] Building CXX object CMakeFiles/diagnostic_msgs__rosidl_typesupport_fastrtps_c.dir/rosidl_typesupport_fastrtps_c/diagnostic_msgs/msg/detail/diagnostic_status__type_support_c.cpp.o
[ 55%] Building CXX object CMakeFiles/diagnostic_msgs__rosidl_typesupport_fastrtps_c.dir/rosidl_typesupport_fastrtps_c/diagnostic_msgs/srv/detail/self_test__type_support_c.cpp.o
[ 56%] Building CXX object CMakeFiles/diagnostic_msgs__rosidl_typesupport_introspection_cpp.dir/rosidl_typesupport_introspection_cpp/diagnostic_msgs/msg/detail/diagnostic_array__type_support.cpp.o
[ 58%] Building CXX object CMakeFiles/diagnostic_msgs__rosidl_typesupport_introspection_cpp.dir/rosidl_typesupport_introspection_cpp/diagnostic_msgs/msg/detail/diagnostic_status__type_support.cpp.o
[ 59%] Building CXX object CMakeFiles/diagnostic_msgs__rosidl_typesupport_introspection_cpp.dir/rosidl_typesupport_introspection_cpp/diagnostic_msgs/msg/detail/key_value__type_support.cpp.o
[ 60%] Building CXX object CMakeFiles/diagnostic_msgs__rosidl_typesupport_introspection_cpp.dir/rosidl_typesupport_introspection_cpp/diagnostic_msgs/srv/detail/add_diagnostics__type_support.cpp.o
[ 62%] Building CXX object CMakeFiles/diagnostic_msgs__rosidl_typesupport_introspection_cpp.dir/rosidl_typesupport_introspection_cpp/diagnostic_msgs/srv/detail/self_test__type_support.cpp.o
[ 62%] Built target diagnostic_msgs__rosidl_typesupport_c
[ 64%] Building C object CMakeFiles/diagnostic_msgs__rosidl_typesupport_introspection_c.dir/rosidl_typesupport_introspection_c/diagnostic_msgs/msg/detail/diagnostic_status__type_support.c.o
[ 67%] Building C object CMakeFiles/diagnostic_msgs__rosidl_typesupport_introspection_c.dir/rosidl_typesupport_introspection_c/diagnostic_msgs/msg/detail/diagnostic_array__type_support.c.o
[ 63%] Building C object CMakeFiles/diagnostic_msgs__rosidl_typesupport_introspection_c.dir/rosidl_typesupport_introspection_c/diagnostic_msgs/msg/detail/key_value__type_support.c.o
[ 70%] Building CXX object CMakeFiles/diagnostic_msgs__rosidl_typesupport_cpp.dir/rosidl_typesupport_cpp/diagnostic_msgs/msg/key_value__type_support.cpp.o
[ 70%] Building C object CMakeFiles/diagnostic_msgs__rosidl_typesupport_introspection_c.dir/rosidl_typesupport_introspection_c/diagnostic_msgs/srv/detail/add_diagnostics__type_support.c.o
[ 70%] Building CXX object CMakeFiles/diagnostic_msgs__rosidl_typesupport_cpp.dir/rosidl_typesupport_cpp/diagnostic_msgs/msg/diagnostic_array__type_support.cpp.o
[ 71%] Building CXX object CMakeFiles/diagnostic_msgs__rosidl_typesupport_cpp.dir/rosidl_typesupport_cpp/diagnostic_msgs/msg/diagnostic_status__type_support.cpp.o
[ 74%] Building CXX object CMakeFiles/diagnostic_msgs__rosidl_typesupport_cpp.dir/rosidl_typesupport_cpp/diagnostic_msgs/srv/add_diagnostics__type_support.cpp.o
[ 72%] Building C object CMakeFiles/diagnostic_msgs__rosidl_typesupport_introspection_c.dir/rosidl_typesupport_introspection_c/diagnostic_msgs/srv/detail/self_test__type_support.c.o
[ 75%] Building CXX object CMakeFiles/diagnostic_msgs__rosidl_typesupport_cpp.dir/rosidl_typesupport_cpp/diagnostic_msgs/srv/self_test__type_support.cpp.o
[ 77%] Linking C shared library libdiagnostic_msgs__rosidl_typesupport_introspection_c.so
[ 77%] Built target diagnostic_msgs__rosidl_typesupport_introspection_c
[ 78%] Linking CXX shared library libdiagnostic_msgs__rosidl_typesupport_cpp.so
[ 78%] Built target diagnostic_msgs__rosidl_typesupport_cpp
[ 79%] Linking CXX shared library libdiagnostic_msgs__rosidl_typesupport_introspection_cpp.so
[ 79%] Built target diagnostic_msgs__rosidl_typesupport_introspection_cpp
[ 81%] Linking CXX shared library libdiagnostic_msgs__rosidl_typesupport_fastrtps_c.so
[ 82%] Linking CXX shared library libdiagnostic_msgs__rosidl_typesupport_fastrtps_cpp.so
[ 82%] Built target diagnostic_msgs__rosidl_typesupport_fastrtps_c
[ 82%] Built target diagnostic_msgs__rosidl_typesupport_fastrtps_cpp
[ 82%] Built target diagnostic_msgs
[ 83%] Generating Python code for ROS interfaces
[ 83%] Built target diagnostic_msgs__py
[ 85%] Building C object CMakeFiles/diagnostic_msgs__rosidl_generator_py.dir/rosidl_generator_py/diagnostic_msgs/msg/_diagnostic_array_s.c.o
[ 86%] Building C object CMakeFiles/diagnostic_msgs__rosidl_generator_py.dir/rosidl_generator_py/diagnostic_msgs/msg/_diagnostic_status_s.c.o
[ 89%] Building C object CMakeFiles/diagnostic_msgs__rosidl_generator_py.dir/rosidl_generator_py/diagnostic_msgs/srv/_self_test_s.c.o
[ 89%] Building C object CMakeFiles/diagnostic_msgs__rosidl_generator_py.dir/rosidl_generator_py/diagnostic_msgs/srv/_add_diagnostics_s.c.o
[ 90%] Building C object CMakeFiles/diagnostic_msgs__rosidl_generator_py.dir/rosidl_generator_py/diagnostic_msgs/msg/_key_value_s.c.o
[ 91%] Linking C shared library libdiagnostic_msgs__rosidl_generator_py.so
[ 91%] Built target diagnostic_msgs__rosidl_generator_py
[ 93%] Building C object CMakeFiles/diagnostic_msgs_s__rosidl_typesupport_fastrtps_c.dir/rosidl_generator_py/diagnostic_msgs/_diagnostic_msgs_s.ep.rosidl_typesupport_fastrtps_c.c.o
[ 94%] Building C object CMakeFiles/diagnostic_msgs_s__rosidl_typesupport_introspection_c.dir/rosidl_generator_py/diagnostic_msgs/_diagnostic_msgs_s.ep.rosidl_typesupport_introspection_c.c.o
[ 95%] Building C object CMakeFiles/diagnostic_msgs_s__rosidl_typesupport_c.dir/rosidl_generator_py/diagnostic_msgs/_diagnostic_msgs_s.ep.rosidl_typesupport_c.c.o
[ 97%] Linking C shared module rosidl_generator_py/diagnostic_msgs/diagnostic_msgs_s__rosidl_typesupport_introspection_c.so
[ 98%] Linking C shared module rosidl_generator_py/diagnostic_msgs/diagnostic_msgs_s__rosidl_typesupport_fastrtps_c.so
[100%] Linking C shared module rosidl_generator_py/diagnostic_msgs/diagnostic_msgs_s__rosidl_typesupport_c.so
[100%] Built target diagnostic_msgs_s__rosidl_typesupport_introspection_c
[100%] Built target diagnostic_msgs_s__rosidl_typesupport_fastrtps_c
[100%] Built target diagnostic_msgs_s__rosidl_typesupport_c
-- Install configuration: ""
-- Installing: /workspace/jazzy_ws/install/share/ament_index/resource_index/rosidl_interfaces/diagnostic_msgs
-- Installing: /workspace/jazzy_ws/install/share/diagnostic_msgs/msg/DiagnosticArray.json
-- Installing: /workspace/jazzy_ws/install/share/diagnostic_msgs/msg/DiagnosticStatus.json
-- Installing: /workspace/jazzy_ws/install/share/diagnostic_msgs/msg/KeyValue.json
-- Installing: /workspace/jazzy_ws/install/share/diagnostic_msgs/srv/AddDiagnostics.json
-- Installing: /workspace/jazzy_ws/install/share/diagnostic_msgs/srv/SelfTest.json
-- Installing: /workspace/jazzy_ws/install/include/diagnostic_msgs/diagnostic_msgs
-- Installing: /workspace/jazzy_ws/install/include/diagnostic_msgs/diagnostic_msgs/msg
-- Installing: /workspace/jazzy_ws/install/include/diagnostic_msgs/diagnostic_msgs/msg/detail
-- Installing: /workspace/jazzy_ws/install/include/diagnostic_msgs/diagnostic_msgs/msg/detail/diagnostic_array__type_support.c
-- Installing: /workspace/jazzy_ws/install/include/diagnostic_msgs/diagnostic_msgs/msg/detail/key_value__functions.h
-- Installing: /workspace/jazzy_ws/install/include/diagnostic_msgs/diagnostic_msgs/msg/detail/diagnostic_array__struct.h
-- Installing: /workspace/jazzy_ws/install/include/diagnostic_msgs/diagnostic_msgs/msg/detail/diagnostic_array__functions.h
-- Installing: /workspace/jazzy_ws/install/include/diagnostic_msgs/diagnostic_msgs/msg/detail/diagnostic_array__functions.c
-- Installing: /workspace/jazzy_ws/install/include/diagnostic_msgs/diagnostic_msgs/msg/detail/diagnostic_status__functions.h
-- Installing: /workspace/jazzy_ws/install/include/diagnostic_msgs/diagnostic_msgs/msg/detail/diagnostic_status__struct.h
-- Installing: /workspace/jazzy_ws/install/include/diagnostic_msgs/diagnostic_msgs/msg/detail/diagnostic_array__type_support.h
-- Installing: /workspace/jazzy_ws/install/include/diagnostic_msgs/diagnostic_msgs/msg/detail/diagnostic_array__description.c
-- Installing: /workspace/jazzy_ws/install/include/diagnostic_msgs/diagnostic_msgs/msg/detail/diagnostic_status__type_support.h
-- Installing: /workspace/jazzy_ws/install/include/diagnostic_msgs/diagnostic_msgs/msg/detail/diagnostic_status__type_support.c
-- Installing: /workspace/jazzy_ws/install/include/diagnostic_msgs/diagnostic_msgs/msg/detail/key_value__struct.h
-- Installing: /workspace/jazzy_ws/install/include/diagnostic_msgs/diagnostic_msgs/msg/detail/key_value__type_support.h
-- Installing: /workspace/jazzy_ws/install/include/diagnostic_msgs/diagnostic_msgs/msg/detail/key_value__functions.c
-- Installing: /workspace/jazzy_ws/install/include/diagnostic_msgs/diagnostic_msgs/msg/detail/diagnostic_status__functions.c
-- Installing: /workspace/jazzy_ws/install/include/diagnostic_msgs/diagnostic_msgs/msg/detail/key_value__type_support.c
-- Installing: /workspace/jazzy_ws/install/include/diagnostic_msgs/diagnostic_msgs/msg/detail/diagnostic_status__description.c
-- Installing: /workspace/jazzy_ws/install/include/diagnostic_msgs/diagnostic_msgs/msg/detail/key_value__description.c
-- Installing: /workspace/jazzy_ws/install/include/diagnostic_msgs/diagnostic_msgs/msg/key_value.h
-- Installing: /workspace/jazzy_ws/install/include/diagnostic_msgs/diagnostic_msgs/msg/diagnostic_status.h
-- Installing: /workspace/jazzy_ws/install/include/diagnostic_msgs/diagnostic_msgs/msg/diagnostic_array.h
-- Installing: /workspace/jazzy_ws/install/include/diagnostic_msgs/diagnostic_msgs/msg/rosidl_generator_c__visibility_control.h
-- Installing: /workspace/jazzy_ws/install/include/diagnostic_msgs/diagnostic_msgs/srv
-- Installing: /workspace/jazzy_ws/install/include/diagnostic_msgs/diagnostic_msgs/srv/detail
-- Installing: /workspace/jazzy_ws/install/include/diagnostic_msgs/diagnostic_msgs/srv/detail/self_test__description.c
-- Installing: /workspace/jazzy_ws/install/include/diagnostic_msgs/diagnostic_msgs/srv/detail/add_diagnostics__struct.h
-- Installing: /workspace/jazzy_ws/install/include/diagnostic_msgs/diagnostic_msgs/srv/detail/self_test__functions.c
-- Installing: /workspace/jazzy_ws/install/include/diagnostic_msgs/diagnostic_msgs/srv/detail/self_test__type_support.c
-- Installing: /workspace/jazzy_ws/install/include/diagnostic_msgs/diagnostic_msgs/srv/detail/self_test__functions.h
-- Installing: /workspace/jazzy_ws/install/include/diagnostic_msgs/diagnostic_msgs/srv/detail/add_diagnostics__description.c
-- Installing: /workspace/jazzy_ws/install/include/diagnostic_msgs/diagnostic_msgs/srv/detail/self_test__type_support.h
-- Installing: /workspace/jazzy_ws/install/include/diagnostic_msgs/diagnostic_msgs/srv/detail/add_diagnostics__functions.c
-- Installing: /workspace/jazzy_ws/install/include/diagnostic_msgs/diagnostic_msgs/srv/detail/self_test__struct.h
-- Installing: /workspace/jazzy_ws/install/include/diagnostic_msgs/diagnostic_msgs/srv/detail/add_diagnostics__functions.h
-- Installing: /workspace/jazzy_ws/install/include/diagnostic_msgs/diagnostic_msgs/srv/detail/add_diagnostics__type_support.h
-- Installing: /workspace/jazzy_ws/install/include/diagnostic_msgs/diagnostic_msgs/srv/detail/add_diagnostics__type_support.c
-- Installing: /workspace/jazzy_ws/install/include/diagnostic_msgs/diagnostic_msgs/srv/add_diagnostics.h
-- Installing: /workspace/jazzy_ws/install/include/diagnostic_msgs/diagnostic_msgs/srv/self_test.h
-- Installing: /workspace/jazzy_ws/install/share/diagnostic_msgs/environment/library_path.sh
-- Installing: /workspace/jazzy_ws/install/share/diagnostic_msgs/environment/library_path.dsv
-- Installing: /workspace/jazzy_ws/install/lib/libdiagnostic_msgs__rosidl_generator_c.so
-- Set non-toolchain portion of runtime path of "/workspace/jazzy_ws/install/lib/libdiagnostic_msgs__rosidl_generator_c.so" to ""
-- Up-to-date: /workspace/jazzy_ws/install/include/diagnostic_msgs/diagnostic_msgs
-- Up-to-date: /workspace/jazzy_ws/install/include/diagnostic_msgs/diagnostic_msgs/msg
-- Up-to-date: /workspace/jazzy_ws/install/include/diagnostic_msgs/diagnostic_msgs/msg/detail
-- Installing: /workspace/jazzy_ws/install/include/diagnostic_msgs/diagnostic_msgs/msg/detail/diagnostic_array__rosidl_typesupport_fastrtps_c.h
-- Installing: /workspace/jazzy_ws/install/include/diagnostic_msgs/diagnostic_msgs/msg/detail/diagnostic_status__rosidl_typesupport_fastrtps_c.h
-- Installing: /workspace/jazzy_ws/install/include/diagnostic_msgs/diagnostic_msgs/msg/detail/key_value__rosidl_typesupport_fastrtps_c.h
-- Installing: /workspace/jazzy_ws/install/include/diagnostic_msgs/diagnostic_msgs/msg/rosidl_typesupport_fastrtps_c__visibility_control.h
-- Up-to-date: /workspace/jazzy_ws/install/include/diagnostic_msgs/diagnostic_msgs/srv
-- Up-to-date: /workspace/jazzy_ws/install/include/diagnostic_msgs/diagnostic_msgs/srv/detail
-- Installing: /workspace/jazzy_ws/install/include/diagnostic_msgs/diagnostic_msgs/srv/detail/add_diagnostics__rosidl_typesupport_fastrtps_c.h
-- Installing: /workspace/jazzy_ws/install/include/diagnostic_msgs/diagnostic_msgs/srv/detail/self_test__rosidl_typesupport_fastrtps_c.h
-- Installing: /workspace/jazzy_ws/install/lib/libdiagnostic_msgs__rosidl_typesupport_fastrtps_c.so
-- Set non-toolchain portion of runtime path of "/workspace/jazzy_ws/install/lib/libdiagnostic_msgs__rosidl_typesupport_fastrtps_c.so" to ""
-- Up-to-date: /workspace/jazzy_ws/install/include/diagnostic_msgs/diagnostic_msgs
-- Up-to-date: /workspace/jazzy_ws/install/include/diagnostic_msgs/diagnostic_msgs/msg
-- Up-to-date: /workspace/jazzy_ws/install/include/diagnostic_msgs/diagnostic_msgs/msg/detail
-- Installing: /workspace/jazzy_ws/install/include/diagnostic_msgs/diagnostic_msgs/msg/detail/diagnostic_array__type_support.c
-- Installing: /workspace/jazzy_ws/install/include/diagnostic_msgs/diagnostic_msgs/msg/detail/key_value__rosidl_typesupport_introspection_c.h
-- Installing: /workspace/jazzy_ws/install/include/diagnostic_msgs/diagnostic_msgs/msg/detail/diagnostic_status__rosidl_typesupport_introspection_c.h
-- Installing: /workspace/jazzy_ws/install/include/diagnostic_msgs/diagnostic_msgs/msg/detail/diagnostic_status__type_support.c
-- Installing: /workspace/jazzy_ws/install/include/diagnostic_msgs/diagnostic_msgs/msg/detail/diagnostic_array__rosidl_typesupport_introspection_c.h
-- Installing: /workspace/jazzy_ws/install/include/diagnostic_msgs/diagnostic_msgs/msg/detail/key_value__type_support.c
-- Installing: /workspace/jazzy_ws/install/include/diagnostic_msgs/diagnostic_msgs/msg/rosidl_typesupport_introspection_c__visibility_control.h
-- Up-to-date: /workspace/jazzy_ws/install/include/diagnostic_msgs/diagnostic_msgs/srv
-- Up-to-date: /workspace/jazzy_ws/install/include/diagnostic_msgs/diagnostic_msgs/srv/detail
-- Installing: /workspace/jazzy_ws/install/include/diagnostic_msgs/diagnostic_msgs/srv/detail/self_test__type_support.c
-- Installing: /workspace/jazzy_ws/install/include/diagnostic_msgs/diagnostic_msgs/srv/detail/self_test__rosidl_typesupport_introspection_c.h
-- Installing: /workspace/jazzy_ws/install/include/diagnostic_msgs/diagnostic_msgs/srv/detail/add_diagnostics__rosidl_typesupport_introspection_c.h
-- Installing: /workspace/jazzy_ws/install/include/diagnostic_msgs/diagnostic_msgs/srv/detail/add_diagnostics__type_support.c
-- Installing: /workspace/jazzy_ws/install/lib/libdiagnostic_msgs__rosidl_typesupport_introspection_c.so
-- Set non-toolchain portion of runtime path of "/workspace/jazzy_ws/install/lib/libdiagnostic_msgs__rosidl_typesupport_introspection_c.so" to ""
-- Installing: /workspace/jazzy_ws/install/lib/libdiagnostic_msgs__rosidl_typesupport_c.so
-- Set non-toolchain portion of runtime path of "/workspace/jazzy_ws/install/lib/libdiagnostic_msgs__rosidl_typesupport_c.so" to ""
-- Up-to-date: /workspace/jazzy_ws/install/include/diagnostic_msgs/diagnostic_msgs
-- Up-to-date: /workspace/jazzy_ws/install/include/diagnostic_msgs/diagnostic_msgs/msg
-- Up-to-date: /workspace/jazzy_ws/install/include/diagnostic_msgs/diagnostic_msgs/msg/detail
-- Installing: /workspace/jazzy_ws/install/include/diagnostic_msgs/diagnostic_msgs/msg/detail/key_value__type_support.hpp
-- Installing: /workspace/jazzy_ws/install/include/diagnostic_msgs/diagnostic_msgs/msg/detail/diagnostic_status__traits.hpp
-- Installing: /workspace/jazzy_ws/install/include/diagnostic_msgs/diagnostic_msgs/msg/detail/diagnostic_array__type_support.hpp
-- Installing: /workspace/jazzy_ws/install/include/diagnostic_msgs/diagnostic_msgs/msg/detail/diagnostic_array__struct.hpp
-- Installing: /workspace/jazzy_ws/install/include/diagnostic_msgs/diagnostic_msgs/msg/detail/key_value__traits.hpp
-- Installing: /workspace/jazzy_ws/install/include/diagnostic_msgs/diagnostic_msgs/msg/detail/diagnostic_status__builder.hpp
-- Installing: /workspace/jazzy_ws/install/include/diagnostic_msgs/diagnostic_msgs/msg/detail/diagnostic_status__type_support.hpp
-- Installing: /workspace/jazzy_ws/install/include/diagnostic_msgs/diagnostic_msgs/msg/detail/diagnostic_array__builder.hpp
-- Installing: /workspace/jazzy_ws/install/include/diagnostic_msgs/diagnostic_msgs/msg/detail/diagnostic_array__traits.hpp
-- Installing: /workspace/jazzy_ws/install/include/diagnostic_msgs/diagnostic_msgs/msg/detail/key_value__builder.hpp
-- Installing: /workspace/jazzy_ws/install/include/diagnostic_msgs/diagnostic_msgs/msg/detail/diagnostic_status__struct.hpp
-- Installing: /workspace/jazzy_ws/install/include/diagnostic_msgs/diagnostic_msgs/msg/detail/key_value__struct.hpp
-- Installing: /workspace/jazzy_ws/install/include/diagnostic_msgs/diagnostic_msgs/msg/key_value.hpp
-- Installing: /workspace/jazzy_ws/install/include/diagnostic_msgs/diagnostic_msgs/msg/rosidl_generator_cpp__visibility_control.hpp
-- Installing: /workspace/jazzy_ws/install/include/diagnostic_msgs/diagnostic_msgs/msg/diagnostic_array.hpp
-- Installing: /workspace/jazzy_ws/install/include/diagnostic_msgs/diagnostic_msgs/msg/diagnostic_status.hpp
-- Up-to-date: /workspace/jazzy_ws/install/include/diagnostic_msgs/diagnostic_msgs/srv
-- Up-to-date: /workspace/jazzy_ws/install/include/diagnostic_msgs/diagnostic_msgs/srv/detail
-- Installing: /workspace/jazzy_ws/install/include/diagnostic_msgs/diagnostic_msgs/srv/detail/add_diagnostics__type_support.hpp
-- Installing: /workspace/jazzy_ws/install/include/diagnostic_msgs/diagnostic_msgs/srv/detail/self_test__struct.hpp
-- Installing: /workspace/jazzy_ws/install/include/diagnostic_msgs/diagnostic_msgs/srv/detail/self_test__builder.hpp
-- Installing: /workspace/jazzy_ws/install/include/diagnostic_msgs/diagnostic_msgs/srv/detail/add_diagnostics__struct.hpp
-- Installing: /workspace/jazzy_ws/install/include/diagnostic_msgs/diagnostic_msgs/srv/detail/self_test__type_support.hpp
-- Installing: /workspace/jazzy_ws/install/include/diagnostic_msgs/diagnostic_msgs/srv/detail/add_diagnostics__traits.hpp
-- Installing: /workspace/jazzy_ws/install/include/diagnostic_msgs/diagnostic_msgs/srv/detail/self_test__traits.hpp
-- Installing: /workspace/jazzy_ws/install/include/diagnostic_msgs/diagnostic_msgs/srv/detail/add_diagnostics__builder.hpp
-- Installing: /workspace/jazzy_ws/install/include/diagnostic_msgs/diagnostic_msgs/srv/self_test.hpp
-- Installing: /workspace/jazzy_ws/install/include/diagnostic_msgs/diagnostic_msgs/srv/add_diagnostics.hpp
-- Up-to-date: /workspace/jazzy_ws/install/include/diagnostic_msgs/diagnostic_msgs
-- Up-to-date: /workspace/jazzy_ws/install/include/diagnostic_msgs/diagnostic_msgs/msg
-- Up-to-date: /workspace/jazzy_ws/install/include/diagnostic_msgs/diagnostic_msgs/msg/detail
-- Installing: /workspace/jazzy_ws/install/include/diagnostic_msgs/diagnostic_msgs/msg/detail/key_value__rosidl_typesupport_fastrtps_cpp.hpp
-- Installing: /workspace/jazzy_ws/install/include/diagnostic_msgs/diagnostic_msgs/msg/detail/diagnostic_array__rosidl_typesupport_fastrtps_cpp.hpp
-- Installing: /workspace/jazzy_ws/install/include/diagnostic_msgs/diagnostic_msgs/msg/detail/dds_fastrtps
-- Installing: /workspace/jazzy_ws/install/include/diagnostic_msgs/diagnostic_msgs/msg/detail/diagnostic_status__rosidl_typesupport_fastrtps_cpp.hpp
-- Installing: /workspace/jazzy_ws/install/include/diagnostic_msgs/diagnostic_msgs/msg/rosidl_typesupport_fastrtps_cpp__visibility_control.h
-- Up-to-date: /workspace/jazzy_ws/install/include/diagnostic_msgs/diagnostic_msgs/srv
-- Up-to-date: /workspace/jazzy_ws/install/include/diagnostic_msgs/diagnostic_msgs/srv/detail
-- Installing: /workspace/jazzy_ws/install/include/diagnostic_msgs/diagnostic_msgs/srv/detail/self_test__rosidl_typesupport_fastrtps_cpp.hpp
-- Installing: /workspace/jazzy_ws/install/include/diagnostic_msgs/diagnostic_msgs/srv/detail/dds_fastrtps
-- Installing: /workspace/jazzy_ws/install/include/diagnostic_msgs/diagnostic_msgs/srv/detail/add_diagnostics__rosidl_typesupport_fastrtps_cpp.hpp
-- Installing: /workspace/jazzy_ws/install/lib/libdiagnostic_msgs__rosidl_typesupport_fastrtps_cpp.so
-- Set non-toolchain portion of runtime path of "/workspace/jazzy_ws/install/lib/libdiagnostic_msgs__rosidl_typesupport_fastrtps_cpp.so" to ""
-- Up-to-date: /workspace/jazzy_ws/install/include/diagnostic_msgs/diagnostic_msgs
-- Up-to-date: /workspace/jazzy_ws/install/include/diagnostic_msgs/diagnostic_msgs/msg
-- Up-to-date: /workspace/jazzy_ws/install/include/diagnostic_msgs/diagnostic_msgs/msg/detail
-- Installing: /workspace/jazzy_ws/install/include/diagnostic_msgs/diagnostic_msgs/msg/detail/diagnostic_status__rosidl_typesupport_introspection_cpp.hpp
-- Installing: /workspace/jazzy_ws/install/include/diagnostic_msgs/diagnostic_msgs/msg/detail/diagnostic_status__type_support.cpp
-- Installing: /workspace/jazzy_ws/install/include/diagnostic_msgs/diagnostic_msgs/msg/detail/diagnostic_array__type_support.cpp
-- Installing: /workspace/jazzy_ws/install/include/diagnostic_msgs/diagnostic_msgs/msg/detail/key_value__type_support.cpp
-- Installing: /workspace/jazzy_ws/install/include/diagnostic_msgs/diagnostic_msgs/msg/detail/diagnostic_array__rosidl_typesupport_introspection_cpp.hpp
-- Installing: /workspace/jazzy_ws/install/include/diagnostic_msgs/diagnostic_msgs/msg/detail/key_value__rosidl_typesupport_introspection_cpp.hpp
-- Up-to-date: /workspace/jazzy_ws/install/include/diagnostic_msgs/diagnostic_msgs/srv
-- Up-to-date: /workspace/jazzy_ws/install/include/diagnostic_msgs/diagnostic_msgs/srv/detail
-- Installing: /workspace/jazzy_ws/install/include/diagnostic_msgs/diagnostic_msgs/srv/detail/self_test__rosidl_typesupport_introspection_cpp.hpp
-- Installing: /workspace/jazzy_ws/install/include/diagnostic_msgs/diagnostic_msgs/srv/detail/self_test__type_support.cpp
-- Installing: /workspace/jazzy_ws/install/include/diagnostic_msgs/diagnostic_msgs/srv/detail/add_diagnostics__type_support.cpp
-- Installing: /workspace/jazzy_ws/install/include/diagnostic_msgs/diagnostic_msgs/srv/detail/add_diagnostics__rosidl_typesupport_introspection_cpp.hpp
-- Installing: /workspace/jazzy_ws/install/lib/libdiagnostic_msgs__rosidl_typesupport_introspection_cpp.so
-- Set non-toolchain portion of runtime path of "/workspace/jazzy_ws/install/lib/libdiagnostic_msgs__rosidl_typesupport_introspection_cpp.so" to ""
-- Installing: /workspace/jazzy_ws/install/lib/libdiagnostic_msgs__rosidl_typesupport_cpp.so
-- Set non-toolchain portion of runtime path of "/workspace/jazzy_ws/install/lib/libdiagnostic_msgs__rosidl_typesupport_cpp.so" to ""
-- Installing: /workspace/jazzy_ws/install/share/diagnostic_msgs/environment/pythonpath.sh
-- Installing: /workspace/jazzy_ws/install/share/diagnostic_msgs/environment/pythonpath.dsv
-- Installing: /workspace/jazzy_ws/install/lib/python3.12/site-packages/diagnostic_msgs-5.3.6-py3.12.egg-info
-- Installing: /workspace/jazzy_ws/install/lib/python3.12/site-packages/diagnostic_msgs-5.3.6-py3.12.egg-info/PKG-INFO
-- Installing: /workspace/jazzy_ws/install/lib/python3.12/site-packages/diagnostic_msgs-5.3.6-py3.12.egg-info/SOURCES.txt
-- Installing: /workspace/jazzy_ws/install/lib/python3.12/site-packages/diagnostic_msgs-5.3.6-py3.12.egg-info/top_level.txt
-- Installing: /workspace/jazzy_ws/install/lib/python3.12/site-packages/diagnostic_msgs-5.3.6-py3.12.egg-info/dependency_links.txt
-- Installing: /workspace/jazzy_ws/install/lib/python3.12/site-packages/diagnostic_msgs
-- Installing: /workspace/jazzy_ws/install/lib/python3.12/site-packages/diagnostic_msgs/diagnostic_msgs_s__rosidl_typesupport_fastrtps_c.so
-- Installing: /workspace/jazzy_ws/install/lib/python3.12/site-packages/diagnostic_msgs/msg
-- Installing: /workspace/jazzy_ws/install/lib/python3.12/site-packages/diagnostic_msgs/msg/_diagnostic_status.py
-- Installing: /workspace/jazzy_ws/install/lib/python3.12/site-packages/diagnostic_msgs/msg/_diagnostic_status_s.c
-- Installing: /workspace/jazzy_ws/install/lib/python3.12/site-packages/diagnostic_msgs/msg/_diagnostic_array.py
-- Installing: /workspace/jazzy_ws/install/lib/python3.12/site-packages/diagnostic_msgs/msg/_diagnostic_array_s.c
-- Installing: /workspace/jazzy_ws/install/lib/python3.12/site-packages/diagnostic_msgs/msg/_key_value_s.c
-- Installing: /workspace/jazzy_ws/install/lib/python3.12/site-packages/diagnostic_msgs/msg/__init__.py
-- Installing: /workspace/jazzy_ws/install/lib/python3.12/site-packages/diagnostic_msgs/msg/_key_value.py
-- Installing: /workspace/jazzy_ws/install/lib/python3.12/site-packages/diagnostic_msgs/__init__.py
-- Installing: /workspace/jazzy_ws/install/lib/python3.12/site-packages/diagnostic_msgs/_diagnostic_msgs_s.ep.rosidl_typesupport_fastrtps_c.c
-- Installing: /workspace/jazzy_ws/install/lib/python3.12/site-packages/diagnostic_msgs/_diagnostic_msgs_s.ep.rosidl_typesupport_introspection_c.c
-- Installing: /workspace/jazzy_ws/install/lib/python3.12/site-packages/diagnostic_msgs/srv
-- Installing: /workspace/jazzy_ws/install/lib/python3.12/site-packages/diagnostic_msgs/srv/_self_test_s.c
-- Installing: /workspace/jazzy_ws/install/lib/python3.12/site-packages/diagnostic_msgs/srv/_add_diagnostics_s.c
-- Installing: /workspace/jazzy_ws/install/lib/python3.12/site-packages/diagnostic_msgs/srv/__init__.py
-- Installing: /workspace/jazzy_ws/install/lib/python3.12/site-packages/diagnostic_msgs/srv/_add_diagnostics.py
-- Installing: /workspace/jazzy_ws/install/lib/python3.12/site-packages/diagnostic_msgs/srv/_self_test.py
-- Installing: /workspace/jazzy_ws/install/lib/python3.12/site-packages/diagnostic_msgs/diagnostic_msgs_s__rosidl_typesupport_c.so
-- Installing: /workspace/jazzy_ws/install/lib/python3.12/site-packages/diagnostic_msgs/_diagnostic_msgs_s.ep.rosidl_typesupport_c.c
-- Installing: /workspace/jazzy_ws/install/lib/python3.12/site-packages/diagnostic_msgs/diagnostic_msgs_s__rosidl_typesupport_introspection_c.so
Listing '/workspace/jazzy_ws/install/lib/python3.12/site-packages/diagnostic_msgs'...
Compiling '/workspace/jazzy_ws/install/lib/python3.12/site-packages/diagnostic_msgs/__init__.py'...
Listing '/workspace/jazzy_ws/install/lib/python3.12/site-packages/diagnostic_msgs/msg'...
Compiling '/workspace/jazzy_ws/install/lib/python3.12/site-packages/diagnostic_msgs/msg/__init__.py'...
Compiling '/workspace/jazzy_ws/install/lib/python3.12/site-packages/diagnostic_msgs/msg/_diagnostic_array.py'...
Compiling '/workspace/jazzy_ws/install/lib/python3.12/site-packages/diagnostic_msgs/msg/_diagnostic_status.py'...
Compiling '/workspace/jazzy_ws/install/lib/python3.12/site-packages/diagnostic_msgs/msg/_key_value.py'...
Listing '/workspace/jazzy_ws/install/lib/python3.12/site-packages/diagnostic_msgs/srv'...
Compiling '/workspace/jazzy_ws/install/lib/python3.12/site-packages/diagnostic_msgs/srv/__init__.py'...
Compiling '/workspace/jazzy_ws/install/lib/python3.12/site-packages/diagnostic_msgs/srv/_add_diagnostics.py'...
Compiling '/workspace/jazzy_ws/install/lib/python3.12/site-packages/diagnostic_msgs/srv/_self_test.py'...
-- Installing: /workspace/jazzy_ws/install/lib/python3.12/site-packages/diagnostic_msgs/diagnostic_msgs_s__rosidl_typesupport_fastrtps_c.so
-- Set non-toolchain portion of runtime path of "/workspace/jazzy_ws/install/lib/python3.12/site-packages/diagnostic_msgs/diagnostic_msgs_s__rosidl_typesupport_fastrtps_c.so" to ""
-- Installing: /workspace/jazzy_ws/install/lib/python3.12/site-packages/diagnostic_msgs/diagnostic_msgs_s__rosidl_typesupport_introspection_c.so
-- Set non-toolchain portion of runtime path of "/workspace/jazzy_ws/install/lib/python3.12/site-packages/diagnostic_msgs/diagnostic_msgs_s__rosidl_typesupport_introspection_c.so" to ""
-- Installing: /workspace/jazzy_ws/install/lib/python3.12/site-packages/diagnostic_msgs/diagnostic_msgs_s__rosidl_typesupport_c.so
-- Set non-toolchain portion of runtime path of "/workspace/jazzy_ws/install/lib/python3.12/site-packages/diagnostic_msgs/diagnostic_msgs_s__rosidl_typesupport_c.so" to ""
-- Installing: /workspace/jazzy_ws/install/lib/libdiagnostic_msgs__rosidl_generator_py.so
-- Set non-toolchain portion of runtime path of "/workspace/jazzy_ws/install/lib/libdiagnostic_msgs__rosidl_generator_py.so" to ""
-- Installing: /workspace/jazzy_ws/install/share/diagnostic_msgs/msg/DiagnosticArray.idl
-- Installing: /workspace/jazzy_ws/install/share/diagnostic_msgs/msg/DiagnosticStatus.idl
-- Installing: /workspace/jazzy_ws/install/share/diagnostic_msgs/msg/KeyValue.idl
-- Installing: /workspace/jazzy_ws/install/share/diagnostic_msgs/srv/AddDiagnostics.idl
-- Installing: /workspace/jazzy_ws/install/share/diagnostic_msgs/srv/SelfTest.idl
-- Installing: /workspace/jazzy_ws/install/share/diagnostic_msgs/msg/DiagnosticArray.msg
-- Installing: /workspace/jazzy_ws/install/share/diagnostic_msgs/msg/DiagnosticStatus.msg
-- Installing: /workspace/jazzy_ws/install/share/diagnostic_msgs/msg/KeyValue.msg
-- Installing: /workspace/jazzy_ws/install/share/diagnostic_msgs/srv/AddDiagnostics.srv
-- Installing: /workspace/jazzy_ws/install/share/diagnostic_msgs/srv/SelfTest.srv
-- Installing: /workspace/jazzy_ws/install/share/ament_index/resource_index/package_run_dependencies/diagnostic_msgs
-- Installing: /workspace/jazzy_ws/install/share/ament_index/resource_index/parent_prefix_path/diagnostic_msgs
-- Installing: /workspace/jazzy_ws/install/share/diagnostic_msgs/environment/ament_prefix_path.sh
-- Installing: /workspace/jazzy_ws/install/share/diagnostic_msgs/environment/ament_prefix_path.dsv
-- Installing: /workspace/jazzy_ws/install/share/diagnostic_msgs/environment/path.sh
-- Installing: /workspace/jazzy_ws/install/share/diagnostic_msgs/environment/path.dsv
-- Installing: /workspace/jazzy_ws/install/share/diagnostic_msgs/local_setup.bash
-- Installing: /workspace/jazzy_ws/install/share/diagnostic_msgs/local_setup.sh
-- Installing: /workspace/jazzy_ws/install/share/diagnostic_msgs/local_setup.zsh
-- Installing: /workspace/jazzy_ws/install/share/diagnostic_msgs/local_setup.dsv
-- Installing: /workspace/jazzy_ws/install/share/diagnostic_msgs/package.dsv
-- Installing: /workspace/jazzy_ws/install/share/ament_index/resource_index/packages/diagnostic_msgs
-- Installing: /workspace/jazzy_ws/install/share/diagnostic_msgs/cmake/export_diagnostic_msgs__rosidl_generator_cExport.cmake
-- Installing: /workspace/jazzy_ws/install/share/diagnostic_msgs/cmake/export_diagnostic_msgs__rosidl_generator_cExport-noconfig.cmake
-- Installing: /workspace/jazzy_ws/install/share/diagnostic_msgs/cmake/export_diagnostic_msgs__rosidl_typesupport_fastrtps_cExport.cmake
-- Installing: /workspace/jazzy_ws/install/share/diagnostic_msgs/cmake/export_diagnostic_msgs__rosidl_typesupport_fastrtps_cExport-noconfig.cmake
-- Installing: /workspace/jazzy_ws/install/share/diagnostic_msgs/cmake/diagnostic_msgs__rosidl_typesupport_introspection_cExport.cmake
-- Installing: /workspace/jazzy_ws/install/share/diagnostic_msgs/cmake/diagnostic_msgs__rosidl_typesupport_introspection_cExport-noconfig.cmake
-- Installing: /workspace/jazzy_ws/install/share/diagnostic_msgs/cmake/diagnostic_msgs__rosidl_typesupport_cExport.cmake
-- Installing: /workspace/jazzy_ws/install/share/diagnostic_msgs/cmake/diagnostic_msgs__rosidl_typesupport_cExport-noconfig.cmake
-- Installing: /workspace/jazzy_ws/install/share/diagnostic_msgs/cmake/export_diagnostic_msgs__rosidl_generator_cppExport.cmake
-- Installing: /workspace/jazzy_ws/install/share/diagnostic_msgs/cmake/export_diagnostic_msgs__rosidl_typesupport_fastrtps_cppExport.cmake
-- Installing: /workspace/jazzy_ws/install/share/diagnostic_msgs/cmake/export_diagnostic_msgs__rosidl_typesupport_fastrtps_cppExport-noconfig.cmake
-- Installing: /workspace/jazzy_ws/install/share/diagnostic_msgs/cmake/diagnostic_msgs__rosidl_typesupport_introspection_cppExport.cmake
-- Installing: /workspace/jazzy_ws/install/share/diagnostic_msgs/cmake/diagnostic_msgs__rosidl_typesupport_introspection_cppExport-noconfig.cmake
-- Installing: /workspace/jazzy_ws/install/share/diagnostic_msgs/cmake/diagnostic_msgs__rosidl_typesupport_cppExport.cmake
-- Installing: /workspace/jazzy_ws/install/share/diagnostic_msgs/cmake/diagnostic_msgs__rosidl_typesupport_cppExport-noconfig.cmake
-- Installing: /workspace/jazzy_ws/install/share/diagnostic_msgs/cmake/export_diagnostic_msgs__rosidl_generator_pyExport.cmake
-- Installing: /workspace/jazzy_ws/install/share/diagnostic_msgs/cmake/export_diagnostic_msgs__rosidl_generator_pyExport-noconfig.cmake
-- Installing: /workspace/jazzy_ws/install/share/diagnostic_msgs/cmake/rosidl_cmake-extras.cmake
-- Installing: /workspace/jazzy_ws/install/share/diagnostic_msgs/cmake/ament_cmake_export_dependencies-extras.cmake
-- Installing: /workspace/jazzy_ws/install/share/diagnostic_msgs/cmake/ament_cmake_export_include_directories-extras.cmake
-- Installing: /workspace/jazzy_ws/install/share/diagnostic_msgs/cmake/ament_cmake_export_libraries-extras.cmake
-- Installing: /workspace/jazzy_ws/install/share/diagnostic_msgs/cmake/ament_cmake_export_targets-extras.cmake
-- Installing: /workspace/jazzy_ws/install/share/diagnostic_msgs/cmake/rosidl_cmake_export_typesupport_targets-extras.cmake
-- Installing: /workspace/jazzy_ws/install/share/diagnostic_msgs/cmake/rosidl_cmake_export_typesupport_libraries-extras.cmake
-- Installing: /workspace/jazzy_ws/install/share/diagnostic_msgs/cmake/diagnostic_msgsConfig.cmake
-- Installing: /workspace/jazzy_ws/install/share/diagnostic_msgs/cmake/diagnostic_msgsConfig-version.cmake
-- Installing: /workspace/jazzy_ws/install/share/diagnostic_msgs/package.xml
