[0.007s] Invoking command in '/workspace/jazzy_ws/build/ament_cmake_target_dependencies': AMENT_PREFIX_PATH=/workspace/jazzy_ws/install CMAKE_PREFIX_PATH=/workspace/jazzy_ws/install LD_LIBRARY_PATH=/workspace/jazzy_ws/install/lib PATH=/workspace/jazzy_ws/install/bin:${PATH} PYTHONPATH=/workspace/jazzy_ws/install/lib/python3.12/site-packages /usr/bin/cmake /workspace/jazzy_ws/src/ament_cmake/ament_cmake_target_dependencies -DCMAKE_INSTALL_PREFIX=/workspace/jazzy_ws/install
[0.015s] -- Found ament_cmake_core: 2.5.5 (/workspace/jazzy_ws/install/share/ament_cmake_core/cmake)
[0.090s] -- Found Python3: /usr/bin/python3 (found version "3.12.3") found components: Interpreter 
[0.278s] -- Configuring done (0.2s)
[0.278s] -- Generating done (0.0s)
[0.278s] -- Build files have been written to: /workspace/jazzy_ws/build/ament_cmake_target_dependencies
[0.279s] Invoked command in '/workspace/jazzy_ws/build/ament_cmake_target_dependencies' returned '0': AMENT_PREFIX_PATH=/workspace/jazzy_ws/install CMAKE_PREFIX_PATH=/workspace/jazzy_ws/install LD_LIBRARY_PATH=/workspace/jazzy_ws/install/lib PATH=/workspace/jazzy_ws/install/bin:${PATH} PYTHONPATH=/workspace/jazzy_ws/install/lib/python3.12/site-packages /usr/bin/cmake /workspace/jazzy_ws/src/ament_cmake/ament_cmake_target_dependencies -DCMAKE_INSTALL_PREFIX=/workspace/jazzy_ws/install
[0.279s] Invoking command in '/workspace/jazzy_ws/build/ament_cmake_target_dependencies': AMENT_PREFIX_PATH=/workspace/jazzy_ws/install CMAKE_PREFIX_PATH=/workspace/jazzy_ws/install LD_LIBRARY_PATH=/workspace/jazzy_ws/install/lib PATH=/workspace/jazzy_ws/install/bin:${PATH} PYTHONPATH=/workspace/jazzy_ws/install/lib/python3.12/site-packages /usr/bin/cmake --build /workspace/jazzy_ws/build/ament_cmake_target_dependencies -- -j24 -l24
[0.297s] Invoked command in '/workspace/jazzy_ws/build/ament_cmake_target_dependencies' returned '0': AMENT_PREFIX_PATH=/workspace/jazzy_ws/install CMAKE_PREFIX_PATH=/workspace/jazzy_ws/install LD_LIBRARY_PATH=/workspace/jazzy_ws/install/lib PATH=/workspace/jazzy_ws/install/bin:${PATH} PYTHONPATH=/workspace/jazzy_ws/install/lib/python3.12/site-packages /usr/bin/cmake --build /workspace/jazzy_ws/build/ament_cmake_target_dependencies -- -j24 -l24
[0.297s] Invoking command in '/workspace/jazzy_ws/build/ament_cmake_target_dependencies': AMENT_PREFIX_PATH=/workspace/jazzy_ws/install CMAKE_PREFIX_PATH=/workspace/jazzy_ws/install LD_LIBRARY_PATH=/workspace/jazzy_ws/install/lib PATH=/workspace/jazzy_ws/install/bin:${PATH} PYTHONPATH=/workspace/jazzy_ws/install/lib/python3.12/site-packages /usr/bin/cmake --install /workspace/jazzy_ws/build/ament_cmake_target_dependencies
[0.301s] -- Install configuration: ""
[0.301s] -- Installing: /workspace/jazzy_ws/install/share/ament_index/resource_index/package_run_dependencies/ament_cmake_target_dependencies
[0.301s] -- Installing: /workspace/jazzy_ws/install/share/ament_index/resource_index/parent_prefix_path/ament_cmake_target_dependencies
[0.301s] -- Installing: /workspace/jazzy_ws/install/share/ament_cmake_target_dependencies/environment/ament_prefix_path.sh
[0.302s] -- Installing: /workspace/jazzy_ws/install/share/ament_cmake_target_dependencies/environment/ament_prefix_path.dsv
[0.302s] -- Installing: /workspace/jazzy_ws/install/share/ament_cmake_target_dependencies/environment/path.sh
[0.302s] -- Installing: /workspace/jazzy_ws/install/share/ament_cmake_target_dependencies/environment/path.dsv
[0.302s] -- Installing: /workspace/jazzy_ws/install/share/ament_cmake_target_dependencies/local_setup.bash
[0.302s] -- Installing: /workspace/jazzy_ws/install/share/ament_cmake_target_dependencies/local_setup.sh
[0.302s] -- Installing: /workspace/jazzy_ws/install/share/ament_cmake_target_dependencies/local_setup.zsh
[0.302s] -- Installing: /workspace/jazzy_ws/install/share/ament_cmake_target_dependencies/local_setup.dsv
[0.303s] -- Installing: /workspace/jazzy_ws/install/share/ament_cmake_target_dependencies/package.dsv
[0.303s] -- Installing: /workspace/jazzy_ws/install/share/ament_index/resource_index/packages/ament_cmake_target_dependencies
[0.303s] -- Installing: /workspace/jazzy_ws/install/share/ament_cmake_target_dependencies/cmake/ament_cmake_target_dependencies-extras.cmake
[0.316s] -- Installing: /workspace/jazzy_ws/install/share/ament_cmake_target_dependencies/cmake/ament_cmake_target_dependenciesConfig.cmake
[0.316s] -- Installing: /workspace/jazzy_ws/install/share/ament_cmake_target_dependencies/cmake/ament_cmake_target_dependenciesConfig-version.cmake
[0.316s] -- Installing: /workspace/jazzy_ws/install/share/ament_cmake_target_dependencies/package.xml
[0.316s] -- Up-to-date: /workspace/jazzy_ws/install/share/ament_cmake_target_dependencies/cmake
[0.316s] -- Installing: /workspace/jazzy_ws/install/share/ament_cmake_target_dependencies/cmake/ament_target_dependencies.cmake
[0.316s] -- Installing: /workspace/jazzy_ws/install/share/ament_cmake_target_dependencies/cmake/ament_get_recursive_properties.cmake
[0.330s] Invoked command in '/workspace/jazzy_ws/build/ament_cmake_target_dependencies' returned '0': AMENT_PREFIX_PATH=/workspace/jazzy_ws/install CMAKE_PREFIX_PATH=/workspace/jazzy_ws/install LD_LIBRARY_PATH=/workspace/jazzy_ws/install/lib PATH=/workspace/jazzy_ws/install/bin:${PATH} PYTHONPATH=/workspace/jazzy_ws/install/lib/python3.12/site-packages /usr/bin/cmake --install /workspace/jazzy_ws/build/ament_cmake_target_dependencies
