-- The C compiler identification is GNU 13.3.0
-- The CXX compiler identification is GNU 13.3.0
-- Detecting C compiler ABI info
-- Detecting C compiler ABI info - done
-- Check for working C compiler: /usr/bin/cc - skipped
-- Detecting C compile features
-- Detecting C compile features - done
-- Detecting CXX compiler ABI info
-- Detecting CXX compiler ABI info - done
-- Check for working CXX compiler: /usr/bin/c++ - skipped
-- Detecting CXX compile features
-- Detecting CXX compile features - done
-- Configuring done (0.2s)
-- Generating done (0.0s)
-- Build files have been written to: /workspace/jazzy_ws/build/iceoryx_hoofs
[  6%] Building CXX object platform/CMakeFiles/iceoryx_platform.dir/linux/source/grp.cpp.o
[  6%] Building CXX object platform/CMakeFiles/iceoryx_platform.dir/linux/source/file.cpp.o
[  6%] Building CXX object platform/CMakeFiles/iceoryx_platform.dir/linux/source/fnctl.cpp.o
[  8%] Building CXX object platform/CMakeFiles/iceoryx_platform.dir/linux/source/socket.cpp.o
[ 11%] Building CXX object platform/CMakeFiles/iceoryx_platform.dir/linux/source/mqueue.cpp.o
[ 13%] Building CXX object platform/CMakeFiles/iceoryx_platform.dir/linux/source/mman.cpp.o
[ 15%] Building CXX object platform/CMakeFiles/iceoryx_platform.dir/linux/source/unistd.cpp.o
[ 17%] Linking CXX shared library libiceoryx_platform.so
[ 17%] Built target iceoryx_platform
[ 31%] Building CXX object CMakeFiles/iceoryx_hoofs.dir/source/cxx/requires.cpp.o
[ 31%] Building CXX object CMakeFiles/iceoryx_hoofs.dir/source/concurrent/active_object.cpp.o
[ 31%] Building CXX object CMakeFiles/iceoryx_hoofs.dir/source/cxx/helplets.cpp.o
[ 33%] Building CXX object CMakeFiles/iceoryx_hoofs.dir/source/error_handling/error_handling.cpp.o
[ 35%] Building CXX object CMakeFiles/iceoryx_hoofs.dir/source/file_reader/file_reader.cpp.o
[ 35%] Building CXX object CMakeFiles/iceoryx_hoofs.dir/source/cxx/filesystem.cpp.o
[ 40%] Building CXX object CMakeFiles/iceoryx_hoofs.dir/source/cxx/unique_id.cpp.o
[ 31%] Building CXX object CMakeFiles/iceoryx_hoofs.dir/source/concurrent/loffli.cpp.o
[ 40%] Building CXX object CMakeFiles/iceoryx_hoofs.dir/source/cxx/generic_raii.cpp.o
[ 31%] Building CXX object CMakeFiles/iceoryx_hoofs.dir/source/cxx/deadline_timer.cpp.o
[ 42%] Building CXX object CMakeFiles/iceoryx_hoofs.dir/source/log/logcommon.cpp.o
[ 46%] Building CXX object CMakeFiles/iceoryx_hoofs.dir/source/log/logging.cpp.o
[ 46%] Building CXX object CMakeFiles/iceoryx_hoofs.dir/source/log/logger.cpp.o
[ 48%] Building CXX object CMakeFiles/iceoryx_hoofs.dir/source/posix_wrapper/access_control.cpp.o
[ 51%] Building CXX object CMakeFiles/iceoryx_hoofs.dir/source/log/logging_internal.cpp.o
[ 53%] Building CXX object CMakeFiles/iceoryx_hoofs.dir/source/log/logmanager.cpp.o
[ 55%] Building CXX object CMakeFiles/iceoryx_hoofs.dir/source/log/logstream.cpp.o
[ 57%] Building CXX object CMakeFiles/iceoryx_hoofs.dir/source/posix_wrapper/mutex.cpp.o
[ 60%] Building CXX object CMakeFiles/iceoryx_hoofs.dir/source/posix_wrapper/file_lock.cpp.o
[ 62%] Building CXX object CMakeFiles/iceoryx_hoofs.dir/source/posix_wrapper/semaphore.cpp.o
[ 64%] Building CXX object CMakeFiles/iceoryx_hoofs.dir/source/posix_wrapper/timer.cpp.o
[ 66%] Building CXX object CMakeFiles/iceoryx_hoofs.dir/source/posix_wrapper/signal_watcher.cpp.o
[ 68%] Building CXX object CMakeFiles/iceoryx_hoofs.dir/source/posix_wrapper/signal_handler.cpp.o
[ 71%] Building CXX object CMakeFiles/iceoryx_hoofs.dir/source/posix_wrapper/shared_memory_object.cpp.o
[ 73%] Building CXX object CMakeFiles/iceoryx_hoofs.dir/source/posix_wrapper/message_queue.cpp.o
[ 75%] Building CXX object CMakeFiles/iceoryx_hoofs.dir/source/posix_wrapper/named_pipe.cpp.o
[ 77%] Building CXX object CMakeFiles/iceoryx_hoofs.dir/source/posix_wrapper/unix_domain_socket.cpp.o
[ 80%] Building CXX object CMakeFiles/iceoryx_hoofs.dir/source/posix_wrapper/shared_memory_object/allocator.cpp.o
[ 82%] Building CXX object CMakeFiles/iceoryx_hoofs.dir/source/posix_wrapper/shared_memory_object/memory_map.cpp.o
[ 84%] Building CXX object CMakeFiles/iceoryx_hoofs.dir/source/posix_wrapper/shared_memory_object/shared_memory.cpp.o
[ 86%] Building CXX object CMakeFiles/iceoryx_hoofs.dir/source/posix_wrapper/system_configuration.cpp.o
[ 88%] Building CXX object CMakeFiles/iceoryx_hoofs.dir/source/posix_wrapper/posix_access_rights.cpp.o
[ 91%] Building CXX object CMakeFiles/iceoryx_hoofs.dir/source/posix_wrapper/thread.cpp.o
[ 93%] Building CXX object CMakeFiles/iceoryx_hoofs.dir/source/units/duration.cpp.o
[ 95%] Building CXX object CMakeFiles/iceoryx_hoofs.dir/source/relocatable_pointer/base_relative_pointer.cpp.o
[ 97%] Building CXX object CMakeFiles/iceoryx_hoofs.dir/source/relocatable_pointer/relative_pointer_data.cpp.o
[100%] Linking CXX shared library libiceoryx_hoofs.so
[100%] Built target iceoryx_hoofs
-- Install configuration: ""
-- Installing: /workspace/jazzy_ws/install/include/iceoryx/v2.0.6
-- Installing: /workspace/jazzy_ws/install/include/iceoryx/v2.0.6/iceoryx_hoofs
-- Installing: /workspace/jazzy_ws/install/include/iceoryx/v2.0.6/iceoryx_hoofs/platform
-- Installing: /workspace/jazzy_ws/install/include/iceoryx/v2.0.6/iceoryx_hoofs/platform/file.hpp
-- Installing: /workspace/jazzy_ws/install/include/iceoryx/v2.0.6/iceoryx_hoofs/platform/types.hpp
-- Installing: /workspace/jazzy_ws/install/include/iceoryx/v2.0.6/iceoryx_hoofs/platform/fcntl.hpp
-- Installing: /workspace/jazzy_ws/install/include/iceoryx/v2.0.6/iceoryx_hoofs/platform/errno.hpp
-- Installing: /workspace/jazzy_ws/install/include/iceoryx/v2.0.6/iceoryx_hoofs/platform/platform_settings.hpp
-- Installing: /workspace/jazzy_ws/install/include/iceoryx/v2.0.6/iceoryx_hoofs/platform/getopt.hpp
-- Installing: /workspace/jazzy_ws/install/include/iceoryx/v2.0.6/iceoryx_hoofs/platform/pthread.hpp
-- Installing: /workspace/jazzy_ws/install/include/iceoryx/v2.0.6/iceoryx_hoofs/platform/pwd.hpp
-- Installing: /workspace/jazzy_ws/install/include/iceoryx/v2.0.6/iceoryx_hoofs/platform/grp.hpp
-- Installing: /workspace/jazzy_ws/install/include/iceoryx/v2.0.6/iceoryx_hoofs/platform/semaphore.hpp
-- Installing: /workspace/jazzy_ws/install/include/iceoryx/v2.0.6/iceoryx_hoofs/platform/acl.hpp
-- Installing: /workspace/jazzy_ws/install/include/iceoryx/v2.0.6/iceoryx_hoofs/platform/un.hpp
-- Installing: /workspace/jazzy_ws/install/include/iceoryx/v2.0.6/iceoryx_hoofs/platform/mqueue.hpp
-- Installing: /workspace/jazzy_ws/install/include/iceoryx/v2.0.6/iceoryx_hoofs/platform/stat.hpp
-- Installing: /workspace/jazzy_ws/install/include/iceoryx/v2.0.6/iceoryx_hoofs/platform/mman.hpp
-- Installing: /workspace/jazzy_ws/install/include/iceoryx/v2.0.6/iceoryx_hoofs/platform/unistd.hpp
-- Installing: /workspace/jazzy_ws/install/include/iceoryx/v2.0.6/iceoryx_hoofs/platform/wait.hpp
-- Installing: /workspace/jazzy_ws/install/include/iceoryx/v2.0.6/iceoryx_hoofs/platform/platform_correction.hpp
-- Installing: /workspace/jazzy_ws/install/include/iceoryx/v2.0.6/iceoryx_hoofs/platform/socket.hpp
-- Installing: /workspace/jazzy_ws/install/include/iceoryx/v2.0.6/iceoryx_hoofs/platform/resource.hpp
-- Installing: /workspace/jazzy_ws/install/include/iceoryx/v2.0.6/iceoryx_hoofs/platform/time.hpp
-- Installing: /workspace/jazzy_ws/install/include/iceoryx/v2.0.6/iceoryx_hoofs/platform/dlfcn.hpp
-- Installing: /workspace/jazzy_ws/install/include/iceoryx/v2.0.6/iceoryx_hoofs/platform/inet.hpp
-- Installing: /workspace/jazzy_ws/install/include/iceoryx/v2.0.6/iceoryx_hoofs/platform/signal.hpp
-- Installing: /workspace/jazzy_ws/install/lib/libiceoryx_hoofs.so
-- Set non-toolchain portion of runtime path of "/workspace/jazzy_ws/install/lib/libiceoryx_hoofs.so" to ""
-- Installing: /workspace/jazzy_ws/install/lib/libiceoryx_platform.so
-- Up-to-date: /workspace/jazzy_ws/install/include/iceoryx/v2.0.6
-- Up-to-date: /workspace/jazzy_ws/install/include/iceoryx/v2.0.6/iceoryx_hoofs
-- Installing: /workspace/jazzy_ws/install/include/iceoryx/v2.0.6/iceoryx_hoofs/cxx
-- Installing: /workspace/jazzy_ws/install/include/iceoryx/v2.0.6/iceoryx_hoofs/cxx/scoped_static.hpp
-- Installing: /workspace/jazzy_ws/install/include/iceoryx/v2.0.6/iceoryx_hoofs/cxx/function_ref.hpp
-- Installing: /workspace/jazzy_ws/install/include/iceoryx/v2.0.6/iceoryx_hoofs/cxx/types.hpp
-- Installing: /workspace/jazzy_ws/install/include/iceoryx/v2.0.6/iceoryx_hoofs/cxx/filesystem.hpp
-- Installing: /workspace/jazzy_ws/install/include/iceoryx/v2.0.6/iceoryx_hoofs/cxx/variant_queue.hpp
-- Installing: /workspace/jazzy_ws/install/include/iceoryx/v2.0.6/iceoryx_hoofs/cxx/helplets.hpp
-- Installing: /workspace/jazzy_ws/install/include/iceoryx/v2.0.6/iceoryx_hoofs/cxx/algorithm.hpp
-- Installing: /workspace/jazzy_ws/install/include/iceoryx/v2.0.6/iceoryx_hoofs/cxx/expected.hpp
-- Installing: /workspace/jazzy_ws/install/include/iceoryx/v2.0.6/iceoryx_hoofs/cxx/stack.hpp
-- Installing: /workspace/jazzy_ws/install/include/iceoryx/v2.0.6/iceoryx_hoofs/cxx/newtype.hpp
-- Installing: /workspace/jazzy_ws/install/include/iceoryx/v2.0.6/iceoryx_hoofs/cxx/poor_mans_heap.hpp
-- Installing: /workspace/jazzy_ws/install/include/iceoryx/v2.0.6/iceoryx_hoofs/cxx/type_traits.hpp
-- Installing: /workspace/jazzy_ws/install/include/iceoryx/v2.0.6/iceoryx_hoofs/cxx/method_callback.hpp
-- Installing: /workspace/jazzy_ws/install/include/iceoryx/v2.0.6/iceoryx_hoofs/cxx/string.hpp
-- Installing: /workspace/jazzy_ws/install/include/iceoryx/v2.0.6/iceoryx_hoofs/cxx/function.hpp
-- Installing: /workspace/jazzy_ws/install/include/iceoryx/v2.0.6/iceoryx_hoofs/cxx/vector.hpp
-- Installing: /workspace/jazzy_ws/install/include/iceoryx/v2.0.6/iceoryx_hoofs/cxx/generic_raii.hpp
-- Installing: /workspace/jazzy_ws/install/include/iceoryx/v2.0.6/iceoryx_hoofs/cxx/list.hpp
-- Installing: /workspace/jazzy_ws/install/include/iceoryx/v2.0.6/iceoryx_hoofs/cxx/requires.hpp
-- Installing: /workspace/jazzy_ws/install/include/iceoryx/v2.0.6/iceoryx_hoofs/cxx/serialization.hpp
-- Installing: /workspace/jazzy_ws/install/include/iceoryx/v2.0.6/iceoryx_hoofs/cxx/functional_interface.hpp
-- Installing: /workspace/jazzy_ws/install/include/iceoryx/v2.0.6/iceoryx_hoofs/cxx/attributes.hpp
-- Installing: /workspace/jazzy_ws/install/include/iceoryx/v2.0.6/iceoryx_hoofs/cxx/convert.hpp
-- Installing: /workspace/jazzy_ws/install/include/iceoryx/v2.0.6/iceoryx_hoofs/cxx/unique_ptr.hpp
-- Installing: /workspace/jazzy_ws/install/include/iceoryx/v2.0.6/iceoryx_hoofs/cxx/optional.hpp
-- Installing: /workspace/jazzy_ws/install/include/iceoryx/v2.0.6/iceoryx_hoofs/cxx/forward_list.hpp
-- Installing: /workspace/jazzy_ws/install/include/iceoryx/v2.0.6/iceoryx_hoofs/cxx/deadline_timer.hpp
-- Installing: /workspace/jazzy_ws/install/include/iceoryx/v2.0.6/iceoryx_hoofs/cxx/variant.hpp
-- Installing: /workspace/jazzy_ws/install/include/iceoryx/v2.0.6/iceoryx_hoofs/cxx/.clang-tidy
-- Installing: /workspace/jazzy_ws/install/include/iceoryx/v2.0.6/iceoryx_hoofs/error_handling
-- Installing: /workspace/jazzy_ws/install/include/iceoryx/v2.0.6/iceoryx_hoofs/error_handling/error_handling.hpp
-- Installing: /workspace/jazzy_ws/install/include/iceoryx/v2.0.6/iceoryx_hoofs/posix_wrapper
-- Installing: /workspace/jazzy_ws/install/include/iceoryx/v2.0.6/iceoryx_hoofs/posix_wrapper/timer.hpp
-- Installing: /workspace/jazzy_ws/install/include/iceoryx/v2.0.6/iceoryx_hoofs/posix_wrapper/signal_handler.hpp
-- Installing: /workspace/jazzy_ws/install/include/iceoryx/v2.0.6/iceoryx_hoofs/posix_wrapper/named_pipe.hpp
-- Installing: /workspace/jazzy_ws/install/include/iceoryx/v2.0.6/iceoryx_hoofs/posix_wrapper/signal_watcher.hpp
-- Installing: /workspace/jazzy_ws/install/include/iceoryx/v2.0.6/iceoryx_hoofs/posix_wrapper/semaphore.hpp
-- Installing: /workspace/jazzy_ws/install/include/iceoryx/v2.0.6/iceoryx_hoofs/posix_wrapper/posix_call.hpp
-- Installing: /workspace/jazzy_ws/install/include/iceoryx/v2.0.6/iceoryx_hoofs/posix_wrapper/file_lock.hpp
-- Installing: /workspace/jazzy_ws/install/include/iceoryx/v2.0.6/iceoryx_hoofs/posix_wrapper/posix_access_rights.hpp
-- Installing: /workspace/jazzy_ws/install/include/iceoryx/v2.0.6/iceoryx_hoofs/posix_wrapper/thread.hpp
-- Installing: /workspace/jazzy_ws/install/include/iceoryx/v2.0.6/iceoryx_hoofs/concurrent
-- Installing: /workspace/jazzy_ws/install/include/iceoryx/v2.0.6/iceoryx_hoofs/concurrent/lockfree_queue.hpp
-- Installing: /workspace/jazzy_ws/install/include/iceoryx/v2.0.6/iceoryx_hoofs/concurrent/resizeable_lockfree_queue.hpp
-- Installing: /workspace/jazzy_ws/install/include/iceoryx/v2.0.6/iceoryx_hoofs/design_pattern
-- Installing: /workspace/jazzy_ws/install/include/iceoryx/v2.0.6/iceoryx_hoofs/design_pattern/creation.hpp
-- Installing: /workspace/jazzy_ws/install/include/iceoryx/v2.0.6/iceoryx_hoofs/internal
-- Installing: /workspace/jazzy_ws/install/include/iceoryx/v2.0.6/iceoryx_hoofs/internal/cxx
-- Installing: /workspace/jazzy_ws/install/include/iceoryx/v2.0.6/iceoryx_hoofs/internal/cxx/reference_counter.hpp
-- Installing: /workspace/jazzy_ws/install/include/iceoryx/v2.0.6/iceoryx_hoofs/internal/cxx/variant_internal.hpp
-- Installing: /workspace/jazzy_ws/install/include/iceoryx/v2.0.6/iceoryx_hoofs/internal/cxx/serialization.inl
-- Installing: /workspace/jazzy_ws/install/include/iceoryx/v2.0.6/iceoryx_hoofs/internal/cxx/reference_counter.inl
-- Installing: /workspace/jazzy_ws/install/include/iceoryx/v2.0.6/iceoryx_hoofs/internal/cxx/stack.inl
-- Installing: /workspace/jazzy_ws/install/include/iceoryx/v2.0.6/iceoryx_hoofs/internal/cxx/functional_interface.inl
-- Installing: /workspace/jazzy_ws/install/include/iceoryx/v2.0.6/iceoryx_hoofs/internal/cxx/optional.inl
-- Installing: /workspace/jazzy_ws/install/include/iceoryx/v2.0.6/iceoryx_hoofs/internal/cxx/static_storage.hpp
-- Installing: /workspace/jazzy_ws/install/include/iceoryx/v2.0.6/iceoryx_hoofs/internal/cxx/scoped_static.inl
-- Installing: /workspace/jazzy_ws/install/include/iceoryx/v2.0.6/iceoryx_hoofs/internal/cxx/static_storage.inl
-- Installing: /workspace/jazzy_ws/install/include/iceoryx/v2.0.6/iceoryx_hoofs/internal/cxx/function_ref.inl
-- Installing: /workspace/jazzy_ws/install/include/iceoryx/v2.0.6/iceoryx_hoofs/internal/cxx/list.inl
-- Installing: /workspace/jazzy_ws/install/include/iceoryx/v2.0.6/iceoryx_hoofs/internal/cxx/unique_id.hpp
-- Installing: /workspace/jazzy_ws/install/include/iceoryx/v2.0.6/iceoryx_hoofs/internal/cxx/string.inl
-- Installing: /workspace/jazzy_ws/install/include/iceoryx/v2.0.6/iceoryx_hoofs/internal/cxx/algorithm.inl
-- Installing: /workspace/jazzy_ws/install/include/iceoryx/v2.0.6/iceoryx_hoofs/internal/cxx/poor_mans_heap.inl
-- Installing: /workspace/jazzy_ws/install/include/iceoryx/v2.0.6/iceoryx_hoofs/internal/cxx/set.hpp
-- Installing: /workspace/jazzy_ws/install/include/iceoryx/v2.0.6/iceoryx_hoofs/internal/cxx/storable_function.inl
-- Installing: /workspace/jazzy_ws/install/include/iceoryx/v2.0.6/iceoryx_hoofs/internal/cxx/unique_ptr.inl
-- Installing: /workspace/jazzy_ws/install/include/iceoryx/v2.0.6/iceoryx_hoofs/internal/cxx/newtype
-- Installing: /workspace/jazzy_ws/install/include/iceoryx/v2.0.6/iceoryx_hoofs/internal/cxx/newtype/comparable.hpp
-- Installing: /workspace/jazzy_ws/install/include/iceoryx/v2.0.6/iceoryx_hoofs/internal/cxx/newtype/constructor.hpp
-- Installing: /workspace/jazzy_ws/install/include/iceoryx/v2.0.6/iceoryx_hoofs/internal/cxx/newtype/convertable.hpp
-- Installing: /workspace/jazzy_ws/install/include/iceoryx/v2.0.6/iceoryx_hoofs/internal/cxx/newtype/protected_constructor.hpp
-- Installing: /workspace/jazzy_ws/install/include/iceoryx/v2.0.6/iceoryx_hoofs/internal/cxx/newtype/assignment.hpp
-- Installing: /workspace/jazzy_ws/install/include/iceoryx/v2.0.6/iceoryx_hoofs/internal/cxx/newtype/sortable.hpp
-- Installing: /workspace/jazzy_ws/install/include/iceoryx/v2.0.6/iceoryx_hoofs/internal/cxx/newtype/internal.hpp
-- Installing: /workspace/jazzy_ws/install/include/iceoryx/v2.0.6/iceoryx_hoofs/internal/cxx/string_internal.hpp
-- Installing: /workspace/jazzy_ws/install/include/iceoryx/v2.0.6/iceoryx_hoofs/internal/cxx/convert.inl
-- Installing: /workspace/jazzy_ws/install/include/iceoryx/v2.0.6/iceoryx_hoofs/internal/cxx/helplets.inl
-- Installing: /workspace/jazzy_ws/install/include/iceoryx/v2.0.6/iceoryx_hoofs/internal/cxx/forward_list.inl
-- Installing: /workspace/jazzy_ws/install/include/iceoryx/v2.0.6/iceoryx_hoofs/internal/cxx/vector.inl
-- Installing: /workspace/jazzy_ws/install/include/iceoryx/v2.0.6/iceoryx_hoofs/internal/cxx/method_callback.inl
-- Installing: /workspace/jazzy_ws/install/include/iceoryx/v2.0.6/iceoryx_hoofs/internal/cxx/storable_function.hpp
-- Installing: /workspace/jazzy_ws/install/include/iceoryx/v2.0.6/iceoryx_hoofs/internal/cxx/newtype.inl
-- Installing: /workspace/jazzy_ws/install/include/iceoryx/v2.0.6/iceoryx_hoofs/internal/cxx/variant.inl
-- Installing: /workspace/jazzy_ws/install/include/iceoryx/v2.0.6/iceoryx_hoofs/internal/cxx/expected.inl
-- Installing: /workspace/jazzy_ws/install/include/iceoryx/v2.0.6/iceoryx_hoofs/internal/cxx/.clang-tidy
-- Installing: /workspace/jazzy_ws/install/include/iceoryx/v2.0.6/iceoryx_hoofs/internal/cxx/pair.hpp
-- Installing: /workspace/jazzy_ws/install/include/iceoryx/v2.0.6/iceoryx_hoofs/internal/cxx/variant_queue.inl
-- Installing: /workspace/jazzy_ws/install/include/iceoryx/v2.0.6/iceoryx_hoofs/internal/posix_wrapper
-- Installing: /workspace/jazzy_ws/install/include/iceoryx/v2.0.6/iceoryx_hoofs/internal/posix_wrapper/ipc_channel.hpp
-- Installing: /workspace/jazzy_ws/install/include/iceoryx/v2.0.6/iceoryx_hoofs/internal/posix_wrapper/mutex.hpp
-- Installing: /workspace/jazzy_ws/install/include/iceoryx/v2.0.6/iceoryx_hoofs/internal/posix_wrapper/posix_call.inl
-- Installing: /workspace/jazzy_ws/install/include/iceoryx/v2.0.6/iceoryx_hoofs/internal/posix_wrapper/system_configuration.hpp
-- Installing: /workspace/jazzy_ws/install/include/iceoryx/v2.0.6/iceoryx_hoofs/internal/posix_wrapper/message_queue.hpp
-- Installing: /workspace/jazzy_ws/install/include/iceoryx/v2.0.6/iceoryx_hoofs/internal/posix_wrapper/access_control.hpp
-- Installing: /workspace/jazzy_ws/install/include/iceoryx/v2.0.6/iceoryx_hoofs/internal/posix_wrapper/shared_memory_object.hpp
-- Installing: /workspace/jazzy_ws/install/include/iceoryx/v2.0.6/iceoryx_hoofs/internal/posix_wrapper/shared_memory_object
-- Installing: /workspace/jazzy_ws/install/include/iceoryx/v2.0.6/iceoryx_hoofs/internal/posix_wrapper/shared_memory_object/memory_map.hpp
-- Installing: /workspace/jazzy_ws/install/include/iceoryx/v2.0.6/iceoryx_hoofs/internal/posix_wrapper/shared_memory_object/shared_memory.hpp
-- Installing: /workspace/jazzy_ws/install/include/iceoryx/v2.0.6/iceoryx_hoofs/internal/posix_wrapper/shared_memory_object/allocator.hpp
-- Installing: /workspace/jazzy_ws/install/include/iceoryx/v2.0.6/iceoryx_hoofs/internal/posix_wrapper/unix_domain_socket.hpp
-- Installing: /workspace/jazzy_ws/install/include/iceoryx/v2.0.6/iceoryx_hoofs/internal/relocatable_pointer
-- Installing: /workspace/jazzy_ws/install/include/iceoryx/v2.0.6/iceoryx_hoofs/internal/relocatable_pointer/pointer_repository.hpp
-- Installing: /workspace/jazzy_ws/install/include/iceoryx/v2.0.6/iceoryx_hoofs/internal/relocatable_pointer/pointer_repository.inl
-- Installing: /workspace/jazzy_ws/install/include/iceoryx/v2.0.6/iceoryx_hoofs/internal/relocatable_pointer/relocatable_ptr.hpp
-- Installing: /workspace/jazzy_ws/install/include/iceoryx/v2.0.6/iceoryx_hoofs/internal/relocatable_pointer/atomic_relocatable_pointer.inl
-- Installing: /workspace/jazzy_ws/install/include/iceoryx/v2.0.6/iceoryx_hoofs/internal/relocatable_pointer/atomic_relocatable_pointer.hpp
-- Installing: /workspace/jazzy_ws/install/include/iceoryx/v2.0.6/iceoryx_hoofs/internal/relocatable_pointer/relative_pointer_data.hpp
-- Installing: /workspace/jazzy_ws/install/include/iceoryx/v2.0.6/iceoryx_hoofs/internal/relocatable_pointer/base_relative_pointer.hpp
-- Installing: /workspace/jazzy_ws/install/include/iceoryx/v2.0.6/iceoryx_hoofs/internal/relocatable_pointer/relative_pointer.inl
-- Installing: /workspace/jazzy_ws/install/include/iceoryx/v2.0.6/iceoryx_hoofs/internal/relocatable_pointer/relative_pointer_data.inl
-- Installing: /workspace/jazzy_ws/install/include/iceoryx/v2.0.6/iceoryx_hoofs/internal/relocatable_pointer/relative_pointer.hpp
-- Installing: /workspace/jazzy_ws/install/include/iceoryx/v2.0.6/iceoryx_hoofs/internal/relocatable_pointer/relocatable_ptr.inl
-- Installing: /workspace/jazzy_ws/install/include/iceoryx/v2.0.6/iceoryx_hoofs/internal/graphs
-- Installing: /workspace/jazzy_ws/install/include/iceoryx/v2.0.6/iceoryx_hoofs/internal/graphs/directed_graph.hpp
-- Installing: /workspace/jazzy_ws/install/include/iceoryx/v2.0.6/iceoryx_hoofs/internal/graphs/directed_acyclic_graph.hpp
-- Installing: /workspace/jazzy_ws/install/include/iceoryx/v2.0.6/iceoryx_hoofs/internal/units
-- Installing: /workspace/jazzy_ws/install/include/iceoryx/v2.0.6/iceoryx_hoofs/internal/units/duration.inl
-- Installing: /workspace/jazzy_ws/install/include/iceoryx/v2.0.6/iceoryx_hoofs/internal/units/duration.hpp
-- Installing: /workspace/jazzy_ws/install/include/iceoryx/v2.0.6/iceoryx_hoofs/internal/concurrent
-- Installing: /workspace/jazzy_ws/install/include/iceoryx/v2.0.6/iceoryx_hoofs/internal/concurrent/smart_lock.inl
-- Installing: /workspace/jazzy_ws/install/include/iceoryx/v2.0.6/iceoryx_hoofs/internal/concurrent/periodic_task.inl
-- Installing: /workspace/jazzy_ws/install/include/iceoryx/v2.0.6/iceoryx_hoofs/internal/concurrent/fifo.hpp
-- Installing: /workspace/jazzy_ws/install/include/iceoryx/v2.0.6/iceoryx_hoofs/internal/concurrent/periodic_task.hpp
-- Installing: /workspace/jazzy_ws/install/include/iceoryx/v2.0.6/iceoryx_hoofs/internal/concurrent/lockfree_queue
-- Installing: /workspace/jazzy_ws/install/include/iceoryx/v2.0.6/iceoryx_hoofs/internal/concurrent/lockfree_queue/resizeable_lockfree_queue.inl
-- Installing: /workspace/jazzy_ws/install/include/iceoryx/v2.0.6/iceoryx_hoofs/internal/concurrent/lockfree_queue/cyclic_index.inl
-- Installing: /workspace/jazzy_ws/install/include/iceoryx/v2.0.6/iceoryx_hoofs/internal/concurrent/lockfree_queue/index_queue.hpp
-- Installing: /workspace/jazzy_ws/install/include/iceoryx/v2.0.6/iceoryx_hoofs/internal/concurrent/lockfree_queue/buffer.hpp
-- Installing: /workspace/jazzy_ws/install/include/iceoryx/v2.0.6/iceoryx_hoofs/internal/concurrent/lockfree_queue/lockfree_queue.inl
-- Installing: /workspace/jazzy_ws/install/include/iceoryx/v2.0.6/iceoryx_hoofs/internal/concurrent/lockfree_queue/cyclic_index.hpp
-- Installing: /workspace/jazzy_ws/install/include/iceoryx/v2.0.6/iceoryx_hoofs/internal/concurrent/lockfree_queue/buffer.inl
-- Installing: /workspace/jazzy_ws/install/include/iceoryx/v2.0.6/iceoryx_hoofs/internal/concurrent/lockfree_queue/index_queue.inl
-- Installing: /workspace/jazzy_ws/install/include/iceoryx/v2.0.6/iceoryx_hoofs/internal/concurrent/taco.hpp
-- Installing: /workspace/jazzy_ws/install/include/iceoryx/v2.0.6/iceoryx_hoofs/internal/concurrent/trigger_queue.hpp
-- Installing: /workspace/jazzy_ws/install/include/iceoryx/v2.0.6/iceoryx_hoofs/internal/concurrent/loffli.hpp
-- Installing: /workspace/jazzy_ws/install/include/iceoryx/v2.0.6/iceoryx_hoofs/internal/concurrent/trigger_queue.inl
-- Installing: /workspace/jazzy_ws/install/include/iceoryx/v2.0.6/iceoryx_hoofs/internal/concurrent/active_object.hpp
-- Installing: /workspace/jazzy_ws/install/include/iceoryx/v2.0.6/iceoryx_hoofs/internal/concurrent/sofi.hpp
-- Installing: /workspace/jazzy_ws/install/include/iceoryx/v2.0.6/iceoryx_hoofs/internal/concurrent/fifo.inl
-- Installing: /workspace/jazzy_ws/install/include/iceoryx/v2.0.6/iceoryx_hoofs/internal/concurrent/sofi.inl
-- Installing: /workspace/jazzy_ws/install/include/iceoryx/v2.0.6/iceoryx_hoofs/internal/concurrent/loffli.inl
-- Installing: /workspace/jazzy_ws/install/include/iceoryx/v2.0.6/iceoryx_hoofs/internal/concurrent/smart_lock.hpp
-- Installing: /workspace/jazzy_ws/install/include/iceoryx/v2.0.6/iceoryx_hoofs/internal/objectpool
-- Installing: /workspace/jazzy_ws/install/include/iceoryx/v2.0.6/iceoryx_hoofs/internal/objectpool/objectpool.hpp
-- Installing: /workspace/jazzy_ws/install/include/iceoryx/v2.0.6/iceoryx_hoofs/internal/file_reader
-- Installing: /workspace/jazzy_ws/install/include/iceoryx/v2.0.6/iceoryx_hoofs/internal/file_reader/file_reader.hpp
-- Installing: /workspace/jazzy_ws/install/include/iceoryx/v2.0.6/iceoryx_hoofs/internal/design_pattern
-- Installing: /workspace/jazzy_ws/install/include/iceoryx/v2.0.6/iceoryx_hoofs/internal/design_pattern/creation.inl
-- Installing: /workspace/jazzy_ws/install/include/iceoryx/v2.0.6/iceoryx_hoofs/log
-- Installing: /workspace/jazzy_ws/install/include/iceoryx/v2.0.6/iceoryx_hoofs/log/logger.hpp
-- Installing: /workspace/jazzy_ws/install/include/iceoryx/v2.0.6/iceoryx_hoofs/log/logmanager.hpp
-- Installing: /workspace/jazzy_ws/install/include/iceoryx/v2.0.6/iceoryx_hoofs/log/logging.hpp
-- Installing: /workspace/jazzy_ws/install/include/iceoryx/v2.0.6/iceoryx_hoofs/log/logcommon.hpp
-- Installing: /workspace/jazzy_ws/install/include/iceoryx/v2.0.6/iceoryx_hoofs/log/logging_free_function_building_block.hpp
-- Installing: /workspace/jazzy_ws/install/include/iceoryx/v2.0.6/iceoryx_hoofs/log/logstream.hpp
-- Installing: /workspace/jazzy_ws/install/lib/cmake/iceoryx_hoofs/iceoryx_hoofsConfigVersion.cmake
-- Installing: /workspace/jazzy_ws/install/lib/cmake/iceoryx_hoofs/iceoryx_hoofsConfig.cmake
-- Installing: /workspace/jazzy_ws/install/lib/cmake/iceoryx_hoofs/iceoryx_hoofsTargets.cmake
-- Installing: /workspace/jazzy_ws/install/lib/cmake/iceoryx_hoofs/iceoryx_hoofsTargets-noconfig.cmake
-- Installing: /workspace/jazzy_ws/install/lib/cmake/iceoryx_hoofs/IceoryxPackageHelper.cmake
-- Installing: /workspace/jazzy_ws/install/lib/cmake/iceoryx_hoofs/IceoryxPlatform.cmake
-- Installing: /workspace/jazzy_ws/install/lib/cmake/iceoryx_hoofs/IceoryxVersion.cmake
-- Installing: /workspace/jazzy_ws/install/share/doc/iceoryx_hoofs/LICENSE
