running egg_info
creating ../../../build/ament_mypy/ament_mypy.egg-info
writing ../../../build/ament_mypy/ament_mypy.egg-info/PKG-INFO
writing dependency_links to ../../../build/ament_mypy/ament_mypy.egg-info/dependency_links.txt
writing entry points to ../../../build/ament_mypy/ament_mypy.egg-info/entry_points.txt
writing requirements to ../../../build/ament_mypy/ament_mypy.egg-info/requires.txt
writing top-level names to ../../../build/ament_mypy/ament_mypy.egg-info/top_level.txt
writing manifest file '../../../build/ament_mypy/ament_mypy.egg-info/SOURCES.txt'
reading manifest file '../../../build/ament_mypy/ament_mypy.egg-info/SOURCES.txt'
writing manifest file '../../../build/ament_mypy/ament_mypy.egg-info/SOURCES.txt'
running build
running build_py
creating /workspace/jazzy_ws/build/ament_mypy/build/lib/ament_mypy
copying ament_mypy/pytest_marker.py -> /workspace/jazzy_ws/build/ament_mypy/build/lib/ament_mypy
copying ament_mypy/main.py -> /workspace/jazzy_ws/build/ament_mypy/build/lib/ament_mypy
copying ament_mypy/__init__.py -> /workspace/jazzy_ws/build/ament_mypy/build/lib/ament_mypy
creating /workspace/jazzy_ws/build/ament_mypy/build/lib/ament_mypy/configuration
copying ament_mypy/configuration/ament_mypy.ini -> /workspace/jazzy_ws/build/ament_mypy/build/lib/ament_mypy/configuration
running install
running install_lib
creating /workspace/jazzy_ws/install/lib/python3.12/site-packages/ament_mypy
copying /workspace/jazzy_ws/build/ament_mypy/build/lib/ament_mypy/pytest_marker.py -> /workspace/jazzy_ws/install/lib/python3.12/site-packages/ament_mypy
copying /workspace/jazzy_ws/build/ament_mypy/build/lib/ament_mypy/main.py -> /workspace/jazzy_ws/install/lib/python3.12/site-packages/ament_mypy
copying /workspace/jazzy_ws/build/ament_mypy/build/lib/ament_mypy/__init__.py -> /workspace/jazzy_ws/install/lib/python3.12/site-packages/ament_mypy
creating /workspace/jazzy_ws/install/lib/python3.12/site-packages/ament_mypy/configuration
copying /workspace/jazzy_ws/build/ament_mypy/build/lib/ament_mypy/configuration/ament_mypy.ini -> /workspace/jazzy_ws/install/lib/python3.12/site-packages/ament_mypy/configuration
byte-compiling /workspace/jazzy_ws/install/lib/python3.12/site-packages/ament_mypy/pytest_marker.py to pytest_marker.cpython-312.pyc
byte-compiling /workspace/jazzy_ws/install/lib/python3.12/site-packages/ament_mypy/main.py to main.cpython-312.pyc
byte-compiling /workspace/jazzy_ws/install/lib/python3.12/site-packages/ament_mypy/__init__.py to __init__.cpython-312.pyc
running install_data
copying package.xml -> /workspace/jazzy_ws/install/share/ament_mypy
copying resource/ament_mypy -> /workspace/jazzy_ws/install/share/ament_index/resource_index/packages
running install_egg_info
Copying ../../../build/ament_mypy/ament_mypy.egg-info to /workspace/jazzy_ws/install/lib/python3.12/site-packages/ament_mypy-0.17.4-py3.12.egg-info
running install_scripts
Installing ament_mypy script to /workspace/jazzy_ws/install/bin
writing list of installed files to '/workspace/jazzy_ws/build/ament_mypy/install.log'
