/workspace/jazzy_ws/install/lib/python3.12/site-packages/ros2pkg/__init__.py
/workspace/jazzy_ws/install/lib/python3.12/site-packages/ros2pkg/verb/create.py
/workspace/jazzy_ws/install/lib/python3.12/site-packages/ros2pkg/verb/executables.py
/workspace/jazzy_ws/install/lib/python3.12/site-packages/ros2pkg/verb/__init__.py
/workspace/jazzy_ws/install/lib/python3.12/site-packages/ros2pkg/verb/list.py
/workspace/jazzy_ws/install/lib/python3.12/site-packages/ros2pkg/verb/prefix.py
/workspace/jazzy_ws/install/lib/python3.12/site-packages/ros2pkg/verb/xml.py
/workspace/jazzy_ws/install/lib/python3.12/site-packages/ros2pkg/resource/__init__.py
/workspace/jazzy_ws/install/lib/python3.12/site-packages/ros2pkg/command/__init__.py
/workspace/jazzy_ws/install/lib/python3.12/site-packages/ros2pkg/command/pkg.py
/workspace/jazzy_ws/install/lib/python3.12/site-packages/ros2pkg/api/create.py
/workspace/jazzy_ws/install/lib/python3.12/site-packages/ros2pkg/api/__init__.py
/workspace/jazzy_ws/install/lib/python3.12/site-packages/ros2pkg/resource/package_environment/__init__.py
/workspace/jazzy_ws/install/lib/python3.12/site-packages/ros2pkg/resource/cpp/__init__.py
/workspace/jazzy_ws/install/lib/python3.12/site-packages/ros2pkg/resource/ament_cargo/__init__.py
/workspace/jazzy_ws/install/lib/python3.12/site-packages/ros2pkg/resource/ament_cmake/__init__.py
/workspace/jazzy_ws/install/lib/python3.12/site-packages/ros2pkg/resource/rust/__init__.py
/workspace/jazzy_ws/install/lib/python3.12/site-packages/ros2pkg/resource/cmake/__init__.py
/workspace/jazzy_ws/install/lib/python3.12/site-packages/ros2pkg/resource/ament_python/__init__.py
/workspace/jazzy_ws/install/lib/python3.12/site-packages/ros2pkg/resource/package_environment/package.xml.em
/workspace/jazzy_ws/install/lib/python3.12/site-packages/ros2pkg/resource/cpp/visibility_control.h.em
/workspace/jazzy_ws/install/lib/python3.12/site-packages/ros2pkg/resource/cpp/main.cpp.em
/workspace/jazzy_ws/install/lib/python3.12/site-packages/ros2pkg/resource/cpp/header.hpp.em
/workspace/jazzy_ws/install/lib/python3.12/site-packages/ros2pkg/resource/cpp/library.cpp.em
/workspace/jazzy_ws/install/lib/python3.12/site-packages/ros2pkg/resource/ament_cargo/Cargo.toml.em
/workspace/jazzy_ws/install/lib/python3.12/site-packages/ros2pkg/resource/ament_cmake/CMakeLists.txt.em
/workspace/jazzy_ws/install/lib/python3.12/site-packages/ros2pkg/resource/rust/main.rs.em
/workspace/jazzy_ws/install/lib/python3.12/site-packages/ros2pkg/resource/cmake/Config.cmake.in.em
/workspace/jazzy_ws/install/lib/python3.12/site-packages/ros2pkg/resource/cmake/CMakeLists.txt.em
/workspace/jazzy_ws/install/lib/python3.12/site-packages/ros2pkg/resource/cmake/ConfigVersion.cmake.in.em
/workspace/jazzy_ws/install/lib/python3.12/site-packages/ros2pkg/resource/ament_python/main.py.em
/workspace/jazzy_ws/install/lib/python3.12/site-packages/ros2pkg/resource/ament_python/setup.cfg.em
/workspace/jazzy_ws/install/lib/python3.12/site-packages/ros2pkg/resource/ament_python/test_pep257.py.em
/workspace/jazzy_ws/install/lib/python3.12/site-packages/ros2pkg/resource/ament_python/init.py.em
/workspace/jazzy_ws/install/lib/python3.12/site-packages/ros2pkg/resource/ament_python/resource_file.em
/workspace/jazzy_ws/install/lib/python3.12/site-packages/ros2pkg/resource/ament_python/test_flake8.py.em
/workspace/jazzy_ws/install/lib/python3.12/site-packages/ros2pkg/resource/ament_python/setup.py.em
/workspace/jazzy_ws/install/lib/python3.12/site-packages/ros2pkg/resource/ament_python/test_copyright.py.em
/workspace/jazzy_ws/install/lib/python3.12/site-packages/ros2pkg/__pycache__/__init__.cpython-312.pyc
/workspace/jazzy_ws/install/lib/python3.12/site-packages/ros2pkg/verb/__pycache__/create.cpython-312.pyc
/workspace/jazzy_ws/install/lib/python3.12/site-packages/ros2pkg/verb/__pycache__/executables.cpython-312.pyc
/workspace/jazzy_ws/install/lib/python3.12/site-packages/ros2pkg/verb/__pycache__/__init__.cpython-312.pyc
/workspace/jazzy_ws/install/lib/python3.12/site-packages/ros2pkg/verb/__pycache__/list.cpython-312.pyc
/workspace/jazzy_ws/install/lib/python3.12/site-packages/ros2pkg/verb/__pycache__/prefix.cpython-312.pyc
/workspace/jazzy_ws/install/lib/python3.12/site-packages/ros2pkg/verb/__pycache__/xml.cpython-312.pyc
/workspace/jazzy_ws/install/lib/python3.12/site-packages/ros2pkg/resource/__pycache__/__init__.cpython-312.pyc
/workspace/jazzy_ws/install/lib/python3.12/site-packages/ros2pkg/command/__pycache__/__init__.cpython-312.pyc
/workspace/jazzy_ws/install/lib/python3.12/site-packages/ros2pkg/command/__pycache__/pkg.cpython-312.pyc
/workspace/jazzy_ws/install/lib/python3.12/site-packages/ros2pkg/api/__pycache__/create.cpython-312.pyc
/workspace/jazzy_ws/install/lib/python3.12/site-packages/ros2pkg/api/__pycache__/__init__.cpython-312.pyc
/workspace/jazzy_ws/install/lib/python3.12/site-packages/ros2pkg/resource/package_environment/__pycache__/__init__.cpython-312.pyc
/workspace/jazzy_ws/install/lib/python3.12/site-packages/ros2pkg/resource/cpp/__pycache__/__init__.cpython-312.pyc
/workspace/jazzy_ws/install/lib/python3.12/site-packages/ros2pkg/resource/ament_cargo/__pycache__/__init__.cpython-312.pyc
/workspace/jazzy_ws/install/lib/python3.12/site-packages/ros2pkg/resource/ament_cmake/__pycache__/__init__.cpython-312.pyc
/workspace/jazzy_ws/install/lib/python3.12/site-packages/ros2pkg/resource/rust/__pycache__/__init__.cpython-312.pyc
/workspace/jazzy_ws/install/lib/python3.12/site-packages/ros2pkg/resource/cmake/__pycache__/__init__.cpython-312.pyc
/workspace/jazzy_ws/install/lib/python3.12/site-packages/ros2pkg/resource/ament_python/__pycache__/__init__.cpython-312.pyc
/workspace/jazzy_ws/install/share/ros2pkg/package.xml
/workspace/jazzy_ws/install/share/ament_index/resource_index/packages/ros2pkg
/workspace/jazzy_ws/install/lib/python3.12/site-packages/ros2pkg-0.32.8-py3.12.egg-info/PKG-INFO
/workspace/jazzy_ws/install/lib/python3.12/site-packages/ros2pkg-0.32.8-py3.12.egg-info/SOURCES.txt
/workspace/jazzy_ws/install/lib/python3.12/site-packages/ros2pkg-0.32.8-py3.12.egg-info/zip-safe
/workspace/jazzy_ws/install/lib/python3.12/site-packages/ros2pkg-0.32.8-py3.12.egg-info/requires.txt
/workspace/jazzy_ws/install/lib/python3.12/site-packages/ros2pkg-0.32.8-py3.12.egg-info/top_level.txt
/workspace/jazzy_ws/install/lib/python3.12/site-packages/ros2pkg-0.32.8-py3.12.egg-info/entry_points.txt
/workspace/jazzy_ws/install/lib/python3.12/site-packages/ros2pkg-0.32.8-py3.12.egg-info/dependency_links.txt
