-- The C compiler identification is GNU 13.3.0
-- The CXX compiler identification is GNU 13.3.0
-- Detecting C compiler ABI info
-- Detecting C compiler ABI info - done
-- Check for working C compiler: /usr/bin/cc - skipped
-- Detecting C compile features
-- Detecting C compile features - done
-- Detecting CXX compiler ABI info
-- Detecting CXX compiler ABI info - done
-- Check for working CXX compiler: /usr/bin/c++ - skipped
-- Detecting CXX compile features
-- Detecting CXX compile features - done
-- Found ament_cmake_ros: 0.12.0 (/workspace/jazzy_ws/install/share/ament_cmake_ros/cmake)
-- Found Python3: /usr/bin/python3 (found version "3.12.3") found components: Interpreter 
-- Found libyaml_vendor: 1.6.3 (/workspace/jazzy_ws/install/share/libyaml_vendor/cmake)
-- Found rcl_interfaces: 2.0.3 (/workspace/jazzy_ws/install/share/rcl_interfaces/cmake)
-- Found rosidl_generator_c: 4.6.7 (/workspace/jazzy_ws/install/share/rosidl_generator_c/cmake)
-- Found rosidl_generator_cpp: 4.6.7 (/workspace/jazzy_ws/install/share/rosidl_generator_cpp/cmake)
-- Using all available rosidl_typesupport_c: rosidl_typesupport_fastrtps_c;rosidl_typesupport_introspection_c
-- Using all available rosidl_typesupport_cpp: rosidl_typesupport_fastrtps_cpp;rosidl_typesupport_introspection_cpp
-- Found rcl_logging_interface: 3.1.1 (/workspace/jazzy_ws/install/share/rcl_logging_interface/cmake)
-- Found rcl_yaml_param_parser: 9.2.9 (/workspace/jazzy_ws/install/share/rcl_yaml_param_parser/cmake)
-- Found rmw_implementation: 2.15.6 (/workspace/jazzy_ws/install/share/rmw_implementation/cmake)
-- Found rmw_implementation_cmake: 7.3.3 (/workspace/jazzy_ws/install/share/rmw_implementation_cmake/cmake)
-- Found rmw_fastrtps_cpp: 8.4.3 (/workspace/jazzy_ws/install/share/rmw_fastrtps_cpp/cmake)
-- Found OpenSSL: /usr/lib/x86_64-linux-gnu/libcrypto.so (found version "3.0.13")  
-- Found FastRTPS: /workspace/jazzy_ws/install/include (Required is at least version "2.13") 
-- Using RMW implementation 'rmw_fastrtps_cpp' as default
-- Found tracetools: 8.2.5 (/workspace/jazzy_ws/install/share/tracetools/cmake)
-- Found type_description_interfaces: 2.0.3 (/workspace/jazzy_ws/install/share/type_description_interfaces/cmake)
-- Found yaml: /workspace/jazzy_ws/install/opt/libyaml_vendor/cmake/yamlConfig.cmake (found version "0.2.5") 
-- Found rcl_logging_spdlog: 3.1.1 (/workspace/jazzy_ws/install/share/rcl_logging_spdlog/cmake)
-- Found ament_lint_auto: 0.17.4 (/workspace/jazzy_ws/install/share/ament_lint_auto/cmake)
-- Found python_cmake_module: 0.11.1 (/workspace/jazzy_ws/install/share/python_cmake_module/cmake)
-- Found PythonExtra: /usr/bin/python3  
-- Found gtest sources under '/workspace/jazzy_ws/install/src/gtest_vendor': C++ tests using 'Google Test' will be built
-- Performing Test CMAKE_HAVE_LIBC_PTHREAD
-- Performing Test CMAKE_HAVE_LIBC_PTHREAD - Success
-- Found Threads: TRUE  
-- Creating tests for 'rmw_cyclonedds_cpp'
-- Enabling message timestamp test for rmw_cyclonedds_cpp
-- Creating tests for 'rmw_fastrtps_cpp'
-- Enabling message timestamp test for rmw_fastrtps_cpp
-- Creating tests for 'rmw_fastrtps_dynamic_cpp'
-- Enabling message timestamp test for rmw_fastrtps_dynamic_cpp
-- Added test 'copyright' to check source files copyright and LICENSE
-- Added test 'cppcheck' to perform static code analysis on C / C++ code
-- Configured cppcheck include dirs: $<BUILD_INTERFACE:/workspace/jazzy_ws/src/rcl/rcl/include>;$<BUILD_INTERFACE:/workspace/jazzy_ws/src/rcl/rcl/src>
-- Configured cppcheck exclude dirs and/or files: 
-- Added test 'cpplint' to check C / C++ code against the Google style
-- Configured cpplint exclude dirs and/or files: 
-- Added test 'lint_cmake' to check CMake code style
-- Added test 'uncrustify' to check C / C++ code style
-- Configured uncrustify additional arguments: 
-- Added test 'xmllint' to check XML markup files
-- Configuring done (1.0s)
-- Generating done (0.1s)
-- Build files have been written to: /workspace/jazzy_ws/build/rcl
[  0%] Building CXX object gtest/CMakeFiles/gtest.dir/src/gtest-all.cc.o
[  0%] Generating rcl/version.h
[  1%] Building CXX object gtest/CMakeFiles/gtest_main.dir/src/gtest_main.cc.o
[  1%] Built target ament_generate_version_header__rcl
[  2%] Building C object CMakeFiles/rcl.dir/src/rcl/arguments.c.o
[  3%] Building C object CMakeFiles/rcl.dir/src/rcl/client.c.o
[  3%] Building C object CMakeFiles/rcl.dir/src/rcl/common.c.o
[  4%] Building C object CMakeFiles/rcl.dir/src/rcl/domain_id.c.o
[  4%] Building C object CMakeFiles/rcl.dir/src/rcl/context.c.o
[  5%] Building C object CMakeFiles/rcl.dir/src/rcl/discovery_options.c.o
[  6%] Building C object CMakeFiles/rcl.dir/src/rcl/graph.c.o
[  7%] Building C object CMakeFiles/rcl.dir/src/rcl/event.c.o
[  7%] Building C object CMakeFiles/rcl.dir/src/rcl/expand_topic_name.c.o
[  8%] Building C object CMakeFiles/rcl.dir/src/rcl/dynamic_message_type_support.c.o
[  9%] Building C object CMakeFiles/rcl.dir/src/rcl/init.c.o
[  9%] Building C object CMakeFiles/rcl.dir/src/rcl/guard_condition.c.o
[ 10%] Building C object CMakeFiles/rcl.dir/src/rcl/localhost.c.o
[ 11%] Building C object CMakeFiles/rcl.dir/src/rcl/init_options.c.o
[ 11%] Building C object CMakeFiles/rcl.dir/src/rcl/lexer_lookahead.c.o
[ 13%] Building C object CMakeFiles/rcl.dir/src/rcl/logging_rosout.c.o
[ 13%] Building C object CMakeFiles/rcl.dir/src/rcl/lexer.c.o
[ 14%] Building C object CMakeFiles/rcl.dir/src/rcl/logging.c.o
[ 14%] Building C object CMakeFiles/rcl.dir/src/rcl/log_level.c.o
[ 15%] Building C object CMakeFiles/rcl.dir/src/rcl/network_flow_endpoints.c.o
[ 15%] Building C object CMakeFiles/rcl.dir/src/rcl/node_options.c.o
[ 16%] Building C object CMakeFiles/rcl.dir/src/rcl/node_type_cache.c.o
[ 17%] Building C object CMakeFiles/rcl.dir/src/rcl/publisher.c.o
[ 18%] Building C object CMakeFiles/rcl.dir/src/rcl/node_resolve_name.c.o
[ 19%] Building C object CMakeFiles/rcl.dir/src/rcl/node.c.o
[ 20%] Building C object CMakeFiles/rcl.dir/src/rcl/service.c.o
[ 20%] Building C object CMakeFiles/rcl.dir/src/rcl/remap.c.o
[ 21%] Building C object CMakeFiles/rcl.dir/src/rcl/rmw_implementation_identifier_check.c.o
[ 22%] Building C object CMakeFiles/rcl.dir/src/rcl/service_event_publisher.c.o
[ 23%] Building C object CMakeFiles/rcl.dir/src/rcl/timer.c.o
[ 23%] Building C object CMakeFiles/rcl.dir/src/rcl/subscription.c.o
[ 24%] Building C object CMakeFiles/rcl.dir/src/rcl/time.c.o
[ 24%] Building C object CMakeFiles/rcl.dir/src/rcl/type_hash.c.o
[ 25%] Building C object CMakeFiles/rcl.dir/src/rcl/security.c.o
[ 25%] Building C object CMakeFiles/rcl.dir/src/rcl/type_description_conversions.c.o
[ 25%] Building C object CMakeFiles/rcl.dir/src/rcl/validate_topic_name.c.o
[ 26%] Building C object CMakeFiles/rcl.dir/src/rcl/validate_enclave_name.c.o
[ 27%] Building C object CMakeFiles/rcl.dir/src/rcl/wait.c.o
[ 28%] Linking C shared library librcl.so
[ 28%] Built target rcl
[ 29%] Building CXX object test/CMakeFiles/wait_for_entity_helpers.dir/rcl/wait_for_entity_helpers.cpp.o
[ 29%] Building CXX object test/CMakeFiles/test_rmw_impl_id_check_exe.dir/rcl/test_rmw_impl_id_check_exe.cpp.o
[ 30%] Linking CXX executable test_rmw_impl_id_check_exe
[ 30%] Built target test_rmw_impl_id_check_exe
[ 31%] Linking CXX static library libwait_for_entity_helpers.a
[ 31%] Linking CXX static library libgtest_main.a
[ 31%] Built target wait_for_entity_helpers
[ 31%] Built target gtest_main
[ 31%] Building CXX object test/CMakeFiles/service_fixture.dir/rcl/service_fixture.cpp.o
[ 32%] Building CXX object test/CMakeFiles/client_fixture.dir/rcl/client_fixture.cpp.o
[ 33%] Linking CXX executable client_fixture
[ 34%] Linking CXX executable service_fixture
[ 34%] Built target client_fixture
[ 34%] Built target service_fixture
[ 35%] Linking CXX static library libgtest.a
[ 35%] Built target gtest
[ 37%] Building CXX object test/CMakeFiles/test_context.dir/rcl/test_context.cpp.o
[ 37%] Building CXX object test/CMakeFiles/test_timer.dir/rcl/test_timer.cpp.o
[ 37%] Building CXX object test/CMakeFiles/test_client.dir/rcl/test_client.cpp.o
[ 38%] Building CXX object test/CMakeFiles/test_graph.dir/rcl/test_graph.cpp.o
[ 39%] Building CXX object test/CMakeFiles/test_info_by_topic.dir/rcl/test_info_by_topic.cpp.o
[ 40%] Building CXX object test/CMakeFiles/test_remap_integration.dir/rcl/test_remap_integration.cpp.o
[ 41%] Building CXX object test/CMakeFiles/test_get_actual_qos.dir/rcl/test_get_actual_qos.cpp.o
[ 42%] Building CXX object test/CMakeFiles/test_count_matched.dir/rcl/test_count_matched.cpp.o
[ 43%] Building CXX object test/CMakeFiles/test_get_node_names.dir/rcl/test_get_node_names.cpp.o
[ 45%] Building CXX object test/CMakeFiles/test_remap.dir/rcl/test_remap.cpp.o
[ 45%] Building CXX object test/CMakeFiles/test_init.dir/rcl/test_init.cpp.o
[ 46%] Building CXX object test/CMakeFiles/test_publisher.dir/rcl/test_publisher.cpp.o
[ 47%] Building CXX object test/CMakeFiles/test_events.dir/rcl/test_events.cpp.o
[ 47%] Building CXX object test/CMakeFiles/test_publisher_wait_all_ack.dir/rcl/test_publisher_wait_all_ack.cpp.o
[ 47%] Building CXX object test/CMakeFiles/test_wait.dir/rcl/test_wait.cpp.o
[ 48%] Building CXX object test/CMakeFiles/test_logging_rosout.dir/rcl/test_logging_rosout.cpp.o
[ 48%] Building CXX object test/CMakeFiles/test_namespace.dir/rcl/test_namespace.cpp.o
[ 48%] Building CXX object test/CMakeFiles/test_guard_condition.dir/rcl/test_guard_condition.cpp.o
[ 49%] Building CXX object test/CMakeFiles/test_rmw_impl_id_check_func.dir/rcl/test_rmw_impl_id_check_func.cpp.o
[ 50%] Building CXX object test/CMakeFiles/test_node.dir/rcl/test_node.cpp.o
[ 51%] Building CXX object test/CMakeFiles/test_node_type_cache.dir/rcl/test_node_type_cache.cpp.o
[ 52%] Building CXX object test/CMakeFiles/test_type_description_conversions.dir/rcl/test_type_description_conversions.cpp.o
[ 53%] Building CXX object test/CMakeFiles/test_network_flow_endpoints.dir/rcl/test_network_flow_endpoints.cpp.o
[ 53%] Building CXX object test/CMakeFiles/test_service_event_publisher.dir/rcl/test_service_event_publisher.cpp.o
[ 53%] Linking CXX executable test_info_by_topic
[ 54%] Linking CXX executable test_count_matched
[ 55%] Linking CXX executable test_get_node_names
[ 55%] Built target test_info_by_topic
[ 55%] Building CXX object test/CMakeFiles/test_get_type_description_service.dir/rcl/test_get_type_description_service.cpp.o
[ 56%] Linking CXX executable test_client
[ 57%] Linking CXX executable test_namespace
[ 57%] Built target test_count_matched
[ 57%] Building CXX object test/CMakeFiles/test_service__rmw_cyclonedds_cpp.dir/rcl/test_service.cpp.o
[ 58%] Linking CXX executable test_publisher_wait_all_ack
[ 58%] Linking CXX executable test_remap
[ 58%] Built target test_get_node_names
[ 59%] Building CXX object test/CMakeFiles/test_subscription__rmw_cyclonedds_cpp.dir/rcl/test_subscription.cpp.o
[ 59%] Linking CXX executable test_rmw_impl_id_check_func
[ 59%] Built target test_namespace
[ 59%] Linking CXX executable test_context
[ 60%] Building CXX object test/CMakeFiles/test_service__rmw_fastrtps_cpp.dir/rcl/test_service.cpp.o
[ 60%] Built target test_client
[ 60%] Building CXX object test/CMakeFiles/test_subscription__rmw_fastrtps_cpp.dir/rcl/test_subscription.cpp.o
[ 60%] Built target test_publisher_wait_all_ack
[ 61%] Building CXX object test/CMakeFiles/test_service__rmw_fastrtps_dynamic_cpp.dir/rcl/test_service.cpp.o
[ 62%] Linking CXX executable test_logging_rosout
[ 62%] Built target test_remap
[ 63%] Building CXX object test/CMakeFiles/test_subscription__rmw_fastrtps_dynamic_cpp.dir/rcl/test_subscription.cpp.o
[ 64%] Linking CXX executable test_init
[ 64%] Built target test_rmw_impl_id_check_func
[ 65%] Building CXX object test/CMakeFiles/test_arguments.dir/rcl/test_arguments.cpp.o
[ 66%] Linking CXX executable test_guard_condition
[ 66%] Built target test_logging_rosout
[ 66%] Built target test_context
[ 66%] Building CXX object test/CMakeFiles/test_time.dir/rcl/test_time.cpp.o
[ 66%] Building CXX object test/CMakeFiles/test_lexer.dir/rcl/test_lexer.cpp.o
[ 68%] Linking CXX executable test_events
[ 67%] Linking CXX executable test_wait
[ 68%] Built target test_init
[ 68%] Linking CXX executable test_timer
[ 69%] Building CXX object test/CMakeFiles/test_lexer_lookahead.dir/rcl/test_lexer_lookahead.cpp.o
[ 70%] Linking CXX executable test_get_type_description_service
[ 70%] Built target test_guard_condition
[ 71%] Building CXX object test/CMakeFiles/test_validate_enclave_name.dir/rcl/test_validate_enclave_name.cpp.o
[ 72%] Linking CXX executable test_service_event_publisher
[ 72%] Built target test_events
[ 73%] Linking CXX executable test_type_description_conversions
[ 74%] Linking CXX executable test_graph
[ 74%] Built target test_wait
[ 74%] Building CXX object test/CMakeFiles/test_discovery_options.dir/rcl/test_discovery_options.cpp.o
[ 75%] Building CXX object test/CMakeFiles/test_domain_id.dir/rcl/test_domain_id.cpp.o
[ 75%] Built target test_timer
[ 76%] Linking CXX executable test_remap_integration
[ 77%] Building CXX object test/CMakeFiles/test_localhost.dir/rcl/test_localhost.cpp.o
[ 77%] Built target test_get_type_description_service
[ 78%] Building CXX object test/CMakeFiles/test_logging.dir/rcl/test_logging.cpp.o
[ 78%] Built target test_service_event_publisher
[ 79%] Building CXX object test/CMakeFiles/test_validate_topic_name.dir/rcl/test_validate_topic_name.cpp.o
[ 79%] Linking CXX executable test_get_actual_qos
[ 79%] Built target test_graph
[ 79%] Building CXX object test/CMakeFiles/test_expand_topic_name.dir/rcl/test_expand_topic_name.cpp.o
[ 79%] Built target test_type_description_conversions
[ 79%] Built target test_remap_integration
[ 80%] Building CXX object test/CMakeFiles/test_security.dir/rcl/test_security.cpp.o
[ 81%] Building CXX object test/CMakeFiles/test_common.dir/rcl/test_common.cpp.o
[ 81%] Built target test_get_actual_qos
[ 81%] Building CXX object test/CMakeFiles/test_log_level.dir/rcl/test_log_level.cpp.o
[ 81%] Linking CXX executable test_node_type_cache
[ 81%] Built target test_node_type_cache
[ 81%] Building C object test/CMakeFiles/test_common.dir/__/src/rcl/common.c.o
[ 82%] Building CXX object test/CMakeFiles/test_subscription_content_filter_options.dir/rcl/test_subscription_content_filter_options.cpp.o
[ 82%] Linking CXX executable test_network_flow_endpoints
[ 83%] Linking CXX executable test_validate_topic_name
[ 83%] Built target test_network_flow_endpoints
[ 83%] Building CXX object test/CMakeFiles/test_type_hash.dir/rcl/test_type_hash.cpp.o
[ 83%] Built target test_validate_topic_name
[ 84%] Linking CXX executable test_localhost
[ 84%] Linking CXX executable test_lexer_lookahead
[ 85%] Linking CXX executable test_publisher
[ 85%] Linking CXX executable test_validate_enclave_name
[ 86%] Linking CXX executable test_node
[ 86%] Built target test_localhost
[ 87%] Linking CXX executable test_common
[ 87%] Built target test_lexer_lookahead
[ 88%] Linking CXX executable test_service__rmw_fastrtps_dynamic_cpp
[ 89%] Linking CXX executable test_time
[ 89%] Linking CXX executable test_domain_id
[ 89%] Built target test_publisher
[ 89%] Built target test_validate_enclave_name
[ 90%] Linking CXX executable test_arguments
[ 90%] Built target test_common
[ 91%] Linking CXX executable test_service__rmw_cyclonedds_cpp
[ 92%] Linking CXX executable test_discovery_options
[ 92%] Built target test_node
[ 92%] Built target test_domain_id
[ 92%] Built target test_time
[ 92%] Built target test_service__rmw_fastrtps_dynamic_cpp
[ 92%] Linking CXX executable test_service__rmw_fastrtps_cpp
[ 92%] Built target test_arguments
[ 93%] Linking CXX executable test_log_level
[ 93%] Built target test_service__rmw_cyclonedds_cpp
[ 94%] Linking CXX executable test_security
[ 94%] Built target test_discovery_options
[ 94%] Linking CXX executable test_logging
[ 94%] Built target test_service__rmw_fastrtps_cpp
[ 94%] Built target test_log_level
[ 94%] Built target test_security
[ 95%] Linking CXX executable test_expand_topic_name
[ 95%] Built target test_logging
[ 96%] Linking CXX executable test_lexer
[ 97%] Linking CXX executable test_subscription_content_filter_options
[ 97%] Built target test_expand_topic_name
[ 98%] Linking CXX executable test_type_hash
[ 98%] Built target test_lexer
[ 98%] Built target test_subscription_content_filter_options
[ 98%] Built target test_type_hash
[ 99%] Linking CXX executable test_subscription__rmw_cyclonedds_cpp
[ 99%] Built target test_subscription__rmw_cyclonedds_cpp
[ 99%] Linking CXX executable test_subscription__rmw_fastrtps_dynamic_cpp
[ 99%] Built target test_subscription__rmw_fastrtps_dynamic_cpp
[100%] Linking CXX executable test_subscription__rmw_fastrtps_cpp
[100%] Built target test_subscription__rmw_fastrtps_cpp
-- Install configuration: ""
-- Installing: /workspace/jazzy_ws/install/lib/librcl.so
-- Set non-toolchain portion of runtime path of "/workspace/jazzy_ws/install/lib/librcl.so" to ""
-- Installing: /workspace/jazzy_ws/install/share/rcl/environment/library_path.sh
-- Installing: /workspace/jazzy_ws/install/share/rcl/environment/library_path.dsv
-- Installing: /workspace/jazzy_ws/install/include/rcl/rcl/version.h
-- Installing: /workspace/jazzy_ws/install/share/ament_index/resource_index/package_run_dependencies/rcl
-- Installing: /workspace/jazzy_ws/install/share/ament_index/resource_index/parent_prefix_path/rcl
-- Installing: /workspace/jazzy_ws/install/share/rcl/environment/ament_prefix_path.sh
-- Installing: /workspace/jazzy_ws/install/share/rcl/environment/ament_prefix_path.dsv
-- Installing: /workspace/jazzy_ws/install/share/rcl/environment/path.sh
-- Installing: /workspace/jazzy_ws/install/share/rcl/environment/path.dsv
-- Installing: /workspace/jazzy_ws/install/share/rcl/local_setup.bash
-- Installing: /workspace/jazzy_ws/install/share/rcl/local_setup.sh
-- Installing: /workspace/jazzy_ws/install/share/rcl/local_setup.zsh
-- Installing: /workspace/jazzy_ws/install/share/rcl/local_setup.dsv
-- Installing: /workspace/jazzy_ws/install/share/rcl/package.dsv
-- Installing: /workspace/jazzy_ws/install/share/ament_index/resource_index/packages/rcl
-- Installing: /workspace/jazzy_ws/install/share/rcl/cmake/rclExport.cmake
-- Installing: /workspace/jazzy_ws/install/share/rcl/cmake/rclExport-noconfig.cmake
-- Installing: /workspace/jazzy_ws/install/share/rcl/cmake/rcl-extras.cmake
-- Installing: /workspace/jazzy_ws/install/share/rcl/cmake/ament_cmake_export_include_directories-extras.cmake
-- Installing: /workspace/jazzy_ws/install/share/rcl/cmake/ament_cmake_export_libraries-extras.cmake
-- Installing: /workspace/jazzy_ws/install/share/rcl/cmake/ament_cmake_export_targets-extras.cmake
-- Installing: /workspace/jazzy_ws/install/share/rcl/cmake/ament_cmake_export_dependencies-extras.cmake
-- Installing: /workspace/jazzy_ws/install/share/rcl/cmake/rclConfig.cmake
-- Installing: /workspace/jazzy_ws/install/share/rcl/cmake/rclConfig-version.cmake
-- Installing: /workspace/jazzy_ws/install/share/rcl/package.xml
-- Up-to-date: /workspace/jazzy_ws/install/share/rcl/cmake
-- Installing: /workspace/jazzy_ws/install/share/rcl/cmake/get_default_rcl_logging_implementation.cmake
-- Installing: /workspace/jazzy_ws/install/share/rcl/cmake/rcl_set_symbol_visibility_hidden.cmake
-- Up-to-date: /workspace/jazzy_ws/install/include/rcl
-- Up-to-date: /workspace/jazzy_ws/install/include/rcl/rcl
-- Installing: /workspace/jazzy_ws/install/include/rcl/rcl/security.h
-- Installing: /workspace/jazzy_ws/install/include/rcl/rcl/init.h
-- Installing: /workspace/jazzy_ws/install/include/rcl/rcl/validate_enclave_name.h
-- Installing: /workspace/jazzy_ws/install/include/rcl/rcl/allocator.h
-- Installing: /workspace/jazzy_ws/install/include/rcl/rcl/lexer.h
-- Installing: /workspace/jazzy_ws/install/include/rcl/rcl/type_description_conversions.h
-- Installing: /workspace/jazzy_ws/install/include/rcl/rcl/macros.h
-- Installing: /workspace/jazzy_ws/install/include/rcl/rcl/time.h
-- Installing: /workspace/jazzy_ws/install/include/rcl/rcl/domain_id.h
-- Installing: /workspace/jazzy_ws/install/include/rcl/rcl/lexer_lookahead.h
-- Installing: /workspace/jazzy_ws/install/include/rcl/rcl/types.h
-- Installing: /workspace/jazzy_ws/install/include/rcl/rcl/visibility_control.h
-- Installing: /workspace/jazzy_ws/install/include/rcl/rcl/service_introspection.h
-- Installing: /workspace/jazzy_ws/install/include/rcl/rcl/node_options.h
-- Installing: /workspace/jazzy_ws/install/include/rcl/rcl/arguments.h
-- Installing: /workspace/jazzy_ws/install/include/rcl/rcl/discovery_options.h
-- Installing: /workspace/jazzy_ws/install/include/rcl/rcl/log_level.h
-- Installing: /workspace/jazzy_ws/install/include/rcl/rcl/publisher.h
-- Installing: /workspace/jazzy_ws/install/include/rcl/rcl/event.h
-- Installing: /workspace/jazzy_ws/install/include/rcl/rcl/rcl.h
-- Installing: /workspace/jazzy_ws/install/include/rcl/rcl/graph.h
-- Installing: /workspace/jazzy_ws/install/include/rcl/rcl/event_callback.h
-- Installing: /workspace/jazzy_ws/install/include/rcl/rcl/remap.h
-- Installing: /workspace/jazzy_ws/install/include/rcl/rcl/logging.h
-- Installing: /workspace/jazzy_ws/install/include/rcl/rcl/error_handling.h
-- Installing: /workspace/jazzy_ws/install/include/rcl/rcl/guard_condition.h
-- Installing: /workspace/jazzy_ws/install/include/rcl/rcl/validate_topic_name.h
-- Installing: /workspace/jazzy_ws/install/include/rcl/rcl/logging_rosout.h
-- Installing: /workspace/jazzy_ws/install/include/rcl/rcl/subscription.h
-- Installing: /workspace/jazzy_ws/install/include/rcl/rcl/node_type_cache.h
-- Installing: /workspace/jazzy_ws/install/include/rcl/rcl/expand_topic_name.h
-- Installing: /workspace/jazzy_ws/install/include/rcl/rcl/service.h
-- Installing: /workspace/jazzy_ws/install/include/rcl/rcl/localhost.h
-- Installing: /workspace/jazzy_ws/install/include/rcl/rcl/node.h
-- Installing: /workspace/jazzy_ws/install/include/rcl/rcl/rmw_implementation_identifier_check.h
-- Installing: /workspace/jazzy_ws/install/include/rcl/rcl/type_hash.h
-- Installing: /workspace/jazzy_ws/install/include/rcl/rcl/timer.h
-- Installing: /workspace/jazzy_ws/install/include/rcl/rcl/client.h
-- Installing: /workspace/jazzy_ws/install/include/rcl/rcl/dynamic_message_type_support.h
-- Installing: /workspace/jazzy_ws/install/include/rcl/rcl/network_flow_endpoints.h
-- Installing: /workspace/jazzy_ws/install/include/rcl/rcl/init_options.h
-- Installing: /workspace/jazzy_ws/install/include/rcl/rcl/context.h
-- Installing: /workspace/jazzy_ws/install/include/rcl/rcl/wait.h
