[0.320s] Invoking command in '/workspace/jazzy_ws/build/rcl': AMENT_PREFIX_PATH=/workspace/jazzy_ws/install CMAKE_PREFIX_PATH=/workspace/jazzy_ws/install LD_LIBRARY_PATH=/workspace/jazzy_ws/install/lib:/workspace/jazzy_ws/install/opt/libyaml_vendor/lib:/workspace/jazzy_ws/install/opt/spdlog_vendor/lib:/workspace/jazzy_ws/install/opt/mimick_vendor/lib PATH=/workspace/jazzy_ws/install/bin:/workspace/jazzy_ws/install/opt/uncrustify_vendor/bin:${PATH} PKG_CONFIG_PATH=/workspace/jazzy_ws/install/lib/x86_64-linux-gnu/pkgconfig:/workspace/jazzy_ws/install/lib/pkgconfig PYTHONPATH=/workspace/jazzy_ws/install/lib/python3.12/site-packages /usr/bin/cmake /workspace/jazzy_ws/src/rcl/rcl -DCMAKE_INSTALL_PREFIX=/workspace/jazzy_ws/install
[0.358s] -- The C compiler identification is GNU 13.3.0
[0.397s] -- The CXX compiler identification is GNU 13.3.0
[0.407s] -- Detecting C compiler ABI info
[0.460s] -- Detecting C compiler ABI info - done
[0.467s] -- Check for working C compiler: /usr/bin/cc - skipped
[0.467s] -- Detecting C compile features
[0.467s] -- Detecting C compile features - done
[0.473s] -- Detecting CXX compiler ABI info
[0.533s] -- Detecting CXX compiler ABI info - done
[0.540s] -- Check for working CXX compiler: /usr/bin/c++ - skipped
[0.540s] -- Detecting CXX compile features
[0.540s] -- Detecting CXX compile features - done
[0.541s] -- Found ament_cmake_ros: 0.12.0 (/workspace/jazzy_ws/install/share/ament_cmake_ros/cmake)
[0.622s] -- Found Python3: /usr/bin/python3 (found version "3.12.3") found components: Interpreter 
[0.681s] -- Found libyaml_vendor: 1.6.3 (/workspace/jazzy_ws/install/share/libyaml_vendor/cmake)
[0.683s] -- Found rcl_interfaces: 2.0.3 (/workspace/jazzy_ws/install/share/rcl_interfaces/cmake)
[0.702s] -- Found rosidl_generator_c: 4.6.7 (/workspace/jazzy_ws/install/share/rosidl_generator_c/cmake)
[0.709s] -- Found rosidl_generator_cpp: 4.6.7 (/workspace/jazzy_ws/install/share/rosidl_generator_cpp/cmake)
[0.719s] -- Using all available rosidl_typesupport_c: rosidl_typesupport_fastrtps_c;rosidl_typesupport_introspection_c
[0.729s] -- Using all available rosidl_typesupport_cpp: rosidl_typesupport_fastrtps_cpp;rosidl_typesupport_introspection_cpp
[0.763s] -- Found rcl_logging_interface: 3.1.1 (/workspace/jazzy_ws/install/share/rcl_logging_interface/cmake)
[0.765s] -- Found rcl_yaml_param_parser: 9.2.9 (/workspace/jazzy_ws/install/share/rcl_yaml_param_parser/cmake)
[0.767s] -- Found rmw_implementation: 2.15.6 (/workspace/jazzy_ws/install/share/rmw_implementation/cmake)
[0.767s] -- Found rmw_implementation_cmake: 7.3.3 (/workspace/jazzy_ws/install/share/rmw_implementation_cmake/cmake)
[0.769s] -- Found rmw_fastrtps_cpp: 8.4.3 (/workspace/jazzy_ws/install/share/rmw_fastrtps_cpp/cmake)
[0.810s] -- Found OpenSSL: /usr/lib/x86_64-linux-gnu/libcrypto.so (found version "3.0.13")  
[0.821s] -- Found FastRTPS: /workspace/jazzy_ws/install/include (Required is at least version "2.13") 
[0.844s] -- Using RMW implementation 'rmw_fastrtps_cpp' as default
[0.844s] -- Found tracetools: 8.2.5 (/workspace/jazzy_ws/install/share/tracetools/cmake)
[0.844s] -- Found type_description_interfaces: 2.0.3 (/workspace/jazzy_ws/install/share/type_description_interfaces/cmake)
[0.853s] -- Found yaml: /workspace/jazzy_ws/install/opt/libyaml_vendor/cmake/yamlConfig.cmake (found version "0.2.5") 
[0.853s] -- Found rcl_logging_spdlog: 3.1.1 (/workspace/jazzy_ws/install/share/rcl_logging_spdlog/cmake)
[0.913s] -- Found ament_lint_auto: 0.17.4 (/workspace/jazzy_ws/install/share/ament_lint_auto/cmake)
[0.984s] -- Found python_cmake_module: 0.11.1 (/workspace/jazzy_ws/install/share/python_cmake_module/cmake)
[1.059s] -- Found PythonExtra: /usr/bin/python3  
[1.118s] -- Found gtest sources under '/workspace/jazzy_ws/install/src/gtest_vendor': C++ tests using 'Google Test' will be built
[1.120s] -- Performing Test CMAKE_HAVE_LIBC_PTHREAD
[1.172s] -- Performing Test CMAKE_HAVE_LIBC_PTHREAD - Success
[1.173s] -- Found Threads: TRUE  
[1.204s] -- Creating tests for 'rmw_cyclonedds_cpp'
[1.208s] -- Enabling message timestamp test for rmw_cyclonedds_cpp
[1.210s] -- Creating tests for 'rmw_fastrtps_cpp'
[1.214s] -- Enabling message timestamp test for rmw_fastrtps_cpp
[1.233s] -- Creating tests for 'rmw_fastrtps_dynamic_cpp'
[1.237s] -- Enabling message timestamp test for rmw_fastrtps_dynamic_cpp
[1.261s] -- Added test 'copyright' to check source files copyright and LICENSE
[1.267s] -- Added test 'cppcheck' to perform static code analysis on C / C++ code
[1.267s] -- Configured cppcheck include dirs: $<BUILD_INTERFACE:/workspace/jazzy_ws/src/rcl/rcl/include>;$<BUILD_INTERFACE:/workspace/jazzy_ws/src/rcl/rcl/src>
[1.267s] -- Configured cppcheck exclude dirs and/or files: 
[1.272s] -- Added test 'cpplint' to check C / C++ code against the Google style
[1.272s] -- Configured cpplint exclude dirs and/or files: 
[1.275s] -- Added test 'lint_cmake' to check CMake code style
[1.280s] -- Added test 'uncrustify' to check C / C++ code style
[1.280s] -- Configured uncrustify additional arguments: 
[1.281s] -- Added test 'xmllint' to check XML markup files
[1.282s] -- Configuring done (1.0s)
[1.376s] -- Generating done (0.1s)
[1.408s] -- Build files have been written to: /workspace/jazzy_ws/build/rcl
[1.421s] Invoked command in '/workspace/jazzy_ws/build/rcl' returned '0': AMENT_PREFIX_PATH=/workspace/jazzy_ws/install CMAKE_PREFIX_PATH=/workspace/jazzy_ws/install LD_LIBRARY_PATH=/workspace/jazzy_ws/install/lib:/workspace/jazzy_ws/install/opt/libyaml_vendor/lib:/workspace/jazzy_ws/install/opt/spdlog_vendor/lib:/workspace/jazzy_ws/install/opt/mimick_vendor/lib PATH=/workspace/jazzy_ws/install/bin:/workspace/jazzy_ws/install/opt/uncrustify_vendor/bin:${PATH} PKG_CONFIG_PATH=/workspace/jazzy_ws/install/lib/x86_64-linux-gnu/pkgconfig:/workspace/jazzy_ws/install/lib/pkgconfig PYTHONPATH=/workspace/jazzy_ws/install/lib/python3.12/site-packages /usr/bin/cmake /workspace/jazzy_ws/src/rcl/rcl -DCMAKE_INSTALL_PREFIX=/workspace/jazzy_ws/install
[1.421s] Invoking command in '/workspace/jazzy_ws/build/rcl': AMENT_PREFIX_PATH=/workspace/jazzy_ws/install CMAKE_PREFIX_PATH=/workspace/jazzy_ws/install LD_LIBRARY_PATH=/workspace/jazzy_ws/install/lib:/workspace/jazzy_ws/install/opt/libyaml_vendor/lib:/workspace/jazzy_ws/install/opt/spdlog_vendor/lib:/workspace/jazzy_ws/install/opt/mimick_vendor/lib PATH=/workspace/jazzy_ws/install/bin:/workspace/jazzy_ws/install/opt/uncrustify_vendor/bin:${PATH} PKG_CONFIG_PATH=/workspace/jazzy_ws/install/lib/x86_64-linux-gnu/pkgconfig:/workspace/jazzy_ws/install/lib/pkgconfig PYTHONPATH=/workspace/jazzy_ws/install/lib/python3.12/site-packages /usr/bin/cmake --build /workspace/jazzy_ws/build/rcl -- -j24 -l24
[1.454s] [  0%] Building CXX object gtest/CMakeFiles/gtest.dir/src/gtest-all.cc.o
[1.454s] [  0%] Generating rcl/version.h
[1.454s] [  1%] Building CXX object gtest/CMakeFiles/gtest_main.dir/src/gtest_main.cc.o
[1.464s] [  1%] Built target ament_generate_version_header__rcl
[1.476s] [  2%] Building C object CMakeFiles/rcl.dir/src/rcl/arguments.c.o
[1.476s] [  3%] Building C object CMakeFiles/rcl.dir/src/rcl/client.c.o
[1.476s] [  3%] Building C object CMakeFiles/rcl.dir/src/rcl/common.c.o
[1.477s] [  4%] Building C object CMakeFiles/rcl.dir/src/rcl/domain_id.c.o
[1.477s] [  4%] Building C object CMakeFiles/rcl.dir/src/rcl/context.c.o
[1.477s] [  5%] Building C object CMakeFiles/rcl.dir/src/rcl/discovery_options.c.o
[1.477s] [  6%] Building C object CMakeFiles/rcl.dir/src/rcl/graph.c.o
[1.477s] [  7%] Building C object CMakeFiles/rcl.dir/src/rcl/event.c.o
[1.477s] [  7%] Building C object CMakeFiles/rcl.dir/src/rcl/expand_topic_name.c.o
[1.477s] [  8%] Building C object CMakeFiles/rcl.dir/src/rcl/dynamic_message_type_support.c.o
[1.477s] [  9%] Building C object CMakeFiles/rcl.dir/src/rcl/init.c.o
[1.477s] [  9%] Building C object CMakeFiles/rcl.dir/src/rcl/guard_condition.c.o
[1.478s] [ 10%] Building C object CMakeFiles/rcl.dir/src/rcl/localhost.c.o
[1.478s] [ 11%] Building C object CMakeFiles/rcl.dir/src/rcl/init_options.c.o
[1.478s] [ 11%] Building C object CMakeFiles/rcl.dir/src/rcl/lexer_lookahead.c.o
[1.479s] [ 13%] Building C object CMakeFiles/rcl.dir/src/rcl/logging_rosout.c.o
[1.479s] [ 13%] Building C object CMakeFiles/rcl.dir/src/rcl/lexer.c.o
[1.479s] [ 14%] Building C object CMakeFiles/rcl.dir/src/rcl/logging.c.o
[1.480s] [ 14%] Building C object CMakeFiles/rcl.dir/src/rcl/log_level.c.o
[1.481s] [ 15%] Building C object CMakeFiles/rcl.dir/src/rcl/network_flow_endpoints.c.o
[1.507s] [ 15%] Building C object CMakeFiles/rcl.dir/src/rcl/node_options.c.o
[1.507s] [ 16%] Building C object CMakeFiles/rcl.dir/src/rcl/node_type_cache.c.o
[1.512s] [ 17%] Building C object CMakeFiles/rcl.dir/src/rcl/publisher.c.o
[1.514s] [ 18%] Building C object CMakeFiles/rcl.dir/src/rcl/node_resolve_name.c.o
[1.515s] [ 19%] Building C object CMakeFiles/rcl.dir/src/rcl/node.c.o
[1.515s] [ 20%] Building C object CMakeFiles/rcl.dir/src/rcl/service.c.o
[1.518s] [ 20%] Building C object CMakeFiles/rcl.dir/src/rcl/remap.c.o
[1.522s] [ 21%] Building C object CMakeFiles/rcl.dir/src/rcl/rmw_implementation_identifier_check.c.o
[1.522s] [ 22%] Building C object CMakeFiles/rcl.dir/src/rcl/service_event_publisher.c.o
[1.533s] [ 23%] Building C object CMakeFiles/rcl.dir/src/rcl/timer.c.o
[1.533s] [ 23%] Building C object CMakeFiles/rcl.dir/src/rcl/subscription.c.o
[1.533s] [ 24%] Building C object CMakeFiles/rcl.dir/src/rcl/time.c.o
[1.537s] [ 24%] Building C object CMakeFiles/rcl.dir/src/rcl/type_hash.c.o
[1.547s] [ 25%] Building C object CMakeFiles/rcl.dir/src/rcl/security.c.o
[1.551s] [ 25%] Building C object CMakeFiles/rcl.dir/src/rcl/type_description_conversions.c.o
[1.551s] [ 25%] Building C object CMakeFiles/rcl.dir/src/rcl/validate_topic_name.c.o
[1.551s] [ 26%] Building C object CMakeFiles/rcl.dir/src/rcl/validate_enclave_name.c.o
[1.553s] [ 27%] Building C object CMakeFiles/rcl.dir/src/rcl/wait.c.o
[1.631s] [ 28%] Linking C shared library librcl.so
[1.685s] [ 28%] Built target rcl
[1.699s] [ 29%] Building CXX object test/CMakeFiles/wait_for_entity_helpers.dir/rcl/wait_for_entity_helpers.cpp.o
[1.699s] [ 29%] Building CXX object test/CMakeFiles/test_rmw_impl_id_check_exe.dir/rcl/test_rmw_impl_id_check_exe.cpp.o
[1.755s] [ 30%] Linking CXX executable test_rmw_impl_id_check_exe
[1.818s] [ 30%] Built target test_rmw_impl_id_check_exe
[1.964s] [ 31%] Linking CXX static library libwait_for_entity_helpers.a
[1.974s] [ 31%] Linking CXX static library libgtest_main.a
[1.998s] [ 31%] Built target wait_for_entity_helpers
[1.998s] [ 31%] Built target gtest_main
[1.998s] [ 31%] Building CXX object test/CMakeFiles/service_fixture.dir/rcl/service_fixture.cpp.o
[1.998s] [ 32%] Building CXX object test/CMakeFiles/client_fixture.dir/rcl/client_fixture.cpp.o
[2.171s] [ 33%] Linking CXX executable client_fixture
[2.225s] [ 34%] Linking CXX executable service_fixture
[2.242s] [ 34%] Built target client_fixture
[2.295s] [ 34%] Built target service_fixture
[3.680s] [ 35%] Linking CXX static library libgtest.a
[3.713s] [ 35%] Built target gtest
[3.726s] [ 37%] Building CXX object test/CMakeFiles/test_context.dir/rcl/test_context.cpp.o
[3.726s] [ 37%] Building CXX object test/CMakeFiles/test_timer.dir/rcl/test_timer.cpp.o
[3.726s] [ 37%] Building CXX object test/CMakeFiles/test_client.dir/rcl/test_client.cpp.o
[3.726s] [ 38%] Building CXX object test/CMakeFiles/test_graph.dir/rcl/test_graph.cpp.o
[3.727s] [ 39%] Building CXX object test/CMakeFiles/test_info_by_topic.dir/rcl/test_info_by_topic.cpp.o
[3.727s] [ 40%] Building CXX object test/CMakeFiles/test_remap_integration.dir/rcl/test_remap_integration.cpp.o
[3.727s] [ 41%] Building CXX object test/CMakeFiles/test_get_actual_qos.dir/rcl/test_get_actual_qos.cpp.o
[3.727s] [ 42%] Building CXX object test/CMakeFiles/test_count_matched.dir/rcl/test_count_matched.cpp.o
[3.728s] [ 43%] Building CXX object test/CMakeFiles/test_get_node_names.dir/rcl/test_get_node_names.cpp.o
[3.728s] [ 45%] Building CXX object test/CMakeFiles/test_remap.dir/rcl/test_remap.cpp.o
[3.728s] [ 45%] Building CXX object test/CMakeFiles/test_init.dir/rcl/test_init.cpp.o
[3.729s] [ 46%] Building CXX object test/CMakeFiles/test_publisher.dir/rcl/test_publisher.cpp.o
[3.729s] [ 47%] Building CXX object test/CMakeFiles/test_events.dir/rcl/test_events.cpp.o
[3.729s] [ 47%] Building CXX object test/CMakeFiles/test_publisher_wait_all_ack.dir/rcl/test_publisher_wait_all_ack.cpp.o
[3.729s] [ 47%] Building CXX object test/CMakeFiles/test_wait.dir/rcl/test_wait.cpp.o
[3.730s] [ 48%] Building CXX object test/CMakeFiles/test_logging_rosout.dir/rcl/test_logging_rosout.cpp.o
[3.730s] [ 48%] Building CXX object test/CMakeFiles/test_namespace.dir/rcl/test_namespace.cpp.o
[3.730s] [ 48%] Building CXX object test/CMakeFiles/test_guard_condition.dir/rcl/test_guard_condition.cpp.o
[3.732s] [ 49%] Building CXX object test/CMakeFiles/test_rmw_impl_id_check_func.dir/rcl/test_rmw_impl_id_check_func.cpp.o
[3.734s] [ 50%] Building CXX object test/CMakeFiles/test_node.dir/rcl/test_node.cpp.o
[4.770s] [ 51%] Building CXX object test/CMakeFiles/test_node_type_cache.dir/rcl/test_node_type_cache.cpp.o
[4.770s] [ 52%] Building CXX object test/CMakeFiles/test_type_description_conversions.dir/rcl/test_type_description_conversions.cpp.o
[4.777s] [ 53%] Building CXX object test/CMakeFiles/test_network_flow_endpoints.dir/rcl/test_network_flow_endpoints.cpp.o
[4.790s] [ 53%] Building CXX object test/CMakeFiles/test_service_event_publisher.dir/rcl/test_service_event_publisher.cpp.o
[4.806s] [ 53%] Linking CXX executable test_info_by_topic
[4.814s] [ 54%] Linking CXX executable test_count_matched
[4.968s] [ 55%] Linking CXX executable test_get_node_names
[5.007s] [ 55%] Built target test_info_by_topic
[5.048s] [ 55%] Building CXX object test/CMakeFiles/test_get_type_description_service.dir/rcl/test_get_type_description_service.cpp.o
[5.120s] [ 56%] Linking CXX executable test_client
[5.203s] [ 57%] Linking CXX executable test_namespace
[5.216s] [ 57%] Built target test_count_matched
[5.251s] [ 57%] Building CXX object test/CMakeFiles/test_service__rmw_cyclonedds_cpp.dir/rcl/test_service.cpp.o
[5.256s] [ 58%] Linking CXX executable test_publisher_wait_all_ack
[5.290s] [ 58%] Linking CXX executable test_remap
[5.425s] [ 58%] Built target test_get_node_names
[5.466s] [ 59%] Building CXX object test/CMakeFiles/test_subscription__rmw_cyclonedds_cpp.dir/rcl/test_subscription.cpp.o
[5.491s] [ 59%] Linking CXX executable test_rmw_impl_id_check_func
[5.507s] [ 59%] Built target test_namespace
[5.547s] [ 59%] Linking CXX executable test_context
[5.550s] [ 60%] Building CXX object test/CMakeFiles/test_service__rmw_fastrtps_cpp.dir/rcl/test_service.cpp.o
[5.558s] [ 60%] Built target test_client
[5.612s] [ 60%] Building CXX object test/CMakeFiles/test_subscription__rmw_fastrtps_cpp.dir/rcl/test_subscription.cpp.o
[5.614s] [ 60%] Built target test_publisher_wait_all_ack
[5.655s] [ 61%] Building CXX object test/CMakeFiles/test_service__rmw_fastrtps_dynamic_cpp.dir/rcl/test_service.cpp.o
[5.670s] [ 62%] Linking CXX executable test_logging_rosout
[5.735s] [ 62%] Built target test_remap
[5.774s] [ 63%] Building CXX object test/CMakeFiles/test_subscription__rmw_fastrtps_dynamic_cpp.dir/rcl/test_subscription.cpp.o
[5.782s] [ 64%] Linking CXX executable test_init
[5.783s] [ 64%] Built target test_rmw_impl_id_check_func
[5.818s] [ 65%] Building CXX object test/CMakeFiles/test_arguments.dir/rcl/test_arguments.cpp.o
[5.900s] [ 66%] Linking CXX executable test_guard_condition
[5.942s] [ 66%] Built target test_logging_rosout
[5.952s] [ 66%] Built target test_context
[5.978s] [ 66%] Building CXX object test/CMakeFiles/test_time.dir/rcl/test_time.cpp.o
[5.995s] [ 66%] Building CXX object test/CMakeFiles/test_lexer.dir/rcl/test_lexer.cpp.o
[6.009s] [ 68%] Linking CXX executable test_events
[6.012s] [ 67%] Linking CXX executable test_wait
[6.086s] [ 68%] Built target test_init
[6.087s] [ 68%] Linking CXX executable test_timer
[6.127s] [ 69%] Building CXX object test/CMakeFiles/test_lexer_lookahead.dir/rcl/test_lexer_lookahead.cpp.o
[6.300s] [ 70%] Linking CXX executable test_get_type_description_service
[6.310s] [ 70%] Built target test_guard_condition
[6.345s] [ 71%] Building CXX object test/CMakeFiles/test_validate_enclave_name.dir/rcl/test_validate_enclave_name.cpp.o
[6.349s] [ 72%] Linking CXX executable test_service_event_publisher
[6.443s] [ 72%] Built target test_events
[6.453s] [ 73%] Linking CXX executable test_type_description_conversions
[6.454s] [ 74%] Linking CXX executable test_graph
[6.475s] [ 74%] Built target test_wait
[6.493s] [ 74%] Building CXX object test/CMakeFiles/test_discovery_options.dir/rcl/test_discovery_options.cpp.o
[6.523s] [ 75%] Building CXX object test/CMakeFiles/test_domain_id.dir/rcl/test_domain_id.cpp.o
[6.542s] [ 75%] Built target test_timer
[6.559s] [ 76%] Linking CXX executable test_remap_integration
[6.587s] [ 77%] Building CXX object test/CMakeFiles/test_localhost.dir/rcl/test_localhost.cpp.o
[6.638s] [ 77%] Built target test_get_type_description_service
[6.674s] [ 78%] Building CXX object test/CMakeFiles/test_logging.dir/rcl/test_logging.cpp.o
[6.698s] [ 78%] Built target test_service_event_publisher
[6.727s] [ 79%] Building CXX object test/CMakeFiles/test_validate_topic_name.dir/rcl/test_validate_topic_name.cpp.o
[6.832s] [ 79%] Linking CXX executable test_get_actual_qos
[6.869s] [ 79%] Built target test_graph
[6.906s] [ 79%] Building CXX object test/CMakeFiles/test_expand_topic_name.dir/rcl/test_expand_topic_name.cpp.o
[6.918s] [ 79%] Built target test_type_description_conversions
[6.936s] [ 79%] Built target test_remap_integration
[6.969s] [ 80%] Building CXX object test/CMakeFiles/test_security.dir/rcl/test_security.cpp.o
[6.990s] [ 81%] Building CXX object test/CMakeFiles/test_common.dir/rcl/test_common.cpp.o
[7.152s] [ 81%] Built target test_get_actual_qos
[7.193s] [ 81%] Building CXX object test/CMakeFiles/test_log_level.dir/rcl/test_log_level.cpp.o
[7.486s] [ 81%] Linking CXX executable test_node_type_cache
[7.687s] [ 81%] Built target test_node_type_cache
[7.706s] [ 81%] Building C object test/CMakeFiles/test_common.dir/__/src/rcl/common.c.o
[7.788s] [ 82%] Building CXX object test/CMakeFiles/test_subscription_content_filter_options.dir/rcl/test_subscription_content_filter_options.cpp.o
[7.795s] [ 82%] Linking CXX executable test_network_flow_endpoints
[7.864s] [ 83%] Linking CXX executable test_validate_topic_name
[8.003s] [ 83%] Built target test_network_flow_endpoints
[8.032s] [ 83%] Building CXX object test/CMakeFiles/test_type_hash.dir/rcl/test_type_hash.cpp.o
[8.040s] [ 83%] Built target test_validate_topic_name
[8.131s] [ 84%] Linking CXX executable test_localhost
[8.185s] [ 84%] Linking CXX executable test_lexer_lookahead
[8.208s] [ 85%] Linking CXX executable test_publisher
[8.262s] [ 85%] Linking CXX executable test_validate_enclave_name
[8.299s] [ 86%] Linking CXX executable test_node
[8.335s] [ 86%] Built target test_localhost
[8.344s] [ 87%] Linking CXX executable test_common
[8.358s] [ 87%] Built target test_lexer_lookahead
[8.389s] [ 88%] Linking CXX executable test_service__rmw_fastrtps_dynamic_cpp
[8.389s] [ 89%] Linking CXX executable test_time
[8.395s] [ 89%] Linking CXX executable test_domain_id
[8.408s] [ 89%] Built target test_publisher
[8.443s] [ 89%] Built target test_validate_enclave_name
[8.449s] [ 90%] Linking CXX executable test_arguments
[8.463s] [ 90%] Built target test_common
[8.468s] [ 91%] Linking CXX executable test_service__rmw_cyclonedds_cpp
[8.513s] [ 92%] Linking CXX executable test_discovery_options
[8.514s] [ 92%] Built target test_node
[8.534s] [ 92%] Built target test_domain_id
[8.540s] [ 92%] Built target test_time
[8.548s] [ 92%] Built target test_service__rmw_fastrtps_dynamic_cpp
[8.548s] [ 92%] Linking CXX executable test_service__rmw_fastrtps_cpp
[8.589s] [ 92%] Built target test_arguments
[8.607s] [ 93%] Linking CXX executable test_log_level
[8.612s] [ 93%] Built target test_service__rmw_cyclonedds_cpp
[8.623s] [ 94%] Linking CXX executable test_security
[8.629s] [ 94%] Built target test_discovery_options
[8.634s] [ 94%] Linking CXX executable test_logging
[8.678s] [ 94%] Built target test_service__rmw_fastrtps_cpp
[8.717s] [ 94%] Built target test_log_level
[8.727s] [ 94%] Built target test_security
[8.739s] [ 95%] Linking CXX executable test_expand_topic_name
[8.741s] [ 95%] Built target test_logging
[8.748s] [ 96%] Linking CXX executable test_lexer
[8.775s] [ 97%] Linking CXX executable test_subscription_content_filter_options
[8.840s] [ 97%] Built target test_expand_topic_name
[8.847s] [ 98%] Linking CXX executable test_type_hash
[8.852s] [ 98%] Built target test_lexer
[8.880s] [ 98%] Built target test_subscription_content_filter_options
[8.937s] [ 98%] Built target test_type_hash
[8.943s] [ 99%] Linking CXX executable test_subscription__rmw_cyclonedds_cpp
[9.056s] [ 99%] Built target test_subscription__rmw_cyclonedds_cpp
[9.138s] [ 99%] Linking CXX executable test_subscription__rmw_fastrtps_dynamic_cpp
[9.249s] [ 99%] Built target test_subscription__rmw_fastrtps_dynamic_cpp
[9.529s] [100%] Linking CXX executable test_subscription__rmw_fastrtps_cpp
[9.634s] [100%] Built target test_subscription__rmw_fastrtps_cpp
[9.641s] Invoked command in '/workspace/jazzy_ws/build/rcl' returned '0': AMENT_PREFIX_PATH=/workspace/jazzy_ws/install CMAKE_PREFIX_PATH=/workspace/jazzy_ws/install LD_LIBRARY_PATH=/workspace/jazzy_ws/install/lib:/workspace/jazzy_ws/install/opt/libyaml_vendor/lib:/workspace/jazzy_ws/install/opt/spdlog_vendor/lib:/workspace/jazzy_ws/install/opt/mimick_vendor/lib PATH=/workspace/jazzy_ws/install/bin:/workspace/jazzy_ws/install/opt/uncrustify_vendor/bin:${PATH} PKG_CONFIG_PATH=/workspace/jazzy_ws/install/lib/x86_64-linux-gnu/pkgconfig:/workspace/jazzy_ws/install/lib/pkgconfig PYTHONPATH=/workspace/jazzy_ws/install/lib/python3.12/site-packages /usr/bin/cmake --build /workspace/jazzy_ws/build/rcl -- -j24 -l24
[9.642s] Invoking command in '/workspace/jazzy_ws/build/rcl': AMENT_PREFIX_PATH=/workspace/jazzy_ws/install CMAKE_PREFIX_PATH=/workspace/jazzy_ws/install LD_LIBRARY_PATH=/workspace/jazzy_ws/install/lib:/workspace/jazzy_ws/install/opt/libyaml_vendor/lib:/workspace/jazzy_ws/install/opt/spdlog_vendor/lib:/workspace/jazzy_ws/install/opt/mimick_vendor/lib PATH=/workspace/jazzy_ws/install/bin:/workspace/jazzy_ws/install/opt/uncrustify_vendor/bin:${PATH} PKG_CONFIG_PATH=/workspace/jazzy_ws/install/lib/x86_64-linux-gnu/pkgconfig:/workspace/jazzy_ws/install/lib/pkgconfig PYTHONPATH=/workspace/jazzy_ws/install/lib/python3.12/site-packages /usr/bin/cmake --install /workspace/jazzy_ws/build/rcl
[9.646s] -- Install configuration: ""
[9.646s] -- Installing: /workspace/jazzy_ws/install/lib/librcl.so
[9.646s] -- Set non-toolchain portion of runtime path of "/workspace/jazzy_ws/install/lib/librcl.so" to ""
[9.646s] -- Installing: /workspace/jazzy_ws/install/share/rcl/environment/library_path.sh
[9.647s] -- Installing: /workspace/jazzy_ws/install/share/rcl/environment/library_path.dsv
[9.647s] -- Installing: /workspace/jazzy_ws/install/include/rcl/rcl/version.h
[9.647s] -- Installing: /workspace/jazzy_ws/install/share/ament_index/resource_index/package_run_dependencies/rcl
[9.647s] -- Installing: /workspace/jazzy_ws/install/share/ament_index/resource_index/parent_prefix_path/rcl
[9.647s] -- Installing: /workspace/jazzy_ws/install/share/rcl/environment/ament_prefix_path.sh
[9.647s] -- Installing: /workspace/jazzy_ws/install/share/rcl/environment/ament_prefix_path.dsv
[9.647s] -- Installing: /workspace/jazzy_ws/install/share/rcl/environment/path.sh
[9.647s] -- Installing: /workspace/jazzy_ws/install/share/rcl/environment/path.dsv
[9.647s] -- Installing: /workspace/jazzy_ws/install/share/rcl/local_setup.bash
[9.647s] -- Installing: /workspace/jazzy_ws/install/share/rcl/local_setup.sh
[9.647s] -- Installing: /workspace/jazzy_ws/install/share/rcl/local_setup.zsh
[9.647s] -- Installing: /workspace/jazzy_ws/install/share/rcl/local_setup.dsv
[9.647s] -- Installing: /workspace/jazzy_ws/install/share/rcl/package.dsv
[9.647s] -- Installing: /workspace/jazzy_ws/install/share/ament_index/resource_index/packages/rcl
[9.647s] -- Installing: /workspace/jazzy_ws/install/share/rcl/cmake/rclExport.cmake
[9.647s] -- Installing: /workspace/jazzy_ws/install/share/rcl/cmake/rclExport-noconfig.cmake
[9.647s] -- Installing: /workspace/jazzy_ws/install/share/rcl/cmake/rcl-extras.cmake
[9.648s] -- Installing: /workspace/jazzy_ws/install/share/rcl/cmake/ament_cmake_export_include_directories-extras.cmake
[9.648s] -- Installing: /workspace/jazzy_ws/install/share/rcl/cmake/ament_cmake_export_libraries-extras.cmake
[9.648s] -- Installing: /workspace/jazzy_ws/install/share/rcl/cmake/ament_cmake_export_targets-extras.cmake
[9.648s] -- Installing: /workspace/jazzy_ws/install/share/rcl/cmake/ament_cmake_export_dependencies-extras.cmake
[9.648s] -- Installing: /workspace/jazzy_ws/install/share/rcl/cmake/rclConfig.cmake
[9.648s] -- Installing: /workspace/jazzy_ws/install/share/rcl/cmake/rclConfig-version.cmake
[9.648s] -- Installing: /workspace/jazzy_ws/install/share/rcl/package.xml
[9.648s] -- Up-to-date: /workspace/jazzy_ws/install/share/rcl/cmake
[9.648s] -- Installing: /workspace/jazzy_ws/install/share/rcl/cmake/get_default_rcl_logging_implementation.cmake
[9.648s] -- Installing: /workspace/jazzy_ws/install/share/rcl/cmake/rcl_set_symbol_visibility_hidden.cmake
[9.648s] -- Up-to-date: /workspace/jazzy_ws/install/include/rcl
[9.648s] -- Up-to-date: /workspace/jazzy_ws/install/include/rcl/rcl
[9.649s] -- Installing: /workspace/jazzy_ws/install/include/rcl/rcl/security.h
[9.649s] -- Installing: /workspace/jazzy_ws/install/include/rcl/rcl/init.h
[9.649s] -- Installing: /workspace/jazzy_ws/install/include/rcl/rcl/validate_enclave_name.h
[9.649s] -- Installing: /workspace/jazzy_ws/install/include/rcl/rcl/allocator.h
[9.649s] -- Installing: /workspace/jazzy_ws/install/include/rcl/rcl/lexer.h
[9.649s] -- Installing: /workspace/jazzy_ws/install/include/rcl/rcl/type_description_conversions.h
[9.649s] -- Installing: /workspace/jazzy_ws/install/include/rcl/rcl/macros.h
[9.649s] -- Installing: /workspace/jazzy_ws/install/include/rcl/rcl/time.h
[9.649s] -- Installing: /workspace/jazzy_ws/install/include/rcl/rcl/domain_id.h
[9.649s] -- Installing: /workspace/jazzy_ws/install/include/rcl/rcl/lexer_lookahead.h
[9.649s] -- Installing: /workspace/jazzy_ws/install/include/rcl/rcl/types.h
[9.649s] -- Installing: /workspace/jazzy_ws/install/include/rcl/rcl/visibility_control.h
[9.649s] -- Installing: /workspace/jazzy_ws/install/include/rcl/rcl/service_introspection.h
[9.649s] -- Installing: /workspace/jazzy_ws/install/include/rcl/rcl/node_options.h
[9.649s] -- Installing: /workspace/jazzy_ws/install/include/rcl/rcl/arguments.h
[9.649s] -- Installing: /workspace/jazzy_ws/install/include/rcl/rcl/discovery_options.h
[9.649s] -- Installing: /workspace/jazzy_ws/install/include/rcl/rcl/log_level.h
[9.649s] -- Installing: /workspace/jazzy_ws/install/include/rcl/rcl/publisher.h
[9.650s] -- Installing: /workspace/jazzy_ws/install/include/rcl/rcl/event.h
[9.650s] -- Installing: /workspace/jazzy_ws/install/include/rcl/rcl/rcl.h
[9.650s] -- Installing: /workspace/jazzy_ws/install/include/rcl/rcl/graph.h
[9.650s] -- Installing: /workspace/jazzy_ws/install/include/rcl/rcl/event_callback.h
[9.650s] -- Installing: /workspace/jazzy_ws/install/include/rcl/rcl/remap.h
[9.650s] -- Installing: /workspace/jazzy_ws/install/include/rcl/rcl/logging.h
[9.650s] -- Installing: /workspace/jazzy_ws/install/include/rcl/rcl/error_handling.h
[9.650s] -- Installing: /workspace/jazzy_ws/install/include/rcl/rcl/guard_condition.h
[9.650s] -- Installing: /workspace/jazzy_ws/install/include/rcl/rcl/validate_topic_name.h
[9.650s] -- Installing: /workspace/jazzy_ws/install/include/rcl/rcl/logging_rosout.h
[9.650s] -- Installing: /workspace/jazzy_ws/install/include/rcl/rcl/subscription.h
[9.650s] -- Installing: /workspace/jazzy_ws/install/include/rcl/rcl/node_type_cache.h
[9.650s] -- Installing: /workspace/jazzy_ws/install/include/rcl/rcl/expand_topic_name.h
[9.650s] -- Installing: /workspace/jazzy_ws/install/include/rcl/rcl/service.h
[9.650s] -- Installing: /workspace/jazzy_ws/install/include/rcl/rcl/localhost.h
[9.650s] -- Installing: /workspace/jazzy_ws/install/include/rcl/rcl/node.h
[9.650s] -- Installing: /workspace/jazzy_ws/install/include/rcl/rcl/rmw_implementation_identifier_check.h
[9.650s] -- Installing: /workspace/jazzy_ws/install/include/rcl/rcl/type_hash.h
[9.650s] -- Installing: /workspace/jazzy_ws/install/include/rcl/rcl/timer.h
[9.650s] -- Installing: /workspace/jazzy_ws/install/include/rcl/rcl/client.h
[9.651s] -- Installing: /workspace/jazzy_ws/install/include/rcl/rcl/dynamic_message_type_support.h
[9.651s] -- Installing: /workspace/jazzy_ws/install/include/rcl/rcl/network_flow_endpoints.h
[9.651s] -- Installing: /workspace/jazzy_ws/install/include/rcl/rcl/init_options.h
[9.651s] -- Installing: /workspace/jazzy_ws/install/include/rcl/rcl/context.h
[9.651s] -- Installing: /workspace/jazzy_ws/install/include/rcl/rcl/wait.h
[9.652s] Invoked command in '/workspace/jazzy_ws/build/rcl' returned '0': AMENT_PREFIX_PATH=/workspace/jazzy_ws/install CMAKE_PREFIX_PATH=/workspace/jazzy_ws/install LD_LIBRARY_PATH=/workspace/jazzy_ws/install/lib:/workspace/jazzy_ws/install/opt/libyaml_vendor/lib:/workspace/jazzy_ws/install/opt/spdlog_vendor/lib:/workspace/jazzy_ws/install/opt/mimick_vendor/lib PATH=/workspace/jazzy_ws/install/bin:/workspace/jazzy_ws/install/opt/uncrustify_vendor/bin:${PATH} PKG_CONFIG_PATH=/workspace/jazzy_ws/install/lib/x86_64-linux-gnu/pkgconfig:/workspace/jazzy_ws/install/lib/pkgconfig PYTHONPATH=/workspace/jazzy_ws/install/lib/python3.12/site-packages /usr/bin/cmake --install /workspace/jazzy_ws/build/rcl
