-- The C compiler identification is GNU 13.3.0
-- Detecting C compiler ABI info
-- Detecting C compiler ABI info - done
-- Check for working C compiler: /usr/bin/cc - skipped
-- Detecting C compile features
-- Detecting C compile features - done
-- Found ament_cmake_python: 2.5.5 (/workspace/jazzy_ws/install/share/ament_cmake_python/cmake)
-- Found ament_cmake_ros: 0.12.0 (/workspace/jazzy_ws/install/share/ament_cmake_ros/cmake)
-- Found Python3: /usr/bin/python3 (found version "3.12.3") found components: Interpreter 
-- Found ament_lint_auto: 0.17.4 (/workspace/jazzy_ws/install/share/ament_lint_auto/cmake)
-- Added test 'copyright' to check source files copyright and LICENSE
-- Added test 'flake8' to check Python code syntax and style conventions
-- Configured 'flake8' exclude dirs and/or files: 
-- Added test 'lint_cmake' to check CMake code style
-- Added test 'pep257' to check Python code against some of the docstring style conventions in PEP 257
-- Added test 'xmllint' to check XML markup files
-- Configuring done (0.8s)
-- Generating done (0.0s)
-- Build files have been written to: /workspace/jazzy_ws/build/rosidl_generator_c
Built target ament_cmake_python_copy_rosidl_generator_c
Built target ament_cmake_python_copy_rosidl_generator_c_setup
running egg_info
creating rosidl_generator_c.egg-info
writing rosidl_generator_c.egg-info/PKG-INFO
writing dependency_links to rosidl_generator_c.egg-info/dependency_links.txt
writing entry points to rosidl_generator_c.egg-info/entry_points.txt
writing top-level names to rosidl_generator_c.egg-info/top_level.txt
writing manifest file 'rosidl_generator_c.egg-info/SOURCES.txt'
reading manifest file 'rosidl_generator_c.egg-info/SOURCES.txt'
writing manifest file 'rosidl_generator_c.egg-info/SOURCES.txt'
Built target ament_cmake_python_build_rosidl_generator_c_egg
-- Install configuration: ""
-- Installing: /workspace/jazzy_ws/install/share/ament_index/resource_index/rosidl_generator_packages/rosidl_generator_c
-- Installing: /workspace/jazzy_ws/install/share/rosidl_generator_c/environment/pythonpath.sh
-- Installing: /workspace/jazzy_ws/install/share/rosidl_generator_c/environment/pythonpath.dsv
-- Installing: /workspace/jazzy_ws/install/lib/python3.12/site-packages/rosidl_generator_c-4.6.7-py3.12.egg-info
-- Installing: /workspace/jazzy_ws/install/lib/python3.12/site-packages/rosidl_generator_c-4.6.7-py3.12.egg-info/PKG-INFO
-- Installing: /workspace/jazzy_ws/install/lib/python3.12/site-packages/rosidl_generator_c-4.6.7-py3.12.egg-info/SOURCES.txt
-- Installing: /workspace/jazzy_ws/install/lib/python3.12/site-packages/rosidl_generator_c-4.6.7-py3.12.egg-info/top_level.txt
-- Installing: /workspace/jazzy_ws/install/lib/python3.12/site-packages/rosidl_generator_c-4.6.7-py3.12.egg-info/entry_points.txt
-- Installing: /workspace/jazzy_ws/install/lib/python3.12/site-packages/rosidl_generator_c-4.6.7-py3.12.egg-info/dependency_links.txt
-- Installing: /workspace/jazzy_ws/install/lib/python3.12/site-packages/rosidl_generator_c
-- Installing: /workspace/jazzy_ws/install/lib/python3.12/site-packages/rosidl_generator_c/cli.py
-- Installing: /workspace/jazzy_ws/install/lib/python3.12/site-packages/rosidl_generator_c/__init__.py
Listing '/workspace/jazzy_ws/install/lib/python3.12/site-packages/rosidl_generator_c'...
Compiling '/workspace/jazzy_ws/install/lib/python3.12/site-packages/rosidl_generator_c/__init__.py'...
Compiling '/workspace/jazzy_ws/install/lib/python3.12/site-packages/rosidl_generator_c/cli.py'...
-- Installing: /workspace/jazzy_ws/install/share/ament_index/resource_index/package_run_dependencies/rosidl_generator_c
-- Installing: /workspace/jazzy_ws/install/share/ament_index/resource_index/parent_prefix_path/rosidl_generator_c
-- Installing: /workspace/jazzy_ws/install/share/rosidl_generator_c/environment/ament_prefix_path.sh
-- Installing: /workspace/jazzy_ws/install/share/rosidl_generator_c/environment/ament_prefix_path.dsv
-- Installing: /workspace/jazzy_ws/install/share/rosidl_generator_c/environment/path.sh
-- Installing: /workspace/jazzy_ws/install/share/rosidl_generator_c/environment/path.dsv
-- Installing: /workspace/jazzy_ws/install/share/rosidl_generator_c/local_setup.bash
-- Installing: /workspace/jazzy_ws/install/share/rosidl_generator_c/local_setup.sh
-- Installing: /workspace/jazzy_ws/install/share/rosidl_generator_c/local_setup.zsh
-- Installing: /workspace/jazzy_ws/install/share/rosidl_generator_c/local_setup.dsv
-- Installing: /workspace/jazzy_ws/install/share/rosidl_generator_c/package.dsv
-- Installing: /workspace/jazzy_ws/install/share/ament_index/resource_index/packages/rosidl_generator_c
-- Installing: /workspace/jazzy_ws/install/share/rosidl_generator_c/cmake/rosidl_generator_c-extras.cmake
-- Installing: /workspace/jazzy_ws/install/share/rosidl_generator_c/cmake/ament_cmake_export_dependencies-extras.cmake
-- Installing: /workspace/jazzy_ws/install/share/rosidl_generator_c/cmake/rosidl_generator_cConfig.cmake
-- Installing: /workspace/jazzy_ws/install/share/rosidl_generator_c/cmake/rosidl_generator_cConfig-version.cmake
-- Installing: /workspace/jazzy_ws/install/share/rosidl_generator_c/package.xml
-- Installing: /workspace/jazzy_ws/install/lib/rosidl_generator_c/rosidl_generator_c
-- Up-to-date: /workspace/jazzy_ws/install/share/rosidl_generator_c/cmake
-- Installing: /workspace/jazzy_ws/install/share/rosidl_generator_c/cmake/register_c.cmake
-- Installing: /workspace/jazzy_ws/install/share/rosidl_generator_c/cmake/rosidl_generator_c_generate_interfaces.cmake
-- Installing: /workspace/jazzy_ws/install/share/rosidl_generator_c/resource
-- Installing: /workspace/jazzy_ws/install/share/rosidl_generator_c/resource/full__description.c.em
-- Installing: /workspace/jazzy_ws/install/share/rosidl_generator_c/resource/idl__description.c.em
-- Installing: /workspace/jazzy_ws/install/share/rosidl_generator_c/resource/idl__type_support.h.em
-- Installing: /workspace/jazzy_ws/install/share/rosidl_generator_c/resource/msg__functions.h.em
-- Installing: /workspace/jazzy_ws/install/share/rosidl_generator_c/resource/msg__type_support.h.em
-- Installing: /workspace/jazzy_ws/install/share/rosidl_generator_c/resource/idl.h.em
-- Installing: /workspace/jazzy_ws/install/share/rosidl_generator_c/resource/idl__type_support.c.em
-- Installing: /workspace/jazzy_ws/install/share/rosidl_generator_c/resource/msg__functions.c.em
-- Installing: /workspace/jazzy_ws/install/share/rosidl_generator_c/resource/idl__functions.h.em
-- Installing: /workspace/jazzy_ws/install/share/rosidl_generator_c/resource/msg__struct.h.em
-- Installing: /workspace/jazzy_ws/install/share/rosidl_generator_c/resource/idl__struct.h.em
-- Installing: /workspace/jazzy_ws/install/share/rosidl_generator_c/resource/empty__description.c.em
-- Installing: /workspace/jazzy_ws/install/share/rosidl_generator_c/resource/srv__type_support.c.em
-- Installing: /workspace/jazzy_ws/install/share/rosidl_generator_c/resource/rosidl_generator_c__visibility_control.h.in
-- Installing: /workspace/jazzy_ws/install/share/rosidl_generator_c/resource/action__type_support.h.em
-- Installing: /workspace/jazzy_ws/install/share/rosidl_generator_c/resource/srv__type_support.h.em
-- Installing: /workspace/jazzy_ws/install/share/rosidl_generator_c/resource/idl__functions.c.em
-- Installing: /workspace/jazzy_ws/install/share/rosidl_generator_c/resource/action__type_support.c.em
