[0.256s] Invoking command in '/workspace/jazzy_ws/build/rosidl_generator_c': AMENT_PREFIX_PATH=/workspace/jazzy_ws/install CMAKE_PREFIX_PATH=/workspace/jazzy_ws/install LD_LIBRARY_PATH=/workspace/jazzy_ws/install/lib:/workspace/jazzy_ws/install/opt/mimick_vendor/lib PATH=/workspace/jazzy_ws/install/bin:/workspace/jazzy_ws/install/opt/uncrustify_vendor/bin:${PATH} PKG_CONFIG_PATH=/workspace/jazzy_ws/install/lib/x86_64-linux-gnu/pkgconfig:/workspace/jazzy_ws/install/lib/pkgconfig PYTHONPATH=/workspace/jazzy_ws/install/lib/python3.12/site-packages /usr/bin/cmake /workspace/jazzy_ws/src/rosidl/rosidl_generator_c -DCMAKE_INSTALL_PREFIX=/workspace/jazzy_ws/install
[0.343s] -- The C compiler identification is GNU 13.3.0
[0.368s] -- Detecting C compiler ABI info
[0.476s] -- Detecting C compiler ABI info - done
[0.493s] -- Check for working C compiler: /usr/bin/cc - skipped
[0.498s] -- Detecting C compile features
[0.498s] -- Detecting C compile features - done
[0.504s] -- Found ament_cmake_python: 2.5.5 (/workspace/jazzy_ws/install/share/ament_cmake_python/cmake)
[0.504s] -- Found ament_cmake_ros: 0.12.0 (/workspace/jazzy_ws/install/share/ament_cmake_ros/cmake)
[0.675s] -- Found Python3: /usr/bin/python3 (found version "3.12.3") found components: Interpreter 
[0.960s] -- Found ament_lint_auto: 0.17.4 (/workspace/jazzy_ws/install/share/ament_lint_auto/cmake)
[1.063s] -- Added test 'copyright' to check source files copyright and LICENSE
[1.073s] -- Added test 'flake8' to check Python code syntax and style conventions
[1.073s] -- Configured 'flake8' exclude dirs and/or files: 
[1.075s] -- Added test 'lint_cmake' to check CMake code style
[1.077s] -- Added test 'pep257' to check Python code against some of the docstring style conventions in PEP 257
[1.081s] -- Added test 'xmllint' to check XML markup files
[1.084s] -- Configuring done (0.8s)
[1.089s] -- Generating done (0.0s)
[1.091s] -- Build files have been written to: /workspace/jazzy_ws/build/rosidl_generator_c
[1.094s] Invoked command in '/workspace/jazzy_ws/build/rosidl_generator_c' returned '0': AMENT_PREFIX_PATH=/workspace/jazzy_ws/install CMAKE_PREFIX_PATH=/workspace/jazzy_ws/install LD_LIBRARY_PATH=/workspace/jazzy_ws/install/lib:/workspace/jazzy_ws/install/opt/mimick_vendor/lib PATH=/workspace/jazzy_ws/install/bin:/workspace/jazzy_ws/install/opt/uncrustify_vendor/bin:${PATH} PKG_CONFIG_PATH=/workspace/jazzy_ws/install/lib/x86_64-linux-gnu/pkgconfig:/workspace/jazzy_ws/install/lib/pkgconfig PYTHONPATH=/workspace/jazzy_ws/install/lib/python3.12/site-packages /usr/bin/cmake /workspace/jazzy_ws/src/rosidl/rosidl_generator_c -DCMAKE_INSTALL_PREFIX=/workspace/jazzy_ws/install
[1.095s] Invoking command in '/workspace/jazzy_ws/build/rosidl_generator_c': AMENT_PREFIX_PATH=/workspace/jazzy_ws/install CMAKE_PREFIX_PATH=/workspace/jazzy_ws/install LD_LIBRARY_PATH=/workspace/jazzy_ws/install/lib:/workspace/jazzy_ws/install/opt/mimick_vendor/lib PATH=/workspace/jazzy_ws/install/bin:/workspace/jazzy_ws/install/opt/uncrustify_vendor/bin:${PATH} PKG_CONFIG_PATH=/workspace/jazzy_ws/install/lib/x86_64-linux-gnu/pkgconfig:/workspace/jazzy_ws/install/lib/pkgconfig PYTHONPATH=/workspace/jazzy_ws/install/lib/python3.12/site-packages /usr/bin/cmake --build /workspace/jazzy_ws/build/rosidl_generator_c -- -j24 -l24
[1.147s] Built target ament_cmake_python_copy_rosidl_generator_c
[1.169s] Built target ament_cmake_python_copy_rosidl_generator_c_setup
[1.489s] running egg_info
[1.523s] creating rosidl_generator_c.egg-info
[1.523s] writing rosidl_generator_c.egg-info/PKG-INFO
[1.523s] writing dependency_links to rosidl_generator_c.egg-info/dependency_links.txt
[1.523s] writing entry points to rosidl_generator_c.egg-info/entry_points.txt
[1.527s] writing top-level names to rosidl_generator_c.egg-info/top_level.txt
[1.527s] writing manifest file 'rosidl_generator_c.egg-info/SOURCES.txt'
[1.604s] reading manifest file 'rosidl_generator_c.egg-info/SOURCES.txt'
[1.604s] writing manifest file 'rosidl_generator_c.egg-info/SOURCES.txt'
[1.670s] Built target ament_cmake_python_build_rosidl_generator_c_egg
[1.685s] Invoked command in '/workspace/jazzy_ws/build/rosidl_generator_c' returned '0': AMENT_PREFIX_PATH=/workspace/jazzy_ws/install CMAKE_PREFIX_PATH=/workspace/jazzy_ws/install LD_LIBRARY_PATH=/workspace/jazzy_ws/install/lib:/workspace/jazzy_ws/install/opt/mimick_vendor/lib PATH=/workspace/jazzy_ws/install/bin:/workspace/jazzy_ws/install/opt/uncrustify_vendor/bin:${PATH} PKG_CONFIG_PATH=/workspace/jazzy_ws/install/lib/x86_64-linux-gnu/pkgconfig:/workspace/jazzy_ws/install/lib/pkgconfig PYTHONPATH=/workspace/jazzy_ws/install/lib/python3.12/site-packages /usr/bin/cmake --build /workspace/jazzy_ws/build/rosidl_generator_c -- -j24 -l24
[1.686s] Invoking command in '/workspace/jazzy_ws/build/rosidl_generator_c': AMENT_PREFIX_PATH=/workspace/jazzy_ws/install CMAKE_PREFIX_PATH=/workspace/jazzy_ws/install LD_LIBRARY_PATH=/workspace/jazzy_ws/install/lib:/workspace/jazzy_ws/install/opt/mimick_vendor/lib PATH=/workspace/jazzy_ws/install/bin:/workspace/jazzy_ws/install/opt/uncrustify_vendor/bin:${PATH} PKG_CONFIG_PATH=/workspace/jazzy_ws/install/lib/x86_64-linux-gnu/pkgconfig:/workspace/jazzy_ws/install/lib/pkgconfig PYTHONPATH=/workspace/jazzy_ws/install/lib/python3.12/site-packages /usr/bin/cmake --install /workspace/jazzy_ws/build/rosidl_generator_c
[1.697s] -- Install configuration: ""
[1.697s] -- Installing: /workspace/jazzy_ws/install/share/ament_index/resource_index/rosidl_generator_packages/rosidl_generator_c
[1.697s] -- Installing: /workspace/jazzy_ws/install/share/rosidl_generator_c/environment/pythonpath.sh
[1.702s] -- Installing: /workspace/jazzy_ws/install/share/rosidl_generator_c/environment/pythonpath.dsv
[1.702s] -- Installing: /workspace/jazzy_ws/install/lib/python3.12/site-packages/rosidl_generator_c-4.6.7-py3.12.egg-info
[1.702s] -- Installing: /workspace/jazzy_ws/install/lib/python3.12/site-packages/rosidl_generator_c-4.6.7-py3.12.egg-info/PKG-INFO
[1.702s] -- Installing: /workspace/jazzy_ws/install/lib/python3.12/site-packages/rosidl_generator_c-4.6.7-py3.12.egg-info/SOURCES.txt
[1.702s] -- Installing: /workspace/jazzy_ws/install/lib/python3.12/site-packages/rosidl_generator_c-4.6.7-py3.12.egg-info/top_level.txt
[1.702s] -- Installing: /workspace/jazzy_ws/install/lib/python3.12/site-packages/rosidl_generator_c-4.6.7-py3.12.egg-info/entry_points.txt
[1.702s] -- Installing: /workspace/jazzy_ws/install/lib/python3.12/site-packages/rosidl_generator_c-4.6.7-py3.12.egg-info/dependency_links.txt
[1.702s] -- Installing: /workspace/jazzy_ws/install/lib/python3.12/site-packages/rosidl_generator_c
[1.702s] -- Installing: /workspace/jazzy_ws/install/lib/python3.12/site-packages/rosidl_generator_c/cli.py
[1.702s] -- Installing: /workspace/jazzy_ws/install/lib/python3.12/site-packages/rosidl_generator_c/__init__.py
[1.766s] Listing '/workspace/jazzy_ws/install/lib/python3.12/site-packages/rosidl_generator_c'...
[1.766s] Compiling '/workspace/jazzy_ws/install/lib/python3.12/site-packages/rosidl_generator_c/__init__.py'...
[1.766s] Compiling '/workspace/jazzy_ws/install/lib/python3.12/site-packages/rosidl_generator_c/cli.py'...
[1.775s] -- Installing: /workspace/jazzy_ws/install/share/ament_index/resource_index/package_run_dependencies/rosidl_generator_c
[1.776s] -- Installing: /workspace/jazzy_ws/install/share/ament_index/resource_index/parent_prefix_path/rosidl_generator_c
[1.782s] -- Installing: /workspace/jazzy_ws/install/share/rosidl_generator_c/environment/ament_prefix_path.sh
[1.782s] -- Installing: /workspace/jazzy_ws/install/share/rosidl_generator_c/environment/ament_prefix_path.dsv
[1.782s] -- Installing: /workspace/jazzy_ws/install/share/rosidl_generator_c/environment/path.sh
[1.782s] -- Installing: /workspace/jazzy_ws/install/share/rosidl_generator_c/environment/path.dsv
[1.782s] -- Installing: /workspace/jazzy_ws/install/share/rosidl_generator_c/local_setup.bash
[1.782s] -- Installing: /workspace/jazzy_ws/install/share/rosidl_generator_c/local_setup.sh
[1.782s] -- Installing: /workspace/jazzy_ws/install/share/rosidl_generator_c/local_setup.zsh
[1.782s] -- Installing: /workspace/jazzy_ws/install/share/rosidl_generator_c/local_setup.dsv
[1.782s] -- Installing: /workspace/jazzy_ws/install/share/rosidl_generator_c/package.dsv
[1.782s] -- Installing: /workspace/jazzy_ws/install/share/ament_index/resource_index/packages/rosidl_generator_c
[1.782s] -- Installing: /workspace/jazzy_ws/install/share/rosidl_generator_c/cmake/rosidl_generator_c-extras.cmake
[1.782s] -- Installing: /workspace/jazzy_ws/install/share/rosidl_generator_c/cmake/ament_cmake_export_dependencies-extras.cmake
[1.782s] -- Installing: /workspace/jazzy_ws/install/share/rosidl_generator_c/cmake/rosidl_generator_cConfig.cmake
[1.782s] -- Installing: /workspace/jazzy_ws/install/share/rosidl_generator_c/cmake/rosidl_generator_cConfig-version.cmake
[1.782s] -- Installing: /workspace/jazzy_ws/install/share/rosidl_generator_c/package.xml
[1.782s] -- Installing: /workspace/jazzy_ws/install/lib/rosidl_generator_c/rosidl_generator_c
[1.782s] -- Up-to-date: /workspace/jazzy_ws/install/share/rosidl_generator_c/cmake
[1.782s] -- Installing: /workspace/jazzy_ws/install/share/rosidl_generator_c/cmake/register_c.cmake
[1.782s] -- Installing: /workspace/jazzy_ws/install/share/rosidl_generator_c/cmake/rosidl_generator_c_generate_interfaces.cmake
[1.782s] -- Installing: /workspace/jazzy_ws/install/share/rosidl_generator_c/resource
[1.782s] -- Installing: /workspace/jazzy_ws/install/share/rosidl_generator_c/resource/full__description.c.em
[1.782s] -- Installing: /workspace/jazzy_ws/install/share/rosidl_generator_c/resource/idl__description.c.em
[1.782s] -- Installing: /workspace/jazzy_ws/install/share/rosidl_generator_c/resource/idl__type_support.h.em
[1.782s] -- Installing: /workspace/jazzy_ws/install/share/rosidl_generator_c/resource/msg__functions.h.em
[1.782s] -- Installing: /workspace/jazzy_ws/install/share/rosidl_generator_c/resource/msg__type_support.h.em
[1.783s] -- Installing: /workspace/jazzy_ws/install/share/rosidl_generator_c/resource/idl.h.em
[1.783s] -- Installing: /workspace/jazzy_ws/install/share/rosidl_generator_c/resource/idl__type_support.c.em
[1.783s] -- Installing: /workspace/jazzy_ws/install/share/rosidl_generator_c/resource/msg__functions.c.em
[1.783s] -- Installing: /workspace/jazzy_ws/install/share/rosidl_generator_c/resource/idl__functions.h.em
[1.783s] -- Installing: /workspace/jazzy_ws/install/share/rosidl_generator_c/resource/msg__struct.h.em
[1.783s] -- Installing: /workspace/jazzy_ws/install/share/rosidl_generator_c/resource/idl__struct.h.em
[1.783s] -- Installing: /workspace/jazzy_ws/install/share/rosidl_generator_c/resource/empty__description.c.em
[1.783s] -- Installing: /workspace/jazzy_ws/install/share/rosidl_generator_c/resource/srv__type_support.c.em
[1.783s] -- Installing: /workspace/jazzy_ws/install/share/rosidl_generator_c/resource/rosidl_generator_c__visibility_control.h.in
[1.783s] -- Installing: /workspace/jazzy_ws/install/share/rosidl_generator_c/resource/action__type_support.h.em
[1.783s] -- Installing: /workspace/jazzy_ws/install/share/rosidl_generator_c/resource/srv__type_support.h.em
[1.783s] -- Installing: /workspace/jazzy_ws/install/share/rosidl_generator_c/resource/idl__functions.c.em
[1.783s] -- Installing: /workspace/jazzy_ws/install/share/rosidl_generator_c/resource/action__type_support.c.em
[1.794s] Invoked command in '/workspace/jazzy_ws/build/rosidl_generator_c' returned '0': AMENT_PREFIX_PATH=/workspace/jazzy_ws/install CMAKE_PREFIX_PATH=/workspace/jazzy_ws/install LD_LIBRARY_PATH=/workspace/jazzy_ws/install/lib:/workspace/jazzy_ws/install/opt/mimick_vendor/lib PATH=/workspace/jazzy_ws/install/bin:/workspace/jazzy_ws/install/opt/uncrustify_vendor/bin:${PATH} PKG_CONFIG_PATH=/workspace/jazzy_ws/install/lib/x86_64-linux-gnu/pkgconfig:/workspace/jazzy_ws/install/lib/pkgconfig PYTHONPATH=/workspace/jazzy_ws/install/lib/python3.12/site-packages /usr/bin/cmake --install /workspace/jazzy_ws/build/rosidl_generator_c
