running egg_info
creating ../../../build/ros2run/ros2run.egg-info
writing ../../../build/ros2run/ros2run.egg-info/PKG-INFO
writing dependency_links to ../../../build/ros2run/ros2run.egg-info/dependency_links.txt
writing entry points to ../../../build/ros2run/ros2run.egg-info/entry_points.txt
writing requirements to ../../../build/ros2run/ros2run.egg-info/requires.txt
writing top-level names to ../../../build/ros2run/ros2run.egg-info/top_level.txt
writing manifest file '../../../build/ros2run/ros2run.egg-info/SOURCES.txt'
reading manifest file '../../../build/ros2run/ros2run.egg-info/SOURCES.txt'
writing manifest file '../../../build/ros2run/ros2run.egg-info/SOURCES.txt'
running build
running build_py
creating /workspace/jazzy_ws/build/ros2run/build/lib/ros2run
copying ros2run/__init__.py -> /workspace/jazzy_ws/build/ros2run/build/lib/ros2run
creating /workspace/jazzy_ws/build/ros2run/build/lib/ros2run/command
copying ros2run/command/run.py -> /workspace/jazzy_ws/build/ros2run/build/lib/ros2run/command
copying ros2run/command/__init__.py -> /workspace/jazzy_ws/build/ros2run/build/lib/ros2run/command
creating /workspace/jazzy_ws/build/ros2run/build/lib/ros2run/api
copying ros2run/api/__init__.py -> /workspace/jazzy_ws/build/ros2run/build/lib/ros2run/api
running install
running install_lib
creating /workspace/jazzy_ws/install/lib/python3.12/site-packages/ros2run
copying /workspace/jazzy_ws/build/ros2run/build/lib/ros2run/__init__.py -> /workspace/jazzy_ws/install/lib/python3.12/site-packages/ros2run
creating /workspace/jazzy_ws/install/lib/python3.12/site-packages/ros2run/command
copying /workspace/jazzy_ws/build/ros2run/build/lib/ros2run/command/run.py -> /workspace/jazzy_ws/install/lib/python3.12/site-packages/ros2run/command
copying /workspace/jazzy_ws/build/ros2run/build/lib/ros2run/command/__init__.py -> /workspace/jazzy_ws/install/lib/python3.12/site-packages/ros2run/command
creating /workspace/jazzy_ws/install/lib/python3.12/site-packages/ros2run/api
copying /workspace/jazzy_ws/build/ros2run/build/lib/ros2run/api/__init__.py -> /workspace/jazzy_ws/install/lib/python3.12/site-packages/ros2run/api
byte-compiling /workspace/jazzy_ws/install/lib/python3.12/site-packages/ros2run/__init__.py to __init__.cpython-312.pyc
byte-compiling /workspace/jazzy_ws/install/lib/python3.12/site-packages/ros2run/command/run.py to run.cpython-312.pyc
byte-compiling /workspace/jazzy_ws/install/lib/python3.12/site-packages/ros2run/command/__init__.py to __init__.cpython-312.pyc
byte-compiling /workspace/jazzy_ws/install/lib/python3.12/site-packages/ros2run/api/__init__.py to __init__.cpython-312.pyc
running install_data
copying package.xml -> /workspace/jazzy_ws/install/share/ros2run
copying resource/ros2run -> /workspace/jazzy_ws/install/share/ament_index/resource_index/packages
running install_egg_info
Copying ../../../build/ros2run/ros2run.egg-info to /workspace/jazzy_ws/install/lib/python3.12/site-packages/ros2run-0.32.8-py3.12.egg-info
running install_scripts
writing list of installed files to '/workspace/jazzy_ws/build/ros2run/install.log'
