-- The C compiler identification is GNU 13.3.0
-- The CXX compiler identification is GNU 13.3.0
-- Detecting C compiler ABI info
-- Detecting C compiler ABI info - done
-- Check for working C compiler: /usr/bin/cc - skipped
-- Detecting C compile features
-- Detecting C compile features - done
-- Detecting CXX compiler ABI info
-- Detecting CXX compiler ABI info - done
-- Check for working CXX compiler: /usr/bin/c++ - skipped
-- Detecting CXX compile features
-- Detecting CXX compile features - done
-- Found ament_cmake_gen_version_h: 2.5.5 (/workspace/jazzy_ws/install/share/ament_cmake_gen_version_h/cmake)
-- Found ament_cmake_ros: 0.12.0 (/workspace/jazzy_ws/install/share/ament_cmake_ros/cmake)
-- Found Python3: /usr/bin/python3 (found version "3.12.3") found components: Interpreter 
-- Found PkgConfig: /usr/bin/pkg-config (found version "1.8.1") 
-- Checking for module 'lttng-ust'
--   Found lttng-ust, version 2.13.7
-- Found ament_lint_auto: 0.17.4 (/workspace/jazzy_ws/install/share/ament_lint_auto/cmake)
-- Found gtest sources under '/workspace/jazzy_ws/install/src/gtest_vendor': C++ tests using 'Google Test' will be built
-- Performing Test CMAKE_HAVE_LIBC_PTHREAD
-- Performing Test CMAKE_HAVE_LIBC_PTHREAD - Success
-- Found Threads: TRUE  
-- Added test 'copyright' to check source files copyright and LICENSE
-- Added test 'cppcheck' to perform static code analysis on C / C++ code
-- Configured cppcheck include dirs: /usr/include/x86_64-linux-gnu
-- Configured cppcheck exclude dirs and/or files: 
-- Added test 'cpplint' to check C / C++ code against the Google style
-- Configured cpplint exclude dirs and/or files: 
-- Added test 'lint_cmake' to check CMake code style
-- Added test 'uncrustify' to check C / C++ code style
-- Configured uncrustify additional arguments: 
-- Added test 'xmllint' to check XML markup files
-- Configuring done (0.6s)
-- Generating done (0.0s)
-- Build files have been written to: /workspace/jazzy_ws/build/tracetools
[ 20%] Generating tracetools/version.h
[ 20%] Building CXX object gtest/CMakeFiles/gtest_main.dir/src/gtest_main.cc.o
[ 20%] Building CXX object gtest/CMakeFiles/gtest.dir/src/gtest-all.cc.o
[ 20%] Built target ament_generate_version_header__tracetools
[ 40%] Building CXX object CMakeFiles/tracetools.dir/src/utils.cpp.o
[ 40%] Building C object CMakeFiles/tracetools.dir/src/tracetools.c.o
[ 40%] Building C object CMakeFiles/tracetools.dir/src/tp_call.c.o
[ 46%] Linking CXX shared library libtracetools.so
[ 46%] Built target tracetools
[ 53%] Building C object CMakeFiles/tracetools_status.dir/src/status.c.o
[ 60%] Linking C shared library libtracetools_status.so
[ 60%] Built target tracetools_status
[ 66%] Building C object CMakeFiles/status.dir/src/status_tool.c.o
[ 73%] Linking C executable status
[ 80%] Linking CXX static library libgtest_main.a
[ 80%] Built target gtest_main
[ 80%] Built target status
[ 86%] Linking CXX static library libgtest.a
[ 86%] Built target gtest
[ 93%] Building CXX object CMakeFiles/test_status.dir/test/test_status.cpp.o
[100%] Linking CXX executable test_status
[100%] Built target test_status
-- Install configuration: ""
-- Installing: /workspace/jazzy_ws/install/share/tracetools/environment/library_path.sh
-- Installing: /workspace/jazzy_ws/install/share/tracetools/environment/library_path.dsv
-- Installing: /workspace/jazzy_ws/install/include/tracetools/tracetools/version.h
-- Installing: /workspace/jazzy_ws/install/lib/libtracetools_status.so
-- Set non-toolchain portion of runtime path of "/workspace/jazzy_ws/install/lib/libtracetools_status.so" to ""
-- Installing: /workspace/jazzy_ws/install/lib/tracetools/status
-- Set non-toolchain portion of runtime path of "/workspace/jazzy_ws/install/lib/tracetools/status" to ""
-- Up-to-date: /workspace/jazzy_ws/install/include/tracetools
-- Up-to-date: /workspace/jazzy_ws/install/include/tracetools/tracetools
-- Installing: /workspace/jazzy_ws/install/include/tracetools/tracetools/tracetools.h
-- Installing: /workspace/jazzy_ws/install/include/tracetools/tracetools/status.h
-- Installing: /workspace/jazzy_ws/install/include/tracetools/tracetools/utils.hpp
-- Installing: /workspace/jazzy_ws/install/include/tracetools/tracetools/tp_call.h
-- Installing: /workspace/jazzy_ws/install/include/tracetools/tracetools/visibility_control.hpp
-- Installing: /workspace/jazzy_ws/install/include/tracetools/tracetools/config.h
-- Installing: /workspace/jazzy_ws/install/lib/libtracetools.so
-- Installing: /workspace/jazzy_ws/install/share/ament_index/resource_index/package_run_dependencies/tracetools
-- Installing: /workspace/jazzy_ws/install/share/ament_index/resource_index/parent_prefix_path/tracetools
-- Installing: /workspace/jazzy_ws/install/share/tracetools/environment/ament_prefix_path.sh
-- Installing: /workspace/jazzy_ws/install/share/tracetools/environment/ament_prefix_path.dsv
-- Installing: /workspace/jazzy_ws/install/share/tracetools/environment/path.sh
-- Installing: /workspace/jazzy_ws/install/share/tracetools/environment/path.dsv
-- Installing: /workspace/jazzy_ws/install/share/tracetools/local_setup.bash
-- Installing: /workspace/jazzy_ws/install/share/tracetools/local_setup.sh
-- Installing: /workspace/jazzy_ws/install/share/tracetools/local_setup.zsh
-- Installing: /workspace/jazzy_ws/install/share/tracetools/local_setup.dsv
-- Installing: /workspace/jazzy_ws/install/share/tracetools/package.dsv
-- Installing: /workspace/jazzy_ws/install/share/ament_index/resource_index/packages/tracetools
-- Installing: /workspace/jazzy_ws/install/share/tracetools/cmake/tracetools_exportExport.cmake
-- Installing: /workspace/jazzy_ws/install/share/tracetools/cmake/tracetools_exportExport-noconfig.cmake
-- Installing: /workspace/jazzy_ws/install/share/tracetools/cmake/ament_cmake_export_targets-extras.cmake
-- Installing: /workspace/jazzy_ws/install/share/tracetools/cmake/ament_cmake_export_include_directories-extras.cmake
-- Installing: /workspace/jazzy_ws/install/share/tracetools/cmake/ament_cmake_export_libraries-extras.cmake
-- Installing: /workspace/jazzy_ws/install/share/tracetools/cmake/ament_cmake_export_link_flags-extras.cmake
-- Installing: /workspace/jazzy_ws/install/share/tracetools/cmake/tracetoolsConfig.cmake
-- Installing: /workspace/jazzy_ws/install/share/tracetools/cmake/tracetoolsConfig-version.cmake
-- Installing: /workspace/jazzy_ws/install/share/tracetools/package.xml
