[0.039s] Invoking command in '/workspace/jazzy_ws/build/tracetools': AMENT_PREFIX_PATH=/workspace/jazzy_ws/install CMAKE_PREFIX_PATH=/workspace/jazzy_ws/install LD_LIBRARY_PATH=/workspace/jazzy_ws/install/lib PATH=/workspace/jazzy_ws/install/bin:/workspace/jazzy_ws/install/opt/uncrustify_vendor/bin:${PATH} PKG_CONFIG_PATH=/workspace/jazzy_ws/install/lib/x86_64-linux-gnu/pkgconfig:/workspace/jazzy_ws/install/lib/pkgconfig PYTHONPATH=/workspace/jazzy_ws/install/lib/python3.12/site-packages /usr/bin/cmake /workspace/jazzy_ws/src/ros2_tracing/tracetools -DCMAKE_INSTALL_PREFIX=/workspace/jazzy_ws/install
[0.069s] -- The C compiler identification is GNU 13.3.0
[0.103s] -- The CXX compiler identification is GNU 13.3.0
[0.111s] -- Detecting C compiler ABI info
[0.167s] -- Detecting C compiler ABI info - done
[0.167s] -- Check for working C compiler: /usr/bin/cc - skipped
[0.167s] -- Detecting C compile features
[0.167s] -- Detecting C compile features - done
[0.185s] -- Detecting CXX compiler ABI info
[0.229s] -- Detecting CXX compiler ABI info - done
[0.235s] -- Check for working CXX compiler: /usr/bin/c++ - skipped
[0.235s] -- Detecting CXX compile features
[0.235s] -- Detecting CXX compile features - done
[0.236s] -- Found ament_cmake_gen_version_h: 2.5.5 (/workspace/jazzy_ws/install/share/ament_cmake_gen_version_h/cmake)
[0.237s] -- Found ament_cmake_ros: 0.12.0 (/workspace/jazzy_ws/install/share/ament_cmake_ros/cmake)
[0.315s] -- Found Python3: /usr/bin/python3 (found version "3.12.3") found components: Interpreter 
[0.378s] -- Found PkgConfig: /usr/bin/pkg-config (found version "1.8.1") 
[0.379s] -- Checking for module 'lttng-ust'
[0.384s] --   Found lttng-ust, version 2.13.7
[0.464s] -- Found ament_lint_auto: 0.17.4 (/workspace/jazzy_ws/install/share/ament_lint_auto/cmake)
[0.527s] -- Found gtest sources under '/workspace/jazzy_ws/install/src/gtest_vendor': C++ tests using 'Google Test' will be built
[0.528s] -- Performing Test CMAKE_HAVE_LIBC_PTHREAD
[0.582s] -- Performing Test CMAKE_HAVE_LIBC_PTHREAD - Success
[0.582s] -- Found Threads: TRUE  
[0.585s] -- Added test 'copyright' to check source files copyright and LICENSE
[0.588s] -- Added test 'cppcheck' to perform static code analysis on C / C++ code
[0.588s] -- Configured cppcheck include dirs: /usr/include/x86_64-linux-gnu
[0.588s] -- Configured cppcheck exclude dirs and/or files: 
[0.590s] -- Added test 'cpplint' to check C / C++ code against the Google style
[0.590s] -- Configured cpplint exclude dirs and/or files: 
[0.591s] -- Added test 'lint_cmake' to check CMake code style
[0.593s] -- Added test 'uncrustify' to check C / C++ code style
[0.593s] -- Configured uncrustify additional arguments: 
[0.594s] -- Added test 'xmllint' to check XML markup files
[0.595s] -- Configuring done (0.6s)
[0.603s] -- Generating done (0.0s)
[0.607s] -- Build files have been written to: /workspace/jazzy_ws/build/tracetools
[0.610s] Invoked command in '/workspace/jazzy_ws/build/tracetools' returned '0': AMENT_PREFIX_PATH=/workspace/jazzy_ws/install CMAKE_PREFIX_PATH=/workspace/jazzy_ws/install LD_LIBRARY_PATH=/workspace/jazzy_ws/install/lib PATH=/workspace/jazzy_ws/install/bin:/workspace/jazzy_ws/install/opt/uncrustify_vendor/bin:${PATH} PKG_CONFIG_PATH=/workspace/jazzy_ws/install/lib/x86_64-linux-gnu/pkgconfig:/workspace/jazzy_ws/install/lib/pkgconfig PYTHONPATH=/workspace/jazzy_ws/install/lib/python3.12/site-packages /usr/bin/cmake /workspace/jazzy_ws/src/ros2_tracing/tracetools -DCMAKE_INSTALL_PREFIX=/workspace/jazzy_ws/install
[0.610s] Invoking command in '/workspace/jazzy_ws/build/tracetools': AMENT_PREFIX_PATH=/workspace/jazzy_ws/install CMAKE_PREFIX_PATH=/workspace/jazzy_ws/install LD_LIBRARY_PATH=/workspace/jazzy_ws/install/lib PATH=/workspace/jazzy_ws/install/bin:/workspace/jazzy_ws/install/opt/uncrustify_vendor/bin:${PATH} PKG_CONFIG_PATH=/workspace/jazzy_ws/install/lib/x86_64-linux-gnu/pkgconfig:/workspace/jazzy_ws/install/lib/pkgconfig PYTHONPATH=/workspace/jazzy_ws/install/lib/python3.12/site-packages /usr/bin/cmake --build /workspace/jazzy_ws/build/tracetools -- -j24 -l24
[0.637s] [ 20%] Generating tracetools/version.h
[0.637s] [ 20%] Building CXX object gtest/CMakeFiles/gtest_main.dir/src/gtest_main.cc.o
[0.637s] [ 20%] Building CXX object gtest/CMakeFiles/gtest.dir/src/gtest-all.cc.o
[0.646s] [ 20%] Built target ament_generate_version_header__tracetools
[0.656s] [ 40%] Building CXX object CMakeFiles/tracetools.dir/src/utils.cpp.o
[0.656s] [ 40%] Building C object CMakeFiles/tracetools.dir/src/tracetools.c.o
[0.656s] [ 40%] Building C object CMakeFiles/tracetools.dir/src/tp_call.c.o
[0.850s] [ 46%] Linking CXX shared library libtracetools.so
[0.899s] [ 46%] Built target tracetools
[0.913s] [ 53%] Building C object CMakeFiles/tracetools_status.dir/src/status.c.o
[0.958s] [ 60%] Linking C shared library libtracetools_status.so
[1.002s] [ 60%] Built target tracetools_status
[1.036s] [ 66%] Building C object CMakeFiles/status.dir/src/status_tool.c.o
[1.071s] [ 73%] Linking C executable status
[1.139s] [ 80%] Linking CXX static library libgtest_main.a
[1.179s] [ 80%] Built target gtest_main
[1.189s] [ 80%] Built target status
[4.601s] [ 86%] Linking CXX static library libgtest.a
[4.671s] [ 86%] Built target gtest
[4.699s] [ 93%] Building CXX object CMakeFiles/test_status.dir/test/test_status.cpp.o
[5.546s] [100%] Linking CXX executable test_status
[5.742s] [100%] Built target test_status
[5.754s] Invoked command in '/workspace/jazzy_ws/build/tracetools' returned '0': AMENT_PREFIX_PATH=/workspace/jazzy_ws/install CMAKE_PREFIX_PATH=/workspace/jazzy_ws/install LD_LIBRARY_PATH=/workspace/jazzy_ws/install/lib PATH=/workspace/jazzy_ws/install/bin:/workspace/jazzy_ws/install/opt/uncrustify_vendor/bin:${PATH} PKG_CONFIG_PATH=/workspace/jazzy_ws/install/lib/x86_64-linux-gnu/pkgconfig:/workspace/jazzy_ws/install/lib/pkgconfig PYTHONPATH=/workspace/jazzy_ws/install/lib/python3.12/site-packages /usr/bin/cmake --build /workspace/jazzy_ws/build/tracetools -- -j24 -l24
[5.755s] Invoking command in '/workspace/jazzy_ws/build/tracetools': AMENT_PREFIX_PATH=/workspace/jazzy_ws/install CMAKE_PREFIX_PATH=/workspace/jazzy_ws/install LD_LIBRARY_PATH=/workspace/jazzy_ws/install/lib PATH=/workspace/jazzy_ws/install/bin:/workspace/jazzy_ws/install/opt/uncrustify_vendor/bin:${PATH} PKG_CONFIG_PATH=/workspace/jazzy_ws/install/lib/x86_64-linux-gnu/pkgconfig:/workspace/jazzy_ws/install/lib/pkgconfig PYTHONPATH=/workspace/jazzy_ws/install/lib/python3.12/site-packages /usr/bin/cmake --install /workspace/jazzy_ws/build/tracetools
[5.771s] -- Install configuration: ""
[5.771s] -- Installing: /workspace/jazzy_ws/install/share/tracetools/environment/library_path.sh
[5.772s] -- Installing: /workspace/jazzy_ws/install/share/tracetools/environment/library_path.dsv
[5.772s] -- Installing: /workspace/jazzy_ws/install/include/tracetools/tracetools/version.h
[5.772s] -- Installing: /workspace/jazzy_ws/install/lib/libtracetools_status.so
[5.772s] -- Set non-toolchain portion of runtime path of "/workspace/jazzy_ws/install/lib/libtracetools_status.so" to ""
[5.772s] -- Installing: /workspace/jazzy_ws/install/lib/tracetools/status
[5.772s] -- Set non-toolchain portion of runtime path of "/workspace/jazzy_ws/install/lib/tracetools/status" to ""
[5.772s] -- Up-to-date: /workspace/jazzy_ws/install/include/tracetools
[5.772s] -- Up-to-date: /workspace/jazzy_ws/install/include/tracetools/tracetools
[5.772s] -- Installing: /workspace/jazzy_ws/install/include/tracetools/tracetools/tracetools.h
[5.772s] -- Installing: /workspace/jazzy_ws/install/include/tracetools/tracetools/status.h
[5.772s] -- Installing: /workspace/jazzy_ws/install/include/tracetools/tracetools/utils.hpp
[5.772s] -- Installing: /workspace/jazzy_ws/install/include/tracetools/tracetools/tp_call.h
[5.772s] -- Installing: /workspace/jazzy_ws/install/include/tracetools/tracetools/visibility_control.hpp
[5.772s] -- Installing: /workspace/jazzy_ws/install/include/tracetools/tracetools/config.h
[5.772s] -- Installing: /workspace/jazzy_ws/install/lib/libtracetools.so
[5.772s] -- Installing: /workspace/jazzy_ws/install/share/ament_index/resource_index/package_run_dependencies/tracetools
[5.772s] -- Installing: /workspace/jazzy_ws/install/share/ament_index/resource_index/parent_prefix_path/tracetools
[5.772s] -- Installing: /workspace/jazzy_ws/install/share/tracetools/environment/ament_prefix_path.sh
[5.772s] -- Installing: /workspace/jazzy_ws/install/share/tracetools/environment/ament_prefix_path.dsv
[5.772s] -- Installing: /workspace/jazzy_ws/install/share/tracetools/environment/path.sh
[5.772s] -- Installing: /workspace/jazzy_ws/install/share/tracetools/environment/path.dsv
[5.772s] -- Installing: /workspace/jazzy_ws/install/share/tracetools/local_setup.bash
[5.772s] -- Installing: /workspace/jazzy_ws/install/share/tracetools/local_setup.sh
[5.772s] -- Installing: /workspace/jazzy_ws/install/share/tracetools/local_setup.zsh
[5.772s] -- Installing: /workspace/jazzy_ws/install/share/tracetools/local_setup.dsv
[5.774s] -- Installing: /workspace/jazzy_ws/install/share/tracetools/package.dsv
[5.780s] -- Installing: /workspace/jazzy_ws/install/share/ament_index/resource_index/packages/tracetools
[5.780s] -- Installing: /workspace/jazzy_ws/install/share/tracetools/cmake/tracetools_exportExport.cmake
[5.780s] -- Installing: /workspace/jazzy_ws/install/share/tracetools/cmake/tracetools_exportExport-noconfig.cmake
[5.780s] -- Installing: /workspace/jazzy_ws/install/share/tracetools/cmake/ament_cmake_export_targets-extras.cmake
[5.780s] -- Installing: /workspace/jazzy_ws/install/share/tracetools/cmake/ament_cmake_export_include_directories-extras.cmake
[5.780s] -- Installing: /workspace/jazzy_ws/install/share/tracetools/cmake/ament_cmake_export_libraries-extras.cmake
[5.781s] -- Installing: /workspace/jazzy_ws/install/share/tracetools/cmake/ament_cmake_export_link_flags-extras.cmake
[5.781s] -- Installing: /workspace/jazzy_ws/install/share/tracetools/cmake/tracetoolsConfig.cmake
[5.781s] -- Installing: /workspace/jazzy_ws/install/share/tracetools/cmake/tracetoolsConfig-version.cmake
[5.781s] -- Installing: /workspace/jazzy_ws/install/share/tracetools/package.xml
[5.783s] Invoked command in '/workspace/jazzy_ws/build/tracetools' returned '0': AMENT_PREFIX_PATH=/workspace/jazzy_ws/install CMAKE_PREFIX_PATH=/workspace/jazzy_ws/install LD_LIBRARY_PATH=/workspace/jazzy_ws/install/lib PATH=/workspace/jazzy_ws/install/bin:/workspace/jazzy_ws/install/opt/uncrustify_vendor/bin:${PATH} PKG_CONFIG_PATH=/workspace/jazzy_ws/install/lib/x86_64-linux-gnu/pkgconfig:/workspace/jazzy_ws/install/lib/pkgconfig PYTHONPATH=/workspace/jazzy_ws/install/lib/python3.12/site-packages /usr/bin/cmake --install /workspace/jazzy_ws/build/tracetools
