-- The C compiler identification is GNU 13.3.0
-- The CXX compiler identification is GNU 13.3.0
-- Detecting C compiler ABI info
-- Detecting C compiler ABI info - done
-- Check for working C compiler: /usr/bin/cc - skipped
-- Detecting C compile features
-- Detecting C compile features - done
-- Detecting CXX compiler ABI info
-- Detecting CXX compiler ABI info - done
-- Check for working CXX compiler: /usr/bin/c++ - skipped
-- Detecting CXX compile features
-- Detecting CXX compile features - done
-- Found ament_cmake_ros: 0.12.0 (/workspace/jazzy_ws/install/share/ament_cmake_ros/cmake)
-- Found Python3: /usr/bin/python3 (found version "3.12.3") found components: Interpreter 
-- Found rosidl_runtime_c: 4.6.7 (/workspace/jazzy_ws/install/share/rosidl_runtime_c/cmake)
-- Found ament_lint_auto: 0.17.4 (/workspace/jazzy_ws/install/share/ament_lint_auto/cmake)
-- Found performance_test_fixture: 0.2.1 (/workspace/jazzy_ws/install/share/performance_test_fixture/cmake)
-- Found gtest sources under '/workspace/jazzy_ws/install/src/gtest_vendor': C++ tests using 'Google Test' will be built
-- Found Threads: TRUE  
-- Added test 'copyright' to check source files copyright and LICENSE
-- Added test 'cppcheck' to perform static code analysis on C / C++ code
-- Configured cppcheck include dirs: /workspace/jazzy_ws/install/include;$<BUILD_INTERFACE:/workspace/jazzy_ws/src/rosidl_typesupport_fastrtps/rosidl_typesupport_fastrtps_c/include>
-- Configured cppcheck exclude dirs and/or files: 
-- Added test 'cpplint' to check C / C++ code against the Google style
-- Configured cpplint exclude dirs and/or files: 
-- Added test 'flake8' to check Python code syntax and style conventions
-- Configured 'flake8' exclude dirs and/or files: 
-- Added test 'lint_cmake' to check CMake code style
-- Added test 'pep257' to check Python code against some of the docstring style conventions in PEP 257
-- Added test 'uncrustify' to check C / C++ code style
-- Configured uncrustify additional arguments: 
-- Added test 'xmllint' to check XML markup files
-- Configuring done (0.6s)
-- Generating done (0.0s)
-- Build files have been written to: /workspace/jazzy_ws/build/rosidl_typesupport_fastrtps_c
[  9%] Building CXX object CMakeFiles/rosidl_typesupport_fastrtps_c.dir/src/wstring_conversion.cpp.o
[ 18%] Building CXX object CMakeFiles/rosidl_typesupport_fastrtps_c.dir/src/identifier.cpp.o
[ 27%] Building CXX object gtest/CMakeFiles/gtest_main.dir/src/gtest_main.cc.o
[ 36%] Building CXX object gtest/CMakeFiles/gtest.dir/src/gtest-all.cc.o
[ 36%] Built target ament_cmake_python_copy_rosidl_typesupport_fastrtps_c_setup
[ 36%] Built target ament_cmake_python_copy_rosidl_typesupport_fastrtps_c
[ 45%] Linking CXX shared library librosidl_typesupport_fastrtps_c.so
running egg_info
creating rosidl_typesupport_fastrtps_c.egg-info
writing rosidl_typesupport_fastrtps_c.egg-info/PKG-INFO
writing dependency_links to rosidl_typesupport_fastrtps_c.egg-info/dependency_links.txt
writing entry points to rosidl_typesupport_fastrtps_c.egg-info/entry_points.txt
writing top-level names to rosidl_typesupport_fastrtps_c.egg-info/top_level.txt
writing manifest file 'rosidl_typesupport_fastrtps_c.egg-info/SOURCES.txt'
reading manifest file 'rosidl_typesupport_fastrtps_c.egg-info/SOURCES.txt'
writing manifest file 'rosidl_typesupport_fastrtps_c.egg-info/SOURCES.txt'
[ 45%] Built target rosidl_typesupport_fastrtps_c
[ 45%] Built target ament_cmake_python_build_rosidl_typesupport_fastrtps_c_egg
[ 54%] Linking CXX static library libgtest_main.a
[ 54%] Built target gtest_main
[ 63%] Linking CXX static library libgtest.a
[ 63%] Built target gtest
[ 72%] Building CXX object CMakeFiles/test_wstring_conversion.dir/test/test_wstring_conversion.cpp.o
[ 81%] Building CXX object CMakeFiles/test_wstring_conversion_mem.dir/test/test_wstring_conversion_mem.cpp.o
[ 90%] Linking CXX executable test_wstring_conversion
[ 90%] Built target test_wstring_conversion
[100%] Linking CXX executable test_wstring_conversion_mem
[100%] Built target test_wstring_conversion_mem
-- Install configuration: ""
-- Installing: /workspace/jazzy_ws/install/share/rosidl_typesupport_fastrtps_c/environment/pythonpath.sh
-- Installing: /workspace/jazzy_ws/install/share/rosidl_typesupport_fastrtps_c/environment/pythonpath.dsv
-- Installing: /workspace/jazzy_ws/install/lib/python3.12/site-packages/rosidl_typesupport_fastrtps_c-3.6.3-py3.12.egg-info
-- Installing: /workspace/jazzy_ws/install/lib/python3.12/site-packages/rosidl_typesupport_fastrtps_c-3.6.3-py3.12.egg-info/PKG-INFO
-- Installing: /workspace/jazzy_ws/install/lib/python3.12/site-packages/rosidl_typesupport_fastrtps_c-3.6.3-py3.12.egg-info/SOURCES.txt
-- Installing: /workspace/jazzy_ws/install/lib/python3.12/site-packages/rosidl_typesupport_fastrtps_c-3.6.3-py3.12.egg-info/top_level.txt
-- Installing: /workspace/jazzy_ws/install/lib/python3.12/site-packages/rosidl_typesupport_fastrtps_c-3.6.3-py3.12.egg-info/entry_points.txt
-- Installing: /workspace/jazzy_ws/install/lib/python3.12/site-packages/rosidl_typesupport_fastrtps_c-3.6.3-py3.12.egg-info/dependency_links.txt
-- Installing: /workspace/jazzy_ws/install/lib/python3.12/site-packages/rosidl_typesupport_fastrtps_c
-- Installing: /workspace/jazzy_ws/install/lib/python3.12/site-packages/rosidl_typesupport_fastrtps_c/cli.py
-- Installing: /workspace/jazzy_ws/install/lib/python3.12/site-packages/rosidl_typesupport_fastrtps_c/__init__.py
Listing '/workspace/jazzy_ws/install/lib/python3.12/site-packages/rosidl_typesupport_fastrtps_c'...
Compiling '/workspace/jazzy_ws/install/lib/python3.12/site-packages/rosidl_typesupport_fastrtps_c/__init__.py'...
Compiling '/workspace/jazzy_ws/install/lib/python3.12/site-packages/rosidl_typesupport_fastrtps_c/cli.py'...
-- Installing: /workspace/jazzy_ws/install/share/rosidl_typesupport_fastrtps_c/environment/library_path.sh
-- Installing: /workspace/jazzy_ws/install/share/rosidl_typesupport_fastrtps_c/environment/library_path.dsv
-- Installing: /workspace/jazzy_ws/install/share/ament_index/resource_index/rosidl_typesupport_c/rosidl_typesupport_fastrtps_c
-- Installing: /workspace/jazzy_ws/install/share/ament_index/resource_index/package_run_dependencies/rosidl_typesupport_fastrtps_c
-- Installing: /workspace/jazzy_ws/install/share/ament_index/resource_index/parent_prefix_path/rosidl_typesupport_fastrtps_c
-- Installing: /workspace/jazzy_ws/install/share/rosidl_typesupport_fastrtps_c/environment/ament_prefix_path.sh
-- Installing: /workspace/jazzy_ws/install/share/rosidl_typesupport_fastrtps_c/environment/ament_prefix_path.dsv
-- Installing: /workspace/jazzy_ws/install/share/rosidl_typesupport_fastrtps_c/environment/path.sh
-- Installing: /workspace/jazzy_ws/install/share/rosidl_typesupport_fastrtps_c/environment/path.dsv
-- Installing: /workspace/jazzy_ws/install/share/rosidl_typesupport_fastrtps_c/local_setup.bash
-- Installing: /workspace/jazzy_ws/install/share/rosidl_typesupport_fastrtps_c/local_setup.sh
-- Installing: /workspace/jazzy_ws/install/share/rosidl_typesupport_fastrtps_c/local_setup.zsh
-- Installing: /workspace/jazzy_ws/install/share/rosidl_typesupport_fastrtps_c/local_setup.dsv
-- Installing: /workspace/jazzy_ws/install/share/rosidl_typesupport_fastrtps_c/package.dsv
-- Installing: /workspace/jazzy_ws/install/share/ament_index/resource_index/packages/rosidl_typesupport_fastrtps_c
-- Installing: /workspace/jazzy_ws/install/share/rosidl_typesupport_fastrtps_c/cmake/rosidl_typesupport_fastrtps_cExport.cmake
-- Installing: /workspace/jazzy_ws/install/share/rosidl_typesupport_fastrtps_c/cmake/rosidl_typesupport_fastrtps_cExport-noconfig.cmake
-- Installing: /workspace/jazzy_ws/install/share/rosidl_typesupport_fastrtps_c/cmake/rosidl_typesupport_fastrtps_c-extras.cmake
-- Installing: /workspace/jazzy_ws/install/share/rosidl_typesupport_fastrtps_c/cmake/ament_cmake_export_dependencies-extras.cmake
-- Installing: /workspace/jazzy_ws/install/share/rosidl_typesupport_fastrtps_c/cmake/ament_cmake_export_include_directories-extras.cmake
-- Installing: /workspace/jazzy_ws/install/share/rosidl_typesupport_fastrtps_c/cmake/ament_cmake_export_libraries-extras.cmake
-- Installing: /workspace/jazzy_ws/install/share/rosidl_typesupport_fastrtps_c/cmake/ament_cmake_export_targets-extras.cmake
-- Installing: /workspace/jazzy_ws/install/share/rosidl_typesupport_fastrtps_c/cmake/rosidl_typesupport_fastrtps_cConfig.cmake
-- Installing: /workspace/jazzy_ws/install/share/rosidl_typesupport_fastrtps_c/cmake/rosidl_typesupport_fastrtps_cConfig-version.cmake
-- Installing: /workspace/jazzy_ws/install/share/rosidl_typesupport_fastrtps_c/package.xml
-- Installing: /workspace/jazzy_ws/install/lib/rosidl_typesupport_fastrtps_c/rosidl_typesupport_fastrtps_c
-- Up-to-date: /workspace/jazzy_ws/install/share/rosidl_typesupport_fastrtps_c/cmake
-- Installing: /workspace/jazzy_ws/install/share/rosidl_typesupport_fastrtps_c/cmake/rosidl_typesupport_fastrtps_c_generate_interfaces.cmake
-- Installing: /workspace/jazzy_ws/install/share/rosidl_typesupport_fastrtps_c/resource
-- Installing: /workspace/jazzy_ws/install/share/rosidl_typesupport_fastrtps_c/resource/rosidl_typesupport_fastrtps_c__visibility_control.h.in
-- Installing: /workspace/jazzy_ws/install/share/rosidl_typesupport_fastrtps_c/resource/srv__rosidl_typesupport_fastrtps_c.h.em
-- Installing: /workspace/jazzy_ws/install/share/rosidl_typesupport_fastrtps_c/resource/srv__type_support_c.cpp.em
-- Installing: /workspace/jazzy_ws/install/share/rosidl_typesupport_fastrtps_c/resource/msg__type_support_c.cpp.em
-- Installing: /workspace/jazzy_ws/install/share/rosidl_typesupport_fastrtps_c/resource/idl__rosidl_typesupport_fastrtps_c.h.em
-- Installing: /workspace/jazzy_ws/install/share/rosidl_typesupport_fastrtps_c/resource/idl__type_support_c.cpp.em
-- Installing: /workspace/jazzy_ws/install/share/rosidl_typesupport_fastrtps_c/resource/msg__rosidl_typesupport_fastrtps_c.h.em
-- Installing: /workspace/jazzy_ws/install/include/rosidl_typesupport_fastrtps_c
-- Installing: /workspace/jazzy_ws/install/include/rosidl_typesupport_fastrtps_c/rosidl_typesupport_fastrtps_c
-- Installing: /workspace/jazzy_ws/install/include/rosidl_typesupport_fastrtps_c/rosidl_typesupport_fastrtps_c/serialization_helpers.hpp
-- Installing: /workspace/jazzy_ws/install/include/rosidl_typesupport_fastrtps_c/rosidl_typesupport_fastrtps_c/visibility_control.h
-- Installing: /workspace/jazzy_ws/install/include/rosidl_typesupport_fastrtps_c/rosidl_typesupport_fastrtps_c/identifier.h
-- Installing: /workspace/jazzy_ws/install/include/rosidl_typesupport_fastrtps_c/rosidl_typesupport_fastrtps_c/wstring_conversion.hpp
-- Installing: /workspace/jazzy_ws/install/lib/librosidl_typesupport_fastrtps_c.so
-- Set non-toolchain portion of runtime path of "/workspace/jazzy_ws/install/lib/librosidl_typesupport_fastrtps_c.so" to ""
