[0.066s] Invoking command in '/workspace/jazzy_ws/build/rosidl_typesupport_fastrtps_c': AMENT_PREFIX_PATH=/workspace/jazzy_ws/install CMAKE_PREFIX_PATH=/workspace/jazzy_ws/install LD_LIBRARY_PATH=/workspace/jazzy_ws/install/lib:/workspace/jazzy_ws/install/opt/mimick_vendor/lib PATH=/workspace/jazzy_ws/install/bin:/workspace/jazzy_ws/install/opt/uncrustify_vendor/bin:${PATH} PKG_CONFIG_PATH=/workspace/jazzy_ws/install/lib/x86_64-linux-gnu/pkgconfig:/workspace/jazzy_ws/install/lib/pkgconfig PYTHONPATH=/workspace/jazzy_ws/install/lib/python3.12/site-packages /usr/bin/cmake /workspace/jazzy_ws/src/rosidl_typesupport_fastrtps/rosidl_typesupport_fastrtps_c -DCMAKE_INSTALL_PREFIX=/workspace/jazzy_ws/install
[0.095s] -- The C compiler identification is GNU 13.3.0
[0.125s] -- The CXX compiler identification is GNU 13.3.0
[0.133s] -- Detecting C compiler ABI info
[0.177s] -- Detecting C compiler ABI info - done
[0.182s] -- Check for working C compiler: /usr/bin/cc - skipped
[0.183s] -- Detecting C compile features
[0.183s] -- Detecting C compile features - done
[0.188s] -- Detecting CXX compiler ABI info
[0.236s] -- Detecting CXX compiler ABI info - done
[0.242s] -- Check for working CXX compiler: /usr/bin/c++ - skipped
[0.242s] -- Detecting CXX compile features
[0.242s] -- Detecting CXX compile features - done
[0.243s] -- Found ament_cmake_ros: 0.12.0 (/workspace/jazzy_ws/install/share/ament_cmake_ros/cmake)
[0.310s] -- Found Python3: /usr/bin/python3 (found version "3.12.3") found components: Interpreter 
[0.358s] -- Found rosidl_runtime_c: 4.6.7 (/workspace/jazzy_ws/install/share/rosidl_runtime_c/cmake)
[0.425s] -- Found ament_lint_auto: 0.17.4 (/workspace/jazzy_ws/install/share/ament_lint_auto/cmake)
[0.427s] -- Found performance_test_fixture: 0.2.1 (/workspace/jazzy_ws/install/share/performance_test_fixture/cmake)
[0.532s] -- Found gtest sources under '/workspace/jazzy_ws/install/src/gtest_vendor': C++ tests using 'Google Test' will be built
[0.534s] -- Found Threads: TRUE  
[0.615s] -- Added test 'copyright' to check source files copyright and LICENSE
[0.618s] -- Added test 'cppcheck' to perform static code analysis on C / C++ code
[0.618s] -- Configured cppcheck include dirs: /workspace/jazzy_ws/install/include;$<BUILD_INTERFACE:/workspace/jazzy_ws/src/rosidl_typesupport_fastrtps/rosidl_typesupport_fastrtps_c/include>
[0.618s] -- Configured cppcheck exclude dirs and/or files: 
[0.620s] -- Added test 'cpplint' to check C / C++ code against the Google style
[0.620s] -- Configured cpplint exclude dirs and/or files: 
[0.621s] -- Added test 'flake8' to check Python code syntax and style conventions
[0.621s] -- Configured 'flake8' exclude dirs and/or files: 
[0.621s] -- Added test 'lint_cmake' to check CMake code style
[0.622s] -- Added test 'pep257' to check Python code against some of the docstring style conventions in PEP 257
[0.624s] -- Added test 'uncrustify' to check C / C++ code style
[0.624s] -- Configured uncrustify additional arguments: 
[0.624s] -- Added test 'xmllint' to check XML markup files
[0.625s] -- Configuring done (0.6s)
[0.631s] -- Generating done (0.0s)
[0.633s] -- Build files have been written to: /workspace/jazzy_ws/build/rosidl_typesupport_fastrtps_c
[0.637s] Invoked command in '/workspace/jazzy_ws/build/rosidl_typesupport_fastrtps_c' returned '0': AMENT_PREFIX_PATH=/workspace/jazzy_ws/install CMAKE_PREFIX_PATH=/workspace/jazzy_ws/install LD_LIBRARY_PATH=/workspace/jazzy_ws/install/lib:/workspace/jazzy_ws/install/opt/mimick_vendor/lib PATH=/workspace/jazzy_ws/install/bin:/workspace/jazzy_ws/install/opt/uncrustify_vendor/bin:${PATH} PKG_CONFIG_PATH=/workspace/jazzy_ws/install/lib/x86_64-linux-gnu/pkgconfig:/workspace/jazzy_ws/install/lib/pkgconfig PYTHONPATH=/workspace/jazzy_ws/install/lib/python3.12/site-packages /usr/bin/cmake /workspace/jazzy_ws/src/rosidl_typesupport_fastrtps/rosidl_typesupport_fastrtps_c -DCMAKE_INSTALL_PREFIX=/workspace/jazzy_ws/install
[0.637s] Invoking command in '/workspace/jazzy_ws/build/rosidl_typesupport_fastrtps_c': AMENT_PREFIX_PATH=/workspace/jazzy_ws/install CMAKE_PREFIX_PATH=/workspace/jazzy_ws/install LD_LIBRARY_PATH=/workspace/jazzy_ws/install/lib:/workspace/jazzy_ws/install/opt/mimick_vendor/lib PATH=/workspace/jazzy_ws/install/bin:/workspace/jazzy_ws/install/opt/uncrustify_vendor/bin:${PATH} PKG_CONFIG_PATH=/workspace/jazzy_ws/install/lib/x86_64-linux-gnu/pkgconfig:/workspace/jazzy_ws/install/lib/pkgconfig PYTHONPATH=/workspace/jazzy_ws/install/lib/python3.12/site-packages /usr/bin/cmake --build /workspace/jazzy_ws/build/rosidl_typesupport_fastrtps_c -- -j24 -l24
[0.665s] [  9%] Building CXX object CMakeFiles/rosidl_typesupport_fastrtps_c.dir/src/wstring_conversion.cpp.o
[0.665s] [ 18%] Building CXX object CMakeFiles/rosidl_typesupport_fastrtps_c.dir/src/identifier.cpp.o
[0.665s] [ 27%] Building CXX object gtest/CMakeFiles/gtest_main.dir/src/gtest_main.cc.o
[0.665s] [ 36%] Building CXX object gtest/CMakeFiles/gtest.dir/src/gtest-all.cc.o
[0.668s] [ 36%] Built target ament_cmake_python_copy_rosidl_typesupport_fastrtps_c_setup
[0.669s] [ 36%] Built target ament_cmake_python_copy_rosidl_typesupport_fastrtps_c
[0.759s] [ 45%] Linking CXX shared library librosidl_typesupport_fastrtps_c.so
[0.762s] running egg_info
[0.766s] creating rosidl_typesupport_fastrtps_c.egg-info
[0.767s] writing rosidl_typesupport_fastrtps_c.egg-info/PKG-INFO
[0.767s] writing dependency_links to rosidl_typesupport_fastrtps_c.egg-info/dependency_links.txt
[0.767s] writing entry points to rosidl_typesupport_fastrtps_c.egg-info/entry_points.txt
[0.767s] writing top-level names to rosidl_typesupport_fastrtps_c.egg-info/top_level.txt
[0.767s] writing manifest file 'rosidl_typesupport_fastrtps_c.egg-info/SOURCES.txt'
[0.780s] reading manifest file 'rosidl_typesupport_fastrtps_c.egg-info/SOURCES.txt'
[0.780s] writing manifest file 'rosidl_typesupport_fastrtps_c.egg-info/SOURCES.txt'
[0.794s] [ 45%] Built target rosidl_typesupport_fastrtps_c
[0.796s] [ 45%] Built target ament_cmake_python_build_rosidl_typesupport_fastrtps_c_egg
[1.050s] [ 54%] Linking CXX static library libgtest_main.a
[1.067s] [ 54%] Built target gtest_main
[2.391s] [ 63%] Linking CXX static library libgtest.a
[2.422s] [ 63%] Built target gtest
[2.433s] [ 72%] Building CXX object CMakeFiles/test_wstring_conversion.dir/test/test_wstring_conversion.cpp.o
[2.433s] [ 81%] Building CXX object CMakeFiles/test_wstring_conversion_mem.dir/test/test_wstring_conversion_mem.cpp.o
[2.851s] [ 90%] Linking CXX executable test_wstring_conversion
[2.914s] [ 90%] Built target test_wstring_conversion
[2.922s] [100%] Linking CXX executable test_wstring_conversion_mem
[2.985s] [100%] Built target test_wstring_conversion_mem
[2.990s] Invoked command in '/workspace/jazzy_ws/build/rosidl_typesupport_fastrtps_c' returned '0': AMENT_PREFIX_PATH=/workspace/jazzy_ws/install CMAKE_PREFIX_PATH=/workspace/jazzy_ws/install LD_LIBRARY_PATH=/workspace/jazzy_ws/install/lib:/workspace/jazzy_ws/install/opt/mimick_vendor/lib PATH=/workspace/jazzy_ws/install/bin:/workspace/jazzy_ws/install/opt/uncrustify_vendor/bin:${PATH} PKG_CONFIG_PATH=/workspace/jazzy_ws/install/lib/x86_64-linux-gnu/pkgconfig:/workspace/jazzy_ws/install/lib/pkgconfig PYTHONPATH=/workspace/jazzy_ws/install/lib/python3.12/site-packages /usr/bin/cmake --build /workspace/jazzy_ws/build/rosidl_typesupport_fastrtps_c -- -j24 -l24
[2.991s] Invoking command in '/workspace/jazzy_ws/build/rosidl_typesupport_fastrtps_c': AMENT_PREFIX_PATH=/workspace/jazzy_ws/install CMAKE_PREFIX_PATH=/workspace/jazzy_ws/install LD_LIBRARY_PATH=/workspace/jazzy_ws/install/lib:/workspace/jazzy_ws/install/opt/mimick_vendor/lib PATH=/workspace/jazzy_ws/install/bin:/workspace/jazzy_ws/install/opt/uncrustify_vendor/bin:${PATH} PKG_CONFIG_PATH=/workspace/jazzy_ws/install/lib/x86_64-linux-gnu/pkgconfig:/workspace/jazzy_ws/install/lib/pkgconfig PYTHONPATH=/workspace/jazzy_ws/install/lib/python3.12/site-packages /usr/bin/cmake --install /workspace/jazzy_ws/build/rosidl_typesupport_fastrtps_c
[2.995s] -- Install configuration: ""
[2.995s] -- Installing: /workspace/jazzy_ws/install/share/rosidl_typesupport_fastrtps_c/environment/pythonpath.sh
[2.995s] -- Installing: /workspace/jazzy_ws/install/share/rosidl_typesupport_fastrtps_c/environment/pythonpath.dsv
[2.995s] -- Installing: /workspace/jazzy_ws/install/lib/python3.12/site-packages/rosidl_typesupport_fastrtps_c-3.6.3-py3.12.egg-info
[2.995s] -- Installing: /workspace/jazzy_ws/install/lib/python3.12/site-packages/rosidl_typesupport_fastrtps_c-3.6.3-py3.12.egg-info/PKG-INFO
[2.995s] -- Installing: /workspace/jazzy_ws/install/lib/python3.12/site-packages/rosidl_typesupport_fastrtps_c-3.6.3-py3.12.egg-info/SOURCES.txt
[2.995s] -- Installing: /workspace/jazzy_ws/install/lib/python3.12/site-packages/rosidl_typesupport_fastrtps_c-3.6.3-py3.12.egg-info/top_level.txt
[2.995s] -- Installing: /workspace/jazzy_ws/install/lib/python3.12/site-packages/rosidl_typesupport_fastrtps_c-3.6.3-py3.12.egg-info/entry_points.txt
[2.995s] -- Installing: /workspace/jazzy_ws/install/lib/python3.12/site-packages/rosidl_typesupport_fastrtps_c-3.6.3-py3.12.egg-info/dependency_links.txt
[2.995s] -- Installing: /workspace/jazzy_ws/install/lib/python3.12/site-packages/rosidl_typesupport_fastrtps_c
[2.995s] -- Installing: /workspace/jazzy_ws/install/lib/python3.12/site-packages/rosidl_typesupport_fastrtps_c/cli.py
[2.995s] -- Installing: /workspace/jazzy_ws/install/lib/python3.12/site-packages/rosidl_typesupport_fastrtps_c/__init__.py
[3.016s] Listing '/workspace/jazzy_ws/install/lib/python3.12/site-packages/rosidl_typesupport_fastrtps_c'...
[3.016s] Compiling '/workspace/jazzy_ws/install/lib/python3.12/site-packages/rosidl_typesupport_fastrtps_c/__init__.py'...
[3.016s] Compiling '/workspace/jazzy_ws/install/lib/python3.12/site-packages/rosidl_typesupport_fastrtps_c/cli.py'...
[3.019s] -- Installing: /workspace/jazzy_ws/install/share/rosidl_typesupport_fastrtps_c/environment/library_path.sh
[3.019s] -- Installing: /workspace/jazzy_ws/install/share/rosidl_typesupport_fastrtps_c/environment/library_path.dsv
[3.020s] -- Installing: /workspace/jazzy_ws/install/share/ament_index/resource_index/rosidl_typesupport_c/rosidl_typesupport_fastrtps_c
[3.020s] -- Installing: /workspace/jazzy_ws/install/share/ament_index/resource_index/package_run_dependencies/rosidl_typesupport_fastrtps_c
[3.020s] -- Installing: /workspace/jazzy_ws/install/share/ament_index/resource_index/parent_prefix_path/rosidl_typesupport_fastrtps_c
[3.020s] -- Installing: /workspace/jazzy_ws/install/share/rosidl_typesupport_fastrtps_c/environment/ament_prefix_path.sh
[3.020s] -- Installing: /workspace/jazzy_ws/install/share/rosidl_typesupport_fastrtps_c/environment/ament_prefix_path.dsv
[3.020s] -- Installing: /workspace/jazzy_ws/install/share/rosidl_typesupport_fastrtps_c/environment/path.sh
[3.020s] -- Installing: /workspace/jazzy_ws/install/share/rosidl_typesupport_fastrtps_c/environment/path.dsv
[3.020s] -- Installing: /workspace/jazzy_ws/install/share/rosidl_typesupport_fastrtps_c/local_setup.bash
[3.020s] -- Installing: /workspace/jazzy_ws/install/share/rosidl_typesupport_fastrtps_c/local_setup.sh
[3.020s] -- Installing: /workspace/jazzy_ws/install/share/rosidl_typesupport_fastrtps_c/local_setup.zsh
[3.020s] -- Installing: /workspace/jazzy_ws/install/share/rosidl_typesupport_fastrtps_c/local_setup.dsv
[3.020s] -- Installing: /workspace/jazzy_ws/install/share/rosidl_typesupport_fastrtps_c/package.dsv
[3.020s] -- Installing: /workspace/jazzy_ws/install/share/ament_index/resource_index/packages/rosidl_typesupport_fastrtps_c
[3.020s] -- Installing: /workspace/jazzy_ws/install/share/rosidl_typesupport_fastrtps_c/cmake/rosidl_typesupport_fastrtps_cExport.cmake
[3.020s] -- Installing: /workspace/jazzy_ws/install/share/rosidl_typesupport_fastrtps_c/cmake/rosidl_typesupport_fastrtps_cExport-noconfig.cmake
[3.020s] -- Installing: /workspace/jazzy_ws/install/share/rosidl_typesupport_fastrtps_c/cmake/rosidl_typesupport_fastrtps_c-extras.cmake
[3.021s] -- Installing: /workspace/jazzy_ws/install/share/rosidl_typesupport_fastrtps_c/cmake/ament_cmake_export_dependencies-extras.cmake
[3.021s] -- Installing: /workspace/jazzy_ws/install/share/rosidl_typesupport_fastrtps_c/cmake/ament_cmake_export_include_directories-extras.cmake
[3.021s] -- Installing: /workspace/jazzy_ws/install/share/rosidl_typesupport_fastrtps_c/cmake/ament_cmake_export_libraries-extras.cmake
[3.021s] -- Installing: /workspace/jazzy_ws/install/share/rosidl_typesupport_fastrtps_c/cmake/ament_cmake_export_targets-extras.cmake
[3.021s] -- Installing: /workspace/jazzy_ws/install/share/rosidl_typesupport_fastrtps_c/cmake/rosidl_typesupport_fastrtps_cConfig.cmake
[3.021s] -- Installing: /workspace/jazzy_ws/install/share/rosidl_typesupport_fastrtps_c/cmake/rosidl_typesupport_fastrtps_cConfig-version.cmake
[3.021s] -- Installing: /workspace/jazzy_ws/install/share/rosidl_typesupport_fastrtps_c/package.xml
[3.021s] -- Installing: /workspace/jazzy_ws/install/lib/rosidl_typesupport_fastrtps_c/rosidl_typesupport_fastrtps_c
[3.021s] -- Up-to-date: /workspace/jazzy_ws/install/share/rosidl_typesupport_fastrtps_c/cmake
[3.021s] -- Installing: /workspace/jazzy_ws/install/share/rosidl_typesupport_fastrtps_c/cmake/rosidl_typesupport_fastrtps_c_generate_interfaces.cmake
[3.021s] -- Installing: /workspace/jazzy_ws/install/share/rosidl_typesupport_fastrtps_c/resource
[3.021s] -- Installing: /workspace/jazzy_ws/install/share/rosidl_typesupport_fastrtps_c/resource/rosidl_typesupport_fastrtps_c__visibility_control.h.in
[3.021s] -- Installing: /workspace/jazzy_ws/install/share/rosidl_typesupport_fastrtps_c/resource/srv__rosidl_typesupport_fastrtps_c.h.em
[3.021s] -- Installing: /workspace/jazzy_ws/install/share/rosidl_typesupport_fastrtps_c/resource/srv__type_support_c.cpp.em
[3.021s] -- Installing: /workspace/jazzy_ws/install/share/rosidl_typesupport_fastrtps_c/resource/msg__type_support_c.cpp.em
[3.021s] -- Installing: /workspace/jazzy_ws/install/share/rosidl_typesupport_fastrtps_c/resource/idl__rosidl_typesupport_fastrtps_c.h.em
[3.022s] -- Installing: /workspace/jazzy_ws/install/share/rosidl_typesupport_fastrtps_c/resource/idl__type_support_c.cpp.em
[3.022s] -- Installing: /workspace/jazzy_ws/install/share/rosidl_typesupport_fastrtps_c/resource/msg__rosidl_typesupport_fastrtps_c.h.em
[3.022s] -- Installing: /workspace/jazzy_ws/install/include/rosidl_typesupport_fastrtps_c
[3.022s] -- Installing: /workspace/jazzy_ws/install/include/rosidl_typesupport_fastrtps_c/rosidl_typesupport_fastrtps_c
[3.022s] -- Installing: /workspace/jazzy_ws/install/include/rosidl_typesupport_fastrtps_c/rosidl_typesupport_fastrtps_c/serialization_helpers.hpp
[3.022s] -- Installing: /workspace/jazzy_ws/install/include/rosidl_typesupport_fastrtps_c/rosidl_typesupport_fastrtps_c/visibility_control.h
[3.022s] -- Installing: /workspace/jazzy_ws/install/include/rosidl_typesupport_fastrtps_c/rosidl_typesupport_fastrtps_c/identifier.h
[3.022s] -- Installing: /workspace/jazzy_ws/install/include/rosidl_typesupport_fastrtps_c/rosidl_typesupport_fastrtps_c/wstring_conversion.hpp
[3.022s] -- Installing: /workspace/jazzy_ws/install/lib/librosidl_typesupport_fastrtps_c.so
[3.022s] -- Set non-toolchain portion of runtime path of "/workspace/jazzy_ws/install/lib/librosidl_typesupport_fastrtps_c.so" to ""
[3.023s] Invoked command in '/workspace/jazzy_ws/build/rosidl_typesupport_fastrtps_c' returned '0': AMENT_PREFIX_PATH=/workspace/jazzy_ws/install CMAKE_PREFIX_PATH=/workspace/jazzy_ws/install LD_LIBRARY_PATH=/workspace/jazzy_ws/install/lib:/workspace/jazzy_ws/install/opt/mimick_vendor/lib PATH=/workspace/jazzy_ws/install/bin:/workspace/jazzy_ws/install/opt/uncrustify_vendor/bin:${PATH} PKG_CONFIG_PATH=/workspace/jazzy_ws/install/lib/x86_64-linux-gnu/pkgconfig:/workspace/jazzy_ws/install/lib/pkgconfig PYTHONPATH=/workspace/jazzy_ws/install/lib/python3.12/site-packages /usr/bin/cmake --install /workspace/jazzy_ws/build/rosidl_typesupport_fastrtps_c
