[0.048s] Invoking command in '/workspace/jazzy_ws/build/ament_cmake_export_dependencies': AMENT_PREFIX_PATH=/workspace/jazzy_ws/install CMAKE_PREFIX_PATH=/workspace/jazzy_ws/install LD_LIBRARY_PATH=/workspace/jazzy_ws/install/lib PATH=/workspace/jazzy_ws/install/bin:${PATH} PYTHONPATH=/workspace/jazzy_ws/install/lib/python3.12/site-packages /usr/bin/cmake /workspace/jazzy_ws/src/ament_cmake/ament_cmake_export_dependencies -DCMAKE_INSTALL_PREFIX=/workspace/jazzy_ws/install
[0.055s] -- Found ament_cmake_core: 2.5.5 (/workspace/jazzy_ws/install/share/ament_cmake_core/cmake)
[0.131s] -- Found Python3: /usr/bin/python3 (found version "3.12.3") found components: Interpreter 
[0.321s] -- Configuring done (0.2s)
[0.321s] -- Generating done (0.0s)
[0.321s] -- Build files have been written to: /workspace/jazzy_ws/build/ament_cmake_export_dependencies
[0.322s] Invoked command in '/workspace/jazzy_ws/build/ament_cmake_export_dependencies' returned '0': AMENT_PREFIX_PATH=/workspace/jazzy_ws/install CMAKE_PREFIX_PATH=/workspace/jazzy_ws/install LD_LIBRARY_PATH=/workspace/jazzy_ws/install/lib PATH=/workspace/jazzy_ws/install/bin:${PATH} PYTHONPATH=/workspace/jazzy_ws/install/lib/python3.12/site-packages /usr/bin/cmake /workspace/jazzy_ws/src/ament_cmake/ament_cmake_export_dependencies -DCMAKE_INSTALL_PREFIX=/workspace/jazzy_ws/install
[0.323s] Invoking command in '/workspace/jazzy_ws/build/ament_cmake_export_dependencies': AMENT_PREFIX_PATH=/workspace/jazzy_ws/install CMAKE_PREFIX_PATH=/workspace/jazzy_ws/install LD_LIBRARY_PATH=/workspace/jazzy_ws/install/lib PATH=/workspace/jazzy_ws/install/bin:${PATH} PYTHONPATH=/workspace/jazzy_ws/install/lib/python3.12/site-packages /usr/bin/cmake --build /workspace/jazzy_ws/build/ament_cmake_export_dependencies -- -j24 -l24
[0.340s] Invoked command in '/workspace/jazzy_ws/build/ament_cmake_export_dependencies' returned '0': AMENT_PREFIX_PATH=/workspace/jazzy_ws/install CMAKE_PREFIX_PATH=/workspace/jazzy_ws/install LD_LIBRARY_PATH=/workspace/jazzy_ws/install/lib PATH=/workspace/jazzy_ws/install/bin:${PATH} PYTHONPATH=/workspace/jazzy_ws/install/lib/python3.12/site-packages /usr/bin/cmake --build /workspace/jazzy_ws/build/ament_cmake_export_dependencies -- -j24 -l24
[0.340s] Invoking command in '/workspace/jazzy_ws/build/ament_cmake_export_dependencies': AMENT_PREFIX_PATH=/workspace/jazzy_ws/install CMAKE_PREFIX_PATH=/workspace/jazzy_ws/install LD_LIBRARY_PATH=/workspace/jazzy_ws/install/lib PATH=/workspace/jazzy_ws/install/bin:${PATH} PYTHONPATH=/workspace/jazzy_ws/install/lib/python3.12/site-packages /usr/bin/cmake --install /workspace/jazzy_ws/build/ament_cmake_export_dependencies
[0.343s] -- Install configuration: ""
[0.343s] -- Installing: /workspace/jazzy_ws/install/share/ament_index/resource_index/package_run_dependencies/ament_cmake_export_dependencies
[0.344s] -- Installing: /workspace/jazzy_ws/install/share/ament_index/resource_index/parent_prefix_path/ament_cmake_export_dependencies
[0.344s] -- Installing: /workspace/jazzy_ws/install/share/ament_cmake_export_dependencies/environment/ament_prefix_path.sh
[0.344s] -- Installing: /workspace/jazzy_ws/install/share/ament_cmake_export_dependencies/environment/ament_prefix_path.dsv
[0.344s] -- Installing: /workspace/jazzy_ws/install/share/ament_cmake_export_dependencies/environment/path.sh
[0.344s] -- Installing: /workspace/jazzy_ws/install/share/ament_cmake_export_dependencies/environment/path.dsv
[0.344s] -- Installing: /workspace/jazzy_ws/install/share/ament_cmake_export_dependencies/local_setup.bash
[0.344s] -- Installing: /workspace/jazzy_ws/install/share/ament_cmake_export_dependencies/local_setup.sh
[0.344s] -- Installing: /workspace/jazzy_ws/install/share/ament_cmake_export_dependencies/local_setup.zsh
[0.344s] -- Installing: /workspace/jazzy_ws/install/share/ament_cmake_export_dependencies/local_setup.dsv
[0.345s] -- Installing: /workspace/jazzy_ws/install/share/ament_cmake_export_dependencies/package.dsv
[0.345s] -- Installing: /workspace/jazzy_ws/install/share/ament_index/resource_index/packages/ament_cmake_export_dependencies
[0.345s] -- Installing: /workspace/jazzy_ws/install/share/ament_cmake_export_dependencies/cmake/ament_cmake_export_dependencies-extras.cmake
[0.345s] -- Installing: /workspace/jazzy_ws/install/share/ament_cmake_export_dependencies/cmake/ament_cmake_export_dependenciesConfig.cmake
[0.345s] -- Installing: /workspace/jazzy_ws/install/share/ament_cmake_export_dependencies/cmake/ament_cmake_export_dependenciesConfig-version.cmake
[0.345s] -- Installing: /workspace/jazzy_ws/install/share/ament_cmake_export_dependencies/package.xml
[0.345s] -- Up-to-date: /workspace/jazzy_ws/install/share/ament_cmake_export_dependencies/cmake
[0.345s] -- Installing: /workspace/jazzy_ws/install/share/ament_cmake_export_dependencies/cmake/ament_cmake_export_dependencies-extras.cmake.in
[0.345s] -- Installing: /workspace/jazzy_ws/install/share/ament_cmake_export_dependencies/cmake/ament_cmake_export_dependencies_package_hook.cmake
[0.345s] -- Installing: /workspace/jazzy_ws/install/share/ament_cmake_export_dependencies/cmake/ament_export_dependencies.cmake
[0.360s] Invoked command in '/workspace/jazzy_ws/build/ament_cmake_export_dependencies' returned '0': AMENT_PREFIX_PATH=/workspace/jazzy_ws/install CMAKE_PREFIX_PATH=/workspace/jazzy_ws/install LD_LIBRARY_PATH=/workspace/jazzy_ws/install/lib PATH=/workspace/jazzy_ws/install/bin:${PATH} PYTHONPATH=/workspace/jazzy_ws/install/lib/python3.12/site-packages /usr/bin/cmake --install /workspace/jazzy_ws/build/ament_cmake_export_dependencies
