[0.521s] Invoking command in '/workspace/jazzy_ws/src/ament_package': PYTHONPATH=/workspace/jazzy_ws/build/ament_package/prefix_override:/usr/lib/python3/dist-packages/colcon_core/task/python/colcon_distutils_commands:/workspace/jazzy_ws/install/lib/python3.12/site-packages: /usr/bin/python3 -W ignore:setup.py install is deprecated -W ignore:easy_install command is deprecated setup.py egg_info --egg-base ../../build/ament_package build --build-base /workspace/jazzy_ws/build/ament_package/build install --record /workspace/jazzy_ws/build/ament_package/install.log --single-version-externally-managed install_data
[0.615s] running egg_info
[0.618s] creating ../../build/ament_package/ament_package.egg-info
[0.618s] writing ../../build/ament_package/ament_package.egg-info/PKG-INFO
[0.618s] writing dependency_links to ../../build/ament_package/ament_package.egg-info/dependency_links.txt
[0.619s] writing requirements to ../../build/ament_package/ament_package.egg-info/requires.txt
[0.619s] writing top-level names to ../../build/ament_package/ament_package.egg-info/top_level.txt
[0.620s] writing manifest file '../../build/ament_package/ament_package.egg-info/SOURCES.txt'
[0.628s] reading manifest file '../../build/ament_package/ament_package.egg-info/SOURCES.txt'
[0.628s] adding license file 'LICENSE'
[0.629s] writing manifest file '../../build/ament_package/ament_package.egg-info/SOURCES.txt'
[0.629s] running build
[0.629s] running build_py
[0.629s] creating /workspace/jazzy_ws/build/ament_package/build/lib/ament_package
[0.629s] copying ament_package/templates.py -> /workspace/jazzy_ws/build/ament_package/build/lib/ament_package
[0.629s] copying ament_package/__init__.py -> /workspace/jazzy_ws/build/ament_package/build/lib/ament_package
[0.629s] creating /workspace/jazzy_ws/build/ament_package/build/lib/ament_package/template
[0.630s] copying ament_package/template/__init__.py -> /workspace/jazzy_ws/build/ament_package/build/lib/ament_package/template
[0.630s] creating /workspace/jazzy_ws/build/ament_package/build/lib/ament_package/template/prefix_level
[0.630s] copying ament_package/template/prefix_level/__init__.py -> /workspace/jazzy_ws/build/ament_package/build/lib/ament_package/template/prefix_level
[0.630s] copying ament_package/template/prefix_level/_local_setup_util.py -> /workspace/jazzy_ws/build/ament_package/build/lib/ament_package/template/prefix_level
[0.630s] creating /workspace/jazzy_ws/build/ament_package/build/lib/ament_package/template/environment_hook
[0.630s] copying ament_package/template/environment_hook/__init__.py -> /workspace/jazzy_ws/build/ament_package/build/lib/ament_package/template/environment_hook
[0.630s] creating /workspace/jazzy_ws/build/ament_package/build/lib/ament_package/template/package_level
[0.630s] copying ament_package/template/package_level/__init__.py -> /workspace/jazzy_ws/build/ament_package/build/lib/ament_package/template/package_level
[0.631s] copying ament_package/template/environment_hook/ament_prefix_path.sh -> /workspace/jazzy_ws/build/ament_package/build/lib/ament_package/template/environment_hook
[0.631s] copying ament_package/template/environment_hook/pkg_config_path.bat -> /workspace/jazzy_ws/build/ament_package/build/lib/ament_package/template/environment_hook
[0.631s] copying ament_package/template/environment_hook/library_path.sh -> /workspace/jazzy_ws/build/ament_package/build/lib/ament_package/template/environment_hook
[0.631s] copying ament_package/template/environment_hook/path.bat -> /workspace/jazzy_ws/build/ament_package/build/lib/ament_package/template/environment_hook
[0.631s] copying ament_package/template/environment_hook/pythonpath.sh.in -> /workspace/jazzy_ws/build/ament_package/build/lib/ament_package/template/environment_hook
[0.631s] copying ament_package/template/environment_hook/__init__.py -> /workspace/jazzy_ws/build/ament_package/build/lib/ament_package/template/environment_hook
[0.631s] copying ament_package/template/environment_hook/path.sh -> /workspace/jazzy_ws/build/ament_package/build/lib/ament_package/template/environment_hook
[0.631s] copying ament_package/template/environment_hook/pkg_config_path.sh -> /workspace/jazzy_ws/build/ament_package/build/lib/ament_package/template/environment_hook
[0.631s] copying ament_package/template/environment_hook/ament_prefix_path.bat -> /workspace/jazzy_ws/build/ament_package/build/lib/ament_package/template/environment_hook
[0.631s] copying ament_package/template/environment_hook/pythonpath.bat.in -> /workspace/jazzy_ws/build/ament_package/build/lib/ament_package/template/environment_hook
[0.631s] copying ament_package/template/package_level/__init__.py -> /workspace/jazzy_ws/build/ament_package/build/lib/ament_package/template/package_level
[0.631s] copying ament_package/template/package_level/local_setup.sh.in -> /workspace/jazzy_ws/build/ament_package/build/lib/ament_package/template/package_level
[0.631s] copying ament_package/template/package_level/local_setup.zsh.in -> /workspace/jazzy_ws/build/ament_package/build/lib/ament_package/template/package_level
[0.631s] copying ament_package/template/package_level/local_setup.bat.in -> /workspace/jazzy_ws/build/ament_package/build/lib/ament_package/template/package_level
[0.631s] copying ament_package/template/package_level/local_setup.bash.in -> /workspace/jazzy_ws/build/ament_package/build/lib/ament_package/template/package_level
[0.631s] copying ament_package/template/prefix_level/local_setup.bash -> /workspace/jazzy_ws/build/ament_package/build/lib/ament_package/template/prefix_level
[0.631s] copying ament_package/template/prefix_level/__init__.py -> /workspace/jazzy_ws/build/ament_package/build/lib/ament_package/template/prefix_level
[0.632s] copying ament_package/template/prefix_level/setup.bash -> /workspace/jazzy_ws/build/ament_package/build/lib/ament_package/template/prefix_level
[0.632s] copying ament_package/template/prefix_level/local_setup.sh.in -> /workspace/jazzy_ws/build/ament_package/build/lib/ament_package/template/prefix_level
[0.632s] copying ament_package/template/prefix_level/setup.bat.in -> /workspace/jazzy_ws/build/ament_package/build/lib/ament_package/template/prefix_level
[0.632s] copying ament_package/template/prefix_level/_local_setup_util.py -> /workspace/jazzy_ws/build/ament_package/build/lib/ament_package/template/prefix_level
[0.632s] copying ament_package/template/prefix_level/setup.sh.in -> /workspace/jazzy_ws/build/ament_package/build/lib/ament_package/template/prefix_level
[0.632s] copying ament_package/template/prefix_level/setup.zsh -> /workspace/jazzy_ws/build/ament_package/build/lib/ament_package/template/prefix_level
[0.632s] copying ament_package/template/prefix_level/local_setup.bat.in -> /workspace/jazzy_ws/build/ament_package/build/lib/ament_package/template/prefix_level
[0.632s] copying ament_package/template/prefix_level/local_setup.zsh -> /workspace/jazzy_ws/build/ament_package/build/lib/ament_package/template/prefix_level
[0.632s] running install
[0.633s] running install_lib
[0.636s] creating /workspace/jazzy_ws/install/lib/python3.12/site-packages/ament_package
[0.637s] copying /workspace/jazzy_ws/build/ament_package/build/lib/ament_package/templates.py -> /workspace/jazzy_ws/install/lib/python3.12/site-packages/ament_package
[0.637s] copying /workspace/jazzy_ws/build/ament_package/build/lib/ament_package/__init__.py -> /workspace/jazzy_ws/install/lib/python3.12/site-packages/ament_package
[0.637s] creating /workspace/jazzy_ws/install/lib/python3.12/site-packages/ament_package/template
[0.637s] creating /workspace/jazzy_ws/install/lib/python3.12/site-packages/ament_package/template/prefix_level
[0.637s] copying /workspace/jazzy_ws/build/ament_package/build/lib/ament_package/template/prefix_level/local_setup.bash -> /workspace/jazzy_ws/install/lib/python3.12/site-packages/ament_package/template/prefix_level
[0.637s] copying /workspace/jazzy_ws/build/ament_package/build/lib/ament_package/template/prefix_level/__init__.py -> /workspace/jazzy_ws/install/lib/python3.12/site-packages/ament_package/template/prefix_level
[0.637s] copying /workspace/jazzy_ws/build/ament_package/build/lib/ament_package/template/prefix_level/setup.bash -> /workspace/jazzy_ws/install/lib/python3.12/site-packages/ament_package/template/prefix_level
[0.637s] copying /workspace/jazzy_ws/build/ament_package/build/lib/ament_package/template/prefix_level/local_setup.sh.in -> /workspace/jazzy_ws/install/lib/python3.12/site-packages/ament_package/template/prefix_level
[0.637s] copying /workspace/jazzy_ws/build/ament_package/build/lib/ament_package/template/prefix_level/setup.bat.in -> /workspace/jazzy_ws/install/lib/python3.12/site-packages/ament_package/template/prefix_level
[0.637s] copying /workspace/jazzy_ws/build/ament_package/build/lib/ament_package/template/prefix_level/_local_setup_util.py -> /workspace/jazzy_ws/install/lib/python3.12/site-packages/ament_package/template/prefix_level
[0.637s] copying /workspace/jazzy_ws/build/ament_package/build/lib/ament_package/template/prefix_level/setup.sh.in -> /workspace/jazzy_ws/install/lib/python3.12/site-packages/ament_package/template/prefix_level
[0.638s] copying /workspace/jazzy_ws/build/ament_package/build/lib/ament_package/template/prefix_level/setup.zsh -> /workspace/jazzy_ws/install/lib/python3.12/site-packages/ament_package/template/prefix_level
[0.638s] copying /workspace/jazzy_ws/build/ament_package/build/lib/ament_package/template/prefix_level/local_setup.bat.in -> /workspace/jazzy_ws/install/lib/python3.12/site-packages/ament_package/template/prefix_level
[0.638s] copying /workspace/jazzy_ws/build/ament_package/build/lib/ament_package/template/prefix_level/local_setup.zsh -> /workspace/jazzy_ws/install/lib/python3.12/site-packages/ament_package/template/prefix_level
[0.638s] copying /workspace/jazzy_ws/build/ament_package/build/lib/ament_package/template/__init__.py -> /workspace/jazzy_ws/install/lib/python3.12/site-packages/ament_package/template
[0.638s] creating /workspace/jazzy_ws/install/lib/python3.12/site-packages/ament_package/template/environment_hook
[0.638s] copying /workspace/jazzy_ws/build/ament_package/build/lib/ament_package/template/environment_hook/ament_prefix_path.sh -> /workspace/jazzy_ws/install/lib/python3.12/site-packages/ament_package/template/environment_hook
[0.638s] copying /workspace/jazzy_ws/build/ament_package/build/lib/ament_package/template/environment_hook/pkg_config_path.bat -> /workspace/jazzy_ws/install/lib/python3.12/site-packages/ament_package/template/environment_hook
[0.638s] copying /workspace/jazzy_ws/build/ament_package/build/lib/ament_package/template/environment_hook/library_path.sh -> /workspace/jazzy_ws/install/lib/python3.12/site-packages/ament_package/template/environment_hook
[0.638s] copying /workspace/jazzy_ws/build/ament_package/build/lib/ament_package/template/environment_hook/path.bat -> /workspace/jazzy_ws/install/lib/python3.12/site-packages/ament_package/template/environment_hook
[0.638s] copying /workspace/jazzy_ws/build/ament_package/build/lib/ament_package/template/environment_hook/pythonpath.sh.in -> /workspace/jazzy_ws/install/lib/python3.12/site-packages/ament_package/template/environment_hook
[0.638s] copying /workspace/jazzy_ws/build/ament_package/build/lib/ament_package/template/environment_hook/__init__.py -> /workspace/jazzy_ws/install/lib/python3.12/site-packages/ament_package/template/environment_hook
[0.638s] copying /workspace/jazzy_ws/build/ament_package/build/lib/ament_package/template/environment_hook/path.sh -> /workspace/jazzy_ws/install/lib/python3.12/site-packages/ament_package/template/environment_hook
[0.638s] copying /workspace/jazzy_ws/build/ament_package/build/lib/ament_package/template/environment_hook/pkg_config_path.sh -> /workspace/jazzy_ws/install/lib/python3.12/site-packages/ament_package/template/environment_hook
[0.638s] copying /workspace/jazzy_ws/build/ament_package/build/lib/ament_package/template/environment_hook/ament_prefix_path.bat -> /workspace/jazzy_ws/install/lib/python3.12/site-packages/ament_package/template/environment_hook
[0.638s] copying /workspace/jazzy_ws/build/ament_package/build/lib/ament_package/template/environment_hook/pythonpath.bat.in -> /workspace/jazzy_ws/install/lib/python3.12/site-packages/ament_package/template/environment_hook
[0.638s] creating /workspace/jazzy_ws/install/lib/python3.12/site-packages/ament_package/template/package_level
[0.638s] copying /workspace/jazzy_ws/build/ament_package/build/lib/ament_package/template/package_level/__init__.py -> /workspace/jazzy_ws/install/lib/python3.12/site-packages/ament_package/template/package_level
[0.638s] copying /workspace/jazzy_ws/build/ament_package/build/lib/ament_package/template/package_level/local_setup.sh.in -> /workspace/jazzy_ws/install/lib/python3.12/site-packages/ament_package/template/package_level
[0.638s] copying /workspace/jazzy_ws/build/ament_package/build/lib/ament_package/template/package_level/local_setup.zsh.in -> /workspace/jazzy_ws/install/lib/python3.12/site-packages/ament_package/template/package_level
[0.638s] copying /workspace/jazzy_ws/build/ament_package/build/lib/ament_package/template/package_level/local_setup.bat.in -> /workspace/jazzy_ws/install/lib/python3.12/site-packages/ament_package/template/package_level
[0.638s] copying /workspace/jazzy_ws/build/ament_package/build/lib/ament_package/template/package_level/local_setup.bash.in -> /workspace/jazzy_ws/install/lib/python3.12/site-packages/ament_package/template/package_level
[0.639s] byte-compiling /workspace/jazzy_ws/install/lib/python3.12/site-packages/ament_package/templates.py to templates.cpython-312.pyc
[0.639s] byte-compiling /workspace/jazzy_ws/install/lib/python3.12/site-packages/ament_package/__init__.py to __init__.cpython-312.pyc
[0.639s] byte-compiling /workspace/jazzy_ws/install/lib/python3.12/site-packages/ament_package/template/prefix_level/__init__.py to __init__.cpython-312.pyc
[0.639s] byte-compiling /workspace/jazzy_ws/install/lib/python3.12/site-packages/ament_package/template/prefix_level/_local_setup_util.py to _local_setup_util.cpython-312.pyc
[0.640s] byte-compiling /workspace/jazzy_ws/install/lib/python3.12/site-packages/ament_package/template/__init__.py to __init__.cpython-312.pyc
[0.640s] byte-compiling /workspace/jazzy_ws/install/lib/python3.12/site-packages/ament_package/template/environment_hook/__init__.py to __init__.cpython-312.pyc
[0.640s] byte-compiling /workspace/jazzy_ws/install/lib/python3.12/site-packages/ament_package/template/package_level/__init__.py to __init__.cpython-312.pyc
[0.640s] running install_data
[0.640s] copying package.xml -> /workspace/jazzy_ws/install/share/ament_package
[0.641s] copying resource/ament_package -> /workspace/jazzy_ws/install/share/ament_index/resource_index/packages
[0.641s] running install_egg_info
[0.644s] Copying ../../build/ament_package/ament_package.egg-info to /workspace/jazzy_ws/install/lib/python3.12/site-packages/ament_package-0.16.5-py3.12.egg-info
[0.644s] running install_scripts
[0.654s] writing list of installed files to '/workspace/jazzy_ws/build/ament_package/install.log'
[0.704s] Invoked command in '/workspace/jazzy_ws/src/ament_package' returned '0': PYTHONPATH=/workspace/jazzy_ws/build/ament_package/prefix_override:/usr/lib/python3/dist-packages/colcon_core/task/python/colcon_distutils_commands:/workspace/jazzy_ws/install/lib/python3.12/site-packages: /usr/bin/python3 -W ignore:setup.py install is deprecated -W ignore:easy_install command is deprecated setup.py egg_info --egg-base ../../build/ament_package build --build-base /workspace/jazzy_ws/build/ament_package/build install --record /workspace/jazzy_ws/build/ament_package/install.log --single-version-externally-managed install_data
