running egg_info
creating ../../../build/ament_copyright/ament_copyright.egg-info
writing ../../../build/ament_copyright/ament_copyright.egg-info/PKG-INFO
writing dependency_links to ../../../build/ament_copyright/ament_copyright.egg-info/dependency_links.txt
writing entry points to ../../../build/ament_copyright/ament_copyright.egg-info/entry_points.txt
writing requirements to ../../../build/ament_copyright/ament_copyright.egg-info/requires.txt
writing top-level names to ../../../build/ament_copyright/ament_copyright.egg-info/top_level.txt
writing manifest file '../../../build/ament_copyright/ament_copyright.egg-info/SOURCES.txt'
reading manifest file '../../../build/ament_copyright/ament_copyright.egg-info/SOURCES.txt'
writing manifest file '../../../build/ament_copyright/ament_copyright.egg-info/SOURCES.txt'
running build
running build_py
creating /workspace/jazzy_ws/build/ament_copyright/build/lib/ament_copyright
copying ament_copyright/licenses.py -> /workspace/jazzy_ws/build/ament_copyright/build/lib/ament_copyright
copying ament_copyright/pytest_marker.py -> /workspace/jazzy_ws/build/ament_copyright/build/lib/ament_copyright
copying ament_copyright/main.py -> /workspace/jazzy_ws/build/ament_copyright/build/lib/ament_copyright
copying ament_copyright/__init__.py -> /workspace/jazzy_ws/build/ament_copyright/build/lib/ament_copyright
copying ament_copyright/copyright_names.py -> /workspace/jazzy_ws/build/ament_copyright/build/lib/ament_copyright
copying ament_copyright/crawler.py -> /workspace/jazzy_ws/build/ament_copyright/build/lib/ament_copyright
copying ament_copyright/parser.py -> /workspace/jazzy_ws/build/ament_copyright/build/lib/ament_copyright
creating /workspace/jazzy_ws/build/ament_copyright/build/lib/ament_copyright/template
copying ament_copyright/template/bsd_3clause_header_0.txt -> /workspace/jazzy_ws/build/ament_copyright/build/lib/ament_copyright/template
copying ament_copyright/template/boost1_contributing.txt -> /workspace/jazzy_ws/build/ament_copyright/build/lib/ament_copyright/template
copying ament_copyright/template/bsd_3clause_license.txt -> /workspace/jazzy_ws/build/ament_copyright/build/lib/ament_copyright/template
copying ament_copyright/template/apache2_contributing.txt -> /workspace/jazzy_ws/build/ament_copyright/build/lib/ament_copyright/template
copying ament_copyright/template/mit_license.txt -> /workspace/jazzy_ws/build/ament_copyright/build/lib/ament_copyright/template
copying ament_copyright/template/boost1_header.txt -> /workspace/jazzy_ws/build/ament_copyright/build/lib/ament_copyright/template
copying ament_copyright/template/bsd_3clause_header.txt -> /workspace/jazzy_ws/build/ament_copyright/build/lib/ament_copyright/template
copying ament_copyright/template/boost1_license.txt -> /workspace/jazzy_ws/build/ament_copyright/build/lib/ament_copyright/template
copying ament_copyright/template/apache2_license.txt -> /workspace/jazzy_ws/build/ament_copyright/build/lib/ament_copyright/template
copying ament_copyright/template/bsd2_license.txt -> /workspace/jazzy_ws/build/ament_copyright/build/lib/ament_copyright/template
copying ament_copyright/template/bsd2_contributing.txt -> /workspace/jazzy_ws/build/ament_copyright/build/lib/ament_copyright/template
copying ament_copyright/template/lgplv3_contributing.txt -> /workspace/jazzy_ws/build/ament_copyright/build/lib/ament_copyright/template
copying ament_copyright/template/bsd2_header.txt -> /workspace/jazzy_ws/build/ament_copyright/build/lib/ament_copyright/template
copying ament_copyright/template/lgplv3_license.txt -> /workspace/jazzy_ws/build/ament_copyright/build/lib/ament_copyright/template
copying ament_copyright/template/lgplv3_header.txt -> /workspace/jazzy_ws/build/ament_copyright/build/lib/ament_copyright/template
copying ament_copyright/template/apache2_header.txt -> /workspace/jazzy_ws/build/ament_copyright/build/lib/ament_copyright/template
copying ament_copyright/template/mit_contributing.txt -> /workspace/jazzy_ws/build/ament_copyright/build/lib/ament_copyright/template
copying ament_copyright/template/gplv3_header.txt -> /workspace/jazzy_ws/build/ament_copyright/build/lib/ament_copyright/template
copying ament_copyright/template/gplv3_license.txt -> /workspace/jazzy_ws/build/ament_copyright/build/lib/ament_copyright/template
copying ament_copyright/template/mit0_contributing.txt -> /workspace/jazzy_ws/build/ament_copyright/build/lib/ament_copyright/template
copying ament_copyright/template/mit0_license.txt -> /workspace/jazzy_ws/build/ament_copyright/build/lib/ament_copyright/template
copying ament_copyright/template/mit0_header.txt -> /workspace/jazzy_ws/build/ament_copyright/build/lib/ament_copyright/template
copying ament_copyright/template/mit_header_0.txt -> /workspace/jazzy_ws/build/ament_copyright/build/lib/ament_copyright/template
copying ament_copyright/template/mit_header.txt -> /workspace/jazzy_ws/build/ament_copyright/build/lib/ament_copyright/template
copying ament_copyright/template/bsd_2clause_header.txt -> /workspace/jazzy_ws/build/ament_copyright/build/lib/ament_copyright/template
copying ament_copyright/template/bsd_3clause_contributing.txt -> /workspace/jazzy_ws/build/ament_copyright/build/lib/ament_copyright/template
copying ament_copyright/template/bsd_2clause_license.txt -> /workspace/jazzy_ws/build/ament_copyright/build/lib/ament_copyright/template
copying ament_copyright/template/gplv3_contributing.txt -> /workspace/jazzy_ws/build/ament_copyright/build/lib/ament_copyright/template
copying ament_copyright/template/bsd_2clause_contributing.txt -> /workspace/jazzy_ws/build/ament_copyright/build/lib/ament_copyright/template
running install
running install_lib
creating /workspace/jazzy_ws/install/lib/python3.12/site-packages/ament_copyright
copying /workspace/jazzy_ws/build/ament_copyright/build/lib/ament_copyright/licenses.py -> /workspace/jazzy_ws/install/lib/python3.12/site-packages/ament_copyright
copying /workspace/jazzy_ws/build/ament_copyright/build/lib/ament_copyright/pytest_marker.py -> /workspace/jazzy_ws/install/lib/python3.12/site-packages/ament_copyright
copying /workspace/jazzy_ws/build/ament_copyright/build/lib/ament_copyright/main.py -> /workspace/jazzy_ws/install/lib/python3.12/site-packages/ament_copyright
copying /workspace/jazzy_ws/build/ament_copyright/build/lib/ament_copyright/__init__.py -> /workspace/jazzy_ws/install/lib/python3.12/site-packages/ament_copyright
copying /workspace/jazzy_ws/build/ament_copyright/build/lib/ament_copyright/copyright_names.py -> /workspace/jazzy_ws/install/lib/python3.12/site-packages/ament_copyright
copying /workspace/jazzy_ws/build/ament_copyright/build/lib/ament_copyright/crawler.py -> /workspace/jazzy_ws/install/lib/python3.12/site-packages/ament_copyright
creating /workspace/jazzy_ws/install/lib/python3.12/site-packages/ament_copyright/template
copying /workspace/jazzy_ws/build/ament_copyright/build/lib/ament_copyright/template/bsd_3clause_header_0.txt -> /workspace/jazzy_ws/install/lib/python3.12/site-packages/ament_copyright/template
copying /workspace/jazzy_ws/build/ament_copyright/build/lib/ament_copyright/template/boost1_contributing.txt -> /workspace/jazzy_ws/install/lib/python3.12/site-packages/ament_copyright/template
copying /workspace/jazzy_ws/build/ament_copyright/build/lib/ament_copyright/template/bsd_3clause_license.txt -> /workspace/jazzy_ws/install/lib/python3.12/site-packages/ament_copyright/template
copying /workspace/jazzy_ws/build/ament_copyright/build/lib/ament_copyright/template/apache2_contributing.txt -> /workspace/jazzy_ws/install/lib/python3.12/site-packages/ament_copyright/template
copying /workspace/jazzy_ws/build/ament_copyright/build/lib/ament_copyright/template/mit_license.txt -> /workspace/jazzy_ws/install/lib/python3.12/site-packages/ament_copyright/template
copying /workspace/jazzy_ws/build/ament_copyright/build/lib/ament_copyright/template/boost1_header.txt -> /workspace/jazzy_ws/install/lib/python3.12/site-packages/ament_copyright/template
copying /workspace/jazzy_ws/build/ament_copyright/build/lib/ament_copyright/template/bsd_3clause_header.txt -> /workspace/jazzy_ws/install/lib/python3.12/site-packages/ament_copyright/template
copying /workspace/jazzy_ws/build/ament_copyright/build/lib/ament_copyright/template/boost1_license.txt -> /workspace/jazzy_ws/install/lib/python3.12/site-packages/ament_copyright/template
copying /workspace/jazzy_ws/build/ament_copyright/build/lib/ament_copyright/template/apache2_license.txt -> /workspace/jazzy_ws/install/lib/python3.12/site-packages/ament_copyright/template
copying /workspace/jazzy_ws/build/ament_copyright/build/lib/ament_copyright/template/bsd2_license.txt -> /workspace/jazzy_ws/install/lib/python3.12/site-packages/ament_copyright/template
copying /workspace/jazzy_ws/build/ament_copyright/build/lib/ament_copyright/template/bsd2_contributing.txt -> /workspace/jazzy_ws/install/lib/python3.12/site-packages/ament_copyright/template
copying /workspace/jazzy_ws/build/ament_copyright/build/lib/ament_copyright/template/lgplv3_contributing.txt -> /workspace/jazzy_ws/install/lib/python3.12/site-packages/ament_copyright/template
copying /workspace/jazzy_ws/build/ament_copyright/build/lib/ament_copyright/template/bsd2_header.txt -> /workspace/jazzy_ws/install/lib/python3.12/site-packages/ament_copyright/template
copying /workspace/jazzy_ws/build/ament_copyright/build/lib/ament_copyright/template/lgplv3_license.txt -> /workspace/jazzy_ws/install/lib/python3.12/site-packages/ament_copyright/template
copying /workspace/jazzy_ws/build/ament_copyright/build/lib/ament_copyright/template/lgplv3_header.txt -> /workspace/jazzy_ws/install/lib/python3.12/site-packages/ament_copyright/template
copying /workspace/jazzy_ws/build/ament_copyright/build/lib/ament_copyright/template/apache2_header.txt -> /workspace/jazzy_ws/install/lib/python3.12/site-packages/ament_copyright/template
copying /workspace/jazzy_ws/build/ament_copyright/build/lib/ament_copyright/template/mit_contributing.txt -> /workspace/jazzy_ws/install/lib/python3.12/site-packages/ament_copyright/template
copying /workspace/jazzy_ws/build/ament_copyright/build/lib/ament_copyright/template/gplv3_header.txt -> /workspace/jazzy_ws/install/lib/python3.12/site-packages/ament_copyright/template
copying /workspace/jazzy_ws/build/ament_copyright/build/lib/ament_copyright/template/gplv3_license.txt -> /workspace/jazzy_ws/install/lib/python3.12/site-packages/ament_copyright/template
copying /workspace/jazzy_ws/build/ament_copyright/build/lib/ament_copyright/template/mit0_contributing.txt -> /workspace/jazzy_ws/install/lib/python3.12/site-packages/ament_copyright/template
copying /workspace/jazzy_ws/build/ament_copyright/build/lib/ament_copyright/template/mit0_license.txt -> /workspace/jazzy_ws/install/lib/python3.12/site-packages/ament_copyright/template
copying /workspace/jazzy_ws/build/ament_copyright/build/lib/ament_copyright/template/mit0_header.txt -> /workspace/jazzy_ws/install/lib/python3.12/site-packages/ament_copyright/template
copying /workspace/jazzy_ws/build/ament_copyright/build/lib/ament_copyright/template/mit_header_0.txt -> /workspace/jazzy_ws/install/lib/python3.12/site-packages/ament_copyright/template
copying /workspace/jazzy_ws/build/ament_copyright/build/lib/ament_copyright/template/mit_header.txt -> /workspace/jazzy_ws/install/lib/python3.12/site-packages/ament_copyright/template
copying /workspace/jazzy_ws/build/ament_copyright/build/lib/ament_copyright/template/bsd_2clause_header.txt -> /workspace/jazzy_ws/install/lib/python3.12/site-packages/ament_copyright/template
copying /workspace/jazzy_ws/build/ament_copyright/build/lib/ament_copyright/template/bsd_3clause_contributing.txt -> /workspace/jazzy_ws/install/lib/python3.12/site-packages/ament_copyright/template
copying /workspace/jazzy_ws/build/ament_copyright/build/lib/ament_copyright/template/bsd_2clause_license.txt -> /workspace/jazzy_ws/install/lib/python3.12/site-packages/ament_copyright/template
copying /workspace/jazzy_ws/build/ament_copyright/build/lib/ament_copyright/template/gplv3_contributing.txt -> /workspace/jazzy_ws/install/lib/python3.12/site-packages/ament_copyright/template
copying /workspace/jazzy_ws/build/ament_copyright/build/lib/ament_copyright/template/bsd_2clause_contributing.txt -> /workspace/jazzy_ws/install/lib/python3.12/site-packages/ament_copyright/template
copying /workspace/jazzy_ws/build/ament_copyright/build/lib/ament_copyright/parser.py -> /workspace/jazzy_ws/install/lib/python3.12/site-packages/ament_copyright
byte-compiling /workspace/jazzy_ws/install/lib/python3.12/site-packages/ament_copyright/licenses.py to licenses.cpython-312.pyc
byte-compiling /workspace/jazzy_ws/install/lib/python3.12/site-packages/ament_copyright/pytest_marker.py to pytest_marker.cpython-312.pyc
byte-compiling /workspace/jazzy_ws/install/lib/python3.12/site-packages/ament_copyright/main.py to main.cpython-312.pyc
byte-compiling /workspace/jazzy_ws/install/lib/python3.12/site-packages/ament_copyright/__init__.py to __init__.cpython-312.pyc
byte-compiling /workspace/jazzy_ws/install/lib/python3.12/site-packages/ament_copyright/copyright_names.py to copyright_names.cpython-312.pyc
byte-compiling /workspace/jazzy_ws/install/lib/python3.12/site-packages/ament_copyright/crawler.py to crawler.cpython-312.pyc
byte-compiling /workspace/jazzy_ws/install/lib/python3.12/site-packages/ament_copyright/parser.py to parser.cpython-312.pyc
running install_data
copying package.xml -> /workspace/jazzy_ws/install/share/ament_copyright
copying resource/ament_copyright -> /workspace/jazzy_ws/install/share/ament_index/resource_index/packages
running install_egg_info
Copying ../../../build/ament_copyright/ament_copyright.egg-info to /workspace/jazzy_ws/install/lib/python3.12/site-packages/ament_copyright-0.17.4-py3.12.egg-info
running install_scripts
Installing ament_copyright script to /workspace/jazzy_ws/install/bin
writing list of installed files to '/workspace/jazzy_ws/build/ament_copyright/install.log'
